2026-07-10 05:33:56 | Logging started: ./writer/Subject_dependent_AAD/KUL/0.1s/result//Train0.1s_sub4.log
2026-07-10 05:34:01 | Sub_id: 4
2026-07-10 05:34:16 | TestSub: S4 | Epoch  1/100 Finsh | Now_lr 0.0005/0.0005 | Train Loss 0.4728 | Valid Loss 0.2978 | Train Acc 77.1879 | Valid Acc 89.0988
2026-07-10 05:34:16 | Validation loss decreased (inf --> 0.297836) in epoch (1). Saving model ...
2026-07-10 05:34:27 | TestSub: S4 | Epoch  2/100 Finsh | Now_lr 0.0005/0.0005 | Train Loss 0.3523 | Valid Loss 0.2596 | Train Acc 84.9582 | Valid Acc 90.1526
2026-07-10 05:34:27 | Validation loss decreased (0.297836 --> 0.259648) in epoch (2). Saving model ...
2026-07-10 05:34:38 | TestSub: S4 | Epoch  3/100 Finsh | Now_lr 0.0005/0.0005 | Train Loss 0.3313 | Valid Loss 0.2420 | Train Acc 86.0199 | Valid Acc 91.1701
2026-07-10 05:34:38 | Validation loss decreased (0.259648 --> 0.242017) in epoch (3). Saving model ...
2026-07-10 05:34:48 | TestSub: S4 | Epoch  4/100 Finsh | Now_lr 0.0005/0.0005 | Train Loss 0.3201 | Valid Loss 0.2329 | Train Acc 86.4161 | Valid Acc 91.9695
2026-07-10 05:34:48 | Validation loss decreased (0.242017 --> 0.232910) in epoch (4). Saving model ...
2026-07-10 05:34:59 | TestSub: S4 | Epoch  5/100 Finsh | Now_lr 0.0005/0.0005 | Train Loss 0.3074 | Valid Loss 0.2233 | Train Acc 86.9731 | Valid Acc 91.9695
2026-07-10 05:34:59 | Validation loss decreased (0.232910 --> 0.223329) in epoch (5). Saving model ...
2026-07-10 05:35:10 | TestSub: S4 | Epoch  6/100 Finsh | Now_lr 0.0005/0.0005 | Train Loss 0.3002 | Valid Loss 0.2111 | Train Acc 87.4759 | Valid Acc 92.3328
2026-07-10 05:35:10 | Validation loss decreased (0.223329 --> 0.211112) in epoch (6). Saving model ...
2026-07-10 05:35:21 | TestSub: S4 | Epoch  7/100 Finsh | Now_lr 0.0005/0.0005 | Train Loss 0.2964 | Valid Loss 0.2138 | Train Acc 87.4819 | Valid Acc 92.4964
2026-07-10 05:35:31 | TestSub: S4 | Epoch  8/100 Finsh | Now_lr 0.0005/0.0005 | Train Loss 0.2866 | Valid Loss 0.2002 | Train Acc 88.0550 | Valid Acc 92.4419
2026-07-10 05:35:31 | Validation loss decreased (0.211112 --> 0.200247) in epoch (8). Saving model ...
2026-07-10 05:35:44 | TestSub: S4 | Epoch  9/100 Finsh | Now_lr 0.0005/0.0005 | Train Loss 0.2806 | Valid Loss 0.1967 | Train Acc 88.2762 | Valid Acc 92.9688
2026-07-10 05:35:44 | Validation loss decreased (0.200247 --> 0.196669) in epoch (9). Saving model ...
2026-07-10 05:35:56 | TestSub: S4 | Epoch 10/100 Finsh | Now_lr 0.0005/0.0005 | Train Loss 0.2773 | Valid Loss 0.1959 | Train Acc 88.3989 | Valid Acc 92.7507
2026-07-10 05:35:56 | Validation loss decreased (0.196669 --> 0.195890) in epoch (10). Saving model ...
2026-07-10 05:36:07 | TestSub: S4 | Epoch 11/100 Finsh | Now_lr 0.0005/0.0005 | Train Loss 0.2765 | Valid Loss 0.1845 | Train Acc 88.4673 | Valid Acc 93.1504
2026-07-10 05:36:07 | Validation loss decreased (0.195890 --> 0.184457) in epoch (11). Saving model ...
2026-07-10 05:36:18 | TestSub: S4 | Epoch 12/100 Finsh | Now_lr 0.0005/0.0005 | Train Loss 0.2719 | Valid Loss 0.1823 | Train Acc 88.6402 | Valid Acc 93.7863
2026-07-10 05:36:18 | Validation loss decreased (0.184457 --> 0.182281) in epoch (12). Saving model ...
2026-07-10 05:36:30 | TestSub: S4 | Epoch 13/100 Finsh | Now_lr 0.0005/0.0005 | Train Loss 0.2689 | Valid Loss 0.1774 | Train Acc 88.8031 | Valid Acc 94.1134
2026-07-10 05:36:30 | Validation loss decreased (0.182281 --> 0.177382) in epoch (13). Saving model ...
2026-07-10 05:36:41 | TestSub: S4 | Epoch 14/100 Finsh | Now_lr 0.0005/0.0005 | Train Loss 0.2657 | Valid Loss 0.1708 | Train Acc 88.8775 | Valid Acc 94.2042
2026-07-10 05:36:41 | Validation loss decreased (0.177382 --> 0.170818) in epoch (14). Saving model ...
2026-07-10 05:36:53 | TestSub: S4 | Epoch 15/100 Finsh | Now_lr 0.0005/0.0005 | Train Loss 0.2610 | Valid Loss 0.1678 | Train Acc 89.1610 | Valid Acc 94.3132
2026-07-10 05:36:53 | Validation loss decreased (0.170818 --> 0.167753) in epoch (15). Saving model ...
2026-07-10 05:37:03 | TestSub: S4 | Epoch 16/100 Finsh | Now_lr 0.0005/0.0005 | Train Loss 0.2593 | Valid Loss 0.1673 | Train Acc 89.1309 | Valid Acc 94.1134
2026-07-10 05:37:03 | Validation loss decreased (0.167753 --> 0.167301) in epoch (16). Saving model ...
2026-07-10 05:37:14 | TestSub: S4 | Epoch 17/100 Finsh | Now_lr 0.0005/0.0005 | Train Loss 0.2560 | Valid Loss 0.1660 | Train Acc 89.3320 | Valid Acc 94.1134
2026-07-10 05:37:14 | Validation loss decreased (0.167301 --> 0.166001) in epoch (17). Saving model ...
2026-07-10 05:37:25 | TestSub: S4 | Epoch 18/100 Finsh | Now_lr 0.0005/0.0005 | Train Loss 0.2533 | Valid Loss 0.1626 | Train Acc 89.4667 | Valid Acc 94.2769
2026-07-10 05:37:25 | Validation loss decreased (0.166001 --> 0.162583) in epoch (18). Saving model ...
2026-07-10 05:37:36 | TestSub: S4 | Epoch 19/100 Finsh | Now_lr 0.0005/0.0005 | Train Loss 0.2516 | Valid Loss 0.1601 | Train Acc 89.4265 | Valid Acc 94.3314
2026-07-10 05:37:36 | Validation loss decreased (0.162583 --> 0.160097) in epoch (19). Saving model ...
2026-07-10 05:37:46 | TestSub: S4 | Epoch 20/100 Finsh | Now_lr 0.0005/0.0005 | Train Loss 0.2510 | Valid Loss 0.1545 | Train Acc 89.5411 | Valid Acc 94.7493
2026-07-10 05:37:46 | Validation loss decreased (0.160097 --> 0.154542) in epoch (20). Saving model ...
2026-07-10 05:37:57 | TestSub: S4 | Epoch 21/100 Finsh | Now_lr 0.0005/0.0005 | Train Loss 0.2504 | Valid Loss 0.1535 | Train Acc 89.5853 | Valid Acc 94.7311
2026-07-10 05:37:57 | Validation loss decreased (0.154542 --> 0.153493) in epoch (21). Saving model ...
2026-07-10 05:38:08 | TestSub: S4 | Epoch 22/100 Finsh | Now_lr 0.0005/0.0005 | Train Loss 0.2482 | Valid Loss 0.1556 | Train Acc 89.6799 | Valid Acc 94.7311
2026-07-10 05:38:18 | TestSub: S4 | Epoch 23/100 Finsh | Now_lr 0.0005/0.0005 | Train Loss 0.2449 | Valid Loss 0.1533 | Train Acc 89.7281 | Valid Acc 94.7129
2026-07-10 05:38:18 | Validation loss decreased (0.153493 --> 0.153339) in epoch (23). Saving model ...
2026-07-10 05:38:29 | TestSub: S4 | Epoch 24/100 Finsh | Now_lr 0.0005/0.0005 | Train Loss 0.2448 | Valid Loss 0.1518 | Train Acc 89.7623 | Valid Acc 94.8038
2026-07-10 05:38:29 | Validation loss decreased (0.153339 --> 0.151803) in epoch (24). Saving model ...
2026-07-10 05:38:40 | TestSub: S4 | Epoch 25/100 Finsh | Now_lr 0.0005/0.0005 | Train Loss 0.2417 | Valid Loss 0.1471 | Train Acc 89.8950 | Valid Acc 95.0400
2026-07-10 05:38:40 | Validation loss decreased (0.151803 --> 0.147136) in epoch (25). Saving model ...
2026-07-10 05:38:50 | TestSub: S4 | Epoch 26/100 Finsh | Now_lr 0.0005/0.0005 | Train Loss 0.2459 | Valid Loss 0.1475 | Train Acc 89.7120 | Valid Acc 94.6766
2026-07-10 05:39:01 | TestSub: S4 | Epoch 27/100 Finsh | Now_lr 0.0005/0.0005 | Train Loss 0.2350 | Valid Loss 0.1461 | Train Acc 90.2570 | Valid Acc 94.9673
2026-07-10 05:39:01 | Validation loss decreased (0.147136 --> 0.146055) in epoch (27). Saving model ...
2026-07-10 05:39:11 | TestSub: S4 | Epoch 28/100 Finsh | Now_lr 0.0005/0.0005 | Train Loss 0.2408 | Valid Loss 0.1491 | Train Acc 89.9815 | Valid Acc 94.6221
2026-07-10 05:39:22 | TestSub: S4 | Epoch 29/100 Finsh | Now_lr 0.0005/0.0005 | Train Loss 0.2404 | Valid Loss 0.1471 | Train Acc 89.9795 | Valid Acc 94.7493
2026-07-10 05:39:33 | TestSub: S4 | Epoch 30/100 Finsh | Now_lr 0.0005/0.0005 | Train Loss 0.2387 | Valid Loss 0.1444 | Train Acc 90.0941 | Valid Acc 94.7856
2026-07-10 05:39:33 | Validation loss decreased (0.146055 --> 0.144351) in epoch (30). Saving model ...
2026-07-10 05:39:44 | TestSub: S4 | Epoch 31/100 Finsh | Now_lr 0.0005/0.0005 | Train Loss 0.2366 | Valid Loss 0.1438 | Train Acc 90.1323 | Valid Acc 95.0945
2026-07-10 05:39:44 | Validation loss decreased (0.144351 --> 0.143842) in epoch (31). Saving model ...
2026-07-10 05:39:54 | TestSub: S4 | Epoch 32/100 Finsh | Now_lr 0.0005/0.0005 | Train Loss 0.2326 | Valid Loss 0.1429 | Train Acc 90.2650 | Valid Acc 95.2035
2026-07-10 05:39:54 | Validation loss decreased (0.143842 --> 0.142950) in epoch (32). Saving model ...
2026-07-10 05:40:05 | TestSub: S4 | Epoch 33/100 Finsh | Now_lr 0.0005/0.0005 | Train Loss 0.2382 | Valid Loss 0.1444 | Train Acc 90.0479 | Valid Acc 95.1490
2026-07-10 05:40:16 | TestSub: S4 | Epoch 34/100 Finsh | Now_lr 0.0005/0.0005 | Train Loss 0.2342 | Valid Loss 0.1432 | Train Acc 90.2711 | Valid Acc 95.0036
2026-07-10 05:40:26 | TestSub: S4 | Epoch 35/100 Finsh | Now_lr 0.0005/0.0005 | Train Loss 0.2334 | Valid Loss 0.1397 | Train Acc 90.3032 | Valid Acc 95.0945
2026-07-10 05:40:27 | Validation loss decreased (0.142950 --> 0.139655) in epoch (35). Saving model ...
2026-07-10 05:40:37 | TestSub: S4 | Epoch 36/100 Finsh | Now_lr 0.0005/0.0005 | Train Loss 0.2369 | Valid Loss 0.1451 | Train Acc 90.1303 | Valid Acc 94.8038
2026-07-10 05:40:48 | TestSub: S4 | Epoch 37/100 Finsh | Now_lr 0.0005/0.0005 | Train Loss 0.2337 | Valid Loss 0.1391 | Train Acc 90.3616 | Valid Acc 95.1853
2026-07-10 05:40:48 | Validation loss decreased (0.139655 --> 0.139084) in epoch (37). Saving model ...
2026-07-10 05:40:58 | TestSub: S4 | Epoch 38/100 Finsh | Now_lr 0.0005/0.0005 | Train Loss 0.2334 | Valid Loss 0.1385 | Train Acc 90.2691 | Valid Acc 95.3307
2026-07-10 05:40:58 | Validation loss decreased (0.139084 --> 0.138518) in epoch (38). Saving model ...
2026-07-10 05:41:09 | TestSub: S4 | Epoch 39/100 Finsh | Now_lr 0.0005/0.0005 | Train Loss 0.2337 | Valid Loss 0.1427 | Train Acc 90.2711 | Valid Acc 94.9491
2026-07-10 05:41:20 | TestSub: S4 | Epoch 40/100 Finsh | Now_lr 0.0005/0.0005 | Train Loss 0.2328 | Valid Loss 0.1349 | Train Acc 90.3314 | Valid Acc 95.3670
2026-07-10 05:41:20 | Validation loss decreased (0.138518 --> 0.134928) in epoch (40). Saving model ...
2026-07-10 05:41:31 | TestSub: S4 | Epoch 41/100 Finsh | Now_lr 0.0005/0.0005 | Train Loss 0.2350 | Valid Loss 0.1383 | Train Acc 90.2590 | Valid Acc 95.3488
2026-07-10 05:41:42 | TestSub: S4 | Epoch 42/100 Finsh | Now_lr 0.0005/0.0005 | Train Loss 0.2314 | Valid Loss 0.1376 | Train Acc 90.2228 | Valid Acc 95.1490
2026-07-10 05:41:54 | TestSub: S4 | Epoch 43/100 Finsh | Now_lr 0.0005/0.0005 | Train Loss 0.2308 | Valid Loss 0.1349 | Train Acc 90.4340 | Valid Acc 95.6214
2026-07-10 05:41:54 | Validation loss decreased (0.134928 --> 0.134913) in epoch (43). Saving model ...
2026-07-10 05:42:04 | TestSub: S4 | Epoch 44/100 Finsh | Now_lr 0.0005/0.0005 | Train Loss 0.2237 | Valid Loss 0.1338 | Train Acc 90.7497 | Valid Acc 95.2762
2026-07-10 05:42:04 | Validation loss decreased (0.134913 --> 0.133788) in epoch (44). Saving model ...
2026-07-10 05:42:17 | TestSub: S4 | Epoch 45/100 Finsh | Now_lr 0.0005/0.0005 | Train Loss 0.2293 | Valid Loss 0.1352 | Train Acc 90.4681 | Valid Acc 95.4215
2026-07-10 05:42:29 | TestSub: S4 | Epoch 46/100 Finsh | Now_lr 0.0005/0.0005 | Train Loss 0.2273 | Valid Loss 0.1349 | Train Acc 90.5023 | Valid Acc 95.4033
2026-07-10 05:42:39 | TestSub: S4 | Epoch 47/100 Finsh | Now_lr 0.0005/0.0005 | Train Loss 0.2250 | Valid Loss 0.1367 | Train Acc 90.5808 | Valid Acc 95.0218
2026-07-10 05:42:50 | TestSub: S4 | Epoch 48/100 Finsh | Now_lr 0.0005/0.0005 | Train Loss 0.2257 | Valid Loss 0.1341 | Train Acc 90.6029 | Valid Acc 95.2762
2026-07-10 05:43:01 | TestSub: S4 | Epoch 49/100 Finsh | Now_lr 0.0005/0.0005 | Train Loss 0.2310 | Valid Loss 0.1323 | Train Acc 90.3032 | Valid Acc 95.4215
2026-07-10 05:43:01 | Validation loss decreased (0.133788 --> 0.132339) in epoch (49). Saving model ...
2026-07-10 05:43:12 | TestSub: S4 | Epoch 50/100 Finsh | Now_lr 0.0005/0.0005 | Train Loss 0.2280 | Valid Loss 0.1339 | Train Acc 90.6250 | Valid Acc 95.6032
2026-07-10 05:43:22 | TestSub: S4 | Epoch 51/100 Finsh | Now_lr 0.0005/0.0005 | Train Loss 0.2259 | Valid Loss 0.1329 | Train Acc 90.7738 | Valid Acc 95.5124
2026-07-10 05:43:33 | TestSub: S4 | Epoch 52/100 Finsh | Now_lr 0.0005/0.0005 | Train Loss 0.2265 | Valid Loss 0.1316 | Train Acc 90.5627 | Valid Acc 95.7122
2026-07-10 05:43:33 | Validation loss decreased (0.132339 --> 0.131591) in epoch (52). Saving model ...
2026-07-10 05:43:45 | TestSub: S4 | Epoch 53/100 Finsh | Now_lr 0.0005/0.0005 | Train Loss 0.2260 | Valid Loss 0.1320 | Train Acc 90.6592 | Valid Acc 95.7304
2026-07-10 05:43:56 | TestSub: S4 | Epoch 54/100 Finsh | Now_lr 0.0005/0.0005 | Train Loss 0.2229 | Valid Loss 0.1310 | Train Acc 90.8241 | Valid Acc 95.7485
2026-07-10 05:43:56 | Validation loss decreased (0.131591 --> 0.130976) in epoch (54). Saving model ...
2026-07-10 05:44:07 | TestSub: S4 | Epoch 55/100 Finsh | Now_lr 0.0005/0.0005 | Train Loss 0.2229 | Valid Loss 0.1354 | Train Acc 90.7054 | Valid Acc 95.4760
2026-07-10 05:44:17 | TestSub: S4 | Epoch 56/100 Finsh | Now_lr 0.0005/0.0005 | Train Loss 0.2220 | Valid Loss 0.1314 | Train Acc 90.7979 | Valid Acc 95.4397
2026-07-10 05:44:28 | TestSub: S4 | Epoch 57/100 Finsh | Now_lr 0.0005/0.0005 | Train Loss 0.2231 | Valid Loss 0.1316 | Train Acc 90.6330 | Valid Acc 95.4215
2026-07-10 05:44:39 | TestSub: S4 | Epoch 58/100 Finsh | Now_lr 0.0005/0.0005 | Train Loss 0.2195 | Valid Loss 0.1311 | Train Acc 90.9468 | Valid Acc 95.3670
2026-07-10 05:44:49 | TestSub: S4 | Epoch 59/100 Finsh | Now_lr 0.0005/0.0005 | Train Loss 0.2228 | Valid Loss 0.1278 | Train Acc 90.7436 | Valid Acc 95.3670
2026-07-10 05:44:49 | Validation loss decreased (0.130976 --> 0.127846) in epoch (59). Saving model ...
2026-07-10 05:45:00 | TestSub: S4 | Epoch 60/100 Finsh | Now_lr 0.0005/0.0005 | Train Loss 0.2221 | Valid Loss 0.1288 | Train Acc 90.7054 | Valid Acc 95.4215
2026-07-10 05:45:11 | TestSub: S4 | Epoch 61/100 Finsh | Now_lr 0.0005/0.0005 | Train Loss 0.2207 | Valid Loss 0.1299 | Train Acc 90.8784 | Valid Acc 95.7122
2026-07-10 05:45:21 | TestSub: S4 | Epoch 62/100 Finsh | Now_lr 0.0005/0.0005 | Train Loss 0.2226 | Valid Loss 0.1312 | Train Acc 90.6451 | Valid Acc 95.5305
2026-07-10 05:45:32 | TestSub: S4 | Epoch 63/100 Finsh | Now_lr 0.0005/0.0005 | Train Loss 0.2216 | Valid Loss 0.1268 | Train Acc 90.7899 | Valid Acc 95.5669
2026-07-10 05:45:32 | Validation loss decreased (0.127846 --> 0.126826) in epoch (63). Saving model ...
2026-07-10 05:45:42 | TestSub: S4 | Epoch 64/100 Finsh | Now_lr 0.0005/0.0005 | Train Loss 0.2203 | Valid Loss 0.1298 | Train Acc 90.8361 | Valid Acc 95.3307
2026-07-10 05:45:54 | TestSub: S4 | Epoch 65/100 Finsh | Now_lr 0.0005/0.0005 | Train Loss 0.2205 | Valid Loss 0.1333 | Train Acc 90.7597 | Valid Acc 95.4215
2026-07-10 05:46:05 | TestSub: S4 | Epoch 66/100 Finsh | Now_lr 0.0005/0.0005 | Train Loss 0.2188 | Valid Loss 0.1250 | Train Acc 91.0312 | Valid Acc 95.6577
2026-07-10 05:46:05 | Validation loss decreased (0.126826 --> 0.124961) in epoch (66). Saving model ...
2026-07-10 05:46:17 | TestSub: S4 | Epoch 67/100 Finsh | Now_lr 0.0005/0.0005 | Train Loss 0.2168 | Valid Loss 0.1262 | Train Acc 90.9648 | Valid Acc 95.7304
2026-07-10 05:46:27 | TestSub: S4 | Epoch 68/100 Finsh | Now_lr 0.0005/0.0005 | Train Loss 0.2185 | Valid Loss 0.1304 | Train Acc 91.0111 | Valid Acc 95.6577
2026-07-10 05:46:38 | TestSub: S4 | Epoch 69/100 Finsh | Now_lr 0.0005/0.0005 | Train Loss 0.2160 | Valid Loss 0.1229 | Train Acc 91.0413 | Valid Acc 95.7667
2026-07-10 05:46:38 | Validation loss decreased (0.124961 --> 0.122904) in epoch (69). Saving model ...
2026-07-10 05:46:48 | TestSub: S4 | Epoch 70/100 Finsh | Now_lr 0.0005/0.0005 | Train Loss 0.2189 | Valid Loss 0.1258 | Train Acc 90.9528 | Valid Acc 95.8212
2026-07-10 05:46:59 | TestSub: S4 | Epoch 71/100 Finsh | Now_lr 0.0005/0.0005 | Train Loss 0.2167 | Valid Loss 0.1244 | Train Acc 90.9447 | Valid Acc 95.6759
2026-07-10 05:47:10 | TestSub: S4 | Epoch 72/100 Finsh | Now_lr 0.0005/0.0005 | Train Loss 0.2173 | Valid Loss 0.1211 | Train Acc 91.0071 | Valid Acc 95.8212
2026-07-10 05:47:10 | Validation loss decreased (0.122904 --> 0.121147) in epoch (72). Saving model ...
2026-07-10 05:47:20 | TestSub: S4 | Epoch 73/100 Finsh | Now_lr 0.0005/0.0005 | Train Loss 0.2151 | Valid Loss 0.1256 | Train Acc 91.0875 | Valid Acc 95.7849
2026-07-10 05:47:31 | TestSub: S4 | Epoch 74/100 Finsh | Now_lr 0.0005/0.0005 | Train Loss 0.2170 | Valid Loss 0.1241 | Train Acc 90.8422 | Valid Acc 95.7667
2026-07-10 05:47:43 | TestSub: S4 | Epoch 75/100 Finsh | Now_lr 0.0005/0.0005 | Train Loss 0.2161 | Valid Loss 0.1224 | Train Acc 90.9850 | Valid Acc 95.8576
2026-07-10 05:47:54 | TestSub: S4 | Epoch 76/100 Finsh | Now_lr 0.0005/0.0005 | Train Loss 0.2157 | Valid Loss 0.1228 | Train Acc 91.1941 | Valid Acc 95.7122
2026-07-10 05:48:04 | TestSub: S4 | Epoch 77/100 Finsh | Now_lr 0.0005/0.0005 | Train Loss 0.2132 | Valid Loss 0.1202 | Train Acc 91.2403 | Valid Acc 95.6395
2026-07-10 05:48:04 | Validation loss decreased (0.121147 --> 0.120241) in epoch (77). Saving model ...
2026-07-10 05:48:16 | TestSub: S4 | Epoch 78/100 Finsh | Now_lr 0.0005/0.0005 | Train Loss 0.2154 | Valid Loss 0.1226 | Train Acc 91.0473 | Valid Acc 95.5850
2026-07-10 05:48:27 | TestSub: S4 | Epoch 79/100 Finsh | Now_lr 0.0005/0.0005 | Train Loss 0.2110 | Valid Loss 0.1248 | Train Acc 91.2383 | Valid Acc 95.6577
2026-07-10 05:48:37 | TestSub: S4 | Epoch 80/100 Finsh | Now_lr 0.0005/0.0005 | Train Loss 0.2144 | Valid Loss 0.1204 | Train Acc 91.1056 | Valid Acc 95.9121
2026-07-10 05:48:48 | TestSub: S4 | Epoch 81/100 Finsh | Now_lr 0.0005/0.0005 | Train Loss 0.2096 | Valid Loss 0.1266 | Train Acc 91.2886 | Valid Acc 95.3488
2026-07-10 05:48:59 | TestSub: S4 | Epoch 82/100 Finsh | Now_lr 0.0005/0.0005 | Train Loss 0.2107 | Valid Loss 0.1218 | Train Acc 91.2182 | Valid Acc 95.7122
2026-07-10 05:49:09 | TestSub: S4 | Epoch 83/100 Finsh | Now_lr 0.0005/0.0005 | Train Loss 0.2115 | Valid Loss 0.1252 | Train Acc 91.2484 | Valid Acc 95.6214
2026-07-10 05:49:20 | TestSub: S4 | Epoch 84/100 Finsh | Now_lr 0.0005/0.0005 | Train Loss 0.2112 | Valid Loss 0.1165 | Train Acc 91.2866 | Valid Acc 95.9666
2026-07-10 05:49:20 | Validation loss decreased (0.120241 --> 0.116492) in epoch (84). Saving model ...
2026-07-10 05:49:31 | TestSub: S4 | Epoch 85/100 Finsh | Now_lr 0.0005/0.0005 | Train Loss 0.2087 | Valid Loss 0.1211 | Train Acc 91.3308 | Valid Acc 95.6759
2026-07-10 05:49:42 | TestSub: S4 | Epoch 86/100 Finsh | Now_lr 0.0005/0.0005 | Train Loss 0.2081 | Valid Loss 0.1169 | Train Acc 91.3771 | Valid Acc 95.9666
2026-07-10 05:49:53 | TestSub: S4 | Epoch 87/100 Finsh | Now_lr 0.0005/0.0005 | Train Loss 0.2101 | Valid Loss 0.1192 | Train Acc 91.3308 | Valid Acc 96.0211
2026-07-10 05:50:05 | TestSub: S4 | Epoch 88/100 Finsh | Now_lr 0.0005/0.0005 | Train Loss 0.2081 | Valid Loss 0.1169 | Train Acc 91.3509 | Valid Acc 95.8394
2026-07-10 05:50:18 | TestSub: S4 | Epoch 89/100 Finsh | Now_lr 0.0005/0.0005 | Train Loss 0.2114 | Valid Loss 0.1174 | Train Acc 91.2062 | Valid Acc 95.8576
2026-07-10 05:50:29 | TestSub: S4 | Epoch 90/100 Finsh | Now_lr 0.0005/0.0005 | Train Loss 0.2100 | Valid Loss 0.1216 | Train Acc 91.1800 | Valid Acc 95.6577
2026-07-10 05:50:42 | TestSub: S4 | Epoch 91/100 Finsh | Now_lr 0.0005/0.0005 | Train Loss 0.2114 | Valid Loss 0.1177 | Train Acc 91.2082 | Valid Acc 96.0029
2026-07-10 05:50:54 | TestSub: S4 | Epoch 92/100 Finsh | Now_lr 0.0005/0.0005 | Train Loss 0.2057 | Valid Loss 0.1198 | Train Acc 91.4233 | Valid Acc 95.5487
2026-07-10 05:51:06 | TestSub: S4 | Epoch 93/100 Finsh | Now_lr 0.0005/0.0005 | Train Loss 0.2133 | Valid Loss 0.1195 | Train Acc 91.3208 | Valid Acc 95.8576
2026-07-10 05:51:19 | TestSub: S4 | Epoch 94/100 Finsh | Now_lr 0.0005/0.0005 | Train Loss 0.2077 | Valid Loss 0.1190 | Train Acc 91.3107 | Valid Acc 95.9121
2026-07-10 05:51:29 | TestSub: S4 | Epoch 95/100 Finsh | Now_lr 0.0005/0.0005 | Train Loss 0.2052 | Valid Loss 0.1189 | Train Acc 91.5259 | Valid Acc 95.7849
2026-07-10 05:51:40 | TestSub: S4 | Epoch 96/100 Finsh | Now_lr 0.0005/0.0005 | Train Loss 0.2074 | Valid Loss 0.1162 | Train Acc 91.3992 | Valid Acc 96.1119
2026-07-10 05:51:40 | Validation loss decreased (0.116492 --> 0.116243) in epoch (96). Saving model ...
2026-07-10 05:51:51 | TestSub: S4 | Epoch 97/100 Finsh | Now_lr 0.0005/0.0005 | Train Loss 0.2088 | Valid Loss 0.1227 | Train Acc 91.4274 | Valid Acc 95.5850
2026-07-10 05:52:01 | TestSub: S4 | Epoch 98/100 Finsh | Now_lr 0.0005/0.0005 | Train Loss 0.2094 | Valid Loss 0.1179 | Train Acc 91.2926 | Valid Acc 95.9302
2026-07-10 05:52:12 | TestSub: S4 | Epoch 99/100 Finsh | Now_lr 0.0005/0.0005 | Train Loss 0.2075 | Valid Loss 0.1169 | Train Acc 91.3932 | Valid Acc 95.9666
2026-07-10 05:52:23 | TestSub: S4 | Epoch 100/100 Finsh | Now_lr 0.0005/0.0005 | Train Loss 0.2071 | Valid Loss 0.1202 | Train Acc 91.3550 | Valid Acc 95.7667
2026-07-10 05:52:23 | --------------------------------------------------
2026-07-10 05:52:23 | Test_Subject :S4 | Best epoch:96 | Test Loss:0.3855 | Savemodel Acc 85.5469
2026-07-10 05:52:23 | --------------------------------------------------
2026-07-10 05:52:23 | Best epoch: 96 | Test acc: 85.5469
cc 95.7485
2026-07-10 05:48:15 | --------------------------------------------------
2026-07-10 05:48:15 | Test_Subject :S4 | Best epoch:96 | Test Loss:0.3737 | Savemodel Acc 85.8236
2026-07-10 05:48:15 | --------------------------------------------------
2026-07-10 05:48:15 | Best epoch: 96 | Test acc: 85.8236
