2026-07-10 01:35:00 | Logging started: ./writer/Subject_dependent_AAD/KUL/0.1s/result//Train0.1s_sub10.log
2026-07-10 01:35:06 | Sub_id: 10
2026-07-10 01:35:20 | TestSub: S10 | Epoch  1/100 Finsh | Now_lr 0.0005/0.0005 | Train Loss 0.4945 | Valid Loss 0.3033 | Train Acc 75.5088 | Valid Acc 89.2624
2026-07-10 01:35:20 | Validation loss decreased (inf --> 0.303339) in epoch (1). Saving model ...
2026-07-10 01:35:31 | TestSub: S10 | Epoch  2/100 Finsh | Now_lr 0.0005/0.0005 | Train Loss 0.3475 | Valid Loss 0.2541 | Train Acc 84.8395 | Valid Acc 90.5705
2026-07-10 01:35:31 | Validation loss decreased (0.303339 --> 0.254130) in epoch (2). Saving model ...
2026-07-10 01:35:42 | TestSub: S10 | Epoch  3/100 Finsh | Now_lr 0.0005/0.0005 | Train Loss 0.3254 | Valid Loss 0.2458 | Train Acc 85.8772 | Valid Acc 90.4978
2026-07-10 01:35:42 | Validation loss decreased (0.254130 --> 0.245803) in epoch (3). Saving model ...
2026-07-10 01:35:53 | TestSub: S10 | Epoch  4/100 Finsh | Now_lr 0.0005/0.0005 | Train Loss 0.3100 | Valid Loss 0.2301 | Train Acc 86.5167 | Valid Acc 91.2246
2026-07-10 01:35:53 | Validation loss decreased (0.245803 --> 0.230074) in epoch (4). Saving model ...
2026-07-10 01:36:03 | TestSub: S10 | Epoch  5/100 Finsh | Now_lr 0.0005/0.0005 | Train Loss 0.3040 | Valid Loss 0.2227 | Train Acc 86.9973 | Valid Acc 91.6243
2026-07-10 01:36:03 | Validation loss decreased (0.230074 --> 0.222659) in epoch (5). Saving model ...
2026-07-10 01:36:14 | TestSub: S10 | Epoch  6/100 Finsh | Now_lr 0.0005/0.0005 | Train Loss 0.2996 | Valid Loss 0.2178 | Train Acc 87.0274 | Valid Acc 92.0967
2026-07-10 01:36:14 | Validation loss decreased (0.222659 --> 0.217829) in epoch (6). Saving model ...
2026-07-10 01:36:25 | TestSub: S10 | Epoch  7/100 Finsh | Now_lr 0.0005/0.0005 | Train Loss 0.2971 | Valid Loss 0.2173 | Train Acc 87.2185 | Valid Acc 91.8060
2026-07-10 01:36:25 | Validation loss decreased (0.217829 --> 0.217319) in epoch (7). Saving model ...
2026-07-10 01:36:36 | TestSub: S10 | Epoch  8/100 Finsh | Now_lr 0.0005/0.0005 | Train Loss 0.2947 | Valid Loss 0.2136 | Train Acc 87.5241 | Valid Acc 92.2602
2026-07-10 01:36:36 | Validation loss decreased (0.217319 --> 0.213612) in epoch (8). Saving model ...
2026-07-10 01:36:46 | TestSub: S10 | Epoch  9/100 Finsh | Now_lr 0.0005/0.0005 | Train Loss 0.2901 | Valid Loss 0.2114 | Train Acc 87.5744 | Valid Acc 92.0785
2026-07-10 01:36:46 | Validation loss decreased (0.213612 --> 0.211383) in epoch (9). Saving model ...
2026-07-10 01:36:57 | TestSub: S10 | Epoch 10/100 Finsh | Now_lr 0.0005/0.0005 | Train Loss 0.2928 | Valid Loss 0.2082 | Train Acc 87.4899 | Valid Acc 92.5327
2026-07-10 01:36:57 | Validation loss decreased (0.211383 --> 0.208224) in epoch (10). Saving model ...
2026-07-10 01:37:08 | TestSub: S10 | Epoch 11/100 Finsh | Now_lr 0.0005/0.0005 | Train Loss 0.2917 | Valid Loss 0.2075 | Train Acc 87.4316 | Valid Acc 92.6235
2026-07-10 01:37:08 | Validation loss decreased (0.208224 --> 0.207512) in epoch (11). Saving model ...
2026-07-10 01:37:18 | TestSub: S10 | Epoch 12/100 Finsh | Now_lr 0.0005/0.0005 | Train Loss 0.2879 | Valid Loss 0.2087 | Train Acc 87.8419 | Valid Acc 92.4600
2026-07-10 01:37:29 | TestSub: S10 | Epoch 13/100 Finsh | Now_lr 0.0005/0.0005 | Train Loss 0.2846 | Valid Loss 0.2089 | Train Acc 87.8238 | Valid Acc 92.1693
2026-07-10 01:37:40 | TestSub: S10 | Epoch 14/100 Finsh | Now_lr 0.0005/0.0005 | Train Loss 0.2822 | Valid Loss 0.2041 | Train Acc 87.9625 | Valid Acc 92.6235
2026-07-10 01:37:40 | Validation loss decreased (0.207512 --> 0.204116) in epoch (14). Saving model ...
2026-07-10 01:37:51 | TestSub: S10 | Epoch 15/100 Finsh | Now_lr 0.0005/0.0005 | Train Loss 0.2848 | Valid Loss 0.2056 | Train Acc 87.6931 | Valid Acc 92.4055
2026-07-10 01:38:01 | TestSub: S10 | Epoch 16/100 Finsh | Now_lr 0.0005/0.0005 | Train Loss 0.2868 | Valid Loss 0.1996 | Train Acc 87.6770 | Valid Acc 92.5872
2026-07-10 01:38:01 | Validation loss decreased (0.204116 --> 0.199644) in epoch (16). Saving model ...
2026-07-10 01:38:12 | TestSub: S10 | Epoch 17/100 Finsh | Now_lr 0.0005/0.0005 | Train Loss 0.2786 | Valid Loss 0.1988 | Train Acc 88.1636 | Valid Acc 92.8597
2026-07-10 01:38:12 | Validation loss decreased (0.199644 --> 0.198769) in epoch (17). Saving model ...
2026-07-10 01:38:23 | TestSub: S10 | Epoch 18/100 Finsh | Now_lr 0.0005/0.0005 | Train Loss 0.2764 | Valid Loss 0.1971 | Train Acc 88.1274 | Valid Acc 92.3328
2026-07-10 01:38:23 | Validation loss decreased (0.198769 --> 0.197123) in epoch (18). Saving model ...
2026-07-10 01:38:34 | TestSub: S10 | Epoch 19/100 Finsh | Now_lr 0.0005/0.0005 | Train Loss 0.2754 | Valid Loss 0.1921 | Train Acc 88.1495 | Valid Acc 93.2231
2026-07-10 01:38:34 | Validation loss decreased (0.197123 --> 0.192078) in epoch (19). Saving model ...
2026-07-10 01:38:45 | TestSub: S10 | Epoch 20/100 Finsh | Now_lr 0.0005/0.0005 | Train Loss 0.2714 | Valid Loss 0.1866 | Train Acc 88.4693 | Valid Acc 93.2958
2026-07-10 01:38:45 | Validation loss decreased (0.192078 --> 0.186595) in epoch (20). Saving model ...
2026-07-10 01:38:55 | TestSub: S10 | Epoch 21/100 Finsh | Now_lr 0.0005/0.0005 | Train Loss 0.2730 | Valid Loss 0.1835 | Train Acc 88.3185 | Valid Acc 93.4048
2026-07-10 01:38:55 | Validation loss decreased (0.186595 --> 0.183512) in epoch (21). Saving model ...
2026-07-10 01:39:06 | TestSub: S10 | Epoch 22/100 Finsh | Now_lr 0.0005/0.0005 | Train Loss 0.2654 | Valid Loss 0.1839 | Train Acc 88.8916 | Valid Acc 93.4775
2026-07-10 01:39:17 | TestSub: S10 | Epoch 23/100 Finsh | Now_lr 0.0005/0.0005 | Train Loss 0.2652 | Valid Loss 0.1807 | Train Acc 88.7025 | Valid Acc 93.6773
2026-07-10 01:39:17 | Validation loss decreased (0.183512 --> 0.180708) in epoch (23). Saving model ...
2026-07-10 01:39:27 | TestSub: S10 | Epoch 24/100 Finsh | Now_lr 0.0005/0.0005 | Train Loss 0.2653 | Valid Loss 0.1817 | Train Acc 88.5557 | Valid Acc 92.9869
2026-07-10 01:39:38 | TestSub: S10 | Epoch 25/100 Finsh | Now_lr 0.0005/0.0005 | Train Loss 0.2632 | Valid Loss 0.1774 | Train Acc 88.7810 | Valid Acc 93.4956
2026-07-10 01:39:38 | Validation loss decreased (0.180708 --> 0.177414) in epoch (25). Saving model ...
2026-07-10 01:39:49 | TestSub: S10 | Epoch 26/100 Finsh | Now_lr 0.0005/0.0005 | Train Loss 0.2621 | Valid Loss 0.1731 | Train Acc 88.6945 | Valid Acc 93.7863
2026-07-10 01:39:49 | Validation loss decreased (0.177414 --> 0.173089) in epoch (26). Saving model ...
2026-07-10 01:39:59 | TestSub: S10 | Epoch 27/100 Finsh | Now_lr 0.0005/0.0005 | Train Loss 0.2595 | Valid Loss 0.1759 | Train Acc 88.9378 | Valid Acc 93.4775
2026-07-10 01:40:10 | TestSub: S10 | Epoch 28/100 Finsh | Now_lr 0.0005/0.0005 | Train Loss 0.2588 | Valid Loss 0.1794 | Train Acc 89.1309 | Valid Acc 93.1868
2026-07-10 01:40:21 | TestSub: S10 | Epoch 29/100 Finsh | Now_lr 0.0005/0.0005 | Train Loss 0.2578 | Valid Loss 0.1710 | Train Acc 88.8493 | Valid Acc 93.6773
2026-07-10 01:40:21 | Validation loss decreased (0.173089 --> 0.170973) in epoch (29). Saving model ...
2026-07-10 01:40:31 | TestSub: S10 | Epoch 30/100 Finsh | Now_lr 0.0005/0.0005 | Train Loss 0.2577 | Valid Loss 0.1658 | Train Acc 88.9841 | Valid Acc 94.1134
2026-07-10 01:40:31 | Validation loss decreased (0.170973 --> 0.165840) in epoch (30). Saving model ...
2026-07-10 01:40:42 | TestSub: S10 | Epoch 31/100 Finsh | Now_lr 0.0005/0.0005 | Train Loss 0.2542 | Valid Loss 0.1658 | Train Acc 89.1429 | Valid Acc 94.2042
2026-07-10 01:40:42 | Validation loss decreased (0.165840 --> 0.165835) in epoch (31). Saving model ...
2026-07-10 01:40:53 | TestSub: S10 | Epoch 32/100 Finsh | Now_lr 0.0005/0.0005 | Train Loss 0.2552 | Valid Loss 0.1657 | Train Acc 88.9700 | Valid Acc 94.1315
2026-07-10 01:40:53 | Validation loss decreased (0.165835 --> 0.165678) in epoch (32). Saving model ...
2026-07-10 01:41:04 | TestSub: S10 | Epoch 33/100 Finsh | Now_lr 0.0005/0.0005 | Train Loss 0.2507 | Valid Loss 0.1647 | Train Acc 89.1992 | Valid Acc 94.0407
2026-07-10 01:41:04 | Validation loss decreased (0.165678 --> 0.164671) in epoch (33). Saving model ...
2026-07-10 01:41:15 | TestSub: S10 | Epoch 34/100 Finsh | Now_lr 0.0005/0.0005 | Train Loss 0.2496 | Valid Loss 0.1762 | Train Acc 89.3199 | Valid Acc 92.6962
2026-07-10 01:41:25 | TestSub: S10 | Epoch 35/100 Finsh | Now_lr 0.0005/0.0005 | Train Loss 0.2489 | Valid Loss 0.1591 | Train Acc 89.3098 | Valid Acc 94.1860
2026-07-10 01:41:25 | Validation loss decreased (0.164671 --> 0.159051) in epoch (35). Saving model ...
2026-07-10 01:41:36 | TestSub: S10 | Epoch 36/100 Finsh | Now_lr 0.0005/0.0005 | Train Loss 0.2462 | Valid Loss 0.1582 | Train Acc 89.4265 | Valid Acc 94.2224
2026-07-10 01:41:36 | Validation loss decreased (0.159051 --> 0.158153) in epoch (36). Saving model ...
2026-07-10 01:41:47 | TestSub: S10 | Epoch 37/100 Finsh | Now_lr 0.0005/0.0005 | Train Loss 0.2436 | Valid Loss 0.1569 | Train Acc 89.5894 | Valid Acc 94.3859
2026-07-10 01:41:47 | Validation loss decreased (0.158153 --> 0.156913) in epoch (37). Saving model ...
2026-07-10 01:41:57 | TestSub: S10 | Epoch 38/100 Finsh | Now_lr 0.0005/0.0005 | Train Loss 0.2459 | Valid Loss 0.1551 | Train Acc 89.5954 | Valid Acc 94.3859
2026-07-10 01:41:57 | Validation loss decreased (0.156913 --> 0.155052) in epoch (38). Saving model ...
2026-07-10 01:42:08 | TestSub: S10 | Epoch 39/100 Finsh | Now_lr 0.0005/0.0005 | Train Loss 0.2422 | Valid Loss 0.1611 | Train Acc 89.6577 | Valid Acc 94.0407
2026-07-10 01:42:19 | TestSub: S10 | Epoch 40/100 Finsh | Now_lr 0.0005/0.0005 | Train Loss 0.2435 | Valid Loss 0.1580 | Train Acc 89.6597 | Valid Acc 93.8227
2026-07-10 01:42:30 | TestSub: S10 | Epoch 41/100 Finsh | Now_lr 0.0005/0.0005 | Train Loss 0.2452 | Valid Loss 0.1548 | Train Acc 89.4587 | Valid Acc 94.4949
2026-07-10 01:42:30 | Validation loss decreased (0.155052 --> 0.154800) in epoch (41). Saving model ...
2026-07-10 01:42:40 | TestSub: S10 | Epoch 42/100 Finsh | Now_lr 0.0005/0.0005 | Train Loss 0.2406 | Valid Loss 0.1533 | Train Acc 89.8126 | Valid Acc 94.2224
2026-07-10 01:42:40 | Validation loss decreased (0.154800 --> 0.153321) in epoch (42). Saving model ...
2026-07-10 01:42:51 | TestSub: S10 | Epoch 43/100 Finsh | Now_lr 0.0005/0.0005 | Train Loss 0.2367 | Valid Loss 0.1481 | Train Acc 89.9252 | Valid Acc 94.9491
2026-07-10 01:42:51 | Validation loss decreased (0.153321 --> 0.148149) in epoch (43). Saving model ...
2026-07-10 01:43:02 | TestSub: S10 | Epoch 44/100 Finsh | Now_lr 0.0005/0.0005 | Train Loss 0.2390 | Valid Loss 0.1564 | Train Acc 89.6537 | Valid Acc 94.3314
2026-07-10 01:43:12 | TestSub: S10 | Epoch 45/100 Finsh | Now_lr 0.0005/0.0005 | Train Loss 0.2405 | Valid Loss 0.1525 | Train Acc 89.5491 | Valid Acc 94.6221
2026-07-10 01:43:23 | TestSub: S10 | Epoch 46/100 Finsh | Now_lr 0.0005/0.0005 | Train Loss 0.2326 | Valid Loss 0.1508 | Train Acc 89.9835 | Valid Acc 94.4404
2026-07-10 01:43:34 | TestSub: S10 | Epoch 47/100 Finsh | Now_lr 0.0005/0.0005 | Train Loss 0.2352 | Valid Loss 0.1528 | Train Acc 90.0438 | Valid Acc 94.5494
2026-07-10 01:43:45 | TestSub: S10 | Epoch 48/100 Finsh | Now_lr 0.0005/0.0005 | Train Loss 0.2323 | Valid Loss 0.1475 | Train Acc 90.1042 | Valid Acc 94.3859
2026-07-10 01:43:45 | Validation loss decreased (0.148149 --> 0.147545) in epoch (48). Saving model ...
2026-07-10 01:43:55 | TestSub: S10 | Epoch 49/100 Finsh | Now_lr 0.0005/0.0005 | Train Loss 0.2324 | Valid Loss 0.1420 | Train Acc 90.1424 | Valid Acc 94.8765
2026-07-10 01:43:55 | Validation loss decreased (0.147545 --> 0.141975) in epoch (49). Saving model ...
2026-07-10 01:44:06 | TestSub: S10 | Epoch 50/100 Finsh | Now_lr 0.0005/0.0005 | Train Loss 0.2302 | Valid Loss 0.1483 | Train Acc 90.1263 | Valid Acc 94.5312
2026-07-10 01:44:17 | TestSub: S10 | Epoch 51/100 Finsh | Now_lr 0.0005/0.0005 | Train Loss 0.2286 | Valid Loss 0.1420 | Train Acc 90.2550 | Valid Acc 95.0218
2026-07-10 01:44:27 | TestSub: S10 | Epoch 52/100 Finsh | Now_lr 0.0005/0.0005 | Train Loss 0.2310 | Valid Loss 0.1460 | Train Acc 90.2630 | Valid Acc 94.6766
2026-07-10 01:44:38 | TestSub: S10 | Epoch 53/100 Finsh | Now_lr 0.0005/0.0005 | Train Loss 0.2268 | Valid Loss 0.1465 | Train Acc 90.4621 | Valid Acc 93.9317
2026-07-10 01:44:49 | TestSub: S10 | Epoch 54/100 Finsh | Now_lr 0.0005/0.0005 | Train Loss 0.2269 | Valid Loss 0.1386 | Train Acc 90.3857 | Valid Acc 94.9855
2026-07-10 01:44:49 | Validation loss decreased (0.141975 --> 0.138611) in epoch (54). Saving model ...
2026-07-10 01:45:00 | TestSub: S10 | Epoch 55/100 Finsh | Now_lr 0.0005/0.0005 | Train Loss 0.2276 | Valid Loss 0.1392 | Train Acc 90.3294 | Valid Acc 94.6221
2026-07-10 01:45:10 | TestSub: S10 | Epoch 56/100 Finsh | Now_lr 0.0005/0.0005 | Train Loss 0.2250 | Valid Loss 0.1375 | Train Acc 90.4601 | Valid Acc 95.2035
2026-07-10 01:45:10 | Validation loss decreased (0.138611 --> 0.137481) in epoch (56). Saving model ...
2026-07-10 01:45:21 | TestSub: S10 | Epoch 57/100 Finsh | Now_lr 0.0005/0.0005 | Train Loss 0.2245 | Valid Loss 0.1417 | Train Acc 90.4319 | Valid Acc 94.4404
2026-07-10 01:45:32 | TestSub: S10 | Epoch 58/100 Finsh | Now_lr 0.0005/0.0005 | Train Loss 0.2257 | Valid Loss 0.1397 | Train Acc 90.2630 | Valid Acc 94.6766
2026-07-10 01:45:43 | TestSub: S10 | Epoch 59/100 Finsh | Now_lr 0.0005/0.0005 | Train Loss 0.2245 | Valid Loss 0.1410 | Train Acc 90.3314 | Valid Acc 94.4586
2026-07-10 01:45:53 | TestSub: S10 | Epoch 60/100 Finsh | Now_lr 0.0005/0.0005 | Train Loss 0.2234 | Valid Loss 0.1353 | Train Acc 90.5285 | Valid Acc 95.0581
2026-07-10 01:45:53 | Validation loss decreased (0.137481 --> 0.135280) in epoch (60). Saving model ...
2026-07-10 01:46:04 | TestSub: S10 | Epoch 61/100 Finsh | Now_lr 0.0005/0.0005 | Train Loss 0.2245 | Valid Loss 0.1389 | Train Acc 90.5727 | Valid Acc 94.8038
2026-07-10 01:46:15 | TestSub: S10 | Epoch 62/100 Finsh | Now_lr 0.0005/0.0005 | Train Loss 0.2238 | Valid Loss 0.1365 | Train Acc 90.5023 | Valid Acc 95.0036
2026-07-10 01:46:26 | TestSub: S10 | Epoch 63/100 Finsh | Now_lr 0.0005/0.0005 | Train Loss 0.2222 | Valid Loss 0.1366 | Train Acc 90.4722 | Valid Acc 95.2398
2026-07-10 01:46:36 | TestSub: S10 | Epoch 64/100 Finsh | Now_lr 0.0005/0.0005 | Train Loss 0.2220 | Valid Loss 0.1328 | Train Acc 90.6129 | Valid Acc 95.1853
2026-07-10 01:46:36 | Validation loss decreased (0.135280 --> 0.132760) in epoch (64). Saving model ...
2026-07-10 01:46:47 | TestSub: S10 | Epoch 65/100 Finsh | Now_lr 0.0005/0.0005 | Train Loss 0.2195 | Valid Loss 0.1336 | Train Acc 90.7095 | Valid Acc 94.9673
2026-07-10 01:46:58 | TestSub: S10 | Epoch 66/100 Finsh | Now_lr 0.0005/0.0005 | Train Loss 0.2206 | Valid Loss 0.1343 | Train Acc 90.6471 | Valid Acc 95.1126
2026-07-10 01:47:09 | TestSub: S10 | Epoch 67/100 Finsh | Now_lr 0.0005/0.0005 | Train Loss 0.2198 | Valid Loss 0.1351 | Train Acc 90.5948 | Valid Acc 94.9673
2026-07-10 01:47:19 | TestSub: S10 | Epoch 68/100 Finsh | Now_lr 0.0005/0.0005 | Train Loss 0.2167 | Valid Loss 0.1301 | Train Acc 90.8462 | Valid Acc 95.1308
2026-07-10 01:47:19 | Validation loss decreased (0.132760 --> 0.130077) in epoch (68). Saving model ...
2026-07-10 01:47:30 | TestSub: S10 | Epoch 69/100 Finsh | Now_lr 0.0005/0.0005 | Train Loss 0.2176 | Valid Loss 0.1336 | Train Acc 90.7336 | Valid Acc 95.0581
2026-07-10 01:47:41 | TestSub: S10 | Epoch 70/100 Finsh | Now_lr 0.0005/0.0005 | Train Loss 0.2165 | Valid Loss 0.1349 | Train Acc 90.8844 | Valid Acc 95.0581
2026-07-10 01:47:52 | TestSub: S10 | Epoch 71/100 Finsh | Now_lr 0.0005/0.0005 | Train Loss 0.2171 | Valid Loss 0.1337 | Train Acc 90.7819 | Valid Acc 95.0945
2026-07-10 01:48:02 | TestSub: S10 | Epoch 72/100 Finsh | Now_lr 0.0005/0.0005 | Train Loss 0.2172 | Valid Loss 0.1317 | Train Acc 90.8583 | Valid Acc 95.1126
2026-07-10 01:48:13 | TestSub: S10 | Epoch 73/100 Finsh | Now_lr 0.0005/0.0005 | Train Loss 0.2166 | Valid Loss 0.1315 | Train Acc 90.7255 | Valid Acc 95.3488
2026-07-10 01:48:24 | TestSub: S10 | Epoch 74/100 Finsh | Now_lr 0.0005/0.0005 | Train Loss 0.2172 | Valid Loss 0.1284 | Train Acc 90.8623 | Valid Acc 95.4397
2026-07-10 01:48:24 | Validation loss decreased (0.130077 --> 0.128367) in epoch (74). Saving model ...
2026-07-10 01:48:34 | TestSub: S10 | Epoch 75/100 Finsh | Now_lr 0.0005/0.0005 | Train Loss 0.2176 | Valid Loss 0.1339 | Train Acc 90.8522 | Valid Acc 94.9855
2026-07-10 01:48:45 | TestSub: S10 | Epoch 76/100 Finsh | Now_lr 0.0005/0.0005 | Train Loss 0.2151 | Valid Loss 0.1340 | Train Acc 90.8321 | Valid Acc 94.9673
2026-07-10 01:48:56 | TestSub: S10 | Epoch 77/100 Finsh | Now_lr 0.0005/0.0005 | Train Loss 0.2183 | Valid Loss 0.1312 | Train Acc 90.9266 | Valid Acc 95.2943
2026-07-10 01:49:07 | TestSub: S10 | Epoch 78/100 Finsh | Now_lr 0.0005/0.0005 | Train Loss 0.2169 | Valid Loss 0.1290 | Train Acc 90.9548 | Valid Acc 95.1853
2026-07-10 01:49:17 | TestSub: S10 | Epoch 79/100 Finsh | Now_lr 0.0005/0.0005 | Train Loss 0.2141 | Valid Loss 0.1296 | Train Acc 90.8160 | Valid Acc 95.2943
2026-07-10 01:49:28 | TestSub: S10 | Epoch 80/100 Finsh | Now_lr 0.0005/0.0005 | Train Loss 0.2139 | Valid Loss 0.1275 | Train Acc 91.0051 | Valid Acc 95.1853
2026-07-10 01:49:28 | Validation loss decreased (0.128367 --> 0.127511) in epoch (80). Saving model ...
2026-07-10 01:49:39 | TestSub: S10 | Epoch 81/100 Finsh | Now_lr 0.0005/0.0005 | Train Loss 0.2107 | Valid Loss 0.1299 | Train Acc 91.0574 | Valid Acc 95.2035
2026-07-10 01:49:50 | TestSub: S10 | Epoch 82/100 Finsh | Now_lr 0.0005/0.0005 | Train Loss 0.2115 | Valid Loss 0.1368 | Train Acc 91.0272 | Valid Acc 94.8219
2026-07-10 01:50:00 | TestSub: S10 | Epoch 83/100 Finsh | Now_lr 0.0005/0.0005 | Train Loss 0.2121 | Valid Loss 0.1279 | Train Acc 91.3248 | Valid Acc 95.2580
2026-07-10 01:50:11 | TestSub: S10 | Epoch 84/100 Finsh | Now_lr 0.0005/0.0005 | Train Loss 0.2140 | Valid Loss 0.1287 | Train Acc 90.8361 | Valid Acc 95.3488
2026-07-10 01:50:22 | TestSub: S10 | Epoch 85/100 Finsh | Now_lr 0.0005/0.0005 | Train Loss 0.2117 | Valid Loss 0.1252 | Train Acc 91.0714 | Valid Acc 95.2398
2026-07-10 01:50:22 | Validation loss decreased (0.127511 --> 0.125226) in epoch (85). Saving model ...
2026-07-10 01:50:32 | TestSub: S10 | Epoch 86/100 Finsh | Now_lr 0.0005/0.0005 | Train Loss 0.2156 | Valid Loss 0.1282 | Train Acc 90.8261 | Valid Acc 95.3852
2026-07-10 01:50:43 | TestSub: S10 | Epoch 87/100 Finsh | Now_lr 0.0005/0.0005 | Train Loss 0.2113 | Valid Loss 0.1297 | Train Acc 91.1358 | Valid Acc 95.2217
2026-07-10 01:50:54 | TestSub: S10 | Epoch 88/100 Finsh | Now_lr 0.0005/0.0005 | Train Loss 0.2104 | Valid Loss 0.1268 | Train Acc 91.1358 | Valid Acc 95.2943
2026-07-10 01:51:05 | TestSub: S10 | Epoch 89/100 Finsh | Now_lr 0.0005/0.0005 | Train Loss 0.2112 | Valid Loss 0.1273 | Train Acc 91.0010 | Valid Acc 95.4578
2026-07-10 01:51:15 | TestSub: S10 | Epoch 90/100 Finsh | Now_lr 0.0005/0.0005 | Train Loss 0.2088 | Valid Loss 0.1250 | Train Acc 91.1820 | Valid Acc 95.2217
2026-07-10 01:51:15 | Validation loss decreased (0.125226 --> 0.125035) in epoch (90). Saving model ...
2026-07-10 01:51:26 | TestSub: S10 | Epoch 91/100 Finsh | Now_lr 0.0005/0.0005 | Train Loss 0.2082 | Valid Loss 0.1307 | Train Acc 91.2001 | Valid Acc 95.0945
2026-07-10 01:51:37 | TestSub: S10 | Epoch 92/100 Finsh | Now_lr 0.0005/0.0005 | Train Loss 0.2097 | Valid Loss 0.1242 | Train Acc 91.1096 | Valid Acc 95.1308
2026-07-10 01:51:37 | Validation loss decreased (0.125035 --> 0.124218) in epoch (92). Saving model ...
2026-07-10 01:51:48 | TestSub: S10 | Epoch 93/100 Finsh | Now_lr 0.0005/0.0005 | Train Loss 0.2123 | Valid Loss 0.1254 | Train Acc 91.0694 | Valid Acc 95.3852
2026-07-10 01:51:58 | TestSub: S10 | Epoch 94/100 Finsh | Now_lr 0.0005/0.0005 | Train Loss 0.2097 | Valid Loss 0.1256 | Train Acc 91.2222 | Valid Acc 95.3125
2026-07-10 01:52:09 | TestSub: S10 | Epoch 95/100 Finsh | Now_lr 0.0005/0.0005 | Train Loss 0.2038 | Valid Loss 0.1246 | Train Acc 91.5460 | Valid Acc 95.4760
2026-07-10 01:52:20 | TestSub: S10 | Epoch 96/100 Finsh | Now_lr 0.0005/0.0005 | Train Loss 0.2100 | Valid Loss 0.1249 | Train Acc 91.0533 | Valid Acc 95.1672
2026-07-10 01:52:31 | TestSub: S10 | Epoch 97/100 Finsh | Now_lr 0.0005/0.0005 | Train Loss 0.2074 | Valid Loss 0.1264 | Train Acc 91.2162 | Valid Acc 95.3852
2026-07-10 01:52:41 | TestSub: S10 | Epoch 98/100 Finsh | Now_lr 0.0005/0.0005 | Train Loss 0.2146 | Valid Loss 0.1256 | Train Acc 91.1559 | Valid Acc 95.3670
2026-07-10 01:52:52 | TestSub: S10 | Epoch 99/100 Finsh | Now_lr 0.0005/0.0005 | Train Loss 0.2068 | Valid Loss 0.1263 | Train Acc 91.3107 | Valid Acc 95.4033
2026-07-10 01:53:03 | TestSub: S10 | Epoch 100/100 Finsh | Now_lr 0.0005/0.0005 | Train Loss 0.2044 | Valid Loss 0.1228 | Train Acc 91.4093 | Valid Acc 95.4760
2026-07-10 01:53:03 | Validation loss decreased (0.124218 --> 0.122819) in epoch (100). Saving model ...
2026-07-10 01:53:03 | --------------------------------------------------
2026-07-10 01:53:03 | Test_Subject :S10 | Best epoch:100 | Test Loss:0.3204 | Savemodel Acc 86.6536
2026-07-10 01:53:03 | --------------------------------------------------
2026-07-10 01:53:03 | Best epoch: 100 | Test acc: 86.6536
