2026-07-10 05:48:16 | Logging started: ./writer/Subject_dependent_AAD/KUL/0.1s/result//Train0.1s_sub5.log
2026-07-10 05:48:21 | Sub_id: 5
2026-07-10 05:48:36 | TestSub: S5 | Epoch  1/100 Finsh | Now_lr 0.0005/0.0005 | Train Loss 0.5067 | Valid Loss 0.3380 | Train Acc 74.5315 | Valid Acc 86.4462
2026-07-10 05:48:36 | Validation loss decreased (inf --> 0.337967) in epoch (1). Saving model ...
2026-07-10 05:48:46 | TestSub: S5 | Epoch  2/100 Finsh | Now_lr 0.0005/0.0005 | Train Loss 0.3760 | Valid Loss 0.3017 | Train Acc 83.4721 | Valid Acc 87.8634
2026-07-10 05:48:46 | Validation loss decreased (0.337967 --> 0.301672) in epoch (2). Saving model ...
2026-07-10 05:48:57 | TestSub: S5 | Epoch  3/100 Finsh | Now_lr 0.0005/0.0005 | Train Loss 0.3540 | Valid Loss 0.2881 | Train Acc 84.5922 | Valid Acc 88.8808
2026-07-10 05:48:57 | Validation loss decreased (0.301672 --> 0.288059) in epoch (3). Saving model ...
2026-07-10 05:49:07 | TestSub: S5 | Epoch  4/100 Finsh | Now_lr 0.0005/0.0005 | Train Loss 0.3387 | Valid Loss 0.2714 | Train Acc 85.2075 | Valid Acc 89.1715
2026-07-10 05:49:07 | Validation loss decreased (0.288059 --> 0.271443) in epoch (4). Saving model ...
2026-07-10 05:49:18 | TestSub: S5 | Epoch  5/100 Finsh | Now_lr 0.0005/0.0005 | Train Loss 0.3320 | Valid Loss 0.2571 | Train Acc 85.5051 | Valid Acc 90.1890
2026-07-10 05:49:18 | Validation loss decreased (0.271443 --> 0.257129) in epoch (5). Saving model ...
2026-07-10 05:49:29 | TestSub: S5 | Epoch  6/100 Finsh | Now_lr 0.0005/0.0005 | Train Loss 0.3169 | Valid Loss 0.2452 | Train Acc 86.3457 | Valid Acc 91.0974
2026-07-10 05:49:29 | Validation loss decreased (0.257129 --> 0.245201) in epoch (6). Saving model ...
2026-07-10 05:49:39 | TestSub: S5 | Epoch  7/100 Finsh | Now_lr 0.0005/0.0005 | Train Loss 0.3071 | Valid Loss 0.2288 | Train Acc 86.7419 | Valid Acc 91.1882
2026-07-10 05:49:39 | Validation loss decreased (0.245201 --> 0.228752) in epoch (7). Saving model ...
2026-07-10 05:49:50 | TestSub: S5 | Epoch  8/100 Finsh | Now_lr 0.0005/0.0005 | Train Loss 0.2963 | Valid Loss 0.2200 | Train Acc 87.3633 | Valid Acc 92.0422
2026-07-10 05:49:50 | Validation loss decreased (0.228752 --> 0.220007) in epoch (8). Saving model ...
2026-07-10 05:50:00 | TestSub: S5 | Epoch  9/100 Finsh | Now_lr 0.0005/0.0005 | Train Loss 0.2881 | Valid Loss 0.2103 | Train Acc 87.7011 | Valid Acc 92.3692
2026-07-10 05:50:00 | Validation loss decreased (0.220007 --> 0.210267) in epoch (9). Saving model ...
2026-07-10 05:50:11 | TestSub: S5 | Epoch 10/100 Finsh | Now_lr 0.0005/0.0005 | Train Loss 0.2800 | Valid Loss 0.2012 | Train Acc 87.8982 | Valid Acc 93.0596
2026-07-10 05:50:11 | Validation loss decreased (0.210267 --> 0.201200) in epoch (10). Saving model ...
2026-07-10 05:50:22 | TestSub: S5 | Epoch 11/100 Finsh | Now_lr 0.0005/0.0005 | Train Loss 0.2716 | Valid Loss 0.1966 | Train Acc 88.4371 | Valid Acc 92.9142
2026-07-10 05:50:22 | Validation loss decreased (0.201200 --> 0.196650) in epoch (11). Saving model ...
