2026-07-10 06:29:49 | Logging started: ./writer/Subject_dependent_AAD/KUL/0.1s/result//Train0.1s_sub7.log
2026-07-10 06:29:54 | Sub_id: 7
2026-07-10 06:30:09 | TestSub: S7 | Epoch  1/100 Finsh | Now_lr 0.0005/0.0005 | Train Loss 0.3036 | Valid Loss 0.1179 | Train Acc 87.7413 | Valid Acc 97.2202
2026-07-10 06:30:09 | Validation loss decreased (inf --> 0.117947) in epoch (1). Saving model ...
2026-07-10 06:30:20 | TestSub: S7 | Epoch  2/100 Finsh | Now_lr 0.0005/0.0005 | Train Loss 0.1606 | Valid Loss 0.0841 | Train Acc 94.4599 | Valid Acc 98.0741
2026-07-10 06:30:20 | Validation loss decreased (0.117947 --> 0.084138) in epoch (2). Saving model ...
2026-07-10 06:30:31 | TestSub: S7 | Epoch  3/100 Finsh | Now_lr 0.0005/0.0005 | Train Loss 0.1379 | Valid Loss 0.0728 | Train Acc 95.1798 | Valid Acc 98.0015
2026-07-10 06:30:31 | Validation loss decreased (0.084138 --> 0.072795) in epoch (3). Saving model ...
2026-07-10 06:30:41 | TestSub: S7 | Epoch  4/100 Finsh | Now_lr 0.0005/0.0005 | Train Loss 0.1279 | Valid Loss 0.0643 | Train Acc 95.4090 | Valid Acc 98.3648
2026-07-10 06:30:41 | Validation loss decreased (0.072795 --> 0.064341) in epoch (4). Saving model ...
2026-07-10 06:30:52 | TestSub: S7 | Epoch  5/100 Finsh | Now_lr 0.0005/0.0005 | Train Loss 0.1166 | Valid Loss 0.0584 | Train Acc 95.7549 | Valid Acc 98.3648
2026-07-10 06:30:52 | Validation loss decreased (0.064341 --> 0.058356) in epoch (5). Saving model ...
2026-07-10 06:31:03 | TestSub: S7 | Epoch  6/100 Finsh | Now_lr 0.0005/0.0005 | Train Loss 0.1102 | Valid Loss 0.0498 | Train Acc 96.0264 | Valid Acc 98.6010
2026-07-10 06:31:03 | Validation loss decreased (0.058356 --> 0.049833) in epoch (6). Saving model ...
2026-07-10 06:31:15 | TestSub: S7 | Epoch  7/100 Finsh | Now_lr 0.0005/0.0005 | Train Loss 0.1045 | Valid Loss 0.0448 | Train Acc 96.2436 | Valid Acc 98.8554
2026-07-10 06:31:15 | Validation loss decreased (0.049833 --> 0.044803) in epoch (7). Saving model ...
2026-07-10 06:31:27 | TestSub: S7 | Epoch  8/100 Finsh | Now_lr 0.0005/0.0005 | Train Loss 0.0989 | Valid Loss 0.0419 | Train Acc 96.3924 | Valid Acc 98.8917
2026-07-10 06:31:27 | Validation loss decreased (0.044803 --> 0.041887) in epoch (8). Saving model ...
2026-07-10 06:31:39 | TestSub: S7 | Epoch  9/100 Finsh | Now_lr 0.0005/0.0005 | Train Loss 0.0958 | Valid Loss 0.0393 | Train Acc 96.4748 | Valid Acc 99.0007
2026-07-10 06:31:39 | Validation loss decreased (0.041887 --> 0.039322) in epoch (9). Saving model ...
2026-07-10 06:31:50 | TestSub: S7 | Epoch 10/100 Finsh | Now_lr 0.0005/0.0005 | Train Loss 0.0941 | Valid Loss 0.0382 | Train Acc 96.5452 | Valid Acc 98.8735
2026-07-10 06:31:50 | Validation loss decreased (0.039322 --> 0.038212) in epoch (10). Saving model ...
2026-07-10 06:32:01 | TestSub: S7 | Epoch 11/100 Finsh | Now_lr 0.0005/0.0005 | Train Loss 0.0900 | Valid Loss 0.0344 | Train Acc 96.6900 | Valid Acc 99.0371
2026-07-10 06:32:01 | Validation loss decreased (0.038212 --> 0.034356) in epoch (11). Saving model ...
2026-07-10 06:32:11 | TestSub: S7 | Epoch 12/100 Finsh | Now_lr 0.0005/0.0005 | Train Loss 0.0879 | Valid Loss 0.0384 | Train Acc 96.7785 | Valid Acc 98.9826
2026-07-10 06:32:22 | TestSub: S7 | Epoch 13/100 Finsh | Now_lr 0.0005/0.0005 | Train Loss 0.0870 | Valid Loss 0.0366 | Train Acc 96.7946 | Valid Acc 98.8554
2026-07-10 06:32:33 | TestSub: S7 | Epoch 14/100 Finsh | Now_lr 0.0005/0.0005 | Train Loss 0.0870 | Valid Loss 0.0307 | Train Acc 96.8408 | Valid Acc 99.1279
2026-07-10 06:32:33 | Validation loss decreased (0.034356 --> 0.030720) in epoch (14). Saving model ...
2026-07-10 06:32:44 | TestSub: S7 | Epoch 15/100 Finsh | Now_lr 0.0005/0.0005 | Train Loss 0.0870 | Valid Loss 0.0309 | Train Acc 96.8006 | Valid Acc 99.2914
2026-07-10 06:32:55 | TestSub: S7 | Epoch 16/100 Finsh | Now_lr 0.0005/0.0005 | Train Loss 0.0820 | Valid Loss 0.0293 | Train Acc 96.8851 | Valid Acc 99.2551
2026-07-10 06:32:55 | Validation loss decreased (0.030720 --> 0.029346) in epoch (16). Saving model ...
2026-07-10 06:33:07 | TestSub: S7 | Epoch 17/100 Finsh | Now_lr 0.0005/0.0005 | Train Loss 0.0847 | Valid Loss 0.0295 | Train Acc 96.8710 | Valid Acc 99.2006
2026-07-10 06:33:18 | TestSub: S7 | Epoch 18/100 Finsh | Now_lr 0.0005/0.0005 | Train Loss 0.0832 | Valid Loss 0.0274 | Train Acc 96.9032 | Valid Acc 99.3278
2026-07-10 06:33:18 | Validation loss decreased (0.029346 --> 0.027395) in epoch (18). Saving model ...
2026-07-10 06:33:29 | TestSub: S7 | Epoch 19/100 Finsh | Now_lr 0.0005/0.0005 | Train Loss 0.0818 | Valid Loss 0.0288 | Train Acc 96.8871 | Valid Acc 99.1642
2026-07-10 06:33:39 | TestSub: S7 | Epoch 20/100 Finsh | Now_lr 0.0005/0.0005 | Train Loss 0.0804 | Valid Loss 0.0300 | Train Acc 97.0198 | Valid Acc 99.2551
2026-07-10 06:33:52 | TestSub: S7 | Epoch 21/100 Finsh | Now_lr 0.0005/0.0005 | Train Loss 0.0774 | Valid Loss 0.0281 | Train Acc 97.1042 | Valid Acc 99.3459
2026-07-10 06:34:04 | TestSub: S7 | Epoch 22/100 Finsh | Now_lr 0.0005/0.0005 | Train Loss 0.0840 | Valid Loss 0.0276 | Train Acc 96.9152 | Valid Acc 99.2551
2026-07-10 06:34:17 | TestSub: S7 | Epoch 23/100 Finsh | Now_lr 0.0005/0.0005 | Train Loss 0.0799 | Valid Loss 0.0249 | Train Acc 97.0399 | Valid Acc 99.3641
2026-07-10 06:34:17 | Validation loss decreased (0.027395 --> 0.024937) in epoch (23). Saving model ...
2026-07-10 06:34:29 | TestSub: S7 | Epoch 24/100 Finsh | Now_lr 0.0005/0.0005 | Train Loss 0.0809 | Valid Loss 0.0252 | Train Acc 97.0037 | Valid Acc 99.4004
2026-07-10 06:34:42 | TestSub: S7 | Epoch 25/100 Finsh | Now_lr 0.0005/0.0005 | Train Loss 0.0779 | Valid Loss 0.0267 | Train Acc 97.1324 | Valid Acc 99.3096
2026-07-10 06:34:53 | TestSub: S7 | Epoch 26/100 Finsh | Now_lr 0.0005/0.0005 | Train Loss 0.0781 | Valid Loss 0.0240 | Train Acc 97.1425 | Valid Acc 99.4186
2026-07-10 06:34:53 | Validation loss decreased (0.024937 --> 0.023950) in epoch (26). Saving model ...
2026-07-10 06:35:04 | TestSub: S7 | Epoch 27/100 Finsh | Now_lr 0.0005/0.0005 | Train Loss 0.0791 | Valid Loss 0.0246 | Train Acc 97.0861 | Valid Acc 99.4549
2026-07-10 06:35:16 | TestSub: S7 | Epoch 28/100 Finsh | Now_lr 0.0005/0.0005 | Train Loss 0.0785 | Valid Loss 0.0241 | Train Acc 97.1063 | Valid Acc 99.4549
2026-07-10 06:35:27 | TestSub: S7 | Epoch 29/100 Finsh | Now_lr 0.0005/0.0005 | Train Loss 0.0752 | Valid Loss 0.0245 | Train Acc 97.1968 | Valid Acc 99.3641
2026-07-10 06:35:40 | TestSub: S7 | Epoch 30/100 Finsh | Now_lr 0.0005/0.0005 | Train Loss 0.0736 | Valid Loss 0.0226 | Train Acc 97.2470 | Valid Acc 99.4549
2026-07-10 06:35:40 | Validation loss decreased (0.023950 --> 0.022580) in epoch (30). Saving model ...
2026-07-10 06:35:53 | TestSub: S7 | Epoch 31/100 Finsh | Now_lr 0.0005/0.0005 | Train Loss 0.0749 | Valid Loss 0.0237 | Train Acc 97.2691 | Valid Acc 99.4004
2026-07-10 06:36:05 | TestSub: S7 | Epoch 32/100 Finsh | Now_lr 0.0005/0.0005 | Train Loss 0.0716 | Valid Loss 0.0240 | Train Acc 97.3958 | Valid Acc 99.3459
2026-07-10 06:36:17 | TestSub: S7 | Epoch 33/100 Finsh | Now_lr 0.0005/0.0005 | Train Loss 0.0783 | Valid Loss 0.0240 | Train Acc 97.1163 | Valid Acc 99.3823
2026-07-10 06:36:28 | TestSub: S7 | Epoch 34/100 Finsh | Now_lr 0.0005/0.0005 | Train Loss 0.0739 | Valid Loss 0.0225 | Train Acc 97.2792 | Valid Acc 99.4186
2026-07-10 06:36:28 | Validation loss decreased (0.022580 --> 0.022539) in epoch (34). Saving model ...
2026-07-10 06:36:40 | TestSub: S7 | Epoch 35/100 Finsh | Now_lr 0.0005/0.0005 | Train Loss 0.0758 | Valid Loss 0.0209 | Train Acc 97.1304 | Valid Acc 99.5276
2026-07-10 06:36:40 | Validation loss decreased (0.022539 --> 0.020863) in epoch (35). Saving model ...
2026-07-10 06:36:51 | TestSub: S7 | Epoch 36/100 Finsh | Now_lr 0.0005/0.0005 | Train Loss 0.0738 | Valid Loss 0.0225 | Train Acc 97.2611 | Valid Acc 99.4913
2026-07-10 06:37:03 | TestSub: S7 | Epoch 37/100 Finsh | Now_lr 0.0005/0.0005 | Train Loss 0.0743 | Valid Loss 0.0221 | Train Acc 97.2048 | Valid Acc 99.4186
2026-07-10 06:37:14 | TestSub: S7 | Epoch 38/100 Finsh | Now_lr 0.0005/0.0005 | Train Loss 0.0734 | Valid Loss 0.0201 | Train Acc 97.2953 | Valid Acc 99.5094
2026-07-10 06:37:14 | Validation loss decreased (0.020863 --> 0.020072) in epoch (38). Saving model ...
2026-07-10 06:37:25 | TestSub: S7 | Epoch 39/100 Finsh | Now_lr 0.0005/0.0005 | Train Loss 0.0731 | Valid Loss 0.0200 | Train Acc 97.2712 | Valid Acc 99.5458
2026-07-10 06:37:25 | Validation loss decreased (0.020072 --> 0.020022) in epoch (39). Saving model ...
2026-07-10 06:37:35 | TestSub: S7 | Epoch 40/100 Finsh | Now_lr 0.0005/0.0005 | Train Loss 0.0694 | Valid Loss 0.0201 | Train Acc 97.5084 | Valid Acc 99.4731
2026-07-10 06:37:46 | TestSub: S7 | Epoch 41/100 Finsh | Now_lr 0.0005/0.0005 | Train Loss 0.0752 | Valid Loss 0.0210 | Train Acc 97.1907 | Valid Acc 99.4368
2026-07-10 06:37:57 | TestSub: S7 | Epoch 42/100 Finsh | Now_lr 0.0005/0.0005 | Train Loss 0.0746 | Valid Loss 0.0215 | Train Acc 97.1465 | Valid Acc 99.4186
2026-07-10 06:38:07 | TestSub: S7 | Epoch 43/100 Finsh | Now_lr 0.0005/0.0005 | Train Loss 0.0713 | Valid Loss 0.0202 | Train Acc 97.4280 | Valid Acc 99.4913
2026-07-10 06:38:18 | TestSub: S7 | Epoch 44/100 Finsh | Now_lr 0.0005/0.0005 | Train Loss 0.0710 | Valid Loss 0.0190 | Train Acc 97.3335 | Valid Acc 99.5458
2026-07-10 06:38:18 | Validation loss decreased (0.020022 --> 0.019040) in epoch (44). Saving model ...
2026-07-10 06:38:29 | TestSub: S7 | Epoch 45/100 Finsh | Now_lr 0.0005/0.0005 | Train Loss 0.0728 | Valid Loss 0.0200 | Train Acc 97.3114 | Valid Acc 99.4731
2026-07-10 06:38:39 | TestSub: S7 | Epoch 46/100 Finsh | Now_lr 0.0005/0.0005 | Train Loss 0.0715 | Valid Loss 0.0194 | Train Acc 97.3898 | Valid Acc 99.4913
2026-07-10 06:38:50 | TestSub: S7 | Epoch 47/100 Finsh | Now_lr 0.0005/0.0005 | Train Loss 0.0702 | Valid Loss 0.0200 | Train Acc 97.4542 | Valid Acc 99.5458
2026-07-10 06:39:01 | TestSub: S7 | Epoch 48/100 Finsh | Now_lr 0.0005/0.0005 | Train Loss 0.0673 | Valid Loss 0.0189 | Train Acc 97.4682 | Valid Acc 99.4731
2026-07-10 06:39:01 | Validation loss decreased (0.019040 --> 0.018936) in epoch (48). Saving model ...
2026-07-10 06:39:11 | TestSub: S7 | Epoch 49/100 Finsh | Now_lr 0.0005/0.0005 | Train Loss 0.0704 | Valid Loss 0.0183 | Train Acc 97.4180 | Valid Acc 99.6185
2026-07-10 06:39:11 | Validation loss decreased (0.018936 --> 0.018253) in epoch (49). Saving model ...
2026-07-10 06:39:22 | TestSub: S7 | Epoch 50/100 Finsh | Now_lr 0.0005/0.0005 | Train Loss 0.0698 | Valid Loss 0.0184 | Train Acc 97.4501 | Valid Acc 99.5094
2026-07-10 06:39:33 | TestSub: S7 | Epoch 51/100 Finsh | Now_lr 0.0005/0.0005 | Train Loss 0.0673 | Valid Loss 0.0178 | Train Acc 97.5185 | Valid Acc 99.5458
2026-07-10 06:39:33 | Validation loss decreased (0.018253 --> 0.017842) in epoch (51). Saving model ...
2026-07-10 06:39:44 | TestSub: S7 | Epoch 52/100 Finsh | Now_lr 0.0005/0.0005 | Train Loss 0.0678 | Valid Loss 0.0204 | Train Acc 97.4280 | Valid Acc 99.4913
2026-07-10 06:39:56 | TestSub: S7 | Epoch 53/100 Finsh | Now_lr 0.0005/0.0005 | Train Loss 0.0680 | Valid Loss 0.0200 | Train Acc 97.4582 | Valid Acc 99.4731
2026-07-10 06:40:07 | TestSub: S7 | Epoch 54/100 Finsh | Now_lr 0.0005/0.0005 | Train Loss 0.0657 | Valid Loss 0.0203 | Train Acc 97.5426 | Valid Acc 99.5821
2026-07-10 06:40:18 | TestSub: S7 | Epoch 55/100 Finsh | Now_lr 0.0005/0.0005 | Train Loss 0.0667 | Valid Loss 0.0170 | Train Acc 97.5105 | Valid Acc 99.5821
2026-07-10 06:40:18 | Validation loss decreased (0.017842 --> 0.017011) in epoch (55). Saving model ...
2026-07-10 06:40:29 | TestSub: S7 | Epoch 56/100 Finsh | Now_lr 0.0005/0.0005 | Train Loss 0.0650 | Valid Loss 0.0172 | Train Acc 97.6150 | Valid Acc 99.5640
2026-07-10 06:40:39 | TestSub: S7 | Epoch 57/100 Finsh | Now_lr 0.0005/0.0005 | Train Loss 0.0670 | Valid Loss 0.0194 | Train Acc 97.4964 | Valid Acc 99.5276
2026-07-10 06:40:50 | TestSub: S7 | Epoch 58/100 Finsh | Now_lr 0.0005/0.0005 | Train Loss 0.0643 | Valid Loss 0.0179 | Train Acc 97.6231 | Valid Acc 99.5821
2026-07-10 06:41:00 | TestSub: S7 | Epoch 59/100 Finsh | Now_lr 0.0005/0.0005 | Train Loss 0.0670 | Valid Loss 0.0192 | Train Acc 97.5125 | Valid Acc 99.5276
2026-07-10 06:41:11 | TestSub: S7 | Epoch 60/100 Finsh | Now_lr 0.0005/0.0005 | Train Loss 0.0623 | Valid Loss 0.0166 | Train Acc 97.7377 | Valid Acc 99.5821
2026-07-10 06:41:11 | Validation loss decreased (0.017011 --> 0.016588) in epoch (60). Saving model ...
2026-07-10 06:41:22 | TestSub: S7 | Epoch 61/100 Finsh | Now_lr 0.0005/0.0005 | Train Loss 0.0659 | Valid Loss 0.0164 | Train Acc 97.5547 | Valid Acc 99.6185
2026-07-10 06:41:22 | Validation loss decreased (0.016588 --> 0.016360) in epoch (61). Saving model ...
2026-07-10 06:41:32 | TestSub: S7 | Epoch 62/100 Finsh | Now_lr 0.0005/0.0005 | Train Loss 0.0671 | Valid Loss 0.0169 | Train Acc 97.4461 | Valid Acc 99.6366
2026-07-10 06:41:43 | TestSub: S7 | Epoch 63/100 Finsh | Now_lr 0.0005/0.0005 | Train Loss 0.0660 | Valid Loss 0.0159 | Train Acc 97.5527 | Valid Acc 99.6548
2026-07-10 06:41:43 | Validation loss decreased (0.016360 --> 0.015871) in epoch (63). Saving model ...
2026-07-10 06:41:54 | TestSub: S7 | Epoch 64/100 Finsh | Now_lr 0.0005/0.0005 | Train Loss 0.0645 | Valid Loss 0.0165 | Train Acc 97.5889 | Valid Acc 99.6185
2026-07-10 06:42:04 | TestSub: S7 | Epoch 65/100 Finsh | Now_lr 0.0005/0.0005 | Train Loss 0.0663 | Valid Loss 0.0181 | Train Acc 97.5989 | Valid Acc 99.4549
2026-07-10 06:42:15 | TestSub: S7 | Epoch 66/100 Finsh | Now_lr 0.0005/0.0005 | Train Loss 0.0650 | Valid Loss 0.0160 | Train Acc 97.6050 | Valid Acc 99.6003
2026-07-10 06:42:25 | TestSub: S7 | Epoch 67/100 Finsh | Now_lr 0.0005/0.0005 | Train Loss 0.0657 | Valid Loss 0.0164 | Train Acc 97.4843 | Valid Acc 99.6366
2026-07-10 06:42:36 | TestSub: S7 | Epoch 68/100 Finsh | Now_lr 0.0005/0.0005 | Train Loss 0.0619 | Valid Loss 0.0149 | Train Acc 97.6653 | Valid Acc 99.6003
2026-07-10 06:42:36 | Validation loss decreased (0.015871 --> 0.014899) in epoch (68). Saving model ...
2026-07-10 06:42:47 | TestSub: S7 | Epoch 69/100 Finsh | Now_lr 0.0005/0.0005 | Train Loss 0.0607 | Valid Loss 0.0169 | Train Acc 97.7759 | Valid Acc 99.5821
2026-07-10 06:42:57 | TestSub: S7 | Epoch 70/100 Finsh | Now_lr 0.0005/0.0005 | Train Loss 0.0607 | Valid Loss 0.0194 | Train Acc 97.7578 | Valid Acc 99.4368
2026-07-10 06:43:08 | TestSub: S7 | Epoch 71/100 Finsh | Now_lr 0.0005/0.0005 | Train Loss 0.0587 | Valid Loss 0.0162 | Train Acc 97.7759 | Valid Acc 99.6730
2026-07-10 06:43:18 | TestSub: S7 | Epoch 72/100 Finsh | Now_lr 0.0005/0.0005 | Train Loss 0.0649 | Valid Loss 0.0152 | Train Acc 97.6412 | Valid Acc 99.6730
2026-07-10 06:43:29 | TestSub: S7 | Epoch 73/100 Finsh | Now_lr 0.0005/0.0005 | Train Loss 0.0617 | Valid Loss 0.0184 | Train Acc 97.7035 | Valid Acc 99.5094
2026-07-10 06:43:39 | TestSub: S7 | Epoch 74/100 Finsh | Now_lr 0.0005/0.0005 | Train Loss 0.0599 | Valid Loss 0.0158 | Train Acc 97.8362 | Valid Acc 99.5458
2026-07-10 06:43:50 | TestSub: S7 | Epoch 75/100 Finsh | Now_lr 0.0005/0.0005 | Train Loss 0.0614 | Valid Loss 0.0164 | Train Acc 97.7437 | Valid Acc 99.5458
2026-07-10 06:44:01 | TestSub: S7 | Epoch 76/100 Finsh | Now_lr 0.0005/0.0005 | Train Loss 0.0606 | Valid Loss 0.0175 | Train Acc 97.6955 | Valid Acc 99.6003
2026-07-10 06:44:11 | TestSub: S7 | Epoch 77/100 Finsh | Now_lr 0.0005/0.0005 | Train Loss 0.0608 | Valid Loss 0.0151 | Train Acc 97.7739 | Valid Acc 99.5821
2026-07-10 06:44:22 | TestSub: S7 | Epoch 78/100 Finsh | Now_lr 0.0005/0.0005 | Train Loss 0.0589 | Valid Loss 0.0159 | Train Acc 97.7759 | Valid Acc 99.5640
2026-07-10 06:44:33 | TestSub: S7 | Epoch 79/100 Finsh | Now_lr 0.0005/0.0005 | Train Loss 0.0599 | Valid Loss 0.0149 | Train Acc 97.7276 | Valid Acc 99.6366
2026-07-10 06:44:43 | TestSub: S7 | Epoch 80/100 Finsh | Now_lr 0.0005/0.0005 | Train Loss 0.0606 | Valid Loss 0.0151 | Train Acc 97.7880 | Valid Acc 99.5458
2026-07-10 06:44:54 | TestSub: S7 | Epoch 81/100 Finsh | Now_lr 0.0005/0.0005 | Train Loss 0.0580 | Valid Loss 0.0161 | Train Acc 97.8704 | Valid Acc 99.6911
2026-07-10 06:45:04 | TestSub: S7 | Epoch 82/100 Finsh | Now_lr 0.0005/0.0005 | Train Loss 0.0597 | Valid Loss 0.0153 | Train Acc 97.7397 | Valid Acc 99.6003
2026-07-10 06:45:15 | TestSub: S7 | Epoch 83/100 Finsh | Now_lr 0.0005/0.0005 | Train Loss 0.0575 | Valid Loss 0.0145 | Train Acc 97.8825 | Valid Acc 99.6185
2026-07-10 06:45:15 | Validation loss decreased (0.014899 --> 0.014498) in epoch (83). Saving model ...
2026-07-10 06:45:26 | TestSub: S7 | Epoch 84/100 Finsh | Now_lr 0.0005/0.0005 | Train Loss 0.0584 | Valid Loss 0.0151 | Train Acc 97.9046 | Valid Acc 99.7456
2026-07-10 06:45:37 | TestSub: S7 | Epoch 85/100 Finsh | Now_lr 0.0005/0.0005 | Train Loss 0.0579 | Valid Loss 0.0135 | Train Acc 97.8563 | Valid Acc 99.6911
2026-07-10 06:45:37 | Validation loss decreased (0.014498 --> 0.013519) in epoch (85). Saving model ...
2026-07-10 06:45:48 | TestSub: S7 | Epoch 86/100 Finsh | Now_lr 0.0005/0.0005 | Train Loss 0.0551 | Valid Loss 0.0140 | Train Acc 97.9167 | Valid Acc 99.6911
2026-07-10 06:45:58 | TestSub: S7 | Epoch 87/100 Finsh | Now_lr 0.0005/0.0005 | Train Loss 0.0554 | Valid Loss 0.0156 | Train Acc 97.8644 | Valid Acc 99.5821
2026-07-10 06:46:09 | TestSub: S7 | Epoch 88/100 Finsh | Now_lr 0.0005/0.0005 | Train Loss 0.0550 | Valid Loss 0.0128 | Train Acc 97.9690 | Valid Acc 99.7456
2026-07-10 06:46:09 | Validation loss decreased (0.013519 --> 0.012797) in epoch (88). Saving model ...
2026-07-10 06:46:19 | TestSub: S7 | Epoch 89/100 Finsh | Now_lr 0.0005/0.0005 | Train Loss 0.0559 | Valid Loss 0.0148 | Train Acc 98.0755 | Valid Acc 99.6911
2026-07-10 06:46:30 | TestSub: S7 | Epoch 90/100 Finsh | Now_lr 0.0005/0.0005 | Train Loss 0.0542 | Valid Loss 0.0134 | Train Acc 97.9931 | Valid Acc 99.7638
2026-07-10 06:46:41 | TestSub: S7 | Epoch 91/100 Finsh | Now_lr 0.0005/0.0005 | Train Loss 0.0558 | Valid Loss 0.0138 | Train Acc 97.9106 | Valid Acc 99.7638
2026-07-10 06:46:51 | TestSub: S7 | Epoch 92/100 Finsh | Now_lr 0.0005/0.0005 | Train Loss 0.0556 | Valid Loss 0.0117 | Train Acc 97.9006 | Valid Acc 99.7638
2026-07-10 06:46:51 | Validation loss decreased (0.012797 --> 0.011694) in epoch (92). Saving model ...
2026-07-10 06:47:02 | TestSub: S7 | Epoch 93/100 Finsh | Now_lr 0.0005/0.0005 | Train Loss 0.0589 | Valid Loss 0.0124 | Train Acc 97.8000 | Valid Acc 99.7093
2026-07-10 06:47:13 | TestSub: S7 | Epoch 94/100 Finsh | Now_lr 0.0005/0.0005 | Train Loss 0.0556 | Valid Loss 0.0130 | Train Acc 97.9529 | Valid Acc 99.7820
2026-07-10 06:47:23 | TestSub: S7 | Epoch 95/100 Finsh | Now_lr 0.0005/0.0005 | Train Loss 0.0536 | Valid Loss 0.0137 | Train Acc 97.9971 | Valid Acc 99.7820
2026-07-10 06:47:34 | TestSub: S7 | Epoch 96/100 Finsh | Now_lr 0.0005/0.0005 | Train Loss 0.0536 | Valid Loss 0.0132 | Train Acc 98.0735 | Valid Acc 99.6911
2026-07-10 06:47:45 | TestSub: S7 | Epoch 97/100 Finsh | Now_lr 0.0005/0.0005 | Train Loss 0.0527 | Valid Loss 0.0131 | Train Acc 98.0273 | Valid Acc 99.7093
2026-07-10 06:47:55 | TestSub: S7 | Epoch 98/100 Finsh | Now_lr 0.0005/0.0005 | Train Loss 0.0582 | Valid Loss 0.0134 | Train Acc 97.7940 | Valid Acc 99.7456
2026-07-10 06:48:06 | TestSub: S7 | Epoch 99/100 Finsh | Now_lr 0.0005/0.0005 | Train Loss 0.0526 | Valid Loss 0.0142 | Train Acc 98.0413 | Valid Acc 99.7275
2026-07-10 06:48:17 | TestSub: S7 | Epoch 100/100 Finsh | Now_lr 0.0005/0.0005 | Train Loss 0.0541 | Valid Loss 0.0130 | Train Acc 97.9368 | Valid Acc 99.7456
2026-07-10 06:48:17 | --------------------------------------------------
2026-07-10 06:48:17 | Test_Subject :S7 | Best epoch:92 | Test Loss:0.1266 | Savemodel Acc 95.9147
2026-07-10 06:48:17 | --------------------------------------------------
2026-07-10 06:48:17 | Best epoch: 92 | Test acc: 95.9147
0/100 Finsh | Now_lr 0.0005/0.0005 | Train Loss 0.0562 | Valid Loss 0.0122 | Train Acc 97.8423 | Valid Acc 99.8001
2026-07-10 06:41:28 | --------------------------------------------------
2026-07-10 06:41:28 | Test_Subject :S7 | Best epoch:98 | Test Loss:0.1253 | Savemodel Acc 95.6055
2026-07-10 06:41:28 | --------------------------------------------------
2026-07-10 06:41:28 | Best epoch: 98 | Test acc: 95.6055
