2026-07-10 02:11:04 | Logging started: ./writer/Subject_dependent_AAD/KUL/0.1s/result//Train0.1s_sub12.log
2026-07-10 02:11:10 | Sub_id: 12
2026-07-10 02:11:25 | TestSub: S12 | Epoch  1/100 Finsh | Now_lr 0.0005/0.0005 | Train Loss 0.3191 | Valid Loss 0.1409 | Train Acc 87.5221 | Valid Acc 95.7122
2026-07-10 02:11:25 | Validation loss decreased (inf --> 0.140938) in epoch (1). Saving model ...
2026-07-10 02:11:35 | TestSub: S12 | Epoch  2/100 Finsh | Now_lr 0.0005/0.0005 | Train Loss 0.2047 | Valid Loss 0.1228 | Train Acc 92.2981 | Valid Acc 96.1483
2026-07-10 02:11:35 | Validation loss decreased (0.140938 --> 0.122833) in epoch (2). Saving model ...
2026-07-10 02:11:46 | TestSub: S12 | Epoch  3/100 Finsh | Now_lr 0.0005/0.0005 | Train Loss 0.1869 | Valid Loss 0.1071 | Train Acc 92.8491 | Valid Acc 96.7660
2026-07-10 02:11:46 | Validation loss decreased (0.122833 --> 0.107069) in epoch (3). Saving model ...
2026-07-10 02:11:57 | TestSub: S12 | Epoch  4/100 Finsh | Now_lr 0.0005/0.0005 | Train Loss 0.1803 | Valid Loss 0.0997 | Train Acc 93.2955 | Valid Acc 96.8750
2026-07-10 02:11:57 | Validation loss decreased (0.107069 --> 0.099690) in epoch (4). Saving model ...
2026-07-10 02:12:08 | TestSub: S12 | Epoch  5/100 Finsh | Now_lr 0.0005/0.0005 | Train Loss 0.1719 | Valid Loss 0.0907 | Train Acc 93.5248 | Valid Acc 97.0385
2026-07-10 02:12:08 | Validation loss decreased (0.099690 --> 0.090700) in epoch (5). Saving model ...
2026-07-10 02:12:18 | TestSub: S12 | Epoch  6/100 Finsh | Now_lr 0.0005/0.0005 | Train Loss 0.1675 | Valid Loss 0.0914 | Train Acc 93.7701 | Valid Acc 97.2020
2026-07-10 02:12:29 | TestSub: S12 | Epoch  7/100 Finsh | Now_lr 0.0005/0.0005 | Train Loss 0.1614 | Valid Loss 0.0930 | Train Acc 93.9350 | Valid Acc 96.8932
2026-07-10 02:12:40 | TestSub: S12 | Epoch  8/100 Finsh | Now_lr 0.0005/0.0005 | Train Loss 0.1600 | Valid Loss 0.0835 | Train Acc 93.8264 | Valid Acc 97.2747
2026-07-10 02:12:40 | Validation loss decreased (0.090700 --> 0.083537) in epoch (8). Saving model ...
2026-07-10 02:12:50 | TestSub: S12 | Epoch  9/100 Finsh | Now_lr 0.0005/0.0005 | Train Loss 0.1557 | Valid Loss 0.0801 | Train Acc 94.1964 | Valid Acc 97.3837
2026-07-10 02:12:50 | Validation loss decreased (0.083537 --> 0.080063) in epoch (9). Saving model ...
2026-07-10 02:13:01 | TestSub: S12 | Epoch 10/100 Finsh | Now_lr 0.0005/0.0005 | Train Loss 0.1566 | Valid Loss 0.0781 | Train Acc 94.0436 | Valid Acc 97.4382
2026-07-10 02:13:01 | Validation loss decreased (0.080063 --> 0.078065) in epoch (10). Saving model ...
2026-07-10 02:13:12 | TestSub: S12 | Epoch 11/100 Finsh | Now_lr 0.0005/0.0005 | Train Loss 0.1522 | Valid Loss 0.0734 | Train Acc 94.2306 | Valid Acc 97.5654
2026-07-10 02:13:12 | Validation loss decreased (0.078065 --> 0.073398) in epoch (11). Saving model ...
2026-07-10 02:13:23 | TestSub: S12 | Epoch 12/100 Finsh | Now_lr 0.0005/0.0005 | Train Loss 0.1492 | Valid Loss 0.0789 | Train Acc 94.2990 | Valid Acc 97.4201
2026-07-10 02:13:34 | TestSub: S12 | Epoch 13/100 Finsh | Now_lr 0.0005/0.0005 | Train Loss 0.1473 | Valid Loss 0.0671 | Train Acc 94.4398 | Valid Acc 97.7108
2026-07-10 02:13:34 | Validation loss decreased (0.073398 --> 0.067132) in epoch (13). Saving model ...
2026-07-10 02:13:45 | TestSub: S12 | Epoch 14/100 Finsh | Now_lr 0.0005/0.0005 | Train Loss 0.1425 | Valid Loss 0.0691 | Train Acc 94.6408 | Valid Acc 97.8379
2026-07-10 02:13:55 | TestSub: S12 | Epoch 15/100 Finsh | Now_lr 0.0005/0.0005 | Train Loss 0.1418 | Valid Loss 0.0659 | Train Acc 94.5524 | Valid Acc 97.7653
2026-07-10 02:13:55 | Validation loss decreased (0.067132 --> 0.065933) in epoch (15). Saving model ...
2026-07-10 02:14:06 | TestSub: S12 | Epoch 16/100 Finsh | Now_lr 0.0005/0.0005 | Train Loss 0.1418 | Valid Loss 0.0636 | Train Acc 94.6187 | Valid Acc 97.7834
2026-07-10 02:14:06 | Validation loss decreased (0.065933 --> 0.063617) in epoch (16). Saving model ...
2026-07-10 02:14:17 | TestSub: S12 | Epoch 17/100 Finsh | Now_lr 0.0005/0.0005 | Train Loss 0.1382 | Valid Loss 0.0625 | Train Acc 94.7595 | Valid Acc 98.0015
2026-07-10 02:14:17 | Validation loss decreased (0.063617 --> 0.062472) in epoch (17). Saving model ...
2026-07-10 02:14:28 | TestSub: S12 | Epoch 18/100 Finsh | Now_lr 0.0005/0.0005 | Train Loss 0.1354 | Valid Loss 0.0583 | Train Acc 94.8017 | Valid Acc 98.0923
2026-07-10 02:14:28 | Validation loss decreased (0.062472 --> 0.058307) in epoch (18). Saving model ...
2026-07-10 02:14:38 | TestSub: S12 | Epoch 19/100 Finsh | Now_lr 0.0005/0.0005 | Train Loss 0.1341 | Valid Loss 0.0584 | Train Acc 94.9887 | Valid Acc 98.1831
2026-07-10 02:14:49 | TestSub: S12 | Epoch 20/100 Finsh | Now_lr 0.0005/0.0005 | Train Loss 0.1336 | Valid Loss 0.0576 | Train Acc 94.9385 | Valid Acc 98.0741
2026-07-10 02:14:49 | Validation loss decreased (0.058307 --> 0.057594) in epoch (20). Saving model ...
2026-07-10 02:15:00 | TestSub: S12 | Epoch 21/100 Finsh | Now_lr 0.0005/0.0005 | Train Loss 0.1307 | Valid Loss 0.0566 | Train Acc 94.9948 | Valid Acc 98.1650
2026-07-10 02:15:00 | Validation loss decreased (0.057594 --> 0.056591) in epoch (21). Saving model ...
2026-07-10 02:15:11 | TestSub: S12 | Epoch 22/100 Finsh | Now_lr 0.0005/0.0005 | Train Loss 0.1314 | Valid Loss 0.0575 | Train Acc 95.0370 | Valid Acc 98.0378
2026-07-10 02:15:21 | TestSub: S12 | Epoch 23/100 Finsh | Now_lr 0.0005/0.0005 | Train Loss 0.1283 | Valid Loss 0.0548 | Train Acc 95.2140 | Valid Acc 98.0196
2026-07-10 02:15:21 | Validation loss decreased (0.056591 --> 0.054832) in epoch (23). Saving model ...
2026-07-10 02:15:32 | TestSub: S12 | Epoch 24/100 Finsh | Now_lr 0.0005/0.0005 | Train Loss 0.1290 | Valid Loss 0.0547 | Train Acc 95.0973 | Valid Acc 98.2013
2026-07-10 02:15:32 | Validation loss decreased (0.054832 --> 0.054737) in epoch (24). Saving model ...
2026-07-10 02:15:43 | TestSub: S12 | Epoch 25/100 Finsh | Now_lr 0.0005/0.0005 | Train Loss 0.1287 | Valid Loss 0.0501 | Train Acc 95.0370 | Valid Acc 98.4193
2026-07-10 02:15:43 | Validation loss decreased (0.054737 --> 0.050111) in epoch (25). Saving model ...
2026-07-10 02:15:54 | TestSub: S12 | Epoch 26/100 Finsh | Now_lr 0.0005/0.0005 | Train Loss 0.1278 | Valid Loss 0.0514 | Train Acc 95.3125 | Valid Acc 98.2740
2026-07-10 02:16:04 | TestSub: S12 | Epoch 27/100 Finsh | Now_lr 0.0005/0.0005 | Train Loss 0.1288 | Valid Loss 0.0526 | Train Acc 95.0853 | Valid Acc 98.3648
2026-07-10 02:16:15 | TestSub: S12 | Epoch 28/100 Finsh | Now_lr 0.0005/0.0005 | Train Loss 0.1215 | Valid Loss 0.0534 | Train Acc 95.3125 | Valid Acc 98.1831
2026-07-10 02:16:26 | TestSub: S12 | Epoch 29/100 Finsh | Now_lr 0.0005/0.0005 | Train Loss 0.1213 | Valid Loss 0.0516 | Train Acc 95.3889 | Valid Acc 98.2922
2026-07-10 02:16:37 | TestSub: S12 | Epoch 30/100 Finsh | Now_lr 0.0005/0.0005 | Train Loss 0.1231 | Valid Loss 0.0521 | Train Acc 95.2602 | Valid Acc 98.4012
2026-07-10 02:16:47 | TestSub: S12 | Epoch 31/100 Finsh | Now_lr 0.0005/0.0005 | Train Loss 0.1236 | Valid Loss 0.0470 | Train Acc 95.2703 | Valid Acc 98.4920
2026-07-10 02:16:47 | Validation loss decreased (0.050111 --> 0.047018) in epoch (31). Saving model ...
2026-07-10 02:16:58 | TestSub: S12 | Epoch 32/100 Finsh | Now_lr 0.0005/0.0005 | Train Loss 0.1229 | Valid Loss 0.0457 | Train Acc 95.3728 | Valid Acc 98.4193
2026-07-10 02:16:58 | Validation loss decreased (0.047018 --> 0.045745) in epoch (32). Saving model ...
2026-07-10 02:17:09 | TestSub: S12 | Epoch 33/100 Finsh | Now_lr 0.0005/0.0005 | Train Loss 0.1202 | Valid Loss 0.0465 | Train Acc 95.4130 | Valid Acc 98.4193
2026-07-10 02:17:20 | TestSub: S12 | Epoch 34/100 Finsh | Now_lr 0.0005/0.0005 | Train Loss 0.1169 | Valid Loss 0.0440 | Train Acc 95.5940 | Valid Acc 98.6374
2026-07-10 02:17:20 | Validation loss decreased (0.045745 --> 0.043957) in epoch (34). Saving model ...
2026-07-10 02:17:30 | TestSub: S12 | Epoch 35/100 Finsh | Now_lr 0.0005/0.0005 | Train Loss 0.1180 | Valid Loss 0.0446 | Train Acc 95.4895 | Valid Acc 98.5102
2026-07-10 02:17:41 | TestSub: S12 | Epoch 36/100 Finsh | Now_lr 0.0005/0.0005 | Train Loss 0.1169 | Valid Loss 0.0488 | Train Acc 95.4895 | Valid Acc 98.3103
2026-07-10 02:17:52 | TestSub: S12 | Epoch 37/100 Finsh | Now_lr 0.0005/0.0005 | Train Loss 0.1174 | Valid Loss 0.0450 | Train Acc 95.5800 | Valid Acc 98.6192
2026-07-10 02:18:03 | TestSub: S12 | Epoch 38/100 Finsh | Now_lr 0.0005/0.0005 | Train Loss 0.1164 | Valid Loss 0.0435 | Train Acc 95.5056 | Valid Acc 98.5465
2026-07-10 02:18:03 | Validation loss decreased (0.043957 --> 0.043522) in epoch (38). Saving model ...
2026-07-10 02:18:14 | TestSub: S12 | Epoch 39/100 Finsh | Now_lr 0.0005/0.0005 | Train Loss 0.1153 | Valid Loss 0.0442 | Train Acc 95.6363 | Valid Acc 98.4375
2026-07-10 02:18:24 | TestSub: S12 | Epoch 40/100 Finsh | Now_lr 0.0005/0.0005 | Train Loss 0.1133 | Valid Loss 0.0425 | Train Acc 95.7650 | Valid Acc 98.7100
2026-07-10 02:18:24 | Validation loss decreased (0.043522 --> 0.042546) in epoch (40). Saving model ...
2026-07-10 02:18:35 | TestSub: S12 | Epoch 41/100 Finsh | Now_lr 0.0005/0.0005 | Train Loss 0.1142 | Valid Loss 0.0415 | Train Acc 95.6966 | Valid Acc 98.5465
2026-07-10 02:18:35 | Validation loss decreased (0.042546 --> 0.041501) in epoch (41). Saving model ...
2026-07-10 02:18:46 | TestSub: S12 | Epoch 42/100 Finsh | Now_lr 0.0005/0.0005 | Train Loss 0.1132 | Valid Loss 0.0433 | Train Acc 95.6845 | Valid Acc 98.5102
2026-07-10 02:18:57 | TestSub: S12 | Epoch 43/100 Finsh | Now_lr 0.0005/0.0005 | Train Loss 0.1158 | Valid Loss 0.0438 | Train Acc 95.6604 | Valid Acc 98.5102
2026-07-10 02:19:07 | TestSub: S12 | Epoch 44/100 Finsh | Now_lr 0.0005/0.0005 | Train Loss 0.1105 | Valid Loss 0.0432 | Train Acc 95.8353 | Valid Acc 98.4375
2026-07-10 02:19:18 | TestSub: S12 | Epoch 45/100 Finsh | Now_lr 0.0005/0.0005 | Train Loss 0.1099 | Valid Loss 0.0447 | Train Acc 95.7549 | Valid Acc 98.3830
2026-07-10 02:19:29 | TestSub: S12 | Epoch 46/100 Finsh | Now_lr 0.0005/0.0005 | Train Loss 0.1124 | Valid Loss 0.0418 | Train Acc 95.7650 | Valid Acc 98.5647
2026-07-10 02:19:40 | TestSub: S12 | Epoch 47/100 Finsh | Now_lr 0.0005/0.0005 | Train Loss 0.1121 | Valid Loss 0.0390 | Train Acc 95.6946 | Valid Acc 98.6737
2026-07-10 02:19:40 | Validation loss decreased (0.041501 --> 0.039048) in epoch (47). Saving model ...
2026-07-10 02:19:50 | TestSub: S12 | Epoch 48/100 Finsh | Now_lr 0.0005/0.0005 | Train Loss 0.1125 | Valid Loss 0.0416 | Train Acc 95.6986 | Valid Acc 98.6555
2026-07-10 02:20:01 | TestSub: S12 | Epoch 49/100 Finsh | Now_lr 0.0005/0.0005 | Train Loss 0.1116 | Valid Loss 0.0412 | Train Acc 95.6604 | Valid Acc 98.6555
2026-07-10 02:20:12 | TestSub: S12 | Epoch 50/100 Finsh | Now_lr 0.0005/0.0005 | Train Loss 0.1109 | Valid Loss 0.0412 | Train Acc 95.8333 | Valid Acc 98.5465
2026-07-10 02:20:22 | TestSub: S12 | Epoch 51/100 Finsh | Now_lr 0.0005/0.0005 | Train Loss 0.1096 | Valid Loss 0.0412 | Train Acc 95.8353 | Valid Acc 98.5828
2026-07-10 02:20:33 | TestSub: S12 | Epoch 52/100 Finsh | Now_lr 0.0005/0.0005 | Train Loss 0.1088 | Valid Loss 0.0399 | Train Acc 95.8353 | Valid Acc 98.5647
2026-07-10 02:20:44 | TestSub: S12 | Epoch 53/100 Finsh | Now_lr 0.0005/0.0005 | Train Loss 0.1058 | Valid Loss 0.0390 | Train Acc 95.8012 | Valid Acc 98.7645
2026-07-10 02:20:44 | Validation loss decreased (0.039048 --> 0.038953) in epoch (53). Saving model ...
2026-07-10 02:20:54 | TestSub: S12 | Epoch 54/100 Finsh | Now_lr 0.0005/0.0005 | Train Loss 0.1073 | Valid Loss 0.0400 | Train Acc 95.9379 | Valid Acc 98.6737
2026-07-10 02:21:05 | TestSub: S12 | Epoch 55/100 Finsh | Now_lr 0.0005/0.0005 | Train Loss 0.1103 | Valid Loss 0.0377 | Train Acc 95.8816 | Valid Acc 98.7282
2026-07-10 02:21:05 | Validation loss decreased (0.038953 --> 0.037744) in epoch (55). Saving model ...
2026-07-10 02:21:16 | TestSub: S12 | Epoch 56/100 Finsh | Now_lr 0.0005/0.0005 | Train Loss 0.1077 | Valid Loss 0.0380 | Train Acc 95.8213 | Valid Acc 98.7282
2026-07-10 02:21:26 | TestSub: S12 | Epoch 57/100 Finsh | Now_lr 0.0005/0.0005 | Train Loss 0.1054 | Valid Loss 0.0401 | Train Acc 95.9962 | Valid Acc 98.5283
2026-07-10 02:21:37 | TestSub: S12 | Epoch 58/100 Finsh | Now_lr 0.0005/0.0005 | Train Loss 0.1051 | Valid Loss 0.0389 | Train Acc 96.0988 | Valid Acc 98.6555
2026-07-10 02:21:47 | TestSub: S12 | Epoch 59/100 Finsh | Now_lr 0.0005/0.0005 | Train Loss 0.1045 | Valid Loss 0.0377 | Train Acc 95.9600 | Valid Acc 98.6374
2026-07-10 02:21:58 | TestSub: S12 | Epoch 60/100 Finsh | Now_lr 0.0005/0.0005 | Train Loss 0.1057 | Valid Loss 0.0393 | Train Acc 95.8876 | Valid Acc 98.7282
2026-07-10 02:22:09 | TestSub: S12 | Epoch 61/100 Finsh | Now_lr 0.0005/0.0005 | Train Loss 0.1021 | Valid Loss 0.0386 | Train Acc 96.1008 | Valid Acc 98.6192
2026-07-10 02:22:19 | TestSub: S12 | Epoch 62/100 Finsh | Now_lr 0.0005/0.0005 | Train Loss 0.1059 | Valid Loss 0.0366 | Train Acc 95.9580 | Valid Acc 98.8372
2026-07-10 02:22:19 | Validation loss decreased (0.037744 --> 0.036612) in epoch (62). Saving model ...
2026-07-10 02:22:30 | TestSub: S12 | Epoch 63/100 Finsh | Now_lr 0.0005/0.0005 | Train Loss 0.1023 | Valid Loss 0.0370 | Train Acc 96.0505 | Valid Acc 98.7827
2026-07-10 02:22:41 | TestSub: S12 | Epoch 64/100 Finsh | Now_lr 0.0005/0.0005 | Train Loss 0.1016 | Valid Loss 0.0373 | Train Acc 96.1068 | Valid Acc 98.6919
2026-07-10 02:22:51 | TestSub: S12 | Epoch 65/100 Finsh | Now_lr 0.0005/0.0005 | Train Loss 0.1033 | Valid Loss 0.0365 | Train Acc 95.9218 | Valid Acc 98.6555
2026-07-10 02:22:51 | Validation loss decreased (0.036612 --> 0.036521) in epoch (65). Saving model ...
2026-07-10 02:23:02 | TestSub: S12 | Epoch 66/100 Finsh | Now_lr 0.0005/0.0005 | Train Loss 0.1044 | Valid Loss 0.0380 | Train Acc 96.0023 | Valid Acc 98.7827
2026-07-10 02:23:13 | TestSub: S12 | Epoch 67/100 Finsh | Now_lr 0.0005/0.0005 | Train Loss 0.1032 | Valid Loss 0.0356 | Train Acc 96.1048 | Valid Acc 98.8009
2026-07-10 02:23:13 | Validation loss decreased (0.036521 --> 0.035635) in epoch (67). Saving model ...
2026-07-10 02:23:24 | TestSub: S12 | Epoch 68/100 Finsh | Now_lr 0.0005/0.0005 | Train Loss 0.1008 | Valid Loss 0.0356 | Train Acc 96.1289 | Valid Acc 98.7100
2026-07-10 02:23:24 | Validation loss decreased (0.035635 --> 0.035593) in epoch (68). Saving model ...
2026-07-10 02:23:34 | TestSub: S12 | Epoch 69/100 Finsh | Now_lr 0.0005/0.0005 | Train Loss 0.1023 | Valid Loss 0.0359 | Train Acc 96.2536 | Valid Acc 98.8009
2026-07-10 02:23:45 | TestSub: S12 | Epoch 70/100 Finsh | Now_lr 0.0005/0.0005 | Train Loss 0.1008 | Valid Loss 0.0354 | Train Acc 96.1752 | Valid Acc 98.7827
2026-07-10 02:23:45 | Validation loss decreased (0.035593 --> 0.035444) in epoch (70). Saving model ...
2026-07-10 02:23:56 | TestSub: S12 | Epoch 71/100 Finsh | Now_lr 0.0005/0.0005 | Train Loss 0.0998 | Valid Loss 0.0344 | Train Acc 96.2255 | Valid Acc 98.8735
2026-07-10 02:23:56 | Validation loss decreased (0.035444 --> 0.034439) in epoch (71). Saving model ...
2026-07-10 02:24:06 | TestSub: S12 | Epoch 72/100 Finsh | Now_lr 0.0005/0.0005 | Train Loss 0.0988 | Valid Loss 0.0343 | Train Acc 96.2677 | Valid Acc 98.8372
2026-07-10 02:24:06 | Validation loss decreased (0.034439 --> 0.034251) in epoch (72). Saving model ...
2026-07-10 02:24:17 | TestSub: S12 | Epoch 73/100 Finsh | Now_lr 0.0005/0.0005 | Train Loss 0.1014 | Valid Loss 0.0404 | Train Acc 96.1108 | Valid Acc 98.4920
2026-07-10 02:24:28 | TestSub: S12 | Epoch 74/100 Finsh | Now_lr 0.0005/0.0005 | Train Loss 0.0982 | Valid Loss 0.0371 | Train Acc 96.2938 | Valid Acc 98.6374
2026-07-10 02:24:39 | TestSub: S12 | Epoch 75/100 Finsh | Now_lr 0.0005/0.0005 | Train Loss 0.0995 | Valid Loss 0.0373 | Train Acc 96.1390 | Valid Acc 98.6919
2026-07-10 02:24:49 | TestSub: S12 | Epoch 76/100 Finsh | Now_lr 0.0005/0.0005 | Train Loss 0.0980 | Valid Loss 0.0361 | Train Acc 96.2918 | Valid Acc 98.6010
2026-07-10 02:25:00 | TestSub: S12 | Epoch 77/100 Finsh | Now_lr 0.0005/0.0005 | Train Loss 0.1004 | Valid Loss 0.0339 | Train Acc 96.0807 | Valid Acc 98.9099
2026-07-10 02:25:00 | Validation loss decreased (0.034251 --> 0.033943) in epoch (77). Saving model ...
2026-07-10 02:25:11 | TestSub: S12 | Epoch 78/100 Finsh | Now_lr 0.0005/0.0005 | Train Loss 0.0992 | Valid Loss 0.0337 | Train Acc 96.1973 | Valid Acc 98.7282
2026-07-10 02:25:11 | Validation loss decreased (0.033943 --> 0.033680) in epoch (78). Saving model ...
2026-07-10 02:25:21 | TestSub: S12 | Epoch 79/100 Finsh | Now_lr 0.0005/0.0005 | Train Loss 0.1005 | Valid Loss 0.0340 | Train Acc 96.1390 | Valid Acc 98.8554
2026-07-10 02:25:32 | TestSub: S12 | Epoch 80/100 Finsh | Now_lr 0.0005/0.0005 | Train Loss 0.0996 | Valid Loss 0.0363 | Train Acc 96.1491 | Valid Acc 98.6737
2026-07-10 02:25:43 | TestSub: S12 | Epoch 81/100 Finsh | Now_lr 0.0005/0.0005 | Train Loss 0.0998 | Valid Loss 0.0341 | Train Acc 96.2315 | Valid Acc 98.7827
2026-07-10 02:25:53 | TestSub: S12 | Epoch 82/100 Finsh | Now_lr 0.0005/0.0005 | Train Loss 0.0936 | Valid Loss 0.0333 | Train Acc 96.4125 | Valid Acc 98.8372
2026-07-10 02:25:53 | Validation loss decreased (0.033680 --> 0.033274) in epoch (82). Saving model ...
2026-07-10 02:26:04 | TestSub: S12 | Epoch 83/100 Finsh | Now_lr 0.0005/0.0005 | Train Loss 0.0990 | Valid Loss 0.0356 | Train Acc 96.1852 | Valid Acc 98.6919
2026-07-10 02:26:15 | TestSub: S12 | Epoch 84/100 Finsh | Now_lr 0.0005/0.0005 | Train Loss 0.0986 | Valid Loss 0.0335 | Train Acc 96.2778 | Valid Acc 98.9644
2026-07-10 02:26:26 | TestSub: S12 | Epoch 85/100 Finsh | Now_lr 0.0005/0.0005 | Train Loss 0.0955 | Valid Loss 0.0346 | Train Acc 96.2436 | Valid Acc 98.8190
2026-07-10 02:26:36 | TestSub: S12 | Epoch 86/100 Finsh | Now_lr 0.0005/0.0005 | Train Loss 0.0980 | Valid Loss 0.0336 | Train Acc 96.2798 | Valid Acc 98.7645
2026-07-10 02:26:47 | TestSub: S12 | Epoch 87/100 Finsh | Now_lr 0.0005/0.0005 | Train Loss 0.0948 | Valid Loss 0.0322 | Train Acc 96.3260 | Valid Acc 98.9281
2026-07-10 02:26:47 | Validation loss decreased (0.033274 --> 0.032160) in epoch (87). Saving model ...
2026-07-10 02:26:58 | TestSub: S12 | Epoch 88/100 Finsh | Now_lr 0.0005/0.0005 | Train Loss 0.0938 | Valid Loss 0.0335 | Train Acc 96.4507 | Valid Acc 98.8372
2026-07-10 02:27:08 | TestSub: S12 | Epoch 89/100 Finsh | Now_lr 0.0005/0.0005 | Train Loss 0.0955 | Valid Loss 0.0347 | Train Acc 96.4004 | Valid Acc 98.8009
2026-07-10 02:27:19 | TestSub: S12 | Epoch 90/100 Finsh | Now_lr 0.0005/0.0005 | Train Loss 0.0949 | Valid Loss 0.0370 | Train Acc 96.4547 | Valid Acc 98.7100
2026-07-10 02:27:30 | TestSub: S12 | Epoch 91/100 Finsh | Now_lr 0.0005/0.0005 | Train Loss 0.0950 | Valid Loss 0.0336 | Train Acc 96.3220 | Valid Acc 98.7282
2026-07-10 02:27:41 | TestSub: S12 | Epoch 92/100 Finsh | Now_lr 0.0005/0.0005 | Train Loss 0.0974 | Valid Loss 0.0338 | Train Acc 96.3582 | Valid Acc 98.7464
2026-07-10 02:27:51 | TestSub: S12 | Epoch 93/100 Finsh | Now_lr 0.0005/0.0005 | Train Loss 0.0952 | Valid Loss 0.0330 | Train Acc 96.4286 | Valid Acc 98.7827
2026-07-10 02:28:02 | TestSub: S12 | Epoch 94/100 Finsh | Now_lr 0.0005/0.0005 | Train Loss 0.0938 | Valid Loss 0.0348 | Train Acc 96.4467 | Valid Acc 98.7827
2026-07-10 02:28:13 | TestSub: S12 | Epoch 95/100 Finsh | Now_lr 0.0005/0.0005 | Train Loss 0.0947 | Valid Loss 0.0340 | Train Acc 96.4004 | Valid Acc 98.7645
2026-07-10 02:28:24 | TestSub: S12 | Epoch 96/100 Finsh | Now_lr 0.0005/0.0005 | Train Loss 0.0918 | Valid Loss 0.0324 | Train Acc 96.4648 | Valid Acc 98.8190
2026-07-10 02:28:34 | TestSub: S12 | Epoch 97/100 Finsh | Now_lr 0.0005/0.0005 | Train Loss 0.0925 | Valid Loss 0.0344 | Train Acc 96.3562 | Valid Acc 98.7464
2026-07-10 02:28:45 | TestSub: S12 | Epoch 98/100 Finsh | Now_lr 0.0005/0.0005 | Train Loss 0.0950 | Valid Loss 0.0350 | Train Acc 96.3441 | Valid Acc 98.8190
2026-07-10 02:28:56 | TestSub: S12 | Epoch 99/100 Finsh | Now_lr 0.0005/0.0005 | Train Loss 0.0933 | Valid Loss 0.0340 | Train Acc 96.5171 | Valid Acc 98.8009
2026-07-10 02:29:06 | TestSub: S12 | Epoch 100/100 Finsh | Now_lr 0.0005/0.0005 | Train Loss 0.0928 | Valid Loss 0.0332 | Train Acc 96.3884 | Valid Acc 98.8009
2026-07-10 02:29:07 | --------------------------------------------------
2026-07-10 02:29:07 | Test_Subject :S12 | Best epoch:87 | Test Loss:0.2523 | Savemodel Acc 91.6667
2026-07-10 02:29:07 | --------------------------------------------------
2026-07-10 02:29:07 | Best epoch: 87 | Test acc: 91.6667
