2026-07-10 02:47:09 | Logging started: ./writer/Subject_dependent_AAD/KUL/0.1s/result//Train0.1s_sub14.log
2026-07-10 02:47:14 | Sub_id: 14
2026-07-10 02:47:29 | TestSub: S14 | Epoch  1/100 Finsh | Now_lr 0.0005/0.0005 | Train Loss 0.5008 | Valid Loss 0.3426 | Train Acc 74.9537 | Valid Acc 86.2827
2026-07-10 02:47:29 | Validation loss decreased (inf --> 0.342631) in epoch (1). Saving model ...
2026-07-10 02:47:39 | TestSub: S14 | Epoch  2/100 Finsh | Now_lr 0.0005/0.0005 | Train Loss 0.3865 | Valid Loss 0.2948 | Train Acc 82.4163 | Valid Acc 87.5363
2026-07-10 02:47:39 | Validation loss decreased (0.342631 --> 0.294788) in epoch (2). Saving model ...
2026-07-10 02:47:50 | TestSub: S14 | Epoch  3/100 Finsh | Now_lr 0.0005/0.0005 | Train Loss 0.3602 | Valid Loss 0.2704 | Train Acc 83.5907 | Valid Acc 89.7892
2026-07-10 02:47:50 | Validation loss decreased (0.294788 --> 0.270425) in epoch (3). Saving model ...
2026-07-10 02:48:01 | TestSub: S14 | Epoch  4/100 Finsh | Now_lr 0.0005/0.0005 | Train Loss 0.3420 | Valid Loss 0.2538 | Train Acc 84.6384 | Valid Acc 90.5523
2026-07-10 02:48:01 | Validation loss decreased (0.270425 --> 0.253767) in epoch (4). Saving model ...
2026-07-10 02:48:12 | TestSub: S14 | Epoch  5/100 Finsh | Now_lr 0.0005/0.0005 | Train Loss 0.3260 | Valid Loss 0.2465 | Train Acc 85.5192 | Valid Acc 91.3336
2026-07-10 02:48:12 | Validation loss decreased (0.253767 --> 0.246478) in epoch (5). Saving model ...
2026-07-10 02:48:22 | TestSub: S14 | Epoch  6/100 Finsh | Now_lr 0.0005/0.0005 | Train Loss 0.3166 | Valid Loss 0.2328 | Train Acc 85.9757 | Valid Acc 91.3881
2026-07-10 02:48:22 | Validation loss decreased (0.246478 --> 0.232768) in epoch (6). Saving model ...
2026-07-10 02:48:33 | TestSub: S14 | Epoch  7/100 Finsh | Now_lr 0.0005/0.0005 | Train Loss 0.3122 | Valid Loss 0.2283 | Train Acc 86.1125 | Valid Acc 91.6243
2026-07-10 02:48:33 | Validation loss decreased (0.232768 --> 0.228314) in epoch (7). Saving model ...
2026-07-10 02:48:44 | TestSub: S14 | Epoch  8/100 Finsh | Now_lr 0.0005/0.0005 | Train Loss 0.3061 | Valid Loss 0.2165 | Train Acc 86.5890 | Valid Acc 91.8423
2026-07-10 02:48:44 | Validation loss decreased (0.228314 --> 0.216532) in epoch (8). Saving model ...
2026-07-10 02:48:55 | TestSub: S14 | Epoch  9/100 Finsh | Now_lr 0.0005/0.0005 | Train Loss 0.2970 | Valid Loss 0.2165 | Train Acc 86.9450 | Valid Acc 92.2602
2026-07-10 02:48:55 | Validation loss decreased (0.216532 --> 0.216490) in epoch (9). Saving model ...
2026-07-10 02:49:05 | TestSub: S14 | Epoch 10/100 Finsh | Now_lr 0.0005/0.0005 | Train Loss 0.2958 | Valid Loss 0.2055 | Train Acc 87.1199 | Valid Acc 92.5872
2026-07-10 02:49:05 | Validation loss decreased (0.216490 --> 0.205532) in epoch (10). Saving model ...
2026-07-10 02:49:16 | TestSub: S14 | Epoch 11/100 Finsh | Now_lr 0.0005/0.0005 | Train Loss 0.2901 | Valid Loss 0.2032 | Train Acc 87.4739 | Valid Acc 92.7507
2026-07-10 02:49:16 | Validation loss decreased (0.205532 --> 0.203223) in epoch (11). Saving model ...
2026-07-10 02:49:27 | TestSub: S14 | Epoch 12/100 Finsh | Now_lr 0.0005/0.0005 | Train Loss 0.2836 | Valid Loss 0.1950 | Train Acc 87.6910 | Valid Acc 92.8234
2026-07-10 02:49:27 | Validation loss decreased (0.203223 --> 0.194975) in epoch (12). Saving model ...
2026-07-10 02:49:38 | TestSub: S14 | Epoch 13/100 Finsh | Now_lr 0.0005/0.0005 | Train Loss 0.2808 | Valid Loss 0.1950 | Train Acc 87.8197 | Valid Acc 92.8416
2026-07-10 02:49:48 | TestSub: S14 | Epoch 14/100 Finsh | Now_lr 0.0005/0.0005 | Train Loss 0.2801 | Valid Loss 0.1857 | Train Acc 87.9565 | Valid Acc 93.5138
2026-07-10 02:49:48 | Validation loss decreased (0.194975 --> 0.185695) in epoch (14). Saving model ...
2026-07-10 02:49:59 | TestSub: S14 | Epoch 15/100 Finsh | Now_lr 0.0005/0.0005 | Train Loss 0.2752 | Valid Loss 0.1911 | Train Acc 88.1495 | Valid Acc 93.0959
2026-07-10 02:50:09 | TestSub: S14 | Epoch 16/100 Finsh | Now_lr 0.0005/0.0005 | Train Loss 0.2789 | Valid Loss 0.1856 | Train Acc 87.9806 | Valid Acc 93.2958
2026-07-10 02:50:09 | Validation loss decreased (0.185695 --> 0.185569) in epoch (16). Saving model ...
2026-07-10 02:50:20 | TestSub: S14 | Epoch 17/100 Finsh | Now_lr 0.0005/0.0005 | Train Loss 0.2771 | Valid Loss 0.1955 | Train Acc 88.1415 | Valid Acc 93.0414
2026-07-10 02:50:31 | TestSub: S14 | Epoch 18/100 Finsh | Now_lr 0.0005/0.0005 | Train Loss 0.2746 | Valid Loss 0.1772 | Train Acc 88.1013 | Valid Acc 93.6773
2026-07-10 02:50:31 | Validation loss decreased (0.185569 --> 0.177217) in epoch (18). Saving model ...
2026-07-10 02:50:42 | TestSub: S14 | Epoch 19/100 Finsh | Now_lr 0.0005/0.0005 | Train Loss 0.2701 | Valid Loss 0.1724 | Train Acc 88.2823 | Valid Acc 93.8772
2026-07-10 02:50:42 | Validation loss decreased (0.177217 --> 0.172424) in epoch (19). Saving model ...
2026-07-10 02:50:53 | TestSub: S14 | Epoch 20/100 Finsh | Now_lr 0.0005/0.0005 | Train Loss 0.2675 | Valid Loss 0.1748 | Train Acc 88.6181 | Valid Acc 93.6047
2026-07-10 02:51:03 | TestSub: S14 | Epoch 21/100 Finsh | Now_lr 0.0005/0.0005 | Train Loss 0.2681 | Valid Loss 0.1697 | Train Acc 88.3929 | Valid Acc 94.0589
2026-07-10 02:51:03 | Validation loss decreased (0.172424 --> 0.169725) in epoch (21). Saving model ...
2026-07-10 02:51:14 | TestSub: S14 | Epoch 22/100 Finsh | Now_lr 0.0005/0.0005 | Train Loss 0.2635 | Valid Loss 0.1699 | Train Acc 88.7247 | Valid Acc 93.9499
2026-07-10 02:51:25 | TestSub: S14 | Epoch 23/100 Finsh | Now_lr 0.0005/0.0005 | Train Loss 0.2642 | Valid Loss 0.1711 | Train Acc 88.6945 | Valid Acc 93.7500
2026-07-10 02:51:36 | TestSub: S14 | Epoch 24/100 Finsh | Now_lr 0.0005/0.0005 | Train Loss 0.2592 | Valid Loss 0.1673 | Train Acc 89.0223 | Valid Acc 94.2042
2026-07-10 02:51:36 | Validation loss decreased (0.169725 --> 0.167301) in epoch (24). Saving model ...
2026-07-10 02:51:46 | TestSub: S14 | Epoch 25/100 Finsh | Now_lr 0.0005/0.0005 | Train Loss 0.2587 | Valid Loss 0.1659 | Train Acc 88.9237 | Valid Acc 94.1134
2026-07-10 02:51:46 | Validation loss decreased (0.167301 --> 0.165940) in epoch (25). Saving model ...
2026-07-10 02:51:57 | TestSub: S14 | Epoch 26/100 Finsh | Now_lr 0.0005/0.0005 | Train Loss 0.2561 | Valid Loss 0.1667 | Train Acc 88.9358 | Valid Acc 94.2769
2026-07-10 02:52:08 | TestSub: S14 | Epoch 27/100 Finsh | Now_lr 0.0005/0.0005 | Train Loss 0.2575 | Valid Loss 0.1596 | Train Acc 89.1490 | Valid Acc 94.2406
2026-07-10 02:52:08 | Validation loss decreased (0.165940 --> 0.159641) in epoch (27). Saving model ...
2026-07-10 02:52:19 | TestSub: S14 | Epoch 28/100 Finsh | Now_lr 0.0005/0.0005 | Train Loss 0.2558 | Valid Loss 0.1607 | Train Acc 88.9056 | Valid Acc 94.7129
2026-07-10 02:52:29 | TestSub: S14 | Epoch 29/100 Finsh | Now_lr 0.0005/0.0005 | Train Loss 0.2537 | Valid Loss 0.1633 | Train Acc 89.1088 | Valid Acc 93.9317
2026-07-10 02:52:40 | TestSub: S14 | Epoch 30/100 Finsh | Now_lr 0.0005/0.0005 | Train Loss 0.2512 | Valid Loss 0.1604 | Train Acc 89.3320 | Valid Acc 94.2224
2026-07-10 02:52:51 | TestSub: S14 | Epoch 31/100 Finsh | Now_lr 0.0005/0.0005 | Train Loss 0.2481 | Valid Loss 0.1583 | Train Acc 89.4546 | Valid Acc 94.5131
2026-07-10 02:52:51 | Validation loss decreased (0.159641 --> 0.158281) in epoch (31). Saving model ...
2026-07-10 02:53:02 | TestSub: S14 | Epoch 32/100 Finsh | Now_lr 0.0005/0.0005 | Train Loss 0.2475 | Valid Loss 0.1526 | Train Acc 89.4204 | Valid Acc 94.4767
2026-07-10 02:53:02 | Validation loss decreased (0.158281 --> 0.152602) in epoch (32). Saving model ...
2026-07-10 02:53:13 | TestSub: S14 | Epoch 33/100 Finsh | Now_lr 0.0005/0.0005 | Train Loss 0.2506 | Valid Loss 0.1587 | Train Acc 89.5150 | Valid Acc 94.4767
2026-07-10 02:53:23 | TestSub: S14 | Epoch 34/100 Finsh | Now_lr 0.0005/0.0005 | Train Loss 0.2453 | Valid Loss 0.1523 | Train Acc 89.6778 | Valid Acc 94.9128
2026-07-10 02:53:23 | Validation loss decreased (0.152602 --> 0.152251) in epoch (34). Saving model ...
2026-07-10 02:53:34 | TestSub: S14 | Epoch 35/100 Finsh | Now_lr 0.0005/0.0005 | Train Loss 0.2494 | Valid Loss 0.1561 | Train Acc 89.4305 | Valid Acc 94.5312
2026-07-10 02:53:45 | TestSub: S14 | Epoch 36/100 Finsh | Now_lr 0.0005/0.0005 | Train Loss 0.2432 | Valid Loss 0.1534 | Train Acc 89.5512 | Valid Acc 94.4041
2026-07-10 02:53:56 | TestSub: S14 | Epoch 37/100 Finsh | Now_lr 0.0005/0.0005 | Train Loss 0.2442 | Valid Loss 0.1525 | Train Acc 89.7502 | Valid Acc 94.4586
2026-07-10 02:54:07 | TestSub: S14 | Epoch 38/100 Finsh | Now_lr 0.0005/0.0005 | Train Loss 0.2466 | Valid Loss 0.1533 | Train Acc 89.5753 | Valid Acc 94.5312
2026-07-10 02:54:17 | TestSub: S14 | Epoch 39/100 Finsh | Now_lr 0.0005/0.0005 | Train Loss 0.2431 | Valid Loss 0.1571 | Train Acc 89.7864 | Valid Acc 94.2587
2026-07-10 02:54:28 | TestSub: S14 | Epoch 40/100 Finsh | Now_lr 0.0005/0.0005 | Train Loss 0.2426 | Valid Loss 0.1485 | Train Acc 89.7100 | Valid Acc 94.8219
2026-07-10 02:54:28 | Validation loss decreased (0.152251 --> 0.148531) in epoch (40). Saving model ...
2026-07-10 02:54:39 | TestSub: S14 | Epoch 41/100 Finsh | Now_lr 0.0005/0.0005 | Train Loss 0.2443 | Valid Loss 0.1534 | Train Acc 89.7281 | Valid Acc 94.5494
2026-07-10 02:54:50 | TestSub: S14 | Epoch 42/100 Finsh | Now_lr 0.0005/0.0005 | Train Loss 0.2413 | Valid Loss 0.1471 | Train Acc 89.9936 | Valid Acc 94.8946
2026-07-10 02:54:50 | Validation loss decreased (0.148531 --> 0.147061) in epoch (42). Saving model ...
2026-07-10 02:55:00 | TestSub: S14 | Epoch 43/100 Finsh | Now_lr 0.0005/0.0005 | Train Loss 0.2403 | Valid Loss 0.1518 | Train Acc 89.7502 | Valid Acc 94.8583
2026-07-10 02:55:11 | TestSub: S14 | Epoch 44/100 Finsh | Now_lr 0.0005/0.0005 | Train Loss 0.2418 | Valid Loss 0.1470 | Train Acc 89.8528 | Valid Acc 94.7493
2026-07-10 02:55:11 | Validation loss decreased (0.147061 --> 0.147019) in epoch (44). Saving model ...
2026-07-10 02:55:22 | TestSub: S14 | Epoch 45/100 Finsh | Now_lr 0.0005/0.0005 | Train Loss 0.2405 | Valid Loss 0.1465 | Train Acc 89.9654 | Valid Acc 94.6948
2026-07-10 02:55:22 | Validation loss decreased (0.147019 --> 0.146486) in epoch (45). Saving model ...
2026-07-10 02:55:33 | TestSub: S14 | Epoch 46/100 Finsh | Now_lr 0.0005/0.0005 | Train Loss 0.2393 | Valid Loss 0.1441 | Train Acc 90.0177 | Valid Acc 94.8583
2026-07-10 02:55:33 | Validation loss decreased (0.146486 --> 0.144061) in epoch (46). Saving model ...
2026-07-10 02:55:44 | TestSub: S14 | Epoch 47/100 Finsh | Now_lr 0.0005/0.0005 | Train Loss 0.2365 | Valid Loss 0.1498 | Train Acc 89.9936 | Valid Acc 94.7674
2026-07-10 02:55:54 | TestSub: S14 | Epoch 48/100 Finsh | Now_lr 0.0005/0.0005 | Train Loss 0.2388 | Valid Loss 0.1442 | Train Acc 89.9051 | Valid Acc 94.6221
2026-07-10 02:56:05 | TestSub: S14 | Epoch 49/100 Finsh | Now_lr 0.0005/0.0005 | Train Loss 0.2371 | Valid Loss 0.1449 | Train Acc 89.9373 | Valid Acc 94.8765
2026-07-10 02:56:16 | TestSub: S14 | Epoch 50/100 Finsh | Now_lr 0.0005/0.0005 | Train Loss 0.2360 | Valid Loss 0.1546 | Train Acc 89.9916 | Valid Acc 94.7493
2026-07-10 02:56:27 | TestSub: S14 | Epoch 51/100 Finsh | Now_lr 0.0005/0.0005 | Train Loss 0.2339 | Valid Loss 0.1432 | Train Acc 90.2148 | Valid Acc 94.8038
2026-07-10 02:56:27 | Validation loss decreased (0.144061 --> 0.143190) in epoch (51). Saving model ...
2026-07-10 02:56:37 | TestSub: S14 | Epoch 52/100 Finsh | Now_lr 0.0005/0.0005 | Train Loss 0.2347 | Valid Loss 0.1410 | Train Acc 90.3415 | Valid Acc 95.0218
2026-07-10 02:56:37 | Validation loss decreased (0.143190 --> 0.141008) in epoch (52). Saving model ...
2026-07-10 02:56:48 | TestSub: S14 | Epoch 53/100 Finsh | Now_lr 0.0005/0.0005 | Train Loss 0.2358 | Valid Loss 0.1394 | Train Acc 90.1585 | Valid Acc 95.0763
2026-07-10 02:56:48 | Validation loss decreased (0.141008 --> 0.139439) in epoch (53). Saving model ...
2026-07-10 02:56:59 | TestSub: S14 | Epoch 54/100 Finsh | Now_lr 0.0005/0.0005 | Train Loss 0.2341 | Valid Loss 0.1411 | Train Acc 90.0097 | Valid Acc 94.5131
2026-07-10 02:57:10 | TestSub: S14 | Epoch 55/100 Finsh | Now_lr 0.0005/0.0005 | Train Loss 0.2342 | Valid Loss 0.1407 | Train Acc 90.1866 | Valid Acc 94.9491
2026-07-10 02:57:20 | TestSub: S14 | Epoch 56/100 Finsh | Now_lr 0.0005/0.0005 | Train Loss 0.2304 | Valid Loss 0.1411 | Train Acc 90.2550 | Valid Acc 95.1490
2026-07-10 02:57:31 | TestSub: S14 | Epoch 57/100 Finsh | Now_lr 0.0005/0.0005 | Train Loss 0.2322 | Valid Loss 0.1367 | Train Acc 90.3535 | Valid Acc 94.9491
2026-07-10 02:57:31 | Validation loss decreased (0.139439 --> 0.136709) in epoch (57). Saving model ...
2026-07-10 02:57:42 | TestSub: S14 | Epoch 58/100 Finsh | Now_lr 0.0005/0.0005 | Train Loss 0.2309 | Valid Loss 0.1369 | Train Acc 90.1766 | Valid Acc 94.9310
2026-07-10 02:57:52 | TestSub: S14 | Epoch 59/100 Finsh | Now_lr 0.0005/0.0005 | Train Loss 0.2319 | Valid Loss 0.1380 | Train Acc 90.3193 | Valid Acc 94.7493
2026-07-10 02:58:03 | TestSub: S14 | Epoch 60/100 Finsh | Now_lr 0.0005/0.0005 | Train Loss 0.2306 | Valid Loss 0.1364 | Train Acc 90.2570 | Valid Acc 95.2035
2026-07-10 02:58:03 | Validation loss decreased (0.136709 --> 0.136383) in epoch (60). Saving model ...
2026-07-10 02:58:14 | TestSub: S14 | Epoch 61/100 Finsh | Now_lr 0.0005/0.0005 | Train Loss 0.2298 | Valid Loss 0.1383 | Train Acc 90.1544 | Valid Acc 94.9310
2026-07-10 02:58:25 | TestSub: S14 | Epoch 62/100 Finsh | Now_lr 0.0005/0.0005 | Train Loss 0.2276 | Valid Loss 0.1417 | Train Acc 90.5385 | Valid Acc 94.9855
2026-07-10 02:58:35 | TestSub: S14 | Epoch 63/100 Finsh | Now_lr 0.0005/0.0005 | Train Loss 0.2292 | Valid Loss 0.1370 | Train Acc 90.3555 | Valid Acc 94.9310
2026-07-10 02:58:46 | TestSub: S14 | Epoch 64/100 Finsh | Now_lr 0.0005/0.0005 | Train Loss 0.2262 | Valid Loss 0.1410 | Train Acc 90.6029 | Valid Acc 94.5131
2026-07-10 02:58:57 | TestSub: S14 | Epoch 65/100 Finsh | Now_lr 0.0005/0.0005 | Train Loss 0.2285 | Valid Loss 0.1357 | Train Acc 90.4400 | Valid Acc 95.0400
2026-07-10 02:58:57 | Validation loss decreased (0.136383 --> 0.135677) in epoch (65). Saving model ...
2026-07-10 02:59:07 | TestSub: S14 | Epoch 66/100 Finsh | Now_lr 0.0005/0.0005 | Train Loss 0.2273 | Valid Loss 0.1334 | Train Acc 90.4058 | Valid Acc 95.1126
2026-07-10 02:59:07 | Validation loss decreased (0.135677 --> 0.133412) in epoch (66). Saving model ...
2026-07-10 02:59:18 | TestSub: S14 | Epoch 67/100 Finsh | Now_lr 0.0005/0.0005 | Train Loss 0.2230 | Valid Loss 0.1352 | Train Acc 90.6049 | Valid Acc 95.0581
2026-07-10 02:59:29 | TestSub: S14 | Epoch 68/100 Finsh | Now_lr 0.0005/0.0005 | Train Loss 0.2274 | Valid Loss 0.1368 | Train Acc 90.5084 | Valid Acc 94.9310
2026-07-10 02:59:39 | TestSub: S14 | Epoch 69/100 Finsh | Now_lr 0.0005/0.0005 | Train Loss 0.2236 | Valid Loss 0.1321 | Train Acc 90.5204 | Valid Acc 95.0763
2026-07-10 02:59:39 | Validation loss decreased (0.133412 --> 0.132084) in epoch (69). Saving model ...
2026-07-10 02:59:50 | TestSub: S14 | Epoch 70/100 Finsh | Now_lr 0.0005/0.0005 | Train Loss 0.2257 | Valid Loss 0.1357 | Train Acc 90.5345 | Valid Acc 94.9310
2026-07-10 03:00:01 | TestSub: S14 | Epoch 71/100 Finsh | Now_lr 0.0005/0.0005 | Train Loss 0.2225 | Valid Loss 0.1337 | Train Acc 90.7457 | Valid Acc 95.4033
2026-07-10 03:00:12 | TestSub: S14 | Epoch 72/100 Finsh | Now_lr 0.0005/0.0005 | Train Loss 0.2249 | Valid Loss 0.1304 | Train Acc 90.6270 | Valid Acc 95.2217
2026-07-10 03:00:12 | Validation loss decreased (0.132084 --> 0.130440) in epoch (72). Saving model ...
2026-07-10 03:00:22 | TestSub: S14 | Epoch 73/100 Finsh | Now_lr 0.0005/0.0005 | Train Loss 0.2271 | Valid Loss 0.1366 | Train Acc 90.3998 | Valid Acc 94.9673
2026-07-10 03:00:33 | TestSub: S14 | Epoch 74/100 Finsh | Now_lr 0.0005/0.0005 | Train Loss 0.2235 | Valid Loss 0.1382 | Train Acc 90.4762 | Valid Acc 94.7311
2026-07-10 03:00:44 | TestSub: S14 | Epoch 75/100 Finsh | Now_lr 0.0005/0.0005 | Train Loss 0.2256 | Valid Loss 0.1354 | Train Acc 90.5466 | Valid Acc 95.0400
2026-07-10 03:00:54 | TestSub: S14 | Epoch 76/100 Finsh | Now_lr 0.0005/0.0005 | Train Loss 0.2217 | Valid Loss 0.1337 | Train Acc 90.6049 | Valid Acc 95.0036
2026-07-10 03:01:05 | TestSub: S14 | Epoch 77/100 Finsh | Now_lr 0.0005/0.0005 | Train Loss 0.2227 | Valid Loss 0.1327 | Train Acc 90.6753 | Valid Acc 95.3852
2026-07-10 03:01:16 | TestSub: S14 | Epoch 78/100 Finsh | Now_lr 0.0005/0.0005 | Train Loss 0.2202 | Valid Loss 0.1379 | Train Acc 90.6692 | Valid Acc 94.7674
2026-07-10 03:01:26 | TestSub: S14 | Epoch 79/100 Finsh | Now_lr 0.0005/0.0005 | Train Loss 0.2236 | Valid Loss 0.1321 | Train Acc 90.6532 | Valid Acc 95.0945
2026-07-10 03:01:37 | TestSub: S14 | Epoch 80/100 Finsh | Now_lr 0.0005/0.0005 | Train Loss 0.2233 | Valid Loss 0.1322 | Train Acc 90.6371 | Valid Acc 94.9491
2026-07-10 03:01:48 | TestSub: S14 | Epoch 81/100 Finsh | Now_lr 0.0005/0.0005 | Train Loss 0.2218 | Valid Loss 0.1387 | Train Acc 90.5727 | Valid Acc 94.8401
2026-07-10 03:01:58 | TestSub: S14 | Epoch 82/100 Finsh | Now_lr 0.0005/0.0005 | Train Loss 0.2189 | Valid Loss 0.1347 | Train Acc 90.9327 | Valid Acc 94.7311
2026-07-10 03:02:09 | TestSub: S14 | Epoch 83/100 Finsh | Now_lr 0.0005/0.0005 | Train Loss 0.2194 | Valid Loss 0.1301 | Train Acc 90.8945 | Valid Acc 95.2217
2026-07-10 03:02:09 | Validation loss decreased (0.130440 --> 0.130132) in epoch (83). Saving model ...
2026-07-10 03:02:20 | TestSub: S14 | Epoch 84/100 Finsh | Now_lr 0.0005/0.0005 | Train Loss 0.2216 | Valid Loss 0.1320 | Train Acc 90.5405 | Valid Acc 94.8765
2026-07-10 03:02:31 | TestSub: S14 | Epoch 85/100 Finsh | Now_lr 0.0005/0.0005 | Train Loss 0.2225 | Valid Loss 0.1340 | Train Acc 90.6733 | Valid Acc 95.3125
2026-07-10 03:02:41 | TestSub: S14 | Epoch 86/100 Finsh | Now_lr 0.0005/0.0005 | Train Loss 0.2161 | Valid Loss 0.1395 | Train Acc 91.1941 | Valid Acc 94.7856
2026-07-10 03:02:52 | TestSub: S14 | Epoch 87/100 Finsh | Now_lr 0.0005/0.0005 | Train Loss 0.2187 | Valid Loss 0.1291 | Train Acc 90.7537 | Valid Acc 95.4215
2026-07-10 03:02:52 | Validation loss decreased (0.130132 --> 0.129113) in epoch (87). Saving model ...
2026-07-10 03:03:03 | TestSub: S14 | Epoch 88/100 Finsh | Now_lr 0.0005/0.0005 | Train Loss 0.2177 | Valid Loss 0.1319 | Train Acc 90.7819 | Valid Acc 94.8583
2026-07-10 03:03:13 | TestSub: S14 | Epoch 89/100 Finsh | Now_lr 0.0005/0.0005 | Train Loss 0.2172 | Valid Loss 0.1311 | Train Acc 90.9950 | Valid Acc 95.0400
2026-07-10 03:03:24 | TestSub: S14 | Epoch 90/100 Finsh | Now_lr 0.0005/0.0005 | Train Loss 0.2134 | Valid Loss 0.1300 | Train Acc 91.0915 | Valid Acc 95.3307
2026-07-10 03:03:35 | TestSub: S14 | Epoch 91/100 Finsh | Now_lr 0.0005/0.0005 | Train Loss 0.2168 | Valid Loss 0.1309 | Train Acc 90.8945 | Valid Acc 95.2762
2026-07-10 03:03:45 | TestSub: S14 | Epoch 92/100 Finsh | Now_lr 0.0005/0.0005 | Train Loss 0.2175 | Valid Loss 0.1343 | Train Acc 90.7798 | Valid Acc 95.2398
2026-07-10 03:03:56 | TestSub: S14 | Epoch 93/100 Finsh | Now_lr 0.0005/0.0005 | Train Loss 0.2131 | Valid Loss 0.1277 | Train Acc 91.1921 | Valid Acc 95.1853
2026-07-10 03:03:56 | Validation loss decreased (0.129113 --> 0.127700) in epoch (93). Saving model ...
2026-07-10 03:04:07 | TestSub: S14 | Epoch 94/100 Finsh | Now_lr 0.0005/0.0005 | Train Loss 0.2157 | Valid Loss 0.1290 | Train Acc 91.0976 | Valid Acc 95.0218
2026-07-10 03:04:17 | TestSub: S14 | Epoch 95/100 Finsh | Now_lr 0.0005/0.0005 | Train Loss 0.2153 | Valid Loss 0.1263 | Train Acc 91.0935 | Valid Acc 95.1853
2026-07-10 03:04:17 | Validation loss decreased (0.127700 --> 0.126265) in epoch (95). Saving model ...
2026-07-10 03:04:28 | TestSub: S14 | Epoch 96/100 Finsh | Now_lr 0.0005/0.0005 | Train Loss 0.2140 | Valid Loss 0.1315 | Train Acc 91.0071 | Valid Acc 95.2580
2026-07-10 03:04:39 | TestSub: S14 | Epoch 97/100 Finsh | Now_lr 0.0005/0.0005 | Train Loss 0.2168 | Valid Loss 0.1233 | Train Acc 90.9146 | Valid Acc 95.5124
2026-07-10 03:04:39 | Validation loss decreased (0.126265 --> 0.123297) in epoch (97). Saving model ...
2026-07-10 03:04:49 | TestSub: S14 | Epoch 98/100 Finsh | Now_lr 0.0005/0.0005 | Train Loss 0.2151 | Valid Loss 0.1299 | Train Acc 90.9608 | Valid Acc 94.8038
2026-07-10 03:05:00 | TestSub: S14 | Epoch 99/100 Finsh | Now_lr 0.0005/0.0005 | Train Loss 0.2126 | Valid Loss 0.1275 | Train Acc 90.8643 | Valid Acc 95.3488
2026-07-10 03:05:11 | TestSub: S14 | Epoch 100/100 Finsh | Now_lr 0.0005/0.0005 | Train Loss 0.2146 | Valid Loss 0.1261 | Train Acc 91.0654 | Valid Acc 95.2943
2026-07-10 03:05:11 | --------------------------------------------------
2026-07-10 03:05:11 | Test_Subject :S14 | Best epoch:97 | Test Loss:0.3406 | Savemodel Acc 85.8887
2026-07-10 03:05:11 | --------------------------------------------------
2026-07-10 03:05:11 | Best epoch: 97 | Test acc: 85.8887
