2026-07-10 04:37:06 | Logging started: ./writer/Subject_dependent_AAD/KUL/0.1s/result//Train0.1s_sub1.log
2026-07-10 04:37:12 | Sub_id: 1
2026-07-10 04:37:30 | TestSub: S1 | Epoch  1/100 Finsh | Now_lr 0.0005/0.0005 | Train Loss 0.4803 | Valid Loss 0.3180 | Train Acc 76.8098 | Valid Acc 87.6090
2026-07-10 04:37:30 | Validation loss decreased (inf --> 0.318036) in epoch (1). Saving model ...
2026-07-10 04:37:42 | TestSub: S1 | Epoch  2/100 Finsh | Now_lr 0.0005/0.0005 | Train Loss 0.3643 | Valid Loss 0.2843 | Train Acc 83.8642 | Valid Acc 88.4084
2026-07-10 04:37:42 | Validation loss decreased (0.318036 --> 0.284290) in epoch (2). Saving model ...
2026-07-10 04:37:54 | TestSub: S1 | Epoch  3/100 Finsh | Now_lr 0.0005/0.0005 | Train Loss 0.3395 | Valid Loss 0.2701 | Train Acc 85.1874 | Valid Acc 89.0807
2026-07-10 04:37:54 | Validation loss decreased (0.284290 --> 0.270068) in epoch (3). Saving model ...
2026-07-10 04:38:06 | TestSub: S1 | Epoch  4/100 Finsh | Now_lr 0.0005/0.0005 | Train Loss 0.3298 | Valid Loss 0.2641 | Train Acc 85.7485 | Valid Acc 89.3532
2026-07-10 04:38:06 | Validation loss decreased (0.270068 --> 0.264141) in epoch (4). Saving model ...
2026-07-10 04:38:19 | TestSub: S1 | Epoch  5/100 Finsh | Now_lr 0.0005/0.0005 | Train Loss 0.3232 | Valid Loss 0.2566 | Train Acc 86.0883 | Valid Acc 89.3169
2026-07-10 04:38:19 | Validation loss decreased (0.264141 --> 0.256584) in epoch (5). Saving model ...
2026-07-10 04:38:31 | TestSub: S1 | Epoch  6/100 Finsh | Now_lr 0.0005/0.0005 | Train Loss 0.3132 | Valid Loss 0.2436 | Train Acc 86.5850 | Valid Acc 90.3706
2026-07-10 04:38:31 | Validation loss decreased (0.256584 --> 0.243610) in epoch (6). Saving model ...
2026-07-10 04:38:44 | TestSub: S1 | Epoch  7/100 Finsh | Now_lr 0.0005/0.0005 | Train Loss 0.3077 | Valid Loss 0.2331 | Train Acc 86.8585 | Valid Acc 90.9702
2026-07-10 04:38:44 | Validation loss decreased (0.243610 --> 0.233101) in epoch (7). Saving model ...
2026-07-10 04:38:57 | TestSub: S1 | Epoch  8/100 Finsh | Now_lr 0.0005/0.0005 | Train Loss 0.3070 | Valid Loss 0.2289 | Train Acc 86.8464 | Valid Acc 91.1882
2026-07-10 04:38:57 | Validation loss decreased (0.233101 --> 0.228930) in epoch (8). Saving model ...
2026-07-10 04:39:10 | TestSub: S1 | Epoch  9/100 Finsh | Now_lr 0.0005/0.0005 | Train Loss 0.3001 | Valid Loss 0.2276 | Train Acc 87.1501 | Valid Acc 90.5887
2026-07-10 04:39:10 | Validation loss decreased (0.228930 --> 0.227578) in epoch (9). Saving model ...
2026-07-10 04:39:22 | TestSub: S1 | Epoch 10/100 Finsh | Now_lr 0.0005/0.0005 | Train Loss 0.2992 | Valid Loss 0.2266 | Train Acc 87.1541 | Valid Acc 91.1156
2026-07-10 04:39:22 | Validation loss decreased (0.227578 --> 0.226579) in epoch (10). Saving model ...
2026-07-10 04:39:35 | TestSub: S1 | Epoch 11/100 Finsh | Now_lr 0.0005/0.0005 | Train Loss 0.2924 | Valid Loss 0.2249 | Train Acc 87.6267 | Valid Acc 91.4971
2026-07-10 04:39:35 | Validation loss decreased (0.226579 --> 0.224851) in epoch (11). Saving model ...
2026-07-10 04:39:47 | TestSub: S1 | Epoch 12/100 Finsh | Now_lr 0.0005/0.0005 | Train Loss 0.2917 | Valid Loss 0.2227 | Train Acc 87.6126 | Valid Acc 91.4062
2026-07-10 04:39:47 | Validation loss decreased (0.224851 --> 0.222728) in epoch (12). Saving model ...
2026-07-10 04:39:58 | TestSub: S1 | Epoch 13/100 Finsh | Now_lr 0.0005/0.0005 | Train Loss 0.2887 | Valid Loss 0.2150 | Train Acc 87.7654 | Valid Acc 91.4789
2026-07-10 04:39:58 | Validation loss decreased (0.222728 --> 0.214956) in epoch (13). Saving model ...
2026-07-10 04:40:10 | TestSub: S1 | Epoch 14/100 Finsh | Now_lr 0.0005/0.0005 | Train Loss 0.2893 | Valid Loss 0.2140 | Train Acc 87.7996 | Valid Acc 91.5879
2026-07-10 04:40:10 | Validation loss decreased (0.214956 --> 0.214045) in epoch (14). Saving model ...
2026-07-10 04:40:21 | TestSub: S1 | Epoch 15/100 Finsh | Now_lr 0.0005/0.0005 | Train Loss 0.2908 | Valid Loss 0.2145 | Train Acc 87.5824 | Valid Acc 91.6243
2026-07-10 04:40:34 | TestSub: S1 | Epoch 16/100 Finsh | Now_lr 0.0005/0.0005 | Train Loss 0.2838 | Valid Loss 0.2132 | Train Acc 88.1093 | Valid Acc 91.2064
2026-07-10 04:40:34 | Validation loss decreased (0.214045 --> 0.213201) in epoch (16). Saving model ...
2026-07-10 04:40:46 | TestSub: S1 | Epoch 17/100 Finsh | Now_lr 0.0005/0.0005 | Train Loss 0.2825 | Valid Loss 0.2165 | Train Acc 88.1475 | Valid Acc 91.6061
2026-07-10 04:40:57 | TestSub: S1 | Epoch 18/100 Finsh | Now_lr 0.0005/0.0005 | Train Loss 0.2802 | Valid Loss 0.2039 | Train Acc 88.0168 | Valid Acc 92.1875
2026-07-10 04:40:57 | Validation loss decreased (0.213201 --> 0.203899) in epoch (18). Saving model ...
2026-07-10 04:41:08 | TestSub: S1 | Epoch 19/100 Finsh | Now_lr 0.0005/0.0005 | Train Loss 0.2776 | Valid Loss 0.2049 | Train Acc 88.0972 | Valid Acc 92.2602
2026-07-10 04:41:19 | TestSub: S1 | Epoch 20/100 Finsh | Now_lr 0.0005/0.0005 | Train Loss 0.2777 | Valid Loss 0.2032 | Train Acc 88.0389 | Valid Acc 92.1148
2026-07-10 04:41:19 | Validation loss decreased (0.203899 --> 0.203230) in epoch (20). Saving model ...
2026-07-10 04:41:30 | TestSub: S1 | Epoch 21/100 Finsh | Now_lr 0.0005/0.0005 | Train Loss 0.2740 | Valid Loss 0.1969 | Train Acc 88.3788 | Valid Acc 92.2238
2026-07-10 04:41:30 | Validation loss decreased (0.203230 --> 0.196911) in epoch (21). Saving model ...
2026-07-10 04:41:43 | TestSub: S1 | Epoch 22/100 Finsh | Now_lr 0.0005/0.0005 | Train Loss 0.2763 | Valid Loss 0.2000 | Train Acc 88.3526 | Valid Acc 92.2602
2026-07-10 04:41:56 | TestSub: S1 | Epoch 23/100 Finsh | Now_lr 0.0005/0.0005 | Train Loss 0.2773 | Valid Loss 0.1993 | Train Acc 88.3607 | Valid Acc 92.2602
2026-07-10 04:42:08 | TestSub: S1 | Epoch 24/100 Finsh | Now_lr 0.0005/0.0005 | Train Loss 0.2719 | Valid Loss 0.1990 | Train Acc 88.6322 | Valid Acc 92.5872
2026-07-10 04:42:19 | TestSub: S1 | Epoch 25/100 Finsh | Now_lr 0.0005/0.0005 | Train Loss 0.2708 | Valid Loss 0.1933 | Train Acc 88.5175 | Valid Acc 92.1875
2026-07-10 04:42:19 | Validation loss decreased (0.196911 --> 0.193335) in epoch (25). Saving model ...
2026-07-10 04:42:30 | TestSub: S1 | Epoch 26/100 Finsh | Now_lr 0.0005/0.0005 | Train Loss 0.2707 | Valid Loss 0.1897 | Train Acc 88.6261 | Valid Acc 92.7326
2026-07-10 04:42:30 | Validation loss decreased (0.193335 --> 0.189686) in epoch (26). Saving model ...
2026-07-10 04:42:41 | TestSub: S1 | Epoch 27/100 Finsh | Now_lr 0.0005/0.0005 | Train Loss 0.2673 | Valid Loss 0.1899 | Train Acc 88.8011 | Valid Acc 92.8961
2026-07-10 04:42:52 | TestSub: S1 | Epoch 28/100 Finsh | Now_lr 0.0005/0.0005 | Train Loss 0.2642 | Valid Loss 0.1931 | Train Acc 88.8976 | Valid Acc 92.4055
2026-07-10 04:43:03 | TestSub: S1 | Epoch 29/100 Finsh | Now_lr 0.0005/0.0005 | Train Loss 0.2639 | Valid Loss 0.1820 | Train Acc 88.9740 | Valid Acc 93.1141
2026-07-10 04:43:03 | Validation loss decreased (0.189686 --> 0.181955) in epoch (29). Saving model ...
2026-07-10 04:43:14 | TestSub: S1 | Epoch 30/100 Finsh | Now_lr 0.0005/0.0005 | Train Loss 0.2641 | Valid Loss 0.1851 | Train Acc 88.8936 | Valid Acc 93.2776
2026-07-10 04:43:25 | TestSub: S1 | Epoch 31/100 Finsh | Now_lr 0.0005/0.0005 | Train Loss 0.2592 | Valid Loss 0.1819 | Train Acc 89.1630 | Valid Acc 92.8234
2026-07-10 04:43:25 | Validation loss decreased (0.181955 --> 0.181893) in epoch (31). Saving model ...
2026-07-10 04:43:38 | TestSub: S1 | Epoch 32/100 Finsh | Now_lr 0.0005/0.0005 | Train Loss 0.2588 | Valid Loss 0.1810 | Train Acc 89.1188 | Valid Acc 93.1686
2026-07-10 04:43:38 | Validation loss decreased (0.181893 --> 0.180971) in epoch (32). Saving model ...
2026-07-10 04:43:49 | TestSub: S1 | Epoch 33/100 Finsh | Now_lr 0.0005/0.0005 | Train Loss 0.2589 | Valid Loss 0.1803 | Train Acc 89.2334 | Valid Acc 92.9688
2026-07-10 04:43:49 | Validation loss decreased (0.180971 --> 0.180283) in epoch (33). Saving model ...
2026-07-10 04:44:00 | TestSub: S1 | Epoch 34/100 Finsh | Now_lr 0.0005/0.0005 | Train Loss 0.2564 | Valid Loss 0.1751 | Train Acc 89.2234 | Valid Acc 93.2049
2026-07-10 04:44:00 | Validation loss decreased (0.180283 --> 0.175139) in epoch (34). Saving model ...
2026-07-10 04:44:11 | TestSub: S1 | Epoch 35/100 Finsh | Now_lr 0.0005/0.0005 | Train Loss 0.2557 | Valid Loss 0.1773 | Train Acc 89.2978 | Valid Acc 93.3503
2026-07-10 04:44:22 | TestSub: S1 | Epoch 36/100 Finsh | Now_lr 0.0005/0.0005 | Train Loss 0.2539 | Valid Loss 0.1755 | Train Acc 89.4265 | Valid Acc 93.3685
2026-07-10 04:44:33 | TestSub: S1 | Epoch 37/100 Finsh | Now_lr 0.0005/0.0005 | Train Loss 0.2520 | Valid Loss 0.1716 | Train Acc 89.6437 | Valid Acc 93.5320
2026-07-10 04:44:33 | Validation loss decreased (0.175139 --> 0.171617) in epoch (37). Saving model ...
2026-07-10 04:44:44 | TestSub: S1 | Epoch 38/100 Finsh | Now_lr 0.0005/0.0005 | Train Loss 0.2529 | Valid Loss 0.1735 | Train Acc 89.3762 | Valid Acc 93.7318
2026-07-10 04:44:55 | TestSub: S1 | Epoch 39/100 Finsh | Now_lr 0.0005/0.0005 | Train Loss 0.2491 | Valid Loss 0.1717 | Train Acc 89.5411 | Valid Acc 93.6410
2026-07-10 04:45:06 | TestSub: S1 | Epoch 40/100 Finsh | Now_lr 0.0005/0.0005 | Train Loss 0.2469 | Valid Loss 0.1691 | Train Acc 89.7060 | Valid Acc 93.2594
2026-07-10 04:45:06 | Validation loss decreased (0.171617 --> 0.169067) in epoch (40). Saving model ...
2026-07-10 04:45:17 | TestSub: S1 | Epoch 41/100 Finsh | Now_lr 0.0005/0.0005 | Train Loss 0.2485 | Valid Loss 0.1686 | Train Acc 89.6618 | Valid Acc 93.5865
2026-07-10 04:45:18 | Validation loss decreased (0.169067 --> 0.168552) in epoch (41). Saving model ...
2026-07-10 04:45:29 | TestSub: S1 | Epoch 42/100 Finsh | Now_lr 0.0005/0.0005 | Train Loss 0.2454 | Valid Loss 0.1665 | Train Acc 89.7583 | Valid Acc 93.6047
2026-07-10 04:45:29 | Validation loss decreased (0.168552 --> 0.166502) in epoch (42). Saving model ...
2026-07-10 04:45:40 | TestSub: S1 | Epoch 43/100 Finsh | Now_lr 0.0005/0.0005 | Train Loss 0.2453 | Valid Loss 0.1696 | Train Acc 89.7422 | Valid Acc 93.3685
2026-07-10 04:45:51 | TestSub: S1 | Epoch 44/100 Finsh | Now_lr 0.0005/0.0005 | Train Loss 0.2460 | Valid Loss 0.1686 | Train Acc 89.7221 | Valid Acc 93.4230
2026-07-10 04:46:02 | TestSub: S1 | Epoch 45/100 Finsh | Now_lr 0.0005/0.0005 | Train Loss 0.2458 | Valid Loss 0.1619 | Train Acc 89.6919 | Valid Acc 93.7137
2026-07-10 04:46:02 | Validation loss decreased (0.166502 --> 0.161876) in epoch (45). Saving model ...
2026-07-10 04:46:13 | TestSub: S1 | Epoch 46/100 Finsh | Now_lr 0.0005/0.0005 | Train Loss 0.2468 | Valid Loss 0.1640 | Train Acc 89.5371 | Valid Acc 93.6410
2026-07-10 04:46:23 | TestSub: S1 | Epoch 47/100 Finsh | Now_lr 0.0005/0.0005 | Train Loss 0.2413 | Valid Loss 0.1642 | Train Acc 89.9574 | Valid Acc 93.8772
2026-07-10 04:46:34 | TestSub: S1 | Epoch 48/100 Finsh | Now_lr 0.0005/0.0005 | Train Loss 0.2444 | Valid Loss 0.1612 | Train Acc 89.8367 | Valid Acc 93.8953
2026-07-10 04:46:34 | Validation loss decreased (0.161876 --> 0.161212) in epoch (48). Saving model ...
2026-07-10 04:46:45 | TestSub: S1 | Epoch 49/100 Finsh | Now_lr 0.0005/0.0005 | Train Loss 0.2399 | Valid Loss 0.1636 | Train Acc 90.0559 | Valid Acc 93.6410
2026-07-10 04:46:56 | TestSub: S1 | Epoch 50/100 Finsh | Now_lr 0.0005/0.0005 | Train Loss 0.2407 | Valid Loss 0.1660 | Train Acc 89.9131 | Valid Acc 93.8772
2026-07-10 04:47:07 | TestSub: S1 | Epoch 51/100 Finsh | Now_lr 0.0005/0.0005 | Train Loss 0.2421 | Valid Loss 0.1639 | Train Acc 89.8970 | Valid Acc 93.8953
2026-07-10 04:47:18 | TestSub: S1 | Epoch 52/100 Finsh | Now_lr 0.0005/0.0005 | Train Loss 0.2388 | Valid Loss 0.1589 | Train Acc 90.2128 | Valid Acc 93.9862
2026-07-10 04:47:18 | Validation loss decreased (0.161212 --> 0.158887) in epoch (52). Saving model ...
2026-07-10 04:47:29 | TestSub: S1 | Epoch 53/100 Finsh | Now_lr 0.0005/0.0005 | Train Loss 0.2367 | Valid Loss 0.1573 | Train Acc 90.0861 | Valid Acc 93.9499
2026-07-10 04:47:29 | Validation loss decreased (0.158887 --> 0.157327) in epoch (53). Saving model ...
2026-07-10 04:47:40 | TestSub: S1 | Epoch 54/100 Finsh | Now_lr 0.0005/0.0005 | Train Loss 0.2370 | Valid Loss 0.1544 | Train Acc 90.0720 | Valid Acc 94.1315
2026-07-10 04:47:40 | Validation loss decreased (0.157327 --> 0.154384) in epoch (54). Saving model ...
2026-07-10 04:47:53 | TestSub: S1 | Epoch 55/100 Finsh | Now_lr 0.0005/0.0005 | Train Loss 0.2343 | Valid Loss 0.1596 | Train Acc 90.1001 | Valid Acc 94.1860
2026-07-10 04:48:05 | TestSub: S1 | Epoch 56/100 Finsh | Now_lr 0.0005/0.0005 | Train Loss 0.2345 | Valid Loss 0.1591 | Train Acc 90.2349 | Valid Acc 93.8772
2026-07-10 04:48:18 | TestSub: S1 | Epoch 57/100 Finsh | Now_lr 0.0005/0.0005 | Train Loss 0.2360 | Valid Loss 0.1509 | Train Acc 90.0780 | Valid Acc 94.1134
2026-07-10 04:48:18 | Validation loss decreased (0.154384 --> 0.150939) in epoch (57). Saving model ...
2026-07-10 04:48:30 | TestSub: S1 | Epoch 58/100 Finsh | Now_lr 0.0005/0.0005 | Train Loss 0.2323 | Valid Loss 0.1521 | Train Acc 90.4078 | Valid Acc 94.1315
2026-07-10 04:48:41 | TestSub: S1 | Epoch 59/100 Finsh | Now_lr 0.0005/0.0005 | Train Loss 0.2332 | Valid Loss 0.1518 | Train Acc 90.2972 | Valid Acc 94.3859
2026-07-10 04:48:54 | TestSub: S1 | Epoch 60/100 Finsh | Now_lr 0.0005/0.0005 | Train Loss 0.2356 | Valid Loss 0.1526 | Train Acc 90.2148 | Valid Acc 94.2042
2026-07-10 04:49:07 | TestSub: S1 | Epoch 61/100 Finsh | Now_lr 0.0005/0.0005 | Train Loss 0.2305 | Valid Loss 0.1518 | Train Acc 90.3958 | Valid Acc 93.9862
2026-07-10 04:49:20 | TestSub: S1 | Epoch 62/100 Finsh | Now_lr 0.0005/0.0005 | Train Loss 0.2286 | Valid Loss 0.1526 | Train Acc 90.6250 | Valid Acc 94.2951
2026-07-10 04:49:32 | TestSub: S1 | Epoch 63/100 Finsh | Now_lr 0.0005/0.0005 | Train Loss 0.2322 | Valid Loss 0.1528 | Train Acc 90.3495 | Valid Acc 94.2224
2026-07-10 04:49:43 | TestSub: S1 | Epoch 64/100 Finsh | Now_lr 0.0005/0.0005 | Train Loss 0.2294 | Valid Loss 0.1525 | Train Acc 90.4862 | Valid Acc 94.2951
2026-07-10 04:49:54 | TestSub: S1 | Epoch 65/100 Finsh | Now_lr 0.0005/0.0005 | Train Loss 0.2308 | Valid Loss 0.1514 | Train Acc 90.4541 | Valid Acc 94.4767
2026-07-10 04:50:05 | TestSub: S1 | Epoch 66/100 Finsh | Now_lr 0.0005/0.0005 | Train Loss 0.2253 | Valid Loss 0.1468 | Train Acc 90.5808 | Valid Acc 94.5131
2026-07-10 04:50:05 | Validation loss decreased (0.150939 --> 0.146805) in epoch (66). Saving model ...
2026-07-10 04:50:18 | TestSub: S1 | Epoch 67/100 Finsh | Now_lr 0.0005/0.0005 | Train Loss 0.2261 | Valid Loss 0.1470 | Train Acc 90.5908 | Valid Acc 94.3314
2026-07-10 04:50:30 | TestSub: S1 | Epoch 68/100 Finsh | Now_lr 0.0005/0.0005 | Train Loss 0.2294 | Valid Loss 0.1458 | Train Acc 90.3736 | Valid Acc 94.4586
2026-07-10 04:50:30 | Validation loss decreased (0.146805 --> 0.145792) in epoch (68). Saving model ...
2026-07-10 04:50:43 | TestSub: S1 | Epoch 69/100 Finsh | Now_lr 0.0005/0.0005 | Train Loss 0.2267 | Valid Loss 0.1495 | Train Acc 90.6853 | Valid Acc 94.4586
2026-07-10 04:50:54 | TestSub: S1 | Epoch 70/100 Finsh | Now_lr 0.0005/0.0005 | Train Loss 0.2245 | Valid Loss 0.1430 | Train Acc 90.6672 | Valid Acc 94.4949
2026-07-10 04:50:54 | Validation loss decreased (0.145792 --> 0.143003) in epoch (70). Saving model ...
2026-07-10 04:51:05 | TestSub: S1 | Epoch 71/100 Finsh | Now_lr 0.0005/0.0005 | Train Loss 0.2269 | Valid Loss 0.1472 | Train Acc 90.8321 | Valid Acc 94.3314
2026-07-10 04:51:16 | TestSub: S1 | Epoch 72/100 Finsh | Now_lr 0.0005/0.0005 | Train Loss 0.2269 | Valid Loss 0.1429 | Train Acc 90.6532 | Valid Acc 94.6403
2026-07-10 04:51:16 | Validation loss decreased (0.143003 --> 0.142890) in epoch (72). Saving model ...
2026-07-10 04:51:27 | TestSub: S1 | Epoch 73/100 Finsh | Now_lr 0.0005/0.0005 | Train Loss 0.2235 | Valid Loss 0.1456 | Train Acc 90.6592 | Valid Acc 94.5494
2026-07-10 04:51:39 | TestSub: S1 | Epoch 74/100 Finsh | Now_lr 0.0005/0.0005 | Train Loss 0.2258 | Valid Loss 0.1441 | Train Acc 90.7235 | Valid Acc 94.5312
2026-07-10 04:51:50 | TestSub: S1 | Epoch 75/100 Finsh | Now_lr 0.0005/0.0005 | Train Loss 0.2261 | Valid Loss 0.1465 | Train Acc 90.5948 | Valid Acc 94.5131
2026-07-10 04:52:01 | TestSub: S1 | Epoch 76/100 Finsh | Now_lr 0.0005/0.0005 | Train Loss 0.2259 | Valid Loss 0.1436 | Train Acc 90.6250 | Valid Acc 94.7311
2026-07-10 04:52:12 | TestSub: S1 | Epoch 77/100 Finsh | Now_lr 0.0005/0.0005 | Train Loss 0.2210 | Valid Loss 0.1430 | Train Acc 90.8442 | Valid Acc 94.8401
2026-07-10 04:52:23 | TestSub: S1 | Epoch 78/100 Finsh | Now_lr 0.0005/0.0005 | Train Loss 0.2224 | Valid Loss 0.1418 | Train Acc 90.8422 | Valid Acc 94.5494
2026-07-10 04:52:23 | Validation loss decreased (0.142890 --> 0.141764) in epoch (78). Saving model ...
2026-07-10 04:52:35 | TestSub: S1 | Epoch 79/100 Finsh | Now_lr 0.0005/0.0005 | Train Loss 0.2234 | Valid Loss 0.1480 | Train Acc 90.7316 | Valid Acc 94.2406
2026-07-10 04:52:47 | TestSub: S1 | Epoch 80/100 Finsh | Now_lr 0.0005/0.0005 | Train Loss 0.2180 | Valid Loss 0.1418 | Train Acc 90.9568 | Valid Acc 94.3314
2026-07-10 04:52:47 | Validation loss decreased (0.141764 --> 0.141763) in epoch (80). Saving model ...
2026-07-10 04:52:57 | TestSub: S1 | Epoch 81/100 Finsh | Now_lr 0.0005/0.0005 | Train Loss 0.2220 | Valid Loss 0.1415 | Train Acc 90.7778 | Valid Acc 94.5312
2026-07-10 04:52:57 | Validation loss decreased (0.141763 --> 0.141469) in epoch (81). Saving model ...
2026-07-10 04:53:08 | TestSub: S1 | Epoch 82/100 Finsh | Now_lr 0.0005/0.0005 | Train Loss 0.2219 | Valid Loss 0.1401 | Train Acc 90.8120 | Valid Acc 94.7856
2026-07-10 04:53:08 | Validation loss decreased (0.141469 --> 0.140062) in epoch (82). Saving model ...
2026-07-10 04:53:19 | TestSub: S1 | Epoch 83/100 Finsh | Now_lr 0.0005/0.0005 | Train Loss 0.2190 | Valid Loss 0.1385 | Train Acc 91.0694 | Valid Acc 94.5131
2026-07-10 04:53:19 | Validation loss decreased (0.140062 --> 0.138471) in epoch (83). Saving model ...
2026-07-10 04:53:31 | TestSub: S1 | Epoch 84/100 Finsh | Now_lr 0.0005/0.0005 | Train Loss 0.2206 | Valid Loss 0.1397 | Train Acc 90.9709 | Valid Acc 94.9310
2026-07-10 04:53:43 | TestSub: S1 | Epoch 85/100 Finsh | Now_lr 0.0005/0.0005 | Train Loss 0.2208 | Valid Loss 0.1403 | Train Acc 91.0031 | Valid Acc 94.6766
2026-07-10 04:53:54 | TestSub: S1 | Epoch 86/100 Finsh | Now_lr 0.0005/0.0005 | Train Loss 0.2221 | Valid Loss 0.1391 | Train Acc 90.7074 | Valid Acc 94.7674
2026-07-10 04:54:05 | TestSub: S1 | Epoch 87/100 Finsh | Now_lr 0.0005/0.0005 | Train Loss 0.2200 | Valid Loss 0.1398 | Train Acc 90.9648 | Valid Acc 94.5494
2026-07-10 04:54:16 | TestSub: S1 | Epoch 88/100 Finsh | Now_lr 0.0005/0.0005 | Train Loss 0.2180 | Valid Loss 0.1392 | Train Acc 91.0131 | Valid Acc 94.6221
2026-07-10 04:54:27 | TestSub: S1 | Epoch 89/100 Finsh | Now_lr 0.0005/0.0005 | Train Loss 0.2185 | Valid Loss 0.1393 | Train Acc 90.8824 | Valid Acc 94.8219
2026-07-10 04:54:38 | TestSub: S1 | Epoch 90/100 Finsh | Now_lr 0.0005/0.0005 | Train Loss 0.2193 | Valid Loss 0.1372 | Train Acc 90.9628 | Valid Acc 94.6221
2026-07-10 04:54:38 | Validation loss decreased (0.138471 --> 0.137198) in epoch (90). Saving model ...
2026-07-10 04:54:50 | TestSub: S1 | Epoch 91/100 Finsh | Now_lr 0.0005/0.0005 | Train Loss 0.2188 | Valid Loss 0.1410 | Train Acc 91.0031 | Valid Acc 94.3859
2026-07-10 04:55:01 | TestSub: S1 | Epoch 92/100 Finsh | Now_lr 0.0005/0.0005 | Train Loss 0.2205 | Valid Loss 0.1418 | Train Acc 90.9809 | Valid Acc 94.6403
2026-07-10 04:55:13 | TestSub: S1 | Epoch 93/100 Finsh | Now_lr 0.0005/0.0005 | Train Loss 0.2202 | Valid Loss 0.1442 | Train Acc 90.8462 | Valid Acc 94.8401
2026-07-10 04:55:25 | TestSub: S1 | Epoch 94/100 Finsh | Now_lr 0.0005/0.0005 | Train Loss 0.2157 | Valid Loss 0.1380 | Train Acc 90.8382 | Valid Acc 95.1126
2026-07-10 04:55:37 | TestSub: S1 | Epoch 95/100 Finsh | Now_lr 0.0005/0.0005 | Train Loss 0.2189 | Valid Loss 0.1372 | Train Acc 90.9608 | Valid Acc 94.7311
2026-07-10 04:55:37 | Validation loss decreased (0.137198 --> 0.137162) in epoch (95). Saving model ...
2026-07-10 04:55:49 | TestSub: S1 | Epoch 96/100 Finsh | Now_lr 0.0005/0.0005 | Train Loss 0.2185 | Valid Loss 0.1402 | Train Acc 90.9327 | Valid Acc 94.6948
2026-07-10 04:56:00 | TestSub: S1 | Epoch 97/100 Finsh | Now_lr 0.0005/0.0005 | Train Loss 0.2166 | Valid Loss 0.1352 | Train Acc 90.9628 | Valid Acc 94.8219
2026-07-10 04:56:00 | Validation loss decreased (0.137162 --> 0.135244) in epoch (97). Saving model ...
2026-07-10 04:56:11 | TestSub: S1 | Epoch 98/100 Finsh | Now_lr 0.0005/0.0005 | Train Loss 0.2150 | Valid Loss 0.1391 | Train Acc 91.1921 | Valid Acc 94.6039
2026-07-10 04:56:22 | TestSub: S1 | Epoch 99/100 Finsh | Now_lr 0.0005/0.0005 | Train Loss 0.2123 | Valid Loss 0.1343 | Train Acc 91.2786 | Valid Acc 95.0763
2026-07-10 04:56:22 | Validation loss decreased (0.135244 --> 0.134271) in epoch (99). Saving model ...
2026-07-10 04:56:33 | TestSub: S1 | Epoch 100/100 Finsh | Now_lr 0.0005/0.0005 | Train Loss 0.2161 | Valid Loss 0.1376 | Train Acc 91.1478 | Valid Acc 94.8583
2026-07-10 04:56:34 | --------------------------------------------------
2026-07-10 04:56:34 | Test_Subject :S1 | Best epoch:99 | Test Loss:0.2488 | Savemodel Acc 89.0462
2026-07-10 04:56:34 | --------------------------------------------------
2026-07-10 04:56:34 | Best epoch: 99 | Test acc: 89.0462
----------------------------------------------
2026-07-10 04:54:46 | Best epoch: 99 | Test acc: 88.8021
