2026-07-13 09:27:57 | Logging started: ./writer/Subject_dependent_AAD/AVEDao/5.0s/result//Train5.0s_sub10.log
2026-07-13 09:27:59 | Sub_id: 10
2026-07-13 09:28:01 | TestSub: S10 | Epoch  1/100 Finsh | Now_lr 0.0005/0.0005 | Train Loss 0.6879 | Valid Loss 0.7041 | Train Acc 56.2500 | Valid Acc 51.5625
2026-07-13 09:28:01 | Validation loss decreased (inf --> 0.704076) in epoch (1). Saving model ...
2026-07-13 09:28:01 | TestSub: S10 | Epoch  2/100 Finsh | Now_lr 0.0005/0.0005 | Train Loss 0.6864 | Valid Loss 0.7032 | Train Acc 53.6685 | Valid Acc 51.5625
2026-07-13 09:28:01 | Validation loss decreased (0.704076 --> 0.703160) in epoch (2). Saving model ...
2026-07-13 09:28:01 | TestSub: S10 | Epoch  3/100 Finsh | Now_lr 0.0005/0.0005 | Train Loss 0.6738 | Valid Loss 0.6994 | Train Acc 59.1033 | Valid Acc 51.5625
2026-07-13 09:28:01 | Validation loss decreased (0.703160 --> 0.699424) in epoch (3). Saving model ...
2026-07-13 09:28:02 | TestSub: S10 | Epoch  4/100 Finsh | Now_lr 0.0005/0.0005 | Train Loss 0.6632 | Valid Loss 0.6968 | Train Acc 62.2283 | Valid Acc 53.1250
2026-07-13 09:28:02 | Validation loss decreased (0.699424 --> 0.696798) in epoch (4). Saving model ...
2026-07-13 09:28:02 | TestSub: S10 | Epoch  5/100 Finsh | Now_lr 0.0005/0.0005 | Train Loss 0.6574 | Valid Loss 0.6943 | Train Acc 61.6848 | Valid Acc 51.5625
2026-07-13 09:28:02 | Validation loss decreased (0.696798 --> 0.694276) in epoch (5). Saving model ...
2026-07-13 09:28:03 | TestSub: S10 | Epoch  6/100 Finsh | Now_lr 0.0005/0.0005 | Train Loss 0.6498 | Valid Loss 0.6937 | Train Acc 65.2174 | Valid Acc 53.1250
2026-07-13 09:28:03 | Validation loss decreased (0.694276 --> 0.693746) in epoch (6). Saving model ...
2026-07-13 09:28:03 | TestSub: S10 | Epoch  7/100 Finsh | Now_lr 0.0005/0.0005 | Train Loss 0.6424 | Valid Loss 0.6885 | Train Acc 65.4891 | Valid Acc 53.1250
2026-07-13 09:28:03 | Validation loss decreased (0.693746 --> 0.688477) in epoch (7). Saving model ...
2026-07-13 09:28:03 | TestSub: S10 | Epoch  8/100 Finsh | Now_lr 0.0005/0.0005 | Train Loss 0.6315 | Valid Loss 0.6806 | Train Acc 69.1576 | Valid Acc 54.6875
2026-07-13 09:28:03 | Validation loss decreased (0.688477 --> 0.680623) in epoch (8). Saving model ...
2026-07-13 09:28:04 | TestSub: S10 | Epoch  9/100 Finsh | Now_lr 0.0005/0.0005 | Train Loss 0.6205 | Valid Loss 0.6777 | Train Acc 70.6522 | Valid Acc 56.2500
2026-07-13 09:28:04 | Validation loss decreased (0.680623 --> 0.677673) in epoch (9). Saving model ...
2026-07-13 09:28:05 | TestSub: S10 | Epoch 10/100 Finsh | Now_lr 0.0005/0.0005 | Train Loss 0.6063 | Valid Loss 0.6751 | Train Acc 73.9130 | Valid Acc 56.2500
2026-07-13 09:28:05 | Validation loss decreased (0.677673 --> 0.675091) in epoch (10). Saving model ...
2026-07-13 09:28:05 | TestSub: S10 | Epoch 11/100 Finsh | Now_lr 0.0005/0.0005 | Train Loss 0.5961 | Valid Loss 0.6671 | Train Acc 72.6902 | Valid Acc 57.8125
2026-07-13 09:28:05 | Validation loss decreased (0.675091 --> 0.667126) in epoch (11). Saving model ...
2026-07-13 09:28:06 | TestSub: S10 | Epoch 12/100 Finsh | Now_lr 0.0005/0.0005 | Train Loss 0.5944 | Valid Loss 0.6605 | Train Acc 75.1359 | Valid Acc 62.5000
2026-07-13 09:28:06 | Validation loss decreased (0.667126 --> 0.660491) in epoch (12). Saving model ...
2026-07-13 09:28:06 | TestSub: S10 | Epoch 13/100 Finsh | Now_lr 0.0005/0.0005 | Train Loss 0.5669 | Valid Loss 0.6571 | Train Acc 78.2609 | Valid Acc 59.3750
2026-07-13 09:28:06 | Validation loss decreased (0.660491 --> 0.657123) in epoch (13). Saving model ...
2026-07-13 09:28:06 | TestSub: S10 | Epoch 14/100 Finsh | Now_lr 0.0005/0.0005 | Train Loss 0.5651 | Valid Loss 0.6515 | Train Acc 76.7663 | Valid Acc 60.9375
2026-07-13 09:28:06 | Validation loss decreased (0.657123 --> 0.651550) in epoch (14). Saving model ...
2026-07-13 09:28:07 | TestSub: S10 | Epoch 15/100 Finsh | Now_lr 0.0005/0.0005 | Train Loss 0.5533 | Valid Loss 0.6374 | Train Acc 78.9402 | Valid Acc 67.1875
2026-07-13 09:28:07 | Validation loss decreased (0.651550 --> 0.637448) in epoch (15). Saving model ...
2026-07-13 09:28:07 | TestSub: S10 | Epoch 16/100 Finsh | Now_lr 0.0005/0.0005 | Train Loss 0.5371 | Valid Loss 0.6326 | Train Acc 79.0761 | Valid Acc 62.5000
2026-07-13 09:28:07 | Validation loss decreased (0.637448 --> 0.632585) in epoch (16). Saving model ...
2026-07-13 09:28:08 | TestSub: S10 | Epoch 17/100 Finsh | Now_lr 0.0005/0.0005 | Train Loss 0.5241 | Valid Loss 0.6244 | Train Acc 80.0272 | Valid Acc 67.1875
2026-07-13 09:28:08 | Validation loss decreased (0.632585 --> 0.624370) in epoch (17). Saving model ...
2026-07-13 09:28:08 | TestSub: S10 | Epoch 18/100 Finsh | Now_lr 0.0005/0.0005 | Train Loss 0.5164 | Valid Loss 0.6202 | Train Acc 82.2011 | Valid Acc 68.7500
2026-07-13 09:28:08 | Validation loss decreased (0.624370 --> 0.620170) in epoch (18). Saving model ...
2026-07-13 09:28:08 | TestSub: S10 | Epoch 19/100 Finsh | Now_lr 0.0005/0.0005 | Train Loss 0.5084 | Valid Loss 0.6067 | Train Acc 81.1141 | Valid Acc 70.3125
2026-07-13 09:28:08 | Validation loss decreased (0.620170 --> 0.606738) in epoch (19). Saving model ...
2026-07-13 09:28:09 | TestSub: S10 | Epoch 20/100 Finsh | Now_lr 0.0005/0.0005 | Train Loss 0.4932 | Valid Loss 0.6027 | Train Acc 83.8315 | Valid Acc 71.8750
2026-07-13 09:28:09 | Validation loss decreased (0.606738 --> 0.602738) in epoch (20). Saving model ...
2026-07-13 09:28:10 | TestSub: S10 | Epoch 21/100 Finsh | Now_lr 0.0005/0.0005 | Train Loss 0.4888 | Valid Loss 0.5932 | Train Acc 80.0272 | Valid Acc 73.4375
2026-07-13 09:28:10 | Validation loss decreased (0.602738 --> 0.593247) in epoch (21). Saving model ...
2026-07-13 09:28:10 | TestSub: S10 | Epoch 22/100 Finsh | Now_lr 0.0005/0.0005 | Train Loss 0.4774 | Valid Loss 0.5845 | Train Acc 84.1033 | Valid Acc 71.8750
2026-07-13 09:28:10 | Validation loss decreased (0.593247 --> 0.584458) in epoch (22). Saving model ...
2026-07-13 09:28:11 | TestSub: S10 | Epoch 23/100 Finsh | Now_lr 0.0005/0.0005 | Train Loss 0.4761 | Valid Loss 0.5810 | Train Acc 82.6087 | Valid Acc 70.3125
2026-07-13 09:28:11 | Validation loss decreased (0.584458 --> 0.581048) in epoch (23). Saving model ...
2026-07-13 09:28:11 | TestSub: S10 | Epoch 24/100 Finsh | Now_lr 0.0005/0.0005 | Train Loss 0.4465 | Valid Loss 0.5718 | Train Acc 84.2391 | Valid Acc 71.8750
2026-07-13 09:28:11 | Validation loss decreased (0.581048 --> 0.571760) in epoch (24). Saving model ...
2026-07-13 09:28:11 | TestSub: S10 | Epoch 25/100 Finsh | Now_lr 0.0005/0.0005 | Train Loss 0.4480 | Valid Loss 0.5697 | Train Acc 85.7337 | Valid Acc 70.3125
2026-07-13 09:28:11 | Validation loss decreased (0.571760 --> 0.569740) in epoch (25). Saving model ...
2026-07-13 09:28:12 | TestSub: S10 | Epoch 26/100 Finsh | Now_lr 0.0005/0.0005 | Train Loss 0.4420 | Valid Loss 0.5464 | Train Acc 84.5109 | Valid Acc 79.6875
2026-07-13 09:28:12 | Validation loss decreased (0.569740 --> 0.546401) in epoch (26). Saving model ...
2026-07-13 09:28:12 | TestSub: S10 | Epoch 27/100 Finsh | Now_lr 0.0005/0.0005 | Train Loss 0.4292 | Valid Loss 0.5532 | Train Acc 87.6359 | Valid Acc 73.4375
2026-07-13 09:28:13 | TestSub: S10 | Epoch 28/100 Finsh | Now_lr 0.0005/0.0005 | Train Loss 0.4265 | Valid Loss 0.5344 | Train Acc 84.3750 | Valid Acc 79.6875
2026-07-13 09:28:13 | Validation loss decreased (0.546401 --> 0.534368) in epoch (28). Saving model ...
2026-07-13 09:28:13 | TestSub: S10 | Epoch 29/100 Finsh | Now_lr 0.0005/0.0005 | Train Loss 0.3946 | Valid Loss 0.5371 | Train Acc 87.7717 | Valid Acc 71.8750
2026-07-13 09:28:13 | TestSub: S10 | Epoch 30/100 Finsh | Now_lr 0.0005/0.0005 | Train Loss 0.4057 | Valid Loss 0.5186 | Train Acc 86.1413 | Valid Acc 78.1250
2026-07-13 09:28:13 | Validation loss decreased (0.534368 --> 0.518592) in epoch (30). Saving model ...
2026-07-13 09:28:14 | TestSub: S10 | Epoch 31/100 Finsh | Now_lr 0.0005/0.0005 | Train Loss 0.3845 | Valid Loss 0.5260 | Train Acc 89.5380 | Valid Acc 75.0000
2026-07-13 09:28:14 | TestSub: S10 | Epoch 32/100 Finsh | Now_lr 0.0005/0.0005 | Train Loss 0.3704 | Valid Loss 0.5157 | Train Acc 89.5380 | Valid Acc 76.5625
2026-07-13 09:28:14 | Validation loss decreased (0.518592 --> 0.515694) in epoch (32). Saving model ...
2026-07-13 09:28:15 | TestSub: S10 | Epoch 33/100 Finsh | Now_lr 0.0005/0.0005 | Train Loss 0.3632 | Valid Loss 0.5101 | Train Acc 89.9457 | Valid Acc 76.5625
2026-07-13 09:28:15 | Validation loss decreased (0.515694 --> 0.510131) in epoch (33). Saving model ...
2026-07-13 09:28:15 | TestSub: S10 | Epoch 34/100 Finsh | Now_lr 0.0005/0.0005 | Train Loss 0.3601 | Valid Loss 0.5011 | Train Acc 89.6739 | Valid Acc 76.5625
2026-07-13 09:28:15 | Validation loss decreased (0.510131 --> 0.501070) in epoch (34). Saving model ...
2026-07-13 09:28:15 | TestSub: S10 | Epoch 35/100 Finsh | Now_lr 0.0005/0.0005 | Train Loss 0.3673 | Valid Loss 0.4978 | Train Acc 88.1793 | Valid Acc 78.1250
2026-07-13 09:28:15 | Validation loss decreased (0.501070 --> 0.497786) in epoch (35). Saving model ...
2026-07-13 09:28:16 | TestSub: S10 | Epoch 36/100 Finsh | Now_lr 0.0005/0.0005 | Train Loss 0.3488 | Valid Loss 0.4868 | Train Acc 88.3152 | Valid Acc 78.1250
2026-07-13 09:28:16 | Validation loss decreased (0.497786 --> 0.486792) in epoch (36). Saving model ...
2026-07-13 09:28:16 | TestSub: S10 | Epoch 37/100 Finsh | Now_lr 0.0005/0.0005 | Train Loss 0.3301 | Valid Loss 0.4721 | Train Acc 90.7609 | Valid Acc 81.2500
2026-07-13 09:28:16 | Validation loss decreased (0.486792 --> 0.472112) in epoch (37). Saving model ...
2026-07-13 09:28:17 | TestSub: S10 | Epoch 38/100 Finsh | Now_lr 0.0005/0.0005 | Train Loss 0.3273 | Valid Loss 0.4704 | Train Acc 90.4891 | Valid Acc 84.3750
2026-07-13 09:28:17 | Validation loss decreased (0.472112 --> 0.470418) in epoch (38). Saving model ...
2026-07-13 09:28:17 | TestSub: S10 | Epoch 39/100 Finsh | Now_lr 0.0005/0.0005 | Train Loss 0.3270 | Valid Loss 0.4681 | Train Acc 90.8967 | Valid Acc 82.8125
2026-07-13 09:28:17 | Validation loss decreased (0.470418 --> 0.468110) in epoch (39). Saving model ...
2026-07-13 09:28:18 | TestSub: S10 | Epoch 40/100 Finsh | Now_lr 0.0005/0.0005 | Train Loss 0.3358 | Valid Loss 0.4634 | Train Acc 90.3533 | Valid Acc 84.3750
2026-07-13 09:28:18 | Validation loss decreased (0.468110 --> 0.463381) in epoch (40). Saving model ...
2026-07-13 09:28:18 | TestSub: S10 | Epoch 41/100 Finsh | Now_lr 0.0005/0.0005 | Train Loss 0.3100 | Valid Loss 0.4711 | Train Acc 91.1685 | Valid Acc 82.8125
2026-07-13 09:28:18 | TestSub: S10 | Epoch 42/100 Finsh | Now_lr 0.0005/0.0005 | Train Loss 0.3087 | Valid Loss 0.4803 | Train Acc 91.5761 | Valid Acc 81.2500
2026-07-13 09:28:19 | TestSub: S10 | Epoch 43/100 Finsh | Now_lr 0.0005/0.0005 | Train Loss 0.3218 | Valid Loss 0.4725 | Train Acc 89.8098 | Valid Acc 76.5625
2026-07-13 09:28:19 | TestSub: S10 | Epoch 44/100 Finsh | Now_lr 0.0005/0.0005 | Train Loss 0.2891 | Valid Loss 0.4466 | Train Acc 91.9837 | Valid Acc 82.8125
2026-07-13 09:28:19 | Validation loss decreased (0.463381 --> 0.446644) in epoch (44). Saving model ...
2026-07-13 09:28:19 | TestSub: S10 | Epoch 45/100 Finsh | Now_lr 0.0005/0.0005 | Train Loss 0.3007 | Valid Loss 0.4662 | Train Acc 90.6250 | Valid Acc 81.2500
2026-07-13 09:28:20 | TestSub: S10 | Epoch 46/100 Finsh | Now_lr 0.0005/0.0005 | Train Loss 0.2837 | Valid Loss 0.4469 | Train Acc 92.5272 | Valid Acc 82.8125
2026-07-13 09:28:20 | TestSub: S10 | Epoch 47/100 Finsh | Now_lr 0.0005/0.0005 | Train Loss 0.2936 | Valid Loss 0.4721 | Train Acc 92.2554 | Valid Acc 81.2500
2026-07-13 09:28:21 | TestSub: S10 | Epoch 48/100 Finsh | Now_lr 0.0005/0.0005 | Train Loss 0.2746 | Valid Loss 0.4380 | Train Acc 92.7989 | Valid Acc 82.8125
2026-07-13 09:28:21 | Validation loss decreased (0.446644 --> 0.438035) in epoch (48). Saving model ...
2026-07-13 09:28:21 | TestSub: S10 | Epoch 49/100 Finsh | Now_lr 0.0005/0.0005 | Train Loss 0.2731 | Valid Loss 0.4474 | Train Acc 91.9837 | Valid Acc 84.3750
2026-07-13 09:28:21 | TestSub: S10 | Epoch 50/100 Finsh | Now_lr 0.0005/0.0005 | Train Loss 0.2702 | Valid Loss 0.4351 | Train Acc 92.7989 | Valid Acc 84.3750
2026-07-13 09:28:21 | Validation loss decreased (0.438035 --> 0.435143) in epoch (50). Saving model ...
2026-07-13 09:28:22 | TestSub: S10 | Epoch 51/100 Finsh | Now_lr 0.0005/0.0005 | Train Loss 0.2593 | Valid Loss 0.4519 | Train Acc 92.9348 | Valid Acc 84.3750
2026-07-13 09:28:22 | TestSub: S10 | Epoch 52/100 Finsh | Now_lr 0.0005/0.0005 | Train Loss 0.2656 | Valid Loss 0.4302 | Train Acc 92.9348 | Valid Acc 85.9375
2026-07-13 09:28:22 | Validation loss decreased (0.435143 --> 0.430248) in epoch (52). Saving model ...
2026-07-13 09:28:23 | TestSub: S10 | Epoch 53/100 Finsh | Now_lr 0.0005/0.0005 | Train Loss 0.2621 | Valid Loss 0.4218 | Train Acc 93.0707 | Valid Acc 85.9375
2026-07-13 09:28:23 | Validation loss decreased (0.430248 --> 0.421802) in epoch (53). Saving model ...
2026-07-13 09:28:23 | TestSub: S10 | Epoch 54/100 Finsh | Now_lr 0.0005/0.0005 | Train Loss 0.2529 | Valid Loss 0.4372 | Train Acc 93.3424 | Valid Acc 81.2500
2026-07-13 09:28:23 | TestSub: S10 | Epoch 55/100 Finsh | Now_lr 0.0005/0.0005 | Train Loss 0.2652 | Valid Loss 0.4076 | Train Acc 91.3043 | Valid Acc 85.9375
2026-07-13 09:28:23 | Validation loss decreased (0.421802 --> 0.407578) in epoch (55). Saving model ...
2026-07-13 09:28:24 | TestSub: S10 | Epoch 56/100 Finsh | Now_lr 0.0005/0.0005 | Train Loss 0.2476 | Valid Loss 0.4197 | Train Acc 93.8859 | Valid Acc 84.3750
2026-07-13 09:28:24 | TestSub: S10 | Epoch 57/100 Finsh | Now_lr 0.0005/0.0005 | Train Loss 0.2517 | Valid Loss 0.4103 | Train Acc 92.5272 | Valid Acc 84.3750
2026-07-13 09:28:25 | TestSub: S10 | Epoch 58/100 Finsh | Now_lr 0.0005/0.0005 | Train Loss 0.2297 | Valid Loss 0.3974 | Train Acc 93.8859 | Valid Acc 84.3750
2026-07-13 09:28:25 | Validation loss decreased (0.407578 --> 0.397369) in epoch (58). Saving model ...
2026-07-13 09:28:25 | TestSub: S10 | Epoch 59/100 Finsh | Now_lr 0.0005/0.0005 | Train Loss 0.2378 | Valid Loss 0.3968 | Train Acc 93.8859 | Valid Acc 84.3750
2026-07-13 09:28:25 | Validation loss decreased (0.397369 --> 0.396847) in epoch (59). Saving model ...
2026-07-13 09:28:25 | TestSub: S10 | Epoch 60/100 Finsh | Now_lr 0.0005/0.0005 | Train Loss 0.2329 | Valid Loss 0.3849 | Train Acc 93.4783 | Valid Acc 84.3750
2026-07-13 09:28:25 | Validation loss decreased (0.396847 --> 0.384880) in epoch (60). Saving model ...
2026-07-13 09:28:26 | TestSub: S10 | Epoch 61/100 Finsh | Now_lr 0.0005/0.0005 | Train Loss 0.2307 | Valid Loss 0.3935 | Train Acc 93.0707 | Valid Acc 84.3750
2026-07-13 09:28:26 | TestSub: S10 | Epoch 62/100 Finsh | Now_lr 0.0005/0.0005 | Train Loss 0.2123 | Valid Loss 0.4054 | Train Acc 94.5652 | Valid Acc 85.9375
2026-07-13 09:28:27 | TestSub: S10 | Epoch 63/100 Finsh | Now_lr 0.0005/0.0005 | Train Loss 0.2190 | Valid Loss 0.4011 | Train Acc 94.7011 | Valid Acc 84.3750
2026-07-13 09:28:27 | TestSub: S10 | Epoch 64/100 Finsh | Now_lr 0.0005/0.0005 | Train Loss 0.2350 | Valid Loss 0.4022 | Train Acc 93.0707 | Valid Acc 84.3750
2026-07-13 09:28:27 | TestSub: S10 | Epoch 65/100 Finsh | Now_lr 0.0005/0.0005 | Train Loss 0.2188 | Valid Loss 0.3924 | Train Acc 93.4783 | Valid Acc 85.9375
2026-07-13 09:28:28 | TestSub: S10 | Epoch 66/100 Finsh | Now_lr 0.0005/0.0005 | Train Loss 0.2025 | Valid Loss 0.4032 | Train Acc 95.5163 | Valid Acc 85.9375
2026-07-13 09:28:28 | TestSub: S10 | Epoch 67/100 Finsh | Now_lr 0.0005/0.0005 | Train Loss 0.2261 | Valid Loss 0.4021 | Train Acc 93.3424 | Valid Acc 85.9375
2026-07-13 09:28:29 | TestSub: S10 | Epoch 68/100 Finsh | Now_lr 0.0005/0.0005 | Train Loss 0.2003 | Valid Loss 0.4086 | Train Acc 94.8370 | Valid Acc 85.9375
2026-07-13 09:28:29 | TestSub: S10 | Epoch 69/100 Finsh | Now_lr 0.0005/0.0005 | Train Loss 0.2090 | Valid Loss 0.3963 | Train Acc 93.4783 | Valid Acc 85.9375
2026-07-13 09:28:29 | TestSub: S10 | Epoch 70/100 Finsh | Now_lr 0.0005/0.0005 | Train Loss 0.2180 | Valid Loss 0.4191 | Train Acc 93.7500 | Valid Acc 84.3750
2026-07-13 09:28:30 | TestSub: S10 | Epoch 71/100 Finsh | Now_lr 0.0005/0.0005 | Train Loss 0.2156 | Valid Loss 0.3969 | Train Acc 94.0217 | Valid Acc 85.9375
2026-07-13 09:28:30 | TestSub: S10 | Epoch 72/100 Finsh | Now_lr 0.0005/0.0005 | Train Loss 0.2118 | Valid Loss 0.4026 | Train Acc 93.2065 | Valid Acc 87.5000
2026-07-13 09:28:31 | TestSub: S10 | Epoch 73/100 Finsh | Now_lr 0.0005/0.0005 | Train Loss 0.1995 | Valid Loss 0.3799 | Train Acc 94.2935 | Valid Acc 87.5000
2026-07-13 09:28:31 | Validation loss decreased (0.384880 --> 0.379856) in epoch (73). Saving model ...
2026-07-13 09:28:31 | TestSub: S10 | Epoch 74/100 Finsh | Now_lr 0.0005/0.0005 | Train Loss 0.2076 | Valid Loss 0.3975 | Train Acc 94.0217 | Valid Acc 85.9375
2026-07-13 09:28:31 | TestSub: S10 | Epoch 75/100 Finsh | Now_lr 0.0005/0.0005 | Train Loss 0.1801 | Valid Loss 0.4027 | Train Acc 95.3804 | Valid Acc 87.5000
2026-07-13 09:28:32 | TestSub: S10 | Epoch 76/100 Finsh | Now_lr 0.0005/0.0005 | Train Loss 0.1814 | Valid Loss 0.3805 | Train Acc 94.5652 | Valid Acc 87.5000
2026-07-13 09:28:32 | TestSub: S10 | Epoch 77/100 Finsh | Now_lr 0.0005/0.0005 | Train Loss 0.1921 | Valid Loss 0.4165 | Train Acc 95.3804 | Valid Acc 85.9375
2026-07-13 09:28:33 | TestSub: S10 | Epoch 78/100 Finsh | Now_lr 0.0005/0.0005 | Train Loss 0.1821 | Valid Loss 0.3808 | Train Acc 95.1087 | Valid Acc 85.9375
2026-07-13 09:28:33 | TestSub: S10 | Epoch 79/100 Finsh | Now_lr 0.0005/0.0005 | Train Loss 0.1984 | Valid Loss 0.3900 | Train Acc 94.2935 | Valid Acc 87.5000
2026-07-13 09:28:33 | TestSub: S10 | Epoch 80/100 Finsh | Now_lr 0.0005/0.0005 | Train Loss 0.1914 | Valid Loss 0.3830 | Train Acc 95.1087 | Valid Acc 85.9375
2026-07-13 09:28:34 | TestSub: S10 | Epoch 81/100 Finsh | Now_lr 0.0005/0.0005 | Train Loss 0.1851 | Valid Loss 0.3925 | Train Acc 94.2935 | Valid Acc 87.5000
2026-07-13 09:28:34 | TestSub: S10 | Epoch 82/100 Finsh | Now_lr 0.0005/0.0005 | Train Loss 0.1797 | Valid Loss 0.3774 | Train Acc 95.5163 | Valid Acc 87.5000
2026-07-13 09:28:34 | Validation loss decreased (0.379856 --> 0.377391) in epoch (82). Saving model ...
2026-07-13 09:28:35 | TestSub: S10 | Epoch 83/100 Finsh | Now_lr 0.0005/0.0005 | Train Loss 0.1904 | Valid Loss 0.3671 | Train Acc 94.7011 | Valid Acc 85.9375
2026-07-13 09:28:35 | Validation loss decreased (0.377391 --> 0.367066) in epoch (83). Saving model ...
2026-07-13 09:28:35 | TestSub: S10 | Epoch 84/100 Finsh | Now_lr 0.0005/0.0005 | Train Loss 0.1966 | Valid Loss 0.3784 | Train Acc 94.0217 | Valid Acc 85.9375
2026-07-13 09:28:35 | TestSub: S10 | Epoch 85/100 Finsh | Now_lr 0.0005/0.0005 | Train Loss 0.1769 | Valid Loss 0.3714 | Train Acc 95.2446 | Valid Acc 85.9375
2026-07-13 09:28:36 | TestSub: S10 | Epoch 86/100 Finsh | Now_lr 0.0005/0.0005 | Train Loss 0.1846 | Valid Loss 0.3759 | Train Acc 94.5652 | Valid Acc 84.3750
2026-07-13 09:28:36 | TestSub: S10 | Epoch 87/100 Finsh | Now_lr 0.0005/0.0005 | Train Loss 0.1908 | Valid Loss 0.3680 | Train Acc 93.7500 | Valid Acc 87.5000
2026-07-13 09:28:37 | TestSub: S10 | Epoch 88/100 Finsh | Now_lr 0.0005/0.0005 | Train Loss 0.1709 | Valid Loss 0.3853 | Train Acc 95.7880 | Valid Acc 85.9375
2026-07-13 09:28:37 | TestSub: S10 | Epoch 89/100 Finsh | Now_lr 0.0005/0.0005 | Train Loss 0.1789 | Valid Loss 0.3756 | Train Acc 95.3804 | Valid Acc 85.9375
2026-07-13 09:28:37 | TestSub: S10 | Epoch 90/100 Finsh | Now_lr 0.0005/0.0005 | Train Loss 0.1722 | Valid Loss 0.3915 | Train Acc 95.3804 | Valid Acc 84.3750
2026-07-13 09:28:38 | TestSub: S10 | Epoch 91/100 Finsh | Now_lr 0.0005/0.0005 | Train Loss 0.1640 | Valid Loss 0.3760 | Train Acc 96.4674 | Valid Acc 84.3750
2026-07-13 09:28:38 | TestSub: S10 | Epoch 92/100 Finsh | Now_lr 0.0005/0.0005 | Train Loss 0.1754 | Valid Loss 0.3797 | Train Acc 95.1087 | Valid Acc 87.5000
2026-07-13 09:28:38 | TestSub: S10 | Epoch 93/100 Finsh | Now_lr 0.0005/0.0005 | Train Loss 0.1757 | Valid Loss 0.3638 | Train Acc 94.2935 | Valid Acc 84.3750
2026-07-13 09:28:38 | Validation loss decreased (0.367066 --> 0.363776) in epoch (93). Saving model ...
2026-07-13 09:28:39 | TestSub: S10 | Epoch 94/100 Finsh | Now_lr 0.0005/0.0005 | Train Loss 0.1755 | Valid Loss 0.3625 | Train Acc 94.5652 | Valid Acc 84.3750
2026-07-13 09:28:39 | Validation loss decreased (0.363776 --> 0.362453) in epoch (94). Saving model ...
2026-07-13 09:28:39 | TestSub: S10 | Epoch 95/100 Finsh | Now_lr 0.0005/0.0005 | Train Loss 0.1851 | Valid Loss 0.3497 | Train Acc 94.9728 | Valid Acc 85.9375
2026-07-13 09:28:39 | Validation loss decreased (0.362453 --> 0.349739) in epoch (95). Saving model ...
2026-07-13 09:28:40 | TestSub: S10 | Epoch 96/100 Finsh | Now_lr 0.0005/0.0005 | Train Loss 0.1623 | Valid Loss 0.3484 | Train Acc 95.5163 | Valid Acc 87.5000
2026-07-13 09:28:40 | Validation loss decreased (0.349739 --> 0.348405) in epoch (96). Saving model ...
2026-07-13 09:28:40 | TestSub: S10 | Epoch 97/100 Finsh | Now_lr 0.0005/0.0005 | Train Loss 0.1664 | Valid Loss 0.3403 | Train Acc 95.5163 | Valid Acc 89.0625
2026-07-13 09:28:40 | Validation loss decreased (0.348405 --> 0.340266) in epoch (97). Saving model ...
2026-07-13 09:28:41 | TestSub: S10 | Epoch 98/100 Finsh | Now_lr 0.0005/0.0005 | Train Loss 0.1636 | Valid Loss 0.3417 | Train Acc 95.5163 | Valid Acc 87.5000
2026-07-13 09:28:41 | TestSub: S10 | Epoch 99/100 Finsh | Now_lr 0.0005/0.0005 | Train Loss 0.1698 | Valid Loss 0.3547 | Train Acc 95.1087 | Valid Acc 87.5000
2026-07-13 09:28:41 | TestSub: S10 | Epoch 100/100 Finsh | Now_lr 0.0005/0.0005 | Train Loss 0.1649 | Valid Loss 0.3357 | Train Acc 95.3804 | Valid Acc 89.0625
2026-07-13 09:28:41 | Validation loss decreased (0.340266 --> 0.335660) in epoch (100). Saving model ...
2026-07-13 09:28:41 | --------------------------------------------------
2026-07-13 09:28:41 | Test_Subject :S10 | Best epoch:100 | Test Loss:0.9299 | Savemodel Acc 37.5000
2026-07-13 09:28:41 | --------------------------------------------------
2026-07-13 09:28:41 | Best epoch: 100 | Test acc: 37.5000
