2026-07-13 09:26:27 | Logging started: ./writer/Subject_dependent_AAD/AVEDao/5.0s/result//Train5.0s_sub8.log
2026-07-13 09:26:30 | Sub_id: 8
2026-07-13 09:26:31 | TestSub: S8 | Epoch  1/100 Finsh | Now_lr 0.0005/0.0005 | Train Loss 0.6942 | Valid Loss 0.7068 | Train Acc 54.4837 | Valid Acc 51.5625
2026-07-13 09:26:31 | Validation loss decreased (inf --> 0.706848) in epoch (1). Saving model ...
2026-07-13 09:26:32 | TestSub: S8 | Epoch  2/100 Finsh | Now_lr 0.0005/0.0005 | Train Loss 0.6823 | Valid Loss 0.7117 | Train Acc 58.0163 | Valid Acc 51.5625
2026-07-13 09:26:32 | TestSub: S8 | Epoch  3/100 Finsh | Now_lr 0.0005/0.0005 | Train Loss 0.6691 | Valid Loss 0.6810 | Train Acc 58.8315 | Valid Acc 54.6875
2026-07-13 09:26:32 | Validation loss decreased (0.706848 --> 0.680963) in epoch (3). Saving model ...
2026-07-13 09:26:33 | TestSub: S8 | Epoch  4/100 Finsh | Now_lr 0.0005/0.0005 | Train Loss 0.6600 | Valid Loss 0.6532 | Train Acc 59.6467 | Valid Acc 57.8125
2026-07-13 09:26:33 | Validation loss decreased (0.680963 --> 0.653217) in epoch (4). Saving model ...
2026-07-13 09:26:33 | TestSub: S8 | Epoch  5/100 Finsh | Now_lr 0.0005/0.0005 | Train Loss 0.6480 | Valid Loss 0.6445 | Train Acc 62.3641 | Valid Acc 62.5000
2026-07-13 09:26:33 | Validation loss decreased (0.653217 --> 0.644474) in epoch (5). Saving model ...
2026-07-13 09:26:33 | TestSub: S8 | Epoch  6/100 Finsh | Now_lr 0.0005/0.0005 | Train Loss 0.6385 | Valid Loss 0.6344 | Train Acc 63.7228 | Valid Acc 60.9375
2026-07-13 09:26:33 | Validation loss decreased (0.644474 --> 0.634399) in epoch (6). Saving model ...
2026-07-13 09:26:34 | TestSub: S8 | Epoch  7/100 Finsh | Now_lr 0.0005/0.0005 | Train Loss 0.6271 | Valid Loss 0.6262 | Train Acc 66.9837 | Valid Acc 64.0625
2026-07-13 09:26:34 | Validation loss decreased (0.634399 --> 0.626176) in epoch (7). Saving model ...
2026-07-13 09:26:34 | TestSub: S8 | Epoch  8/100 Finsh | Now_lr 0.0005/0.0005 | Train Loss 0.6156 | Valid Loss 0.6209 | Train Acc 67.9348 | Valid Acc 64.0625
2026-07-13 09:26:34 | Validation loss decreased (0.626176 --> 0.620881) in epoch (8). Saving model ...
2026-07-13 09:26:35 | TestSub: S8 | Epoch  9/100 Finsh | Now_lr 0.0005/0.0005 | Train Loss 0.6057 | Valid Loss 0.6139 | Train Acc 70.1087 | Valid Acc 65.6250
2026-07-13 09:26:35 | Validation loss decreased (0.620881 --> 0.613889) in epoch (9). Saving model ...
2026-07-13 09:26:35 | TestSub: S8 | Epoch 10/100 Finsh | Now_lr 0.0005/0.0005 | Train Loss 0.6042 | Valid Loss 0.6132 | Train Acc 69.5652 | Valid Acc 70.3125
2026-07-13 09:26:35 | Validation loss decreased (0.613889 --> 0.613225) in epoch (10). Saving model ...
2026-07-13 09:26:35 | TestSub: S8 | Epoch 11/100 Finsh | Now_lr 0.0005/0.0005 | Train Loss 0.5901 | Valid Loss 0.6081 | Train Acc 71.0598 | Valid Acc 67.1875
2026-07-13 09:26:35 | Validation loss decreased (0.613225 --> 0.608090) in epoch (11). Saving model ...
2026-07-13 09:26:36 | TestSub: S8 | Epoch 12/100 Finsh | Now_lr 0.0005/0.0005 | Train Loss 0.5784 | Valid Loss 0.5972 | Train Acc 74.3207 | Valid Acc 64.0625
2026-07-13 09:26:36 | Validation loss decreased (0.608090 --> 0.597244) in epoch (12). Saving model ...
2026-07-13 09:26:36 | TestSub: S8 | Epoch 13/100 Finsh | Now_lr 0.0005/0.0005 | Train Loss 0.5680 | Valid Loss 0.5895 | Train Acc 74.8641 | Valid Acc 70.3125
2026-07-13 09:26:36 | Validation loss decreased (0.597244 --> 0.589492) in epoch (13). Saving model ...
2026-07-13 09:26:37 | TestSub: S8 | Epoch 14/100 Finsh | Now_lr 0.0005/0.0005 | Train Loss 0.5575 | Valid Loss 0.5878 | Train Acc 76.0870 | Valid Acc 70.3125
2026-07-13 09:26:37 | Validation loss decreased (0.589492 --> 0.587842) in epoch (14). Saving model ...
2026-07-13 09:26:37 | TestSub: S8 | Epoch 15/100 Finsh | Now_lr 0.0005/0.0005 | Train Loss 0.5428 | Valid Loss 0.5805 | Train Acc 78.9402 | Valid Acc 68.7500
2026-07-13 09:26:37 | Validation loss decreased (0.587842 --> 0.580465) in epoch (15). Saving model ...
2026-07-13 09:26:38 | TestSub: S8 | Epoch 16/100 Finsh | Now_lr 0.0005/0.0005 | Train Loss 0.5294 | Valid Loss 0.5766 | Train Acc 78.2609 | Valid Acc 68.7500
2026-07-13 09:26:38 | Validation loss decreased (0.580465 --> 0.576568) in epoch (16). Saving model ...
2026-07-13 09:26:38 | TestSub: S8 | Epoch 17/100 Finsh | Now_lr 0.0005/0.0005 | Train Loss 0.5221 | Valid Loss 0.5721 | Train Acc 78.2609 | Valid Acc 68.7500
2026-07-13 09:26:38 | Validation loss decreased (0.576568 --> 0.572119) in epoch (17). Saving model ...
2026-07-13 09:26:38 | TestSub: S8 | Epoch 18/100 Finsh | Now_lr 0.0005/0.0005 | Train Loss 0.5125 | Valid Loss 0.5669 | Train Acc 81.2500 | Valid Acc 70.3125
2026-07-13 09:26:38 | Validation loss decreased (0.572119 --> 0.566921) in epoch (18). Saving model ...
2026-07-13 09:26:39 | TestSub: S8 | Epoch 19/100 Finsh | Now_lr 0.0005/0.0005 | Train Loss 0.5068 | Valid Loss 0.5629 | Train Acc 80.7065 | Valid Acc 73.4375
2026-07-13 09:26:39 | Validation loss decreased (0.566921 --> 0.562877) in epoch (19). Saving model ...
2026-07-13 09:26:39 | TestSub: S8 | Epoch 20/100 Finsh | Now_lr 0.0005/0.0005 | Train Loss 0.4881 | Valid Loss 0.5566 | Train Acc 82.4728 | Valid Acc 75.0000
2026-07-13 09:26:39 | Validation loss decreased (0.562877 --> 0.556590) in epoch (20). Saving model ...
2026-07-13 09:26:40 | TestSub: S8 | Epoch 21/100 Finsh | Now_lr 0.0005/0.0005 | Train Loss 0.4957 | Valid Loss 0.5538 | Train Acc 81.5217 | Valid Acc 73.4375
2026-07-13 09:26:40 | Validation loss decreased (0.556590 --> 0.553785) in epoch (21). Saving model ...
2026-07-13 09:26:40 | TestSub: S8 | Epoch 22/100 Finsh | Now_lr 0.0005/0.0005 | Train Loss 0.4740 | Valid Loss 0.5514 | Train Acc 82.3370 | Valid Acc 75.0000
2026-07-13 09:26:40 | Validation loss decreased (0.553785 --> 0.551427) in epoch (22). Saving model ...
2026-07-13 09:26:41 | TestSub: S8 | Epoch 23/100 Finsh | Now_lr 0.0005/0.0005 | Train Loss 0.4646 | Valid Loss 0.5437 | Train Acc 83.6957 | Valid Acc 75.0000
2026-07-13 09:26:41 | Validation loss decreased (0.551427 --> 0.543686) in epoch (23). Saving model ...
2026-07-13 09:26:41 | TestSub: S8 | Epoch 24/100 Finsh | Now_lr 0.0005/0.0005 | Train Loss 0.4448 | Valid Loss 0.5315 | Train Acc 85.7337 | Valid Acc 71.8750
2026-07-13 09:26:41 | Validation loss decreased (0.543686 --> 0.531541) in epoch (24). Saving model ...
2026-07-13 09:26:41 | TestSub: S8 | Epoch 25/100 Finsh | Now_lr 0.0005/0.0005 | Train Loss 0.4423 | Valid Loss 0.5257 | Train Acc 83.4239 | Valid Acc 75.0000
2026-07-13 09:26:41 | Validation loss decreased (0.531541 --> 0.525677) in epoch (25). Saving model ...
2026-07-13 09:26:42 | TestSub: S8 | Epoch 26/100 Finsh | Now_lr 0.0005/0.0005 | Train Loss 0.4351 | Valid Loss 0.5308 | Train Acc 86.1413 | Valid Acc 70.3125
2026-07-13 09:26:42 | TestSub: S8 | Epoch 27/100 Finsh | Now_lr 0.0005/0.0005 | Train Loss 0.4321 | Valid Loss 0.5091 | Train Acc 85.3261 | Valid Acc 78.1250
2026-07-13 09:26:42 | Validation loss decreased (0.525677 --> 0.509073) in epoch (27). Saving model ...
2026-07-13 09:26:43 | TestSub: S8 | Epoch 28/100 Finsh | Now_lr 0.0005/0.0005 | Train Loss 0.4093 | Valid Loss 0.4965 | Train Acc 87.0924 | Valid Acc 78.1250
2026-07-13 09:26:43 | Validation loss decreased (0.509073 --> 0.496545) in epoch (28). Saving model ...
2026-07-13 09:26:43 | TestSub: S8 | Epoch 29/100 Finsh | Now_lr 0.0005/0.0005 | Train Loss 0.4183 | Valid Loss 0.4867 | Train Acc 86.5489 | Valid Acc 78.1250
2026-07-13 09:26:43 | Validation loss decreased (0.496545 --> 0.486692) in epoch (29). Saving model ...
2026-07-13 09:26:43 | TestSub: S8 | Epoch 30/100 Finsh | Now_lr 0.0005/0.0005 | Train Loss 0.3939 | Valid Loss 0.4863 | Train Acc 86.5489 | Valid Acc 79.6875
2026-07-13 09:26:43 | Validation loss decreased (0.486692 --> 0.486343) in epoch (30). Saving model ...
2026-07-13 09:26:44 | TestSub: S8 | Epoch 31/100 Finsh | Now_lr 0.0005/0.0005 | Train Loss 0.3788 | Valid Loss 0.4751 | Train Acc 87.9076 | Valid Acc 79.6875
2026-07-13 09:26:44 | Validation loss decreased (0.486343 --> 0.475137) in epoch (31). Saving model ...
2026-07-13 09:26:44 | TestSub: S8 | Epoch 32/100 Finsh | Now_lr 0.0005/0.0005 | Train Loss 0.3789 | Valid Loss 0.4708 | Train Acc 87.2283 | Valid Acc 82.8125
2026-07-13 09:26:44 | Validation loss decreased (0.475137 --> 0.470823) in epoch (32). Saving model ...
2026-07-13 09:26:45 | TestSub: S8 | Epoch 33/100 Finsh | Now_lr 0.0005/0.0005 | Train Loss 0.3607 | Valid Loss 0.4650 | Train Acc 90.0815 | Valid Acc 81.2500
2026-07-13 09:26:45 | Validation loss decreased (0.470823 --> 0.464985) in epoch (33). Saving model ...
2026-07-13 09:26:45 | TestSub: S8 | Epoch 34/100 Finsh | Now_lr 0.0005/0.0005 | Train Loss 0.3895 | Valid Loss 0.4655 | Train Acc 86.4130 | Valid Acc 84.3750
2026-07-13 09:26:45 | TestSub: S8 | Epoch 35/100 Finsh | Now_lr 0.0005/0.0005 | Train Loss 0.3671 | Valid Loss 0.4547 | Train Acc 88.3152 | Valid Acc 81.2500
2026-07-13 09:26:45 | Validation loss decreased (0.464985 --> 0.454666) in epoch (35). Saving model ...
2026-07-13 09:26:46 | TestSub: S8 | Epoch 36/100 Finsh | Now_lr 0.0005/0.0005 | Train Loss 0.3433 | Valid Loss 0.4546 | Train Acc 90.4891 | Valid Acc 79.6875
2026-07-13 09:26:46 | Validation loss decreased (0.454666 --> 0.454553) in epoch (36). Saving model ...
2026-07-13 09:26:46 | TestSub: S8 | Epoch 37/100 Finsh | Now_lr 0.0005/0.0005 | Train Loss 0.3589 | Valid Loss 0.4485 | Train Acc 88.9946 | Valid Acc 79.6875
2026-07-13 09:26:46 | Validation loss decreased (0.454553 --> 0.448470) in epoch (37). Saving model ...
2026-07-13 09:26:47 | TestSub: S8 | Epoch 38/100 Finsh | Now_lr 0.0005/0.0005 | Train Loss 0.3329 | Valid Loss 0.4443 | Train Acc 89.5380 | Valid Acc 79.6875
2026-07-13 09:26:47 | Validation loss decreased (0.448470 --> 0.444277) in epoch (38). Saving model ...
2026-07-13 09:26:47 | TestSub: S8 | Epoch 39/100 Finsh | Now_lr 0.0005/0.0005 | Train Loss 0.3230 | Valid Loss 0.4429 | Train Acc 89.9457 | Valid Acc 84.3750
2026-07-13 09:26:47 | Validation loss decreased (0.444277 --> 0.442864) in epoch (39). Saving model ...
2026-07-13 09:26:48 | TestSub: S8 | Epoch 40/100 Finsh | Now_lr 0.0005/0.0005 | Train Loss 0.3146 | Valid Loss 0.4374 | Train Acc 90.4891 | Valid Acc 79.6875
2026-07-13 09:26:48 | Validation loss decreased (0.442864 --> 0.437380) in epoch (40). Saving model ...
2026-07-13 09:26:48 | TestSub: S8 | Epoch 41/100 Finsh | Now_lr 0.0005/0.0005 | Train Loss 0.3190 | Valid Loss 0.4324 | Train Acc 90.4891 | Valid Acc 78.1250
2026-07-13 09:26:48 | Validation loss decreased (0.437380 --> 0.432355) in epoch (41). Saving model ...
2026-07-13 09:26:48 | TestSub: S8 | Epoch 42/100 Finsh | Now_lr 0.0005/0.0005 | Train Loss 0.3272 | Valid Loss 0.4353 | Train Acc 89.9457 | Valid Acc 82.8125
2026-07-13 09:26:49 | TestSub: S8 | Epoch 43/100 Finsh | Now_lr 0.0005/0.0005 | Train Loss 0.3066 | Valid Loss 0.4368 | Train Acc 91.0326 | Valid Acc 79.6875
2026-07-13 09:26:49 | TestSub: S8 | Epoch 44/100 Finsh | Now_lr 0.0005/0.0005 | Train Loss 0.2954 | Valid Loss 0.4330 | Train Acc 91.4402 | Valid Acc 76.5625
2026-07-13 09:26:50 | TestSub: S8 | Epoch 45/100 Finsh | Now_lr 0.0005/0.0005 | Train Loss 0.3046 | Valid Loss 0.4197 | Train Acc 89.9457 | Valid Acc 82.8125
2026-07-13 09:26:50 | Validation loss decreased (0.432355 --> 0.419688) in epoch (45). Saving model ...
2026-07-13 09:26:50 | TestSub: S8 | Epoch 46/100 Finsh | Now_lr 0.0005/0.0005 | Train Loss 0.2903 | Valid Loss 0.4200 | Train Acc 90.8967 | Valid Acc 82.8125
2026-07-13 09:26:50 | TestSub: S8 | Epoch 47/100 Finsh | Now_lr 0.0005/0.0005 | Train Loss 0.2789 | Valid Loss 0.4152 | Train Acc 92.1196 | Valid Acc 79.6875
2026-07-13 09:26:50 | Validation loss decreased (0.419688 --> 0.415247) in epoch (47). Saving model ...
2026-07-13 09:26:51 | TestSub: S8 | Epoch 48/100 Finsh | Now_lr 0.0005/0.0005 | Train Loss 0.2743 | Valid Loss 0.4072 | Train Acc 93.4783 | Valid Acc 84.3750
2026-07-13 09:26:51 | Validation loss decreased (0.415247 --> 0.407178) in epoch (48). Saving model ...
2026-07-13 09:26:51 | TestSub: S8 | Epoch 49/100 Finsh | Now_lr 0.0005/0.0005 | Train Loss 0.2733 | Valid Loss 0.4012 | Train Acc 92.2554 | Valid Acc 85.9375
2026-07-13 09:26:51 | Validation loss decreased (0.407178 --> 0.401225) in epoch (49). Saving model ...
2026-07-13 09:26:52 | TestSub: S8 | Epoch 50/100 Finsh | Now_lr 0.0005/0.0005 | Train Loss 0.2652 | Valid Loss 0.3979 | Train Acc 93.3424 | Valid Acc 84.3750
2026-07-13 09:26:52 | Validation loss decreased (0.401225 --> 0.397942) in epoch (50). Saving model ...
2026-07-13 09:26:52 | TestSub: S8 | Epoch 51/100 Finsh | Now_lr 0.0005/0.0005 | Train Loss 0.2731 | Valid Loss 0.4078 | Train Acc 91.8478 | Valid Acc 79.6875
2026-07-13 09:26:52 | TestSub: S8 | Epoch 52/100 Finsh | Now_lr 0.0005/0.0005 | Train Loss 0.2585 | Valid Loss 0.3959 | Train Acc 94.4293 | Valid Acc 82.8125
2026-07-13 09:26:52 | Validation loss decreased (0.397942 --> 0.395918) in epoch (52). Saving model ...
2026-07-13 09:26:53 | TestSub: S8 | Epoch 53/100 Finsh | Now_lr 0.0005/0.0005 | Train Loss 0.2693 | Valid Loss 0.3894 | Train Acc 92.5272 | Valid Acc 84.3750
2026-07-13 09:26:53 | Validation loss decreased (0.395918 --> 0.389379) in epoch (53). Saving model ...
2026-07-13 09:26:53 | TestSub: S8 | Epoch 54/100 Finsh | Now_lr 0.0005/0.0005 | Train Loss 0.2606 | Valid Loss 0.3794 | Train Acc 92.2554 | Valid Acc 82.8125
2026-07-13 09:26:53 | Validation loss decreased (0.389379 --> 0.379425) in epoch (54). Saving model ...
2026-07-13 09:26:54 | TestSub: S8 | Epoch 55/100 Finsh | Now_lr 0.0005/0.0005 | Train Loss 0.2341 | Valid Loss 0.3832 | Train Acc 94.1576 | Valid Acc 85.9375
2026-07-13 09:26:54 | TestSub: S8 | Epoch 56/100 Finsh | Now_lr 0.0005/0.0005 | Train Loss 0.2429 | Valid Loss 0.3700 | Train Acc 94.0217 | Valid Acc 87.5000
2026-07-13 09:26:54 | Validation loss decreased (0.379425 --> 0.369968) in epoch (56). Saving model ...
2026-07-13 09:26:54 | TestSub: S8 | Epoch 57/100 Finsh | Now_lr 0.0005/0.0005 | Train Loss 0.2477 | Valid Loss 0.3668 | Train Acc 93.4783 | Valid Acc 82.8125
2026-07-13 09:26:54 | Validation loss decreased (0.369968 --> 0.366793) in epoch (57). Saving model ...
2026-07-13 09:26:55 | TestSub: S8 | Epoch 58/100 Finsh | Now_lr 0.0005/0.0005 | Train Loss 0.2369 | Valid Loss 0.3717 | Train Acc 93.3424 | Valid Acc 82.8125
2026-07-13 09:26:56 | TestSub: S8 | Epoch 59/100 Finsh | Now_lr 0.0005/0.0005 | Train Loss 0.2347 | Valid Loss 0.3589 | Train Acc 93.4783 | Valid Acc 82.8125
2026-07-13 09:26:56 | Validation loss decreased (0.366793 --> 0.358869) in epoch (59). Saving model ...
2026-07-13 09:26:56 | TestSub: S8 | Epoch 60/100 Finsh | Now_lr 0.0005/0.0005 | Train Loss 0.2433 | Valid Loss 0.3653 | Train Acc 92.2554 | Valid Acc 85.9375
2026-07-13 09:26:56 | TestSub: S8 | Epoch 61/100 Finsh | Now_lr 0.0005/0.0005 | Train Loss 0.2361 | Valid Loss 0.3558 | Train Acc 94.2935 | Valid Acc 87.5000
2026-07-13 09:26:56 | Validation loss decreased (0.358869 --> 0.355838) in epoch (61). Saving model ...
2026-07-13 09:26:57 | TestSub: S8 | Epoch 62/100 Finsh | Now_lr 0.0005/0.0005 | Train Loss 0.2417 | Valid Loss 0.3649 | Train Acc 93.6141 | Valid Acc 85.9375
2026-07-13 09:26:57 | TestSub: S8 | Epoch 63/100 Finsh | Now_lr 0.0005/0.0005 | Train Loss 0.2247 | Valid Loss 0.3517 | Train Acc 94.5652 | Valid Acc 87.5000
2026-07-13 09:26:57 | Validation loss decreased (0.355838 --> 0.351653) in epoch (63). Saving model ...
2026-07-13 09:26:58 | TestSub: S8 | Epoch 64/100 Finsh | Now_lr 0.0005/0.0005 | Train Loss 0.2267 | Valid Loss 0.3510 | Train Acc 93.2065 | Valid Acc 85.9375
2026-07-13 09:26:58 | Validation loss decreased (0.351653 --> 0.350985) in epoch (64). Saving model ...
2026-07-13 09:26:58 | TestSub: S8 | Epoch 65/100 Finsh | Now_lr 0.0005/0.0005 | Train Loss 0.2115 | Valid Loss 0.3467 | Train Acc 93.7500 | Valid Acc 89.0625
2026-07-13 09:26:58 | Validation loss decreased (0.350985 --> 0.346728) in epoch (65). Saving model ...
2026-07-13 09:26:58 | TestSub: S8 | Epoch 66/100 Finsh | Now_lr 0.0005/0.0005 | Train Loss 0.2373 | Valid Loss 0.3484 | Train Acc 92.6630 | Valid Acc 84.3750
2026-07-13 09:26:59 | TestSub: S8 | Epoch 67/100 Finsh | Now_lr 0.0005/0.0005 | Train Loss 0.2069 | Valid Loss 0.3600 | Train Acc 94.2935 | Valid Acc 84.3750
2026-07-13 09:26:59 | TestSub: S8 | Epoch 68/100 Finsh | Now_lr 0.0005/0.0005 | Train Loss 0.2212 | Valid Loss 0.3566 | Train Acc 93.3424 | Valid Acc 85.9375
2026-07-13 09:27:00 | TestSub: S8 | Epoch 69/100 Finsh | Now_lr 0.0005/0.0005 | Train Loss 0.2136 | Valid Loss 0.3599 | Train Acc 94.0217 | Valid Acc 85.9375
2026-07-13 09:27:00 | TestSub: S8 | Epoch 70/100 Finsh | Now_lr 0.0005/0.0005 | Train Loss 0.2138 | Valid Loss 0.3597 | Train Acc 94.7011 | Valid Acc 87.5000
2026-07-13 09:27:00 | TestSub: S8 | Epoch 71/100 Finsh | Now_lr 0.0005/0.0005 | Train Loss 0.2232 | Valid Loss 0.3499 | Train Acc 93.3424 | Valid Acc 85.9375
2026-07-13 09:27:01 | TestSub: S8 | Epoch 72/100 Finsh | Now_lr 0.0005/0.0005 | Train Loss 0.2062 | Valid Loss 0.3413 | Train Acc 94.0217 | Valid Acc 87.5000
2026-07-13 09:27:01 | Validation loss decreased (0.346728 --> 0.341297) in epoch (72). Saving model ...
2026-07-13 09:27:01 | TestSub: S8 | Epoch 73/100 Finsh | Now_lr 0.0005/0.0005 | Train Loss 0.1997 | Valid Loss 0.3435 | Train Acc 94.7011 | Valid Acc 87.5000
2026-07-13 09:27:02 | TestSub: S8 | Epoch 74/100 Finsh | Now_lr 0.0005/0.0005 | Train Loss 0.1991 | Valid Loss 0.3399 | Train Acc 95.1087 | Valid Acc 87.5000
2026-07-13 09:27:02 | Validation loss decreased (0.341297 --> 0.339871) in epoch (74). Saving model ...
2026-07-13 09:27:02 | TestSub: S8 | Epoch 75/100 Finsh | Now_lr 0.0005/0.0005 | Train Loss 0.2082 | Valid Loss 0.3454 | Train Acc 93.8859 | Valid Acc 85.9375
2026-07-13 09:27:02 | TestSub: S8 | Epoch 76/100 Finsh | Now_lr 0.0005/0.0005 | Train Loss 0.1944 | Valid Loss 0.3454 | Train Acc 94.9728 | Valid Acc 85.9375
2026-07-13 09:27:03 | TestSub: S8 | Epoch 77/100 Finsh | Now_lr 0.0005/0.0005 | Train Loss 0.1864 | Valid Loss 0.3734 | Train Acc 95.3804 | Valid Acc 79.6875
2026-07-13 09:27:03 | TestSub: S8 | Epoch 78/100 Finsh | Now_lr 0.0005/0.0005 | Train Loss 0.1911 | Valid Loss 0.3841 | Train Acc 94.2935 | Valid Acc 82.8125
2026-07-13 09:27:04 | TestSub: S8 | Epoch 79/100 Finsh | Now_lr 0.0005/0.0005 | Train Loss 0.1968 | Valid Loss 0.3410 | Train Acc 94.8370 | Valid Acc 82.8125
2026-07-13 09:27:04 | TestSub: S8 | Epoch 80/100 Finsh | Now_lr 0.0005/0.0005 | Train Loss 0.2015 | Valid Loss 0.3453 | Train Acc 93.0707 | Valid Acc 82.8125
2026-07-13 09:27:04 | TestSub: S8 | Epoch 81/100 Finsh | Now_lr 0.0005/0.0005 | Train Loss 0.1985 | Valid Loss 0.3345 | Train Acc 94.7011 | Valid Acc 84.3750
2026-07-13 09:27:04 | Validation loss decreased (0.339871 --> 0.334518) in epoch (81). Saving model ...
2026-07-13 09:27:05 | TestSub: S8 | Epoch 82/100 Finsh | Now_lr 0.0005/0.0005 | Train Loss 0.1936 | Valid Loss 0.3623 | Train Acc 94.9728 | Valid Acc 84.3750
2026-07-13 09:27:05 | TestSub: S8 | Epoch 83/100 Finsh | Now_lr 0.0005/0.0005 | Train Loss 0.1852 | Valid Loss 0.3185 | Train Acc 95.6522 | Valid Acc 89.0625
2026-07-13 09:27:05 | Validation loss decreased (0.334518 --> 0.318540) in epoch (83). Saving model ...
2026-07-13 09:27:06 | TestSub: S8 | Epoch 84/100 Finsh | Now_lr 0.0005/0.0005 | Train Loss 0.1769 | Valid Loss 0.3377 | Train Acc 94.9728 | Valid Acc 87.5000
2026-07-13 09:27:06 | TestSub: S8 | Epoch 85/100 Finsh | Now_lr 0.0005/0.0005 | Train Loss 0.1955 | Valid Loss 0.3234 | Train Acc 94.5652 | Valid Acc 89.0625
2026-07-13 09:27:06 | TestSub: S8 | Epoch 86/100 Finsh | Now_lr 0.0005/0.0005 | Train Loss 0.1822 | Valid Loss 0.3264 | Train Acc 95.2446 | Valid Acc 85.9375
2026-07-13 09:27:07 | TestSub: S8 | Epoch 87/100 Finsh | Now_lr 0.0005/0.0005 | Train Loss 0.1842 | Valid Loss 0.3167 | Train Acc 94.9728 | Valid Acc 84.3750
2026-07-13 09:27:07 | Validation loss decreased (0.318540 --> 0.316721) in epoch (87). Saving model ...
2026-07-13 09:27:07 | TestSub: S8 | Epoch 88/100 Finsh | Now_lr 0.0005/0.0005 | Train Loss 0.1697 | Valid Loss 0.3272 | Train Acc 96.0598 | Valid Acc 85.9375
2026-07-13 09:27:08 | TestSub: S8 | Epoch 89/100 Finsh | Now_lr 0.0005/0.0005 | Train Loss 0.1676 | Valid Loss 0.3215 | Train Acc 95.9239 | Valid Acc 87.5000
2026-07-13 09:27:08 | TestSub: S8 | Epoch 90/100 Finsh | Now_lr 0.0005/0.0005 | Train Loss 0.1753 | Valid Loss 0.3214 | Train Acc 95.5163 | Valid Acc 87.5000
2026-07-13 09:27:09 | TestSub: S8 | Epoch 91/100 Finsh | Now_lr 0.0005/0.0005 | Train Loss 0.1711 | Valid Loss 0.3269 | Train Acc 95.5163 | Valid Acc 87.5000
2026-07-13 09:27:09 | TestSub: S8 | Epoch 92/100 Finsh | Now_lr 0.0005/0.0005 | Train Loss 0.1676 | Valid Loss 0.3107 | Train Acc 95.2446 | Valid Acc 87.5000
2026-07-13 09:27:09 | Validation loss decreased (0.316721 --> 0.310664) in epoch (92). Saving model ...
2026-07-13 09:27:09 | TestSub: S8 | Epoch 93/100 Finsh | Now_lr 0.0005/0.0005 | Train Loss 0.1717 | Valid Loss 0.3172 | Train Acc 94.7011 | Valid Acc 85.9375
2026-07-13 09:27:10 | TestSub: S8 | Epoch 94/100 Finsh | Now_lr 0.0005/0.0005 | Train Loss 0.1649 | Valid Loss 0.3051 | Train Acc 95.3804 | Valid Acc 89.0625
2026-07-13 09:27:10 | Validation loss decreased (0.310664 --> 0.305054) in epoch (94). Saving model ...
2026-07-13 09:27:10 | TestSub: S8 | Epoch 95/100 Finsh | Now_lr 0.0005/0.0005 | Train Loss 0.1507 | Valid Loss 0.3112 | Train Acc 96.4674 | Valid Acc 89.0625
2026-07-13 09:27:10 | TestSub: S8 | Epoch 96/100 Finsh | Now_lr 0.0005/0.0005 | Train Loss 0.1690 | Valid Loss 0.3070 | Train Acc 95.6522 | Valid Acc 89.0625
2026-07-13 09:27:11 | TestSub: S8 | Epoch 97/100 Finsh | Now_lr 0.0005/0.0005 | Train Loss 0.1628 | Valid Loss 0.3148 | Train Acc 95.6522 | Valid Acc 87.5000
2026-07-13 09:27:11 | TestSub: S8 | Epoch 98/100 Finsh | Now_lr 0.0005/0.0005 | Train Loss 0.1666 | Valid Loss 0.2949 | Train Acc 95.2446 | Valid Acc 89.0625
2026-07-13 09:27:11 | Validation loss decreased (0.305054 --> 0.294878) in epoch (98). Saving model ...
2026-07-13 09:27:12 | TestSub: S8 | Epoch 99/100 Finsh | Now_lr 0.0005/0.0005 | Train Loss 0.1461 | Valid Loss 0.2991 | Train Acc 96.4674 | Valid Acc 89.0625
2026-07-13 09:27:12 | TestSub: S8 | Epoch 100/100 Finsh | Now_lr 0.0005/0.0005 | Train Loss 0.1529 | Valid Loss 0.3042 | Train Acc 96.3315 | Valid Acc 89.0625
2026-07-13 09:27:12 | --------------------------------------------------
2026-07-13 09:27:12 | Test_Subject :S8 | Best epoch:98 | Test Loss:0.7182 | Savemodel Acc 58.3333
2026-07-13 09:27:12 | --------------------------------------------------
2026-07-13 09:27:12 | Best epoch: 98 | Test acc: 58.3333
