2026-07-13 09:24:13 | Logging started: ./writer/Subject_dependent_AAD/AVEDao/5.0s/result//Train5.0s_sub5.log
2026-07-13 09:24:16 | Sub_id: 5
2026-07-13 09:24:18 | TestSub: S5 | Epoch  1/100 Finsh | Now_lr 0.0005/0.0005 | Train Loss 0.6981 | Valid Loss 0.6967 | Train Acc 52.4457 | Valid Acc 51.5625
2026-07-13 09:24:18 | Validation loss decreased (inf --> 0.696650) in epoch (1). Saving model ...
2026-07-13 09:24:18 | TestSub: S5 | Epoch  2/100 Finsh | Now_lr 0.0005/0.0005 | Train Loss 0.6887 | Valid Loss 0.6950 | Train Acc 53.8043 | Valid Acc 51.5625
2026-07-13 09:24:18 | Validation loss decreased (0.696650 --> 0.694993) in epoch (2). Saving model ...
2026-07-13 09:24:18 | TestSub: S5 | Epoch  3/100 Finsh | Now_lr 0.0005/0.0005 | Train Loss 0.6807 | Valid Loss 0.6964 | Train Acc 56.1141 | Valid Acc 51.5625
2026-07-13 09:24:19 | TestSub: S5 | Epoch  4/100 Finsh | Now_lr 0.0005/0.0005 | Train Loss 0.6701 | Valid Loss 0.6932 | Train Acc 58.1522 | Valid Acc 50.0000
2026-07-13 09:24:19 | Validation loss decreased (0.694993 --> 0.693180) in epoch (4). Saving model ...
2026-07-13 09:24:19 | TestSub: S5 | Epoch  5/100 Finsh | Now_lr 0.0005/0.0005 | Train Loss 0.6504 | Valid Loss 0.6993 | Train Acc 65.4891 | Valid Acc 51.5625
2026-07-13 09:24:20 | TestSub: S5 | Epoch  6/100 Finsh | Now_lr 0.0005/0.0005 | Train Loss 0.6532 | Valid Loss 0.6938 | Train Acc 65.3533 | Valid Acc 56.2500
2026-07-13 09:24:20 | TestSub: S5 | Epoch  7/100 Finsh | Now_lr 0.0005/0.0005 | Train Loss 0.6441 | Valid Loss 0.7011 | Train Acc 65.0815 | Valid Acc 54.6875
2026-07-13 09:24:20 | TestSub: S5 | Epoch  8/100 Finsh | Now_lr 0.0005/0.0005 | Train Loss 0.6278 | Valid Loss 0.6998 | Train Acc 68.8859 | Valid Acc 51.5625
2026-07-13 09:24:21 | TestSub: S5 | Epoch  9/100 Finsh | Now_lr 0.0005/0.0005 | Train Loss 0.6184 | Valid Loss 0.6948 | Train Acc 70.5163 | Valid Acc 51.5625
2026-07-13 09:24:21 | TestSub: S5 | Epoch 10/100 Finsh | Now_lr 0.0005/0.0005 | Train Loss 0.6178 | Valid Loss 0.6870 | Train Acc 71.3315 | Valid Acc 50.0000
2026-07-13 09:24:21 | Validation loss decreased (0.693180 --> 0.686988) in epoch (10). Saving model ...
2026-07-13 09:24:22 | TestSub: S5 | Epoch 11/100 Finsh | Now_lr 0.0005/0.0005 | Train Loss 0.6064 | Valid Loss 0.6853 | Train Acc 72.9620 | Valid Acc 54.6875
2026-07-13 09:24:22 | Validation loss decreased (0.686988 --> 0.685283) in epoch (11). Saving model ...
2026-07-13 09:24:22 | TestSub: S5 | Epoch 12/100 Finsh | Now_lr 0.0005/0.0005 | Train Loss 0.5994 | Valid Loss 0.6765 | Train Acc 73.2337 | Valid Acc 53.1250
2026-07-13 09:24:22 | Validation loss decreased (0.685283 --> 0.676525) in epoch (12). Saving model ...
2026-07-13 09:24:22 | TestSub: S5 | Epoch 13/100 Finsh | Now_lr 0.0005/0.0005 | Train Loss 0.5817 | Valid Loss 0.6808 | Train Acc 75.4076 | Valid Acc 57.8125
2026-07-13 09:24:23 | TestSub: S5 | Epoch 14/100 Finsh | Now_lr 0.0005/0.0005 | Train Loss 0.5758 | Valid Loss 0.6812 | Train Acc 74.3207 | Valid Acc 59.3750
2026-07-13 09:24:23 | TestSub: S5 | Epoch 15/100 Finsh | Now_lr 0.0005/0.0005 | Train Loss 0.5711 | Valid Loss 0.6788 | Train Acc 75.5435 | Valid Acc 59.3750
2026-07-13 09:24:24 | TestSub: S5 | Epoch 16/100 Finsh | Now_lr 0.0005/0.0005 | Train Loss 0.5744 | Valid Loss 0.6692 | Train Acc 73.5054 | Valid Acc 60.9375
2026-07-13 09:24:24 | Validation loss decreased (0.676525 --> 0.669210) in epoch (16). Saving model ...
2026-07-13 09:24:24 | TestSub: S5 | Epoch 17/100 Finsh | Now_lr 0.0005/0.0005 | Train Loss 0.5542 | Valid Loss 0.6688 | Train Acc 79.3478 | Valid Acc 59.3750
2026-07-13 09:24:24 | Validation loss decreased (0.669210 --> 0.668766) in epoch (17). Saving model ...
2026-07-13 09:24:24 | TestSub: S5 | Epoch 18/100 Finsh | Now_lr 0.0005/0.0005 | Train Loss 0.5477 | Valid Loss 0.6630 | Train Acc 77.8533 | Valid Acc 60.9375
2026-07-13 09:24:24 | Validation loss decreased (0.668766 --> 0.663005) in epoch (18). Saving model ...
2026-07-13 09:24:25 | TestSub: S5 | Epoch 19/100 Finsh | Now_lr 0.0005/0.0005 | Train Loss 0.5254 | Valid Loss 0.6593 | Train Acc 82.6087 | Valid Acc 60.9375
2026-07-13 09:24:25 | Validation loss decreased (0.663005 --> 0.659325) in epoch (19). Saving model ...
2026-07-13 09:24:25 | TestSub: S5 | Epoch 20/100 Finsh | Now_lr 0.0005/0.0005 | Train Loss 0.5317 | Valid Loss 0.6559 | Train Acc 76.3587 | Valid Acc 60.9375
2026-07-13 09:24:25 | Validation loss decreased (0.659325 --> 0.655880) in epoch (20). Saving model ...
2026-07-13 09:24:26 | TestSub: S5 | Epoch 21/100 Finsh | Now_lr 0.0005/0.0005 | Train Loss 0.5155 | Valid Loss 0.6497 | Train Acc 82.7446 | Valid Acc 67.1875
2026-07-13 09:24:26 | Validation loss decreased (0.655880 --> 0.649712) in epoch (21). Saving model ...
2026-07-13 09:24:26 | TestSub: S5 | Epoch 22/100 Finsh | Now_lr 0.0005/0.0005 | Train Loss 0.5071 | Valid Loss 0.6497 | Train Acc 82.7446 | Valid Acc 64.0625
2026-07-13 09:24:26 | Validation loss decreased (0.649712 --> 0.649707) in epoch (22). Saving model ...
2026-07-13 09:24:26 | TestSub: S5 | Epoch 23/100 Finsh | Now_lr 0.0005/0.0005 | Train Loss 0.4996 | Valid Loss 0.6418 | Train Acc 80.0272 | Valid Acc 64.0625
2026-07-13 09:24:26 | Validation loss decreased (0.649707 --> 0.641772) in epoch (23). Saving model ...
2026-07-13 09:24:27 | TestSub: S5 | Epoch 24/100 Finsh | Now_lr 0.0005/0.0005 | Train Loss 0.5032 | Valid Loss 0.6406 | Train Acc 80.5707 | Valid Acc 65.6250
2026-07-13 09:24:27 | Validation loss decreased (0.641772 --> 0.640595) in epoch (24). Saving model ...
2026-07-13 09:24:27 | TestSub: S5 | Epoch 25/100 Finsh | Now_lr 0.0005/0.0005 | Train Loss 0.4793 | Valid Loss 0.6293 | Train Acc 84.7826 | Valid Acc 67.1875
2026-07-13 09:24:27 | Validation loss decreased (0.640595 --> 0.629329) in epoch (25). Saving model ...
2026-07-13 09:24:28 | TestSub: S5 | Epoch 26/100 Finsh | Now_lr 0.0005/0.0005 | Train Loss 0.4688 | Valid Loss 0.6199 | Train Acc 82.7446 | Valid Acc 67.1875
2026-07-13 09:24:28 | Validation loss decreased (0.629329 --> 0.619932) in epoch (26). Saving model ...
2026-07-13 09:24:28 | TestSub: S5 | Epoch 27/100 Finsh | Now_lr 0.0005/0.0005 | Train Loss 0.4773 | Valid Loss 0.6102 | Train Acc 81.3859 | Valid Acc 67.1875
2026-07-13 09:24:28 | Validation loss decreased (0.619932 --> 0.610170) in epoch (27). Saving model ...
2026-07-13 09:24:28 | TestSub: S5 | Epoch 28/100 Finsh | Now_lr 0.0005/0.0005 | Train Loss 0.4597 | Valid Loss 0.6131 | Train Acc 84.5109 | Valid Acc 67.1875
2026-07-13 09:24:29 | TestSub: S5 | Epoch 29/100 Finsh | Now_lr 0.0005/0.0005 | Train Loss 0.4483 | Valid Loss 0.6004 | Train Acc 85.4620 | Valid Acc 73.4375
2026-07-13 09:24:29 | Validation loss decreased (0.610170 --> 0.600427) in epoch (29). Saving model ...
2026-07-13 09:24:29 | TestSub: S5 | Epoch 30/100 Finsh | Now_lr 0.0005/0.0005 | Train Loss 0.4444 | Valid Loss 0.5938 | Train Acc 83.6957 | Valid Acc 73.4375
2026-07-13 09:24:29 | Validation loss decreased (0.600427 --> 0.593788) in epoch (30). Saving model ...
2026-07-13 09:24:30 | TestSub: S5 | Epoch 31/100 Finsh | Now_lr 0.0005/0.0005 | Train Loss 0.4375 | Valid Loss 0.5873 | Train Acc 84.5109 | Valid Acc 75.0000
2026-07-13 09:24:30 | Validation loss decreased (0.593788 --> 0.587347) in epoch (31). Saving model ...
2026-07-13 09:24:30 | TestSub: S5 | Epoch 32/100 Finsh | Now_lr 0.0005/0.0005 | Train Loss 0.4337 | Valid Loss 0.5900 | Train Acc 86.6848 | Valid Acc 73.4375
2026-07-13 09:24:30 | TestSub: S5 | Epoch 33/100 Finsh | Now_lr 0.0005/0.0005 | Train Loss 0.4252 | Valid Loss 0.5935 | Train Acc 85.3261 | Valid Acc 71.8750
2026-07-13 09:24:31 | TestSub: S5 | Epoch 34/100 Finsh | Now_lr 0.0005/0.0005 | Train Loss 0.4204 | Valid Loss 0.5689 | Train Acc 84.7826 | Valid Acc 71.8750
2026-07-13 09:24:31 | Validation loss decreased (0.587347 --> 0.568920) in epoch (34). Saving model ...
2026-07-13 09:24:31 | TestSub: S5 | Epoch 35/100 Finsh | Now_lr 0.0005/0.0005 | Train Loss 0.4159 | Valid Loss 0.5618 | Train Acc 85.5978 | Valid Acc 73.4375
2026-07-13 09:24:31 | Validation loss decreased (0.568920 --> 0.561846) in epoch (35). Saving model ...
2026-07-13 09:24:32 | TestSub: S5 | Epoch 36/100 Finsh | Now_lr 0.0005/0.0005 | Train Loss 0.4013 | Valid Loss 0.5480 | Train Acc 86.6848 | Valid Acc 75.0000
2026-07-13 09:24:32 | Validation loss decreased (0.561846 --> 0.547993) in epoch (36). Saving model ...
2026-07-13 09:24:32 | TestSub: S5 | Epoch 37/100 Finsh | Now_lr 0.0005/0.0005 | Train Loss 0.3881 | Valid Loss 0.5567 | Train Acc 87.5000 | Valid Acc 71.8750
2026-07-13 09:24:33 | TestSub: S5 | Epoch 38/100 Finsh | Now_lr 0.0005/0.0005 | Train Loss 0.3985 | Valid Loss 0.5389 | Train Acc 86.5489 | Valid Acc 73.4375
2026-07-13 09:24:33 | Validation loss decreased (0.547993 --> 0.538866) in epoch (38). Saving model ...
2026-07-13 09:24:33 | TestSub: S5 | Epoch 39/100 Finsh | Now_lr 0.0005/0.0005 | Train Loss 0.3841 | Valid Loss 0.5438 | Train Acc 88.1793 | Valid Acc 75.0000
2026-07-13 09:24:33 | TestSub: S5 | Epoch 40/100 Finsh | Now_lr 0.0005/0.0005 | Train Loss 0.3677 | Valid Loss 0.5439 | Train Acc 88.5870 | Valid Acc 73.4375
2026-07-13 09:24:34 | TestSub: S5 | Epoch 41/100 Finsh | Now_lr 0.0005/0.0005 | Train Loss 0.3829 | Valid Loss 0.5361 | Train Acc 88.9946 | Valid Acc 75.0000
2026-07-13 09:24:34 | Validation loss decreased (0.538866 --> 0.536067) in epoch (41). Saving model ...
2026-07-13 09:24:34 | TestSub: S5 | Epoch 42/100 Finsh | Now_lr 0.0005/0.0005 | Train Loss 0.3678 | Valid Loss 0.5269 | Train Acc 88.5870 | Valid Acc 76.5625
2026-07-13 09:24:34 | Validation loss decreased (0.536067 --> 0.526932) in epoch (42). Saving model ...
2026-07-13 09:24:35 | TestSub: S5 | Epoch 43/100 Finsh | Now_lr 0.0005/0.0005 | Train Loss 0.3704 | Valid Loss 0.5242 | Train Acc 88.0435 | Valid Acc 73.4375
2026-07-13 09:24:35 | Validation loss decreased (0.526932 --> 0.524224) in epoch (43). Saving model ...
2026-07-13 09:24:35 | TestSub: S5 | Epoch 44/100 Finsh | Now_lr 0.0005/0.0005 | Train Loss 0.3589 | Valid Loss 0.5250 | Train Acc 89.2663 | Valid Acc 75.0000
2026-07-13 09:24:35 | TestSub: S5 | Epoch 45/100 Finsh | Now_lr 0.0005/0.0005 | Train Loss 0.3575 | Valid Loss 0.5183 | Train Acc 88.4511 | Valid Acc 78.1250
2026-07-13 09:24:35 | Validation loss decreased (0.524224 --> 0.518302) in epoch (45). Saving model ...
2026-07-13 09:24:36 | TestSub: S5 | Epoch 46/100 Finsh | Now_lr 0.0005/0.0005 | Train Loss 0.3441 | Valid Loss 0.4946 | Train Acc 88.5870 | Valid Acc 76.5625
2026-07-13 09:24:36 | Validation loss decreased (0.518302 --> 0.494567) in epoch (46). Saving model ...
2026-07-13 09:24:36 | TestSub: S5 | Epoch 47/100 Finsh | Now_lr 0.0005/0.0005 | Train Loss 0.3448 | Valid Loss 0.4834 | Train Acc 90.4891 | Valid Acc 78.1250
2026-07-13 09:24:36 | Validation loss decreased (0.494567 --> 0.483422) in epoch (47). Saving model ...
2026-07-13 09:24:37 | TestSub: S5 | Epoch 48/100 Finsh | Now_lr 0.0005/0.0005 | Train Loss 0.3200 | Valid Loss 0.4634 | Train Acc 91.4402 | Valid Acc 81.2500
2026-07-13 09:24:37 | Validation loss decreased (0.483422 --> 0.463360) in epoch (48). Saving model ...
2026-07-13 09:24:37 | TestSub: S5 | Epoch 49/100 Finsh | Now_lr 0.0005/0.0005 | Train Loss 0.3365 | Valid Loss 0.4547 | Train Acc 89.8098 | Valid Acc 82.8125
2026-07-13 09:24:37 | Validation loss decreased (0.463360 --> 0.454730) in epoch (49). Saving model ...
2026-07-13 09:24:37 | TestSub: S5 | Epoch 50/100 Finsh | Now_lr 0.0005/0.0005 | Train Loss 0.3301 | Valid Loss 0.4406 | Train Acc 89.5380 | Valid Acc 85.9375
2026-07-13 09:24:37 | Validation loss decreased (0.454730 --> 0.440556) in epoch (50). Saving model ...
2026-07-13 09:24:38 | TestSub: S5 | Epoch 51/100 Finsh | Now_lr 0.0005/0.0005 | Train Loss 0.3255 | Valid Loss 0.4525 | Train Acc 89.2663 | Valid Acc 81.2500
2026-07-13 09:24:38 | TestSub: S5 | Epoch 52/100 Finsh | Now_lr 0.0005/0.0005 | Train Loss 0.3055 | Valid Loss 0.4507 | Train Acc 91.8478 | Valid Acc 82.8125
2026-07-13 09:24:39 | TestSub: S5 | Epoch 53/100 Finsh | Now_lr 0.0005/0.0005 | Train Loss 0.2979 | Valid Loss 0.4556 | Train Acc 91.3043 | Valid Acc 81.2500
2026-07-13 09:24:39 | TestSub: S5 | Epoch 54/100 Finsh | Now_lr 0.0005/0.0005 | Train Loss 0.3135 | Valid Loss 0.4409 | Train Acc 90.8967 | Valid Acc 82.8125
2026-07-13 09:24:39 | TestSub: S5 | Epoch 55/100 Finsh | Now_lr 0.0005/0.0005 | Train Loss 0.2953 | Valid Loss 0.4341 | Train Acc 91.7120 | Valid Acc 85.9375
2026-07-13 09:24:39 | Validation loss decreased (0.440556 --> 0.434144) in epoch (55). Saving model ...
2026-07-13 09:24:40 | TestSub: S5 | Epoch 56/100 Finsh | Now_lr 0.0005/0.0005 | Train Loss 0.3177 | Valid Loss 0.4317 | Train Acc 91.0326 | Valid Acc 84.3750
2026-07-13 09:24:40 | Validation loss decreased (0.434144 --> 0.431695) in epoch (56). Saving model ...
2026-07-13 09:24:40 | TestSub: S5 | Epoch 57/100 Finsh | Now_lr 0.0005/0.0005 | Train Loss 0.2980 | Valid Loss 0.4167 | Train Acc 91.1685 | Valid Acc 87.5000
2026-07-13 09:24:40 | Validation loss decreased (0.431695 --> 0.416672) in epoch (57). Saving model ...
2026-07-13 09:24:41 | TestSub: S5 | Epoch 58/100 Finsh | Now_lr 0.0005/0.0005 | Train Loss 0.3103 | Valid Loss 0.4240 | Train Acc 89.5380 | Valid Acc 84.3750
2026-07-13 09:24:41 | TestSub: S5 | Epoch 59/100 Finsh | Now_lr 0.0005/0.0005 | Train Loss 0.2934 | Valid Loss 0.4198 | Train Acc 89.8098 | Valid Acc 82.8125
2026-07-13 09:24:41 | TestSub: S5 | Epoch 60/100 Finsh | Now_lr 0.0005/0.0005 | Train Loss 0.2968 | Valid Loss 0.4202 | Train Acc 90.8967 | Valid Acc 82.8125
2026-07-13 09:24:42 | TestSub: S5 | Epoch 61/100 Finsh | Now_lr 0.0005/0.0005 | Train Loss 0.2731 | Valid Loss 0.4094 | Train Acc 93.3424 | Valid Acc 84.3750
2026-07-13 09:24:42 | Validation loss decreased (0.416672 --> 0.409427) in epoch (61). Saving model ...
2026-07-13 09:24:42 | TestSub: S5 | Epoch 62/100 Finsh | Now_lr 0.0005/0.0005 | Train Loss 0.2899 | Valid Loss 0.4010 | Train Acc 90.6250 | Valid Acc 85.9375
2026-07-13 09:24:42 | Validation loss decreased (0.409427 --> 0.401017) in epoch (62). Saving model ...
2026-07-13 09:24:43 | TestSub: S5 | Epoch 63/100 Finsh | Now_lr 0.0005/0.0005 | Train Loss 0.2667 | Valid Loss 0.4030 | Train Acc 92.1196 | Valid Acc 89.0625
2026-07-13 09:24:43 | TestSub: S5 | Epoch 64/100 Finsh | Now_lr 0.0005/0.0005 | Train Loss 0.2597 | Valid Loss 0.3946 | Train Acc 93.0707 | Valid Acc 82.8125
2026-07-13 09:24:43 | Validation loss decreased (0.401017 --> 0.394601) in epoch (64). Saving model ...
2026-07-13 09:24:43 | TestSub: S5 | Epoch 65/100 Finsh | Now_lr 0.0005/0.0005 | Train Loss 0.2693 | Valid Loss 0.3944 | Train Acc 92.2554 | Valid Acc 90.6250
2026-07-13 09:24:43 | Validation loss decreased (0.394601 --> 0.394391) in epoch (65). Saving model ...
2026-07-13 09:24:44 | TestSub: S5 | Epoch 66/100 Finsh | Now_lr 0.0005/0.0005 | Train Loss 0.2620 | Valid Loss 0.3972 | Train Acc 91.7120 | Valid Acc 89.0625
2026-07-13 09:24:44 | TestSub: S5 | Epoch 67/100 Finsh | Now_lr 0.0005/0.0005 | Train Loss 0.2651 | Valid Loss 0.3874 | Train Acc 91.8478 | Valid Acc 92.1875
2026-07-13 09:24:44 | Validation loss decreased (0.394391 --> 0.387365) in epoch (67). Saving model ...
2026-07-13 09:24:45 | TestSub: S5 | Epoch 68/100 Finsh | Now_lr 0.0005/0.0005 | Train Loss 0.2511 | Valid Loss 0.3879 | Train Acc 93.4783 | Valid Acc 89.0625
2026-07-13 09:24:45 | TestSub: S5 | Epoch 69/100 Finsh | Now_lr 0.0005/0.0005 | Train Loss 0.2711 | Valid Loss 0.3782 | Train Acc 92.2554 | Valid Acc 89.0625
2026-07-13 09:24:45 | Validation loss decreased (0.387365 --> 0.378204) in epoch (69). Saving model ...
2026-07-13 09:24:45 | TestSub: S5 | Epoch 70/100 Finsh | Now_lr 0.0005/0.0005 | Train Loss 0.2596 | Valid Loss 0.3690 | Train Acc 91.7120 | Valid Acc 87.5000
2026-07-13 09:24:45 | Validation loss decreased (0.378204 --> 0.369047) in epoch (70). Saving model ...
2026-07-13 09:24:46 | TestSub: S5 | Epoch 71/100 Finsh | Now_lr 0.0005/0.0005 | Train Loss 0.2627 | Valid Loss 0.3763 | Train Acc 91.3043 | Valid Acc 89.0625
2026-07-13 09:24:46 | TestSub: S5 | Epoch 72/100 Finsh | Now_lr 0.0005/0.0005 | Train Loss 0.2607 | Valid Loss 0.3739 | Train Acc 91.3043 | Valid Acc 89.0625
2026-07-13 09:24:47 | TestSub: S5 | Epoch 73/100 Finsh | Now_lr 0.0005/0.0005 | Train Loss 0.2754 | Valid Loss 0.3826 | Train Acc 91.1685 | Valid Acc 89.0625
2026-07-13 09:24:47 | TestSub: S5 | Epoch 74/100 Finsh | Now_lr 0.0005/0.0005 | Train Loss 0.2356 | Valid Loss 0.3991 | Train Acc 93.7500 | Valid Acc 81.2500
2026-07-13 09:24:47 | TestSub: S5 | Epoch 75/100 Finsh | Now_lr 0.0005/0.0005 | Train Loss 0.2347 | Valid Loss 0.3800 | Train Acc 94.8370 | Valid Acc 92.1875
2026-07-13 09:24:48 | TestSub: S5 | Epoch 76/100 Finsh | Now_lr 0.0005/0.0005 | Train Loss 0.2389 | Valid Loss 0.3687 | Train Acc 93.2065 | Valid Acc 92.1875
2026-07-13 09:24:48 | Validation loss decreased (0.369047 --> 0.368742) in epoch (76). Saving model ...
2026-07-13 09:24:48 | TestSub: S5 | Epoch 77/100 Finsh | Now_lr 0.0005/0.0005 | Train Loss 0.2553 | Valid Loss 0.3574 | Train Acc 93.3424 | Valid Acc 92.1875
2026-07-13 09:24:48 | Validation loss decreased (0.368742 --> 0.357436) in epoch (77). Saving model ...
2026-07-13 09:24:49 | TestSub: S5 | Epoch 78/100 Finsh | Now_lr 0.0005/0.0005 | Train Loss 0.2322 | Valid Loss 0.3590 | Train Acc 93.2065 | Valid Acc 90.6250
2026-07-13 09:24:49 | TestSub: S5 | Epoch 79/100 Finsh | Now_lr 0.0005/0.0005 | Train Loss 0.2480 | Valid Loss 0.3740 | Train Acc 93.4783 | Valid Acc 84.3750
2026-07-13 09:24:50 | TestSub: S5 | Epoch 80/100 Finsh | Now_lr 0.0005/0.0005 | Train Loss 0.2374 | Valid Loss 0.3702 | Train Acc 93.2065 | Valid Acc 87.5000
2026-07-13 09:24:50 | TestSub: S5 | Epoch 81/100 Finsh | Now_lr 0.0005/0.0005 | Train Loss 0.2290 | Valid Loss 0.3648 | Train Acc 93.4783 | Valid Acc 85.9375
2026-07-13 09:24:50 | TestSub: S5 | Epoch 82/100 Finsh | Now_lr 0.0005/0.0005 | Train Loss 0.2235 | Valid Loss 0.3635 | Train Acc 92.9348 | Valid Acc 89.0625
2026-07-13 09:24:51 | TestSub: S5 | Epoch 83/100 Finsh | Now_lr 0.0005/0.0005 | Train Loss 0.2246 | Valid Loss 0.3721 | Train Acc 93.7500 | Valid Acc 89.0625
2026-07-13 09:24:51 | TestSub: S5 | Epoch 84/100 Finsh | Now_lr 0.0005/0.0005 | Train Loss 0.2168 | Valid Loss 0.3860 | Train Acc 95.3804 | Valid Acc 89.0625
2026-07-13 09:24:52 | TestSub: S5 | Epoch 85/100 Finsh | Now_lr 0.0005/0.0005 | Train Loss 0.2225 | Valid Loss 0.3577 | Train Acc 93.2065 | Valid Acc 90.6250
2026-07-13 09:24:52 | TestSub: S5 | Epoch 86/100 Finsh | Now_lr 0.0005/0.0005 | Train Loss 0.2388 | Valid Loss 0.3527 | Train Acc 92.7989 | Valid Acc 90.6250
2026-07-13 09:24:52 | Validation loss decreased (0.357436 --> 0.352730) in epoch (86). Saving model ...
2026-07-13 09:24:52 | TestSub: S5 | Epoch 87/100 Finsh | Now_lr 0.0005/0.0005 | Train Loss 0.2372 | Valid Loss 0.3577 | Train Acc 93.6141 | Valid Acc 92.1875
2026-07-13 09:24:53 | TestSub: S5 | Epoch 88/100 Finsh | Now_lr 0.0005/0.0005 | Train Loss 0.2207 | Valid Loss 0.3676 | Train Acc 93.4783 | Valid Acc 90.6250
2026-07-13 09:24:53 | TestSub: S5 | Epoch 89/100 Finsh | Now_lr 0.0005/0.0005 | Train Loss 0.2153 | Valid Loss 0.3794 | Train Acc 94.0217 | Valid Acc 85.9375
2026-07-13 09:24:54 | TestSub: S5 | Epoch 90/100 Finsh | Now_lr 0.0005/0.0005 | Train Loss 0.2481 | Valid Loss 0.3609 | Train Acc 91.4402 | Valid Acc 85.9375
2026-07-13 09:24:54 | TestSub: S5 | Epoch 91/100 Finsh | Now_lr 0.0005/0.0005 | Train Loss 0.2227 | Valid Loss 0.3576 | Train Acc 93.7500 | Valid Acc 87.5000
2026-07-13 09:24:54 | TestSub: S5 | Epoch 92/100 Finsh | Now_lr 0.0005/0.0005 | Train Loss 0.2181 | Valid Loss 0.3579 | Train Acc 93.7500 | Valid Acc 85.9375
2026-07-13 09:24:55 | TestSub: S5 | Epoch 93/100 Finsh | Now_lr 0.0005/0.0005 | Train Loss 0.1977 | Valid Loss 0.3562 | Train Acc 94.4293 | Valid Acc 87.5000
2026-07-13 09:24:55 | TestSub: S5 | Epoch 94/100 Finsh | Now_lr 0.0005/0.0005 | Train Loss 0.2205 | Valid Loss 0.3673 | Train Acc 92.7989 | Valid Acc 87.5000
2026-07-13 09:24:56 | TestSub: S5 | Epoch 95/100 Finsh | Now_lr 0.0005/0.0005 | Train Loss 0.2036 | Valid Loss 0.3661 | Train Acc 94.1576 | Valid Acc 85.9375
2026-07-13 09:24:56 | TestSub: S5 | Epoch 96/100 Finsh | Now_lr 0.0005/0.0005 | Train Loss 0.2162 | Valid Loss 0.3884 | Train Acc 93.2065 | Valid Acc 85.9375
2026-07-13 09:24:56 | TestSub: S5 | Epoch 97/100 Finsh | Now_lr 0.0005/0.0005 | Train Loss 0.2116 | Valid Loss 0.3505 | Train Acc 93.2065 | Valid Acc 90.6250
2026-07-13 09:24:56 | Validation loss decreased (0.352730 --> 0.350493) in epoch (97). Saving model ...
2026-07-13 09:24:57 | TestSub: S5 | Epoch 98/100 Finsh | Now_lr 0.0005/0.0005 | Train Loss 0.2114 | Valid Loss 0.3510 | Train Acc 94.4293 | Valid Acc 89.0625
2026-07-13 09:24:57 | TestSub: S5 | Epoch 99/100 Finsh | Now_lr 0.0005/0.0005 | Train Loss 0.2074 | Valid Loss 0.3510 | Train Acc 93.6141 | Valid Acc 89.0625
2026-07-13 09:24:57 | TestSub: S5 | Epoch 100/100 Finsh | Now_lr 0.0005/0.0005 | Train Loss 0.2096 | Valid Loss 0.3612 | Train Acc 93.3424 | Valid Acc 85.9375
2026-07-13 09:24:58 | --------------------------------------------------
2026-07-13 09:24:58 | Test_Subject :S5 | Best epoch:97 | Test Loss:0.8143 | Savemodel Acc 54.1667
2026-07-13 09:24:58 | --------------------------------------------------
2026-07-13 09:24:58 | Best epoch: 97 | Test acc: 54.1667
