2026-07-17 10:11:20 | Logging started: ./writer/Subject_independent_AAD/DTU/0.1s/result//Train0.1s_sub13.log
2026-07-17 10:14:03 | TestSub: S13 | Epoch  1/100 Finsh | Now_lr 0.0005/0.0005 | Train Loss 0.6723 | Valid Loss 0.7636 | Train Acc 57.6991 | Valid Acc 43.5055
2026-07-17 10:16:07 | TestSub: S13 | Epoch  2/100 Finsh | Now_lr 0.0005/0.0005 | Train Loss 0.6598 | Valid Loss 0.8080 | Train Acc 59.7266 | Valid Acc 42.1546
2026-07-17 10:18:10 | TestSub: S13 | Epoch  3/100 Finsh | Now_lr 0.0005/0.0005 | Train Loss 0.6538 | Valid Loss 0.8044 | Train Acc 60.5097 | Valid Acc 41.3647
2026-07-17 10:20:14 | TestSub: S13 | Epoch  4/100 Finsh | Now_lr 0.0005/0.0005 | Train Loss 0.6498 | Valid Loss 0.8006 | Train Acc 60.9496 | Valid Acc 41.8788
2026-07-17 10:22:18 | TestSub: S13 | Epoch  5/100 Finsh | Now_lr 0.0005/0.0005 | Train Loss 0.6469 | Valid Loss 0.8050 | Train Acc 61.1770 | Valid Acc 41.3867
2026-07-17 10:24:23 | TestSub: S13 | Epoch  6/100 Finsh | Now_lr 0.0005/0.0005 | Train Loss 0.6445 | Valid Loss 0.7954 | Train Acc 61.4597 | Valid Acc 41.7377
2026-07-17 10:26:27 | TestSub: S13 | Epoch  7/100 Finsh | Now_lr 0.0005/0.0005 | Train Loss 0.6425 | Valid Loss 0.7872 | Train Acc 61.7698 | Valid Acc 41.9885
2026-07-17 10:28:31 | TestSub: S13 | Epoch  8/100 Finsh | Now_lr 0.0005/0.0005 | Train Loss 0.6406 | Valid Loss 0.7889 | Train Acc 61.9715 | Valid Acc 41.6092
2026-07-17 10:30:34 | TestSub: S13 | Epoch  9/100 Finsh | Now_lr 0.0005/0.0005 | Train Loss 0.6385 | Valid Loss 0.7651 | Train Acc 62.1956 | Valid Acc 42.2580
2026-07-17 10:32:37 | TestSub: S13 | Epoch 10/100 Finsh | Now_lr 0.0005/0.0005 | Train Loss 0.6382 | Valid Loss 0.7646 | Train Acc 62.2230 | Valid Acc 42.4618
2026-07-17 10:34:39 | TestSub: S13 | Epoch 11/100 Finsh | Now_lr 0.0005/0.0005 | Train Loss 0.6363 | Valid Loss 0.7637 | Train Acc 62.3533 | Valid Acc 42.0512
2026-07-17 10:36:43 | TestSub: S13 | Epoch 12/100 Finsh | Now_lr 0.0005/0.0005 | Train Loss 0.6351 | Valid Loss 0.7559 | Train Acc 62.5474 | Valid Acc 42.9633
2026-07-17 10:38:45 | TestSub: S13 | Epoch 13/100 Finsh | Now_lr 0.0005/0.0005 | Train Loss 0.6332 | Valid Loss 0.7606 | Train Acc 62.7141 | Valid Acc 42.9131
2026-07-17 10:40:48 | TestSub: S13 | Epoch 14/100 Finsh | Now_lr 0.0005/0.0005 | Train Loss 0.6321 | Valid Loss 0.7787 | Train Acc 62.9447 | Valid Acc 41.7471
2026-07-17 10:42:51 | TestSub: S13 | Epoch 15/100 Finsh | Now_lr 0.0005/0.0005 | Train Loss 0.6316 | Valid Loss 0.7575 | Train Acc 62.8820 | Valid Acc 42.3928
2026-07-17 10:44:53 | TestSub: S13 | Epoch 16/100 Finsh | Now_lr 0.0005/0.0005 | Train Loss 0.6318 | Valid Loss 0.7779 | Train Acc 62.9976 | Valid Acc 41.5591
2026-07-17 10:46:56 | TestSub: S13 | Epoch 17/100 Finsh | Now_lr 0.0005/0.0005 | Train Loss 0.6307 | Valid Loss 0.7732 | Train Acc 63.1279 | Valid Acc 41.3052
2026-07-17 10:48:58 | TestSub: S13 | Epoch 18/100 Finsh | Now_lr 0.0005/0.0005 | Train Loss 0.6301 | Valid Loss 0.7618 | Train Acc 63.0811 | Valid Acc 43.0416
2026-07-17 10:51:01 | TestSub: S13 | Epoch 19/100 Finsh | Now_lr 0.0005/0.0005 | Train Loss 0.6294 | Valid Loss 0.7855 | Train Acc 63.2716 | Valid Acc 41.7408
2026-07-17 10:53:07 | TestSub: S13 | Epoch 20/100 Finsh | Now_lr 0.0005/0.0005 | Train Loss 0.6291 | Valid Loss 0.7804 | Train Acc 63.2668 | Valid Acc 41.8161
2026-07-17 10:55:09 | TestSub: S13 | Epoch 21/100 Finsh | Now_lr 0.0005/0.0005 | Train Loss 0.6283 | Valid Loss 0.7895 | Train Acc 63.3783 | Valid Acc 41.1077
2026-07-17 10:57:12 | TestSub: S13 | Epoch 22/100 Finsh | Now_lr 0.0005/0.0005 | Train Loss 0.6293 | Valid Loss 0.7807 | Train Acc 63.2847 | Valid Acc 42.4179
2026-07-17 10:57:15 | --------------------------------------------------
2026-07-17 10:57:15 | Test_Subject :S13 | Best epoch:1 | Test Loss:0.7636 | Savemodel Acc 43.5055
2026-07-17 10:57:15 | --------------------------------------------------
2026-07-17 10:57:15 | Best epoch: 1 | Test acc: 43.5055
