2026-07-10 06:30:08 | Logging started: ./writer/Subject_dependent_AAD/KUL/5.0s/result//Train5.0s_sub2.log
2026-07-10 06:30:13 | Sub_id: 2
2026-07-10 06:30:17 | TestSub: S2 | Epoch  1/100 Finsh | Now_lr 0.0005/0.0005 | Train Loss 0.6757 | Valid Loss 0.7390 | Train Acc 59.5982 | Valid Acc 46.8750
2026-07-10 06:30:17 | Validation loss decreased (inf --> 0.738954) in epoch (1). Saving model ...
2026-07-10 06:30:18 | TestSub: S2 | Epoch  2/100 Finsh | Now_lr 0.0005/0.0005 | Train Loss 0.5030 | Valid Loss 0.6036 | Train Acc 77.5670 | Valid Acc 68.7500
2026-07-10 06:30:18 | Validation loss decreased (0.738954 --> 0.603596) in epoch (2). Saving model ...
2026-07-10 06:30:19 | TestSub: S2 | Epoch  3/100 Finsh | Now_lr 0.0005/0.0005 | Train Loss 0.3365 | Valid Loss 0.3084 | Train Acc 87.6116 | Valid Acc 90.6250
2026-07-10 06:30:19 | Validation loss decreased (0.603596 --> 0.308438) in epoch (3). Saving model ...
2026-07-10 06:30:20 | TestSub: S2 | Epoch  4/100 Finsh | Now_lr 0.0005/0.0005 | Train Loss 0.2592 | Valid Loss 0.2113 | Train Acc 90.2902 | Valid Acc 94.7917
2026-07-10 06:30:20 | Validation loss decreased (0.308438 --> 0.211302) in epoch (4). Saving model ...
2026-07-10 06:30:21 | TestSub: S2 | Epoch  5/100 Finsh | Now_lr 0.0005/0.0005 | Train Loss 0.1974 | Valid Loss 0.1648 | Train Acc 92.8571 | Valid Acc 92.7083
2026-07-10 06:30:21 | Validation loss decreased (0.211302 --> 0.164838) in epoch (5). Saving model ...
2026-07-10 06:30:22 | TestSub: S2 | Epoch  6/100 Finsh | Now_lr 0.0005/0.0005 | Train Loss 0.1591 | Valid Loss 0.1416 | Train Acc 94.0848 | Valid Acc 94.7917
2026-07-10 06:30:22 | Validation loss decreased (0.164838 --> 0.141569) in epoch (6). Saving model ...
2026-07-10 06:30:23 | TestSub: S2 | Epoch  7/100 Finsh | Now_lr 0.0005/0.0005 | Train Loss 0.1355 | Valid Loss 0.1272 | Train Acc 96.0938 | Valid Acc 96.8750
2026-07-10 06:30:23 | Validation loss decreased (0.141569 --> 0.127191) in epoch (7). Saving model ...
2026-07-10 06:30:24 | TestSub: S2 | Epoch  8/100 Finsh | Now_lr 0.0005/0.0005 | Train Loss 0.1257 | Valid Loss 0.1074 | Train Acc 96.2054 | Valid Acc 96.8750
2026-07-10 06:30:24 | Validation loss decreased (0.127191 --> 0.107443) in epoch (8). Saving model ...
2026-07-10 06:30:25 | TestSub: S2 | Epoch  9/100 Finsh | Now_lr 0.0005/0.0005 | Train Loss 0.0984 | Valid Loss 0.1035 | Train Acc 96.8750 | Valid Acc 96.8750
2026-07-10 06:30:25 | Validation loss decreased (0.107443 --> 0.103544) in epoch (9). Saving model ...
2026-07-10 06:30:26 | TestSub: S2 | Epoch 10/100 Finsh | Now_lr 0.0005/0.0005 | Train Loss 0.1058 | Valid Loss 0.0912 | Train Acc 96.9866 | Valid Acc 95.8333
2026-07-10 06:30:26 | Validation loss decreased (0.103544 --> 0.091173) in epoch (10). Saving model ...
2026-07-10 06:30:27 | TestSub: S2 | Epoch 11/100 Finsh | Now_lr 0.0005/0.0005 | Train Loss 0.0828 | Valid Loss 0.0828 | Train Acc 97.7679 | Valid Acc 97.9167
2026-07-10 06:30:27 | Validation loss decreased (0.091173 --> 0.082784) in epoch (11). Saving model ...
2026-07-10 06:30:28 | TestSub: S2 | Epoch 12/100 Finsh | Now_lr 0.0005/0.0005 | Train Loss 0.0817 | Valid Loss 0.0825 | Train Acc 97.4330 | Valid Acc 97.9167
2026-07-10 06:30:28 | Validation loss decreased (0.082784 --> 0.082503) in epoch (12). Saving model ...
2026-07-10 06:30:29 | TestSub: S2 | Epoch 13/100 Finsh | Now_lr 0.0005/0.0005 | Train Loss 0.0691 | Valid Loss 0.0672 | Train Acc 98.4375 | Valid Acc 97.9167
2026-07-10 06:30:29 | Validation loss decreased (0.082503 --> 0.067245) in epoch (13). Saving model ...
2026-07-10 06:30:30 | TestSub: S2 | Epoch 14/100 Finsh | Now_lr 0.0005/0.0005 | Train Loss 0.0658 | Valid Loss 0.0625 | Train Acc 98.2143 | Valid Acc 97.9167
2026-07-10 06:30:30 | Validation loss decreased (0.067245 --> 0.062482) in epoch (14). Saving model ...
2026-07-10 06:30:31 | TestSub: S2 | Epoch 15/100 Finsh | Now_lr 0.0005/0.0005 | Train Loss 0.0737 | Valid Loss 0.0630 | Train Acc 98.2143 | Valid Acc 97.9167
2026-07-10 06:30:32 | TestSub: S2 | Epoch 16/100 Finsh | Now_lr 0.0005/0.0005 | Train Loss 0.0664 | Valid Loss 0.0518 | Train Acc 97.8795 | Valid Acc 97.9167
2026-07-10 06:30:32 | Validation loss decreased (0.062482 --> 0.051780) in epoch (16). Saving model ...
2026-07-10 06:30:33 | TestSub: S2 | Epoch 17/100 Finsh | Now_lr 0.0005/0.0005 | Train Loss 0.0681 | Valid Loss 0.0602 | Train Acc 97.3214 | Valid Acc 97.9167
2026-07-10 06:30:34 | TestSub: S2 | Epoch 18/100 Finsh | Now_lr 0.0005/0.0005 | Train Loss 0.0699 | Valid Loss 0.0657 | Train Acc 97.9911 | Valid Acc 97.9167
2026-07-10 06:30:35 | TestSub: S2 | Epoch 19/100 Finsh | Now_lr 0.0005/0.0005 | Train Loss 0.0586 | Valid Loss 0.0559 | Train Acc 98.6607 | Valid Acc 97.9167
2026-07-10 06:30:36 | TestSub: S2 | Epoch 20/100 Finsh | Now_lr 0.0005/0.0005 | Train Loss 0.0390 | Valid Loss 0.0444 | Train Acc 99.2188 | Valid Acc 100.0000
2026-07-10 06:30:36 | Validation loss decreased (0.051780 --> 0.044384) in epoch (20). Saving model ...
2026-07-10 06:30:37 | TestSub: S2 | Epoch 21/100 Finsh | Now_lr 0.0005/0.0005 | Train Loss 0.0396 | Valid Loss 0.0528 | Train Acc 99.1071 | Valid Acc 97.9167
2026-07-10 06:30:38 | TestSub: S2 | Epoch 22/100 Finsh | Now_lr 0.0005/0.0005 | Train Loss 0.0546 | Valid Loss 0.0743 | Train Acc 98.7723 | Valid Acc 96.8750
2026-07-10 06:30:39 | TestSub: S2 | Epoch 23/100 Finsh | Now_lr 0.0005/0.0005 | Train Loss 0.0392 | Valid Loss 0.0526 | Train Acc 98.9955 | Valid Acc 97.9167
2026-07-10 06:30:40 | TestSub: S2 | Epoch 24/100 Finsh | Now_lr 0.0005/0.0005 | Train Loss 0.0439 | Valid Loss 0.0564 | Train Acc 98.6607 | Valid Acc 97.9167
2026-07-10 06:30:41 | TestSub: S2 | Epoch 25/100 Finsh | Now_lr 0.0005/0.0005 | Train Loss 0.0360 | Valid Loss 0.0532 | Train Acc 99.1071 | Valid Acc 97.9167
2026-07-10 06:30:41 | TestSub: S2 | Epoch 26/100 Finsh | Now_lr 0.0005/0.0005 | Train Loss 0.0396 | Valid Loss 0.0510 | Train Acc 98.9955 | Valid Acc 97.9167
2026-07-10 06:30:42 | TestSub: S2 | Epoch 27/100 Finsh | Now_lr 0.0005/0.0005 | Train Loss 0.0335 | Valid Loss 0.0357 | Train Acc 99.3304 | Valid Acc 97.9167
2026-07-10 06:30:42 | Validation loss decreased (0.044384 --> 0.035729) in epoch (27). Saving model ...
2026-07-10 06:30:43 | TestSub: S2 | Epoch 28/100 Finsh | Now_lr 0.0005/0.0005 | Train Loss 0.0363 | Valid Loss 0.0323 | Train Acc 99.2188 | Valid Acc 100.0000
2026-07-10 06:30:43 | Validation loss decreased (0.035729 --> 0.032270) in epoch (28). Saving model ...
2026-07-10 06:30:44 | TestSub: S2 | Epoch 29/100 Finsh | Now_lr 0.0005/0.0005 | Train Loss 0.0261 | Valid Loss 0.0436 | Train Acc 99.7768 | Valid Acc 97.9167
2026-07-10 06:30:45 | TestSub: S2 | Epoch 30/100 Finsh | Now_lr 0.0005/0.0005 | Train Loss 0.0290 | Valid Loss 0.0505 | Train Acc 99.4420 | Valid Acc 97.9167
2026-07-10 06:30:46 | TestSub: S2 | Epoch 31/100 Finsh | Now_lr 0.0005/0.0005 | Train Loss 0.0346 | Valid Loss 0.0469 | Train Acc 98.5491 | Valid Acc 97.9167
2026-07-10 06:30:47 | TestSub: S2 | Epoch 32/100 Finsh | Now_lr 0.0005/0.0005 | Train Loss 0.0381 | Valid Loss 0.0392 | Train Acc 98.9955 | Valid Acc 97.9167
2026-07-10 06:30:48 | TestSub: S2 | Epoch 33/100 Finsh | Now_lr 0.0005/0.0005 | Train Loss 0.0254 | Valid Loss 0.0332 | Train Acc 99.4420 | Valid Acc 97.9167
2026-07-10 06:30:49 | TestSub: S2 | Epoch 34/100 Finsh | Now_lr 0.0005/0.0005 | Train Loss 0.0199 | Valid Loss 0.0326 | Train Acc 99.6652 | Valid Acc 97.9167
2026-07-10 06:30:50 | TestSub: S2 | Epoch 35/100 Finsh | Now_lr 0.0005/0.0005 | Train Loss 0.0323 | Valid Loss 0.0307 | Train Acc 99.2188 | Valid Acc 98.9583
2026-07-10 06:30:50 | Validation loss decreased (0.032270 --> 0.030729) in epoch (35). Saving model ...
2026-07-10 06:30:51 | TestSub: S2 | Epoch 36/100 Finsh | Now_lr 0.0005/0.0005 | Train Loss 0.0315 | Valid Loss 0.0267 | Train Acc 99.1071 | Valid Acc 100.0000
2026-07-10 06:30:51 | Validation loss decreased (0.030729 --> 0.026711) in epoch (36). Saving model ...
2026-07-10 06:30:52 | TestSub: S2 | Epoch 37/100 Finsh | Now_lr 0.0005/0.0005 | Train Loss 0.0250 | Valid Loss 0.0268 | Train Acc 99.3304 | Valid Acc 98.9583
2026-07-10 06:30:53 | TestSub: S2 | Epoch 38/100 Finsh | Now_lr 0.0005/0.0005 | Train Loss 0.0247 | Valid Loss 0.0372 | Train Acc 99.4420 | Valid Acc 97.9167
2026-07-10 06:30:53 | TestSub: S2 | Epoch 39/100 Finsh | Now_lr 0.0005/0.0005 | Train Loss 0.0202 | Valid Loss 0.0398 | Train Acc 99.4420 | Valid Acc 97.9167
2026-07-10 06:30:54 | TestSub: S2 | Epoch 40/100 Finsh | Now_lr 0.0005/0.0005 | Train Loss 0.0248 | Valid Loss 0.0352 | Train Acc 99.3304 | Valid Acc 97.9167
2026-07-10 06:30:55 | TestSub: S2 | Epoch 41/100 Finsh | Now_lr 0.0005/0.0005 | Train Loss 0.0199 | Valid Loss 0.0300 | Train Acc 99.4420 | Valid Acc 98.9583
2026-07-10 06:30:56 | TestSub: S2 | Epoch 42/100 Finsh | Now_lr 0.0005/0.0005 | Train Loss 0.0466 | Valid Loss 0.0447 | Train Acc 97.9911 | Valid Acc 97.9167
2026-07-10 06:30:58 | TestSub: S2 | Epoch 43/100 Finsh | Now_lr 0.0005/0.0005 | Train Loss 0.0391 | Valid Loss 0.0553 | Train Acc 98.8839 | Valid Acc 96.8750
2026-07-10 06:30:58 | TestSub: S2 | Epoch 44/100 Finsh | Now_lr 0.0005/0.0005 | Train Loss 0.0281 | Valid Loss 0.0315 | Train Acc 99.3304 | Valid Acc 98.9583
2026-07-10 06:30:59 | TestSub: S2 | Epoch 45/100 Finsh | Now_lr 0.0005/0.0005 | Train Loss 0.0182 | Valid Loss 0.0427 | Train Acc 99.6652 | Valid Acc 97.9167
2026-07-10 06:31:01 | TestSub: S2 | Epoch 46/100 Finsh | Now_lr 0.0005/0.0005 | Train Loss 0.0166 | Valid Loss 0.0327 | Train Acc 99.6652 | Valid Acc 98.9583
2026-07-10 06:31:02 | TestSub: S2 | Epoch 47/100 Finsh | Now_lr 0.0005/0.0005 | Train Loss 0.0151 | Valid Loss 0.0238 | Train Acc 99.8884 | Valid Acc 98.9583
2026-07-10 06:31:02 | Validation loss decreased (0.026711 --> 0.023816) in epoch (47). Saving model ...
2026-07-10 06:31:03 | TestSub: S2 | Epoch 48/100 Finsh | Now_lr 0.0005/0.0005 | Train Loss 0.0098 | Valid Loss 0.0302 | Train Acc 100.0000 | Valid Acc 98.9583
2026-07-10 06:31:03 | TestSub: S2 | Epoch 49/100 Finsh | Now_lr 0.0005/0.0005 | Train Loss 0.0127 | Valid Loss 0.0224 | Train Acc 99.7768 | Valid Acc 100.0000
2026-07-10 06:31:03 | Validation loss decreased (0.023816 --> 0.022377) in epoch (49). Saving model ...
2026-07-10 06:31:04 | TestSub: S2 | Epoch 50/100 Finsh | Now_lr 0.0005/0.0005 | Train Loss 0.0158 | Valid Loss 0.0339 | Train Acc 99.6652 | Valid Acc 98.9583
2026-07-10 06:31:05 | TestSub: S2 | Epoch 51/100 Finsh | Now_lr 0.0005/0.0005 | Train Loss 0.0243 | Valid Loss 0.0470 | Train Acc 99.3304 | Valid Acc 97.9167
2026-07-10 06:31:06 | TestSub: S2 | Epoch 52/100 Finsh | Now_lr 0.0005/0.0005 | Train Loss 0.0165 | Valid Loss 0.0317 | Train Acc 99.6652 | Valid Acc 98.9583
2026-07-10 06:31:07 | TestSub: S2 | Epoch 53/100 Finsh | Now_lr 0.0005/0.0005 | Train Loss 0.0151 | Valid Loss 0.0280 | Train Acc 99.5536 | Valid Acc 98.9583
2026-07-10 06:31:08 | TestSub: S2 | Epoch 54/100 Finsh | Now_lr 0.0005/0.0005 | Train Loss 0.0166 | Valid Loss 0.0516 | Train Acc 99.6652 | Valid Acc 96.8750
2026-07-10 06:31:09 | TestSub: S2 | Epoch 55/100 Finsh | Now_lr 0.0005/0.0005 | Train Loss 0.0102 | Valid Loss 0.0204 | Train Acc 100.0000 | Valid Acc 100.0000
2026-07-10 06:31:09 | Validation loss decreased (0.022377 --> 0.020406) in epoch (55). Saving model ...
2026-07-10 06:31:10 | TestSub: S2 | Epoch 56/100 Finsh | Now_lr 0.0005/0.0005 | Train Loss 0.0147 | Valid Loss 0.0208 | Train Acc 99.8884 | Valid Acc 100.0000
2026-07-10 06:31:12 | TestSub: S2 | Epoch 57/100 Finsh | Now_lr 0.0005/0.0005 | Train Loss 0.0240 | Valid Loss 0.0490 | Train Acc 99.2188 | Valid Acc 96.8750
2026-07-10 06:31:13 | TestSub: S2 | Epoch 58/100 Finsh | Now_lr 0.0005/0.0005 | Train Loss 0.0200 | Valid Loss 0.0329 | Train Acc 99.5536 | Valid Acc 97.9167
2026-07-10 06:31:14 | TestSub: S2 | Epoch 59/100 Finsh | Now_lr 0.0005/0.0005 | Train Loss 0.0113 | Valid Loss 0.0225 | Train Acc 100.0000 | Valid Acc 100.0000
2026-07-10 06:31:15 | TestSub: S2 | Epoch 60/100 Finsh | Now_lr 0.0005/0.0005 | Train Loss 0.0087 | Valid Loss 0.0205 | Train Acc 99.8884 | Valid Acc 100.0000
2026-07-10 06:31:16 | TestSub: S2 | Epoch 61/100 Finsh | Now_lr 0.0005/0.0005 | Train Loss 0.0096 | Valid Loss 0.0196 | Train Acc 99.8884 | Valid Acc 100.0000
2026-07-10 06:31:16 | Validation loss decreased (0.020406 --> 0.019570) in epoch (61). Saving model ...
2026-07-10 06:31:17 | TestSub: S2 | Epoch 62/100 Finsh | Now_lr 0.0005/0.0005 | Train Loss 0.0306 | Valid Loss 0.0297 | Train Acc 98.8839 | Valid Acc 98.9583
2026-07-10 06:31:17 | TestSub: S2 | Epoch 63/100 Finsh | Now_lr 0.0005/0.0005 | Train Loss 0.0391 | Valid Loss 0.0334 | Train Acc 98.5491 | Valid Acc 98.9583
2026-07-10 06:31:18 | TestSub: S2 | Epoch 64/100 Finsh | Now_lr 0.0005/0.0005 | Train Loss 0.0151 | Valid Loss 0.0353 | Train Acc 99.7768 | Valid Acc 98.9583
2026-07-10 06:31:19 | TestSub: S2 | Epoch 65/100 Finsh | Now_lr 0.0005/0.0005 | Train Loss 0.0214 | Valid Loss 0.0256 | Train Acc 99.4420 | Valid Acc 98.9583
2026-07-10 06:31:20 | TestSub: S2 | Epoch 66/100 Finsh | Now_lr 0.0005/0.0005 | Train Loss 0.0179 | Valid Loss 0.0271 | Train Acc 99.3304 | Valid Acc 98.9583
2026-07-10 06:31:21 | TestSub: S2 | Epoch 67/100 Finsh | Now_lr 0.0005/0.0005 | Train Loss 0.0087 | Valid Loss 0.0299 | Train Acc 100.0000 | Valid Acc 98.9583
2026-07-10 06:31:22 | TestSub: S2 | Epoch 68/100 Finsh | Now_lr 0.0005/0.0005 | Train Loss 0.0082 | Valid Loss 0.0245 | Train Acc 99.8884 | Valid Acc 98.9583
2026-07-10 06:31:23 | TestSub: S2 | Epoch 69/100 Finsh | Now_lr 0.0005/0.0005 | Train Loss 0.0225 | Valid Loss 0.0320 | Train Acc 99.5536 | Valid Acc 97.9167
2026-07-10 06:31:24 | TestSub: S2 | Epoch 70/100 Finsh | Now_lr 0.0005/0.0005 | Train Loss 0.0191 | Valid Loss 0.0258 | Train Acc 99.4420 | Valid Acc 100.0000
2026-07-10 06:31:25 | TestSub: S2 | Epoch 71/100 Finsh | Now_lr 0.0005/0.0005 | Train Loss 0.0168 | Valid Loss 0.0281 | Train Acc 99.5536 | Valid Acc 100.0000
2026-07-10 06:31:26 | TestSub: S2 | Epoch 72/100 Finsh | Now_lr 0.0005/0.0005 | Train Loss 0.0082 | Valid Loss 0.0211 | Train Acc 100.0000 | Valid Acc 100.0000
2026-07-10 06:31:27 | TestSub: S2 | Epoch 73/100 Finsh | Now_lr 0.0005/0.0005 | Train Loss 0.0109 | Valid Loss 0.0168 | Train Acc 99.7768 | Valid Acc 100.0000
2026-07-10 06:31:27 | Validation loss decreased (0.019570 --> 0.016834) in epoch (73). Saving model ...
2026-07-10 06:31:28 | TestSub: S2 | Epoch 74/100 Finsh | Now_lr 0.0005/0.0005 | Train Loss 0.0097 | Valid Loss 0.0202 | Train Acc 99.8884 | Valid Acc 100.0000
2026-07-10 06:31:28 | TestSub: S2 | Epoch 75/100 Finsh | Now_lr 0.0005/0.0005 | Train Loss 0.0089 | Valid Loss 0.0151 | Train Acc 99.7768 | Valid Acc 100.0000
2026-07-10 06:31:28 | Validation loss decreased (0.016834 --> 0.015094) in epoch (75). Saving model ...
2026-07-10 06:31:29 | TestSub: S2 | Epoch 76/100 Finsh | Now_lr 0.0005/0.0005 | Train Loss 0.0174 | Valid Loss 0.0584 | Train Acc 99.5536 | Valid Acc 96.8750
2026-07-10 06:31:30 | TestSub: S2 | Epoch 77/100 Finsh | Now_lr 0.0005/0.0005 | Train Loss 0.0117 | Valid Loss 0.0137 | Train Acc 99.7768 | Valid Acc 100.0000
2026-07-10 06:31:30 | Validation loss decreased (0.015094 --> 0.013706) in epoch (77). Saving model ...
2026-07-10 06:31:31 | TestSub: S2 | Epoch 78/100 Finsh | Now_lr 0.0005/0.0005 | Train Loss 0.0115 | Valid Loss 0.0151 | Train Acc 99.7768 | Valid Acc 100.0000
2026-07-10 06:31:32 | TestSub: S2 | Epoch 79/100 Finsh | Now_lr 0.0005/0.0005 | Train Loss 0.0099 | Valid Loss 0.0167 | Train Acc 99.8884 | Valid Acc 100.0000
2026-07-10 06:31:33 | TestSub: S2 | Epoch 80/100 Finsh | Now_lr 0.0005/0.0005 | Train Loss 0.0066 | Valid Loss 0.0139 | Train Acc 99.8884 | Valid Acc 100.0000
2026-07-10 06:31:34 | TestSub: S2 | Epoch 81/100 Finsh | Now_lr 0.0005/0.0005 | Train Loss 0.0154 | Valid Loss 0.0285 | Train Acc 99.6652 | Valid Acc 98.9583
2026-07-10 06:31:35 | TestSub: S2 | Epoch 82/100 Finsh | Now_lr 0.0005/0.0005 | Train Loss 0.0254 | Valid Loss 0.0170 | Train Acc 99.2188 | Valid Acc 100.0000
2026-07-10 06:31:36 | TestSub: S2 | Epoch 83/100 Finsh | Now_lr 0.0005/0.0005 | Train Loss 0.0280 | Valid Loss 0.0473 | Train Acc 98.9955 | Valid Acc 96.8750
2026-07-10 06:31:37 | TestSub: S2 | Epoch 84/100 Finsh | Now_lr 0.0005/0.0005 | Train Loss 0.0178 | Valid Loss 0.0150 | Train Acc 99.6652 | Valid Acc 100.0000
2026-07-10 06:31:38 | TestSub: S2 | Epoch 85/100 Finsh | Now_lr 0.0005/0.0005 | Train Loss 0.0178 | Valid Loss 0.0125 | Train Acc 99.7768 | Valid Acc 100.0000
2026-07-10 06:31:38 | Validation loss decreased (0.013706 --> 0.012502) in epoch (85). Saving model ...
2026-07-10 06:31:38 | TestSub: S2 | Epoch 86/100 Finsh | Now_lr 0.0005/0.0005 | Train Loss 0.0172 | Valid Loss 0.0306 | Train Acc 99.3304 | Valid Acc 97.9167
2026-07-10 06:31:39 | TestSub: S2 | Epoch 87/100 Finsh | Now_lr 0.0005/0.0005 | Train Loss 0.0101 | Valid Loss 0.0160 | Train Acc 99.7768 | Valid Acc 100.0000
2026-07-10 06:31:40 | TestSub: S2 | Epoch 88/100 Finsh | Now_lr 0.0005/0.0005 | Train Loss 0.0119 | Valid Loss 0.0222 | Train Acc 99.8884 | Valid Acc 100.0000
2026-07-10 06:31:41 | TestSub: S2 | Epoch 89/100 Finsh | Now_lr 0.0005/0.0005 | Train Loss 0.0132 | Valid Loss 0.0250 | Train Acc 99.8884 | Valid Acc 98.9583
2026-07-10 06:31:42 | TestSub: S2 | Epoch 90/100 Finsh | Now_lr 0.0005/0.0005 | Train Loss 0.0237 | Valid Loss 0.0122 | Train Acc 99.2188 | Valid Acc 100.0000
2026-07-10 06:31:42 | Validation loss decreased (0.012502 --> 0.012236) in epoch (90). Saving model ...
2026-07-10 06:31:43 | TestSub: S2 | Epoch 91/100 Finsh | Now_lr 0.0005/0.0005 | Train Loss 0.0101 | Valid Loss 0.0142 | Train Acc 99.7768 | Valid Acc 100.0000
2026-07-10 06:31:44 | TestSub: S2 | Epoch 92/100 Finsh | Now_lr 0.0005/0.0005 | Train Loss 0.0086 | Valid Loss 0.0125 | Train Acc 99.7768 | Valid Acc 100.0000
2026-07-10 06:31:45 | TestSub: S2 | Epoch 93/100 Finsh | Now_lr 0.0005/0.0005 | Train Loss 0.0088 | Valid Loss 0.0330 | Train Acc 99.8884 | Valid Acc 96.8750
2026-07-10 06:31:46 | TestSub: S2 | Epoch 94/100 Finsh | Now_lr 0.0005/0.0005 | Train Loss 0.0117 | Valid Loss 0.0114 | Train Acc 99.6652 | Valid Acc 100.0000
2026-07-10 06:31:46 | Validation loss decreased (0.012236 --> 0.011353) in epoch (94). Saving model ...
2026-07-10 06:31:47 | TestSub: S2 | Epoch 95/100 Finsh | Now_lr 0.0005/0.0005 | Train Loss 0.0093 | Valid Loss 0.0197 | Train Acc 99.6652 | Valid Acc 100.0000
2026-07-10 06:31:48 | TestSub: S2 | Epoch 96/100 Finsh | Now_lr 0.0005/0.0005 | Train Loss 0.0126 | Valid Loss 0.0194 | Train Acc 99.6652 | Valid Acc 100.0000
2026-07-10 06:31:49 | TestSub: S2 | Epoch 97/100 Finsh | Now_lr 0.0005/0.0005 | Train Loss 0.0076 | Valid Loss 0.0117 | Train Acc 100.0000 | Valid Acc 100.0000
2026-07-10 06:31:50 | TestSub: S2 | Epoch 98/100 Finsh | Now_lr 0.0005/0.0005 | Train Loss 0.0097 | Valid Loss 0.0133 | Train Acc 99.8884 | Valid Acc 100.0000
2026-07-10 06:31:51 | TestSub: S2 | Epoch 99/100 Finsh | Now_lr 0.0005/0.0005 | Train Loss 0.0063 | Valid Loss 0.0137 | Train Acc 100.0000 | Valid Acc 100.0000
2026-07-10 06:31:51 | TestSub: S2 | Epoch 100/100 Finsh | Now_lr 0.0005/0.0005 | Train Loss 0.0055 | Valid Loss 0.0202 | Train Acc 100.0000 | Valid Acc 100.0000
2026-07-10 06:31:51 | --------------------------------------------------
2026-07-10 06:31:51 | Test_Subject :S2 | Best epoch:94 | Test Loss:0.2786 | Savemodel Acc 89.5833
2026-07-10 06:31:51 | --------------------------------------------------
2026-07-10 06:31:51 | Best epoch: 94 | Test acc: 89.5833
