2026-07-10 06:44:08 | Logging started: ./writer/Subject_dependent_AAD/KUL/5.0s/result//Train5.0s_sub11.log
2026-07-10 06:44:13 | Sub_id: 11
2026-07-10 06:44:16 | TestSub: S11 | Epoch  1/100 Finsh | Now_lr 0.0005/0.0005 | Train Loss 0.6711 | Valid Loss 0.7701 | Train Acc 58.9286 | Valid Acc 53.1250
2026-07-10 06:44:17 | Validation loss decreased (inf --> 0.770070) in epoch (1). Saving model ...
2026-07-10 06:44:17 | TestSub: S11 | Epoch  2/100 Finsh | Now_lr 0.0005/0.0005 | Train Loss 0.5511 | Valid Loss 0.7759 | Train Acc 70.6473 | Valid Acc 53.1250
2026-07-10 06:44:18 | TestSub: S11 | Epoch  3/100 Finsh | Now_lr 0.0005/0.0005 | Train Loss 0.4594 | Valid Loss 0.4998 | Train Acc 77.7902 | Valid Acc 79.1667
2026-07-10 06:44:18 | Validation loss decreased (0.770070 --> 0.499817) in epoch (3). Saving model ...
2026-07-10 06:44:19 | TestSub: S11 | Epoch  4/100 Finsh | Now_lr 0.0005/0.0005 | Train Loss 0.3804 | Valid Loss 0.4132 | Train Acc 83.4821 | Valid Acc 83.3333
2026-07-10 06:44:19 | Validation loss decreased (0.499817 --> 0.413193) in epoch (4). Saving model ...
2026-07-10 06:44:20 | TestSub: S11 | Epoch  5/100 Finsh | Now_lr 0.0005/0.0005 | Train Loss 0.3101 | Valid Loss 0.3626 | Train Acc 87.6116 | Valid Acc 87.5000
2026-07-10 06:44:20 | Validation loss decreased (0.413193 --> 0.362600) in epoch (5). Saving model ...
2026-07-10 06:44:21 | TestSub: S11 | Epoch  6/100 Finsh | Now_lr 0.0005/0.0005 | Train Loss 0.2754 | Valid Loss 0.3209 | Train Acc 89.9554 | Valid Acc 89.5833
2026-07-10 06:44:21 | Validation loss decreased (0.362600 --> 0.320854) in epoch (6). Saving model ...
2026-07-10 06:44:22 | TestSub: S11 | Epoch  7/100 Finsh | Now_lr 0.0005/0.0005 | Train Loss 0.2338 | Valid Loss 0.3003 | Train Acc 91.6295 | Valid Acc 88.5417
2026-07-10 06:44:22 | Validation loss decreased (0.320854 --> 0.300328) in epoch (7). Saving model ...
2026-07-10 06:44:23 | TestSub: S11 | Epoch  8/100 Finsh | Now_lr 0.0005/0.0005 | Train Loss 0.1874 | Valid Loss 0.2509 | Train Acc 93.1920 | Valid Acc 89.5833
2026-07-10 06:44:23 | Validation loss decreased (0.300328 --> 0.250864) in epoch (8). Saving model ...
2026-07-10 06:44:24 | TestSub: S11 | Epoch  9/100 Finsh | Now_lr 0.0005/0.0005 | Train Loss 0.1741 | Valid Loss 0.2629 | Train Acc 95.2009 | Valid Acc 89.5833
2026-07-10 06:44:25 | TestSub: S11 | Epoch 10/100 Finsh | Now_lr 0.0005/0.0005 | Train Loss 0.1553 | Valid Loss 0.2239 | Train Acc 94.9777 | Valid Acc 91.6667
2026-07-10 06:44:25 | Validation loss decreased (0.250864 --> 0.223863) in epoch (10). Saving model ...
2026-07-10 06:44:26 | TestSub: S11 | Epoch 11/100 Finsh | Now_lr 0.0005/0.0005 | Train Loss 0.1437 | Valid Loss 0.2071 | Train Acc 95.6473 | Valid Acc 89.5833
2026-07-10 06:44:26 | Validation loss decreased (0.223863 --> 0.207059) in epoch (11). Saving model ...
2026-07-10 06:44:27 | TestSub: S11 | Epoch 12/100 Finsh | Now_lr 0.0005/0.0005 | Train Loss 0.1302 | Valid Loss 0.1928 | Train Acc 96.0938 | Valid Acc 92.7083
2026-07-10 06:44:27 | Validation loss decreased (0.207059 --> 0.192770) in epoch (12). Saving model ...
2026-07-10 06:44:28 | TestSub: S11 | Epoch 13/100 Finsh | Now_lr 0.0005/0.0005 | Train Loss 0.1206 | Valid Loss 0.1991 | Train Acc 95.9821 | Valid Acc 92.7083
2026-07-10 06:44:29 | TestSub: S11 | Epoch 14/100 Finsh | Now_lr 0.0005/0.0005 | Train Loss 0.1050 | Valid Loss 0.1961 | Train Acc 96.8750 | Valid Acc 93.7500
2026-07-10 06:44:30 | TestSub: S11 | Epoch 15/100 Finsh | Now_lr 0.0005/0.0005 | Train Loss 0.0897 | Valid Loss 0.1913 | Train Acc 97.6562 | Valid Acc 92.7083
2026-07-10 06:44:30 | Validation loss decreased (0.192770 --> 0.191296) in epoch (15). Saving model ...
2026-07-10 06:44:31 | TestSub: S11 | Epoch 16/100 Finsh | Now_lr 0.0005/0.0005 | Train Loss 0.1110 | Valid Loss 0.1828 | Train Acc 96.7634 | Valid Acc 94.7917
2026-07-10 06:44:31 | Validation loss decreased (0.191296 --> 0.182796) in epoch (16). Saving model ...
2026-07-10 06:44:32 | TestSub: S11 | Epoch 17/100 Finsh | Now_lr 0.0005/0.0005 | Train Loss 0.0873 | Valid Loss 0.1670 | Train Acc 97.5446 | Valid Acc 93.7500
2026-07-10 06:44:32 | Validation loss decreased (0.182796 --> 0.167030) in epoch (17). Saving model ...
2026-07-10 06:44:33 | TestSub: S11 | Epoch 18/100 Finsh | Now_lr 0.0005/0.0005 | Train Loss 0.0876 | Valid Loss 0.1801 | Train Acc 97.3214 | Valid Acc 94.7917
2026-07-10 06:44:34 | TestSub: S11 | Epoch 19/100 Finsh | Now_lr 0.0005/0.0005 | Train Loss 0.0723 | Valid Loss 0.1814 | Train Acc 98.7723 | Valid Acc 93.7500
2026-07-10 06:44:34 | TestSub: S11 | Epoch 20/100 Finsh | Now_lr 0.0005/0.0005 | Train Loss 0.0713 | Valid Loss 0.1513 | Train Acc 98.2143 | Valid Acc 95.8333
2026-07-10 06:44:34 | Validation loss decreased (0.167030 --> 0.151318) in epoch (20). Saving model ...
2026-07-10 06:44:35 | TestSub: S11 | Epoch 21/100 Finsh | Now_lr 0.0005/0.0005 | Train Loss 0.0613 | Valid Loss 0.1666 | Train Acc 98.8839 | Valid Acc 94.7917
2026-07-10 06:44:36 | TestSub: S11 | Epoch 22/100 Finsh | Now_lr 0.0005/0.0005 | Train Loss 0.0693 | Valid Loss 0.1427 | Train Acc 97.9911 | Valid Acc 95.8333
2026-07-10 06:44:36 | Validation loss decreased (0.151318 --> 0.142658) in epoch (22). Saving model ...
2026-07-10 06:44:37 | TestSub: S11 | Epoch 23/100 Finsh | Now_lr 0.0005/0.0005 | Train Loss 0.0639 | Valid Loss 0.1526 | Train Acc 98.4375 | Valid Acc 94.7917
2026-07-10 06:44:38 | TestSub: S11 | Epoch 24/100 Finsh | Now_lr 0.0005/0.0005 | Train Loss 0.0566 | Valid Loss 0.1650 | Train Acc 99.1071 | Valid Acc 93.7500
2026-07-10 06:44:39 | TestSub: S11 | Epoch 25/100 Finsh | Now_lr 0.0005/0.0005 | Train Loss 0.0543 | Valid Loss 0.1614 | Train Acc 98.9955 | Valid Acc 93.7500
2026-07-10 06:44:40 | TestSub: S11 | Epoch 26/100 Finsh | Now_lr 0.0005/0.0005 | Train Loss 0.0490 | Valid Loss 0.1666 | Train Acc 99.4420 | Valid Acc 94.7917
2026-07-10 06:44:41 | TestSub: S11 | Epoch 27/100 Finsh | Now_lr 0.0005/0.0005 | Train Loss 0.0505 | Valid Loss 0.1711 | Train Acc 99.1071 | Valid Acc 94.7917
2026-07-10 06:44:42 | TestSub: S11 | Epoch 28/100 Finsh | Now_lr 0.0005/0.0005 | Train Loss 0.0437 | Valid Loss 0.1662 | Train Acc 99.3304 | Valid Acc 94.7917
2026-07-10 06:44:43 | TestSub: S11 | Epoch 29/100 Finsh | Now_lr 0.0005/0.0005 | Train Loss 0.0617 | Valid Loss 0.1554 | Train Acc 97.8795 | Valid Acc 94.7917
2026-07-10 06:44:44 | TestSub: S11 | Epoch 30/100 Finsh | Now_lr 0.0005/0.0005 | Train Loss 0.0439 | Valid Loss 0.1501 | Train Acc 99.1071 | Valid Acc 94.7917
2026-07-10 06:44:45 | TestSub: S11 | Epoch 31/100 Finsh | Now_lr 0.0005/0.0005 | Train Loss 0.0413 | Valid Loss 0.1534 | Train Acc 99.2188 | Valid Acc 95.8333
2026-07-10 06:44:46 | TestSub: S11 | Epoch 32/100 Finsh | Now_lr 0.0005/0.0005 | Train Loss 0.0624 | Valid Loss 0.1483 | Train Acc 98.2143 | Valid Acc 95.8333
2026-07-10 06:44:47 | TestSub: S11 | Epoch 33/100 Finsh | Now_lr 0.0005/0.0005 | Train Loss 0.0327 | Valid Loss 0.1604 | Train Acc 99.6652 | Valid Acc 95.8333
2026-07-10 06:44:48 | TestSub: S11 | Epoch 34/100 Finsh | Now_lr 0.0005/0.0005 | Train Loss 0.0360 | Valid Loss 0.1883 | Train Acc 99.4420 | Valid Acc 93.7500
2026-07-10 06:44:49 | TestSub: S11 | Epoch 35/100 Finsh | Now_lr 0.0005/0.0005 | Train Loss 0.0457 | Valid Loss 0.1609 | Train Acc 98.7723 | Valid Acc 93.7500
2026-07-10 06:44:50 | TestSub: S11 | Epoch 36/100 Finsh | Now_lr 0.0005/0.0005 | Train Loss 0.0265 | Valid Loss 0.1655 | Train Acc 99.6652 | Valid Acc 92.7083
2026-07-10 06:44:51 | TestSub: S11 | Epoch 37/100 Finsh | Now_lr 0.0005/0.0005 | Train Loss 0.0257 | Valid Loss 0.1509 | Train Acc 99.7768 | Valid Acc 94.7917
2026-07-10 06:44:51 | TestSub: S11 | Epoch 38/100 Finsh | Now_lr 0.0005/0.0005 | Train Loss 0.0286 | Valid Loss 0.1401 | Train Acc 99.5536 | Valid Acc 94.7917
2026-07-10 06:44:51 | Validation loss decreased (0.142658 --> 0.140125) in epoch (38). Saving model ...
2026-07-10 06:44:53 | TestSub: S11 | Epoch 39/100 Finsh | Now_lr 0.0005/0.0005 | Train Loss 0.0402 | Valid Loss 0.1399 | Train Acc 98.6607 | Valid Acc 93.7500
2026-07-10 06:44:53 | Validation loss decreased (0.140125 --> 0.139931) in epoch (39). Saving model ...
2026-07-10 06:44:54 | TestSub: S11 | Epoch 40/100 Finsh | Now_lr 0.0005/0.0005 | Train Loss 0.0517 | Valid Loss 0.1283 | Train Acc 98.3259 | Valid Acc 95.8333
2026-07-10 06:44:54 | Validation loss decreased (0.139931 --> 0.128293) in epoch (40). Saving model ...
2026-07-10 06:44:55 | TestSub: S11 | Epoch 41/100 Finsh | Now_lr 0.0005/0.0005 | Train Loss 0.0215 | Valid Loss 0.1507 | Train Acc 99.7768 | Valid Acc 94.7917
2026-07-10 06:44:56 | TestSub: S11 | Epoch 42/100 Finsh | Now_lr 0.0005/0.0005 | Train Loss 0.0251 | Valid Loss 0.1638 | Train Acc 99.5536 | Valid Acc 92.7083
2026-07-10 06:44:57 | TestSub: S11 | Epoch 43/100 Finsh | Now_lr 0.0005/0.0005 | Train Loss 0.0193 | Valid Loss 0.1310 | Train Acc 100.0000 | Valid Acc 94.7917
2026-07-10 06:44:58 | TestSub: S11 | Epoch 44/100 Finsh | Now_lr 0.0005/0.0005 | Train Loss 0.0251 | Valid Loss 0.1345 | Train Acc 99.4420 | Valid Acc 93.7500
2026-07-10 06:44:59 | TestSub: S11 | Epoch 45/100 Finsh | Now_lr 0.0005/0.0005 | Train Loss 0.0256 | Valid Loss 0.1443 | Train Acc 99.6652 | Valid Acc 94.7917
2026-07-10 06:44:59 | TestSub: S11 | Epoch 46/100 Finsh | Now_lr 0.0005/0.0005 | Train Loss 0.0210 | Valid Loss 0.1630 | Train Acc 99.8884 | Valid Acc 93.7500
2026-07-10 06:45:00 | TestSub: S11 | Epoch 47/100 Finsh | Now_lr 0.0005/0.0005 | Train Loss 0.0177 | Valid Loss 0.1404 | Train Acc 99.8884 | Valid Acc 95.8333
2026-07-10 06:45:02 | TestSub: S11 | Epoch 48/100 Finsh | Now_lr 0.0005/0.0005 | Train Loss 0.0204 | Valid Loss 0.1416 | Train Acc 99.5536 | Valid Acc 94.7917
2026-07-10 06:45:04 | TestSub: S11 | Epoch 49/100 Finsh | Now_lr 0.0005/0.0005 | Train Loss 0.0311 | Valid Loss 0.1119 | Train Acc 99.1071 | Valid Acc 95.8333
2026-07-10 06:45:04 | Validation loss decreased (0.128293 --> 0.111861) in epoch (49). Saving model ...
2026-07-10 06:45:04 | TestSub: S11 | Epoch 50/100 Finsh | Now_lr 0.0005/0.0005 | Train Loss 0.0223 | Valid Loss 0.1491 | Train Acc 99.7768 | Valid Acc 95.8333
2026-07-10 06:45:05 | TestSub: S11 | Epoch 51/100 Finsh | Now_lr 0.0005/0.0005 | Train Loss 0.0317 | Valid Loss 0.1114 | Train Acc 99.2188 | Valid Acc 95.8333
2026-07-10 06:45:05 | Validation loss decreased (0.111861 --> 0.111396) in epoch (51). Saving model ...
2026-07-10 06:45:06 | TestSub: S11 | Epoch 52/100 Finsh | Now_lr 0.0005/0.0005 | Train Loss 0.0322 | Valid Loss 0.1462 | Train Acc 99.4420 | Valid Acc 95.8333
2026-07-10 06:45:07 | TestSub: S11 | Epoch 53/100 Finsh | Now_lr 0.0005/0.0005 | Train Loss 0.0300 | Valid Loss 0.1455 | Train Acc 99.2188 | Valid Acc 95.8333
2026-07-10 06:45:08 | TestSub: S11 | Epoch 54/100 Finsh | Now_lr 0.0005/0.0005 | Train Loss 0.0313 | Valid Loss 0.0815 | Train Acc 99.2188 | Valid Acc 94.7917
2026-07-10 06:45:08 | Validation loss decreased (0.111396 --> 0.081479) in epoch (54). Saving model ...
2026-07-10 06:45:09 | TestSub: S11 | Epoch 55/100 Finsh | Now_lr 0.0005/0.0005 | Train Loss 0.0201 | Valid Loss 0.1160 | Train Acc 99.6652 | Valid Acc 96.8750
2026-07-10 06:45:10 | TestSub: S11 | Epoch 56/100 Finsh | Now_lr 0.0005/0.0005 | Train Loss 0.0149 | Valid Loss 0.1142 | Train Acc 99.7768 | Valid Acc 94.7917
2026-07-10 06:45:11 | TestSub: S11 | Epoch 57/100 Finsh | Now_lr 0.0005/0.0005 | Train Loss 0.0365 | Valid Loss 0.1248 | Train Acc 98.8839 | Valid Acc 94.7917
2026-07-10 06:45:12 | TestSub: S11 | Epoch 58/100 Finsh | Now_lr 0.0005/0.0005 | Train Loss 0.0143 | Valid Loss 0.1558 | Train Acc 100.0000 | Valid Acc 94.7917
2026-07-10 06:45:13 | TestSub: S11 | Epoch 59/100 Finsh | Now_lr 0.0005/0.0005 | Train Loss 0.0256 | Valid Loss 0.1219 | Train Acc 99.4420 | Valid Acc 96.8750
2026-07-10 06:45:14 | TestSub: S11 | Epoch 60/100 Finsh | Now_lr 0.0005/0.0005 | Train Loss 0.0148 | Valid Loss 0.1318 | Train Acc 99.5536 | Valid Acc 95.8333
2026-07-10 06:45:15 | TestSub: S11 | Epoch 61/100 Finsh | Now_lr 0.0005/0.0005 | Train Loss 0.0145 | Valid Loss 0.1124 | Train Acc 99.6652 | Valid Acc 96.8750
2026-07-10 06:45:16 | TestSub: S11 | Epoch 62/100 Finsh | Now_lr 0.0005/0.0005 | Train Loss 0.0152 | Valid Loss 0.1419 | Train Acc 99.8884 | Valid Acc 94.7917
2026-07-10 06:45:18 | TestSub: S11 | Epoch 63/100 Finsh | Now_lr 0.0005/0.0005 | Train Loss 0.0135 | Valid Loss 0.1401 | Train Acc 99.8884 | Valid Acc 95.8333
2026-07-10 06:45:18 | TestSub: S11 | Epoch 64/100 Finsh | Now_lr 0.0005/0.0005 | Train Loss 0.0161 | Valid Loss 0.1518 | Train Acc 99.7768 | Valid Acc 94.7917
2026-07-10 06:45:19 | TestSub: S11 | Epoch 65/100 Finsh | Now_lr 0.0005/0.0005 | Train Loss 0.0144 | Valid Loss 0.1194 | Train Acc 99.7768 | Valid Acc 96.8750
2026-07-10 06:45:20 | TestSub: S11 | Epoch 66/100 Finsh | Now_lr 0.0005/0.0005 | Train Loss 0.0166 | Valid Loss 0.1055 | Train Acc 99.8884 | Valid Acc 96.8750
2026-07-10 06:45:21 | TestSub: S11 | Epoch 67/100 Finsh | Now_lr 0.0005/0.0005 | Train Loss 0.0150 | Valid Loss 0.1126 | Train Acc 99.8884 | Valid Acc 96.8750
2026-07-10 06:45:22 | TestSub: S11 | Epoch 68/100 Finsh | Now_lr 0.0005/0.0005 | Train Loss 0.0141 | Valid Loss 0.1065 | Train Acc 99.7768 | Valid Acc 96.8750
2026-07-10 06:45:23 | TestSub: S11 | Epoch 69/100 Finsh | Now_lr 0.0005/0.0005 | Train Loss 0.0125 | Valid Loss 0.1651 | Train Acc 99.8884 | Valid Acc 95.8333
2026-07-10 06:45:24 | TestSub: S11 | Epoch 70/100 Finsh | Now_lr 0.0005/0.0005 | Train Loss 0.0136 | Valid Loss 0.1158 | Train Acc 99.7768 | Valid Acc 96.8750
2026-07-10 06:45:25 | TestSub: S11 | Epoch 71/100 Finsh | Now_lr 0.0005/0.0005 | Train Loss 0.0134 | Valid Loss 0.1192 | Train Acc 99.8884 | Valid Acc 96.8750
2026-07-10 06:45:26 | TestSub: S11 | Epoch 72/100 Finsh | Now_lr 0.0005/0.0005 | Train Loss 0.0223 | Valid Loss 0.1324 | Train Acc 99.6652 | Valid Acc 95.8333
2026-07-10 06:45:27 | TestSub: S11 | Epoch 73/100 Finsh | Now_lr 0.0005/0.0005 | Train Loss 0.0260 | Valid Loss 0.1088 | Train Acc 99.4420 | Valid Acc 96.8750
2026-07-10 06:45:27 | TestSub: S11 | Epoch 74/100 Finsh | Now_lr 0.0005/0.0005 | Train Loss 0.0101 | Valid Loss 0.1016 | Train Acc 99.7768 | Valid Acc 96.8750
2026-07-10 06:45:28 | TestSub: S11 | Epoch 75/100 Finsh | Now_lr 0.0005/0.0005 | Train Loss 0.0135 | Valid Loss 0.0825 | Train Acc 99.7768 | Valid Acc 96.8750
2026-07-10 06:45:28 | Early stopping at epoch 75!
2026-07-10 06:45:28 | --------------------------------------------------
2026-07-10 06:45:28 | Test_Subject :S11 | Best epoch:54 | Test Loss:0.0944 | Savemodel Acc 96.8750
2026-07-10 06:45:28 | --------------------------------------------------
2026-07-10 06:45:28 | Best epoch: 54 | Test acc: 96.8750
