2026-07-10 06:41:48 | Logging started: ./writer/Subject_dependent_AAD/KUL/5.0s/result//Train5.0s_sub9.log
2026-07-10 06:41:53 | Sub_id: 9
2026-07-10 06:41:57 | TestSub: S9 | Epoch  1/100 Finsh | Now_lr 0.0005/0.0005 | Train Loss 0.6886 | Valid Loss 0.6903 | Train Acc 56.2500 | Valid Acc 53.1250
2026-07-10 06:41:57 | Validation loss decreased (inf --> 0.690304) in epoch (1). Saving model ...
2026-07-10 06:41:58 | TestSub: S9 | Epoch  2/100 Finsh | Now_lr 0.0005/0.0005 | Train Loss 0.5135 | Valid Loss 0.7748 | Train Acc 82.0312 | Valid Acc 45.8333
2026-07-10 06:41:58 | TestSub: S9 | Epoch  3/100 Finsh | Now_lr 0.0005/0.0005 | Train Loss 0.3297 | Valid Loss 0.3602 | Train Acc 92.2991 | Valid Acc 95.8333
2026-07-10 06:41:58 | Validation loss decreased (0.690304 --> 0.360212) in epoch (3). Saving model ...
2026-07-10 06:41:59 | TestSub: S9 | Epoch  4/100 Finsh | Now_lr 0.0005/0.0005 | Train Loss 0.1883 | Valid Loss 0.1257 | Train Acc 95.6473 | Valid Acc 100.0000
2026-07-10 06:41:59 | Validation loss decreased (0.360212 --> 0.125690) in epoch (4). Saving model ...
2026-07-10 06:42:00 | TestSub: S9 | Epoch  5/100 Finsh | Now_lr 0.0005/0.0005 | Train Loss 0.1338 | Valid Loss 0.0785 | Train Acc 97.2098 | Valid Acc 100.0000
2026-07-10 06:42:00 | Validation loss decreased (0.125690 --> 0.078470) in epoch (5). Saving model ...
2026-07-10 06:42:01 | TestSub: S9 | Epoch  6/100 Finsh | Now_lr 0.0005/0.0005 | Train Loss 0.0914 | Valid Loss 0.0564 | Train Acc 98.8839 | Valid Acc 100.0000
2026-07-10 06:42:01 | Validation loss decreased (0.078470 --> 0.056446) in epoch (6). Saving model ...
2026-07-10 06:42:02 | TestSub: S9 | Epoch  7/100 Finsh | Now_lr 0.0005/0.0005 | Train Loss 0.0769 | Valid Loss 0.0442 | Train Acc 98.5491 | Valid Acc 100.0000
2026-07-10 06:42:02 | Validation loss decreased (0.056446 --> 0.044151) in epoch (7). Saving model ...
2026-07-10 06:42:03 | TestSub: S9 | Epoch  8/100 Finsh | Now_lr 0.0005/0.0005 | Train Loss 0.0557 | Valid Loss 0.0313 | Train Acc 98.9955 | Valid Acc 100.0000
2026-07-10 06:42:03 | Validation loss decreased (0.044151 --> 0.031346) in epoch (8). Saving model ...
2026-07-10 06:42:04 | TestSub: S9 | Epoch  9/100 Finsh | Now_lr 0.0005/0.0005 | Train Loss 0.0480 | Valid Loss 0.0225 | Train Acc 99.2188 | Valid Acc 100.0000
2026-07-10 06:42:04 | Validation loss decreased (0.031346 --> 0.022514) in epoch (9). Saving model ...
2026-07-10 06:42:05 | TestSub: S9 | Epoch 10/100 Finsh | Now_lr 0.0005/0.0005 | Train Loss 0.0390 | Valid Loss 0.0302 | Train Acc 99.4420 | Valid Acc 100.0000
2026-07-10 06:42:06 | TestSub: S9 | Epoch 11/100 Finsh | Now_lr 0.0005/0.0005 | Train Loss 0.0445 | Valid Loss 0.0200 | Train Acc 98.9955 | Valid Acc 100.0000
2026-07-10 06:42:06 | Validation loss decreased (0.022514 --> 0.020011) in epoch (11). Saving model ...
2026-07-10 06:42:07 | TestSub: S9 | Epoch 12/100 Finsh | Now_lr 0.0005/0.0005 | Train Loss 0.0408 | Valid Loss 0.0164 | Train Acc 99.1071 | Valid Acc 100.0000
2026-07-10 06:42:07 | Validation loss decreased (0.020011 --> 0.016359) in epoch (12). Saving model ...
2026-07-10 06:42:08 | TestSub: S9 | Epoch 13/100 Finsh | Now_lr 0.0005/0.0005 | Train Loss 0.0229 | Valid Loss 0.0160 | Train Acc 100.0000 | Valid Acc 100.0000
2026-07-10 06:42:08 | Validation loss decreased (0.016359 --> 0.016039) in epoch (13). Saving model ...
2026-07-10 06:42:09 | TestSub: S9 | Epoch 14/100 Finsh | Now_lr 0.0005/0.0005 | Train Loss 0.0278 | Valid Loss 0.0215 | Train Acc 99.4420 | Valid Acc 100.0000
2026-07-10 06:42:10 | TestSub: S9 | Epoch 15/100 Finsh | Now_lr 0.0005/0.0005 | Train Loss 0.0193 | Valid Loss 0.0132 | Train Acc 99.7768 | Valid Acc 100.0000
2026-07-10 06:42:10 | Validation loss decreased (0.016039 --> 0.013196) in epoch (15). Saving model ...
2026-07-10 06:42:11 | TestSub: S9 | Epoch 16/100 Finsh | Now_lr 0.0005/0.0005 | Train Loss 0.0154 | Valid Loss 0.0120 | Train Acc 99.8884 | Valid Acc 100.0000
2026-07-10 06:42:11 | Validation loss decreased (0.013196 --> 0.011975) in epoch (16). Saving model ...
2026-07-10 06:42:12 | TestSub: S9 | Epoch 17/100 Finsh | Now_lr 0.0005/0.0005 | Train Loss 0.0132 | Valid Loss 0.0132 | Train Acc 100.0000 | Valid Acc 100.0000
2026-07-10 06:42:12 | TestSub: S9 | Epoch 18/100 Finsh | Now_lr 0.0005/0.0005 | Train Loss 0.0240 | Valid Loss 0.0165 | Train Acc 99.3304 | Valid Acc 100.0000
2026-07-10 06:42:13 | TestSub: S9 | Epoch 19/100 Finsh | Now_lr 0.0005/0.0005 | Train Loss 0.0235 | Valid Loss 0.0164 | Train Acc 99.5536 | Valid Acc 100.0000
2026-07-10 06:42:14 | TestSub: S9 | Epoch 20/100 Finsh | Now_lr 0.0005/0.0005 | Train Loss 0.0150 | Valid Loss 0.0118 | Train Acc 99.7768 | Valid Acc 100.0000
2026-07-10 06:42:14 | Validation loss decreased (0.011975 --> 0.011802) in epoch (20). Saving model ...
2026-07-10 06:42:15 | TestSub: S9 | Epoch 21/100 Finsh | Now_lr 0.0005/0.0005 | Train Loss 0.0193 | Valid Loss 0.0116 | Train Acc 99.6652 | Valid Acc 100.0000
2026-07-10 06:42:15 | Validation loss decreased (0.011802 --> 0.011584) in epoch (21). Saving model ...
2026-07-10 06:42:17 | TestSub: S9 | Epoch 22/100 Finsh | Now_lr 0.0005/0.0005 | Train Loss 0.0169 | Valid Loss 0.0091 | Train Acc 99.7768 | Valid Acc 100.0000
2026-07-10 06:42:17 | Validation loss decreased (0.011584 --> 0.009101) in epoch (22). Saving model ...
2026-07-10 06:42:18 | TestSub: S9 | Epoch 23/100 Finsh | Now_lr 0.0005/0.0005 | Train Loss 0.0105 | Valid Loss 0.0111 | Train Acc 100.0000 | Valid Acc 100.0000
2026-07-10 06:42:19 | TestSub: S9 | Epoch 24/100 Finsh | Now_lr 0.0005/0.0005 | Train Loss 0.0068 | Valid Loss 0.0122 | Train Acc 100.0000 | Valid Acc 100.0000
2026-07-10 06:42:19 | TestSub: S9 | Epoch 25/100 Finsh | Now_lr 0.0005/0.0005 | Train Loss 0.0091 | Valid Loss 0.0094 | Train Acc 100.0000 | Valid Acc 100.0000
2026-07-10 06:42:20 | TestSub: S9 | Epoch 26/100 Finsh | Now_lr 0.0005/0.0005 | Train Loss 0.0086 | Valid Loss 0.0099 | Train Acc 100.0000 | Valid Acc 100.0000
2026-07-10 06:42:21 | TestSub: S9 | Epoch 27/100 Finsh | Now_lr 0.0005/0.0005 | Train Loss 0.0210 | Valid Loss 0.0110 | Train Acc 99.3304 | Valid Acc 100.0000
2026-07-10 06:42:22 | TestSub: S9 | Epoch 28/100 Finsh | Now_lr 0.0005/0.0005 | Train Loss 0.0063 | Valid Loss 0.0073 | Train Acc 100.0000 | Valid Acc 100.0000
2026-07-10 06:42:22 | Validation loss decreased (0.009101 --> 0.007263) in epoch (28). Saving model ...
2026-07-10 06:42:23 | TestSub: S9 | Epoch 29/100 Finsh | Now_lr 0.0005/0.0005 | Train Loss 0.0069 | Valid Loss 0.0085 | Train Acc 100.0000 | Valid Acc 100.0000
2026-07-10 06:42:24 | TestSub: S9 | Epoch 30/100 Finsh | Now_lr 0.0005/0.0005 | Train Loss 0.0057 | Valid Loss 0.0075 | Train Acc 100.0000 | Valid Acc 100.0000
2026-07-10 06:42:25 | TestSub: S9 | Epoch 31/100 Finsh | Now_lr 0.0005/0.0005 | Train Loss 0.0086 | Valid Loss 0.0092 | Train Acc 99.7768 | Valid Acc 100.0000
2026-07-10 06:42:26 | TestSub: S9 | Epoch 32/100 Finsh | Now_lr 0.0005/0.0005 | Train Loss 0.0051 | Valid Loss 0.0065 | Train Acc 100.0000 | Valid Acc 100.0000
2026-07-10 06:42:26 | Validation loss decreased (0.007263 --> 0.006516) in epoch (32). Saving model ...
2026-07-10 06:42:27 | TestSub: S9 | Epoch 33/100 Finsh | Now_lr 0.0005/0.0005 | Train Loss 0.0105 | Valid Loss 0.0085 | Train Acc 99.8884 | Valid Acc 100.0000
2026-07-10 06:42:28 | TestSub: S9 | Epoch 34/100 Finsh | Now_lr 0.0005/0.0005 | Train Loss 0.0051 | Valid Loss 0.0109 | Train Acc 100.0000 | Valid Acc 100.0000
2026-07-10 06:42:29 | TestSub: S9 | Epoch 35/100 Finsh | Now_lr 0.0005/0.0005 | Train Loss 0.0064 | Valid Loss 0.0103 | Train Acc 100.0000 | Valid Acc 100.0000
2026-07-10 06:42:30 | TestSub: S9 | Epoch 36/100 Finsh | Now_lr 0.0005/0.0005 | Train Loss 0.0226 | Valid Loss 0.0128 | Train Acc 99.1071 | Valid Acc 100.0000
2026-07-10 06:42:30 | TestSub: S9 | Epoch 37/100 Finsh | Now_lr 0.0005/0.0005 | Train Loss 0.0077 | Valid Loss 0.0143 | Train Acc 99.8884 | Valid Acc 100.0000
2026-07-10 06:42:31 | TestSub: S9 | Epoch 38/100 Finsh | Now_lr 0.0005/0.0005 | Train Loss 0.0049 | Valid Loss 0.0152 | Train Acc 100.0000 | Valid Acc 98.9583
2026-07-10 06:42:32 | TestSub: S9 | Epoch 39/100 Finsh | Now_lr 0.0005/0.0005 | Train Loss 0.0108 | Valid Loss 0.0148 | Train Acc 99.7768 | Valid Acc 98.9583
2026-07-10 06:42:33 | TestSub: S9 | Epoch 40/100 Finsh | Now_lr 0.0005/0.0005 | Train Loss 0.0086 | Valid Loss 0.0115 | Train Acc 100.0000 | Valid Acc 100.0000
2026-07-10 06:42:34 | TestSub: S9 | Epoch 41/100 Finsh | Now_lr 0.0005/0.0005 | Train Loss 0.0066 | Valid Loss 0.0122 | Train Acc 100.0000 | Valid Acc 98.9583
2026-07-10 06:42:35 | TestSub: S9 | Epoch 42/100 Finsh | Now_lr 0.0005/0.0005 | Train Loss 0.0048 | Valid Loss 0.0139 | Train Acc 100.0000 | Valid Acc 98.9583
2026-07-10 06:42:36 | TestSub: S9 | Epoch 43/100 Finsh | Now_lr 0.0005/0.0005 | Train Loss 0.0053 | Valid Loss 0.0130 | Train Acc 99.8884 | Valid Acc 100.0000
2026-07-10 06:42:37 | TestSub: S9 | Epoch 44/100 Finsh | Now_lr 0.0005/0.0005 | Train Loss 0.0069 | Valid Loss 0.0105 | Train Acc 100.0000 | Valid Acc 100.0000
2026-07-10 06:42:38 | TestSub: S9 | Epoch 45/100 Finsh | Now_lr 0.0005/0.0005 | Train Loss 0.0058 | Valid Loss 0.0085 | Train Acc 100.0000 | Valid Acc 100.0000
2026-07-10 06:42:39 | TestSub: S9 | Epoch 46/100 Finsh | Now_lr 0.0005/0.0005 | Train Loss 0.0043 | Valid Loss 0.0146 | Train Acc 100.0000 | Valid Acc 98.9583
2026-07-10 06:42:40 | TestSub: S9 | Epoch 47/100 Finsh | Now_lr 0.0005/0.0005 | Train Loss 0.0194 | Valid Loss 0.0114 | Train Acc 99.4420 | Valid Acc 100.0000
2026-07-10 06:42:40 | TestSub: S9 | Epoch 48/100 Finsh | Now_lr 0.0005/0.0005 | Train Loss 0.0048 | Valid Loss 0.0097 | Train Acc 100.0000 | Valid Acc 100.0000
2026-07-10 06:42:41 | TestSub: S9 | Epoch 49/100 Finsh | Now_lr 0.0005/0.0005 | Train Loss 0.0130 | Valid Loss 0.0154 | Train Acc 99.7768 | Valid Acc 100.0000
2026-07-10 06:42:42 | TestSub: S9 | Epoch 50/100 Finsh | Now_lr 0.0005/0.0005 | Train Loss 0.0066 | Valid Loss 0.0073 | Train Acc 100.0000 | Valid Acc 100.0000
2026-07-10 06:42:43 | TestSub: S9 | Epoch 51/100 Finsh | Now_lr 0.0005/0.0005 | Train Loss 0.0023 | Valid Loss 0.0073 | Train Acc 100.0000 | Valid Acc 100.0000
2026-07-10 06:42:44 | TestSub: S9 | Epoch 52/100 Finsh | Now_lr 0.0005/0.0005 | Train Loss 0.0107 | Valid Loss 0.0125 | Train Acc 99.5536 | Valid Acc 100.0000
2026-07-10 06:42:45 | TestSub: S9 | Epoch 53/100 Finsh | Now_lr 0.0005/0.0005 | Train Loss 0.0097 | Valid Loss 0.0070 | Train Acc 99.6652 | Valid Acc 100.0000
2026-07-10 06:42:45 | Early stopping at epoch 53!
2026-07-10 06:42:45 | --------------------------------------------------
2026-07-10 06:42:45 | Test_Subject :S9 | Best epoch:32 | Test Loss:0.0067 | Savemodel Acc 100.0000
2026-07-10 06:42:45 | --------------------------------------------------
2026-07-10 06:42:45 | Best epoch: 32 | Test acc: 100.0000
