2026-07-10 06:33:04 | Logging started: ./writer/Subject_dependent_AAD/KUL/5.0s/result//Train5.0s_sub4.log
2026-07-10 06:33:09 | Sub_id: 4
2026-07-10 06:33:13 | TestSub: S4 | Epoch  1/100 Finsh | Now_lr 0.0005/0.0005 | Train Loss 0.6695 | Valid Loss 0.7096 | Train Acc 59.1518 | Valid Acc 46.8750
2026-07-10 06:33:13 | Validation loss decreased (inf --> 0.709559) in epoch (1). Saving model ...
2026-07-10 06:33:14 | TestSub: S4 | Epoch  2/100 Finsh | Now_lr 0.0005/0.0005 | Train Loss 0.5640 | Valid Loss 0.6501 | Train Acc 79.6875 | Valid Acc 68.7500
2026-07-10 06:33:14 | Validation loss decreased (0.709559 --> 0.650068) in epoch (2). Saving model ...
2026-07-10 06:33:15 | TestSub: S4 | Epoch  3/100 Finsh | Now_lr 0.0005/0.0005 | Train Loss 0.4073 | Valid Loss 0.4115 | Train Acc 90.0670 | Valid Acc 94.7917
2026-07-10 06:33:15 | Validation loss decreased (0.650068 --> 0.411501) in epoch (3). Saving model ...
2026-07-10 06:33:16 | TestSub: S4 | Epoch  4/100 Finsh | Now_lr 0.0005/0.0005 | Train Loss 0.2739 | Valid Loss 0.2105 | Train Acc 93.7500 | Valid Acc 97.9167
2026-07-10 06:33:16 | Validation loss decreased (0.411501 --> 0.210458) in epoch (4). Saving model ...
2026-07-10 06:33:17 | TestSub: S4 | Epoch  5/100 Finsh | Now_lr 0.0005/0.0005 | Train Loss 0.2064 | Valid Loss 0.1475 | Train Acc 95.9821 | Valid Acc 97.9167
2026-07-10 06:33:17 | Validation loss decreased (0.210458 --> 0.147535) in epoch (5). Saving model ...
2026-07-10 06:33:18 | TestSub: S4 | Epoch  6/100 Finsh | Now_lr 0.0005/0.0005 | Train Loss 0.1685 | Valid Loss 0.1212 | Train Acc 95.4241 | Valid Acc 96.8750
2026-07-10 06:33:18 | Validation loss decreased (0.147535 --> 0.121221) in epoch (6). Saving model ...
2026-07-10 06:33:19 | TestSub: S4 | Epoch  7/100 Finsh | Now_lr 0.0005/0.0005 | Train Loss 0.1378 | Valid Loss 0.1037 | Train Acc 97.0982 | Valid Acc 98.9583
2026-07-10 06:33:19 | Validation loss decreased (0.121221 --> 0.103739) in epoch (7). Saving model ...
2026-07-10 06:33:20 | TestSub: S4 | Epoch  8/100 Finsh | Now_lr 0.0005/0.0005 | Train Loss 0.1358 | Valid Loss 0.0807 | Train Acc 96.7634 | Valid Acc 100.0000
2026-07-10 06:33:20 | Validation loss decreased (0.103739 --> 0.080747) in epoch (8). Saving model ...
2026-07-10 06:33:21 | TestSub: S4 | Epoch  9/100 Finsh | Now_lr 0.0005/0.0005 | Train Loss 0.1083 | Valid Loss 0.0822 | Train Acc 98.3259 | Valid Acc 98.9583
2026-07-10 06:33:22 | TestSub: S4 | Epoch 10/100 Finsh | Now_lr 0.0005/0.0005 | Train Loss 0.0908 | Valid Loss 0.0788 | Train Acc 98.1027 | Valid Acc 98.9583
2026-07-10 06:33:22 | Validation loss decreased (0.080747 --> 0.078806) in epoch (10). Saving model ...
2026-07-10 06:33:23 | TestSub: S4 | Epoch 11/100 Finsh | Now_lr 0.0005/0.0005 | Train Loss 0.0795 | Valid Loss 0.0745 | Train Acc 98.5491 | Valid Acc 98.9583
2026-07-10 06:33:23 | Validation loss decreased (0.078806 --> 0.074531) in epoch (11). Saving model ...
2026-07-10 06:33:24 | TestSub: S4 | Epoch 12/100 Finsh | Now_lr 0.0005/0.0005 | Train Loss 0.0852 | Valid Loss 0.0641 | Train Acc 98.3259 | Valid Acc 98.9583
2026-07-10 06:33:24 | Validation loss decreased (0.074531 --> 0.064101) in epoch (12). Saving model ...
2026-07-10 06:33:25 | TestSub: S4 | Epoch 13/100 Finsh | Now_lr 0.0005/0.0005 | Train Loss 0.0716 | Valid Loss 0.0539 | Train Acc 98.7723 | Valid Acc 98.9583
2026-07-10 06:33:25 | Validation loss decreased (0.064101 --> 0.053941) in epoch (13). Saving model ...
2026-07-10 06:33:26 | TestSub: S4 | Epoch 14/100 Finsh | Now_lr 0.0005/0.0005 | Train Loss 0.0710 | Valid Loss 0.0605 | Train Acc 98.5491 | Valid Acc 98.9583
2026-07-10 06:33:27 | TestSub: S4 | Epoch 15/100 Finsh | Now_lr 0.0005/0.0005 | Train Loss 0.0690 | Valid Loss 0.0560 | Train Acc 98.6607 | Valid Acc 98.9583
2026-07-10 06:33:28 | TestSub: S4 | Epoch 16/100 Finsh | Now_lr 0.0005/0.0005 | Train Loss 0.0544 | Valid Loss 0.0484 | Train Acc 99.4420 | Valid Acc 98.9583
2026-07-10 06:33:28 | Validation loss decreased (0.053941 --> 0.048386) in epoch (16). Saving model ...
2026-07-10 06:33:29 | TestSub: S4 | Epoch 17/100 Finsh | Now_lr 0.0005/0.0005 | Train Loss 0.0563 | Valid Loss 0.0457 | Train Acc 98.8839 | Valid Acc 98.9583
2026-07-10 06:33:29 | Validation loss decreased (0.048386 --> 0.045713) in epoch (17). Saving model ...
2026-07-10 06:33:30 | TestSub: S4 | Epoch 18/100 Finsh | Now_lr 0.0005/0.0005 | Train Loss 0.0519 | Valid Loss 0.0429 | Train Acc 99.1071 | Valid Acc 98.9583
2026-07-10 06:33:30 | Validation loss decreased (0.045713 --> 0.042929) in epoch (18). Saving model ...
2026-07-10 06:33:31 | TestSub: S4 | Epoch 19/100 Finsh | Now_lr 0.0005/0.0005 | Train Loss 0.0678 | Valid Loss 0.0781 | Train Acc 97.9911 | Valid Acc 97.9167
2026-07-10 06:33:32 | TestSub: S4 | Epoch 20/100 Finsh | Now_lr 0.0005/0.0005 | Train Loss 0.0527 | Valid Loss 0.0438 | Train Acc 98.7723 | Valid Acc 98.9583
2026-07-10 06:33:33 | TestSub: S4 | Epoch 21/100 Finsh | Now_lr 0.0005/0.0005 | Train Loss 0.0441 | Valid Loss 0.0374 | Train Acc 99.3304 | Valid Acc 98.9583
2026-07-10 06:33:33 | Validation loss decreased (0.042929 --> 0.037397) in epoch (21). Saving model ...
2026-07-10 06:33:34 | TestSub: S4 | Epoch 22/100 Finsh | Now_lr 0.0005/0.0005 | Train Loss 0.0494 | Valid Loss 0.0334 | Train Acc 98.7723 | Valid Acc 98.9583
2026-07-10 06:33:34 | Validation loss decreased (0.037397 --> 0.033351) in epoch (22). Saving model ...
2026-07-10 06:33:38 | TestSub: S4 | Epoch 23/100 Finsh | Now_lr 0.0005/0.0005 | Train Loss 0.0466 | Valid Loss 0.0310 | Train Acc 98.7723 | Valid Acc 98.9583
2026-07-10 06:33:38 | Validation loss decreased (0.033351 --> 0.031037) in epoch (23). Saving model ...
2026-07-10 06:33:39 | TestSub: S4 | Epoch 24/100 Finsh | Now_lr 0.0005/0.0005 | Train Loss 0.0486 | Valid Loss 0.0404 | Train Acc 98.3259 | Valid Acc 98.9583
2026-07-10 06:33:40 | TestSub: S4 | Epoch 25/100 Finsh | Now_lr 0.0005/0.0005 | Train Loss 0.0376 | Valid Loss 0.0366 | Train Acc 99.2188 | Valid Acc 98.9583
2026-07-10 06:33:41 | TestSub: S4 | Epoch 26/100 Finsh | Now_lr 0.0005/0.0005 | Train Loss 0.0473 | Valid Loss 0.0274 | Train Acc 98.6607 | Valid Acc 98.9583
2026-07-10 06:33:41 | Validation loss decreased (0.031037 --> 0.027387) in epoch (26). Saving model ...
2026-07-10 06:33:42 | TestSub: S4 | Epoch 27/100 Finsh | Now_lr 0.0005/0.0005 | Train Loss 0.0257 | Valid Loss 0.0294 | Train Acc 99.6652 | Valid Acc 98.9583
2026-07-10 06:33:43 | TestSub: S4 | Epoch 28/100 Finsh | Now_lr 0.0005/0.0005 | Train Loss 0.0465 | Valid Loss 0.0307 | Train Acc 98.5491 | Valid Acc 98.9583
2026-07-10 06:33:43 | TestSub: S4 | Epoch 29/100 Finsh | Now_lr 0.0005/0.0005 | Train Loss 0.0308 | Valid Loss 0.0333 | Train Acc 99.1071 | Valid Acc 98.9583
2026-07-10 06:33:44 | TestSub: S4 | Epoch 30/100 Finsh | Now_lr 0.0005/0.0005 | Train Loss 0.0306 | Valid Loss 0.0232 | Train Acc 99.4420 | Valid Acc 98.9583
2026-07-10 06:33:44 | Validation loss decreased (0.027387 --> 0.023240) in epoch (30). Saving model ...
2026-07-10 06:33:45 | TestSub: S4 | Epoch 31/100 Finsh | Now_lr 0.0005/0.0005 | Train Loss 0.0247 | Valid Loss 0.0233 | Train Acc 99.6652 | Valid Acc 98.9583
2026-07-10 06:33:46 | TestSub: S4 | Epoch 32/100 Finsh | Now_lr 0.0005/0.0005 | Train Loss 0.0452 | Valid Loss 0.0305 | Train Acc 98.8839 | Valid Acc 98.9583
2026-07-10 06:33:47 | TestSub: S4 | Epoch 33/100 Finsh | Now_lr 0.0005/0.0005 | Train Loss 0.0303 | Valid Loss 0.0340 | Train Acc 99.1071 | Valid Acc 98.9583
2026-07-10 06:33:48 | TestSub: S4 | Epoch 34/100 Finsh | Now_lr 0.0005/0.0005 | Train Loss 0.0477 | Valid Loss 0.0391 | Train Acc 98.5491 | Valid Acc 98.9583
2026-07-10 06:33:49 | TestSub: S4 | Epoch 35/100 Finsh | Now_lr 0.0005/0.0005 | Train Loss 0.0307 | Valid Loss 0.0383 | Train Acc 99.3304 | Valid Acc 98.9583
2026-07-10 06:33:50 | TestSub: S4 | Epoch 36/100 Finsh | Now_lr 0.0005/0.0005 | Train Loss 0.0223 | Valid Loss 0.0259 | Train Acc 99.5536 | Valid Acc 98.9583
2026-07-10 06:33:51 | TestSub: S4 | Epoch 37/100 Finsh | Now_lr 0.0005/0.0005 | Train Loss 0.0224 | Valid Loss 0.0279 | Train Acc 99.6652 | Valid Acc 98.9583
2026-07-10 06:33:52 | TestSub: S4 | Epoch 38/100 Finsh | Now_lr 0.0005/0.0005 | Train Loss 0.0161 | Valid Loss 0.0288 | Train Acc 99.6652 | Valid Acc 98.9583
2026-07-10 06:33:53 | TestSub: S4 | Epoch 39/100 Finsh | Now_lr 0.0005/0.0005 | Train Loss 0.0285 | Valid Loss 0.0215 | Train Acc 99.3304 | Valid Acc 98.9583
2026-07-10 06:33:53 | Validation loss decreased (0.023240 --> 0.021527) in epoch (39). Saving model ...
2026-07-10 06:33:53 | TestSub: S4 | Epoch 40/100 Finsh | Now_lr 0.0005/0.0005 | Train Loss 0.0170 | Valid Loss 0.0238 | Train Acc 99.8884 | Valid Acc 98.9583
2026-07-10 06:33:54 | TestSub: S4 | Epoch 41/100 Finsh | Now_lr 0.0005/0.0005 | Train Loss 0.0218 | Valid Loss 0.0330 | Train Acc 99.2188 | Valid Acc 98.9583
2026-07-10 06:33:55 | TestSub: S4 | Epoch 42/100 Finsh | Now_lr 0.0005/0.0005 | Train Loss 0.0223 | Valid Loss 0.0378 | Train Acc 99.5536 | Valid Acc 98.9583
2026-07-10 06:33:56 | TestSub: S4 | Epoch 43/100 Finsh | Now_lr 0.0005/0.0005 | Train Loss 0.0223 | Valid Loss 0.0314 | Train Acc 99.5536 | Valid Acc 98.9583
2026-07-10 06:33:57 | TestSub: S4 | Epoch 44/100 Finsh | Now_lr 0.0005/0.0005 | Train Loss 0.0297 | Valid Loss 0.0365 | Train Acc 99.1071 | Valid Acc 98.9583
2026-07-10 06:33:58 | TestSub: S4 | Epoch 45/100 Finsh | Now_lr 0.0005/0.0005 | Train Loss 0.0266 | Valid Loss 0.0375 | Train Acc 99.2188 | Valid Acc 98.9583
2026-07-10 06:33:59 | TestSub: S4 | Epoch 46/100 Finsh | Now_lr 0.0005/0.0005 | Train Loss 0.0408 | Valid Loss 0.0248 | Train Acc 98.7723 | Valid Acc 98.9583
2026-07-10 06:34:01 | TestSub: S4 | Epoch 47/100 Finsh | Now_lr 0.0005/0.0005 | Train Loss 0.0175 | Valid Loss 0.0229 | Train Acc 99.5536 | Valid Acc 98.9583
2026-07-10 06:34:02 | TestSub: S4 | Epoch 48/100 Finsh | Now_lr 0.0005/0.0005 | Train Loss 0.0231 | Valid Loss 0.0357 | Train Acc 99.4420 | Valid Acc 98.9583
2026-07-10 06:34:03 | TestSub: S4 | Epoch 49/100 Finsh | Now_lr 0.0005/0.0005 | Train Loss 0.0175 | Valid Loss 0.0177 | Train Acc 99.5536 | Valid Acc 98.9583
2026-07-10 06:34:03 | Validation loss decreased (0.021527 --> 0.017678) in epoch (49). Saving model ...
2026-07-10 06:34:04 | TestSub: S4 | Epoch 50/100 Finsh | Now_lr 0.0005/0.0005 | Train Loss 0.0111 | Valid Loss 0.0200 | Train Acc 99.8884 | Valid Acc 98.9583
2026-07-10 06:34:05 | TestSub: S4 | Epoch 51/100 Finsh | Now_lr 0.0005/0.0005 | Train Loss 0.0219 | Valid Loss 0.0207 | Train Acc 99.4420 | Valid Acc 100.0000
2026-07-10 06:34:05 | TestSub: S4 | Epoch 52/100 Finsh | Now_lr 0.0005/0.0005 | Train Loss 0.0134 | Valid Loss 0.0183 | Train Acc 99.6652 | Valid Acc 98.9583
2026-07-10 06:34:06 | TestSub: S4 | Epoch 53/100 Finsh | Now_lr 0.0005/0.0005 | Train Loss 0.0195 | Valid Loss 0.0245 | Train Acc 99.5536 | Valid Acc 98.9583
2026-07-10 06:34:07 | TestSub: S4 | Epoch 54/100 Finsh | Now_lr 0.0005/0.0005 | Train Loss 0.0151 | Valid Loss 0.0160 | Train Acc 99.7768 | Valid Acc 98.9583
2026-07-10 06:34:07 | Validation loss decreased (0.017678 --> 0.016012) in epoch (54). Saving model ...
2026-07-10 06:34:08 | TestSub: S4 | Epoch 55/100 Finsh | Now_lr 0.0005/0.0005 | Train Loss 0.0231 | Valid Loss 0.0265 | Train Acc 99.7768 | Valid Acc 98.9583
2026-07-10 06:34:09 | TestSub: S4 | Epoch 56/100 Finsh | Now_lr 0.0005/0.0005 | Train Loss 0.0261 | Valid Loss 0.0231 | Train Acc 99.1071 | Valid Acc 98.9583
2026-07-10 06:34:10 | TestSub: S4 | Epoch 57/100 Finsh | Now_lr 0.0005/0.0005 | Train Loss 0.0183 | Valid Loss 0.0322 | Train Acc 99.6652 | Valid Acc 98.9583
2026-07-10 06:34:11 | TestSub: S4 | Epoch 58/100 Finsh | Now_lr 0.0005/0.0005 | Train Loss 0.0171 | Valid Loss 0.0406 | Train Acc 99.5536 | Valid Acc 98.9583
2026-07-10 06:34:12 | TestSub: S4 | Epoch 59/100 Finsh | Now_lr 0.0005/0.0005 | Train Loss 0.0142 | Valid Loss 0.0249 | Train Acc 99.7768 | Valid Acc 98.9583
2026-07-10 06:34:13 | TestSub: S4 | Epoch 60/100 Finsh | Now_lr 0.0005/0.0005 | Train Loss 0.0118 | Valid Loss 0.0221 | Train Acc 99.8884 | Valid Acc 98.9583
2026-07-10 06:34:14 | TestSub: S4 | Epoch 61/100 Finsh | Now_lr 0.0005/0.0005 | Train Loss 0.0100 | Valid Loss 0.0212 | Train Acc 99.8884 | Valid Acc 98.9583
2026-07-10 06:34:14 | TestSub: S4 | Epoch 62/100 Finsh | Now_lr 0.0005/0.0005 | Train Loss 0.0137 | Valid Loss 0.0179 | Train Acc 99.8884 | Valid Acc 100.0000
2026-07-10 06:34:15 | TestSub: S4 | Epoch 63/100 Finsh | Now_lr 0.0005/0.0005 | Train Loss 0.0115 | Valid Loss 0.0257 | Train Acc 99.8884 | Valid Acc 98.9583
2026-07-10 06:34:16 | TestSub: S4 | Epoch 64/100 Finsh | Now_lr 0.0005/0.0005 | Train Loss 0.0081 | Valid Loss 0.0115 | Train Acc 100.0000 | Valid Acc 100.0000
2026-07-10 06:34:16 | Validation loss decreased (0.016012 --> 0.011519) in epoch (64). Saving model ...
2026-07-10 06:34:17 | TestSub: S4 | Epoch 65/100 Finsh | Now_lr 0.0005/0.0005 | Train Loss 0.0106 | Valid Loss 0.0155 | Train Acc 99.7768 | Valid Acc 98.9583
2026-07-10 06:34:18 | TestSub: S4 | Epoch 66/100 Finsh | Now_lr 0.0005/0.0005 | Train Loss 0.0085 | Valid Loss 0.0186 | Train Acc 99.8884 | Valid Acc 98.9583
2026-07-10 06:34:19 | TestSub: S4 | Epoch 67/100 Finsh | Now_lr 0.0005/0.0005 | Train Loss 0.0196 | Valid Loss 0.0138 | Train Acc 99.2188 | Valid Acc 98.9583
2026-07-10 06:34:20 | TestSub: S4 | Epoch 68/100 Finsh | Now_lr 0.0005/0.0005 | Train Loss 0.0115 | Valid Loss 0.0172 | Train Acc 99.7768 | Valid Acc 98.9583
2026-07-10 06:34:21 | TestSub: S4 | Epoch 69/100 Finsh | Now_lr 0.0005/0.0005 | Train Loss 0.0158 | Valid Loss 0.0172 | Train Acc 99.5536 | Valid Acc 98.9583
2026-07-10 06:34:22 | TestSub: S4 | Epoch 70/100 Finsh | Now_lr 0.0005/0.0005 | Train Loss 0.0121 | Valid Loss 0.0256 | Train Acc 99.5536 | Valid Acc 98.9583
2026-07-10 06:34:23 | TestSub: S4 | Epoch 71/100 Finsh | Now_lr 0.0005/0.0005 | Train Loss 0.0079 | Valid Loss 0.0203 | Train Acc 99.8884 | Valid Acc 98.9583
2026-07-10 06:34:24 | TestSub: S4 | Epoch 72/100 Finsh | Now_lr 0.0005/0.0005 | Train Loss 0.0089 | Valid Loss 0.0223 | Train Acc 99.8884 | Valid Acc 98.9583
2026-07-10 06:34:24 | TestSub: S4 | Epoch 73/100 Finsh | Now_lr 0.0005/0.0005 | Train Loss 0.0065 | Valid Loss 0.0122 | Train Acc 100.0000 | Valid Acc 100.0000
2026-07-10 06:34:25 | TestSub: S4 | Epoch 74/100 Finsh | Now_lr 0.0005/0.0005 | Train Loss 0.0095 | Valid Loss 0.0201 | Train Acc 99.7768 | Valid Acc 98.9583
2026-07-10 06:34:26 | TestSub: S4 | Epoch 75/100 Finsh | Now_lr 0.0005/0.0005 | Train Loss 0.0084 | Valid Loss 0.0124 | Train Acc 99.8884 | Valid Acc 98.9583
2026-07-10 06:34:27 | TestSub: S4 | Epoch 76/100 Finsh | Now_lr 0.0005/0.0005 | Train Loss 0.0085 | Valid Loss 0.0202 | Train Acc 100.0000 | Valid Acc 98.9583
2026-07-10 06:34:28 | TestSub: S4 | Epoch 77/100 Finsh | Now_lr 0.0005/0.0005 | Train Loss 0.0093 | Valid Loss 0.0258 | Train Acc 99.7768 | Valid Acc 98.9583
2026-07-10 06:34:29 | TestSub: S4 | Epoch 78/100 Finsh | Now_lr 0.0005/0.0005 | Train Loss 0.0053 | Valid Loss 0.0114 | Train Acc 99.8884 | Valid Acc 100.0000
2026-07-10 06:34:29 | Validation loss decreased (0.011519 --> 0.011434) in epoch (78). Saving model ...
2026-07-10 06:34:30 | TestSub: S4 | Epoch 79/100 Finsh | Now_lr 0.0005/0.0005 | Train Loss 0.0096 | Valid Loss 0.0143 | Train Acc 100.0000 | Valid Acc 98.9583
2026-07-10 06:34:31 | TestSub: S4 | Epoch 80/100 Finsh | Now_lr 0.0005/0.0005 | Train Loss 0.0053 | Valid Loss 0.0161 | Train Acc 100.0000 | Valid Acc 98.9583
2026-07-10 06:34:32 | TestSub: S4 | Epoch 81/100 Finsh | Now_lr 0.0005/0.0005 | Train Loss 0.0082 | Valid Loss 0.0311 | Train Acc 99.8884 | Valid Acc 98.9583
2026-07-10 06:34:33 | TestSub: S4 | Epoch 82/100 Finsh | Now_lr 0.0005/0.0005 | Train Loss 0.0126 | Valid Loss 0.0266 | Train Acc 99.8884 | Valid Acc 98.9583
2026-07-10 06:34:34 | TestSub: S4 | Epoch 83/100 Finsh | Now_lr 0.0005/0.0005 | Train Loss 0.0093 | Valid Loss 0.0195 | Train Acc 99.7768 | Valid Acc 98.9583
2026-07-10 06:34:34 | TestSub: S4 | Epoch 84/100 Finsh | Now_lr 0.0005/0.0005 | Train Loss 0.0059 | Valid Loss 0.0225 | Train Acc 99.8884 | Valid Acc 98.9583
2026-07-10 06:34:35 | TestSub: S4 | Epoch 85/100 Finsh | Now_lr 0.0005/0.0005 | Train Loss 0.0068 | Valid Loss 0.0236 | Train Acc 99.8884 | Valid Acc 98.9583
2026-07-10 06:34:36 | TestSub: S4 | Epoch 86/100 Finsh | Now_lr 0.0005/0.0005 | Train Loss 0.0124 | Valid Loss 0.0136 | Train Acc 99.5536 | Valid Acc 98.9583
2026-07-10 06:34:37 | TestSub: S4 | Epoch 87/100 Finsh | Now_lr 0.0005/0.0005 | Train Loss 0.0153 | Valid Loss 0.0335 | Train Acc 99.2188 | Valid Acc 98.9583
2026-07-10 06:34:38 | TestSub: S4 | Epoch 88/100 Finsh | Now_lr 0.0005/0.0005 | Train Loss 0.0094 | Valid Loss 0.0156 | Train Acc 99.8884 | Valid Acc 98.9583
2026-07-10 06:34:39 | TestSub: S4 | Epoch 89/100 Finsh | Now_lr 0.0005/0.0005 | Train Loss 0.0098 | Valid Loss 0.0114 | Train Acc 99.7768 | Valid Acc 100.0000
2026-07-10 06:34:40 | TestSub: S4 | Epoch 90/100 Finsh | Now_lr 0.0005/0.0005 | Train Loss 0.0140 | Valid Loss 0.0148 | Train Acc 99.6652 | Valid Acc 98.9583
2026-07-10 06:34:41 | TestSub: S4 | Epoch 91/100 Finsh | Now_lr 0.0005/0.0005 | Train Loss 0.0093 | Valid Loss 0.0239 | Train Acc 99.8884 | Valid Acc 98.9583
2026-07-10 06:34:42 | TestSub: S4 | Epoch 92/100 Finsh | Now_lr 0.0005/0.0005 | Train Loss 0.0067 | Valid Loss 0.0131 | Train Acc 100.0000 | Valid Acc 98.9583
2026-07-10 06:34:43 | TestSub: S4 | Epoch 93/100 Finsh | Now_lr 0.0005/0.0005 | Train Loss 0.0101 | Valid Loss 0.0161 | Train Acc 99.8884 | Valid Acc 98.9583
2026-07-10 06:34:44 | TestSub: S4 | Epoch 94/100 Finsh | Now_lr 0.0005/0.0005 | Train Loss 0.0058 | Valid Loss 0.0205 | Train Acc 100.0000 | Valid Acc 98.9583
2026-07-10 06:34:46 | TestSub: S4 | Epoch 95/100 Finsh | Now_lr 0.0005/0.0005 | Train Loss 0.0060 | Valid Loss 0.0221 | Train Acc 100.0000 | Valid Acc 98.9583
2026-07-10 06:34:47 | TestSub: S4 | Epoch 96/100 Finsh | Now_lr 0.0005/0.0005 | Train Loss 0.0124 | Valid Loss 0.0293 | Train Acc 99.5536 | Valid Acc 98.9583
2026-07-10 06:34:48 | TestSub: S4 | Epoch 97/100 Finsh | Now_lr 0.0005/0.0005 | Train Loss 0.0076 | Valid Loss 0.0106 | Train Acc 99.8884 | Valid Acc 100.0000
2026-07-10 06:34:48 | Validation loss decreased (0.011434 --> 0.010554) in epoch (97). Saving model ...
2026-07-10 06:34:49 | TestSub: S4 | Epoch 98/100 Finsh | Now_lr 0.0005/0.0005 | Train Loss 0.0051 | Valid Loss 0.0126 | Train Acc 99.8884 | Valid Acc 98.9583
2026-07-10 06:34:49 | TestSub: S4 | Epoch 99/100 Finsh | Now_lr 0.0005/0.0005 | Train Loss 0.0096 | Valid Loss 0.0104 | Train Acc 99.6652 | Valid Acc 100.0000
2026-07-10 06:34:49 | Validation loss decreased (0.010554 --> 0.010412) in epoch (99). Saving model ...
2026-07-10 06:34:50 | TestSub: S4 | Epoch 100/100 Finsh | Now_lr 0.0005/0.0005 | Train Loss 0.0062 | Valid Loss 0.0119 | Train Acc 100.0000 | Valid Acc 98.9583
2026-07-10 06:34:50 | --------------------------------------------------
2026-07-10 06:34:50 | Test_Subject :S4 | Best epoch:99 | Test Loss:0.1761 | Savemodel Acc 92.7083
2026-07-10 06:34:50 | --------------------------------------------------
2026-07-10 06:34:50 | Best epoch: 99 | Test acc: 92.7083
