2026-07-10 08:56:24 | Logging started: ./writer/Subject_dependent_AAD/DTU/2.0s/result//Train2.0s_sub4.log
2026-07-10 08:56:24 | Sub_id: 4
2026-07-10 08:56:26 | TestSub: S4 | Epoch  1/100 Finsh | Now_lr 0.0005/0.0005 | Train Loss 0.7109 | Valid Loss 0.6981 | Train Acc 52.0536 | Valid Acc 35.4167
2026-07-10 08:56:26 | Validation loss decreased (inf --> 0.698080) in epoch (1). Saving model ...
2026-07-10 08:56:26 | TestSub: S4 | Epoch  2/100 Finsh | Now_lr 0.0005/0.0005 | Train Loss 0.6915 | Valid Loss 0.7101 | Train Acc 53.0357 | Valid Acc 41.6667
2026-07-10 08:56:27 | TestSub: S4 | Epoch  3/100 Finsh | Now_lr 0.0005/0.0005 | Train Loss 0.6500 | Valid Loss 0.6710 | Train Acc 64.0179 | Valid Acc 61.4583
2026-07-10 08:56:27 | Validation loss decreased (0.698080 --> 0.671038) in epoch (3). Saving model ...
2026-07-10 08:56:27 | TestSub: S4 | Epoch  4/100 Finsh | Now_lr 0.0005/0.0005 | Train Loss 0.6256 | Valid Loss 0.6404 | Train Acc 66.0714 | Valid Acc 65.6250
2026-07-10 08:56:27 | Validation loss decreased (0.671038 --> 0.640371) in epoch (4). Saving model ...
2026-07-10 08:56:28 | TestSub: S4 | Epoch  5/100 Finsh | Now_lr 0.0005/0.0005 | Train Loss 0.5693 | Valid Loss 0.5726 | Train Acc 74.3750 | Valid Acc 75.0000
2026-07-10 08:56:28 | Validation loss decreased (0.640371 --> 0.572634) in epoch (5). Saving model ...
2026-07-10 08:56:29 | TestSub: S4 | Epoch  6/100 Finsh | Now_lr 0.0005/0.0005 | Train Loss 0.5133 | Valid Loss 0.5087 | Train Acc 78.1250 | Valid Acc 79.1667
2026-07-10 08:56:29 | Validation loss decreased (0.572634 --> 0.508674) in epoch (6). Saving model ...
2026-07-10 08:56:29 | TestSub: S4 | Epoch  7/100 Finsh | Now_lr 0.0005/0.0005 | Train Loss 0.4617 | Valid Loss 0.4862 | Train Acc 79.0179 | Valid Acc 79.1667
2026-07-10 08:56:29 | Validation loss decreased (0.508674 --> 0.486156) in epoch (7). Saving model ...
2026-07-10 08:56:30 | TestSub: S4 | Epoch  8/100 Finsh | Now_lr 0.0005/0.0005 | Train Loss 0.4332 | Valid Loss 0.4329 | Train Acc 80.2679 | Valid Acc 78.1250
2026-07-10 08:56:30 | Validation loss decreased (0.486156 --> 0.432894) in epoch (8). Saving model ...
2026-07-10 08:56:31 | TestSub: S4 | Epoch  9/100 Finsh | Now_lr 0.0005/0.0005 | Train Loss 0.3988 | Valid Loss 0.4368 | Train Acc 82.3214 | Valid Acc 78.1250
2026-07-10 08:56:31 | TestSub: S4 | Epoch 10/100 Finsh | Now_lr 0.0005/0.0005 | Train Loss 0.3784 | Valid Loss 0.4138 | Train Acc 83.4821 | Valid Acc 79.1667
2026-07-10 08:56:31 | Validation loss decreased (0.432894 --> 0.413756) in epoch (10). Saving model ...
2026-07-10 08:56:32 | TestSub: S4 | Epoch 11/100 Finsh | Now_lr 0.0005/0.0005 | Train Loss 0.3487 | Valid Loss 0.4071 | Train Acc 84.3750 | Valid Acc 82.2917
2026-07-10 08:56:32 | Validation loss decreased (0.413756 --> 0.407128) in epoch (11). Saving model ...
2026-07-10 08:56:32 | TestSub: S4 | Epoch 12/100 Finsh | Now_lr 0.0005/0.0005 | Train Loss 0.3340 | Valid Loss 0.4004 | Train Acc 87.1429 | Valid Acc 79.1667
2026-07-10 08:56:32 | Validation loss decreased (0.407128 --> 0.400422) in epoch (12). Saving model ...
2026-07-10 08:56:33 | TestSub: S4 | Epoch 13/100 Finsh | Now_lr 0.0005/0.0005 | Train Loss 0.3138 | Valid Loss 0.3919 | Train Acc 87.7679 | Valid Acc 79.1667
2026-07-10 08:56:33 | Validation loss decreased (0.400422 --> 0.391863) in epoch (13). Saving model ...
2026-07-10 08:56:33 | TestSub: S4 | Epoch 14/100 Finsh | Now_lr 0.0005/0.0005 | Train Loss 0.2930 | Valid Loss 0.3836 | Train Acc 89.1964 | Valid Acc 79.1667
2026-07-10 08:56:33 | Validation loss decreased (0.391863 --> 0.383574) in epoch (14). Saving model ...
2026-07-10 08:56:34 | TestSub: S4 | Epoch 15/100 Finsh | Now_lr 0.0005/0.0005 | Train Loss 0.2786 | Valid Loss 0.3567 | Train Acc 90.1786 | Valid Acc 83.3333
2026-07-10 08:56:34 | Validation loss decreased (0.383574 --> 0.356702) in epoch (15). Saving model ...
2026-07-10 08:56:35 | TestSub: S4 | Epoch 16/100 Finsh | Now_lr 0.0005/0.0005 | Train Loss 0.2700 | Valid Loss 0.3421 | Train Acc 90.3571 | Valid Acc 83.3333
2026-07-10 08:56:35 | Validation loss decreased (0.356702 --> 0.342059) in epoch (16). Saving model ...
2026-07-10 08:56:35 | TestSub: S4 | Epoch 17/100 Finsh | Now_lr 0.0005/0.0005 | Train Loss 0.2454 | Valid Loss 0.3386 | Train Acc 91.7857 | Valid Acc 83.3333
2026-07-10 08:56:35 | Validation loss decreased (0.342059 --> 0.338588) in epoch (17). Saving model ...
2026-07-10 08:56:36 | TestSub: S4 | Epoch 18/100 Finsh | Now_lr 0.0005/0.0005 | Train Loss 0.2342 | Valid Loss 0.3200 | Train Acc 90.4464 | Valid Acc 82.2917
2026-07-10 08:56:36 | Validation loss decreased (0.338588 --> 0.320030) in epoch (18). Saving model ...
2026-07-10 08:56:36 | TestSub: S4 | Epoch 19/100 Finsh | Now_lr 0.0005/0.0005 | Train Loss 0.2335 | Valid Loss 0.3185 | Train Acc 91.6964 | Valid Acc 86.4583
2026-07-10 08:56:36 | Validation loss decreased (0.320030 --> 0.318481) in epoch (19). Saving model ...
2026-07-10 08:56:37 | TestSub: S4 | Epoch 20/100 Finsh | Now_lr 0.0005/0.0005 | Train Loss 0.2226 | Valid Loss 0.3085 | Train Acc 91.6964 | Valid Acc 84.3750
2026-07-10 08:56:37 | Validation loss decreased (0.318481 --> 0.308512) in epoch (20). Saving model ...
2026-07-10 08:56:38 | TestSub: S4 | Epoch 21/100 Finsh | Now_lr 0.0005/0.0005 | Train Loss 0.2038 | Valid Loss 0.2882 | Train Acc 92.7679 | Valid Acc 86.4583
2026-07-10 08:56:38 | Validation loss decreased (0.308512 --> 0.288204) in epoch (21). Saving model ...
2026-07-10 08:56:38 | TestSub: S4 | Epoch 22/100 Finsh | Now_lr 0.0005/0.0005 | Train Loss 0.2022 | Valid Loss 0.2739 | Train Acc 93.0357 | Valid Acc 88.5417
2026-07-10 08:56:38 | Validation loss decreased (0.288204 --> 0.273901) in epoch (22). Saving model ...
2026-07-10 08:56:39 | TestSub: S4 | Epoch 23/100 Finsh | Now_lr 0.0005/0.0005 | Train Loss 0.1782 | Valid Loss 0.2583 | Train Acc 93.8393 | Valid Acc 87.5000
2026-07-10 08:56:39 | Validation loss decreased (0.273901 --> 0.258342) in epoch (23). Saving model ...
2026-07-10 08:56:39 | TestSub: S4 | Epoch 24/100 Finsh | Now_lr 0.0005/0.0005 | Train Loss 0.1911 | Valid Loss 0.2421 | Train Acc 92.6786 | Valid Acc 88.5417
2026-07-10 08:56:39 | Validation loss decreased (0.258342 --> 0.242065) in epoch (24). Saving model ...
2026-07-10 08:56:40 | TestSub: S4 | Epoch 25/100 Finsh | Now_lr 0.0005/0.0005 | Train Loss 0.1772 | Valid Loss 0.2431 | Train Acc 94.1964 | Valid Acc 91.6667
2026-07-10 08:56:40 | TestSub: S4 | Epoch 26/100 Finsh | Now_lr 0.0005/0.0005 | Train Loss 0.1474 | Valid Loss 0.2392 | Train Acc 96.1607 | Valid Acc 89.5833
2026-07-10 08:56:40 | Validation loss decreased (0.242065 --> 0.239225) in epoch (26). Saving model ...
2026-07-10 08:56:41 | TestSub: S4 | Epoch 27/100 Finsh | Now_lr 0.0005/0.0005 | Train Loss 0.1459 | Valid Loss 0.2208 | Train Acc 95.4464 | Valid Acc 91.6667
2026-07-10 08:56:41 | Validation loss decreased (0.239225 --> 0.220804) in epoch (27). Saving model ...
2026-07-10 08:56:41 | TestSub: S4 | Epoch 28/100 Finsh | Now_lr 0.0005/0.0005 | Train Loss 0.1555 | Valid Loss 0.2011 | Train Acc 95.1786 | Valid Acc 91.6667
2026-07-10 08:56:41 | Validation loss decreased (0.220804 --> 0.201124) in epoch (28). Saving model ...
2026-07-10 08:56:42 | TestSub: S4 | Epoch 29/100 Finsh | Now_lr 0.0005/0.0005 | Train Loss 0.1401 | Valid Loss 0.1993 | Train Acc 95.2679 | Valid Acc 93.7500
2026-07-10 08:56:42 | Validation loss decreased (0.201124 --> 0.199275) in epoch (29). Saving model ...
2026-07-10 08:56:43 | TestSub: S4 | Epoch 30/100 Finsh | Now_lr 0.0005/0.0005 | Train Loss 0.1404 | Valid Loss 0.2063 | Train Acc 95.7143 | Valid Acc 90.6250
2026-07-10 08:56:43 | TestSub: S4 | Epoch 31/100 Finsh | Now_lr 0.0005/0.0005 | Train Loss 0.1258 | Valid Loss 0.1945 | Train Acc 96.0714 | Valid Acc 92.7083
2026-07-10 08:56:43 | Validation loss decreased (0.199275 --> 0.194528) in epoch (31). Saving model ...
2026-07-10 08:56:44 | TestSub: S4 | Epoch 32/100 Finsh | Now_lr 0.0005/0.0005 | Train Loss 0.1105 | Valid Loss 0.1883 | Train Acc 97.5000 | Valid Acc 92.7083
2026-07-10 08:56:44 | Validation loss decreased (0.194528 --> 0.188347) in epoch (32). Saving model ...
2026-07-10 08:56:44 | TestSub: S4 | Epoch 33/100 Finsh | Now_lr 0.0005/0.0005 | Train Loss 0.1151 | Valid Loss 0.1871 | Train Acc 96.7857 | Valid Acc 91.6667
2026-07-10 08:56:44 | Validation loss decreased (0.188347 --> 0.187126) in epoch (33). Saving model ...
2026-07-10 08:56:45 | TestSub: S4 | Epoch 34/100 Finsh | Now_lr 0.0005/0.0005 | Train Loss 0.1184 | Valid Loss 0.1956 | Train Acc 95.9821 | Valid Acc 90.6250
2026-07-10 08:56:45 | TestSub: S4 | Epoch 35/100 Finsh | Now_lr 0.0005/0.0005 | Train Loss 0.1049 | Valid Loss 0.1730 | Train Acc 97.4107 | Valid Acc 93.7500
2026-07-10 08:56:45 | Validation loss decreased (0.187126 --> 0.173025) in epoch (35). Saving model ...
2026-07-10 08:56:46 | TestSub: S4 | Epoch 36/100 Finsh | Now_lr 0.0005/0.0005 | Train Loss 0.1017 | Valid Loss 0.1524 | Train Acc 96.6964 | Valid Acc 95.8333
2026-07-10 08:56:46 | Validation loss decreased (0.173025 --> 0.152432) in epoch (36). Saving model ...
2026-07-10 08:56:46 | TestSub: S4 | Epoch 37/100 Finsh | Now_lr 0.0005/0.0005 | Train Loss 0.1027 | Valid Loss 0.1680 | Train Acc 97.4107 | Valid Acc 92.7083
2026-07-10 08:56:47 | TestSub: S4 | Epoch 38/100 Finsh | Now_lr 0.0005/0.0005 | Train Loss 0.1051 | Valid Loss 0.1747 | Train Acc 96.9643 | Valid Acc 90.6250
2026-07-10 08:56:47 | TestSub: S4 | Epoch 39/100 Finsh | Now_lr 0.0005/0.0005 | Train Loss 0.0915 | Valid Loss 0.1553 | Train Acc 97.7679 | Valid Acc 92.7083
2026-07-10 08:56:48 | TestSub: S4 | Epoch 40/100 Finsh | Now_lr 0.0005/0.0005 | Train Loss 0.0876 | Valid Loss 0.1582 | Train Acc 98.2143 | Valid Acc 93.7500
2026-07-10 08:56:48 | TestSub: S4 | Epoch 41/100 Finsh | Now_lr 0.0005/0.0005 | Train Loss 0.0915 | Valid Loss 0.1428 | Train Acc 97.4107 | Valid Acc 94.7917
2026-07-10 08:56:48 | Validation loss decreased (0.152432 --> 0.142802) in epoch (41). Saving model ...
2026-07-10 08:56:49 | TestSub: S4 | Epoch 42/100 Finsh | Now_lr 0.0005/0.0005 | Train Loss 0.0810 | Valid Loss 0.1473 | Train Acc 98.3036 | Valid Acc 94.7917
2026-07-10 08:56:50 | TestSub: S4 | Epoch 43/100 Finsh | Now_lr 0.0005/0.0005 | Train Loss 0.0875 | Valid Loss 0.1461 | Train Acc 97.1429 | Valid Acc 93.7500
2026-07-10 08:56:50 | TestSub: S4 | Epoch 44/100 Finsh | Now_lr 0.0005/0.0005 | Train Loss 0.0786 | Valid Loss 0.1352 | Train Acc 97.9464 | Valid Acc 94.7917
2026-07-10 08:56:50 | Validation loss decreased (0.142802 --> 0.135160) in epoch (44). Saving model ...
2026-07-10 08:56:51 | TestSub: S4 | Epoch 45/100 Finsh | Now_lr 0.0005/0.0005 | Train Loss 0.0677 | Valid Loss 0.1252 | Train Acc 98.8393 | Valid Acc 95.8333
2026-07-10 08:56:51 | Validation loss decreased (0.135160 --> 0.125152) in epoch (45). Saving model ...
2026-07-10 08:56:51 | TestSub: S4 | Epoch 46/100 Finsh | Now_lr 0.0005/0.0005 | Train Loss 0.0683 | Valid Loss 0.1468 | Train Acc 98.9286 | Valid Acc 94.7917
2026-07-10 08:56:52 | TestSub: S4 | Epoch 47/100 Finsh | Now_lr 0.0005/0.0005 | Train Loss 0.0678 | Valid Loss 0.1487 | Train Acc 98.5714 | Valid Acc 93.7500
2026-07-10 08:56:52 | TestSub: S4 | Epoch 48/100 Finsh | Now_lr 0.0005/0.0005 | Train Loss 0.0723 | Valid Loss 0.1275 | Train Acc 98.4821 | Valid Acc 95.8333
2026-07-10 08:56:53 | TestSub: S4 | Epoch 49/100 Finsh | Now_lr 0.0005/0.0005 | Train Loss 0.0680 | Valid Loss 0.1308 | Train Acc 98.3929 | Valid Acc 94.7917
2026-07-10 08:56:53 | TestSub: S4 | Epoch 50/100 Finsh | Now_lr 0.0005/0.0005 | Train Loss 0.0583 | Valid Loss 0.1247 | Train Acc 99.0179 | Valid Acc 93.7500
2026-07-10 08:56:53 | Validation loss decreased (0.125152 --> 0.124704) in epoch (50). Saving model ...
2026-07-10 08:56:54 | TestSub: S4 | Epoch 51/100 Finsh | Now_lr 0.0005/0.0005 | Train Loss 0.0513 | Valid Loss 0.1011 | Train Acc 99.0179 | Valid Acc 96.8750
2026-07-10 08:56:54 | Validation loss decreased (0.124704 --> 0.101098) in epoch (51). Saving model ...
2026-07-10 08:56:54 | TestSub: S4 | Epoch 52/100 Finsh | Now_lr 0.0005/0.0005 | Train Loss 0.0626 | Valid Loss 0.1290 | Train Acc 98.3929 | Valid Acc 92.7083
2026-07-10 08:56:55 | TestSub: S4 | Epoch 53/100 Finsh | Now_lr 0.0005/0.0005 | Train Loss 0.0591 | Valid Loss 0.1010 | Train Acc 98.6607 | Valid Acc 95.8333
2026-07-10 08:56:55 | Validation loss decreased (0.101098 --> 0.100953) in epoch (53). Saving model ...
2026-07-10 08:56:55 | TestSub: S4 | Epoch 54/100 Finsh | Now_lr 0.0005/0.0005 | Train Loss 0.0641 | Valid Loss 0.1261 | Train Acc 98.5714 | Valid Acc 92.7083
2026-07-10 08:56:56 | TestSub: S4 | Epoch 55/100 Finsh | Now_lr 0.0005/0.0005 | Train Loss 0.0611 | Valid Loss 0.1060 | Train Acc 98.5714 | Valid Acc 96.8750
2026-07-10 08:56:56 | TestSub: S4 | Epoch 56/100 Finsh | Now_lr 0.0005/0.0005 | Train Loss 0.0547 | Valid Loss 0.1004 | Train Acc 98.6607 | Valid Acc 96.8750
2026-07-10 08:56:56 | Validation loss decreased (0.100953 --> 0.100395) in epoch (56). Saving model ...
2026-07-10 08:56:57 | TestSub: S4 | Epoch 57/100 Finsh | Now_lr 0.0005/0.0005 | Train Loss 0.0556 | Valid Loss 0.0811 | Train Acc 98.5714 | Valid Acc 96.8750
2026-07-10 08:56:57 | Validation loss decreased (0.100395 --> 0.081067) in epoch (57). Saving model ...
2026-07-10 08:56:58 | TestSub: S4 | Epoch 58/100 Finsh | Now_lr 0.0005/0.0005 | Train Loss 0.0461 | Valid Loss 0.1221 | Train Acc 99.6429 | Valid Acc 94.7917
2026-07-10 08:56:58 | TestSub: S4 | Epoch 59/100 Finsh | Now_lr 0.0005/0.0005 | Train Loss 0.0449 | Valid Loss 0.0938 | Train Acc 99.3750 | Valid Acc 96.8750
2026-07-10 08:56:59 | TestSub: S4 | Epoch 60/100 Finsh | Now_lr 0.0005/0.0005 | Train Loss 0.0461 | Valid Loss 0.0786 | Train Acc 99.1071 | Valid Acc 96.8750
2026-07-10 08:56:59 | Validation loss decreased (0.081067 --> 0.078563) in epoch (60). Saving model ...
2026-07-10 08:56:59 | TestSub: S4 | Epoch 61/100 Finsh | Now_lr 0.0005/0.0005 | Train Loss 0.0434 | Valid Loss 0.0760 | Train Acc 99.1071 | Valid Acc 95.8333
2026-07-10 08:56:59 | Validation loss decreased (0.078563 --> 0.076020) in epoch (61). Saving model ...
2026-07-10 08:57:00 | TestSub: S4 | Epoch 62/100 Finsh | Now_lr 0.0005/0.0005 | Train Loss 0.0442 | Valid Loss 0.0640 | Train Acc 99.0179 | Valid Acc 97.9167
2026-07-10 08:57:00 | Validation loss decreased (0.076020 --> 0.064017) in epoch (62). Saving model ...
2026-07-10 08:57:00 | TestSub: S4 | Epoch 63/100 Finsh | Now_lr 0.0005/0.0005 | Train Loss 0.0570 | Valid Loss 0.0656 | Train Acc 98.1250 | Valid Acc 97.9167
2026-07-10 08:57:01 | TestSub: S4 | Epoch 64/100 Finsh | Now_lr 0.0005/0.0005 | Train Loss 0.0491 | Valid Loss 0.0772 | Train Acc 99.1071 | Valid Acc 94.7917
2026-07-10 08:57:01 | TestSub: S4 | Epoch 65/100 Finsh | Now_lr 0.0005/0.0005 | Train Loss 0.0584 | Valid Loss 0.1032 | Train Acc 98.7500 | Valid Acc 93.7500
2026-07-10 08:57:02 | TestSub: S4 | Epoch 66/100 Finsh | Now_lr 0.0005/0.0005 | Train Loss 0.0527 | Valid Loss 0.0962 | Train Acc 98.5714 | Valid Acc 94.7917
2026-07-10 08:57:02 | TestSub: S4 | Epoch 67/100 Finsh | Now_lr 0.0005/0.0005 | Train Loss 0.0475 | Valid Loss 0.0916 | Train Acc 98.5714 | Valid Acc 96.8750
2026-07-10 08:57:03 | TestSub: S4 | Epoch 68/100 Finsh | Now_lr 0.0005/0.0005 | Train Loss 0.0514 | Valid Loss 0.1029 | Train Acc 99.0179 | Valid Acc 94.7917
2026-07-10 08:57:03 | TestSub: S4 | Epoch 69/100 Finsh | Now_lr 0.0005/0.0005 | Train Loss 0.0607 | Valid Loss 0.0778 | Train Acc 98.3036 | Valid Acc 97.9167
2026-07-10 08:57:04 | TestSub: S4 | Epoch 70/100 Finsh | Now_lr 0.0005/0.0005 | Train Loss 0.0483 | Valid Loss 0.0680 | Train Acc 99.2857 | Valid Acc 97.9167
2026-07-10 08:57:04 | TestSub: S4 | Epoch 71/100 Finsh | Now_lr 0.0005/0.0005 | Train Loss 0.0467 | Valid Loss 0.0665 | Train Acc 98.8393 | Valid Acc 98.9583
2026-07-10 08:57:05 | TestSub: S4 | Epoch 72/100 Finsh | Now_lr 0.0005/0.0005 | Train Loss 0.0374 | Valid Loss 0.0642 | Train Acc 99.3750 | Valid Acc 98.9583
2026-07-10 08:57:05 | TestSub: S4 | Epoch 73/100 Finsh | Now_lr 0.0005/0.0005 | Train Loss 0.0381 | Valid Loss 0.0512 | Train Acc 99.2857 | Valid Acc 98.9583
2026-07-10 08:57:05 | Validation loss decreased (0.064017 --> 0.051173) in epoch (73). Saving model ...
2026-07-10 08:57:06 | TestSub: S4 | Epoch 74/100 Finsh | Now_lr 0.0005/0.0005 | Train Loss 0.0415 | Valid Loss 0.0787 | Train Acc 99.0179 | Valid Acc 94.7917
2026-07-10 08:57:06 | TestSub: S4 | Epoch 75/100 Finsh | Now_lr 0.0005/0.0005 | Train Loss 0.0369 | Valid Loss 0.0610 | Train Acc 99.1964 | Valid Acc 97.9167
2026-07-10 08:57:07 | TestSub: S4 | Epoch 76/100 Finsh | Now_lr 0.0005/0.0005 | Train Loss 0.0377 | Valid Loss 0.0632 | Train Acc 99.1964 | Valid Acc 98.9583
2026-07-10 08:57:07 | TestSub: S4 | Epoch 77/100 Finsh | Now_lr 0.0005/0.0005 | Train Loss 0.0455 | Valid Loss 0.0650 | Train Acc 98.6607 | Valid Acc 98.9583
2026-07-10 08:57:08 | TestSub: S4 | Epoch 78/100 Finsh | Now_lr 0.0005/0.0005 | Train Loss 0.0448 | Valid Loss 0.0574 | Train Acc 99.2857 | Valid Acc 97.9167
2026-07-10 08:57:08 | TestSub: S4 | Epoch 79/100 Finsh | Now_lr 0.0005/0.0005 | Train Loss 0.0476 | Valid Loss 0.0661 | Train Acc 98.6607 | Valid Acc 97.9167
2026-07-10 08:57:09 | TestSub: S4 | Epoch 80/100 Finsh | Now_lr 0.0005/0.0005 | Train Loss 0.0338 | Valid Loss 0.0678 | Train Acc 99.5536 | Valid Acc 96.8750
2026-07-10 08:57:10 | TestSub: S4 | Epoch 81/100 Finsh | Now_lr 0.0005/0.0005 | Train Loss 0.0412 | Valid Loss 0.0559 | Train Acc 99.2857 | Valid Acc 96.8750
2026-07-10 08:57:10 | TestSub: S4 | Epoch 82/100 Finsh | Now_lr 0.0005/0.0005 | Train Loss 0.0367 | Valid Loss 0.0492 | Train Acc 99.1071 | Valid Acc 100.0000
2026-07-10 08:57:10 | Validation loss decreased (0.051173 --> 0.049162) in epoch (82). Saving model ...
2026-07-10 08:57:11 | TestSub: S4 | Epoch 83/100 Finsh | Now_lr 0.0005/0.0005 | Train Loss 0.0427 | Valid Loss 0.0526 | Train Acc 98.6607 | Valid Acc 98.9583
2026-07-10 08:57:11 | TestSub: S4 | Epoch 84/100 Finsh | Now_lr 0.0005/0.0005 | Train Loss 0.0381 | Valid Loss 0.0663 | Train Acc 98.8393 | Valid Acc 96.8750
2026-07-10 08:57:12 | TestSub: S4 | Epoch 85/100 Finsh | Now_lr 0.0005/0.0005 | Train Loss 0.0462 | Valid Loss 0.0652 | Train Acc 98.8393 | Valid Acc 96.8750
2026-07-10 08:57:12 | TestSub: S4 | Epoch 86/100 Finsh | Now_lr 0.0005/0.0005 | Train Loss 0.0391 | Valid Loss 0.0598 | Train Acc 98.9286 | Valid Acc 96.8750
2026-07-10 08:57:13 | TestSub: S4 | Epoch 87/100 Finsh | Now_lr 0.0005/0.0005 | Train Loss 0.0349 | Valid Loss 0.0656 | Train Acc 99.1964 | Valid Acc 98.9583
2026-07-10 08:57:13 | TestSub: S4 | Epoch 88/100 Finsh | Now_lr 0.0005/0.0005 | Train Loss 0.0372 | Valid Loss 0.0600 | Train Acc 99.0179 | Valid Acc 97.9167
2026-07-10 08:57:14 | TestSub: S4 | Epoch 89/100 Finsh | Now_lr 0.0005/0.0005 | Train Loss 0.0351 | Valid Loss 0.0607 | Train Acc 99.1071 | Valid Acc 97.9167
2026-07-10 08:57:14 | TestSub: S4 | Epoch 90/100 Finsh | Now_lr 0.0005/0.0005 | Train Loss 0.0309 | Valid Loss 0.0631 | Train Acc 99.1964 | Valid Acc 96.8750
2026-07-10 08:57:15 | TestSub: S4 | Epoch 91/100 Finsh | Now_lr 0.0005/0.0005 | Train Loss 0.0331 | Valid Loss 0.0798 | Train Acc 99.4643 | Valid Acc 96.8750
2026-07-10 08:57:15 | TestSub: S4 | Epoch 92/100 Finsh | Now_lr 0.0005/0.0005 | Train Loss 0.0283 | Valid Loss 0.0565 | Train Acc 99.2857 | Valid Acc 96.8750
2026-07-10 08:57:16 | TestSub: S4 | Epoch 93/100 Finsh | Now_lr 0.0005/0.0005 | Train Loss 0.0433 | Valid Loss 0.0549 | Train Acc 98.9286 | Valid Acc 96.8750
2026-07-10 08:57:16 | TestSub: S4 | Epoch 94/100 Finsh | Now_lr 0.0005/0.0005 | Train Loss 0.0376 | Valid Loss 0.0537 | Train Acc 98.9286 | Valid Acc 96.8750
2026-07-10 08:57:17 | TestSub: S4 | Epoch 95/100 Finsh | Now_lr 0.0005/0.0005 | Train Loss 0.0294 | Valid Loss 0.0640 | Train Acc 99.2857 | Valid Acc 96.8750
2026-07-10 08:57:17 | TestSub: S4 | Epoch 96/100 Finsh | Now_lr 0.0005/0.0005 | Train Loss 0.0303 | Valid Loss 0.0528 | Train Acc 99.2857 | Valid Acc 96.8750
2026-07-10 08:57:18 | TestSub: S4 | Epoch 97/100 Finsh | Now_lr 0.0005/0.0005 | Train Loss 0.0289 | Valid Loss 0.0529 | Train Acc 99.2857 | Valid Acc 96.8750
2026-07-10 08:57:18 | TestSub: S4 | Epoch 98/100 Finsh | Now_lr 0.0005/0.0005 | Train Loss 0.0338 | Valid Loss 0.0442 | Train Acc 99.1071 | Valid Acc 98.9583
2026-07-10 08:57:18 | Validation loss decreased (0.049162 --> 0.044241) in epoch (98). Saving model ...
2026-07-10 08:57:19 | TestSub: S4 | Epoch 99/100 Finsh | Now_lr 0.0005/0.0005 | Train Loss 0.0274 | Valid Loss 0.0442 | Train Acc 99.6429 | Valid Acc 98.9583
2026-07-10 08:57:19 | Validation loss decreased (0.044241 --> 0.044221) in epoch (99). Saving model ...
2026-07-10 08:57:20 | TestSub: S4 | Epoch 100/100 Finsh | Now_lr 0.0005/0.0005 | Train Loss 0.0360 | Valid Loss 0.0496 | Train Acc 99.1071 | Valid Acc 98.9583
2026-07-10 08:57:20 | --------------------------------------------------
2026-07-10 08:57:20 | Test_Subject :S4 | Best epoch:99 | Test Loss:0.2344 | Savemodel Acc 91.2500
2026-07-10 08:57:20 | --------------------------------------------------
2026-07-10 08:57:20 | Best epoch: 99 | Test acc: 91.2500
