2026-07-10 09:01:01 | Logging started: ./writer/Subject_dependent_AAD/DTU/2.0s/result//Train2.0s_sub9.log
2026-07-10 09:01:01 | Sub_id: 9
2026-07-10 09:01:03 | TestSub: S9 | Epoch  1/100 Finsh | Now_lr 0.0005/0.0005 | Train Loss 0.7006 | Valid Loss 0.6832 | Train Acc 52.2321 | Valid Acc 57.2917
2026-07-10 09:01:03 | Validation loss decreased (inf --> 0.683245) in epoch (1). Saving model ...
2026-07-10 09:01:03 | TestSub: S9 | Epoch  2/100 Finsh | Now_lr 0.0005/0.0005 | Train Loss 0.6796 | Valid Loss 0.6803 | Train Acc 55.8929 | Valid Acc 57.2917
2026-07-10 09:01:04 | Validation loss decreased (0.683245 --> 0.680329) in epoch (2). Saving model ...
2026-07-10 09:01:05 | TestSub: S9 | Epoch  3/100 Finsh | Now_lr 0.0005/0.0005 | Train Loss 0.6657 | Valid Loss 0.6645 | Train Acc 59.9107 | Valid Acc 62.5000
2026-07-10 09:01:05 | Validation loss decreased (0.680329 --> 0.664487) in epoch (3). Saving model ...
2026-07-10 09:01:06 | TestSub: S9 | Epoch  4/100 Finsh | Now_lr 0.0005/0.0005 | Train Loss 0.6366 | Valid Loss 0.6416 | Train Acc 66.9643 | Valid Acc 65.6250
2026-07-10 09:01:06 | Validation loss decreased (0.664487 --> 0.641562) in epoch (4). Saving model ...
2026-07-10 09:01:06 | TestSub: S9 | Epoch  5/100 Finsh | Now_lr 0.0005/0.0005 | Train Loss 0.6002 | Valid Loss 0.6000 | Train Acc 69.9107 | Valid Acc 70.8333
2026-07-10 09:01:06 | Validation loss decreased (0.641562 --> 0.600000) in epoch (5). Saving model ...
2026-07-10 09:01:07 | TestSub: S9 | Epoch  6/100 Finsh | Now_lr 0.0005/0.0005 | Train Loss 0.5708 | Valid Loss 0.5676 | Train Acc 71.9643 | Valid Acc 77.0833
2026-07-10 09:01:07 | Validation loss decreased (0.600000 --> 0.567621) in epoch (6). Saving model ...
2026-07-10 09:01:07 | TestSub: S9 | Epoch  7/100 Finsh | Now_lr 0.0005/0.0005 | Train Loss 0.5394 | Valid Loss 0.5326 | Train Acc 74.0179 | Valid Acc 78.1250
2026-07-10 09:01:07 | Validation loss decreased (0.567621 --> 0.532646) in epoch (7). Saving model ...
2026-07-10 09:01:08 | TestSub: S9 | Epoch  8/100 Finsh | Now_lr 0.0005/0.0005 | Train Loss 0.5089 | Valid Loss 0.5075 | Train Acc 75.8036 | Valid Acc 76.0417
2026-07-10 09:01:08 | Validation loss decreased (0.532646 --> 0.507485) in epoch (8). Saving model ...
2026-07-10 09:01:09 | TestSub: S9 | Epoch  9/100 Finsh | Now_lr 0.0005/0.0005 | Train Loss 0.4956 | Valid Loss 0.4901 | Train Acc 77.6786 | Valid Acc 83.3333
2026-07-10 09:01:09 | Validation loss decreased (0.507485 --> 0.490078) in epoch (9). Saving model ...
2026-07-10 09:01:09 | TestSub: S9 | Epoch 10/100 Finsh | Now_lr 0.0005/0.0005 | Train Loss 0.4817 | Valid Loss 0.4646 | Train Acc 76.9643 | Valid Acc 80.2083
2026-07-10 09:01:09 | Validation loss decreased (0.490078 --> 0.464575) in epoch (10). Saving model ...
2026-07-10 09:01:10 | TestSub: S9 | Epoch 11/100 Finsh | Now_lr 0.0005/0.0005 | Train Loss 0.4626 | Valid Loss 0.4611 | Train Acc 77.7679 | Valid Acc 80.2083
2026-07-10 09:01:10 | Validation loss decreased (0.464575 --> 0.461093) in epoch (11). Saving model ...
2026-07-10 09:01:10 | TestSub: S9 | Epoch 12/100 Finsh | Now_lr 0.0005/0.0005 | Train Loss 0.4359 | Valid Loss 0.4384 | Train Acc 80.8036 | Valid Acc 85.4167
2026-07-10 09:01:10 | Validation loss decreased (0.461093 --> 0.438367) in epoch (12). Saving model ...
2026-07-10 09:01:11 | TestSub: S9 | Epoch 13/100 Finsh | Now_lr 0.0005/0.0005 | Train Loss 0.4350 | Valid Loss 0.4273 | Train Acc 80.5357 | Valid Acc 84.3750
2026-07-10 09:01:11 | Validation loss decreased (0.438367 --> 0.427321) in epoch (13). Saving model ...
2026-07-10 09:01:12 | TestSub: S9 | Epoch 14/100 Finsh | Now_lr 0.0005/0.0005 | Train Loss 0.4112 | Valid Loss 0.4040 | Train Acc 82.3214 | Valid Acc 85.4167
2026-07-10 09:01:12 | Validation loss decreased (0.427321 --> 0.404008) in epoch (14). Saving model ...
2026-07-10 09:01:12 | TestSub: S9 | Epoch 15/100 Finsh | Now_lr 0.0005/0.0005 | Train Loss 0.4000 | Valid Loss 0.3871 | Train Acc 83.4821 | Valid Acc 81.2500
2026-07-10 09:01:12 | Validation loss decreased (0.404008 --> 0.387096) in epoch (15). Saving model ...
2026-07-10 09:01:13 | TestSub: S9 | Epoch 16/100 Finsh | Now_lr 0.0005/0.0005 | Train Loss 0.3875 | Valid Loss 0.3740 | Train Acc 84.1071 | Valid Acc 85.4167
2026-07-10 09:01:13 | Validation loss decreased (0.387096 --> 0.374036) in epoch (16). Saving model ...
2026-07-10 09:01:13 | TestSub: S9 | Epoch 17/100 Finsh | Now_lr 0.0005/0.0005 | Train Loss 0.3700 | Valid Loss 0.3634 | Train Acc 84.5536 | Valid Acc 86.4583
2026-07-10 09:01:13 | Validation loss decreased (0.374036 --> 0.363417) in epoch (17). Saving model ...
2026-07-10 09:01:14 | TestSub: S9 | Epoch 18/100 Finsh | Now_lr 0.0005/0.0005 | Train Loss 0.3666 | Valid Loss 0.3592 | Train Acc 84.7321 | Valid Acc 85.4167
2026-07-10 09:01:14 | Validation loss decreased (0.363417 --> 0.359230) in epoch (18). Saving model ...
2026-07-10 09:01:15 | TestSub: S9 | Epoch 19/100 Finsh | Now_lr 0.0005/0.0005 | Train Loss 0.3381 | Valid Loss 0.3436 | Train Acc 86.5179 | Valid Acc 85.4167
2026-07-10 09:01:15 | Validation loss decreased (0.359230 --> 0.343561) in epoch (19). Saving model ...
2026-07-10 09:01:15 | TestSub: S9 | Epoch 20/100 Finsh | Now_lr 0.0005/0.0005 | Train Loss 0.3341 | Valid Loss 0.3175 | Train Acc 87.3214 | Valid Acc 85.4167
2026-07-10 09:01:15 | Validation loss decreased (0.343561 --> 0.317497) in epoch (20). Saving model ...
2026-07-10 09:01:16 | TestSub: S9 | Epoch 21/100 Finsh | Now_lr 0.0005/0.0005 | Train Loss 0.3281 | Valid Loss 0.3091 | Train Acc 87.3214 | Valid Acc 85.4167
2026-07-10 09:01:16 | Validation loss decreased (0.317497 --> 0.309074) in epoch (21). Saving model ...
2026-07-10 09:01:16 | TestSub: S9 | Epoch 22/100 Finsh | Now_lr 0.0005/0.0005 | Train Loss 0.3059 | Valid Loss 0.3048 | Train Acc 88.0357 | Valid Acc 87.5000
2026-07-10 09:01:16 | Validation loss decreased (0.309074 --> 0.304800) in epoch (22). Saving model ...
2026-07-10 09:01:17 | TestSub: S9 | Epoch 23/100 Finsh | Now_lr 0.0005/0.0005 | Train Loss 0.2985 | Valid Loss 0.2784 | Train Acc 87.4107 | Valid Acc 89.5833
2026-07-10 09:01:17 | Validation loss decreased (0.304800 --> 0.278374) in epoch (23). Saving model ...
2026-07-10 09:01:17 | TestSub: S9 | Epoch 24/100 Finsh | Now_lr 0.0005/0.0005 | Train Loss 0.2846 | Valid Loss 0.2763 | Train Acc 89.0179 | Valid Acc 89.5833
2026-07-10 09:01:17 | Validation loss decreased (0.278374 --> 0.276283) in epoch (24). Saving model ...
2026-07-10 09:01:18 | TestSub: S9 | Epoch 25/100 Finsh | Now_lr 0.0005/0.0005 | Train Loss 0.2845 | Valid Loss 0.2624 | Train Acc 88.9286 | Valid Acc 90.6250
2026-07-10 09:01:18 | Validation loss decreased (0.276283 --> 0.262437) in epoch (25). Saving model ...
2026-07-10 09:01:19 | TestSub: S9 | Epoch 26/100 Finsh | Now_lr 0.0005/0.0005 | Train Loss 0.2538 | Valid Loss 0.2439 | Train Acc 90.9821 | Valid Acc 88.5417
2026-07-10 09:01:19 | Validation loss decreased (0.262437 --> 0.243911) in epoch (26). Saving model ...
2026-07-10 09:01:19 | TestSub: S9 | Epoch 27/100 Finsh | Now_lr 0.0005/0.0005 | Train Loss 0.2532 | Valid Loss 0.2411 | Train Acc 91.2500 | Valid Acc 92.7083
2026-07-10 09:01:19 | Validation loss decreased (0.243911 --> 0.241057) in epoch (27). Saving model ...
2026-07-10 09:01:20 | TestSub: S9 | Epoch 28/100 Finsh | Now_lr 0.0005/0.0005 | Train Loss 0.2564 | Valid Loss 0.2289 | Train Acc 89.9107 | Valid Acc 92.7083
2026-07-10 09:01:20 | Validation loss decreased (0.241057 --> 0.228943) in epoch (28). Saving model ...
2026-07-10 09:01:20 | TestSub: S9 | Epoch 29/100 Finsh | Now_lr 0.0005/0.0005 | Train Loss 0.2231 | Valid Loss 0.2286 | Train Acc 92.1429 | Valid Acc 89.5833
2026-07-10 09:01:20 | Validation loss decreased (0.228943 --> 0.228610) in epoch (29). Saving model ...
2026-07-10 09:01:21 | TestSub: S9 | Epoch 30/100 Finsh | Now_lr 0.0005/0.0005 | Train Loss 0.2187 | Valid Loss 0.2068 | Train Acc 92.5000 | Valid Acc 94.7917
2026-07-10 09:01:21 | Validation loss decreased (0.228610 --> 0.206763) in epoch (30). Saving model ...
2026-07-10 09:01:22 | TestSub: S9 | Epoch 31/100 Finsh | Now_lr 0.0005/0.0005 | Train Loss 0.2236 | Valid Loss 0.2084 | Train Acc 92.2321 | Valid Acc 93.7500
2026-07-10 09:01:22 | TestSub: S9 | Epoch 32/100 Finsh | Now_lr 0.0005/0.0005 | Train Loss 0.2202 | Valid Loss 0.1996 | Train Acc 92.1429 | Valid Acc 94.7917
2026-07-10 09:01:22 | Validation loss decreased (0.206763 --> 0.199592) in epoch (32). Saving model ...
2026-07-10 09:01:23 | TestSub: S9 | Epoch 33/100 Finsh | Now_lr 0.0005/0.0005 | Train Loss 0.1988 | Valid Loss 0.1887 | Train Acc 93.7500 | Valid Acc 94.7917
2026-07-10 09:01:23 | Validation loss decreased (0.199592 --> 0.188675) in epoch (33). Saving model ...
2026-07-10 09:01:23 | TestSub: S9 | Epoch 34/100 Finsh | Now_lr 0.0005/0.0005 | Train Loss 0.1946 | Valid Loss 0.1668 | Train Acc 93.4821 | Valid Acc 95.8333
2026-07-10 09:01:23 | Validation loss decreased (0.188675 --> 0.166790) in epoch (34). Saving model ...
2026-07-10 09:01:24 | TestSub: S9 | Epoch 35/100 Finsh | Now_lr 0.0005/0.0005 | Train Loss 0.1855 | Valid Loss 0.1688 | Train Acc 94.0179 | Valid Acc 95.8333
2026-07-10 09:01:24 | TestSub: S9 | Epoch 36/100 Finsh | Now_lr 0.0005/0.0005 | Train Loss 0.1727 | Valid Loss 0.1571 | Train Acc 93.9286 | Valid Acc 94.7917
2026-07-10 09:01:24 | Validation loss decreased (0.166790 --> 0.157086) in epoch (36). Saving model ...
2026-07-10 09:01:25 | TestSub: S9 | Epoch 37/100 Finsh | Now_lr 0.0005/0.0005 | Train Loss 0.1805 | Valid Loss 0.1610 | Train Acc 94.4643 | Valid Acc 97.9167
2026-07-10 09:01:25 | TestSub: S9 | Epoch 38/100 Finsh | Now_lr 0.0005/0.0005 | Train Loss 0.1851 | Valid Loss 0.1558 | Train Acc 93.3929 | Valid Acc 96.8750
2026-07-10 09:01:25 | Validation loss decreased (0.157086 --> 0.155800) in epoch (38). Saving model ...
2026-07-10 09:01:26 | TestSub: S9 | Epoch 39/100 Finsh | Now_lr 0.0005/0.0005 | Train Loss 0.1837 | Valid Loss 0.1613 | Train Acc 94.4643 | Valid Acc 94.7917
2026-07-10 09:01:26 | TestSub: S9 | Epoch 40/100 Finsh | Now_lr 0.0005/0.0005 | Train Loss 0.1649 | Valid Loss 0.1487 | Train Acc 94.9107 | Valid Acc 95.8333
2026-07-10 09:01:26 | Validation loss decreased (0.155800 --> 0.148747) in epoch (40). Saving model ...
2026-07-10 09:01:27 | TestSub: S9 | Epoch 41/100 Finsh | Now_lr 0.0005/0.0005 | Train Loss 0.1466 | Valid Loss 0.1483 | Train Acc 95.5357 | Valid Acc 96.8750
2026-07-10 09:01:27 | Validation loss decreased (0.148747 --> 0.148274) in epoch (41). Saving model ...
2026-07-10 09:01:28 | TestSub: S9 | Epoch 42/100 Finsh | Now_lr 0.0005/0.0005 | Train Loss 0.1536 | Valid Loss 0.1687 | Train Acc 95.0000 | Valid Acc 93.7500
2026-07-10 09:01:28 | TestSub: S9 | Epoch 43/100 Finsh | Now_lr 0.0005/0.0005 | Train Loss 0.1537 | Valid Loss 0.1425 | Train Acc 95.1786 | Valid Acc 96.8750
2026-07-10 09:01:28 | Validation loss decreased (0.148274 --> 0.142506) in epoch (43). Saving model ...
2026-07-10 09:01:29 | TestSub: S9 | Epoch 44/100 Finsh | Now_lr 0.0005/0.0005 | Train Loss 0.1446 | Valid Loss 0.1416 | Train Acc 95.5357 | Valid Acc 95.8333
2026-07-10 09:01:29 | Validation loss decreased (0.142506 --> 0.141551) in epoch (44). Saving model ...
2026-07-10 09:01:29 | TestSub: S9 | Epoch 45/100 Finsh | Now_lr 0.0005/0.0005 | Train Loss 0.1478 | Valid Loss 0.1462 | Train Acc 96.0714 | Valid Acc 92.7083
2026-07-10 09:01:30 | TestSub: S9 | Epoch 46/100 Finsh | Now_lr 0.0005/0.0005 | Train Loss 0.1298 | Valid Loss 0.1328 | Train Acc 96.4286 | Valid Acc 94.7917
2026-07-10 09:01:30 | Validation loss decreased (0.141551 --> 0.132752) in epoch (46). Saving model ...
2026-07-10 09:01:30 | TestSub: S9 | Epoch 47/100 Finsh | Now_lr 0.0005/0.0005 | Train Loss 0.1337 | Valid Loss 0.1406 | Train Acc 95.8036 | Valid Acc 94.7917
2026-07-10 09:01:31 | TestSub: S9 | Epoch 48/100 Finsh | Now_lr 0.0005/0.0005 | Train Loss 0.1220 | Valid Loss 0.1374 | Train Acc 96.6964 | Valid Acc 93.7500
2026-07-10 09:01:31 | TestSub: S9 | Epoch 49/100 Finsh | Now_lr 0.0005/0.0005 | Train Loss 0.1264 | Valid Loss 0.1373 | Train Acc 96.2500 | Valid Acc 93.7500
2026-07-10 09:01:32 | TestSub: S9 | Epoch 50/100 Finsh | Now_lr 0.0005/0.0005 | Train Loss 0.1279 | Valid Loss 0.1414 | Train Acc 96.2500 | Valid Acc 92.7083
2026-07-10 09:01:32 | TestSub: S9 | Epoch 51/100 Finsh | Now_lr 0.0005/0.0005 | Train Loss 0.1347 | Valid Loss 0.1231 | Train Acc 94.9107 | Valid Acc 93.7500
2026-07-10 09:01:32 | Validation loss decreased (0.132752 --> 0.123131) in epoch (51). Saving model ...
2026-07-10 09:01:33 | TestSub: S9 | Epoch 52/100 Finsh | Now_lr 0.0005/0.0005 | Train Loss 0.1219 | Valid Loss 0.1322 | Train Acc 96.3393 | Valid Acc 93.7500
2026-07-10 09:01:33 | TestSub: S9 | Epoch 53/100 Finsh | Now_lr 0.0005/0.0005 | Train Loss 0.1256 | Valid Loss 0.1227 | Train Acc 96.5179 | Valid Acc 94.7917
2026-07-10 09:01:33 | Validation loss decreased (0.123131 --> 0.122688) in epoch (53). Saving model ...
2026-07-10 09:01:34 | TestSub: S9 | Epoch 54/100 Finsh | Now_lr 0.0005/0.0005 | Train Loss 0.1258 | Valid Loss 0.1316 | Train Acc 96.5179 | Valid Acc 93.7500
2026-07-10 09:01:34 | TestSub: S9 | Epoch 55/100 Finsh | Now_lr 0.0005/0.0005 | Train Loss 0.1092 | Valid Loss 0.1319 | Train Acc 96.9643 | Valid Acc 93.7500
2026-07-10 09:01:35 | TestSub: S9 | Epoch 56/100 Finsh | Now_lr 0.0005/0.0005 | Train Loss 0.0965 | Valid Loss 0.1188 | Train Acc 97.6786 | Valid Acc 95.8333
2026-07-10 09:01:35 | Validation loss decreased (0.122688 --> 0.118797) in epoch (56). Saving model ...
2026-07-10 09:01:36 | TestSub: S9 | Epoch 57/100 Finsh | Now_lr 0.0005/0.0005 | Train Loss 0.1254 | Valid Loss 0.1345 | Train Acc 95.4464 | Valid Acc 92.7083
2026-07-10 09:01:36 | TestSub: S9 | Epoch 58/100 Finsh | Now_lr 0.0005/0.0005 | Train Loss 0.1111 | Valid Loss 0.1077 | Train Acc 96.7857 | Valid Acc 95.8333
2026-07-10 09:01:36 | Validation loss decreased (0.118797 --> 0.107664) in epoch (58). Saving model ...
2026-07-10 09:01:37 | TestSub: S9 | Epoch 59/100 Finsh | Now_lr 0.0005/0.0005 | Train Loss 0.1084 | Valid Loss 0.1151 | Train Acc 96.6071 | Valid Acc 93.7500
2026-07-10 09:01:37 | TestSub: S9 | Epoch 60/100 Finsh | Now_lr 0.0005/0.0005 | Train Loss 0.1047 | Valid Loss 0.1259 | Train Acc 96.6964 | Valid Acc 93.7500
2026-07-10 09:01:38 | TestSub: S9 | Epoch 61/100 Finsh | Now_lr 0.0005/0.0005 | Train Loss 0.0998 | Valid Loss 0.0922 | Train Acc 97.2321 | Valid Acc 96.8750
2026-07-10 09:01:38 | Validation loss decreased (0.107664 --> 0.092199) in epoch (61). Saving model ...
2026-07-10 09:01:38 | TestSub: S9 | Epoch 62/100 Finsh | Now_lr 0.0005/0.0005 | Train Loss 0.0964 | Valid Loss 0.1017 | Train Acc 97.0536 | Valid Acc 97.9167
2026-07-10 09:01:39 | TestSub: S9 | Epoch 63/100 Finsh | Now_lr 0.0005/0.0005 | Train Loss 0.0942 | Valid Loss 0.0996 | Train Acc 97.9464 | Valid Acc 96.8750
2026-07-10 09:01:39 | TestSub: S9 | Epoch 64/100 Finsh | Now_lr 0.0005/0.0005 | Train Loss 0.1002 | Valid Loss 0.0957 | Train Acc 97.5000 | Valid Acc 96.8750
2026-07-10 09:01:40 | TestSub: S9 | Epoch 65/100 Finsh | Now_lr 0.0005/0.0005 | Train Loss 0.0851 | Valid Loss 0.0993 | Train Acc 98.3036 | Valid Acc 96.8750
2026-07-10 09:01:40 | TestSub: S9 | Epoch 66/100 Finsh | Now_lr 0.0005/0.0005 | Train Loss 0.0900 | Valid Loss 0.1096 | Train Acc 97.5000 | Valid Acc 96.8750
2026-07-10 09:01:41 | TestSub: S9 | Epoch 67/100 Finsh | Now_lr 0.0005/0.0005 | Train Loss 0.1082 | Valid Loss 0.1055 | Train Acc 96.6071 | Valid Acc 96.8750
2026-07-10 09:01:41 | TestSub: S9 | Epoch 68/100 Finsh | Now_lr 0.0005/0.0005 | Train Loss 0.0791 | Valid Loss 0.0965 | Train Acc 97.8571 | Valid Acc 95.8333
2026-07-10 09:01:42 | TestSub: S9 | Epoch 69/100 Finsh | Now_lr 0.0005/0.0005 | Train Loss 0.0822 | Valid Loss 0.0902 | Train Acc 98.0357 | Valid Acc 97.9167
2026-07-10 09:01:42 | Validation loss decreased (0.092199 --> 0.090180) in epoch (69). Saving model ...
2026-07-10 09:01:42 | TestSub: S9 | Epoch 70/100 Finsh | Now_lr 0.0005/0.0005 | Train Loss 0.0932 | Valid Loss 0.0892 | Train Acc 97.0536 | Valid Acc 96.8750
2026-07-10 09:01:42 | Validation loss decreased (0.090180 --> 0.089223) in epoch (70). Saving model ...
2026-07-10 09:01:43 | TestSub: S9 | Epoch 71/100 Finsh | Now_lr 0.0005/0.0005 | Train Loss 0.0814 | Valid Loss 0.0928 | Train Acc 97.4107 | Valid Acc 95.8333
2026-07-10 09:01:43 | TestSub: S9 | Epoch 72/100 Finsh | Now_lr 0.0005/0.0005 | Train Loss 0.1036 | Valid Loss 0.0888 | Train Acc 96.7857 | Valid Acc 98.9583
2026-07-10 09:01:43 | Validation loss decreased (0.089223 --> 0.088828) in epoch (72). Saving model ...
2026-07-10 09:01:44 | TestSub: S9 | Epoch 73/100 Finsh | Now_lr 0.0005/0.0005 | Train Loss 0.0720 | Valid Loss 0.0967 | Train Acc 98.3929 | Valid Acc 96.8750
2026-07-10 09:01:45 | TestSub: S9 | Epoch 74/100 Finsh | Now_lr 0.0005/0.0005 | Train Loss 0.0897 | Valid Loss 0.1037 | Train Acc 97.2321 | Valid Acc 94.7917
2026-07-10 09:01:45 | TestSub: S9 | Epoch 75/100 Finsh | Now_lr 0.0005/0.0005 | Train Loss 0.0930 | Valid Loss 0.1139 | Train Acc 97.2321 | Valid Acc 93.7500
2026-07-10 09:01:46 | TestSub: S9 | Epoch 76/100 Finsh | Now_lr 0.0005/0.0005 | Train Loss 0.0740 | Valid Loss 0.0928 | Train Acc 98.1250 | Valid Acc 94.7917
2026-07-10 09:01:46 | TestSub: S9 | Epoch 77/100 Finsh | Now_lr 0.0005/0.0005 | Train Loss 0.0941 | Valid Loss 0.1037 | Train Acc 96.9643 | Valid Acc 94.7917
2026-07-10 09:01:47 | TestSub: S9 | Epoch 78/100 Finsh | Now_lr 0.0005/0.0005 | Train Loss 0.0785 | Valid Loss 0.0799 | Train Acc 97.9464 | Valid Acc 98.9583
2026-07-10 09:01:47 | Validation loss decreased (0.088828 --> 0.079927) in epoch (78). Saving model ...
2026-07-10 09:01:47 | TestSub: S9 | Epoch 79/100 Finsh | Now_lr 0.0005/0.0005 | Train Loss 0.0710 | Valid Loss 0.0872 | Train Acc 98.3036 | Valid Acc 95.8333
2026-07-10 09:01:48 | TestSub: S9 | Epoch 80/100 Finsh | Now_lr 0.0005/0.0005 | Train Loss 0.0643 | Valid Loss 0.0987 | Train Acc 98.6607 | Valid Acc 96.8750
2026-07-10 09:01:48 | TestSub: S9 | Epoch 81/100 Finsh | Now_lr 0.0005/0.0005 | Train Loss 0.0659 | Valid Loss 0.0987 | Train Acc 98.3036 | Valid Acc 96.8750
2026-07-10 09:01:49 | TestSub: S9 | Epoch 82/100 Finsh | Now_lr 0.0005/0.0005 | Train Loss 0.0722 | Valid Loss 0.1121 | Train Acc 97.6786 | Valid Acc 93.7500
2026-07-10 09:01:49 | TestSub: S9 | Epoch 83/100 Finsh | Now_lr 0.0005/0.0005 | Train Loss 0.0798 | Valid Loss 0.1284 | Train Acc 97.5893 | Valid Acc 95.8333
2026-07-10 09:01:50 | TestSub: S9 | Epoch 84/100 Finsh | Now_lr 0.0005/0.0005 | Train Loss 0.0608 | Valid Loss 0.0974 | Train Acc 98.4821 | Valid Acc 93.7500
2026-07-10 09:01:50 | TestSub: S9 | Epoch 85/100 Finsh | Now_lr 0.0005/0.0005 | Train Loss 0.0650 | Valid Loss 0.0876 | Train Acc 98.3036 | Valid Acc 95.8333
2026-07-10 09:01:51 | TestSub: S9 | Epoch 86/100 Finsh | Now_lr 0.0005/0.0005 | Train Loss 0.0780 | Valid Loss 0.0750 | Train Acc 97.7679 | Valid Acc 97.9167
2026-07-10 09:01:51 | Validation loss decreased (0.079927 --> 0.075003) in epoch (86). Saving model ...
2026-07-10 09:01:51 | TestSub: S9 | Epoch 87/100 Finsh | Now_lr 0.0005/0.0005 | Train Loss 0.0629 | Valid Loss 0.0912 | Train Acc 98.5714 | Valid Acc 96.8750
2026-07-10 09:01:52 | TestSub: S9 | Epoch 88/100 Finsh | Now_lr 0.0005/0.0005 | Train Loss 0.0639 | Valid Loss 0.0940 | Train Acc 98.6607 | Valid Acc 95.8333
2026-07-10 09:01:52 | TestSub: S9 | Epoch 89/100 Finsh | Now_lr 0.0005/0.0005 | Train Loss 0.0699 | Valid Loss 0.0784 | Train Acc 98.4821 | Valid Acc 97.9167
2026-07-10 09:01:53 | TestSub: S9 | Epoch 90/100 Finsh | Now_lr 0.0005/0.0005 | Train Loss 0.0713 | Valid Loss 0.0884 | Train Acc 97.8571 | Valid Acc 98.9583
2026-07-10 09:01:53 | TestSub: S9 | Epoch 91/100 Finsh | Now_lr 0.0005/0.0005 | Train Loss 0.0562 | Valid Loss 0.0900 | Train Acc 98.9286 | Valid Acc 97.9167
2026-07-10 09:01:54 | TestSub: S9 | Epoch 92/100 Finsh | Now_lr 0.0005/0.0005 | Train Loss 0.0719 | Valid Loss 0.0896 | Train Acc 98.1250 | Valid Acc 96.8750
2026-07-10 09:01:54 | TestSub: S9 | Epoch 93/100 Finsh | Now_lr 0.0005/0.0005 | Train Loss 0.0656 | Valid Loss 0.1030 | Train Acc 98.0357 | Valid Acc 95.8333
2026-07-10 09:01:55 | TestSub: S9 | Epoch 94/100 Finsh | Now_lr 0.0005/0.0005 | Train Loss 0.0743 | Valid Loss 0.0862 | Train Acc 97.8571 | Valid Acc 97.9167
2026-07-10 09:01:55 | TestSub: S9 | Epoch 95/100 Finsh | Now_lr 0.0005/0.0005 | Train Loss 0.0531 | Valid Loss 0.0777 | Train Acc 99.0179 | Valid Acc 96.8750
2026-07-10 09:01:56 | TestSub: S9 | Epoch 96/100 Finsh | Now_lr 0.0005/0.0005 | Train Loss 0.0602 | Valid Loss 0.0893 | Train Acc 98.5714 | Valid Acc 96.8750
2026-07-10 09:01:56 | TestSub: S9 | Epoch 97/100 Finsh | Now_lr 0.0005/0.0005 | Train Loss 0.0746 | Valid Loss 0.0933 | Train Acc 97.5893 | Valid Acc 95.8333
2026-07-10 09:01:57 | TestSub: S9 | Epoch 98/100 Finsh | Now_lr 0.0005/0.0005 | Train Loss 0.0684 | Valid Loss 0.0990 | Train Acc 98.2143 | Valid Acc 96.8750
2026-07-10 09:01:57 | TestSub: S9 | Epoch 99/100 Finsh | Now_lr 0.0005/0.0005 | Train Loss 0.0678 | Valid Loss 0.0793 | Train Acc 97.8571 | Valid Acc 96.8750
2026-07-10 09:01:58 | TestSub: S9 | Epoch 100/100 Finsh | Now_lr 0.0005/0.0005 | Train Loss 0.0855 | Valid Loss 0.1080 | Train Acc 96.6071 | Valid Acc 95.8333
2026-07-10 09:01:58 | --------------------------------------------------
2026-07-10 09:01:58 | Test_Subject :S9 | Best epoch:86 | Test Loss:0.3676 | Savemodel Acc 83.7500
2026-07-10 09:01:58 | --------------------------------------------------
2026-07-10 09:01:58 | Best epoch: 86 | Test acc: 83.7500
