2026-07-10 09:09:02 | Logging started: ./writer/Subject_dependent_AAD/DTU/2.0s/result//Train2.0s_sub18.log
2026-07-10 09:09:02 | Sub_id: 18
2026-07-10 09:09:04 | TestSub: S18 | Epoch  1/100 Finsh | Now_lr 0.0005/0.0005 | Train Loss 0.7202 | Valid Loss 0.6987 | Train Acc 49.8214 | Valid Acc 40.6250
2026-07-10 09:09:04 | Validation loss decreased (inf --> 0.698651) in epoch (1). Saving model ...
2026-07-10 09:09:05 | TestSub: S18 | Epoch  2/100 Finsh | Now_lr 0.0005/0.0005 | Train Loss 0.6834 | Valid Loss 0.6608 | Train Acc 54.3750 | Valid Acc 63.5417
2026-07-10 09:09:05 | Validation loss decreased (0.698651 --> 0.660807) in epoch (2). Saving model ...
2026-07-10 09:09:05 | TestSub: S18 | Epoch  3/100 Finsh | Now_lr 0.0005/0.0005 | Train Loss 0.6566 | Valid Loss 0.6133 | Train Acc 60.0000 | Valid Acc 70.8333
2026-07-10 09:09:05 | Validation loss decreased (0.660807 --> 0.613280) in epoch (3). Saving model ...
2026-07-10 09:09:06 | TestSub: S18 | Epoch  4/100 Finsh | Now_lr 0.0005/0.0005 | Train Loss 0.5954 | Valid Loss 0.5615 | Train Acc 69.3750 | Valid Acc 77.0833
2026-07-10 09:09:06 | Validation loss decreased (0.613280 --> 0.561541) in epoch (4). Saving model ...
2026-07-10 09:09:06 | TestSub: S18 | Epoch  5/100 Finsh | Now_lr 0.0005/0.0005 | Train Loss 0.5224 | Valid Loss 0.4882 | Train Acc 76.0714 | Valid Acc 76.0417
2026-07-10 09:09:06 | Validation loss decreased (0.561541 --> 0.488178) in epoch (5). Saving model ...
2026-07-10 09:09:07 | TestSub: S18 | Epoch  6/100 Finsh | Now_lr 0.0005/0.0005 | Train Loss 0.4392 | Valid Loss 0.4484 | Train Acc 82.7679 | Valid Acc 81.2500
2026-07-10 09:09:07 | Validation loss decreased (0.488178 --> 0.448391) in epoch (6). Saving model ...
2026-07-10 09:09:07 | TestSub: S18 | Epoch  7/100 Finsh | Now_lr 0.0005/0.0005 | Train Loss 0.4043 | Valid Loss 0.4095 | Train Acc 85.0000 | Valid Acc 82.2917
2026-07-10 09:09:07 | Validation loss decreased (0.448391 --> 0.409509) in epoch (7). Saving model ...
2026-07-10 09:09:08 | TestSub: S18 | Epoch  8/100 Finsh | Now_lr 0.0005/0.0005 | Train Loss 0.3573 | Valid Loss 0.3909 | Train Acc 86.9643 | Valid Acc 83.3333
2026-07-10 09:09:08 | Validation loss decreased (0.409509 --> 0.390868) in epoch (8). Saving model ...
2026-07-10 09:09:09 | TestSub: S18 | Epoch  9/100 Finsh | Now_lr 0.0005/0.0005 | Train Loss 0.3214 | Valid Loss 0.3596 | Train Acc 87.8571 | Valid Acc 84.3750
2026-07-10 09:09:09 | Validation loss decreased (0.390868 --> 0.359582) in epoch (9). Saving model ...
2026-07-10 09:09:10 | TestSub: S18 | Epoch 10/100 Finsh | Now_lr 0.0005/0.0005 | Train Loss 0.3022 | Valid Loss 0.3485 | Train Acc 88.8393 | Valid Acc 85.4167
2026-07-10 09:09:10 | Validation loss decreased (0.359582 --> 0.348527) in epoch (10). Saving model ...
2026-07-10 09:09:10 | TestSub: S18 | Epoch 11/100 Finsh | Now_lr 0.0005/0.0005 | Train Loss 0.2779 | Valid Loss 0.3342 | Train Acc 89.4643 | Valid Acc 85.4167
2026-07-10 09:09:10 | Validation loss decreased (0.348527 --> 0.334176) in epoch (11). Saving model ...
2026-07-10 09:09:11 | TestSub: S18 | Epoch 12/100 Finsh | Now_lr 0.0005/0.0005 | Train Loss 0.2559 | Valid Loss 0.3305 | Train Acc 90.8929 | Valid Acc 86.4583
2026-07-10 09:09:11 | Validation loss decreased (0.334176 --> 0.330515) in epoch (12). Saving model ...
2026-07-10 09:09:11 | TestSub: S18 | Epoch 13/100 Finsh | Now_lr 0.0005/0.0005 | Train Loss 0.2490 | Valid Loss 0.3109 | Train Acc 90.8929 | Valid Acc 85.4167
2026-07-10 09:09:11 | Validation loss decreased (0.330515 --> 0.310898) in epoch (13). Saving model ...
2026-07-10 09:09:12 | TestSub: S18 | Epoch 14/100 Finsh | Now_lr 0.0005/0.0005 | Train Loss 0.2264 | Valid Loss 0.3003 | Train Acc 92.9464 | Valid Acc 89.5833
2026-07-10 09:09:12 | Validation loss decreased (0.310898 --> 0.300313) in epoch (14). Saving model ...
2026-07-10 09:09:12 | TestSub: S18 | Epoch 15/100 Finsh | Now_lr 0.0005/0.0005 | Train Loss 0.2076 | Valid Loss 0.2821 | Train Acc 92.2321 | Valid Acc 89.5833
2026-07-10 09:09:12 | Validation loss decreased (0.300313 --> 0.282134) in epoch (15). Saving model ...
2026-07-10 09:09:13 | TestSub: S18 | Epoch 16/100 Finsh | Now_lr 0.0005/0.0005 | Train Loss 0.2154 | Valid Loss 0.2773 | Train Acc 91.9643 | Valid Acc 90.6250
2026-07-10 09:09:13 | Validation loss decreased (0.282134 --> 0.277278) in epoch (16). Saving model ...
2026-07-10 09:09:14 | TestSub: S18 | Epoch 17/100 Finsh | Now_lr 0.0005/0.0005 | Train Loss 0.1820 | Valid Loss 0.2759 | Train Acc 93.5714 | Valid Acc 90.6250
2026-07-10 09:09:14 | Validation loss decreased (0.277278 --> 0.275910) in epoch (17). Saving model ...
2026-07-10 09:09:14 | TestSub: S18 | Epoch 18/100 Finsh | Now_lr 0.0005/0.0005 | Train Loss 0.1718 | Valid Loss 0.2743 | Train Acc 94.4643 | Valid Acc 90.6250
2026-07-10 09:09:14 | Validation loss decreased (0.275910 --> 0.274347) in epoch (18). Saving model ...
2026-07-10 09:09:15 | TestSub: S18 | Epoch 19/100 Finsh | Now_lr 0.0005/0.0005 | Train Loss 0.1660 | Valid Loss 0.2372 | Train Acc 94.1071 | Valid Acc 91.6667
2026-07-10 09:09:15 | Validation loss decreased (0.274347 --> 0.237192) in epoch (19). Saving model ...
2026-07-10 09:09:15 | TestSub: S18 | Epoch 20/100 Finsh | Now_lr 0.0005/0.0005 | Train Loss 0.1563 | Valid Loss 0.2399 | Train Acc 95.8929 | Valid Acc 91.6667
2026-07-10 09:09:16 | TestSub: S18 | Epoch 21/100 Finsh | Now_lr 0.0005/0.0005 | Train Loss 0.1404 | Valid Loss 0.2487 | Train Acc 96.2500 | Valid Acc 89.5833
2026-07-10 09:09:16 | TestSub: S18 | Epoch 22/100 Finsh | Now_lr 0.0005/0.0005 | Train Loss 0.1327 | Valid Loss 0.2138 | Train Acc 96.2500 | Valid Acc 93.7500
2026-07-10 09:09:16 | Validation loss decreased (0.237192 --> 0.213759) in epoch (22). Saving model ...
2026-07-10 09:09:17 | TestSub: S18 | Epoch 23/100 Finsh | Now_lr 0.0005/0.0005 | Train Loss 0.1192 | Valid Loss 0.2130 | Train Acc 96.7857 | Valid Acc 92.7083
2026-07-10 09:09:17 | Validation loss decreased (0.213759 --> 0.213007) in epoch (23). Saving model ...
2026-07-10 09:09:18 | TestSub: S18 | Epoch 24/100 Finsh | Now_lr 0.0005/0.0005 | Train Loss 0.1183 | Valid Loss 0.2397 | Train Acc 96.2500 | Valid Acc 85.4167
2026-07-10 09:09:18 | TestSub: S18 | Epoch 25/100 Finsh | Now_lr 0.0005/0.0005 | Train Loss 0.1117 | Valid Loss 0.1746 | Train Acc 96.9643 | Valid Acc 95.8333
2026-07-10 09:09:18 | Validation loss decreased (0.213007 --> 0.174645) in epoch (25). Saving model ...
2026-07-10 09:09:19 | TestSub: S18 | Epoch 26/100 Finsh | Now_lr 0.0005/0.0005 | Train Loss 0.1043 | Valid Loss 0.1755 | Train Acc 97.2321 | Valid Acc 94.7917
2026-07-10 09:09:19 | TestSub: S18 | Epoch 27/100 Finsh | Now_lr 0.0005/0.0005 | Train Loss 0.0998 | Valid Loss 0.1661 | Train Acc 97.6786 | Valid Acc 94.7917
2026-07-10 09:09:19 | Validation loss decreased (0.174645 --> 0.166126) in epoch (27). Saving model ...
2026-07-10 09:09:20 | TestSub: S18 | Epoch 28/100 Finsh | Now_lr 0.0005/0.0005 | Train Loss 0.0997 | Valid Loss 0.1723 | Train Acc 97.0536 | Valid Acc 94.7917
2026-07-10 09:09:20 | TestSub: S18 | Epoch 29/100 Finsh | Now_lr 0.0005/0.0005 | Train Loss 0.0817 | Valid Loss 0.1542 | Train Acc 98.4821 | Valid Acc 95.8333
2026-07-10 09:09:20 | Validation loss decreased (0.166126 --> 0.154213) in epoch (29). Saving model ...
2026-07-10 09:09:21 | TestSub: S18 | Epoch 30/100 Finsh | Now_lr 0.0005/0.0005 | Train Loss 0.0779 | Valid Loss 0.1412 | Train Acc 98.1250 | Valid Acc 94.7917
2026-07-10 09:09:21 | Validation loss decreased (0.154213 --> 0.141223) in epoch (30). Saving model ...
2026-07-10 09:09:21 | TestSub: S18 | Epoch 31/100 Finsh | Now_lr 0.0005/0.0005 | Train Loss 0.0808 | Valid Loss 0.1486 | Train Acc 97.8571 | Valid Acc 95.8333
2026-07-10 09:09:22 | TestSub: S18 | Epoch 32/100 Finsh | Now_lr 0.0005/0.0005 | Train Loss 0.0673 | Valid Loss 0.1360 | Train Acc 99.1964 | Valid Acc 95.8333
2026-07-10 09:09:22 | Validation loss decreased (0.141223 --> 0.135990) in epoch (32). Saving model ...
2026-07-10 09:09:22 | TestSub: S18 | Epoch 33/100 Finsh | Now_lr 0.0005/0.0005 | Train Loss 0.0661 | Valid Loss 0.1601 | Train Acc 98.3929 | Valid Acc 95.8333
2026-07-10 09:09:23 | TestSub: S18 | Epoch 34/100 Finsh | Now_lr 0.0005/0.0005 | Train Loss 0.0667 | Valid Loss 0.1830 | Train Acc 98.7500 | Valid Acc 94.7917
2026-07-10 09:09:23 | TestSub: S18 | Epoch 35/100 Finsh | Now_lr 0.0005/0.0005 | Train Loss 0.0568 | Valid Loss 0.1386 | Train Acc 99.2857 | Valid Acc 95.8333
2026-07-10 09:09:24 | TestSub: S18 | Epoch 36/100 Finsh | Now_lr 0.0005/0.0005 | Train Loss 0.0590 | Valid Loss 0.1421 | Train Acc 98.9286 | Valid Acc 94.7917
2026-07-10 09:09:24 | TestSub: S18 | Epoch 37/100 Finsh | Now_lr 0.0005/0.0005 | Train Loss 0.0628 | Valid Loss 0.1325 | Train Acc 98.4821 | Valid Acc 95.8333
2026-07-10 09:09:24 | Validation loss decreased (0.135990 --> 0.132509) in epoch (37). Saving model ...
2026-07-10 09:09:25 | TestSub: S18 | Epoch 38/100 Finsh | Now_lr 0.0005/0.0005 | Train Loss 0.0572 | Valid Loss 0.1317 | Train Acc 98.6607 | Valid Acc 93.7500
2026-07-10 09:09:25 | Validation loss decreased (0.132509 --> 0.131686) in epoch (38). Saving model ...
2026-07-10 09:09:25 | TestSub: S18 | Epoch 39/100 Finsh | Now_lr 0.0005/0.0005 | Train Loss 0.0580 | Valid Loss 0.1300 | Train Acc 98.4821 | Valid Acc 95.8333
2026-07-10 09:09:25 | Validation loss decreased (0.131686 --> 0.129997) in epoch (39). Saving model ...
2026-07-10 09:09:26 | TestSub: S18 | Epoch 40/100 Finsh | Now_lr 0.0005/0.0005 | Train Loss 0.0505 | Valid Loss 0.1345 | Train Acc 99.2857 | Valid Acc 95.8333
2026-07-10 09:09:26 | TestSub: S18 | Epoch 41/100 Finsh | Now_lr 0.0005/0.0005 | Train Loss 0.0535 | Valid Loss 0.1279 | Train Acc 99.1071 | Valid Acc 94.7917
2026-07-10 09:09:26 | Validation loss decreased (0.129997 --> 0.127881) in epoch (41). Saving model ...
2026-07-10 09:09:27 | TestSub: S18 | Epoch 42/100 Finsh | Now_lr 0.0005/0.0005 | Train Loss 0.0470 | Valid Loss 0.1343 | Train Acc 99.1071 | Valid Acc 94.7917
2026-07-10 09:09:28 | TestSub: S18 | Epoch 43/100 Finsh | Now_lr 0.0005/0.0005 | Train Loss 0.0406 | Valid Loss 0.1154 | Train Acc 99.2857 | Valid Acc 95.8333
2026-07-10 09:09:28 | Validation loss decreased (0.127881 --> 0.115406) in epoch (43). Saving model ...
2026-07-10 09:09:28 | TestSub: S18 | Epoch 44/100 Finsh | Now_lr 0.0005/0.0005 | Train Loss 0.0474 | Valid Loss 0.1130 | Train Acc 99.1071 | Valid Acc 95.8333
2026-07-10 09:09:28 | Validation loss decreased (0.115406 --> 0.113018) in epoch (44). Saving model ...
2026-07-10 09:09:29 | TestSub: S18 | Epoch 45/100 Finsh | Now_lr 0.0005/0.0005 | Train Loss 0.0456 | Valid Loss 0.0911 | Train Acc 99.3750 | Valid Acc 98.9583
2026-07-10 09:09:29 | Validation loss decreased (0.113018 --> 0.091097) in epoch (45). Saving model ...
2026-07-10 09:09:29 | TestSub: S18 | Epoch 46/100 Finsh | Now_lr 0.0005/0.0005 | Train Loss 0.0427 | Valid Loss 0.0960 | Train Acc 99.1964 | Valid Acc 97.9167
2026-07-10 09:09:30 | TestSub: S18 | Epoch 47/100 Finsh | Now_lr 0.0005/0.0005 | Train Loss 0.0361 | Valid Loss 0.1196 | Train Acc 99.5536 | Valid Acc 93.7500
2026-07-10 09:09:30 | TestSub: S18 | Epoch 48/100 Finsh | Now_lr 0.0005/0.0005 | Train Loss 0.0343 | Valid Loss 0.0986 | Train Acc 99.3750 | Valid Acc 96.8750
2026-07-10 09:09:31 | TestSub: S18 | Epoch 49/100 Finsh | Now_lr 0.0005/0.0005 | Train Loss 0.0372 | Valid Loss 0.1074 | Train Acc 99.7321 | Valid Acc 96.8750
2026-07-10 09:09:31 | TestSub: S18 | Epoch 50/100 Finsh | Now_lr 0.0005/0.0005 | Train Loss 0.0368 | Valid Loss 0.0905 | Train Acc 99.1964 | Valid Acc 96.8750
2026-07-10 09:09:31 | Validation loss decreased (0.091097 --> 0.090519) in epoch (50). Saving model ...
2026-07-10 09:09:32 | TestSub: S18 | Epoch 51/100 Finsh | Now_lr 0.0005/0.0005 | Train Loss 0.0324 | Valid Loss 0.0906 | Train Acc 99.6429 | Valid Acc 96.8750
2026-07-10 09:09:33 | TestSub: S18 | Epoch 52/100 Finsh | Now_lr 0.0005/0.0005 | Train Loss 0.0335 | Valid Loss 0.0981 | Train Acc 99.4643 | Valid Acc 96.8750
2026-07-10 09:09:33 | TestSub: S18 | Epoch 53/100 Finsh | Now_lr 0.0005/0.0005 | Train Loss 0.0373 | Valid Loss 0.1215 | Train Acc 99.3750 | Valid Acc 95.8333
2026-07-10 09:09:34 | TestSub: S18 | Epoch 54/100 Finsh | Now_lr 0.0005/0.0005 | Train Loss 0.0419 | Valid Loss 0.1151 | Train Acc 98.7500 | Valid Acc 96.8750
2026-07-10 09:09:34 | TestSub: S18 | Epoch 55/100 Finsh | Now_lr 0.0005/0.0005 | Train Loss 0.0441 | Valid Loss 0.0962 | Train Acc 98.8393 | Valid Acc 96.8750
2026-07-10 09:09:35 | TestSub: S18 | Epoch 56/100 Finsh | Now_lr 0.0005/0.0005 | Train Loss 0.0329 | Valid Loss 0.0861 | Train Acc 99.4643 | Valid Acc 96.8750
2026-07-10 09:09:35 | Validation loss decreased (0.090519 --> 0.086126) in epoch (56). Saving model ...
2026-07-10 09:09:35 | TestSub: S18 | Epoch 57/100 Finsh | Now_lr 0.0005/0.0005 | Train Loss 0.0260 | Valid Loss 0.0957 | Train Acc 99.7321 | Valid Acc 95.8333
2026-07-10 09:09:36 | TestSub: S18 | Epoch 58/100 Finsh | Now_lr 0.0005/0.0005 | Train Loss 0.0331 | Valid Loss 0.0953 | Train Acc 99.3750 | Valid Acc 96.8750
2026-07-10 09:09:36 | TestSub: S18 | Epoch 59/100 Finsh | Now_lr 0.0005/0.0005 | Train Loss 0.0359 | Valid Loss 0.0850 | Train Acc 99.1964 | Valid Acc 96.8750
2026-07-10 09:09:36 | Validation loss decreased (0.086126 --> 0.084988) in epoch (59). Saving model ...
2026-07-10 09:09:37 | TestSub: S18 | Epoch 60/100 Finsh | Now_lr 0.0005/0.0005 | Train Loss 0.0230 | Valid Loss 0.0865 | Train Acc 99.8214 | Valid Acc 95.8333
2026-07-10 09:09:37 | TestSub: S18 | Epoch 61/100 Finsh | Now_lr 0.0005/0.0005 | Train Loss 0.0263 | Valid Loss 0.0850 | Train Acc 99.5536 | Valid Acc 96.8750
2026-07-10 09:09:38 | TestSub: S18 | Epoch 62/100 Finsh | Now_lr 0.0005/0.0005 | Train Loss 0.0253 | Valid Loss 0.0820 | Train Acc 99.4643 | Valid Acc 97.9167
2026-07-10 09:09:38 | Validation loss decreased (0.084988 --> 0.082016) in epoch (62). Saving model ...
2026-07-10 09:09:38 | TestSub: S18 | Epoch 63/100 Finsh | Now_lr 0.0005/0.0005 | Train Loss 0.0279 | Valid Loss 0.0802 | Train Acc 99.9107 | Valid Acc 96.8750
2026-07-10 09:09:38 | Validation loss decreased (0.082016 --> 0.080194) in epoch (63). Saving model ...
2026-07-10 09:09:39 | TestSub: S18 | Epoch 64/100 Finsh | Now_lr 0.0005/0.0005 | Train Loss 0.0313 | Valid Loss 0.0883 | Train Acc 99.1071 | Valid Acc 95.8333
2026-07-10 09:09:39 | TestSub: S18 | Epoch 65/100 Finsh | Now_lr 0.0005/0.0005 | Train Loss 0.0261 | Valid Loss 0.0804 | Train Acc 99.7321 | Valid Acc 95.8333
2026-07-10 09:09:40 | TestSub: S18 | Epoch 66/100 Finsh | Now_lr 0.0005/0.0005 | Train Loss 0.0233 | Valid Loss 0.0798 | Train Acc 99.7321 | Valid Acc 96.8750
2026-07-10 09:09:40 | Validation loss decreased (0.080194 --> 0.079824) in epoch (66). Saving model ...
2026-07-10 09:09:41 | TestSub: S18 | Epoch 67/100 Finsh | Now_lr 0.0005/0.0005 | Train Loss 0.0316 | Valid Loss 0.0653 | Train Acc 99.2857 | Valid Acc 97.9167
2026-07-10 09:09:41 | Validation loss decreased (0.079824 --> 0.065285) in epoch (67). Saving model ...
2026-07-10 09:09:41 | TestSub: S18 | Epoch 68/100 Finsh | Now_lr 0.0005/0.0005 | Train Loss 0.0360 | Valid Loss 0.0674 | Train Acc 99.0179 | Valid Acc 96.8750
2026-07-10 09:09:42 | TestSub: S18 | Epoch 69/100 Finsh | Now_lr 0.0005/0.0005 | Train Loss 0.0313 | Valid Loss 0.0756 | Train Acc 99.0179 | Valid Acc 95.8333
2026-07-10 09:09:42 | TestSub: S18 | Epoch 70/100 Finsh | Now_lr 0.0005/0.0005 | Train Loss 0.0335 | Valid Loss 0.0805 | Train Acc 99.3750 | Valid Acc 95.8333
2026-07-10 09:09:43 | TestSub: S18 | Epoch 71/100 Finsh | Now_lr 0.0005/0.0005 | Train Loss 0.0173 | Valid Loss 0.0741 | Train Acc 99.9107 | Valid Acc 97.9167
2026-07-10 09:09:43 | TestSub: S18 | Epoch 72/100 Finsh | Now_lr 0.0005/0.0005 | Train Loss 0.0297 | Valid Loss 0.0745 | Train Acc 99.3750 | Valid Acc 96.8750
2026-07-10 09:09:44 | TestSub: S18 | Epoch 73/100 Finsh | Now_lr 0.0005/0.0005 | Train Loss 0.0225 | Valid Loss 0.0829 | Train Acc 99.6429 | Valid Acc 96.8750
2026-07-10 09:09:44 | TestSub: S18 | Epoch 74/100 Finsh | Now_lr 0.0005/0.0005 | Train Loss 0.0209 | Valid Loss 0.0758 | Train Acc 99.5536 | Valid Acc 96.8750
2026-07-10 09:09:45 | TestSub: S18 | Epoch 75/100 Finsh | Now_lr 0.0005/0.0005 | Train Loss 0.0313 | Valid Loss 0.0717 | Train Acc 99.2857 | Valid Acc 96.8750
2026-07-10 09:09:45 | TestSub: S18 | Epoch 76/100 Finsh | Now_lr 0.0005/0.0005 | Train Loss 0.0170 | Valid Loss 0.0772 | Train Acc 99.7321 | Valid Acc 95.8333
2026-07-10 09:09:46 | TestSub: S18 | Epoch 77/100 Finsh | Now_lr 0.0005/0.0005 | Train Loss 0.0212 | Valid Loss 0.0578 | Train Acc 99.7321 | Valid Acc 97.9167
2026-07-10 09:09:46 | Validation loss decreased (0.065285 --> 0.057778) in epoch (77). Saving model ...
2026-07-10 09:09:46 | TestSub: S18 | Epoch 78/100 Finsh | Now_lr 0.0005/0.0005 | Train Loss 0.0234 | Valid Loss 0.0687 | Train Acc 99.5536 | Valid Acc 96.8750
2026-07-10 09:09:47 | TestSub: S18 | Epoch 79/100 Finsh | Now_lr 0.0005/0.0005 | Train Loss 0.0187 | Valid Loss 0.0693 | Train Acc 99.7321 | Valid Acc 96.8750
2026-07-10 09:09:47 | TestSub: S18 | Epoch 80/100 Finsh | Now_lr 0.0005/0.0005 | Train Loss 0.0235 | Valid Loss 0.0526 | Train Acc 99.5536 | Valid Acc 97.9167
2026-07-10 09:09:47 | Validation loss decreased (0.057778 --> 0.052607) in epoch (80). Saving model ...
2026-07-10 09:09:48 | TestSub: S18 | Epoch 81/100 Finsh | Now_lr 0.0005/0.0005 | Train Loss 0.0250 | Valid Loss 0.0897 | Train Acc 99.4643 | Valid Acc 95.8333
2026-07-10 09:09:49 | TestSub: S18 | Epoch 82/100 Finsh | Now_lr 0.0005/0.0005 | Train Loss 0.0208 | Valid Loss 0.0571 | Train Acc 99.6429 | Valid Acc 97.9167
2026-07-10 09:09:49 | TestSub: S18 | Epoch 83/100 Finsh | Now_lr 0.0005/0.0005 | Train Loss 0.0308 | Valid Loss 0.0791 | Train Acc 99.2857 | Valid Acc 96.8750
2026-07-10 09:09:50 | TestSub: S18 | Epoch 84/100 Finsh | Now_lr 0.0005/0.0005 | Train Loss 0.0194 | Valid Loss 0.0599 | Train Acc 99.7321 | Valid Acc 98.9583
2026-07-10 09:09:50 | TestSub: S18 | Epoch 85/100 Finsh | Now_lr 0.0005/0.0005 | Train Loss 0.0212 | Valid Loss 0.0801 | Train Acc 99.5536 | Valid Acc 97.9167
2026-07-10 09:09:51 | TestSub: S18 | Epoch 86/100 Finsh | Now_lr 0.0005/0.0005 | Train Loss 0.0213 | Valid Loss 0.0511 | Train Acc 99.8214 | Valid Acc 97.9167
2026-07-10 09:09:51 | Validation loss decreased (0.052607 --> 0.051068) in epoch (86). Saving model ...
2026-07-10 09:09:51 | TestSub: S18 | Epoch 87/100 Finsh | Now_lr 0.0005/0.0005 | Train Loss 0.0196 | Valid Loss 0.0605 | Train Acc 99.4643 | Valid Acc 95.8333
2026-07-10 09:09:52 | TestSub: S18 | Epoch 88/100 Finsh | Now_lr 0.0005/0.0005 | Train Loss 0.0211 | Valid Loss 0.0697 | Train Acc 99.3750 | Valid Acc 96.8750
2026-07-10 09:09:52 | TestSub: S18 | Epoch 89/100 Finsh | Now_lr 0.0005/0.0005 | Train Loss 0.0245 | Valid Loss 0.0607 | Train Acc 99.1964 | Valid Acc 98.9583
2026-07-10 09:09:53 | TestSub: S18 | Epoch 90/100 Finsh | Now_lr 0.0005/0.0005 | Train Loss 0.0262 | Valid Loss 0.0547 | Train Acc 99.3750 | Valid Acc 96.8750
2026-07-10 09:09:53 | TestSub: S18 | Epoch 91/100 Finsh | Now_lr 0.0005/0.0005 | Train Loss 0.0153 | Valid Loss 0.0637 | Train Acc 100.0000 | Valid Acc 96.8750
2026-07-10 09:09:54 | TestSub: S18 | Epoch 92/100 Finsh | Now_lr 0.0005/0.0005 | Train Loss 0.0170 | Valid Loss 0.0596 | Train Acc 99.9107 | Valid Acc 97.9167
2026-07-10 09:09:54 | TestSub: S18 | Epoch 93/100 Finsh | Now_lr 0.0005/0.0005 | Train Loss 0.0161 | Valid Loss 0.0749 | Train Acc 99.8214 | Valid Acc 96.8750
2026-07-10 09:09:55 | TestSub: S18 | Epoch 94/100 Finsh | Now_lr 0.0005/0.0005 | Train Loss 0.0182 | Valid Loss 0.0633 | Train Acc 99.5536 | Valid Acc 96.8750
2026-07-10 09:09:55 | TestSub: S18 | Epoch 95/100 Finsh | Now_lr 0.0005/0.0005 | Train Loss 0.0187 | Valid Loss 0.0813 | Train Acc 99.4643 | Valid Acc 95.8333
2026-07-10 09:09:56 | TestSub: S18 | Epoch 96/100 Finsh | Now_lr 0.0005/0.0005 | Train Loss 0.0147 | Valid Loss 0.0600 | Train Acc 99.9107 | Valid Acc 98.9583
2026-07-10 09:09:56 | TestSub: S18 | Epoch 97/100 Finsh | Now_lr 0.0005/0.0005 | Train Loss 0.0233 | Valid Loss 0.0599 | Train Acc 99.4643 | Valid Acc 98.9583
2026-07-10 09:09:57 | TestSub: S18 | Epoch 98/100 Finsh | Now_lr 0.0005/0.0005 | Train Loss 0.0196 | Valid Loss 0.0597 | Train Acc 99.8214 | Valid Acc 96.8750
2026-07-10 09:09:57 | TestSub: S18 | Epoch 99/100 Finsh | Now_lr 0.0005/0.0005 | Train Loss 0.0127 | Valid Loss 0.0607 | Train Acc 99.7321 | Valid Acc 97.9167
2026-07-10 09:09:58 | TestSub: S18 | Epoch 100/100 Finsh | Now_lr 0.0005/0.0005 | Train Loss 0.0266 | Valid Loss 0.0732 | Train Acc 99.2857 | Valid Acc 95.8333
2026-07-10 09:09:58 | --------------------------------------------------
2026-07-10 09:09:58 | Test_Subject :S18 | Best epoch:86 | Test Loss:0.2711 | Savemodel Acc 88.1250
2026-07-10 09:09:58 | --------------------------------------------------
2026-07-10 09:09:58 | Best epoch: 86 | Test acc: 88.1250
