2026-07-10 08:57:20 | Logging started: ./writer/Subject_dependent_AAD/DTU/2.0s/result//Train2.0s_sub5.log
2026-07-10 08:57:20 | Sub_id: 5
2026-07-10 08:57:22 | TestSub: S5 | Epoch  1/100 Finsh | Now_lr 0.0005/0.0005 | Train Loss 0.7196 | Valid Loss 0.7398 | Train Acc 51.7857 | Valid Acc 42.7083
2026-07-10 08:57:22 | Validation loss decreased (inf --> 0.739793) in epoch (1). Saving model ...
2026-07-10 08:57:22 | TestSub: S5 | Epoch  2/100 Finsh | Now_lr 0.0005/0.0005 | Train Loss 0.6679 | Valid Loss 0.6704 | Train Acc 59.1964 | Valid Acc 55.2083
2026-07-10 08:57:22 | Validation loss decreased (0.739793 --> 0.670429) in epoch (2). Saving model ...
2026-07-10 08:57:23 | TestSub: S5 | Epoch  3/100 Finsh | Now_lr 0.0005/0.0005 | Train Loss 0.6003 | Valid Loss 0.5792 | Train Acc 69.1964 | Valid Acc 72.9167
2026-07-10 08:57:23 | Validation loss decreased (0.670429 --> 0.579168) in epoch (3). Saving model ...
2026-07-10 08:57:24 | TestSub: S5 | Epoch  4/100 Finsh | Now_lr 0.0005/0.0005 | Train Loss 0.5364 | Valid Loss 0.5379 | Train Acc 73.7500 | Valid Acc 76.0417
2026-07-10 08:57:24 | Validation loss decreased (0.579168 --> 0.537891) in epoch (4). Saving model ...
2026-07-10 08:57:24 | TestSub: S5 | Epoch  5/100 Finsh | Now_lr 0.0005/0.0005 | Train Loss 0.5020 | Valid Loss 0.5124 | Train Acc 76.1607 | Valid Acc 76.0417
2026-07-10 08:57:24 | Validation loss decreased (0.537891 --> 0.512353) in epoch (5). Saving model ...
2026-07-10 08:57:25 | TestSub: S5 | Epoch  6/100 Finsh | Now_lr 0.0005/0.0005 | Train Loss 0.4653 | Valid Loss 0.4944 | Train Acc 78.7500 | Valid Acc 75.0000
2026-07-10 08:57:25 | Validation loss decreased (0.512353 --> 0.494355) in epoch (6). Saving model ...
2026-07-10 08:57:25 | TestSub: S5 | Epoch  7/100 Finsh | Now_lr 0.0005/0.0005 | Train Loss 0.4283 | Valid Loss 0.4770 | Train Acc 80.2679 | Valid Acc 78.1250
2026-07-10 08:57:25 | Validation loss decreased (0.494355 --> 0.477042) in epoch (7). Saving model ...
2026-07-10 08:57:26 | TestSub: S5 | Epoch  8/100 Finsh | Now_lr 0.0005/0.0005 | Train Loss 0.4085 | Valid Loss 0.4685 | Train Acc 81.7857 | Valid Acc 78.1250
2026-07-10 08:57:26 | Validation loss decreased (0.477042 --> 0.468537) in epoch (8). Saving model ...
2026-07-10 08:57:27 | TestSub: S5 | Epoch  9/100 Finsh | Now_lr 0.0005/0.0005 | Train Loss 0.3736 | Valid Loss 0.4527 | Train Acc 83.1250 | Valid Acc 80.2083
2026-07-10 08:57:27 | Validation loss decreased (0.468537 --> 0.452726) in epoch (9). Saving model ...
2026-07-10 08:57:27 | TestSub: S5 | Epoch 10/100 Finsh | Now_lr 0.0005/0.0005 | Train Loss 0.3628 | Valid Loss 0.4490 | Train Acc 84.5536 | Valid Acc 82.2917
2026-07-10 08:57:27 | Validation loss decreased (0.452726 --> 0.448962) in epoch (10). Saving model ...
2026-07-10 08:57:28 | TestSub: S5 | Epoch 11/100 Finsh | Now_lr 0.0005/0.0005 | Train Loss 0.3390 | Valid Loss 0.4618 | Train Acc 86.7857 | Valid Acc 81.2500
2026-07-10 08:57:29 | TestSub: S5 | Epoch 12/100 Finsh | Now_lr 0.0005/0.0005 | Train Loss 0.3525 | Valid Loss 0.4293 | Train Acc 85.2679 | Valid Acc 81.2500
2026-07-10 08:57:29 | Validation loss decreased (0.448962 --> 0.429331) in epoch (12). Saving model ...
2026-07-10 08:57:29 | TestSub: S5 | Epoch 13/100 Finsh | Now_lr 0.0005/0.0005 | Train Loss 0.3143 | Valid Loss 0.4151 | Train Acc 87.3214 | Valid Acc 81.2500
2026-07-10 08:57:29 | Validation loss decreased (0.429331 --> 0.415069) in epoch (13). Saving model ...
2026-07-10 08:57:30 | TestSub: S5 | Epoch 14/100 Finsh | Now_lr 0.0005/0.0005 | Train Loss 0.3096 | Valid Loss 0.4032 | Train Acc 88.1250 | Valid Acc 82.2917
2026-07-10 08:57:30 | Validation loss decreased (0.415069 --> 0.403192) in epoch (14). Saving model ...
2026-07-10 08:57:30 | TestSub: S5 | Epoch 15/100 Finsh | Now_lr 0.0005/0.0005 | Train Loss 0.3145 | Valid Loss 0.4077 | Train Acc 87.2321 | Valid Acc 80.2083
2026-07-10 08:57:31 | TestSub: S5 | Epoch 16/100 Finsh | Now_lr 0.0005/0.0005 | Train Loss 0.2933 | Valid Loss 0.3970 | Train Acc 88.7500 | Valid Acc 80.2083
2026-07-10 08:57:31 | Validation loss decreased (0.403192 --> 0.396968) in epoch (16). Saving model ...
2026-07-10 08:57:31 | TestSub: S5 | Epoch 17/100 Finsh | Now_lr 0.0005/0.0005 | Train Loss 0.2763 | Valid Loss 0.3808 | Train Acc 89.5536 | Valid Acc 83.3333
2026-07-10 08:57:31 | Validation loss decreased (0.396968 --> 0.380785) in epoch (17). Saving model ...
2026-07-10 08:57:32 | TestSub: S5 | Epoch 18/100 Finsh | Now_lr 0.0005/0.0005 | Train Loss 0.2701 | Valid Loss 0.4017 | Train Acc 88.6607 | Valid Acc 82.2917
2026-07-10 08:57:33 | TestSub: S5 | Epoch 19/100 Finsh | Now_lr 0.0005/0.0005 | Train Loss 0.2526 | Valid Loss 0.3882 | Train Acc 90.0893 | Valid Acc 82.2917
2026-07-10 08:57:33 | TestSub: S5 | Epoch 20/100 Finsh | Now_lr 0.0005/0.0005 | Train Loss 0.2460 | Valid Loss 0.3522 | Train Acc 90.5357 | Valid Acc 84.3750
2026-07-10 08:57:33 | Validation loss decreased (0.380785 --> 0.352162) in epoch (20). Saving model ...
2026-07-10 08:57:34 | TestSub: S5 | Epoch 21/100 Finsh | Now_lr 0.0005/0.0005 | Train Loss 0.2511 | Valid Loss 0.3629 | Train Acc 90.5357 | Valid Acc 83.3333
2026-07-10 08:57:34 | TestSub: S5 | Epoch 22/100 Finsh | Now_lr 0.0005/0.0005 | Train Loss 0.2523 | Valid Loss 0.3650 | Train Acc 89.4643 | Valid Acc 82.2917
2026-07-10 08:57:35 | TestSub: S5 | Epoch 23/100 Finsh | Now_lr 0.0005/0.0005 | Train Loss 0.2271 | Valid Loss 0.3764 | Train Acc 92.1429 | Valid Acc 83.3333
2026-07-10 08:57:35 | TestSub: S5 | Epoch 24/100 Finsh | Now_lr 0.0005/0.0005 | Train Loss 0.2370 | Valid Loss 0.3561 | Train Acc 90.2679 | Valid Acc 84.3750
2026-07-10 08:57:36 | TestSub: S5 | Epoch 25/100 Finsh | Now_lr 0.0005/0.0005 | Train Loss 0.2276 | Valid Loss 0.3479 | Train Acc 92.1429 | Valid Acc 83.3333
2026-07-10 08:57:36 | Validation loss decreased (0.352162 --> 0.347930) in epoch (25). Saving model ...
2026-07-10 08:57:36 | TestSub: S5 | Epoch 26/100 Finsh | Now_lr 0.0005/0.0005 | Train Loss 0.2112 | Valid Loss 0.3489 | Train Acc 92.6786 | Valid Acc 82.2917
2026-07-10 08:57:37 | TestSub: S5 | Epoch 27/100 Finsh | Now_lr 0.0005/0.0005 | Train Loss 0.2039 | Valid Loss 0.3506 | Train Acc 93.3036 | Valid Acc 84.3750
2026-07-10 08:57:37 | TestSub: S5 | Epoch 28/100 Finsh | Now_lr 0.0005/0.0005 | Train Loss 0.2062 | Valid Loss 0.3518 | Train Acc 93.3929 | Valid Acc 85.4167
2026-07-10 08:57:38 | TestSub: S5 | Epoch 29/100 Finsh | Now_lr 0.0005/0.0005 | Train Loss 0.1719 | Valid Loss 0.3676 | Train Acc 94.8214 | Valid Acc 83.3333
2026-07-10 08:57:38 | TestSub: S5 | Epoch 30/100 Finsh | Now_lr 0.0005/0.0005 | Train Loss 0.1884 | Valid Loss 0.3373 | Train Acc 92.5893 | Valid Acc 82.2917
2026-07-10 08:57:38 | Validation loss decreased (0.347930 --> 0.337297) in epoch (30). Saving model ...
2026-07-10 08:57:39 | TestSub: S5 | Epoch 31/100 Finsh | Now_lr 0.0005/0.0005 | Train Loss 0.1708 | Valid Loss 0.3300 | Train Acc 94.7321 | Valid Acc 82.2917
2026-07-10 08:57:39 | Validation loss decreased (0.337297 --> 0.330021) in epoch (31). Saving model ...
2026-07-10 08:57:39 | TestSub: S5 | Epoch 32/100 Finsh | Now_lr 0.0005/0.0005 | Train Loss 0.1703 | Valid Loss 0.3286 | Train Acc 94.7321 | Valid Acc 83.3333
2026-07-10 08:57:39 | Validation loss decreased (0.330021 --> 0.328562) in epoch (32). Saving model ...
2026-07-10 08:57:40 | TestSub: S5 | Epoch 33/100 Finsh | Now_lr 0.0005/0.0005 | Train Loss 0.1645 | Valid Loss 0.3075 | Train Acc 95.2679 | Valid Acc 85.4167
2026-07-10 08:57:40 | Validation loss decreased (0.328562 --> 0.307478) in epoch (33). Saving model ...
2026-07-10 08:57:41 | TestSub: S5 | Epoch 34/100 Finsh | Now_lr 0.0005/0.0005 | Train Loss 0.1595 | Valid Loss 0.3051 | Train Acc 94.5536 | Valid Acc 86.4583
2026-07-10 08:57:41 | Validation loss decreased (0.307478 --> 0.305135) in epoch (34). Saving model ...
2026-07-10 08:57:41 | TestSub: S5 | Epoch 35/100 Finsh | Now_lr 0.0005/0.0005 | Train Loss 0.1620 | Valid Loss 0.2846 | Train Acc 94.8214 | Valid Acc 86.4583
2026-07-10 08:57:41 | Validation loss decreased (0.305135 --> 0.284553) in epoch (35). Saving model ...
2026-07-10 08:57:42 | TestSub: S5 | Epoch 36/100 Finsh | Now_lr 0.0005/0.0005 | Train Loss 0.1652 | Valid Loss 0.2890 | Train Acc 94.8214 | Valid Acc 84.3750
2026-07-10 08:57:42 | TestSub: S5 | Epoch 37/100 Finsh | Now_lr 0.0005/0.0005 | Train Loss 0.1464 | Valid Loss 0.2936 | Train Acc 95.8036 | Valid Acc 85.4167
2026-07-10 08:57:43 | TestSub: S5 | Epoch 38/100 Finsh | Now_lr 0.0005/0.0005 | Train Loss 0.1481 | Valid Loss 0.3062 | Train Acc 95.4464 | Valid Acc 85.4167
2026-07-10 08:57:43 | TestSub: S5 | Epoch 39/100 Finsh | Now_lr 0.0005/0.0005 | Train Loss 0.1611 | Valid Loss 0.3082 | Train Acc 94.5536 | Valid Acc 85.4167
2026-07-10 08:57:44 | TestSub: S5 | Epoch 40/100 Finsh | Now_lr 0.0005/0.0005 | Train Loss 0.1367 | Valid Loss 0.3005 | Train Acc 95.3571 | Valid Acc 88.5417
2026-07-10 08:57:45 | TestSub: S5 | Epoch 41/100 Finsh | Now_lr 0.0005/0.0005 | Train Loss 0.1287 | Valid Loss 0.3033 | Train Acc 96.4286 | Valid Acc 86.4583
2026-07-10 08:57:45 | TestSub: S5 | Epoch 42/100 Finsh | Now_lr 0.0005/0.0005 | Train Loss 0.1292 | Valid Loss 0.3092 | Train Acc 96.0714 | Valid Acc 86.4583
2026-07-10 08:57:46 | TestSub: S5 | Epoch 43/100 Finsh | Now_lr 0.0005/0.0005 | Train Loss 0.1244 | Valid Loss 0.2909 | Train Acc 96.7857 | Valid Acc 87.5000
2026-07-10 08:57:46 | TestSub: S5 | Epoch 44/100 Finsh | Now_lr 0.0005/0.0005 | Train Loss 0.1361 | Valid Loss 0.2933 | Train Acc 95.9821 | Valid Acc 85.4167
2026-07-10 08:57:47 | TestSub: S5 | Epoch 45/100 Finsh | Now_lr 0.0005/0.0005 | Train Loss 0.1274 | Valid Loss 0.3063 | Train Acc 96.6964 | Valid Acc 86.4583
2026-07-10 08:57:47 | TestSub: S5 | Epoch 46/100 Finsh | Now_lr 0.0005/0.0005 | Train Loss 0.1101 | Valid Loss 0.2903 | Train Acc 97.4107 | Valid Acc 85.4167
2026-07-10 08:57:48 | TestSub: S5 | Epoch 47/100 Finsh | Now_lr 0.0005/0.0005 | Train Loss 0.1155 | Valid Loss 0.2777 | Train Acc 96.8750 | Valid Acc 85.4167
2026-07-10 08:57:48 | Validation loss decreased (0.284553 --> 0.277714) in epoch (47). Saving model ...
2026-07-10 08:57:48 | TestSub: S5 | Epoch 48/100 Finsh | Now_lr 0.0005/0.0005 | Train Loss 0.1202 | Valid Loss 0.2756 | Train Acc 96.4286 | Valid Acc 87.5000
2026-07-10 08:57:48 | Validation loss decreased (0.277714 --> 0.275573) in epoch (48). Saving model ...
2026-07-10 08:57:49 | TestSub: S5 | Epoch 49/100 Finsh | Now_lr 0.0005/0.0005 | Train Loss 0.1297 | Valid Loss 0.3127 | Train Acc 95.9821 | Valid Acc 86.4583
2026-07-10 08:57:49 | TestSub: S5 | Epoch 50/100 Finsh | Now_lr 0.0005/0.0005 | Train Loss 0.1022 | Valid Loss 0.2719 | Train Acc 97.5893 | Valid Acc 87.5000
2026-07-10 08:57:49 | Validation loss decreased (0.275573 --> 0.271876) in epoch (50). Saving model ...
2026-07-10 08:57:50 | TestSub: S5 | Epoch 51/100 Finsh | Now_lr 0.0005/0.0005 | Train Loss 0.1028 | Valid Loss 0.2797 | Train Acc 97.7679 | Valid Acc 86.4583
2026-07-10 08:57:50 | TestSub: S5 | Epoch 52/100 Finsh | Now_lr 0.0005/0.0005 | Train Loss 0.1123 | Valid Loss 0.2486 | Train Acc 96.4286 | Valid Acc 89.5833
2026-07-10 08:57:50 | Validation loss decreased (0.271876 --> 0.248616) in epoch (52). Saving model ...
2026-07-10 08:57:51 | TestSub: S5 | Epoch 53/100 Finsh | Now_lr 0.0005/0.0005 | Train Loss 0.0950 | Valid Loss 0.2434 | Train Acc 97.2321 | Valid Acc 87.5000
2026-07-10 08:57:51 | Validation loss decreased (0.248616 --> 0.243397) in epoch (53). Saving model ...
2026-07-10 08:57:51 | TestSub: S5 | Epoch 54/100 Finsh | Now_lr 0.0005/0.0005 | Train Loss 0.1022 | Valid Loss 0.2420 | Train Acc 96.9643 | Valid Acc 85.4167
2026-07-10 08:57:51 | Validation loss decreased (0.243397 --> 0.242003) in epoch (54). Saving model ...
2026-07-10 08:57:52 | TestSub: S5 | Epoch 55/100 Finsh | Now_lr 0.0005/0.0005 | Train Loss 0.0895 | Valid Loss 0.2401 | Train Acc 97.8571 | Valid Acc 87.5000
2026-07-10 08:57:52 | Validation loss decreased (0.242003 --> 0.240142) in epoch (55). Saving model ...
2026-07-10 08:57:53 | TestSub: S5 | Epoch 56/100 Finsh | Now_lr 0.0005/0.0005 | Train Loss 0.0986 | Valid Loss 0.2437 | Train Acc 97.0536 | Valid Acc 88.5417
2026-07-10 08:57:53 | TestSub: S5 | Epoch 57/100 Finsh | Now_lr 0.0005/0.0005 | Train Loss 0.0945 | Valid Loss 0.2446 | Train Acc 97.0536 | Valid Acc 87.5000
2026-07-10 08:57:54 | TestSub: S5 | Epoch 58/100 Finsh | Now_lr 0.0005/0.0005 | Train Loss 0.0961 | Valid Loss 0.2629 | Train Acc 97.3214 | Valid Acc 89.5833
2026-07-10 08:57:54 | TestSub: S5 | Epoch 59/100 Finsh | Now_lr 0.0005/0.0005 | Train Loss 0.0822 | Valid Loss 0.2700 | Train Acc 98.3929 | Valid Acc 88.5417
2026-07-10 08:57:55 | TestSub: S5 | Epoch 60/100 Finsh | Now_lr 0.0005/0.0005 | Train Loss 0.0902 | Valid Loss 0.2380 | Train Acc 97.5893 | Valid Acc 89.5833
2026-07-10 08:57:55 | Validation loss decreased (0.240142 --> 0.237959) in epoch (60). Saving model ...
2026-07-10 08:57:55 | TestSub: S5 | Epoch 61/100 Finsh | Now_lr 0.0005/0.0005 | Train Loss 0.0822 | Valid Loss 0.2610 | Train Acc 97.8571 | Valid Acc 89.5833
2026-07-10 08:57:56 | TestSub: S5 | Epoch 62/100 Finsh | Now_lr 0.0005/0.0005 | Train Loss 0.0867 | Valid Loss 0.2866 | Train Acc 97.5893 | Valid Acc 85.4167
2026-07-10 08:57:56 | TestSub: S5 | Epoch 63/100 Finsh | Now_lr 0.0005/0.0005 | Train Loss 0.0955 | Valid Loss 0.2379 | Train Acc 97.7679 | Valid Acc 88.5417
2026-07-10 08:57:56 | Validation loss decreased (0.237959 --> 0.237867) in epoch (63). Saving model ...
2026-07-10 08:57:57 | TestSub: S5 | Epoch 64/100 Finsh | Now_lr 0.0005/0.0005 | Train Loss 0.0808 | Valid Loss 0.2203 | Train Acc 97.9464 | Valid Acc 90.6250
2026-07-10 08:57:57 | Validation loss decreased (0.237867 --> 0.220343) in epoch (64). Saving model ...
2026-07-10 08:57:58 | TestSub: S5 | Epoch 65/100 Finsh | Now_lr 0.0005/0.0005 | Train Loss 0.0763 | Valid Loss 0.2384 | Train Acc 98.0357 | Valid Acc 89.5833
2026-07-10 08:57:58 | TestSub: S5 | Epoch 66/100 Finsh | Now_lr 0.0005/0.0005 | Train Loss 0.0704 | Valid Loss 0.2164 | Train Acc 98.7500 | Valid Acc 90.6250
2026-07-10 08:57:58 | Validation loss decreased (0.220343 --> 0.216449) in epoch (66). Saving model ...
2026-07-10 08:57:59 | TestSub: S5 | Epoch 67/100 Finsh | Now_lr 0.0005/0.0005 | Train Loss 0.0869 | Valid Loss 0.2235 | Train Acc 97.3214 | Valid Acc 88.5417
2026-07-10 08:57:59 | TestSub: S5 | Epoch 68/100 Finsh | Now_lr 0.0005/0.0005 | Train Loss 0.0743 | Valid Loss 0.2196 | Train Acc 97.9464 | Valid Acc 89.5833
2026-07-10 08:58:00 | TestSub: S5 | Epoch 69/100 Finsh | Now_lr 0.0005/0.0005 | Train Loss 0.0681 | Valid Loss 0.2211 | Train Acc 98.2143 | Valid Acc 89.5833
2026-07-10 08:58:00 | TestSub: S5 | Epoch 70/100 Finsh | Now_lr 0.0005/0.0005 | Train Loss 0.0748 | Valid Loss 0.2108 | Train Acc 98.1250 | Valid Acc 88.5417
2026-07-10 08:58:00 | Validation loss decreased (0.216449 --> 0.210840) in epoch (70). Saving model ...
2026-07-10 08:58:01 | TestSub: S5 | Epoch 71/100 Finsh | Now_lr 0.0005/0.0005 | Train Loss 0.0858 | Valid Loss 0.2172 | Train Acc 97.0536 | Valid Acc 86.4583
2026-07-10 08:58:01 | TestSub: S5 | Epoch 72/100 Finsh | Now_lr 0.0005/0.0005 | Train Loss 0.0765 | Valid Loss 0.2141 | Train Acc 98.1250 | Valid Acc 87.5000
2026-07-10 08:58:02 | TestSub: S5 | Epoch 73/100 Finsh | Now_lr 0.0005/0.0005 | Train Loss 0.0701 | Valid Loss 0.2404 | Train Acc 98.3929 | Valid Acc 87.5000
2026-07-10 08:58:02 | TestSub: S5 | Epoch 74/100 Finsh | Now_lr 0.0005/0.0005 | Train Loss 0.0744 | Valid Loss 0.2143 | Train Acc 98.8393 | Valid Acc 91.6667
2026-07-10 08:58:03 | TestSub: S5 | Epoch 75/100 Finsh | Now_lr 0.0005/0.0005 | Train Loss 0.0637 | Valid Loss 0.1988 | Train Acc 98.6607 | Valid Acc 91.6667
2026-07-10 08:58:03 | Validation loss decreased (0.210840 --> 0.198761) in epoch (75). Saving model ...
2026-07-10 08:58:04 | TestSub: S5 | Epoch 76/100 Finsh | Now_lr 0.0005/0.0005 | Train Loss 0.0631 | Valid Loss 0.2108 | Train Acc 98.3036 | Valid Acc 91.6667
2026-07-10 08:58:04 | TestSub: S5 | Epoch 77/100 Finsh | Now_lr 0.0005/0.0005 | Train Loss 0.0638 | Valid Loss 0.2252 | Train Acc 98.9286 | Valid Acc 90.6250
2026-07-10 08:58:05 | TestSub: S5 | Epoch 78/100 Finsh | Now_lr 0.0005/0.0005 | Train Loss 0.0618 | Valid Loss 0.1960 | Train Acc 98.3036 | Valid Acc 89.5833
2026-07-10 08:58:05 | Validation loss decreased (0.198761 --> 0.196034) in epoch (78). Saving model ...
2026-07-10 08:58:05 | TestSub: S5 | Epoch 79/100 Finsh | Now_lr 0.0005/0.0005 | Train Loss 0.0600 | Valid Loss 0.1854 | Train Acc 98.3036 | Valid Acc 91.6667
2026-07-10 08:58:05 | Validation loss decreased (0.196034 --> 0.185405) in epoch (79). Saving model ...
2026-07-10 08:58:06 | TestSub: S5 | Epoch 80/100 Finsh | Now_lr 0.0005/0.0005 | Train Loss 0.0588 | Valid Loss 0.2070 | Train Acc 98.8393 | Valid Acc 90.6250
2026-07-10 08:58:06 | TestSub: S5 | Epoch 81/100 Finsh | Now_lr 0.0005/0.0005 | Train Loss 0.0626 | Valid Loss 0.1907 | Train Acc 98.6607 | Valid Acc 91.6667
2026-07-10 08:58:07 | TestSub: S5 | Epoch 82/100 Finsh | Now_lr 0.0005/0.0005 | Train Loss 0.0578 | Valid Loss 0.2017 | Train Acc 98.9286 | Valid Acc 90.6250
2026-07-10 08:58:07 | TestSub: S5 | Epoch 83/100 Finsh | Now_lr 0.0005/0.0005 | Train Loss 0.0640 | Valid Loss 0.1842 | Train Acc 98.5714 | Valid Acc 91.6667
2026-07-10 08:58:07 | Validation loss decreased (0.185405 --> 0.184225) in epoch (83). Saving model ...
2026-07-10 08:58:08 | TestSub: S5 | Epoch 84/100 Finsh | Now_lr 0.0005/0.0005 | Train Loss 0.0605 | Valid Loss 0.1634 | Train Acc 98.2143 | Valid Acc 93.7500
2026-07-10 08:58:08 | Validation loss decreased (0.184225 --> 0.163409) in epoch (84). Saving model ...
2026-07-10 08:58:09 | TestSub: S5 | Epoch 85/100 Finsh | Now_lr 0.0005/0.0005 | Train Loss 0.0484 | Valid Loss 0.1820 | Train Acc 99.1964 | Valid Acc 91.6667
2026-07-10 08:58:09 | TestSub: S5 | Epoch 86/100 Finsh | Now_lr 0.0005/0.0005 | Train Loss 0.0578 | Valid Loss 0.1792 | Train Acc 98.8393 | Valid Acc 90.6250
2026-07-10 08:58:10 | TestSub: S5 | Epoch 87/100 Finsh | Now_lr 0.0005/0.0005 | Train Loss 0.0685 | Valid Loss 0.1880 | Train Acc 97.3214 | Valid Acc 90.6250
2026-07-10 08:58:10 | TestSub: S5 | Epoch 88/100 Finsh | Now_lr 0.0005/0.0005 | Train Loss 0.0609 | Valid Loss 0.1688 | Train Acc 98.3036 | Valid Acc 94.7917
2026-07-10 08:58:11 | TestSub: S5 | Epoch 89/100 Finsh | Now_lr 0.0005/0.0005 | Train Loss 0.0615 | Valid Loss 0.1660 | Train Acc 98.3036 | Valid Acc 93.7500
2026-07-10 08:58:11 | TestSub: S5 | Epoch 90/100 Finsh | Now_lr 0.0005/0.0005 | Train Loss 0.0507 | Valid Loss 0.1645 | Train Acc 99.4643 | Valid Acc 91.6667
2026-07-10 08:58:12 | TestSub: S5 | Epoch 91/100 Finsh | Now_lr 0.0005/0.0005 | Train Loss 0.0680 | Valid Loss 0.1681 | Train Acc 98.3036 | Valid Acc 94.7917
2026-07-10 08:58:12 | TestSub: S5 | Epoch 92/100 Finsh | Now_lr 0.0005/0.0005 | Train Loss 0.0497 | Valid Loss 0.1840 | Train Acc 98.9286 | Valid Acc 89.5833
2026-07-10 08:58:13 | TestSub: S5 | Epoch 93/100 Finsh | Now_lr 0.0005/0.0005 | Train Loss 0.0505 | Valid Loss 0.1599 | Train Acc 98.5714 | Valid Acc 94.7917
2026-07-10 08:58:13 | Validation loss decreased (0.163409 --> 0.159863) in epoch (93). Saving model ...
2026-07-10 08:58:13 | TestSub: S5 | Epoch 94/100 Finsh | Now_lr 0.0005/0.0005 | Train Loss 0.0516 | Valid Loss 0.1641 | Train Acc 98.4821 | Valid Acc 91.6667
2026-07-10 08:58:14 | TestSub: S5 | Epoch 95/100 Finsh | Now_lr 0.0005/0.0005 | Train Loss 0.0468 | Valid Loss 0.1728 | Train Acc 99.3750 | Valid Acc 92.7083
2026-07-10 08:58:14 | TestSub: S5 | Epoch 96/100 Finsh | Now_lr 0.0005/0.0005 | Train Loss 0.0496 | Valid Loss 0.1678 | Train Acc 99.2857 | Valid Acc 93.7500
2026-07-10 08:58:15 | TestSub: S5 | Epoch 97/100 Finsh | Now_lr 0.0005/0.0005 | Train Loss 0.0658 | Valid Loss 0.2008 | Train Acc 97.6786 | Valid Acc 91.6667
2026-07-10 08:58:15 | TestSub: S5 | Epoch 98/100 Finsh | Now_lr 0.0005/0.0005 | Train Loss 0.0563 | Valid Loss 0.1761 | Train Acc 98.1250 | Valid Acc 93.7500
2026-07-10 08:58:16 | TestSub: S5 | Epoch 99/100 Finsh | Now_lr 0.0005/0.0005 | Train Loss 0.0532 | Valid Loss 0.1509 | Train Acc 98.7500 | Valid Acc 94.7917
2026-07-10 08:58:16 | Validation loss decreased (0.159863 --> 0.150932) in epoch (99). Saving model ...
2026-07-10 08:58:17 | TestSub: S5 | Epoch 100/100 Finsh | Now_lr 0.0005/0.0005 | Train Loss 0.0430 | Valid Loss 0.1503 | Train Acc 99.1071 | Valid Acc 94.7917
2026-07-10 08:58:17 | Validation loss decreased (0.150932 --> 0.150318) in epoch (100). Saving model ...
2026-07-10 08:58:17 | --------------------------------------------------
2026-07-10 08:58:17 | Test_Subject :S5 | Best epoch:100 | Test Loss:0.3710 | Savemodel Acc 84.3750
2026-07-10 08:58:17 | --------------------------------------------------
2026-07-10 08:58:17 | Best epoch: 100 | Test acc: 84.3750
