2026-07-10 09:01:58 | Logging started: ./writer/Subject_dependent_AAD/DTU/2.0s/result//Train2.0s_sub10.log
2026-07-10 09:01:58 | Sub_id: 10
2026-07-10 09:02:00 | TestSub: S10 | Epoch  1/100 Finsh | Now_lr 0.0005/0.0005 | Train Loss 0.6992 | Valid Loss 0.6913 | Train Acc 52.9464 | Valid Acc 59.3750
2026-07-10 09:02:00 | Validation loss decreased (inf --> 0.691334) in epoch (1). Saving model ...
2026-07-10 09:02:00 | TestSub: S10 | Epoch  2/100 Finsh | Now_lr 0.0005/0.0005 | Train Loss 0.6533 | Valid Loss 0.6636 | Train Acc 60.1786 | Valid Acc 56.2500
2026-07-10 09:02:00 | Validation loss decreased (0.691334 --> 0.663629) in epoch (2). Saving model ...
2026-07-10 09:02:01 | TestSub: S10 | Epoch  3/100 Finsh | Now_lr 0.0005/0.0005 | Train Loss 0.5921 | Valid Loss 0.6086 | Train Acc 70.8929 | Valid Acc 69.7917
2026-07-10 09:02:01 | Validation loss decreased (0.663629 --> 0.608581) in epoch (3). Saving model ...
2026-07-10 09:02:02 | TestSub: S10 | Epoch  4/100 Finsh | Now_lr 0.0005/0.0005 | Train Loss 0.5317 | Valid Loss 0.5738 | Train Acc 73.7500 | Valid Acc 70.8333
2026-07-10 09:02:02 | Validation loss decreased (0.608581 --> 0.573803) in epoch (4). Saving model ...
2026-07-10 09:02:02 | TestSub: S10 | Epoch  5/100 Finsh | Now_lr 0.0005/0.0005 | Train Loss 0.4884 | Valid Loss 0.5505 | Train Acc 74.6429 | Valid Acc 69.7917
2026-07-10 09:02:02 | Validation loss decreased (0.573803 --> 0.550474) in epoch (5). Saving model ...
2026-07-10 09:02:03 | TestSub: S10 | Epoch  6/100 Finsh | Now_lr 0.0005/0.0005 | Train Loss 0.4651 | Valid Loss 0.5592 | Train Acc 76.6071 | Valid Acc 73.9583
2026-07-10 09:02:03 | TestSub: S10 | Epoch  7/100 Finsh | Now_lr 0.0005/0.0005 | Train Loss 0.4432 | Valid Loss 0.5276 | Train Acc 78.1250 | Valid Acc 69.7917
2026-07-10 09:02:03 | Validation loss decreased (0.550474 --> 0.527590) in epoch (7). Saving model ...
2026-07-10 09:02:04 | TestSub: S10 | Epoch  8/100 Finsh | Now_lr 0.0005/0.0005 | Train Loss 0.4204 | Valid Loss 0.5135 | Train Acc 79.7321 | Valid Acc 76.0417
2026-07-10 09:02:04 | Validation loss decreased (0.527590 --> 0.513465) in epoch (8). Saving model ...
2026-07-10 09:02:05 | TestSub: S10 | Epoch  9/100 Finsh | Now_lr 0.0005/0.0005 | Train Loss 0.3981 | Valid Loss 0.5171 | Train Acc 80.7143 | Valid Acc 75.0000
2026-07-10 09:02:05 | TestSub: S10 | Epoch 10/100 Finsh | Now_lr 0.0005/0.0005 | Train Loss 0.3703 | Valid Loss 0.4810 | Train Acc 82.9464 | Valid Acc 77.0833
2026-07-10 09:02:05 | Validation loss decreased (0.513465 --> 0.481038) in epoch (10). Saving model ...
2026-07-10 09:02:07 | TestSub: S10 | Epoch 11/100 Finsh | Now_lr 0.0005/0.0005 | Train Loss 0.3840 | Valid Loss 0.4995 | Train Acc 81.6964 | Valid Acc 78.1250
2026-07-10 09:02:07 | TestSub: S10 | Epoch 12/100 Finsh | Now_lr 0.0005/0.0005 | Train Loss 0.3254 | Valid Loss 0.4640 | Train Acc 86.7857 | Valid Acc 76.0417
2026-07-10 09:02:07 | Validation loss decreased (0.481038 --> 0.463950) in epoch (12). Saving model ...
2026-07-10 09:02:08 | TestSub: S10 | Epoch 13/100 Finsh | Now_lr 0.0005/0.0005 | Train Loss 0.3313 | Valid Loss 0.4523 | Train Acc 86.6071 | Valid Acc 78.1250
2026-07-10 09:02:08 | Validation loss decreased (0.463950 --> 0.452263) in epoch (13). Saving model ...
2026-07-10 09:02:09 | TestSub: S10 | Epoch 14/100 Finsh | Now_lr 0.0005/0.0005 | Train Loss 0.3123 | Valid Loss 0.4562 | Train Acc 87.0536 | Valid Acc 81.2500
2026-07-10 09:02:09 | TestSub: S10 | Epoch 15/100 Finsh | Now_lr 0.0005/0.0005 | Train Loss 0.2977 | Valid Loss 0.4462 | Train Acc 88.6607 | Valid Acc 81.2500
2026-07-10 09:02:09 | Validation loss decreased (0.452263 --> 0.446168) in epoch (15). Saving model ...
2026-07-10 09:02:10 | TestSub: S10 | Epoch 16/100 Finsh | Now_lr 0.0005/0.0005 | Train Loss 0.2924 | Valid Loss 0.4213 | Train Acc 88.7500 | Valid Acc 80.2083
2026-07-10 09:02:10 | Validation loss decreased (0.446168 --> 0.421299) in epoch (16). Saving model ...
2026-07-10 09:02:10 | TestSub: S10 | Epoch 17/100 Finsh | Now_lr 0.0005/0.0005 | Train Loss 0.2684 | Valid Loss 0.4300 | Train Acc 89.9107 | Valid Acc 82.2917
2026-07-10 09:02:11 | TestSub: S10 | Epoch 18/100 Finsh | Now_lr 0.0005/0.0005 | Train Loss 0.2655 | Valid Loss 0.4367 | Train Acc 88.9286 | Valid Acc 79.1667
2026-07-10 09:02:11 | TestSub: S10 | Epoch 19/100 Finsh | Now_lr 0.0005/0.0005 | Train Loss 0.2672 | Valid Loss 0.4556 | Train Acc 89.3750 | Valid Acc 80.2083
2026-07-10 09:02:12 | TestSub: S10 | Epoch 20/100 Finsh | Now_lr 0.0005/0.0005 | Train Loss 0.2541 | Valid Loss 0.3969 | Train Acc 91.0714 | Valid Acc 79.1667
2026-07-10 09:02:12 | Validation loss decreased (0.421299 --> 0.396852) in epoch (20). Saving model ...
2026-07-10 09:02:12 | TestSub: S10 | Epoch 21/100 Finsh | Now_lr 0.0005/0.0005 | Train Loss 0.2407 | Valid Loss 0.4073 | Train Acc 91.2500 | Valid Acc 79.1667
2026-07-10 09:02:13 | TestSub: S10 | Epoch 22/100 Finsh | Now_lr 0.0005/0.0005 | Train Loss 0.2292 | Valid Loss 0.4014 | Train Acc 91.1607 | Valid Acc 81.2500
2026-07-10 09:02:13 | TestSub: S10 | Epoch 23/100 Finsh | Now_lr 0.0005/0.0005 | Train Loss 0.2349 | Valid Loss 0.3819 | Train Acc 91.6071 | Valid Acc 83.3333
2026-07-10 09:02:13 | Validation loss decreased (0.396852 --> 0.381888) in epoch (23). Saving model ...
2026-07-10 09:02:14 | TestSub: S10 | Epoch 24/100 Finsh | Now_lr 0.0005/0.0005 | Train Loss 0.2139 | Valid Loss 0.4063 | Train Acc 92.9464 | Valid Acc 83.3333
2026-07-10 09:02:14 | TestSub: S10 | Epoch 25/100 Finsh | Now_lr 0.0005/0.0005 | Train Loss 0.2023 | Valid Loss 0.3923 | Train Acc 92.8571 | Valid Acc 83.3333
2026-07-10 09:02:15 | TestSub: S10 | Epoch 26/100 Finsh | Now_lr 0.0005/0.0005 | Train Loss 0.1979 | Valid Loss 0.4099 | Train Acc 93.3929 | Valid Acc 83.3333
2026-07-10 09:02:15 | TestSub: S10 | Epoch 27/100 Finsh | Now_lr 0.0005/0.0005 | Train Loss 0.1899 | Valid Loss 0.3654 | Train Acc 93.6607 | Valid Acc 83.3333
2026-07-10 09:02:15 | Validation loss decreased (0.381888 --> 0.365368) in epoch (27). Saving model ...
2026-07-10 09:02:16 | TestSub: S10 | Epoch 28/100 Finsh | Now_lr 0.0005/0.0005 | Train Loss 0.1807 | Valid Loss 0.4016 | Train Acc 94.4643 | Valid Acc 79.1667
2026-07-10 09:02:17 | TestSub: S10 | Epoch 29/100 Finsh | Now_lr 0.0005/0.0005 | Train Loss 0.1701 | Valid Loss 0.3608 | Train Acc 94.7321 | Valid Acc 84.3750
2026-07-10 09:02:17 | Validation loss decreased (0.365368 --> 0.360770) in epoch (29). Saving model ...
2026-07-10 09:02:17 | TestSub: S10 | Epoch 30/100 Finsh | Now_lr 0.0005/0.0005 | Train Loss 0.1710 | Valid Loss 0.3333 | Train Acc 94.7321 | Valid Acc 84.3750
2026-07-10 09:02:17 | Validation loss decreased (0.360770 --> 0.333335) in epoch (30). Saving model ...
2026-07-10 09:02:18 | TestSub: S10 | Epoch 31/100 Finsh | Now_lr 0.0005/0.0005 | Train Loss 0.1751 | Valid Loss 0.4443 | Train Acc 93.5714 | Valid Acc 80.2083
2026-07-10 09:02:19 | TestSub: S10 | Epoch 32/100 Finsh | Now_lr 0.0005/0.0005 | Train Loss 0.1835 | Valid Loss 0.3371 | Train Acc 93.4821 | Valid Acc 85.4167
2026-07-10 09:02:19 | TestSub: S10 | Epoch 33/100 Finsh | Now_lr 0.0005/0.0005 | Train Loss 0.1761 | Valid Loss 0.3888 | Train Acc 94.1964 | Valid Acc 82.2917
2026-07-10 09:02:20 | TestSub: S10 | Epoch 34/100 Finsh | Now_lr 0.0005/0.0005 | Train Loss 0.1621 | Valid Loss 0.3398 | Train Acc 94.2857 | Valid Acc 86.4583
2026-07-10 09:02:20 | TestSub: S10 | Epoch 35/100 Finsh | Now_lr 0.0005/0.0005 | Train Loss 0.1404 | Valid Loss 0.3440 | Train Acc 96.8750 | Valid Acc 85.4167
2026-07-10 09:02:21 | TestSub: S10 | Epoch 36/100 Finsh | Now_lr 0.0005/0.0005 | Train Loss 0.1472 | Valid Loss 0.3146 | Train Acc 95.1786 | Valid Acc 84.3750
2026-07-10 09:02:21 | Validation loss decreased (0.333335 --> 0.314623) in epoch (36). Saving model ...
2026-07-10 09:02:21 | TestSub: S10 | Epoch 37/100 Finsh | Now_lr 0.0005/0.0005 | Train Loss 0.1518 | Valid Loss 0.3385 | Train Acc 94.5536 | Valid Acc 84.3750
2026-07-10 09:02:22 | TestSub: S10 | Epoch 38/100 Finsh | Now_lr 0.0005/0.0005 | Train Loss 0.1339 | Valid Loss 0.3408 | Train Acc 96.2500 | Valid Acc 85.4167
2026-07-10 09:02:22 | TestSub: S10 | Epoch 39/100 Finsh | Now_lr 0.0005/0.0005 | Train Loss 0.1408 | Valid Loss 0.2942 | Train Acc 95.8929 | Valid Acc 86.4583
2026-07-10 09:02:22 | Validation loss decreased (0.314623 --> 0.294246) in epoch (39). Saving model ...
2026-07-10 09:02:23 | TestSub: S10 | Epoch 40/100 Finsh | Now_lr 0.0005/0.0005 | Train Loss 0.1237 | Valid Loss 0.3289 | Train Acc 96.5179 | Valid Acc 85.4167
2026-07-10 09:02:23 | TestSub: S10 | Epoch 41/100 Finsh | Now_lr 0.0005/0.0005 | Train Loss 0.1306 | Valid Loss 0.2906 | Train Acc 96.7857 | Valid Acc 87.5000
2026-07-10 09:02:23 | Validation loss decreased (0.294246 --> 0.290603) in epoch (41). Saving model ...
2026-07-10 09:02:24 | TestSub: S10 | Epoch 42/100 Finsh | Now_lr 0.0005/0.0005 | Train Loss 0.1244 | Valid Loss 0.3193 | Train Acc 95.7143 | Valid Acc 84.3750
2026-07-10 09:02:24 | TestSub: S10 | Epoch 43/100 Finsh | Now_lr 0.0005/0.0005 | Train Loss 0.1233 | Valid Loss 0.3089 | Train Acc 96.2500 | Valid Acc 84.3750
2026-07-10 09:02:25 | TestSub: S10 | Epoch 44/100 Finsh | Now_lr 0.0005/0.0005 | Train Loss 0.1122 | Valid Loss 0.2674 | Train Acc 96.7857 | Valid Acc 87.5000
2026-07-10 09:02:25 | Validation loss decreased (0.290603 --> 0.267402) in epoch (44). Saving model ...
2026-07-10 09:02:25 | TestSub: S10 | Epoch 45/100 Finsh | Now_lr 0.0005/0.0005 | Train Loss 0.1069 | Valid Loss 0.2613 | Train Acc 97.4107 | Valid Acc 87.5000
2026-07-10 09:02:25 | Validation loss decreased (0.267402 --> 0.261329) in epoch (45). Saving model ...
2026-07-10 09:02:26 | TestSub: S10 | Epoch 46/100 Finsh | Now_lr 0.0005/0.0005 | Train Loss 0.1076 | Valid Loss 0.2931 | Train Acc 97.0536 | Valid Acc 86.4583
2026-07-10 09:02:26 | TestSub: S10 | Epoch 47/100 Finsh | Now_lr 0.0005/0.0005 | Train Loss 0.1042 | Valid Loss 0.2939 | Train Acc 97.0536 | Valid Acc 84.3750
2026-07-10 09:02:27 | TestSub: S10 | Epoch 48/100 Finsh | Now_lr 0.0005/0.0005 | Train Loss 0.0895 | Valid Loss 0.3130 | Train Acc 98.5714 | Valid Acc 85.4167
2026-07-10 09:02:27 | TestSub: S10 | Epoch 49/100 Finsh | Now_lr 0.0005/0.0005 | Train Loss 0.0969 | Valid Loss 0.2663 | Train Acc 97.7679 | Valid Acc 85.4167
2026-07-10 09:02:28 | TestSub: S10 | Epoch 50/100 Finsh | Now_lr 0.0005/0.0005 | Train Loss 0.0927 | Valid Loss 0.3139 | Train Acc 97.6786 | Valid Acc 84.3750
2026-07-10 09:02:28 | TestSub: S10 | Epoch 51/100 Finsh | Now_lr 0.0005/0.0005 | Train Loss 0.1091 | Valid Loss 0.2595 | Train Acc 96.3393 | Valid Acc 87.5000
2026-07-10 09:02:28 | Validation loss decreased (0.261329 --> 0.259509) in epoch (51). Saving model ...
2026-07-10 09:02:29 | TestSub: S10 | Epoch 52/100 Finsh | Now_lr 0.0005/0.0005 | Train Loss 0.1061 | Valid Loss 0.2421 | Train Acc 96.6071 | Valid Acc 88.5417
2026-07-10 09:02:29 | Validation loss decreased (0.259509 --> 0.242100) in epoch (52). Saving model ...
2026-07-10 09:02:30 | TestSub: S10 | Epoch 53/100 Finsh | Now_lr 0.0005/0.0005 | Train Loss 0.0937 | Valid Loss 0.2197 | Train Acc 97.5000 | Valid Acc 90.6250
2026-07-10 09:02:30 | Validation loss decreased (0.242100 --> 0.219708) in epoch (53). Saving model ...
2026-07-10 09:02:30 | TestSub: S10 | Epoch 54/100 Finsh | Now_lr 0.0005/0.0005 | Train Loss 0.1184 | Valid Loss 0.3067 | Train Acc 95.4464 | Valid Acc 84.3750
2026-07-10 09:02:31 | TestSub: S10 | Epoch 55/100 Finsh | Now_lr 0.0005/0.0005 | Train Loss 0.0951 | Valid Loss 0.2156 | Train Acc 97.4107 | Valid Acc 89.5833
2026-07-10 09:02:31 | Validation loss decreased (0.219708 --> 0.215569) in epoch (55). Saving model ...
2026-07-10 09:02:31 | TestSub: S10 | Epoch 56/100 Finsh | Now_lr 0.0005/0.0005 | Train Loss 0.1043 | Valid Loss 0.2411 | Train Acc 97.0536 | Valid Acc 89.5833
2026-07-10 09:02:32 | TestSub: S10 | Epoch 57/100 Finsh | Now_lr 0.0005/0.0005 | Train Loss 0.0842 | Valid Loss 0.2333 | Train Acc 98.2143 | Valid Acc 87.5000
2026-07-10 09:02:32 | TestSub: S10 | Epoch 58/100 Finsh | Now_lr 0.0005/0.0005 | Train Loss 0.0896 | Valid Loss 0.2349 | Train Acc 97.5893 | Valid Acc 88.5417
2026-07-10 09:02:33 | TestSub: S10 | Epoch 59/100 Finsh | Now_lr 0.0005/0.0005 | Train Loss 0.0847 | Valid Loss 0.2683 | Train Acc 97.9464 | Valid Acc 87.5000
2026-07-10 09:02:33 | TestSub: S10 | Epoch 60/100 Finsh | Now_lr 0.0005/0.0005 | Train Loss 0.0850 | Valid Loss 0.1865 | Train Acc 97.4107 | Valid Acc 91.6667
2026-07-10 09:02:33 | Validation loss decreased (0.215569 --> 0.186482) in epoch (60). Saving model ...
2026-07-10 09:02:34 | TestSub: S10 | Epoch 61/100 Finsh | Now_lr 0.0005/0.0005 | Train Loss 0.0942 | Valid Loss 0.2170 | Train Acc 96.4286 | Valid Acc 89.5833
2026-07-10 09:02:34 | TestSub: S10 | Epoch 62/100 Finsh | Now_lr 0.0005/0.0005 | Train Loss 0.0932 | Valid Loss 0.2748 | Train Acc 97.6786 | Valid Acc 86.4583
2026-07-10 09:02:35 | TestSub: S10 | Epoch 63/100 Finsh | Now_lr 0.0005/0.0005 | Train Loss 0.0945 | Valid Loss 0.2483 | Train Acc 96.7857 | Valid Acc 89.5833
2026-07-10 09:02:35 | TestSub: S10 | Epoch 64/100 Finsh | Now_lr 0.0005/0.0005 | Train Loss 0.0877 | Valid Loss 0.2040 | Train Acc 97.8571 | Valid Acc 89.5833
2026-07-10 09:02:36 | TestSub: S10 | Epoch 65/100 Finsh | Now_lr 0.0005/0.0005 | Train Loss 0.0757 | Valid Loss 0.3028 | Train Acc 97.7679 | Valid Acc 83.3333
2026-07-10 09:02:36 | TestSub: S10 | Epoch 66/100 Finsh | Now_lr 0.0005/0.0005 | Train Loss 0.0753 | Valid Loss 0.2225 | Train Acc 98.3036 | Valid Acc 88.5417
2026-07-10 09:02:37 | TestSub: S10 | Epoch 67/100 Finsh | Now_lr 0.0005/0.0005 | Train Loss 0.0894 | Valid Loss 0.1882 | Train Acc 97.0536 | Valid Acc 89.5833
2026-07-10 09:02:37 | TestSub: S10 | Epoch 68/100 Finsh | Now_lr 0.0005/0.0005 | Train Loss 0.0689 | Valid Loss 0.2320 | Train Acc 98.0357 | Valid Acc 88.5417
2026-07-10 09:02:38 | TestSub: S10 | Epoch 69/100 Finsh | Now_lr 0.0005/0.0005 | Train Loss 0.0769 | Valid Loss 0.2130 | Train Acc 97.6786 | Valid Acc 88.5417
2026-07-10 09:02:39 | TestSub: S10 | Epoch 70/100 Finsh | Now_lr 0.0005/0.0005 | Train Loss 0.0833 | Valid Loss 0.2092 | Train Acc 97.4107 | Valid Acc 88.5417
2026-07-10 09:02:39 | TestSub: S10 | Epoch 71/100 Finsh | Now_lr 0.0005/0.0005 | Train Loss 0.0695 | Valid Loss 0.2921 | Train Acc 98.0357 | Valid Acc 85.4167
2026-07-10 09:02:40 | TestSub: S10 | Epoch 72/100 Finsh | Now_lr 0.0005/0.0005 | Train Loss 0.0828 | Valid Loss 0.1875 | Train Acc 97.2321 | Valid Acc 91.6667
2026-07-10 09:02:40 | TestSub: S10 | Epoch 73/100 Finsh | Now_lr 0.0005/0.0005 | Train Loss 0.0721 | Valid Loss 0.2171 | Train Acc 97.3214 | Valid Acc 88.5417
2026-07-10 09:02:41 | TestSub: S10 | Epoch 74/100 Finsh | Now_lr 0.0005/0.0005 | Train Loss 0.0752 | Valid Loss 0.2068 | Train Acc 97.9464 | Valid Acc 89.5833
2026-07-10 09:02:41 | TestSub: S10 | Epoch 75/100 Finsh | Now_lr 0.0005/0.0005 | Train Loss 0.0691 | Valid Loss 0.1660 | Train Acc 97.9464 | Valid Acc 92.7083
2026-07-10 09:02:41 | Validation loss decreased (0.186482 --> 0.166046) in epoch (75). Saving model ...
2026-07-10 09:02:42 | TestSub: S10 | Epoch 76/100 Finsh | Now_lr 0.0005/0.0005 | Train Loss 0.0839 | Valid Loss 0.2195 | Train Acc 97.0536 | Valid Acc 89.5833
2026-07-10 09:02:42 | TestSub: S10 | Epoch 77/100 Finsh | Now_lr 0.0005/0.0005 | Train Loss 0.0644 | Valid Loss 0.1651 | Train Acc 98.2143 | Valid Acc 92.7083
2026-07-10 09:02:42 | Validation loss decreased (0.166046 --> 0.165084) in epoch (77). Saving model ...
2026-07-10 09:02:43 | TestSub: S10 | Epoch 78/100 Finsh | Now_lr 0.0005/0.0005 | Train Loss 0.0833 | Valid Loss 0.2230 | Train Acc 97.2321 | Valid Acc 90.6250
2026-07-10 09:02:44 | TestSub: S10 | Epoch 79/100 Finsh | Now_lr 0.0005/0.0005 | Train Loss 0.0697 | Valid Loss 0.1624 | Train Acc 97.5893 | Valid Acc 94.7917
2026-07-10 09:02:44 | Validation loss decreased (0.165084 --> 0.162359) in epoch (79). Saving model ...
2026-07-10 09:02:44 | TestSub: S10 | Epoch 80/100 Finsh | Now_lr 0.0005/0.0005 | Train Loss 0.0619 | Valid Loss 0.2298 | Train Acc 98.0357 | Valid Acc 88.5417
2026-07-10 09:02:45 | TestSub: S10 | Epoch 81/100 Finsh | Now_lr 0.0005/0.0005 | Train Loss 0.0716 | Valid Loss 0.2058 | Train Acc 97.8571 | Valid Acc 91.6667
2026-07-10 09:02:45 | TestSub: S10 | Epoch 82/100 Finsh | Now_lr 0.0005/0.0005 | Train Loss 0.0714 | Valid Loss 0.1909 | Train Acc 97.6786 | Valid Acc 91.6667
2026-07-10 09:02:46 | TestSub: S10 | Epoch 83/100 Finsh | Now_lr 0.0005/0.0005 | Train Loss 0.0632 | Valid Loss 0.2227 | Train Acc 98.2143 | Valid Acc 87.5000
2026-07-10 09:02:46 | TestSub: S10 | Epoch 84/100 Finsh | Now_lr 0.0005/0.0005 | Train Loss 0.0699 | Valid Loss 0.1834 | Train Acc 97.4107 | Valid Acc 91.6667
2026-07-10 09:02:47 | TestSub: S10 | Epoch 85/100 Finsh | Now_lr 0.0005/0.0005 | Train Loss 0.0627 | Valid Loss 0.2236 | Train Acc 98.1250 | Valid Acc 87.5000
2026-07-10 09:02:47 | TestSub: S10 | Epoch 86/100 Finsh | Now_lr 0.0005/0.0005 | Train Loss 0.0513 | Valid Loss 0.2028 | Train Acc 98.6607 | Valid Acc 89.5833
2026-07-10 09:02:48 | TestSub: S10 | Epoch 87/100 Finsh | Now_lr 0.0005/0.0005 | Train Loss 0.0539 | Valid Loss 0.1774 | Train Acc 98.4821 | Valid Acc 91.6667
2026-07-10 09:02:48 | TestSub: S10 | Epoch 88/100 Finsh | Now_lr 0.0005/0.0005 | Train Loss 0.0891 | Valid Loss 0.2005 | Train Acc 97.2321 | Valid Acc 89.5833
2026-07-10 09:02:49 | TestSub: S10 | Epoch 89/100 Finsh | Now_lr 0.0005/0.0005 | Train Loss 0.0672 | Valid Loss 0.1916 | Train Acc 98.1250 | Valid Acc 89.5833
2026-07-10 09:02:49 | TestSub: S10 | Epoch 90/100 Finsh | Now_lr 0.0005/0.0005 | Train Loss 0.0528 | Valid Loss 0.1963 | Train Acc 98.5714 | Valid Acc 90.6250
2026-07-10 09:02:50 | TestSub: S10 | Epoch 91/100 Finsh | Now_lr 0.0005/0.0005 | Train Loss 0.0570 | Valid Loss 0.1881 | Train Acc 98.3036 | Valid Acc 91.6667
2026-07-10 09:02:50 | TestSub: S10 | Epoch 92/100 Finsh | Now_lr 0.0005/0.0005 | Train Loss 0.0639 | Valid Loss 0.1938 | Train Acc 97.9464 | Valid Acc 91.6667
2026-07-10 09:02:51 | TestSub: S10 | Epoch 93/100 Finsh | Now_lr 0.0005/0.0005 | Train Loss 0.0478 | Valid Loss 0.1760 | Train Acc 98.8393 | Valid Acc 91.6667
2026-07-10 09:02:51 | TestSub: S10 | Epoch 94/100 Finsh | Now_lr 0.0005/0.0005 | Train Loss 0.0555 | Valid Loss 0.1817 | Train Acc 98.4821 | Valid Acc 90.6250
2026-07-10 09:02:52 | TestSub: S10 | Epoch 95/100 Finsh | Now_lr 0.0005/0.0005 | Train Loss 0.0516 | Valid Loss 0.1622 | Train Acc 98.5714 | Valid Acc 91.6667
2026-07-10 09:02:52 | Validation loss decreased (0.162359 --> 0.162189) in epoch (95). Saving model ...
2026-07-10 09:02:52 | TestSub: S10 | Epoch 96/100 Finsh | Now_lr 0.0005/0.0005 | Train Loss 0.0563 | Valid Loss 0.2062 | Train Acc 98.1250 | Valid Acc 90.6250
2026-07-10 09:02:53 | TestSub: S10 | Epoch 97/100 Finsh | Now_lr 0.0005/0.0005 | Train Loss 0.0629 | Valid Loss 0.1964 | Train Acc 98.5714 | Valid Acc 92.7083
2026-07-10 09:02:53 | TestSub: S10 | Epoch 98/100 Finsh | Now_lr 0.0005/0.0005 | Train Loss 0.0557 | Valid Loss 0.1971 | Train Acc 98.6607 | Valid Acc 90.6250
2026-07-10 09:02:54 | TestSub: S10 | Epoch 99/100 Finsh | Now_lr 0.0005/0.0005 | Train Loss 0.0606 | Valid Loss 0.1508 | Train Acc 97.6786 | Valid Acc 93.7500
2026-07-10 09:02:54 | Validation loss decreased (0.162189 --> 0.150777) in epoch (99). Saving model ...
2026-07-10 09:02:55 | TestSub: S10 | Epoch 100/100 Finsh | Now_lr 0.0005/0.0005 | Train Loss 0.0509 | Valid Loss 0.1861 | Train Acc 98.8393 | Valid Acc 91.6667
2026-07-10 09:02:55 | --------------------------------------------------
2026-07-10 09:02:55 | Test_Subject :S10 | Best epoch:99 | Test Loss:0.4646 | Savemodel Acc 83.7500
2026-07-10 09:02:55 | --------------------------------------------------
2026-07-10 09:02:55 | Best epoch: 99 | Test acc: 83.7500
