2026-07-10 08:59:13 | Logging started: ./writer/Subject_dependent_AAD/DTU/2.0s/result//Train2.0s_sub7.log
2026-07-10 08:59:14 | Sub_id: 7
2026-07-10 08:59:16 | TestSub: S7 | Epoch  1/100 Finsh | Now_lr 0.0005/0.0005 | Train Loss 0.7008 | Valid Loss 0.6696 | Train Acc 52.7679 | Valid Acc 61.4583
2026-07-10 08:59:16 | Validation loss decreased (inf --> 0.669583) in epoch (1). Saving model ...
2026-07-10 08:59:16 | TestSub: S7 | Epoch  2/100 Finsh | Now_lr 0.0005/0.0005 | Train Loss 0.6718 | Valid Loss 0.6594 | Train Acc 59.1071 | Valid Acc 61.4583
2026-07-10 08:59:16 | Validation loss decreased (0.669583 --> 0.659444) in epoch (2). Saving model ...
2026-07-10 08:59:17 | TestSub: S7 | Epoch  3/100 Finsh | Now_lr 0.0005/0.0005 | Train Loss 0.6363 | Valid Loss 0.6255 | Train Acc 65.1786 | Valid Acc 70.8333
2026-07-10 08:59:17 | Validation loss decreased (0.659444 --> 0.625535) in epoch (3). Saving model ...
2026-07-10 08:59:17 | TestSub: S7 | Epoch  4/100 Finsh | Now_lr 0.0005/0.0005 | Train Loss 0.5817 | Valid Loss 0.5535 | Train Acc 73.5714 | Valid Acc 79.1667
2026-07-10 08:59:17 | Validation loss decreased (0.625535 --> 0.553485) in epoch (4). Saving model ...
2026-07-10 08:59:18 | TestSub: S7 | Epoch  5/100 Finsh | Now_lr 0.0005/0.0005 | Train Loss 0.5199 | Valid Loss 0.4863 | Train Acc 77.6786 | Valid Acc 81.2500
2026-07-10 08:59:18 | Validation loss decreased (0.553485 --> 0.486276) in epoch (5). Saving model ...
2026-07-10 08:59:19 | TestSub: S7 | Epoch  6/100 Finsh | Now_lr 0.0005/0.0005 | Train Loss 0.4522 | Valid Loss 0.4395 | Train Acc 81.1607 | Valid Acc 78.1250
2026-07-10 08:59:19 | Validation loss decreased (0.486276 --> 0.439537) in epoch (6). Saving model ...
2026-07-10 08:59:20 | TestSub: S7 | Epoch  7/100 Finsh | Now_lr 0.0005/0.0005 | Train Loss 0.4084 | Valid Loss 0.4160 | Train Acc 83.8393 | Valid Acc 80.2083
2026-07-10 08:59:20 | Validation loss decreased (0.439537 --> 0.416014) in epoch (7). Saving model ...
2026-07-10 08:59:20 | TestSub: S7 | Epoch  8/100 Finsh | Now_lr 0.0005/0.0005 | Train Loss 0.3936 | Valid Loss 0.4019 | Train Acc 82.9464 | Valid Acc 81.2500
2026-07-10 08:59:20 | Validation loss decreased (0.416014 --> 0.401928) in epoch (8). Saving model ...
2026-07-10 08:59:21 | TestSub: S7 | Epoch  9/100 Finsh | Now_lr 0.0005/0.0005 | Train Loss 0.3579 | Valid Loss 0.3891 | Train Acc 85.1786 | Valid Acc 82.2917
2026-07-10 08:59:21 | Validation loss decreased (0.401928 --> 0.389090) in epoch (9). Saving model ...
2026-07-10 08:59:21 | TestSub: S7 | Epoch 10/100 Finsh | Now_lr 0.0005/0.0005 | Train Loss 0.3456 | Valid Loss 0.3823 | Train Acc 85.9821 | Valid Acc 83.3333
2026-07-10 08:59:21 | Validation loss decreased (0.389090 --> 0.382286) in epoch (10). Saving model ...
2026-07-10 08:59:22 | TestSub: S7 | Epoch 11/100 Finsh | Now_lr 0.0005/0.0005 | Train Loss 0.3237 | Valid Loss 0.3667 | Train Acc 86.6964 | Valid Acc 83.3333
2026-07-10 08:59:22 | Validation loss decreased (0.382286 --> 0.366712) in epoch (11). Saving model ...
2026-07-10 08:59:22 | TestSub: S7 | Epoch 12/100 Finsh | Now_lr 0.0005/0.0005 | Train Loss 0.3065 | Valid Loss 0.3614 | Train Acc 86.8750 | Valid Acc 81.2500
2026-07-10 08:59:22 | Validation loss decreased (0.366712 --> 0.361353) in epoch (12). Saving model ...
2026-07-10 08:59:23 | TestSub: S7 | Epoch 13/100 Finsh | Now_lr 0.0005/0.0005 | Train Loss 0.2969 | Valid Loss 0.3576 | Train Acc 87.3214 | Valid Acc 81.2500
2026-07-10 08:59:23 | Validation loss decreased (0.361353 --> 0.357628) in epoch (13). Saving model ...
2026-07-10 08:59:24 | TestSub: S7 | Epoch 14/100 Finsh | Now_lr 0.0005/0.0005 | Train Loss 0.2681 | Valid Loss 0.3307 | Train Acc 89.2857 | Valid Acc 84.3750
2026-07-10 08:59:24 | Validation loss decreased (0.357628 --> 0.330720) in epoch (14). Saving model ...
2026-07-10 08:59:24 | TestSub: S7 | Epoch 15/100 Finsh | Now_lr 0.0005/0.0005 | Train Loss 0.2500 | Valid Loss 0.3210 | Train Acc 90.8929 | Valid Acc 85.4167
2026-07-10 08:59:24 | Validation loss decreased (0.330720 --> 0.320986) in epoch (15). Saving model ...
2026-07-10 08:59:25 | TestSub: S7 | Epoch 16/100 Finsh | Now_lr 0.0005/0.0005 | Train Loss 0.2438 | Valid Loss 0.3064 | Train Acc 91.5179 | Valid Acc 83.3333
2026-07-10 08:59:25 | Validation loss decreased (0.320986 --> 0.306415) in epoch (16). Saving model ...
2026-07-10 08:59:25 | TestSub: S7 | Epoch 17/100 Finsh | Now_lr 0.0005/0.0005 | Train Loss 0.2279 | Valid Loss 0.2918 | Train Acc 91.4286 | Valid Acc 84.3750
2026-07-10 08:59:25 | Validation loss decreased (0.306415 --> 0.291766) in epoch (17). Saving model ...
2026-07-10 08:59:26 | TestSub: S7 | Epoch 18/100 Finsh | Now_lr 0.0005/0.0005 | Train Loss 0.2246 | Valid Loss 0.2830 | Train Acc 90.6250 | Valid Acc 87.5000
2026-07-10 08:59:26 | Validation loss decreased (0.291766 --> 0.282956) in epoch (18). Saving model ...
2026-07-10 08:59:26 | TestSub: S7 | Epoch 19/100 Finsh | Now_lr 0.0005/0.0005 | Train Loss 0.2110 | Valid Loss 0.2775 | Train Acc 92.4107 | Valid Acc 84.3750
2026-07-10 08:59:26 | Validation loss decreased (0.282956 --> 0.277538) in epoch (19). Saving model ...
2026-07-10 08:59:27 | TestSub: S7 | Epoch 20/100 Finsh | Now_lr 0.0005/0.0005 | Train Loss 0.1936 | Valid Loss 0.2706 | Train Acc 92.6786 | Valid Acc 85.4167
2026-07-10 08:59:27 | Validation loss decreased (0.277538 --> 0.270578) in epoch (20). Saving model ...
2026-07-10 08:59:28 | TestSub: S7 | Epoch 21/100 Finsh | Now_lr 0.0005/0.0005 | Train Loss 0.1917 | Valid Loss 0.3088 | Train Acc 93.2143 | Valid Acc 81.2500
2026-07-10 08:59:28 | TestSub: S7 | Epoch 22/100 Finsh | Now_lr 0.0005/0.0005 | Train Loss 0.1875 | Valid Loss 0.2625 | Train Acc 93.2143 | Valid Acc 89.5833
2026-07-10 08:59:28 | Validation loss decreased (0.270578 --> 0.262498) in epoch (22). Saving model ...
2026-07-10 08:59:29 | TestSub: S7 | Epoch 23/100 Finsh | Now_lr 0.0005/0.0005 | Train Loss 0.1799 | Valid Loss 0.2319 | Train Acc 93.5714 | Valid Acc 88.5417
2026-07-10 08:59:29 | Validation loss decreased (0.262498 --> 0.231891) in epoch (23). Saving model ...
2026-07-10 08:59:30 | TestSub: S7 | Epoch 24/100 Finsh | Now_lr 0.0005/0.0005 | Train Loss 0.1699 | Valid Loss 0.2223 | Train Acc 94.1964 | Valid Acc 89.5833
2026-07-10 08:59:30 | Validation loss decreased (0.231891 --> 0.222338) in epoch (24). Saving model ...
2026-07-10 08:59:30 | TestSub: S7 | Epoch 25/100 Finsh | Now_lr 0.0005/0.0005 | Train Loss 0.1617 | Valid Loss 0.2256 | Train Acc 94.1964 | Valid Acc 90.6250
2026-07-10 08:59:31 | TestSub: S7 | Epoch 26/100 Finsh | Now_lr 0.0005/0.0005 | Train Loss 0.1504 | Valid Loss 0.2221 | Train Acc 95.4464 | Valid Acc 87.5000
2026-07-10 08:59:31 | Validation loss decreased (0.222338 --> 0.222131) in epoch (26). Saving model ...
2026-07-10 08:59:31 | TestSub: S7 | Epoch 27/100 Finsh | Now_lr 0.0005/0.0005 | Train Loss 0.1454 | Valid Loss 0.2215 | Train Acc 95.2679 | Valid Acc 89.5833
2026-07-10 08:59:31 | Validation loss decreased (0.222131 --> 0.221496) in epoch (27). Saving model ...
2026-07-10 08:59:32 | TestSub: S7 | Epoch 28/100 Finsh | Now_lr 0.0005/0.0005 | Train Loss 0.1394 | Valid Loss 0.2073 | Train Acc 95.3571 | Valid Acc 91.6667
2026-07-10 08:59:32 | Validation loss decreased (0.221496 --> 0.207262) in epoch (28). Saving model ...
2026-07-10 08:59:32 | TestSub: S7 | Epoch 29/100 Finsh | Now_lr 0.0005/0.0005 | Train Loss 0.1357 | Valid Loss 0.2017 | Train Acc 96.1607 | Valid Acc 90.6250
2026-07-10 08:59:32 | Validation loss decreased (0.207262 --> 0.201701) in epoch (29). Saving model ...
2026-07-10 08:59:33 | TestSub: S7 | Epoch 30/100 Finsh | Now_lr 0.0005/0.0005 | Train Loss 0.1208 | Valid Loss 0.1924 | Train Acc 96.4286 | Valid Acc 89.5833
2026-07-10 08:59:33 | Validation loss decreased (0.201701 --> 0.192407) in epoch (30). Saving model ...
2026-07-10 08:59:34 | TestSub: S7 | Epoch 31/100 Finsh | Now_lr 0.0005/0.0005 | Train Loss 0.1372 | Valid Loss 0.1820 | Train Acc 95.4464 | Valid Acc 93.7500
2026-07-10 08:59:34 | Validation loss decreased (0.192407 --> 0.181955) in epoch (31). Saving model ...
2026-07-10 08:59:34 | TestSub: S7 | Epoch 32/100 Finsh | Now_lr 0.0005/0.0005 | Train Loss 0.1183 | Valid Loss 0.1811 | Train Acc 96.8750 | Valid Acc 91.6667
2026-07-10 08:59:34 | Validation loss decreased (0.181955 --> 0.181126) in epoch (32). Saving model ...
2026-07-10 08:59:35 | TestSub: S7 | Epoch 33/100 Finsh | Now_lr 0.0005/0.0005 | Train Loss 0.1293 | Valid Loss 0.1771 | Train Acc 95.5357 | Valid Acc 90.6250
2026-07-10 08:59:35 | Validation loss decreased (0.181126 --> 0.177124) in epoch (33). Saving model ...
2026-07-10 08:59:35 | TestSub: S7 | Epoch 34/100 Finsh | Now_lr 0.0005/0.0005 | Train Loss 0.1121 | Valid Loss 0.1671 | Train Acc 96.7857 | Valid Acc 93.7500
2026-07-10 08:59:35 | Validation loss decreased (0.177124 --> 0.167067) in epoch (34). Saving model ...
2026-07-10 08:59:36 | TestSub: S7 | Epoch 35/100 Finsh | Now_lr 0.0005/0.0005 | Train Loss 0.1148 | Valid Loss 0.1763 | Train Acc 96.5179 | Valid Acc 92.7083
2026-07-10 08:59:36 | TestSub: S7 | Epoch 36/100 Finsh | Now_lr 0.0005/0.0005 | Train Loss 0.1075 | Valid Loss 0.1606 | Train Acc 96.3393 | Valid Acc 93.7500
2026-07-10 08:59:36 | Validation loss decreased (0.167067 --> 0.160575) in epoch (36). Saving model ...
2026-07-10 08:59:37 | TestSub: S7 | Epoch 37/100 Finsh | Now_lr 0.0005/0.0005 | Train Loss 0.0928 | Valid Loss 0.1671 | Train Acc 97.4107 | Valid Acc 92.7083
2026-07-10 08:59:37 | TestSub: S7 | Epoch 38/100 Finsh | Now_lr 0.0005/0.0005 | Train Loss 0.1148 | Valid Loss 0.1699 | Train Acc 96.1607 | Valid Acc 93.7500
2026-07-10 08:59:38 | TestSub: S7 | Epoch 39/100 Finsh | Now_lr 0.0005/0.0005 | Train Loss 0.1036 | Valid Loss 0.1673 | Train Acc 96.9643 | Valid Acc 93.7500
2026-07-10 08:59:39 | TestSub: S7 | Epoch 40/100 Finsh | Now_lr 0.0005/0.0005 | Train Loss 0.1062 | Valid Loss 0.1687 | Train Acc 95.9821 | Valid Acc 93.7500
2026-07-10 08:59:39 | TestSub: S7 | Epoch 41/100 Finsh | Now_lr 0.0005/0.0005 | Train Loss 0.1096 | Valid Loss 0.1545 | Train Acc 96.4286 | Valid Acc 92.7083
2026-07-10 08:59:39 | Validation loss decreased (0.160575 --> 0.154483) in epoch (41). Saving model ...
2026-07-10 08:59:40 | TestSub: S7 | Epoch 42/100 Finsh | Now_lr 0.0005/0.0005 | Train Loss 0.0799 | Valid Loss 0.1610 | Train Acc 98.3036 | Valid Acc 93.7500
2026-07-10 08:59:40 | TestSub: S7 | Epoch 43/100 Finsh | Now_lr 0.0005/0.0005 | Train Loss 0.0990 | Valid Loss 0.1651 | Train Acc 96.7857 | Valid Acc 92.7083
2026-07-10 08:59:41 | TestSub: S7 | Epoch 44/100 Finsh | Now_lr 0.0005/0.0005 | Train Loss 0.0922 | Valid Loss 0.1752 | Train Acc 96.8750 | Valid Acc 93.7500
2026-07-10 08:59:41 | TestSub: S7 | Epoch 45/100 Finsh | Now_lr 0.0005/0.0005 | Train Loss 0.0856 | Valid Loss 0.1417 | Train Acc 97.8571 | Valid Acc 93.7500
2026-07-10 08:59:41 | Validation loss decreased (0.154483 --> 0.141664) in epoch (45). Saving model ...
2026-07-10 08:59:42 | TestSub: S7 | Epoch 46/100 Finsh | Now_lr 0.0005/0.0005 | Train Loss 0.0869 | Valid Loss 0.1354 | Train Acc 97.5000 | Valid Acc 93.7500
2026-07-10 08:59:42 | Validation loss decreased (0.141664 --> 0.135434) in epoch (46). Saving model ...
2026-07-10 08:59:42 | TestSub: S7 | Epoch 47/100 Finsh | Now_lr 0.0005/0.0005 | Train Loss 0.0819 | Valid Loss 0.1349 | Train Acc 97.4107 | Valid Acc 94.7917
2026-07-10 08:59:42 | Validation loss decreased (0.135434 --> 0.134878) in epoch (47). Saving model ...
2026-07-10 08:59:43 | TestSub: S7 | Epoch 48/100 Finsh | Now_lr 0.0005/0.0005 | Train Loss 0.0778 | Valid Loss 0.1628 | Train Acc 98.0357 | Valid Acc 93.7500
2026-07-10 08:59:43 | TestSub: S7 | Epoch 49/100 Finsh | Now_lr 0.0005/0.0005 | Train Loss 0.0764 | Valid Loss 0.1365 | Train Acc 98.2143 | Valid Acc 93.7500
2026-07-10 08:59:44 | TestSub: S7 | Epoch 50/100 Finsh | Now_lr 0.0005/0.0005 | Train Loss 0.0731 | Valid Loss 0.1343 | Train Acc 97.9464 | Valid Acc 93.7500
2026-07-10 08:59:44 | Validation loss decreased (0.134878 --> 0.134345) in epoch (50). Saving model ...
2026-07-10 08:59:44 | TestSub: S7 | Epoch 51/100 Finsh | Now_lr 0.0005/0.0005 | Train Loss 0.0951 | Valid Loss 0.1544 | Train Acc 96.6071 | Valid Acc 95.8333
2026-07-10 08:59:45 | TestSub: S7 | Epoch 52/100 Finsh | Now_lr 0.0005/0.0005 | Train Loss 0.0800 | Valid Loss 0.1142 | Train Acc 97.5000 | Valid Acc 95.8333
2026-07-10 08:59:45 | Validation loss decreased (0.134345 --> 0.114179) in epoch (52). Saving model ...
2026-07-10 08:59:46 | TestSub: S7 | Epoch 53/100 Finsh | Now_lr 0.0005/0.0005 | Train Loss 0.0807 | Valid Loss 0.1215 | Train Acc 97.6786 | Valid Acc 95.8333
2026-07-10 08:59:46 | TestSub: S7 | Epoch 54/100 Finsh | Now_lr 0.0005/0.0005 | Train Loss 0.0660 | Valid Loss 0.1096 | Train Acc 98.3036 | Valid Acc 95.8333
2026-07-10 08:59:46 | Validation loss decreased (0.114179 --> 0.109555) in epoch (54). Saving model ...
2026-07-10 08:59:47 | TestSub: S7 | Epoch 55/100 Finsh | Now_lr 0.0005/0.0005 | Train Loss 0.0692 | Valid Loss 0.1161 | Train Acc 98.0357 | Valid Acc 94.7917
2026-07-10 08:59:47 | TestSub: S7 | Epoch 56/100 Finsh | Now_lr 0.0005/0.0005 | Train Loss 0.0761 | Valid Loss 0.1052 | Train Acc 97.7679 | Valid Acc 97.9167
2026-07-10 08:59:47 | Validation loss decreased (0.109555 --> 0.105232) in epoch (56). Saving model ...
2026-07-10 08:59:48 | TestSub: S7 | Epoch 57/100 Finsh | Now_lr 0.0005/0.0005 | Train Loss 0.0587 | Valid Loss 0.1225 | Train Acc 98.5714 | Valid Acc 95.8333
2026-07-10 08:59:49 | TestSub: S7 | Epoch 58/100 Finsh | Now_lr 0.0005/0.0005 | Train Loss 0.0833 | Valid Loss 0.1266 | Train Acc 97.5000 | Valid Acc 95.8333
2026-07-10 08:59:49 | TestSub: S7 | Epoch 59/100 Finsh | Now_lr 0.0005/0.0005 | Train Loss 0.0743 | Valid Loss 0.1197 | Train Acc 97.6786 | Valid Acc 96.8750
2026-07-10 08:59:50 | TestSub: S7 | Epoch 60/100 Finsh | Now_lr 0.0005/0.0005 | Train Loss 0.0665 | Valid Loss 0.1183 | Train Acc 98.5714 | Valid Acc 94.7917
2026-07-10 08:59:50 | TestSub: S7 | Epoch 61/100 Finsh | Now_lr 0.0005/0.0005 | Train Loss 0.0622 | Valid Loss 0.1130 | Train Acc 98.4821 | Valid Acc 96.8750
2026-07-10 08:59:51 | TestSub: S7 | Epoch 62/100 Finsh | Now_lr 0.0005/0.0005 | Train Loss 0.0732 | Valid Loss 0.1107 | Train Acc 97.5000 | Valid Acc 97.9167
2026-07-10 08:59:51 | TestSub: S7 | Epoch 63/100 Finsh | Now_lr 0.0005/0.0005 | Train Loss 0.0735 | Valid Loss 0.1178 | Train Acc 97.8571 | Valid Acc 95.8333
2026-07-10 08:59:52 | TestSub: S7 | Epoch 64/100 Finsh | Now_lr 0.0005/0.0005 | Train Loss 0.0689 | Valid Loss 0.1125 | Train Acc 97.7679 | Valid Acc 96.8750
2026-07-10 08:59:52 | TestSub: S7 | Epoch 65/100 Finsh | Now_lr 0.0005/0.0005 | Train Loss 0.0525 | Valid Loss 0.0991 | Train Acc 99.0179 | Valid Acc 96.8750
2026-07-10 08:59:52 | Validation loss decreased (0.105232 --> 0.099059) in epoch (65). Saving model ...
2026-07-10 08:59:53 | TestSub: S7 | Epoch 66/100 Finsh | Now_lr 0.0005/0.0005 | Train Loss 0.0681 | Valid Loss 0.1635 | Train Acc 97.5000 | Valid Acc 93.7500
2026-07-10 08:59:53 | TestSub: S7 | Epoch 67/100 Finsh | Now_lr 0.0005/0.0005 | Train Loss 0.0908 | Valid Loss 0.1342 | Train Acc 96.6964 | Valid Acc 93.7500
2026-07-10 08:59:54 | TestSub: S7 | Epoch 68/100 Finsh | Now_lr 0.0005/0.0005 | Train Loss 0.0558 | Valid Loss 0.1087 | Train Acc 98.3929 | Valid Acc 94.7917
2026-07-10 08:59:54 | TestSub: S7 | Epoch 69/100 Finsh | Now_lr 0.0005/0.0005 | Train Loss 0.0534 | Valid Loss 0.1177 | Train Acc 98.5714 | Valid Acc 96.8750
2026-07-10 08:59:55 | TestSub: S7 | Epoch 70/100 Finsh | Now_lr 0.0005/0.0005 | Train Loss 0.0535 | Valid Loss 0.1002 | Train Acc 98.8393 | Valid Acc 96.8750
2026-07-10 08:59:55 | TestSub: S7 | Epoch 71/100 Finsh | Now_lr 0.0005/0.0005 | Train Loss 0.0635 | Valid Loss 0.1172 | Train Acc 98.3929 | Valid Acc 95.8333
2026-07-10 08:59:56 | TestSub: S7 | Epoch 72/100 Finsh | Now_lr 0.0005/0.0005 | Train Loss 0.0487 | Valid Loss 0.0917 | Train Acc 98.7500 | Valid Acc 97.9167
2026-07-10 08:59:56 | Validation loss decreased (0.099059 --> 0.091695) in epoch (72). Saving model ...
2026-07-10 08:59:57 | TestSub: S7 | Epoch 73/100 Finsh | Now_lr 0.0005/0.0005 | Train Loss 0.0557 | Valid Loss 0.1023 | Train Acc 98.5714 | Valid Acc 95.8333
2026-07-10 08:59:57 | TestSub: S7 | Epoch 74/100 Finsh | Now_lr 0.0005/0.0005 | Train Loss 0.0425 | Valid Loss 0.1035 | Train Acc 99.1071 | Valid Acc 95.8333
2026-07-10 08:59:58 | TestSub: S7 | Epoch 75/100 Finsh | Now_lr 0.0005/0.0005 | Train Loss 0.0486 | Valid Loss 0.1130 | Train Acc 98.9286 | Valid Acc 95.8333
2026-07-10 08:59:58 | TestSub: S7 | Epoch 76/100 Finsh | Now_lr 0.0005/0.0005 | Train Loss 0.0412 | Valid Loss 0.1010 | Train Acc 99.3750 | Valid Acc 97.9167
2026-07-10 08:59:59 | TestSub: S7 | Epoch 77/100 Finsh | Now_lr 0.0005/0.0005 | Train Loss 0.0431 | Valid Loss 0.0913 | Train Acc 99.0179 | Valid Acc 97.9167
2026-07-10 08:59:59 | Validation loss decreased (0.091695 --> 0.091281) in epoch (77). Saving model ...
2026-07-10 08:59:59 | TestSub: S7 | Epoch 78/100 Finsh | Now_lr 0.0005/0.0005 | Train Loss 0.0408 | Valid Loss 0.0902 | Train Acc 99.6429 | Valid Acc 97.9167
2026-07-10 08:59:59 | Validation loss decreased (0.091281 --> 0.090174) in epoch (78). Saving model ...
2026-07-10 09:00:00 | TestSub: S7 | Epoch 79/100 Finsh | Now_lr 0.0005/0.0005 | Train Loss 0.0546 | Valid Loss 0.0905 | Train Acc 98.1250 | Valid Acc 98.9583
2026-07-10 09:00:00 | TestSub: S7 | Epoch 80/100 Finsh | Now_lr 0.0005/0.0005 | Train Loss 0.0540 | Valid Loss 0.1195 | Train Acc 98.7500 | Valid Acc 93.7500
2026-07-10 09:00:01 | TestSub: S7 | Epoch 81/100 Finsh | Now_lr 0.0005/0.0005 | Train Loss 0.0428 | Valid Loss 0.0922 | Train Acc 99.0179 | Valid Acc 96.8750
2026-07-10 09:00:01 | TestSub: S7 | Epoch 82/100 Finsh | Now_lr 0.0005/0.0005 | Train Loss 0.0525 | Valid Loss 0.0970 | Train Acc 98.4821 | Valid Acc 96.8750
2026-07-10 09:00:02 | TestSub: S7 | Epoch 83/100 Finsh | Now_lr 0.0005/0.0005 | Train Loss 0.0523 | Valid Loss 0.0975 | Train Acc 98.7500 | Valid Acc 96.8750
2026-07-10 09:00:02 | TestSub: S7 | Epoch 84/100 Finsh | Now_lr 0.0005/0.0005 | Train Loss 0.0473 | Valid Loss 0.0907 | Train Acc 98.7500 | Valid Acc 96.8750
2026-07-10 09:00:03 | TestSub: S7 | Epoch 85/100 Finsh | Now_lr 0.0005/0.0005 | Train Loss 0.0417 | Valid Loss 0.0998 | Train Acc 99.1071 | Valid Acc 93.7500
2026-07-10 09:00:03 | TestSub: S7 | Epoch 86/100 Finsh | Now_lr 0.0005/0.0005 | Train Loss 0.0500 | Valid Loss 0.1270 | Train Acc 98.7500 | Valid Acc 95.8333
2026-07-10 09:00:04 | TestSub: S7 | Epoch 87/100 Finsh | Now_lr 0.0005/0.0005 | Train Loss 0.0356 | Valid Loss 0.1140 | Train Acc 99.1071 | Valid Acc 95.8333
2026-07-10 09:00:04 | TestSub: S7 | Epoch 88/100 Finsh | Now_lr 0.0005/0.0005 | Train Loss 0.0427 | Valid Loss 0.0966 | Train Acc 98.9286 | Valid Acc 96.8750
2026-07-10 09:00:05 | TestSub: S7 | Epoch 89/100 Finsh | Now_lr 0.0005/0.0005 | Train Loss 0.0582 | Valid Loss 0.0958 | Train Acc 98.1250 | Valid Acc 97.9167
2026-07-10 09:00:05 | TestSub: S7 | Epoch 90/100 Finsh | Now_lr 0.0005/0.0005 | Train Loss 0.0434 | Valid Loss 0.0919 | Train Acc 98.8393 | Valid Acc 97.9167
2026-07-10 09:00:06 | TestSub: S7 | Epoch 91/100 Finsh | Now_lr 0.0005/0.0005 | Train Loss 0.0440 | Valid Loss 0.1028 | Train Acc 98.7500 | Valid Acc 96.8750
2026-07-10 09:00:06 | TestSub: S7 | Epoch 92/100 Finsh | Now_lr 0.0005/0.0005 | Train Loss 0.0542 | Valid Loss 0.0979 | Train Acc 98.3929 | Valid Acc 97.9167
2026-07-10 09:00:07 | TestSub: S7 | Epoch 93/100 Finsh | Now_lr 0.0005/0.0005 | Train Loss 0.0458 | Valid Loss 0.0941 | Train Acc 98.6607 | Valid Acc 97.9167
2026-07-10 09:00:07 | TestSub: S7 | Epoch 94/100 Finsh | Now_lr 0.0005/0.0005 | Train Loss 0.0444 | Valid Loss 0.0851 | Train Acc 98.8393 | Valid Acc 97.9167
2026-07-10 09:00:07 | Validation loss decreased (0.090174 --> 0.085052) in epoch (94). Saving model ...
2026-07-10 09:00:08 | TestSub: S7 | Epoch 95/100 Finsh | Now_lr 0.0005/0.0005 | Train Loss 0.0511 | Valid Loss 0.0828 | Train Acc 98.4821 | Valid Acc 97.9167
2026-07-10 09:00:08 | Validation loss decreased (0.085052 --> 0.082777) in epoch (95). Saving model ...
2026-07-10 09:00:09 | TestSub: S7 | Epoch 96/100 Finsh | Now_lr 0.0005/0.0005 | Train Loss 0.0401 | Valid Loss 0.0937 | Train Acc 99.1071 | Valid Acc 97.9167
2026-07-10 09:00:09 | TestSub: S7 | Epoch 97/100 Finsh | Now_lr 0.0005/0.0005 | Train Loss 0.0411 | Valid Loss 0.0901 | Train Acc 98.8393 | Valid Acc 97.9167
2026-07-10 09:00:10 | TestSub: S7 | Epoch 98/100 Finsh | Now_lr 0.0005/0.0005 | Train Loss 0.0456 | Valid Loss 0.0799 | Train Acc 99.1964 | Valid Acc 97.9167
2026-07-10 09:00:10 | Validation loss decreased (0.082777 --> 0.079886) in epoch (98). Saving model ...
2026-07-10 09:00:10 | TestSub: S7 | Epoch 99/100 Finsh | Now_lr 0.0005/0.0005 | Train Loss 0.0352 | Valid Loss 0.0868 | Train Acc 99.0179 | Valid Acc 96.8750
2026-07-10 09:00:11 | TestSub: S7 | Epoch 100/100 Finsh | Now_lr 0.0005/0.0005 | Train Loss 0.0460 | Valid Loss 0.1036 | Train Acc 98.4821 | Valid Acc 95.8333
2026-07-10 09:00:11 | --------------------------------------------------
2026-07-10 09:00:11 | Test_Subject :S7 | Best epoch:98 | Test Loss:0.3406 | Savemodel Acc 91.2500
2026-07-10 09:00:11 | --------------------------------------------------
2026-07-10 09:00:11 | Best epoch: 98 | Test acc: 91.2500
