2026-07-10 08:53:45 | Logging started: ./writer/Subject_dependent_AAD/DTU/2.0s/result//Train2.0s_sub1.log
2026-07-10 08:53:45 | Sub_id: 1
2026-07-10 08:53:51 | TestSub: S1 | Epoch  1/100 Finsh | Now_lr 0.0005/0.0005 | Train Loss 0.6937 | Valid Loss 0.7949 | Train Acc 55.1786 | Valid Acc 42.7083
2026-07-10 08:53:51 | Validation loss decreased (inf --> 0.794921) in epoch (1). Saving model ...
2026-07-10 08:53:52 | TestSub: S1 | Epoch  2/100 Finsh | Now_lr 0.0005/0.0005 | Train Loss 0.6298 | Valid Loss 0.7232 | Train Acc 65.0893 | Valid Acc 39.5833
2026-07-10 08:53:52 | Validation loss decreased (0.794921 --> 0.723224) in epoch (2). Saving model ...
2026-07-10 08:53:52 | TestSub: S1 | Epoch  3/100 Finsh | Now_lr 0.0005/0.0005 | Train Loss 0.5743 | Valid Loss 0.6221 | Train Acc 70.8929 | Valid Acc 71.8750
2026-07-10 08:53:52 | Validation loss decreased (0.723224 --> 0.622106) in epoch (3). Saving model ...
2026-07-10 08:53:53 | TestSub: S1 | Epoch  4/100 Finsh | Now_lr 0.0005/0.0005 | Train Loss 0.5253 | Valid Loss 0.5748 | Train Acc 74.3750 | Valid Acc 70.8333
2026-07-10 08:53:53 | Validation loss decreased (0.622106 --> 0.574782) in epoch (4). Saving model ...
2026-07-10 08:53:53 | TestSub: S1 | Epoch  5/100 Finsh | Now_lr 0.0005/0.0005 | Train Loss 0.4764 | Valid Loss 0.5439 | Train Acc 76.6964 | Valid Acc 75.0000
2026-07-10 08:53:53 | Validation loss decreased (0.574782 --> 0.543917) in epoch (5). Saving model ...
2026-07-10 08:53:54 | TestSub: S1 | Epoch  6/100 Finsh | Now_lr 0.0005/0.0005 | Train Loss 0.4383 | Valid Loss 0.5273 | Train Acc 79.9107 | Valid Acc 75.0000
2026-07-10 08:53:54 | Validation loss decreased (0.543917 --> 0.527339) in epoch (6). Saving model ...
2026-07-10 08:53:55 | TestSub: S1 | Epoch  7/100 Finsh | Now_lr 0.0005/0.0005 | Train Loss 0.4209 | Valid Loss 0.5195 | Train Acc 80.0893 | Valid Acc 73.9583
2026-07-10 08:53:55 | Validation loss decreased (0.527339 --> 0.519528) in epoch (7). Saving model ...
2026-07-10 08:53:55 | TestSub: S1 | Epoch  8/100 Finsh | Now_lr 0.0005/0.0005 | Train Loss 0.4067 | Valid Loss 0.4997 | Train Acc 80.8929 | Valid Acc 73.9583
2026-07-10 08:53:55 | Validation loss decreased (0.519528 --> 0.499655) in epoch (8). Saving model ...
2026-07-10 08:53:56 | TestSub: S1 | Epoch  9/100 Finsh | Now_lr 0.0005/0.0005 | Train Loss 0.3787 | Valid Loss 0.4893 | Train Acc 83.2143 | Valid Acc 77.0833
2026-07-10 08:53:56 | Validation loss decreased (0.499655 --> 0.489286) in epoch (9). Saving model ...
2026-07-10 08:53:56 | TestSub: S1 | Epoch 10/100 Finsh | Now_lr 0.0005/0.0005 | Train Loss 0.3481 | Valid Loss 0.4803 | Train Acc 85.2679 | Valid Acc 76.0417
2026-07-10 08:53:56 | Validation loss decreased (0.489286 --> 0.480334) in epoch (10). Saving model ...
2026-07-10 08:53:57 | TestSub: S1 | Epoch 11/100 Finsh | Now_lr 0.0005/0.0005 | Train Loss 0.3341 | Valid Loss 0.4716 | Train Acc 84.2857 | Valid Acc 75.0000
2026-07-10 08:53:57 | Validation loss decreased (0.480334 --> 0.471645) in epoch (11). Saving model ...
2026-07-10 08:53:58 | TestSub: S1 | Epoch 12/100 Finsh | Now_lr 0.0005/0.0005 | Train Loss 0.3242 | Valid Loss 0.4652 | Train Acc 85.9821 | Valid Acc 77.0833
2026-07-10 08:53:58 | Validation loss decreased (0.471645 --> 0.465174) in epoch (12). Saving model ...
2026-07-10 08:53:58 | TestSub: S1 | Epoch 13/100 Finsh | Now_lr 0.0005/0.0005 | Train Loss 0.2942 | Valid Loss 0.4319 | Train Acc 87.0536 | Valid Acc 76.0417
2026-07-10 08:53:58 | Validation loss decreased (0.465174 --> 0.431853) in epoch (13). Saving model ...
2026-07-10 08:53:59 | TestSub: S1 | Epoch 14/100 Finsh | Now_lr 0.0005/0.0005 | Train Loss 0.2963 | Valid Loss 0.4439 | Train Acc 87.5893 | Valid Acc 75.0000
2026-07-10 08:53:59 | TestSub: S1 | Epoch 15/100 Finsh | Now_lr 0.0005/0.0005 | Train Loss 0.2803 | Valid Loss 0.4158 | Train Acc 87.9464 | Valid Acc 79.1667
2026-07-10 08:53:59 | Validation loss decreased (0.431853 --> 0.415839) in epoch (15). Saving model ...
2026-07-10 08:54:00 | TestSub: S1 | Epoch 16/100 Finsh | Now_lr 0.0005/0.0005 | Train Loss 0.2590 | Valid Loss 0.3903 | Train Acc 89.1964 | Valid Acc 83.3333
2026-07-10 08:54:00 | Validation loss decreased (0.415839 --> 0.390274) in epoch (16). Saving model ...
2026-07-10 08:54:00 | TestSub: S1 | Epoch 17/100 Finsh | Now_lr 0.0005/0.0005 | Train Loss 0.2450 | Valid Loss 0.3850 | Train Acc 90.1786 | Valid Acc 81.2500
2026-07-10 08:54:00 | Validation loss decreased (0.390274 --> 0.384995) in epoch (17). Saving model ...
2026-07-10 08:54:01 | TestSub: S1 | Epoch 18/100 Finsh | Now_lr 0.0005/0.0005 | Train Loss 0.2349 | Valid Loss 0.3774 | Train Acc 90.8929 | Valid Acc 83.3333
2026-07-10 08:54:01 | Validation loss decreased (0.384995 --> 0.377352) in epoch (18). Saving model ...
2026-07-10 08:54:01 | TestSub: S1 | Epoch 19/100 Finsh | Now_lr 0.0005/0.0005 | Train Loss 0.2352 | Valid Loss 0.3758 | Train Acc 91.7857 | Valid Acc 81.2500
2026-07-10 08:54:01 | Validation loss decreased (0.377352 --> 0.375805) in epoch (19). Saving model ...
2026-07-10 08:54:02 | TestSub: S1 | Epoch 20/100 Finsh | Now_lr 0.0005/0.0005 | Train Loss 0.2013 | Valid Loss 0.3666 | Train Acc 92.8571 | Valid Acc 83.3333
2026-07-10 08:54:02 | Validation loss decreased (0.375805 --> 0.366619) in epoch (20). Saving model ...
2026-07-10 08:54:02 | TestSub: S1 | Epoch 21/100 Finsh | Now_lr 0.0005/0.0005 | Train Loss 0.2013 | Valid Loss 0.3446 | Train Acc 92.3214 | Valid Acc 82.2917
2026-07-10 08:54:02 | Validation loss decreased (0.366619 --> 0.344617) in epoch (21). Saving model ...
2026-07-10 08:54:03 | TestSub: S1 | Epoch 22/100 Finsh | Now_lr 0.0005/0.0005 | Train Loss 0.1923 | Valid Loss 0.3476 | Train Acc 93.7500 | Valid Acc 83.3333
2026-07-10 08:54:04 | TestSub: S1 | Epoch 23/100 Finsh | Now_lr 0.0005/0.0005 | Train Loss 0.1740 | Valid Loss 0.3049 | Train Acc 94.6429 | Valid Acc 84.3750
2026-07-10 08:54:04 | Validation loss decreased (0.344617 --> 0.304872) in epoch (23). Saving model ...
2026-07-10 08:54:04 | TestSub: S1 | Epoch 24/100 Finsh | Now_lr 0.0005/0.0005 | Train Loss 0.1712 | Valid Loss 0.3080 | Train Acc 94.4643 | Valid Acc 84.3750
2026-07-10 08:54:05 | TestSub: S1 | Epoch 25/100 Finsh | Now_lr 0.0005/0.0005 | Train Loss 0.1618 | Valid Loss 0.2988 | Train Acc 94.7321 | Valid Acc 84.3750
2026-07-10 08:54:05 | Validation loss decreased (0.304872 --> 0.298807) in epoch (25). Saving model ...
2026-07-10 08:54:05 | TestSub: S1 | Epoch 26/100 Finsh | Now_lr 0.0005/0.0005 | Train Loss 0.1515 | Valid Loss 0.3087 | Train Acc 95.6250 | Valid Acc 83.3333
2026-07-10 08:54:06 | TestSub: S1 | Epoch 27/100 Finsh | Now_lr 0.0005/0.0005 | Train Loss 0.1416 | Valid Loss 0.2870 | Train Acc 95.3571 | Valid Acc 84.3750
2026-07-10 08:54:06 | Validation loss decreased (0.298807 --> 0.287018) in epoch (27). Saving model ...
2026-07-10 08:54:06 | TestSub: S1 | Epoch 28/100 Finsh | Now_lr 0.0005/0.0005 | Train Loss 0.1312 | Valid Loss 0.2813 | Train Acc 96.0714 | Valid Acc 84.3750
2026-07-10 08:54:06 | Validation loss decreased (0.287018 --> 0.281330) in epoch (28). Saving model ...
2026-07-10 08:54:07 | TestSub: S1 | Epoch 29/100 Finsh | Now_lr 0.0005/0.0005 | Train Loss 0.1335 | Valid Loss 0.2662 | Train Acc 96.0714 | Valid Acc 86.4583
2026-07-10 08:54:07 | Validation loss decreased (0.281330 --> 0.266231) in epoch (29). Saving model ...
2026-07-10 08:54:07 | TestSub: S1 | Epoch 30/100 Finsh | Now_lr 0.0005/0.0005 | Train Loss 0.1318 | Valid Loss 0.2454 | Train Acc 96.0714 | Valid Acc 89.5833
2026-07-10 08:54:07 | Validation loss decreased (0.266231 --> 0.245360) in epoch (30). Saving model ...
2026-07-10 08:54:08 | TestSub: S1 | Epoch 31/100 Finsh | Now_lr 0.0005/0.0005 | Train Loss 0.1240 | Valid Loss 0.2425 | Train Acc 96.4286 | Valid Acc 86.4583
2026-07-10 08:54:08 | Validation loss decreased (0.245360 --> 0.242490) in epoch (31). Saving model ...
2026-07-10 08:54:09 | TestSub: S1 | Epoch 32/100 Finsh | Now_lr 0.0005/0.0005 | Train Loss 0.1094 | Valid Loss 0.2443 | Train Acc 97.4107 | Valid Acc 85.4167
2026-07-10 08:54:09 | TestSub: S1 | Epoch 33/100 Finsh | Now_lr 0.0005/0.0005 | Train Loss 0.1139 | Valid Loss 0.2280 | Train Acc 96.4286 | Valid Acc 87.5000
2026-07-10 08:54:09 | Validation loss decreased (0.242490 --> 0.228016) in epoch (33). Saving model ...
2026-07-10 08:54:10 | TestSub: S1 | Epoch 34/100 Finsh | Now_lr 0.0005/0.0005 | Train Loss 0.1067 | Valid Loss 0.2380 | Train Acc 96.3393 | Valid Acc 88.5417
2026-07-10 08:54:10 | TestSub: S1 | Epoch 35/100 Finsh | Now_lr 0.0005/0.0005 | Train Loss 0.1093 | Valid Loss 0.2385 | Train Acc 96.8750 | Valid Acc 88.5417
2026-07-10 08:54:11 | TestSub: S1 | Epoch 36/100 Finsh | Now_lr 0.0005/0.0005 | Train Loss 0.1072 | Valid Loss 0.2267 | Train Acc 96.8750 | Valid Acc 87.5000
2026-07-10 08:54:11 | Validation loss decreased (0.228016 --> 0.226663) in epoch (36). Saving model ...
2026-07-10 08:54:11 | TestSub: S1 | Epoch 37/100 Finsh | Now_lr 0.0005/0.0005 | Train Loss 0.1024 | Valid Loss 0.2253 | Train Acc 97.0536 | Valid Acc 89.5833
2026-07-10 08:54:11 | Validation loss decreased (0.226663 --> 0.225267) in epoch (37). Saving model ...
2026-07-10 08:54:12 | TestSub: S1 | Epoch 38/100 Finsh | Now_lr 0.0005/0.0005 | Train Loss 0.0867 | Valid Loss 0.2248 | Train Acc 97.9464 | Valid Acc 88.5417
2026-07-10 08:54:12 | Validation loss decreased (0.225267 --> 0.224784) in epoch (38). Saving model ...
2026-07-10 08:54:12 | TestSub: S1 | Epoch 39/100 Finsh | Now_lr 0.0005/0.0005 | Train Loss 0.0846 | Valid Loss 0.2938 | Train Acc 98.0357 | Valid Acc 86.4583
2026-07-10 08:54:13 | TestSub: S1 | Epoch 40/100 Finsh | Now_lr 0.0005/0.0005 | Train Loss 0.0875 | Valid Loss 0.1880 | Train Acc 97.6786 | Valid Acc 91.6667
2026-07-10 08:54:13 | Validation loss decreased (0.224784 --> 0.187955) in epoch (40). Saving model ...
2026-07-10 08:54:13 | TestSub: S1 | Epoch 41/100 Finsh | Now_lr 0.0005/0.0005 | Train Loss 0.0872 | Valid Loss 0.1882 | Train Acc 97.6786 | Valid Acc 89.5833
2026-07-10 08:54:14 | TestSub: S1 | Epoch 42/100 Finsh | Now_lr 0.0005/0.0005 | Train Loss 0.0876 | Valid Loss 0.1806 | Train Acc 97.5893 | Valid Acc 91.6667
2026-07-10 08:54:14 | Validation loss decreased (0.187955 --> 0.180645) in epoch (42). Saving model ...
2026-07-10 08:54:14 | TestSub: S1 | Epoch 43/100 Finsh | Now_lr 0.0005/0.0005 | Train Loss 0.0807 | Valid Loss 0.1777 | Train Acc 98.1250 | Valid Acc 89.5833
2026-07-10 08:54:14 | Validation loss decreased (0.180645 --> 0.177700) in epoch (43). Saving model ...
2026-07-10 08:54:15 | TestSub: S1 | Epoch 44/100 Finsh | Now_lr 0.0005/0.0005 | Train Loss 0.0723 | Valid Loss 0.1706 | Train Acc 98.3036 | Valid Acc 90.6250
2026-07-10 08:54:15 | Validation loss decreased (0.177700 --> 0.170571) in epoch (44). Saving model ...
2026-07-10 08:54:16 | TestSub: S1 | Epoch 45/100 Finsh | Now_lr 0.0005/0.0005 | Train Loss 0.0697 | Valid Loss 0.1775 | Train Acc 98.1250 | Valid Acc 91.6667
2026-07-10 08:54:16 | TestSub: S1 | Epoch 46/100 Finsh | Now_lr 0.0005/0.0005 | Train Loss 0.0685 | Valid Loss 0.1666 | Train Acc 98.5714 | Valid Acc 89.5833
2026-07-10 08:54:16 | Validation loss decreased (0.170571 --> 0.166575) in epoch (46). Saving model ...
2026-07-10 08:54:17 | TestSub: S1 | Epoch 47/100 Finsh | Now_lr 0.0005/0.0005 | Train Loss 0.0873 | Valid Loss 0.1847 | Train Acc 97.0536 | Valid Acc 90.6250
2026-07-10 08:54:17 | TestSub: S1 | Epoch 48/100 Finsh | Now_lr 0.0005/0.0005 | Train Loss 0.0762 | Valid Loss 0.1778 | Train Acc 98.2143 | Valid Acc 91.6667
2026-07-10 08:54:18 | TestSub: S1 | Epoch 49/100 Finsh | Now_lr 0.0005/0.0005 | Train Loss 0.0633 | Valid Loss 0.1771 | Train Acc 98.3929 | Valid Acc 88.5417
2026-07-10 08:54:18 | TestSub: S1 | Epoch 50/100 Finsh | Now_lr 0.0005/0.0005 | Train Loss 0.0694 | Valid Loss 0.2013 | Train Acc 98.1250 | Valid Acc 89.5833
2026-07-10 08:54:19 | TestSub: S1 | Epoch 51/100 Finsh | Now_lr 0.0005/0.0005 | Train Loss 0.0782 | Valid Loss 0.1924 | Train Acc 98.1250 | Valid Acc 90.6250
2026-07-10 08:54:19 | TestSub: S1 | Epoch 52/100 Finsh | Now_lr 0.0005/0.0005 | Train Loss 0.0651 | Valid Loss 0.1902 | Train Acc 98.6607 | Valid Acc 90.6250
2026-07-10 08:54:20 | TestSub: S1 | Epoch 53/100 Finsh | Now_lr 0.0005/0.0005 | Train Loss 0.0518 | Valid Loss 0.1716 | Train Acc 99.1071 | Valid Acc 91.6667
2026-07-10 08:54:20 | TestSub: S1 | Epoch 54/100 Finsh | Now_lr 0.0005/0.0005 | Train Loss 0.0570 | Valid Loss 0.1554 | Train Acc 98.5714 | Valid Acc 93.7500
2026-07-10 08:54:20 | Validation loss decreased (0.166575 --> 0.155383) in epoch (54). Saving model ...
2026-07-10 08:54:21 | TestSub: S1 | Epoch 55/100 Finsh | Now_lr 0.0005/0.0005 | Train Loss 0.0591 | Valid Loss 0.1544 | Train Acc 98.6607 | Valid Acc 93.7500
2026-07-10 08:54:21 | Validation loss decreased (0.155383 --> 0.154378) in epoch (55). Saving model ...
2026-07-10 08:54:21 | TestSub: S1 | Epoch 56/100 Finsh | Now_lr 0.0005/0.0005 | Train Loss 0.0546 | Valid Loss 0.1585 | Train Acc 98.7500 | Valid Acc 93.7500
2026-07-10 08:54:22 | TestSub: S1 | Epoch 57/100 Finsh | Now_lr 0.0005/0.0005 | Train Loss 0.0482 | Valid Loss 0.1569 | Train Acc 99.3750 | Valid Acc 92.7083
2026-07-10 08:54:22 | TestSub: S1 | Epoch 58/100 Finsh | Now_lr 0.0005/0.0005 | Train Loss 0.0590 | Valid Loss 0.1525 | Train Acc 98.5714 | Valid Acc 93.7500
2026-07-10 08:54:22 | Validation loss decreased (0.154378 --> 0.152492) in epoch (58). Saving model ...
2026-07-10 08:54:23 | TestSub: S1 | Epoch 59/100 Finsh | Now_lr 0.0005/0.0005 | Train Loss 0.0493 | Valid Loss 0.2064 | Train Acc 98.7500 | Valid Acc 88.5417
2026-07-10 08:54:24 | TestSub: S1 | Epoch 60/100 Finsh | Now_lr 0.0005/0.0005 | Train Loss 0.0578 | Valid Loss 0.1523 | Train Acc 98.3036 | Valid Acc 92.7083
2026-07-10 08:54:24 | Validation loss decreased (0.152492 --> 0.152280) in epoch (60). Saving model ...
2026-07-10 08:54:24 | TestSub: S1 | Epoch 61/100 Finsh | Now_lr 0.0005/0.0005 | Train Loss 0.0474 | Valid Loss 0.1549 | Train Acc 99.3750 | Valid Acc 91.6667
2026-07-10 08:54:25 | TestSub: S1 | Epoch 62/100 Finsh | Now_lr 0.0005/0.0005 | Train Loss 0.0498 | Valid Loss 0.1784 | Train Acc 98.7500 | Valid Acc 90.6250
2026-07-10 08:54:25 | TestSub: S1 | Epoch 63/100 Finsh | Now_lr 0.0005/0.0005 | Train Loss 0.0504 | Valid Loss 0.1652 | Train Acc 98.7500 | Valid Acc 91.6667
2026-07-10 08:54:26 | TestSub: S1 | Epoch 64/100 Finsh | Now_lr 0.0005/0.0005 | Train Loss 0.0413 | Valid Loss 0.1588 | Train Acc 99.4643 | Valid Acc 92.7083
2026-07-10 08:54:26 | TestSub: S1 | Epoch 65/100 Finsh | Now_lr 0.0005/0.0005 | Train Loss 0.0481 | Valid Loss 0.1545 | Train Acc 98.7500 | Valid Acc 92.7083
2026-07-10 08:54:27 | TestSub: S1 | Epoch 66/100 Finsh | Now_lr 0.0005/0.0005 | Train Loss 0.0453 | Valid Loss 0.1587 | Train Acc 99.1071 | Valid Acc 91.6667
2026-07-10 08:54:27 | TestSub: S1 | Epoch 67/100 Finsh | Now_lr 0.0005/0.0005 | Train Loss 0.0340 | Valid Loss 0.1642 | Train Acc 99.2857 | Valid Acc 89.5833
2026-07-10 08:54:28 | TestSub: S1 | Epoch 68/100 Finsh | Now_lr 0.0005/0.0005 | Train Loss 0.0431 | Valid Loss 0.1458 | Train Acc 99.1964 | Valid Acc 91.6667
2026-07-10 08:54:28 | Validation loss decreased (0.152280 --> 0.145789) in epoch (68). Saving model ...
2026-07-10 08:54:29 | TestSub: S1 | Epoch 69/100 Finsh | Now_lr 0.0005/0.0005 | Train Loss 0.0435 | Valid Loss 0.1407 | Train Acc 99.1071 | Valid Acc 91.6667
2026-07-10 08:54:29 | Validation loss decreased (0.145789 --> 0.140651) in epoch (69). Saving model ...
2026-07-10 08:54:29 | TestSub: S1 | Epoch 70/100 Finsh | Now_lr 0.0005/0.0005 | Train Loss 0.0402 | Valid Loss 0.1448 | Train Acc 99.2857 | Valid Acc 91.6667
2026-07-10 08:54:30 | TestSub: S1 | Epoch 71/100 Finsh | Now_lr 0.0005/0.0005 | Train Loss 0.0450 | Valid Loss 0.1345 | Train Acc 99.0179 | Valid Acc 91.6667
2026-07-10 08:54:30 | Validation loss decreased (0.140651 --> 0.134490) in epoch (71). Saving model ...
2026-07-10 08:54:30 | TestSub: S1 | Epoch 72/100 Finsh | Now_lr 0.0005/0.0005 | Train Loss 0.0462 | Valid Loss 0.1441 | Train Acc 98.6607 | Valid Acc 93.7500
2026-07-10 08:54:31 | TestSub: S1 | Epoch 73/100 Finsh | Now_lr 0.0005/0.0005 | Train Loss 0.0379 | Valid Loss 0.2044 | Train Acc 98.9286 | Valid Acc 90.6250
2026-07-10 08:54:31 | TestSub: S1 | Epoch 74/100 Finsh | Now_lr 0.0005/0.0005 | Train Loss 0.0468 | Valid Loss 0.1330 | Train Acc 98.7500 | Valid Acc 94.7917
2026-07-10 08:54:31 | Validation loss decreased (0.134490 --> 0.132984) in epoch (74). Saving model ...
2026-07-10 08:54:32 | TestSub: S1 | Epoch 75/100 Finsh | Now_lr 0.0005/0.0005 | Train Loss 0.0343 | Valid Loss 0.1399 | Train Acc 99.4643 | Valid Acc 92.7083
2026-07-10 08:54:32 | TestSub: S1 | Epoch 76/100 Finsh | Now_lr 0.0005/0.0005 | Train Loss 0.0383 | Valid Loss 0.1473 | Train Acc 99.1071 | Valid Acc 93.7500
2026-07-10 08:54:33 | TestSub: S1 | Epoch 77/100 Finsh | Now_lr 0.0005/0.0005 | Train Loss 0.0381 | Valid Loss 0.1506 | Train Acc 99.1071 | Valid Acc 91.6667
2026-07-10 08:54:33 | TestSub: S1 | Epoch 78/100 Finsh | Now_lr 0.0005/0.0005 | Train Loss 0.0324 | Valid Loss 0.1314 | Train Acc 99.3750 | Valid Acc 94.7917
2026-07-10 08:54:33 | Validation loss decreased (0.132984 --> 0.131381) in epoch (78). Saving model ...
2026-07-10 08:54:34 | TestSub: S1 | Epoch 79/100 Finsh | Now_lr 0.0005/0.0005 | Train Loss 0.0407 | Valid Loss 0.1300 | Train Acc 98.6607 | Valid Acc 94.7917
2026-07-10 08:54:34 | Validation loss decreased (0.131381 --> 0.130036) in epoch (79). Saving model ...
2026-07-10 08:54:35 | TestSub: S1 | Epoch 80/100 Finsh | Now_lr 0.0005/0.0005 | Train Loss 0.0351 | Valid Loss 0.1468 | Train Acc 99.2857 | Valid Acc 92.7083
2026-07-10 08:54:35 | TestSub: S1 | Epoch 81/100 Finsh | Now_lr 0.0005/0.0005 | Train Loss 0.0346 | Valid Loss 0.1498 | Train Acc 99.3750 | Valid Acc 91.6667
2026-07-10 08:54:36 | TestSub: S1 | Epoch 82/100 Finsh | Now_lr 0.0005/0.0005 | Train Loss 0.0328 | Valid Loss 0.1398 | Train Acc 99.3750 | Valid Acc 92.7083
2026-07-10 08:54:36 | TestSub: S1 | Epoch 83/100 Finsh | Now_lr 0.0005/0.0005 | Train Loss 0.0348 | Valid Loss 0.2013 | Train Acc 99.1964 | Valid Acc 91.6667
2026-07-10 08:54:37 | TestSub: S1 | Epoch 84/100 Finsh | Now_lr 0.0005/0.0005 | Train Loss 0.0346 | Valid Loss 0.1079 | Train Acc 99.1964 | Valid Acc 94.7917
2026-07-10 08:54:37 | Validation loss decreased (0.130036 --> 0.107908) in epoch (84). Saving model ...
2026-07-10 08:54:38 | TestSub: S1 | Epoch 85/100 Finsh | Now_lr 0.0005/0.0005 | Train Loss 0.0292 | Valid Loss 0.1259 | Train Acc 99.3750 | Valid Acc 93.7500
2026-07-10 08:54:38 | TestSub: S1 | Epoch 86/100 Finsh | Now_lr 0.0005/0.0005 | Train Loss 0.0431 | Valid Loss 0.1143 | Train Acc 99.0179 | Valid Acc 95.8333
2026-07-10 08:54:39 | TestSub: S1 | Epoch 87/100 Finsh | Now_lr 0.0005/0.0005 | Train Loss 0.0358 | Valid Loss 0.1209 | Train Acc 98.7500 | Valid Acc 93.7500
2026-07-10 08:54:39 | TestSub: S1 | Epoch 88/100 Finsh | Now_lr 0.0005/0.0005 | Train Loss 0.0365 | Valid Loss 0.1744 | Train Acc 99.2857 | Valid Acc 91.6667
2026-07-10 08:54:40 | TestSub: S1 | Epoch 89/100 Finsh | Now_lr 0.0005/0.0005 | Train Loss 0.0317 | Valid Loss 0.1053 | Train Acc 99.3750 | Valid Acc 95.8333
2026-07-10 08:54:40 | Validation loss decreased (0.107908 --> 0.105346) in epoch (89). Saving model ...
2026-07-10 08:54:40 | TestSub: S1 | Epoch 90/100 Finsh | Now_lr 0.0005/0.0005 | Train Loss 0.0333 | Valid Loss 0.1336 | Train Acc 99.3750 | Valid Acc 94.7917
2026-07-10 08:54:41 | TestSub: S1 | Epoch 91/100 Finsh | Now_lr 0.0005/0.0005 | Train Loss 0.0362 | Valid Loss 0.1153 | Train Acc 98.8393 | Valid Acc 94.7917
2026-07-10 08:54:41 | TestSub: S1 | Epoch 92/100 Finsh | Now_lr 0.0005/0.0005 | Train Loss 0.0299 | Valid Loss 0.1461 | Train Acc 99.3750 | Valid Acc 91.6667
2026-07-10 08:54:42 | TestSub: S1 | Epoch 93/100 Finsh | Now_lr 0.0005/0.0005 | Train Loss 0.0309 | Valid Loss 0.1577 | Train Acc 99.3750 | Valid Acc 91.6667
2026-07-10 08:54:42 | TestSub: S1 | Epoch 94/100 Finsh | Now_lr 0.0005/0.0005 | Train Loss 0.0276 | Valid Loss 0.1210 | Train Acc 99.2857 | Valid Acc 92.7083
2026-07-10 08:54:43 | TestSub: S1 | Epoch 95/100 Finsh | Now_lr 0.0005/0.0005 | Train Loss 0.0361 | Valid Loss 0.1434 | Train Acc 98.9286 | Valid Acc 93.7500
2026-07-10 08:54:43 | TestSub: S1 | Epoch 96/100 Finsh | Now_lr 0.0005/0.0005 | Train Loss 0.0279 | Valid Loss 0.1276 | Train Acc 99.7321 | Valid Acc 93.7500
2026-07-10 08:54:44 | TestSub: S1 | Epoch 97/100 Finsh | Now_lr 0.0005/0.0005 | Train Loss 0.0323 | Valid Loss 0.1172 | Train Acc 99.2857 | Valid Acc 94.7917
2026-07-10 08:54:44 | TestSub: S1 | Epoch 98/100 Finsh | Now_lr 0.0005/0.0005 | Train Loss 0.0311 | Valid Loss 0.1102 | Train Acc 99.2857 | Valid Acc 95.8333
2026-07-10 08:54:45 | TestSub: S1 | Epoch 99/100 Finsh | Now_lr 0.0005/0.0005 | Train Loss 0.0238 | Valid Loss 0.1610 | Train Acc 99.5536 | Valid Acc 94.7917
2026-07-10 08:54:46 | TestSub: S1 | Epoch 100/100 Finsh | Now_lr 0.0005/0.0005 | Train Loss 0.0278 | Valid Loss 0.1284 | Train Acc 99.3750 | Valid Acc 94.7917
2026-07-10 08:54:46 | --------------------------------------------------
2026-07-10 08:54:46 | Test_Subject :S1 | Best epoch:89 | Test Loss:0.4682 | Savemodel Acc 86.8750
2026-07-10 08:54:46 | --------------------------------------------------
2026-07-10 08:54:46 | Best epoch: 89 | Test acc: 86.8750
