2026-07-10 09:06:39 | Logging started: ./writer/Subject_dependent_AAD/DTU/2.0s/result//Train2.0s_sub15.log
2026-07-10 09:06:39 | Sub_id: 15
2026-07-10 09:06:41 | TestSub: S15 | Epoch  1/100 Finsh | Now_lr 0.0005/0.0005 | Train Loss 0.7161 | Valid Loss 0.6916 | Train Acc 50.8036 | Valid Acc 56.2500
2026-07-10 09:06:41 | Validation loss decreased (inf --> 0.691565) in epoch (1). Saving model ...
2026-07-10 09:06:42 | TestSub: S15 | Epoch  2/100 Finsh | Now_lr 0.0005/0.0005 | Train Loss 0.6643 | Valid Loss 0.7027 | Train Acc 60.2679 | Valid Acc 56.2500
2026-07-10 09:06:42 | TestSub: S15 | Epoch  3/100 Finsh | Now_lr 0.0005/0.0005 | Train Loss 0.6214 | Valid Loss 0.6226 | Train Acc 65.5357 | Valid Acc 63.5417
2026-07-10 09:06:42 | Validation loss decreased (0.691565 --> 0.622590) in epoch (3). Saving model ...
2026-07-10 09:06:43 | TestSub: S15 | Epoch  4/100 Finsh | Now_lr 0.0005/0.0005 | Train Loss 0.5501 | Valid Loss 0.5565 | Train Acc 72.8571 | Valid Acc 68.7500
2026-07-10 09:06:43 | Validation loss decreased (0.622590 --> 0.556475) in epoch (4). Saving model ...
2026-07-10 09:06:44 | TestSub: S15 | Epoch  5/100 Finsh | Now_lr 0.0005/0.0005 | Train Loss 0.4952 | Valid Loss 0.5055 | Train Acc 77.1429 | Valid Acc 73.9583
2026-07-10 09:06:44 | Validation loss decreased (0.556475 --> 0.505486) in epoch (5). Saving model ...
2026-07-10 09:06:44 | TestSub: S15 | Epoch  6/100 Finsh | Now_lr 0.0005/0.0005 | Train Loss 0.4365 | Valid Loss 0.4541 | Train Acc 80.4464 | Valid Acc 79.1667
2026-07-10 09:06:44 | Validation loss decreased (0.505486 --> 0.454135) in epoch (6). Saving model ...
2026-07-10 09:06:45 | TestSub: S15 | Epoch  7/100 Finsh | Now_lr 0.0005/0.0005 | Train Loss 0.3945 | Valid Loss 0.4270 | Train Acc 83.3036 | Valid Acc 78.1250
2026-07-10 09:06:45 | Validation loss decreased (0.454135 --> 0.426965) in epoch (7). Saving model ...
2026-07-10 09:06:45 | TestSub: S15 | Epoch  8/100 Finsh | Now_lr 0.0005/0.0005 | Train Loss 0.3597 | Valid Loss 0.3988 | Train Acc 83.5714 | Valid Acc 81.2500
2026-07-10 09:06:45 | Validation loss decreased (0.426965 --> 0.398781) in epoch (8). Saving model ...
2026-07-10 09:06:46 | TestSub: S15 | Epoch  9/100 Finsh | Now_lr 0.0005/0.0005 | Train Loss 0.3573 | Valid Loss 0.3872 | Train Acc 84.6429 | Valid Acc 83.3333
2026-07-10 09:06:46 | Validation loss decreased (0.398781 --> 0.387237) in epoch (9). Saving model ...
2026-07-10 09:06:46 | TestSub: S15 | Epoch 10/100 Finsh | Now_lr 0.0005/0.0005 | Train Loss 0.3016 | Valid Loss 0.3483 | Train Acc 88.0357 | Valid Acc 83.3333
2026-07-10 09:06:46 | Validation loss decreased (0.387237 --> 0.348294) in epoch (10). Saving model ...
2026-07-10 09:06:47 | TestSub: S15 | Epoch 11/100 Finsh | Now_lr 0.0005/0.0005 | Train Loss 0.2799 | Valid Loss 0.3288 | Train Acc 88.9286 | Valid Acc 84.3750
2026-07-10 09:06:47 | Validation loss decreased (0.348294 --> 0.328774) in epoch (11). Saving model ...
2026-07-10 09:06:48 | TestSub: S15 | Epoch 12/100 Finsh | Now_lr 0.0005/0.0005 | Train Loss 0.2691 | Valid Loss 0.3239 | Train Acc 88.4821 | Valid Acc 85.4167
2026-07-10 09:06:48 | Validation loss decreased (0.328774 --> 0.323891) in epoch (12). Saving model ...
2026-07-10 09:06:48 | TestSub: S15 | Epoch 13/100 Finsh | Now_lr 0.0005/0.0005 | Train Loss 0.2448 | Valid Loss 0.2924 | Train Acc 90.8929 | Valid Acc 89.5833
2026-07-10 09:06:48 | Validation loss decreased (0.323891 --> 0.292448) in epoch (13). Saving model ...
2026-07-10 09:06:49 | TestSub: S15 | Epoch 14/100 Finsh | Now_lr 0.0005/0.0005 | Train Loss 0.2335 | Valid Loss 0.2747 | Train Acc 90.8036 | Valid Acc 89.5833
2026-07-10 09:06:49 | Validation loss decreased (0.292448 --> 0.274690) in epoch (14). Saving model ...
2026-07-10 09:06:49 | TestSub: S15 | Epoch 15/100 Finsh | Now_lr 0.0005/0.0005 | Train Loss 0.2217 | Valid Loss 0.2693 | Train Acc 91.7857 | Valid Acc 89.5833
2026-07-10 09:06:49 | Validation loss decreased (0.274690 --> 0.269324) in epoch (15). Saving model ...
2026-07-10 09:06:50 | TestSub: S15 | Epoch 16/100 Finsh | Now_lr 0.0005/0.0005 | Train Loss 0.1958 | Valid Loss 0.2342 | Train Acc 93.2143 | Valid Acc 89.5833
2026-07-10 09:06:50 | Validation loss decreased (0.269324 --> 0.234174) in epoch (16). Saving model ...
2026-07-10 09:06:50 | TestSub: S15 | Epoch 17/100 Finsh | Now_lr 0.0005/0.0005 | Train Loss 0.1881 | Valid Loss 0.2244 | Train Acc 93.7500 | Valid Acc 93.7500
2026-07-10 09:06:50 | Validation loss decreased (0.234174 --> 0.224438) in epoch (17). Saving model ...
2026-07-10 09:06:51 | TestSub: S15 | Epoch 18/100 Finsh | Now_lr 0.0005/0.0005 | Train Loss 0.1646 | Valid Loss 0.2278 | Train Acc 94.9107 | Valid Acc 90.6250
2026-07-10 09:06:51 | TestSub: S15 | Epoch 19/100 Finsh | Now_lr 0.0005/0.0005 | Train Loss 0.1690 | Valid Loss 0.2001 | Train Acc 94.2857 | Valid Acc 94.7917
2026-07-10 09:06:51 | Validation loss decreased (0.224438 --> 0.200137) in epoch (19). Saving model ...
2026-07-10 09:06:52 | TestSub: S15 | Epoch 20/100 Finsh | Now_lr 0.0005/0.0005 | Train Loss 0.1594 | Valid Loss 0.2035 | Train Acc 95.5357 | Valid Acc 91.6667
2026-07-10 09:06:53 | TestSub: S15 | Epoch 21/100 Finsh | Now_lr 0.0005/0.0005 | Train Loss 0.1307 | Valid Loss 0.1942 | Train Acc 96.1607 | Valid Acc 93.7500
2026-07-10 09:06:53 | Validation loss decreased (0.200137 --> 0.194230) in epoch (21). Saving model ...
2026-07-10 09:06:53 | TestSub: S15 | Epoch 22/100 Finsh | Now_lr 0.0005/0.0005 | Train Loss 0.1372 | Valid Loss 0.1930 | Train Acc 95.5357 | Valid Acc 93.7500
2026-07-10 09:06:53 | Validation loss decreased (0.194230 --> 0.193011) in epoch (22). Saving model ...
2026-07-10 09:06:54 | TestSub: S15 | Epoch 23/100 Finsh | Now_lr 0.0005/0.0005 | Train Loss 0.1274 | Valid Loss 0.2003 | Train Acc 97.0536 | Valid Acc 92.7083
2026-07-10 09:06:54 | TestSub: S15 | Epoch 24/100 Finsh | Now_lr 0.0005/0.0005 | Train Loss 0.1178 | Valid Loss 0.1758 | Train Acc 96.8750 | Valid Acc 94.7917
2026-07-10 09:06:54 | Validation loss decreased (0.193011 --> 0.175849) in epoch (24). Saving model ...
2026-07-10 09:06:55 | TestSub: S15 | Epoch 25/100 Finsh | Now_lr 0.0005/0.0005 | Train Loss 0.1257 | Valid Loss 0.1769 | Train Acc 96.5179 | Valid Acc 93.7500
2026-07-10 09:06:55 | TestSub: S15 | Epoch 26/100 Finsh | Now_lr 0.0005/0.0005 | Train Loss 0.1201 | Valid Loss 0.1646 | Train Acc 96.3393 | Valid Acc 94.7917
2026-07-10 09:06:55 | Validation loss decreased (0.175849 --> 0.164612) in epoch (26). Saving model ...
2026-07-10 09:06:56 | TestSub: S15 | Epoch 27/100 Finsh | Now_lr 0.0005/0.0005 | Train Loss 0.1005 | Valid Loss 0.1583 | Train Acc 97.2321 | Valid Acc 94.7917
2026-07-10 09:06:56 | Validation loss decreased (0.164612 --> 0.158268) in epoch (27). Saving model ...
2026-07-10 09:06:56 | TestSub: S15 | Epoch 28/100 Finsh | Now_lr 0.0005/0.0005 | Train Loss 0.1077 | Valid Loss 0.1523 | Train Acc 96.6964 | Valid Acc 94.7917
2026-07-10 09:06:56 | Validation loss decreased (0.158268 --> 0.152344) in epoch (28). Saving model ...
2026-07-10 09:06:57 | TestSub: S15 | Epoch 29/100 Finsh | Now_lr 0.0005/0.0005 | Train Loss 0.0915 | Valid Loss 0.1614 | Train Acc 97.6786 | Valid Acc 93.7500
2026-07-10 09:06:57 | TestSub: S15 | Epoch 30/100 Finsh | Now_lr 0.0005/0.0005 | Train Loss 0.1040 | Valid Loss 0.1582 | Train Acc 96.4286 | Valid Acc 92.7083
2026-07-10 09:06:58 | TestSub: S15 | Epoch 31/100 Finsh | Now_lr 0.0005/0.0005 | Train Loss 0.0823 | Valid Loss 0.1513 | Train Acc 98.2143 | Valid Acc 94.7917
2026-07-10 09:06:58 | Validation loss decreased (0.152344 --> 0.151272) in epoch (31). Saving model ...
2026-07-10 09:06:59 | TestSub: S15 | Epoch 32/100 Finsh | Now_lr 0.0005/0.0005 | Train Loss 0.0814 | Valid Loss 0.1215 | Train Acc 97.8571 | Valid Acc 95.8333
2026-07-10 09:06:59 | Validation loss decreased (0.151272 --> 0.121523) in epoch (32). Saving model ...
2026-07-10 09:06:59 | TestSub: S15 | Epoch 33/100 Finsh | Now_lr 0.0005/0.0005 | Train Loss 0.0863 | Valid Loss 0.1685 | Train Acc 97.5000 | Valid Acc 93.7500
2026-07-10 09:07:00 | TestSub: S15 | Epoch 34/100 Finsh | Now_lr 0.0005/0.0005 | Train Loss 0.0773 | Valid Loss 0.1105 | Train Acc 97.8571 | Valid Acc 95.8333
2026-07-10 09:07:00 | Validation loss decreased (0.121523 --> 0.110485) in epoch (34). Saving model ...
2026-07-10 09:07:00 | TestSub: S15 | Epoch 35/100 Finsh | Now_lr 0.0005/0.0005 | Train Loss 0.0725 | Valid Loss 0.1416 | Train Acc 98.1250 | Valid Acc 96.8750
2026-07-10 09:07:01 | TestSub: S15 | Epoch 36/100 Finsh | Now_lr 0.0005/0.0005 | Train Loss 0.0764 | Valid Loss 0.1144 | Train Acc 98.2143 | Valid Acc 97.9167
2026-07-10 09:07:01 | TestSub: S15 | Epoch 37/100 Finsh | Now_lr 0.0005/0.0005 | Train Loss 0.0692 | Valid Loss 0.1097 | Train Acc 98.2143 | Valid Acc 95.8333
2026-07-10 09:07:01 | Validation loss decreased (0.110485 --> 0.109718) in epoch (37). Saving model ...
2026-07-10 09:07:02 | TestSub: S15 | Epoch 38/100 Finsh | Now_lr 0.0005/0.0005 | Train Loss 0.0728 | Valid Loss 0.1100 | Train Acc 97.8571 | Valid Acc 95.8333
2026-07-10 09:07:02 | TestSub: S15 | Epoch 39/100 Finsh | Now_lr 0.0005/0.0005 | Train Loss 0.0543 | Valid Loss 0.1062 | Train Acc 99.0179 | Valid Acc 96.8750
2026-07-10 09:07:02 | Validation loss decreased (0.109718 --> 0.106200) in epoch (39). Saving model ...
2026-07-10 09:07:03 | TestSub: S15 | Epoch 40/100 Finsh | Now_lr 0.0005/0.0005 | Train Loss 0.0516 | Valid Loss 0.1132 | Train Acc 99.1964 | Valid Acc 96.8750
2026-07-10 09:07:04 | TestSub: S15 | Epoch 41/100 Finsh | Now_lr 0.0005/0.0005 | Train Loss 0.0723 | Valid Loss 0.0978 | Train Acc 97.8571 | Valid Acc 97.9167
2026-07-10 09:07:04 | Validation loss decreased (0.106200 --> 0.097809) in epoch (41). Saving model ...
2026-07-10 09:07:04 | TestSub: S15 | Epoch 42/100 Finsh | Now_lr 0.0005/0.0005 | Train Loss 0.0661 | Valid Loss 0.0856 | Train Acc 98.4821 | Valid Acc 97.9167
2026-07-10 09:07:04 | Validation loss decreased (0.097809 --> 0.085577) in epoch (42). Saving model ...
2026-07-10 09:07:05 | TestSub: S15 | Epoch 43/100 Finsh | Now_lr 0.0005/0.0005 | Train Loss 0.0640 | Valid Loss 0.0895 | Train Acc 98.2143 | Valid Acc 97.9167
2026-07-10 09:07:05 | TestSub: S15 | Epoch 44/100 Finsh | Now_lr 0.0005/0.0005 | Train Loss 0.0506 | Valid Loss 0.0779 | Train Acc 98.9286 | Valid Acc 97.9167
2026-07-10 09:07:05 | Validation loss decreased (0.085577 --> 0.077922) in epoch (44). Saving model ...
2026-07-10 09:07:06 | TestSub: S15 | Epoch 45/100 Finsh | Now_lr 0.0005/0.0005 | Train Loss 0.0502 | Valid Loss 0.0851 | Train Acc 99.0179 | Valid Acc 97.9167
2026-07-10 09:07:07 | TestSub: S15 | Epoch 46/100 Finsh | Now_lr 0.0005/0.0005 | Train Loss 0.0556 | Valid Loss 0.0756 | Train Acc 98.8393 | Valid Acc 97.9167
2026-07-10 09:07:07 | Validation loss decreased (0.077922 --> 0.075622) in epoch (46). Saving model ...
2026-07-10 09:07:07 | TestSub: S15 | Epoch 47/100 Finsh | Now_lr 0.0005/0.0005 | Train Loss 0.0521 | Valid Loss 0.0806 | Train Acc 98.4821 | Valid Acc 97.9167
2026-07-10 09:07:08 | TestSub: S15 | Epoch 48/100 Finsh | Now_lr 0.0005/0.0005 | Train Loss 0.0429 | Valid Loss 0.0792 | Train Acc 99.0179 | Valid Acc 97.9167
2026-07-10 09:07:08 | TestSub: S15 | Epoch 49/100 Finsh | Now_lr 0.0005/0.0005 | Train Loss 0.0480 | Valid Loss 0.0765 | Train Acc 99.0179 | Valid Acc 98.9583
2026-07-10 09:07:09 | TestSub: S15 | Epoch 50/100 Finsh | Now_lr 0.0005/0.0005 | Train Loss 0.0437 | Valid Loss 0.0805 | Train Acc 99.1964 | Valid Acc 97.9167
2026-07-10 09:07:10 | TestSub: S15 | Epoch 51/100 Finsh | Now_lr 0.0005/0.0005 | Train Loss 0.0504 | Valid Loss 0.0728 | Train Acc 98.6607 | Valid Acc 98.9583
2026-07-10 09:07:10 | Validation loss decreased (0.075622 --> 0.072830) in epoch (51). Saving model ...
2026-07-10 09:07:10 | TestSub: S15 | Epoch 52/100 Finsh | Now_lr 0.0005/0.0005 | Train Loss 0.0374 | Valid Loss 0.1162 | Train Acc 99.4643 | Valid Acc 94.7917
2026-07-10 09:07:11 | TestSub: S15 | Epoch 53/100 Finsh | Now_lr 0.0005/0.0005 | Train Loss 0.0459 | Valid Loss 0.0709 | Train Acc 99.1964 | Valid Acc 98.9583
2026-07-10 09:07:11 | Validation loss decreased (0.072830 --> 0.070915) in epoch (53). Saving model ...
2026-07-10 09:07:11 | TestSub: S15 | Epoch 54/100 Finsh | Now_lr 0.0005/0.0005 | Train Loss 0.0421 | Valid Loss 0.0915 | Train Acc 99.0179 | Valid Acc 97.9167
2026-07-10 09:07:12 | TestSub: S15 | Epoch 55/100 Finsh | Now_lr 0.0005/0.0005 | Train Loss 0.0319 | Valid Loss 0.0851 | Train Acc 99.7321 | Valid Acc 98.9583
2026-07-10 09:07:12 | TestSub: S15 | Epoch 56/100 Finsh | Now_lr 0.0005/0.0005 | Train Loss 0.0333 | Valid Loss 0.0769 | Train Acc 99.4643 | Valid Acc 97.9167
2026-07-10 09:07:13 | TestSub: S15 | Epoch 57/100 Finsh | Now_lr 0.0005/0.0005 | Train Loss 0.0439 | Valid Loss 0.0932 | Train Acc 98.7500 | Valid Acc 97.9167
2026-07-10 09:07:13 | TestSub: S15 | Epoch 58/100 Finsh | Now_lr 0.0005/0.0005 | Train Loss 0.0453 | Valid Loss 0.0927 | Train Acc 98.8393 | Valid Acc 96.8750
2026-07-10 09:07:14 | TestSub: S15 | Epoch 59/100 Finsh | Now_lr 0.0005/0.0005 | Train Loss 0.0496 | Valid Loss 0.0780 | Train Acc 98.3929 | Valid Acc 97.9167
2026-07-10 09:07:14 | TestSub: S15 | Epoch 60/100 Finsh | Now_lr 0.0005/0.0005 | Train Loss 0.0320 | Valid Loss 0.0829 | Train Acc 99.2857 | Valid Acc 98.9583
2026-07-10 09:07:15 | TestSub: S15 | Epoch 61/100 Finsh | Now_lr 0.0005/0.0005 | Train Loss 0.0347 | Valid Loss 0.0688 | Train Acc 99.4643 | Valid Acc 97.9167
2026-07-10 09:07:15 | Validation loss decreased (0.070915 --> 0.068816) in epoch (61). Saving model ...
2026-07-10 09:07:15 | TestSub: S15 | Epoch 62/100 Finsh | Now_lr 0.0005/0.0005 | Train Loss 0.0322 | Valid Loss 0.1109 | Train Acc 99.4643 | Valid Acc 93.7500
2026-07-10 09:07:16 | TestSub: S15 | Epoch 63/100 Finsh | Now_lr 0.0005/0.0005 | Train Loss 0.0270 | Valid Loss 0.0849 | Train Acc 99.5536 | Valid Acc 97.9167
2026-07-10 09:07:16 | TestSub: S15 | Epoch 64/100 Finsh | Now_lr 0.0005/0.0005 | Train Loss 0.0372 | Valid Loss 0.0740 | Train Acc 99.1964 | Valid Acc 98.9583
2026-07-10 09:07:17 | TestSub: S15 | Epoch 65/100 Finsh | Now_lr 0.0005/0.0005 | Train Loss 0.0396 | Valid Loss 0.0895 | Train Acc 98.8393 | Valid Acc 95.8333
2026-07-10 09:07:17 | TestSub: S15 | Epoch 66/100 Finsh | Now_lr 0.0005/0.0005 | Train Loss 0.0342 | Valid Loss 0.0610 | Train Acc 99.1964 | Valid Acc 98.9583
2026-07-10 09:07:17 | Validation loss decreased (0.068816 --> 0.060958) in epoch (66). Saving model ...
2026-07-10 09:07:18 | TestSub: S15 | Epoch 67/100 Finsh | Now_lr 0.0005/0.0005 | Train Loss 0.0347 | Valid Loss 0.0710 | Train Acc 99.1964 | Valid Acc 97.9167
2026-07-10 09:07:19 | TestSub: S15 | Epoch 68/100 Finsh | Now_lr 0.0005/0.0005 | Train Loss 0.0251 | Valid Loss 0.0726 | Train Acc 99.8214 | Valid Acc 97.9167
2026-07-10 09:07:19 | TestSub: S15 | Epoch 69/100 Finsh | Now_lr 0.0005/0.0005 | Train Loss 0.0277 | Valid Loss 0.0648 | Train Acc 99.6429 | Valid Acc 97.9167
2026-07-10 09:07:20 | TestSub: S15 | Epoch 70/100 Finsh | Now_lr 0.0005/0.0005 | Train Loss 0.0335 | Valid Loss 0.1093 | Train Acc 99.0179 | Valid Acc 94.7917
2026-07-10 09:07:20 | TestSub: S15 | Epoch 71/100 Finsh | Now_lr 0.0005/0.0005 | Train Loss 0.0302 | Valid Loss 0.1075 | Train Acc 99.2857 | Valid Acc 93.7500
2026-07-10 09:07:21 | TestSub: S15 | Epoch 72/100 Finsh | Now_lr 0.0005/0.0005 | Train Loss 0.0553 | Valid Loss 0.0887 | Train Acc 98.1250 | Valid Acc 97.9167
2026-07-10 09:07:21 | TestSub: S15 | Epoch 73/100 Finsh | Now_lr 0.0005/0.0005 | Train Loss 0.0417 | Valid Loss 0.1065 | Train Acc 98.5714 | Valid Acc 94.7917
2026-07-10 09:07:22 | TestSub: S15 | Epoch 74/100 Finsh | Now_lr 0.0005/0.0005 | Train Loss 0.0317 | Valid Loss 0.0900 | Train Acc 99.3750 | Valid Acc 97.9167
2026-07-10 09:07:22 | TestSub: S15 | Epoch 75/100 Finsh | Now_lr 0.0005/0.0005 | Train Loss 0.0225 | Valid Loss 0.0563 | Train Acc 99.4643 | Valid Acc 98.9583
2026-07-10 09:07:22 | Validation loss decreased (0.060958 --> 0.056280) in epoch (75). Saving model ...
2026-07-10 09:07:23 | TestSub: S15 | Epoch 76/100 Finsh | Now_lr 0.0005/0.0005 | Train Loss 0.0391 | Valid Loss 0.0554 | Train Acc 98.7500 | Valid Acc 97.9167
2026-07-10 09:07:23 | Validation loss decreased (0.056280 --> 0.055409) in epoch (76). Saving model ...
2026-07-10 09:07:24 | TestSub: S15 | Epoch 77/100 Finsh | Now_lr 0.0005/0.0005 | Train Loss 0.0323 | Valid Loss 0.0630 | Train Acc 98.9286 | Valid Acc 97.9167
2026-07-10 09:07:24 | TestSub: S15 | Epoch 78/100 Finsh | Now_lr 0.0005/0.0005 | Train Loss 0.0205 | Valid Loss 0.0788 | Train Acc 99.8214 | Valid Acc 96.8750
2026-07-10 09:07:25 | TestSub: S15 | Epoch 79/100 Finsh | Now_lr 0.0005/0.0005 | Train Loss 0.0250 | Valid Loss 0.0985 | Train Acc 99.5536 | Valid Acc 95.8333
2026-07-10 09:07:25 | TestSub: S15 | Epoch 80/100 Finsh | Now_lr 0.0005/0.0005 | Train Loss 0.0230 | Valid Loss 0.0630 | Train Acc 99.5536 | Valid Acc 97.9167
2026-07-10 09:07:26 | TestSub: S15 | Epoch 81/100 Finsh | Now_lr 0.0005/0.0005 | Train Loss 0.0200 | Valid Loss 0.0726 | Train Acc 99.7321 | Valid Acc 97.9167
2026-07-10 09:07:26 | TestSub: S15 | Epoch 82/100 Finsh | Now_lr 0.0005/0.0005 | Train Loss 0.0270 | Valid Loss 0.0633 | Train Acc 99.2857 | Valid Acc 96.8750
2026-07-10 09:07:27 | TestSub: S15 | Epoch 83/100 Finsh | Now_lr 0.0005/0.0005 | Train Loss 0.0289 | Valid Loss 0.0773 | Train Acc 99.1964 | Valid Acc 96.8750
2026-07-10 09:07:27 | TestSub: S15 | Epoch 84/100 Finsh | Now_lr 0.0005/0.0005 | Train Loss 0.0199 | Valid Loss 0.0652 | Train Acc 100.0000 | Valid Acc 97.9167
2026-07-10 09:07:28 | TestSub: S15 | Epoch 85/100 Finsh | Now_lr 0.0005/0.0005 | Train Loss 0.0355 | Valid Loss 0.0583 | Train Acc 98.8393 | Valid Acc 97.9167
2026-07-10 09:07:28 | TestSub: S15 | Epoch 86/100 Finsh | Now_lr 0.0005/0.0005 | Train Loss 0.0205 | Valid Loss 0.0679 | Train Acc 99.5536 | Valid Acc 97.9167
2026-07-10 09:07:29 | TestSub: S15 | Epoch 87/100 Finsh | Now_lr 0.0005/0.0005 | Train Loss 0.0186 | Valid Loss 0.0659 | Train Acc 99.3750 | Valid Acc 97.9167
2026-07-10 09:07:29 | TestSub: S15 | Epoch 88/100 Finsh | Now_lr 0.0005/0.0005 | Train Loss 0.0127 | Valid Loss 0.0587 | Train Acc 100.0000 | Valid Acc 97.9167
2026-07-10 09:07:30 | TestSub: S15 | Epoch 89/100 Finsh | Now_lr 0.0005/0.0005 | Train Loss 0.0191 | Valid Loss 0.0659 | Train Acc 99.5536 | Valid Acc 97.9167
2026-07-10 09:07:30 | TestSub: S15 | Epoch 90/100 Finsh | Now_lr 0.0005/0.0005 | Train Loss 0.0160 | Valid Loss 0.0539 | Train Acc 99.7321 | Valid Acc 97.9167
2026-07-10 09:07:30 | Validation loss decreased (0.055409 --> 0.053935) in epoch (90). Saving model ...
2026-07-10 09:07:31 | TestSub: S15 | Epoch 91/100 Finsh | Now_lr 0.0005/0.0005 | Train Loss 0.0285 | Valid Loss 0.0549 | Train Acc 99.1071 | Valid Acc 97.9167
2026-07-10 09:07:31 | TestSub: S15 | Epoch 92/100 Finsh | Now_lr 0.0005/0.0005 | Train Loss 0.0210 | Valid Loss 0.0614 | Train Acc 99.5536 | Valid Acc 97.9167
2026-07-10 09:07:32 | TestSub: S15 | Epoch 93/100 Finsh | Now_lr 0.0005/0.0005 | Train Loss 0.0189 | Valid Loss 0.0538 | Train Acc 99.8214 | Valid Acc 97.9167
2026-07-10 09:07:32 | Validation loss decreased (0.053935 --> 0.053810) in epoch (93). Saving model ...
2026-07-10 09:07:33 | TestSub: S15 | Epoch 94/100 Finsh | Now_lr 0.0005/0.0005 | Train Loss 0.0216 | Valid Loss 0.0565 | Train Acc 99.7321 | Valid Acc 97.9167
2026-07-10 09:07:33 | TestSub: S15 | Epoch 95/100 Finsh | Now_lr 0.0005/0.0005 | Train Loss 0.0280 | Valid Loss 0.0597 | Train Acc 99.2857 | Valid Acc 97.9167
2026-07-10 09:07:34 | TestSub: S15 | Epoch 96/100 Finsh | Now_lr 0.0005/0.0005 | Train Loss 0.0247 | Valid Loss 0.0500 | Train Acc 99.1964 | Valid Acc 97.9167
2026-07-10 09:07:34 | Validation loss decreased (0.053810 --> 0.050042) in epoch (96). Saving model ...
2026-07-10 09:07:34 | TestSub: S15 | Epoch 97/100 Finsh | Now_lr 0.0005/0.0005 | Train Loss 0.0202 | Valid Loss 0.0618 | Train Acc 99.8214 | Valid Acc 96.8750
2026-07-10 09:07:35 | TestSub: S15 | Epoch 98/100 Finsh | Now_lr 0.0005/0.0005 | Train Loss 0.0217 | Valid Loss 0.0655 | Train Acc 99.5536 | Valid Acc 96.8750
2026-07-10 09:07:35 | TestSub: S15 | Epoch 99/100 Finsh | Now_lr 0.0005/0.0005 | Train Loss 0.0226 | Valid Loss 0.0643 | Train Acc 99.6429 | Valid Acc 96.8750
2026-07-10 09:07:36 | TestSub: S15 | Epoch 100/100 Finsh | Now_lr 0.0005/0.0005 | Train Loss 0.0228 | Valid Loss 0.0716 | Train Acc 99.1964 | Valid Acc 96.8750
2026-07-10 09:07:36 | --------------------------------------------------
2026-07-10 09:07:36 | Test_Subject :S15 | Best epoch:96 | Test Loss:0.1695 | Savemodel Acc 93.1250
2026-07-10 09:07:36 | --------------------------------------------------
2026-07-10 09:07:36 | Best epoch: 96 | Test acc: 93.1250
