2026-07-13 08:36:01 | Logging started: ./writer/Subject_dependent_AAD/AVED/10.0s/result//Train10.0s_sub3.log
2026-07-13 08:36:04 | Sub_id: 3
2026-07-13 08:36:05 | TestSub: S3 | Epoch  1/100 Finsh | Now_lr 0.0005/0.0005 | Train Loss 0.7197 | Valid Loss 0.6766 | Train Acc 47.7273 | Valid Acc 59.3750
2026-07-13 08:36:05 | Validation loss decreased (inf --> 0.676612) in epoch (1). Saving model ...
2026-07-13 08:36:06 | TestSub: S3 | Epoch  2/100 Finsh | Now_lr 0.0005/0.0005 | Train Loss 0.6920 | Valid Loss 0.6767 | Train Acc 55.9659 | Valid Acc 59.3750
2026-07-13 08:36:06 | TestSub: S3 | Epoch  3/100 Finsh | Now_lr 0.0005/0.0005 | Train Loss 0.6700 | Valid Loss 0.6762 | Train Acc 59.6591 | Valid Acc 59.3750
2026-07-13 08:36:06 | Validation loss decreased (0.676612 --> 0.676169) in epoch (3). Saving model ...
2026-07-13 08:36:07 | TestSub: S3 | Epoch  4/100 Finsh | Now_lr 0.0005/0.0005 | Train Loss 0.6505 | Valid Loss 0.6813 | Train Acc 62.7841 | Valid Acc 59.3750
2026-07-13 08:36:07 | TestSub: S3 | Epoch  5/100 Finsh | Now_lr 0.0005/0.0005 | Train Loss 0.6348 | Valid Loss 0.6867 | Train Acc 65.3409 | Valid Acc 59.3750
2026-07-13 08:36:07 | TestSub: S3 | Epoch  6/100 Finsh | Now_lr 0.0005/0.0005 | Train Loss 0.6279 | Valid Loss 0.6766 | Train Acc 65.9091 | Valid Acc 59.3750
2026-07-13 08:36:08 | TestSub: S3 | Epoch  7/100 Finsh | Now_lr 0.0005/0.0005 | Train Loss 0.5876 | Valid Loss 0.6661 | Train Acc 73.2955 | Valid Acc 62.5000
2026-07-13 08:36:08 | Validation loss decreased (0.676169 --> 0.666057) in epoch (7). Saving model ...
2026-07-13 08:36:08 | TestSub: S3 | Epoch  8/100 Finsh | Now_lr 0.0005/0.0005 | Train Loss 0.5868 | Valid Loss 0.6632 | Train Acc 74.1477 | Valid Acc 65.6250
2026-07-13 08:36:08 | Validation loss decreased (0.666057 --> 0.663245) in epoch (8). Saving model ...
2026-07-13 08:36:08 | TestSub: S3 | Epoch  9/100 Finsh | Now_lr 0.0005/0.0005 | Train Loss 0.5865 | Valid Loss 0.6686 | Train Acc 69.6023 | Valid Acc 62.5000
2026-07-13 08:36:09 | TestSub: S3 | Epoch 10/100 Finsh | Now_lr 0.0005/0.0005 | Train Loss 0.5469 | Valid Loss 0.6761 | Train Acc 75.2841 | Valid Acc 59.3750
2026-07-13 08:36:09 | TestSub: S3 | Epoch 11/100 Finsh | Now_lr 0.0005/0.0005 | Train Loss 0.5582 | Valid Loss 0.6793 | Train Acc 75.0000 | Valid Acc 59.3750
2026-07-13 08:36:10 | TestSub: S3 | Epoch 12/100 Finsh | Now_lr 0.0005/0.0005 | Train Loss 0.5429 | Valid Loss 0.6690 | Train Acc 76.1364 | Valid Acc 65.6250
2026-07-13 08:36:10 | TestSub: S3 | Epoch 13/100 Finsh | Now_lr 0.0005/0.0005 | Train Loss 0.5259 | Valid Loss 0.6669 | Train Acc 79.5455 | Valid Acc 68.7500
2026-07-13 08:36:10 | TestSub: S3 | Epoch 14/100 Finsh | Now_lr 0.0005/0.0005 | Train Loss 0.5002 | Valid Loss 0.6708 | Train Acc 84.3750 | Valid Acc 65.6250
2026-07-13 08:36:11 | TestSub: S3 | Epoch 15/100 Finsh | Now_lr 0.0005/0.0005 | Train Loss 0.5008 | Valid Loss 0.6573 | Train Acc 80.1136 | Valid Acc 68.7500
2026-07-13 08:36:11 | Validation loss decreased (0.663245 --> 0.657342) in epoch (15). Saving model ...
2026-07-13 08:36:11 | TestSub: S3 | Epoch 16/100 Finsh | Now_lr 0.0005/0.0005 | Train Loss 0.4909 | Valid Loss 0.6546 | Train Acc 82.9545 | Valid Acc 65.6250
2026-07-13 08:36:11 | Validation loss decreased (0.657342 --> 0.654608) in epoch (16). Saving model ...
2026-07-13 08:36:11 | TestSub: S3 | Epoch 17/100 Finsh | Now_lr 0.0005/0.0005 | Train Loss 0.4763 | Valid Loss 0.6547 | Train Acc 82.6705 | Valid Acc 71.8750
2026-07-13 08:36:12 | TestSub: S3 | Epoch 18/100 Finsh | Now_lr 0.0005/0.0005 | Train Loss 0.4795 | Valid Loss 0.6602 | Train Acc 82.1023 | Valid Acc 68.7500
2026-07-13 08:36:12 | TestSub: S3 | Epoch 19/100 Finsh | Now_lr 0.0005/0.0005 | Train Loss 0.4544 | Valid Loss 0.6185 | Train Acc 86.3636 | Valid Acc 71.8750
2026-07-13 08:36:12 | Validation loss decreased (0.654608 --> 0.618462) in epoch (19). Saving model ...
2026-07-13 08:36:12 | TestSub: S3 | Epoch 20/100 Finsh | Now_lr 0.0005/0.0005 | Train Loss 0.4527 | Valid Loss 0.6378 | Train Acc 86.6477 | Valid Acc 71.8750
2026-07-13 08:36:13 | TestSub: S3 | Epoch 21/100 Finsh | Now_lr 0.0005/0.0005 | Train Loss 0.4308 | Valid Loss 0.6446 | Train Acc 88.9205 | Valid Acc 71.8750
2026-07-13 08:36:13 | TestSub: S3 | Epoch 22/100 Finsh | Now_lr 0.0005/0.0005 | Train Loss 0.4398 | Valid Loss 0.6256 | Train Acc 85.7955 | Valid Acc 71.8750
2026-07-13 08:36:13 | TestSub: S3 | Epoch 23/100 Finsh | Now_lr 0.0005/0.0005 | Train Loss 0.4189 | Valid Loss 0.6215 | Train Acc 91.7614 | Valid Acc 75.0000
2026-07-13 08:36:14 | TestSub: S3 | Epoch 24/100 Finsh | Now_lr 0.0005/0.0005 | Train Loss 0.4005 | Valid Loss 0.6081 | Train Acc 92.0455 | Valid Acc 71.8750
2026-07-13 08:36:14 | Validation loss decreased (0.618462 --> 0.608128) in epoch (24). Saving model ...
2026-07-13 08:36:14 | TestSub: S3 | Epoch 25/100 Finsh | Now_lr 0.0005/0.0005 | Train Loss 0.3851 | Valid Loss 0.6042 | Train Acc 91.7614 | Valid Acc 68.7500
2026-07-13 08:36:14 | Validation loss decreased (0.608128 --> 0.604221) in epoch (25). Saving model ...
2026-07-13 08:36:14 | TestSub: S3 | Epoch 26/100 Finsh | Now_lr 0.0005/0.0005 | Train Loss 0.3994 | Valid Loss 0.6183 | Train Acc 88.9205 | Valid Acc 68.7500
2026-07-13 08:36:15 | TestSub: S3 | Epoch 27/100 Finsh | Now_lr 0.0005/0.0005 | Train Loss 0.3852 | Valid Loss 0.5894 | Train Acc 90.3409 | Valid Acc 68.7500
2026-07-13 08:36:15 | Validation loss decreased (0.604221 --> 0.589405) in epoch (27). Saving model ...
2026-07-13 08:36:15 | TestSub: S3 | Epoch 28/100 Finsh | Now_lr 0.0005/0.0005 | Train Loss 0.3792 | Valid Loss 0.5672 | Train Acc 92.3295 | Valid Acc 68.7500
2026-07-13 08:36:15 | Validation loss decreased (0.589405 --> 0.567239) in epoch (28). Saving model ...
2026-07-13 08:36:16 | TestSub: S3 | Epoch 29/100 Finsh | Now_lr 0.0005/0.0005 | Train Loss 0.3530 | Valid Loss 0.5488 | Train Acc 94.0341 | Valid Acc 75.0000
2026-07-13 08:36:16 | Validation loss decreased (0.567239 --> 0.548833) in epoch (29). Saving model ...
2026-07-13 08:36:16 | TestSub: S3 | Epoch 30/100 Finsh | Now_lr 0.0005/0.0005 | Train Loss 0.3496 | Valid Loss 0.5485 | Train Acc 91.7614 | Valid Acc 75.0000
2026-07-13 08:36:16 | Validation loss decreased (0.548833 --> 0.548519) in epoch (30). Saving model ...
2026-07-13 08:36:16 | TestSub: S3 | Epoch 31/100 Finsh | Now_lr 0.0005/0.0005 | Train Loss 0.3518 | Valid Loss 0.5600 | Train Acc 94.0341 | Valid Acc 68.7500
2026-07-13 08:36:17 | TestSub: S3 | Epoch 32/100 Finsh | Now_lr 0.0005/0.0005 | Train Loss 0.3460 | Valid Loss 0.5621 | Train Acc 92.3295 | Valid Acc 71.8750
2026-07-13 08:36:17 | TestSub: S3 | Epoch 33/100 Finsh | Now_lr 0.0005/0.0005 | Train Loss 0.3251 | Valid Loss 0.5560 | Train Acc 93.4659 | Valid Acc 71.8750
2026-07-13 08:36:17 | TestSub: S3 | Epoch 34/100 Finsh | Now_lr 0.0005/0.0005 | Train Loss 0.3264 | Valid Loss 0.5262 | Train Acc 92.0455 | Valid Acc 78.1250
2026-07-13 08:36:17 | Validation loss decreased (0.548519 --> 0.526234) in epoch (34). Saving model ...
2026-07-13 08:36:18 | TestSub: S3 | Epoch 35/100 Finsh | Now_lr 0.0005/0.0005 | Train Loss 0.3253 | Valid Loss 0.5284 | Train Acc 95.4545 | Valid Acc 75.0000
2026-07-13 08:36:18 | TestSub: S3 | Epoch 36/100 Finsh | Now_lr 0.0005/0.0005 | Train Loss 0.3175 | Valid Loss 0.5319 | Train Acc 94.0341 | Valid Acc 75.0000
2026-07-13 08:36:18 | TestSub: S3 | Epoch 37/100 Finsh | Now_lr 0.0005/0.0005 | Train Loss 0.2981 | Valid Loss 0.5231 | Train Acc 92.6136 | Valid Acc 75.0000
2026-07-13 08:36:18 | Validation loss decreased (0.526234 --> 0.523150) in epoch (37). Saving model ...
2026-07-13 08:36:19 | TestSub: S3 | Epoch 38/100 Finsh | Now_lr 0.0005/0.0005 | Train Loss 0.2926 | Valid Loss 0.5144 | Train Acc 95.1705 | Valid Acc 78.1250
2026-07-13 08:36:19 | Validation loss decreased (0.523150 --> 0.514367) in epoch (38). Saving model ...
2026-07-13 08:36:19 | TestSub: S3 | Epoch 39/100 Finsh | Now_lr 0.0005/0.0005 | Train Loss 0.2966 | Valid Loss 0.4989 | Train Acc 95.1705 | Valid Acc 81.2500
2026-07-13 08:36:19 | Validation loss decreased (0.514367 --> 0.498857) in epoch (39). Saving model ...
2026-07-13 08:36:20 | TestSub: S3 | Epoch 40/100 Finsh | Now_lr 0.0005/0.0005 | Train Loss 0.2878 | Valid Loss 0.4823 | Train Acc 93.1818 | Valid Acc 78.1250
2026-07-13 08:36:20 | Validation loss decreased (0.498857 --> 0.482343) in epoch (40). Saving model ...
2026-07-13 08:36:20 | TestSub: S3 | Epoch 41/100 Finsh | Now_lr 0.0005/0.0005 | Train Loss 0.3019 | Valid Loss 0.4779 | Train Acc 94.3182 | Valid Acc 78.1250
2026-07-13 08:36:20 | Validation loss decreased (0.482343 --> 0.477881) in epoch (41). Saving model ...
2026-07-13 08:36:20 | TestSub: S3 | Epoch 42/100 Finsh | Now_lr 0.0005/0.0005 | Train Loss 0.2758 | Valid Loss 0.4915 | Train Acc 95.7386 | Valid Acc 75.0000
2026-07-13 08:36:21 | TestSub: S3 | Epoch 43/100 Finsh | Now_lr 0.0005/0.0005 | Train Loss 0.2623 | Valid Loss 0.4859 | Train Acc 96.5909 | Valid Acc 78.1250
2026-07-13 08:36:21 | TestSub: S3 | Epoch 44/100 Finsh | Now_lr 0.0005/0.0005 | Train Loss 0.2515 | Valid Loss 0.4950 | Train Acc 96.8750 | Valid Acc 78.1250
2026-07-13 08:36:21 | TestSub: S3 | Epoch 45/100 Finsh | Now_lr 0.0005/0.0005 | Train Loss 0.2634 | Valid Loss 0.4753 | Train Acc 94.6023 | Valid Acc 78.1250
2026-07-13 08:36:21 | Validation loss decreased (0.477881 --> 0.475327) in epoch (45). Saving model ...
2026-07-13 08:36:22 | TestSub: S3 | Epoch 46/100 Finsh | Now_lr 0.0005/0.0005 | Train Loss 0.2513 | Valid Loss 0.4632 | Train Acc 93.7500 | Valid Acc 78.1250
2026-07-13 08:36:22 | Validation loss decreased (0.475327 --> 0.463228) in epoch (46). Saving model ...
2026-07-13 08:36:22 | TestSub: S3 | Epoch 47/100 Finsh | Now_lr 0.0005/0.0005 | Train Loss 0.2572 | Valid Loss 0.4550 | Train Acc 94.0341 | Valid Acc 78.1250
2026-07-13 08:36:22 | Validation loss decreased (0.463228 --> 0.454963) in epoch (47). Saving model ...
2026-07-13 08:36:22 | TestSub: S3 | Epoch 48/100 Finsh | Now_lr 0.0005/0.0005 | Train Loss 0.2513 | Valid Loss 0.4508 | Train Acc 95.1705 | Valid Acc 81.2500
2026-07-13 08:36:22 | Validation loss decreased (0.454963 --> 0.450837) in epoch (48). Saving model ...
2026-07-13 08:36:23 | TestSub: S3 | Epoch 49/100 Finsh | Now_lr 0.0005/0.0005 | Train Loss 0.2385 | Valid Loss 0.4412 | Train Acc 95.1705 | Valid Acc 78.1250
2026-07-13 08:36:23 | Validation loss decreased (0.450837 --> 0.441243) in epoch (49). Saving model ...
2026-07-13 08:36:23 | TestSub: S3 | Epoch 50/100 Finsh | Now_lr 0.0005/0.0005 | Train Loss 0.2337 | Valid Loss 0.4331 | Train Acc 96.5909 | Valid Acc 78.1250
2026-07-13 08:36:23 | Validation loss decreased (0.441243 --> 0.433123) in epoch (50). Saving model ...
2026-07-13 08:36:24 | TestSub: S3 | Epoch 51/100 Finsh | Now_lr 0.0005/0.0005 | Train Loss 0.2257 | Valid Loss 0.4336 | Train Acc 96.5909 | Valid Acc 84.3750
2026-07-13 08:36:24 | TestSub: S3 | Epoch 52/100 Finsh | Now_lr 0.0005/0.0005 | Train Loss 0.2296 | Valid Loss 0.4391 | Train Acc 94.8864 | Valid Acc 84.3750
2026-07-13 08:36:25 | TestSub: S3 | Epoch 53/100 Finsh | Now_lr 0.0005/0.0005 | Train Loss 0.2044 | Valid Loss 0.4406 | Train Acc 97.4432 | Valid Acc 81.2500
2026-07-13 08:36:25 | TestSub: S3 | Epoch 54/100 Finsh | Now_lr 0.0005/0.0005 | Train Loss 0.2212 | Valid Loss 0.4358 | Train Acc 95.1705 | Valid Acc 71.8750
2026-07-13 08:36:25 | TestSub: S3 | Epoch 55/100 Finsh | Now_lr 0.0005/0.0005 | Train Loss 0.2059 | Valid Loss 0.4384 | Train Acc 96.0227 | Valid Acc 71.8750
2026-07-13 08:36:26 | TestSub: S3 | Epoch 56/100 Finsh | Now_lr 0.0005/0.0005 | Train Loss 0.1925 | Valid Loss 0.4257 | Train Acc 98.2955 | Valid Acc 78.1250
2026-07-13 08:36:26 | Validation loss decreased (0.433123 --> 0.425747) in epoch (56). Saving model ...
2026-07-13 08:36:26 | TestSub: S3 | Epoch 57/100 Finsh | Now_lr 0.0005/0.0005 | Train Loss 0.1997 | Valid Loss 0.4287 | Train Acc 97.1591 | Valid Acc 75.0000
2026-07-13 08:36:26 | TestSub: S3 | Epoch 58/100 Finsh | Now_lr 0.0005/0.0005 | Train Loss 0.1864 | Valid Loss 0.4171 | Train Acc 96.0227 | Valid Acc 81.2500
2026-07-13 08:36:26 | Validation loss decreased (0.425747 --> 0.417123) in epoch (58). Saving model ...
2026-07-13 08:36:27 | TestSub: S3 | Epoch 59/100 Finsh | Now_lr 0.0005/0.0005 | Train Loss 0.1924 | Valid Loss 0.4179 | Train Acc 96.0227 | Valid Acc 81.2500
2026-07-13 08:36:27 | TestSub: S3 | Epoch 60/100 Finsh | Now_lr 0.0005/0.0005 | Train Loss 0.1910 | Valid Loss 0.4130 | Train Acc 96.3068 | Valid Acc 84.3750
2026-07-13 08:36:27 | Validation loss decreased (0.417123 --> 0.412978) in epoch (60). Saving model ...
2026-07-13 08:36:27 | TestSub: S3 | Epoch 61/100 Finsh | Now_lr 0.0005/0.0005 | Train Loss 0.1812 | Valid Loss 0.4132 | Train Acc 97.7273 | Valid Acc 90.6250
2026-07-13 08:36:28 | TestSub: S3 | Epoch 62/100 Finsh | Now_lr 0.0005/0.0005 | Train Loss 0.1779 | Valid Loss 0.4074 | Train Acc 98.2955 | Valid Acc 84.3750
2026-07-13 08:36:28 | Validation loss decreased (0.412978 --> 0.407373) in epoch (62). Saving model ...
2026-07-13 08:36:28 | TestSub: S3 | Epoch 63/100 Finsh | Now_lr 0.0005/0.0005 | Train Loss 0.1939 | Valid Loss 0.3953 | Train Acc 97.1591 | Valid Acc 90.6250
2026-07-13 08:36:28 | Validation loss decreased (0.407373 --> 0.395313) in epoch (63). Saving model ...
2026-07-13 08:36:29 | TestSub: S3 | Epoch 64/100 Finsh | Now_lr 0.0005/0.0005 | Train Loss 0.1730 | Valid Loss 0.3956 | Train Acc 98.5795 | Valid Acc 87.5000
2026-07-13 08:36:29 | TestSub: S3 | Epoch 65/100 Finsh | Now_lr 0.0005/0.0005 | Train Loss 0.1860 | Valid Loss 0.3953 | Train Acc 97.4432 | Valid Acc 84.3750
2026-07-13 08:36:29 | Validation loss decreased (0.395313 --> 0.395283) in epoch (65). Saving model ...
2026-07-13 08:36:29 | TestSub: S3 | Epoch 66/100 Finsh | Now_lr 0.0005/0.0005 | Train Loss 0.1709 | Valid Loss 0.3918 | Train Acc 98.0114 | Valid Acc 84.3750
2026-07-13 08:36:29 | Validation loss decreased (0.395283 --> 0.391790) in epoch (66). Saving model ...
2026-07-13 08:36:30 | TestSub: S3 | Epoch 67/100 Finsh | Now_lr 0.0005/0.0005 | Train Loss 0.1583 | Valid Loss 0.3949 | Train Acc 97.7273 | Valid Acc 84.3750
2026-07-13 08:36:30 | TestSub: S3 | Epoch 68/100 Finsh | Now_lr 0.0005/0.0005 | Train Loss 0.1581 | Valid Loss 0.3861 | Train Acc 98.0114 | Valid Acc 84.3750
2026-07-13 08:36:30 | Validation loss decreased (0.391790 --> 0.386082) in epoch (68). Saving model ...
2026-07-13 08:36:30 | TestSub: S3 | Epoch 69/100 Finsh | Now_lr 0.0005/0.0005 | Train Loss 0.1639 | Valid Loss 0.3859 | Train Acc 98.0114 | Valid Acc 87.5000
2026-07-13 08:36:30 | Validation loss decreased (0.386082 --> 0.385860) in epoch (69). Saving model ...
2026-07-13 08:36:31 | TestSub: S3 | Epoch 70/100 Finsh | Now_lr 0.0005/0.0005 | Train Loss 0.1662 | Valid Loss 0.3799 | Train Acc 97.7273 | Valid Acc 84.3750
2026-07-13 08:36:31 | Validation loss decreased (0.385860 --> 0.379857) in epoch (70). Saving model ...
2026-07-13 08:36:31 | TestSub: S3 | Epoch 71/100 Finsh | Now_lr 0.0005/0.0005 | Train Loss 0.1677 | Valid Loss 0.3681 | Train Acc 97.7273 | Valid Acc 84.3750
2026-07-13 08:36:31 | Validation loss decreased (0.379857 --> 0.368107) in epoch (71). Saving model ...
2026-07-13 08:36:31 | TestSub: S3 | Epoch 72/100 Finsh | Now_lr 0.0005/0.0005 | Train Loss 0.1710 | Valid Loss 0.3736 | Train Acc 97.1591 | Valid Acc 87.5000
2026-07-13 08:36:32 | TestSub: S3 | Epoch 73/100 Finsh | Now_lr 0.0005/0.0005 | Train Loss 0.1552 | Valid Loss 0.3563 | Train Acc 98.2955 | Valid Acc 87.5000
2026-07-13 08:36:32 | Validation loss decreased (0.368107 --> 0.356327) in epoch (73). Saving model ...
2026-07-13 08:36:32 | TestSub: S3 | Epoch 74/100 Finsh | Now_lr 0.0005/0.0005 | Train Loss 0.1576 | Valid Loss 0.3565 | Train Acc 97.7273 | Valid Acc 90.6250
2026-07-13 08:36:32 | TestSub: S3 | Epoch 75/100 Finsh | Now_lr 0.0005/0.0005 | Train Loss 0.1473 | Valid Loss 0.3591 | Train Acc 98.2955 | Valid Acc 93.7500
2026-07-13 08:36:33 | TestSub: S3 | Epoch 76/100 Finsh | Now_lr 0.0005/0.0005 | Train Loss 0.1390 | Valid Loss 0.3563 | Train Acc 98.5795 | Valid Acc 93.7500
2026-07-13 08:36:33 | Validation loss decreased (0.356327 --> 0.356322) in epoch (76). Saving model ...
2026-07-13 08:36:33 | TestSub: S3 | Epoch 77/100 Finsh | Now_lr 0.0005/0.0005 | Train Loss 0.1442 | Valid Loss 0.3505 | Train Acc 98.8636 | Valid Acc 93.7500
2026-07-13 08:36:33 | Validation loss decreased (0.356322 --> 0.350492) in epoch (77). Saving model ...
2026-07-13 08:36:34 | TestSub: S3 | Epoch 78/100 Finsh | Now_lr 0.0005/0.0005 | Train Loss 0.1276 | Valid Loss 0.3507 | Train Acc 98.8636 | Valid Acc 90.6250
2026-07-13 08:36:34 | TestSub: S3 | Epoch 79/100 Finsh | Now_lr 0.0005/0.0005 | Train Loss 0.1484 | Valid Loss 0.3423 | Train Acc 97.4432 | Valid Acc 90.6250
2026-07-13 08:36:34 | Validation loss decreased (0.350492 --> 0.342345) in epoch (79). Saving model ...
2026-07-13 08:36:34 | TestSub: S3 | Epoch 80/100 Finsh | Now_lr 0.0005/0.0005 | Train Loss 0.1371 | Valid Loss 0.3653 | Train Acc 98.2955 | Valid Acc 81.2500
2026-07-13 08:36:35 | TestSub: S3 | Epoch 81/100 Finsh | Now_lr 0.0005/0.0005 | Train Loss 0.1475 | Valid Loss 0.3646 | Train Acc 97.4432 | Valid Acc 87.5000
2026-07-13 08:36:35 | TestSub: S3 | Epoch 82/100 Finsh | Now_lr 0.0005/0.0005 | Train Loss 0.1413 | Valid Loss 0.3578 | Train Acc 97.4432 | Valid Acc 87.5000
2026-07-13 08:36:35 | TestSub: S3 | Epoch 83/100 Finsh | Now_lr 0.0005/0.0005 | Train Loss 0.1266 | Valid Loss 0.3519 | Train Acc 98.2955 | Valid Acc 84.3750
2026-07-13 08:36:36 | TestSub: S3 | Epoch 84/100 Finsh | Now_lr 0.0005/0.0005 | Train Loss 0.1510 | Valid Loss 0.3516 | Train Acc 96.8750 | Valid Acc 81.2500
2026-07-13 08:36:36 | TestSub: S3 | Epoch 85/100 Finsh | Now_lr 0.0005/0.0005 | Train Loss 0.1256 | Valid Loss 0.3488 | Train Acc 98.8636 | Valid Acc 81.2500
2026-07-13 08:36:36 | TestSub: S3 | Epoch 86/100 Finsh | Now_lr 0.0005/0.0005 | Train Loss 0.1169 | Valid Loss 0.3449 | Train Acc 99.1477 | Valid Acc 81.2500
2026-07-13 08:36:37 | TestSub: S3 | Epoch 87/100 Finsh | Now_lr 0.0005/0.0005 | Train Loss 0.1290 | Valid Loss 0.3537 | Train Acc 99.4318 | Valid Acc 81.2500
2026-07-13 08:36:37 | TestSub: S3 | Epoch 88/100 Finsh | Now_lr 0.0005/0.0005 | Train Loss 0.1233 | Valid Loss 0.3491 | Train Acc 98.0114 | Valid Acc 81.2500
2026-07-13 08:36:37 | TestSub: S3 | Epoch 89/100 Finsh | Now_lr 0.0005/0.0005 | Train Loss 0.1317 | Valid Loss 0.3471 | Train Acc 98.5795 | Valid Acc 81.2500
2026-07-13 08:36:38 | TestSub: S3 | Epoch 90/100 Finsh | Now_lr 0.0005/0.0005 | Train Loss 0.1134 | Valid Loss 0.3403 | Train Acc 98.8636 | Valid Acc 81.2500
2026-07-13 08:36:38 | Validation loss decreased (0.342345 --> 0.340317) in epoch (90). Saving model ...
2026-07-13 08:36:38 | TestSub: S3 | Epoch 91/100 Finsh | Now_lr 0.0005/0.0005 | Train Loss 0.1274 | Valid Loss 0.3346 | Train Acc 98.0114 | Valid Acc 84.3750
2026-07-13 08:36:38 | Validation loss decreased (0.340317 --> 0.334628) in epoch (91). Saving model ...
2026-07-13 08:36:39 | TestSub: S3 | Epoch 92/100 Finsh | Now_lr 0.0005/0.0005 | Train Loss 0.1275 | Valid Loss 0.3263 | Train Acc 98.8636 | Valid Acc 84.3750
2026-07-13 08:36:39 | Validation loss decreased (0.334628 --> 0.326271) in epoch (92). Saving model ...
2026-07-13 08:36:39 | TestSub: S3 | Epoch 93/100 Finsh | Now_lr 0.0005/0.0005 | Train Loss 0.1179 | Valid Loss 0.3268 | Train Acc 98.5795 | Valid Acc 87.5000
2026-07-13 08:36:39 | TestSub: S3 | Epoch 94/100 Finsh | Now_lr 0.0005/0.0005 | Train Loss 0.1042 | Valid Loss 0.3276 | Train Acc 100.0000 | Valid Acc 84.3750
2026-07-13 08:36:40 | TestSub: S3 | Epoch 95/100 Finsh | Now_lr 0.0005/0.0005 | Train Loss 0.1137 | Valid Loss 0.3311 | Train Acc 98.8636 | Valid Acc 84.3750
2026-07-13 08:36:40 | TestSub: S3 | Epoch 96/100 Finsh | Now_lr 0.0005/0.0005 | Train Loss 0.1109 | Valid Loss 0.3361 | Train Acc 98.5795 | Valid Acc 84.3750
2026-07-13 08:36:40 | TestSub: S3 | Epoch 97/100 Finsh | Now_lr 0.0005/0.0005 | Train Loss 0.0958 | Valid Loss 0.3378 | Train Acc 99.4318 | Valid Acc 81.2500
2026-07-13 08:36:41 | TestSub: S3 | Epoch 98/100 Finsh | Now_lr 0.0005/0.0005 | Train Loss 0.1128 | Valid Loss 0.3286 | Train Acc 99.1477 | Valid Acc 84.3750
2026-07-13 08:36:41 | TestSub: S3 | Epoch 99/100 Finsh | Now_lr 0.0005/0.0005 | Train Loss 0.1127 | Valid Loss 0.3262 | Train Acc 98.8636 | Valid Acc 84.3750
2026-07-13 08:36:41 | Validation loss decreased (0.326271 --> 0.326151) in epoch (99). Saving model ...
2026-07-13 08:36:42 | TestSub: S3 | Epoch 100/100 Finsh | Now_lr 0.0005/0.0005 | Train Loss 0.0991 | Valid Loss 0.3294 | Train Acc 99.1477 | Valid Acc 81.2500
2026-07-13 08:36:42 | --------------------------------------------------
2026-07-13 08:36:42 | Test_Subject :S3 | Best epoch:99 | Test Loss:0.9653 | Savemodel Acc 25.0000
2026-07-13 08:36:42 | --------------------------------------------------
2026-07-13 08:36:42 | Best epoch: 99 | Test acc: 25.0000
