2026-07-13 08:38:10 | Logging started: ./writer/Subject_dependent_AAD/AVED/10.0s/result//Train10.0s_sub7.log
2026-07-13 08:38:13 | Sub_id: 7
2026-07-13 08:38:14 | TestSub: S7 | Epoch  1/100 Finsh | Now_lr 0.0005/0.0005 | Train Loss 0.6955 | Valid Loss 0.6758 | Train Acc 52.5568 | Valid Acc 59.3750
2026-07-13 08:38:14 | Validation loss decreased (inf --> 0.675767) in epoch (1). Saving model ...
2026-07-13 08:38:14 | TestSub: S7 | Epoch  2/100 Finsh | Now_lr 0.0005/0.0005 | Train Loss 0.6762 | Valid Loss 0.6939 | Train Acc 57.9545 | Valid Acc 59.3750
2026-07-13 08:38:15 | TestSub: S7 | Epoch  3/100 Finsh | Now_lr 0.0005/0.0005 | Train Loss 0.6717 | Valid Loss 0.7141 | Train Acc 61.0795 | Valid Acc 59.3750
2026-07-13 08:38:15 | TestSub: S7 | Epoch  4/100 Finsh | Now_lr 0.0005/0.0005 | Train Loss 0.6404 | Valid Loss 0.6969 | Train Acc 65.9091 | Valid Acc 59.3750
2026-07-13 08:38:15 | TestSub: S7 | Epoch  5/100 Finsh | Now_lr 0.0005/0.0005 | Train Loss 0.6241 | Valid Loss 0.6935 | Train Acc 69.6023 | Valid Acc 59.3750
2026-07-13 08:38:16 | TestSub: S7 | Epoch  6/100 Finsh | Now_lr 0.0005/0.0005 | Train Loss 0.6268 | Valid Loss 0.6999 | Train Acc 68.7500 | Valid Acc 59.3750
2026-07-13 08:38:16 | TestSub: S7 | Epoch  7/100 Finsh | Now_lr 0.0005/0.0005 | Train Loss 0.6147 | Valid Loss 0.6857 | Train Acc 72.1591 | Valid Acc 59.3750
2026-07-13 08:38:17 | TestSub: S7 | Epoch  8/100 Finsh | Now_lr 0.0005/0.0005 | Train Loss 0.5957 | Valid Loss 0.6850 | Train Acc 73.5795 | Valid Acc 56.2500
2026-07-13 08:38:17 | TestSub: S7 | Epoch  9/100 Finsh | Now_lr 0.0005/0.0005 | Train Loss 0.5855 | Valid Loss 0.6933 | Train Acc 73.0114 | Valid Acc 56.2500
2026-07-13 08:38:17 | TestSub: S7 | Epoch 10/100 Finsh | Now_lr 0.0005/0.0005 | Train Loss 0.5733 | Valid Loss 0.7022 | Train Acc 74.1477 | Valid Acc 56.2500
2026-07-13 08:38:18 | TestSub: S7 | Epoch 11/100 Finsh | Now_lr 0.0005/0.0005 | Train Loss 0.5614 | Valid Loss 0.7056 | Train Acc 79.8295 | Valid Acc 56.2500
2026-07-13 08:38:18 | TestSub: S7 | Epoch 12/100 Finsh | Now_lr 0.0005/0.0005 | Train Loss 0.5598 | Valid Loss 0.7099 | Train Acc 79.5455 | Valid Acc 56.2500
2026-07-13 08:38:18 | TestSub: S7 | Epoch 13/100 Finsh | Now_lr 0.0005/0.0005 | Train Loss 0.5477 | Valid Loss 0.7027 | Train Acc 80.3977 | Valid Acc 56.2500
2026-07-13 08:38:19 | TestSub: S7 | Epoch 14/100 Finsh | Now_lr 0.0005/0.0005 | Train Loss 0.5131 | Valid Loss 0.7054 | Train Acc 83.8068 | Valid Acc 59.3750
2026-07-13 08:38:19 | TestSub: S7 | Epoch 15/100 Finsh | Now_lr 0.0005/0.0005 | Train Loss 0.5180 | Valid Loss 0.7102 | Train Acc 81.5341 | Valid Acc 59.3750
2026-07-13 08:38:19 | TestSub: S7 | Epoch 16/100 Finsh | Now_lr 0.0005/0.0005 | Train Loss 0.4983 | Valid Loss 0.7017 | Train Acc 87.2159 | Valid Acc 68.7500
2026-07-13 08:38:20 | TestSub: S7 | Epoch 17/100 Finsh | Now_lr 0.0005/0.0005 | Train Loss 0.5004 | Valid Loss 0.6958 | Train Acc 85.2273 | Valid Acc 68.7500
2026-07-13 08:38:20 | TestSub: S7 | Epoch 18/100 Finsh | Now_lr 0.0005/0.0005 | Train Loss 0.4732 | Valid Loss 0.6978 | Train Acc 86.9318 | Valid Acc 62.5000
2026-07-13 08:38:20 | TestSub: S7 | Epoch 19/100 Finsh | Now_lr 0.0005/0.0005 | Train Loss 0.4638 | Valid Loss 0.6812 | Train Acc 88.0682 | Valid Acc 62.5000
2026-07-13 08:38:21 | TestSub: S7 | Epoch 20/100 Finsh | Now_lr 0.0005/0.0005 | Train Loss 0.4613 | Valid Loss 0.6760 | Train Acc 89.2045 | Valid Acc 62.5000
2026-07-13 08:38:21 | TestSub: S7 | Epoch 21/100 Finsh | Now_lr 0.0005/0.0005 | Train Loss 0.4514 | Valid Loss 0.6770 | Train Acc 89.4886 | Valid Acc 65.6250
2026-07-13 08:38:21 | TestSub: S7 | Epoch 22/100 Finsh | Now_lr 0.0005/0.0005 | Train Loss 0.4466 | Valid Loss 0.6713 | Train Acc 90.3409 | Valid Acc 68.7500
2026-07-13 08:38:21 | Validation loss decreased (0.675767 --> 0.671252) in epoch (22). Saving model ...
2026-07-13 08:38:22 | TestSub: S7 | Epoch 23/100 Finsh | Now_lr 0.0005/0.0005 | Train Loss 0.4430 | Valid Loss 0.6678 | Train Acc 87.7841 | Valid Acc 65.6250
2026-07-13 08:38:22 | Validation loss decreased (0.671252 --> 0.667799) in epoch (23). Saving model ...
2026-07-13 08:38:22 | TestSub: S7 | Epoch 24/100 Finsh | Now_lr 0.0005/0.0005 | Train Loss 0.4077 | Valid Loss 0.6451 | Train Acc 90.0568 | Valid Acc 68.7500
2026-07-13 08:38:22 | Validation loss decreased (0.667799 --> 0.645057) in epoch (24). Saving model ...
2026-07-13 08:38:22 | TestSub: S7 | Epoch 25/100 Finsh | Now_lr 0.0005/0.0005 | Train Loss 0.4112 | Valid Loss 0.6493 | Train Acc 91.4773 | Valid Acc 68.7500
2026-07-13 08:38:23 | TestSub: S7 | Epoch 26/100 Finsh | Now_lr 0.0005/0.0005 | Train Loss 0.3952 | Valid Loss 0.6505 | Train Acc 92.0455 | Valid Acc 71.8750
2026-07-13 08:38:23 | TestSub: S7 | Epoch 27/100 Finsh | Now_lr 0.0005/0.0005 | Train Loss 0.3822 | Valid Loss 0.6307 | Train Acc 92.0455 | Valid Acc 68.7500
2026-07-13 08:38:23 | Validation loss decreased (0.645057 --> 0.630729) in epoch (27). Saving model ...
2026-07-13 08:38:23 | TestSub: S7 | Epoch 28/100 Finsh | Now_lr 0.0005/0.0005 | Train Loss 0.3689 | Valid Loss 0.6322 | Train Acc 93.1818 | Valid Acc 68.7500
2026-07-13 08:38:24 | TestSub: S7 | Epoch 29/100 Finsh | Now_lr 0.0005/0.0005 | Train Loss 0.3757 | Valid Loss 0.6312 | Train Acc 91.7614 | Valid Acc 75.0000
2026-07-13 08:38:24 | TestSub: S7 | Epoch 30/100 Finsh | Now_lr 0.0005/0.0005 | Train Loss 0.3710 | Valid Loss 0.6148 | Train Acc 92.0455 | Valid Acc 71.8750
2026-07-13 08:38:24 | Validation loss decreased (0.630729 --> 0.614847) in epoch (30). Saving model ...
2026-07-13 08:38:25 | TestSub: S7 | Epoch 31/100 Finsh | Now_lr 0.0005/0.0005 | Train Loss 0.3579 | Valid Loss 0.6179 | Train Acc 92.6136 | Valid Acc 75.0000
2026-07-13 08:38:25 | TestSub: S7 | Epoch 32/100 Finsh | Now_lr 0.0005/0.0005 | Train Loss 0.3365 | Valid Loss 0.6198 | Train Acc 96.0227 | Valid Acc 75.0000
2026-07-13 08:38:25 | TestSub: S7 | Epoch 33/100 Finsh | Now_lr 0.0005/0.0005 | Train Loss 0.3465 | Valid Loss 0.5941 | Train Acc 94.0341 | Valid Acc 78.1250
2026-07-13 08:38:25 | Validation loss decreased (0.614847 --> 0.594059) in epoch (33). Saving model ...
2026-07-13 08:38:26 | TestSub: S7 | Epoch 34/100 Finsh | Now_lr 0.0005/0.0005 | Train Loss 0.3384 | Valid Loss 0.5800 | Train Acc 94.8864 | Valid Acc 78.1250
2026-07-13 08:38:26 | Validation loss decreased (0.594059 --> 0.579984) in epoch (34). Saving model ...
2026-07-13 08:38:26 | TestSub: S7 | Epoch 35/100 Finsh | Now_lr 0.0005/0.0005 | Train Loss 0.3396 | Valid Loss 0.5806 | Train Acc 94.6023 | Valid Acc 78.1250
2026-07-13 08:38:26 | TestSub: S7 | Epoch 36/100 Finsh | Now_lr 0.0005/0.0005 | Train Loss 0.3261 | Valid Loss 0.5652 | Train Acc 94.0341 | Valid Acc 78.1250
2026-07-13 08:38:26 | Validation loss decreased (0.579984 --> 0.565192) in epoch (36). Saving model ...
2026-07-13 08:38:27 | TestSub: S7 | Epoch 37/100 Finsh | Now_lr 0.0005/0.0005 | Train Loss 0.3084 | Valid Loss 0.5491 | Train Acc 94.8864 | Valid Acc 78.1250
2026-07-13 08:38:27 | Validation loss decreased (0.565192 --> 0.549095) in epoch (37). Saving model ...
2026-07-13 08:38:27 | TestSub: S7 | Epoch 38/100 Finsh | Now_lr 0.0005/0.0005 | Train Loss 0.2962 | Valid Loss 0.5483 | Train Acc 96.3068 | Valid Acc 81.2500
2026-07-13 08:38:27 | Validation loss decreased (0.549095 --> 0.548332) in epoch (38). Saving model ...
2026-07-13 08:38:27 | TestSub: S7 | Epoch 39/100 Finsh | Now_lr 0.0005/0.0005 | Train Loss 0.2916 | Valid Loss 0.5411 | Train Acc 95.7386 | Valid Acc 81.2500
2026-07-13 08:38:27 | Validation loss decreased (0.548332 --> 0.541139) in epoch (39). Saving model ...
2026-07-13 08:38:28 | TestSub: S7 | Epoch 40/100 Finsh | Now_lr 0.0005/0.0005 | Train Loss 0.2804 | Valid Loss 0.5529 | Train Acc 94.3182 | Valid Acc 78.1250
2026-07-13 08:38:28 | TestSub: S7 | Epoch 41/100 Finsh | Now_lr 0.0005/0.0005 | Train Loss 0.2942 | Valid Loss 0.5367 | Train Acc 96.5909 | Valid Acc 84.3750
2026-07-13 08:38:28 | Validation loss decreased (0.541139 --> 0.536733) in epoch (41). Saving model ...
2026-07-13 08:38:29 | TestSub: S7 | Epoch 42/100 Finsh | Now_lr 0.0005/0.0005 | Train Loss 0.2735 | Valid Loss 0.5192 | Train Acc 96.0227 | Valid Acc 84.3750
2026-07-13 08:38:29 | Validation loss decreased (0.536733 --> 0.519238) in epoch (42). Saving model ...
2026-07-13 08:38:29 | TestSub: S7 | Epoch 43/100 Finsh | Now_lr 0.0005/0.0005 | Train Loss 0.2666 | Valid Loss 0.4992 | Train Acc 95.7386 | Valid Acc 84.3750
2026-07-13 08:38:29 | Validation loss decreased (0.519238 --> 0.499210) in epoch (43). Saving model ...
2026-07-13 08:38:29 | TestSub: S7 | Epoch 44/100 Finsh | Now_lr 0.0005/0.0005 | Train Loss 0.2522 | Valid Loss 0.5202 | Train Acc 98.0114 | Valid Acc 84.3750
2026-07-13 08:38:30 | TestSub: S7 | Epoch 45/100 Finsh | Now_lr 0.0005/0.0005 | Train Loss 0.2535 | Valid Loss 0.5289 | Train Acc 96.0227 | Valid Acc 84.3750
2026-07-13 08:38:30 | TestSub: S7 | Epoch 46/100 Finsh | Now_lr 0.0005/0.0005 | Train Loss 0.2453 | Valid Loss 0.5132 | Train Acc 95.7386 | Valid Acc 84.3750
2026-07-13 08:38:30 | TestSub: S7 | Epoch 47/100 Finsh | Now_lr 0.0005/0.0005 | Train Loss 0.2401 | Valid Loss 0.4872 | Train Acc 96.3068 | Valid Acc 81.2500
2026-07-13 08:38:30 | Validation loss decreased (0.499210 --> 0.487189) in epoch (47). Saving model ...
2026-07-13 08:38:31 | TestSub: S7 | Epoch 48/100 Finsh | Now_lr 0.0005/0.0005 | Train Loss 0.2345 | Valid Loss 0.4653 | Train Acc 97.7273 | Valid Acc 84.3750
2026-07-13 08:38:31 | Validation loss decreased (0.487189 --> 0.465255) in epoch (48). Saving model ...
2026-07-13 08:38:31 | TestSub: S7 | Epoch 49/100 Finsh | Now_lr 0.0005/0.0005 | Train Loss 0.2313 | Valid Loss 0.4825 | Train Acc 97.1591 | Valid Acc 84.3750
2026-07-13 08:38:31 | TestSub: S7 | Epoch 50/100 Finsh | Now_lr 0.0005/0.0005 | Train Loss 0.2300 | Valid Loss 0.4819 | Train Acc 97.1591 | Valid Acc 84.3750
2026-07-13 08:38:32 | TestSub: S7 | Epoch 51/100 Finsh | Now_lr 0.0005/0.0005 | Train Loss 0.2247 | Valid Loss 0.4876 | Train Acc 96.8750 | Valid Acc 84.3750
2026-07-13 08:38:32 | TestSub: S7 | Epoch 52/100 Finsh | Now_lr 0.0005/0.0005 | Train Loss 0.2145 | Valid Loss 0.4922 | Train Acc 96.5909 | Valid Acc 81.2500
2026-07-13 08:38:33 | TestSub: S7 | Epoch 53/100 Finsh | Now_lr 0.0005/0.0005 | Train Loss 0.2225 | Valid Loss 0.4612 | Train Acc 96.5909 | Valid Acc 87.5000
2026-07-13 08:38:33 | Validation loss decreased (0.465255 --> 0.461154) in epoch (53). Saving model ...
2026-07-13 08:38:33 | TestSub: S7 | Epoch 54/100 Finsh | Now_lr 0.0005/0.0005 | Train Loss 0.2137 | Valid Loss 0.4606 | Train Acc 97.7273 | Valid Acc 81.2500
2026-07-13 08:38:33 | Validation loss decreased (0.461154 --> 0.460561) in epoch (54). Saving model ...
2026-07-13 08:38:33 | TestSub: S7 | Epoch 55/100 Finsh | Now_lr 0.0005/0.0005 | Train Loss 0.2097 | Valid Loss 0.4602 | Train Acc 97.4432 | Valid Acc 87.5000
2026-07-13 08:38:33 | Validation loss decreased (0.460561 --> 0.460242) in epoch (55). Saving model ...
2026-07-13 08:38:34 | TestSub: S7 | Epoch 56/100 Finsh | Now_lr 0.0005/0.0005 | Train Loss 0.2070 | Valid Loss 0.4521 | Train Acc 96.5909 | Valid Acc 84.3750
2026-07-13 08:38:34 | Validation loss decreased (0.460242 --> 0.452058) in epoch (56). Saving model ...
2026-07-13 08:38:34 | TestSub: S7 | Epoch 57/100 Finsh | Now_lr 0.0005/0.0005 | Train Loss 0.1915 | Valid Loss 0.4516 | Train Acc 98.8636 | Valid Acc 87.5000
2026-07-13 08:38:34 | Validation loss decreased (0.452058 --> 0.451634) in epoch (57). Saving model ...
2026-07-13 08:38:34 | TestSub: S7 | Epoch 58/100 Finsh | Now_lr 0.0005/0.0005 | Train Loss 0.2032 | Valid Loss 0.4419 | Train Acc 97.7273 | Valid Acc 87.5000
2026-07-13 08:38:34 | Validation loss decreased (0.451634 --> 0.441890) in epoch (58). Saving model ...
2026-07-13 08:38:35 | TestSub: S7 | Epoch 59/100 Finsh | Now_lr 0.0005/0.0005 | Train Loss 0.1865 | Valid Loss 0.4399 | Train Acc 98.2955 | Valid Acc 87.5000
2026-07-13 08:38:35 | Validation loss decreased (0.441890 --> 0.439855) in epoch (59). Saving model ...
2026-07-13 08:38:35 | TestSub: S7 | Epoch 60/100 Finsh | Now_lr 0.0005/0.0005 | Train Loss 0.1840 | Valid Loss 0.4400 | Train Acc 98.2955 | Valid Acc 87.5000
2026-07-13 08:38:36 | TestSub: S7 | Epoch 61/100 Finsh | Now_lr 0.0005/0.0005 | Train Loss 0.1878 | Valid Loss 0.4340 | Train Acc 97.7273 | Valid Acc 87.5000
2026-07-13 08:38:36 | Validation loss decreased (0.439855 --> 0.434017) in epoch (61). Saving model ...
2026-07-13 08:38:36 | TestSub: S7 | Epoch 62/100 Finsh | Now_lr 0.0005/0.0005 | Train Loss 0.1761 | Valid Loss 0.4341 | Train Acc 97.7273 | Valid Acc 87.5000
2026-07-13 08:38:36 | TestSub: S7 | Epoch 63/100 Finsh | Now_lr 0.0005/0.0005 | Train Loss 0.1699 | Valid Loss 0.4464 | Train Acc 99.7159 | Valid Acc 90.6250
2026-07-13 08:38:37 | TestSub: S7 | Epoch 64/100 Finsh | Now_lr 0.0005/0.0005 | Train Loss 0.1600 | Valid Loss 0.4128 | Train Acc 99.1477 | Valid Acc 90.6250
2026-07-13 08:38:37 | Validation loss decreased (0.434017 --> 0.412812) in epoch (64). Saving model ...
2026-07-13 08:38:37 | TestSub: S7 | Epoch 65/100 Finsh | Now_lr 0.0005/0.0005 | Train Loss 0.1619 | Valid Loss 0.4095 | Train Acc 97.7273 | Valid Acc 87.5000
2026-07-13 08:38:37 | Validation loss decreased (0.412812 --> 0.409542) in epoch (65). Saving model ...
2026-07-13 08:38:37 | TestSub: S7 | Epoch 66/100 Finsh | Now_lr 0.0005/0.0005 | Train Loss 0.1749 | Valid Loss 0.3956 | Train Acc 98.2955 | Valid Acc 90.6250
2026-07-13 08:38:37 | Validation loss decreased (0.409542 --> 0.395636) in epoch (66). Saving model ...
2026-07-13 08:38:38 | TestSub: S7 | Epoch 67/100 Finsh | Now_lr 0.0005/0.0005 | Train Loss 0.1589 | Valid Loss 0.3917 | Train Acc 98.2955 | Valid Acc 90.6250
2026-07-13 08:38:38 | Validation loss decreased (0.395636 --> 0.391737) in epoch (67). Saving model ...
2026-07-13 08:38:38 | TestSub: S7 | Epoch 68/100 Finsh | Now_lr 0.0005/0.0005 | Train Loss 0.1646 | Valid Loss 0.3821 | Train Acc 98.5795 | Valid Acc 90.6250
2026-07-13 08:38:38 | Validation loss decreased (0.391737 --> 0.382122) in epoch (68). Saving model ...
2026-07-13 08:38:39 | TestSub: S7 | Epoch 69/100 Finsh | Now_lr 0.0005/0.0005 | Train Loss 0.1515 | Valid Loss 0.3867 | Train Acc 99.1477 | Valid Acc 90.6250
2026-07-13 08:38:39 | TestSub: S7 | Epoch 70/100 Finsh | Now_lr 0.0005/0.0005 | Train Loss 0.1484 | Valid Loss 0.3766 | Train Acc 98.5795 | Valid Acc 90.6250
2026-07-13 08:38:39 | Validation loss decreased (0.382122 --> 0.376608) in epoch (70). Saving model ...
2026-07-13 08:38:39 | TestSub: S7 | Epoch 71/100 Finsh | Now_lr 0.0005/0.0005 | Train Loss 0.1515 | Valid Loss 0.3678 | Train Acc 97.7273 | Valid Acc 87.5000
2026-07-13 08:38:39 | Validation loss decreased (0.376608 --> 0.367750) in epoch (71). Saving model ...
2026-07-13 08:38:40 | TestSub: S7 | Epoch 72/100 Finsh | Now_lr 0.0005/0.0005 | Train Loss 0.1497 | Valid Loss 0.3702 | Train Acc 98.8636 | Valid Acc 87.5000
2026-07-13 08:38:40 | TestSub: S7 | Epoch 73/100 Finsh | Now_lr 0.0005/0.0005 | Train Loss 0.1562 | Valid Loss 0.3689 | Train Acc 98.2955 | Valid Acc 93.7500
2026-07-13 08:38:40 | TestSub: S7 | Epoch 74/100 Finsh | Now_lr 0.0005/0.0005 | Train Loss 0.1599 | Valid Loss 0.3631 | Train Acc 98.8636 | Valid Acc 90.6250
2026-07-13 08:38:40 | Validation loss decreased (0.367750 --> 0.363143) in epoch (74). Saving model ...
2026-07-13 08:38:41 | TestSub: S7 | Epoch 75/100 Finsh | Now_lr 0.0005/0.0005 | Train Loss 0.1381 | Valid Loss 0.3583 | Train Acc 99.4318 | Valid Acc 93.7500
2026-07-13 08:38:41 | Validation loss decreased (0.363143 --> 0.358261) in epoch (75). Saving model ...
2026-07-13 08:38:41 | TestSub: S7 | Epoch 76/100 Finsh | Now_lr 0.0005/0.0005 | Train Loss 0.1371 | Valid Loss 0.3530 | Train Acc 98.2955 | Valid Acc 93.7500
2026-07-13 08:38:41 | Validation loss decreased (0.358261 --> 0.353007) in epoch (76). Saving model ...
2026-07-13 08:38:42 | TestSub: S7 | Epoch 77/100 Finsh | Now_lr 0.0005/0.0005 | Train Loss 0.1371 | Valid Loss 0.3453 | Train Acc 98.5795 | Valid Acc 93.7500
2026-07-13 08:38:42 | Validation loss decreased (0.353007 --> 0.345332) in epoch (77). Saving model ...
2026-07-13 08:38:42 | TestSub: S7 | Epoch 78/100 Finsh | Now_lr 0.0005/0.0005 | Train Loss 0.1303 | Valid Loss 0.3451 | Train Acc 98.8636 | Valid Acc 93.7500
2026-07-13 08:38:42 | Validation loss decreased (0.345332 --> 0.345073) in epoch (78). Saving model ...
2026-07-13 08:38:42 | TestSub: S7 | Epoch 79/100 Finsh | Now_lr 0.0005/0.0005 | Train Loss 0.1296 | Valid Loss 0.3456 | Train Acc 99.1477 | Valid Acc 93.7500
2026-07-13 08:38:43 | TestSub: S7 | Epoch 80/100 Finsh | Now_lr 0.0005/0.0005 | Train Loss 0.1283 | Valid Loss 0.3469 | Train Acc 97.7273 | Valid Acc 93.7500
2026-07-13 08:38:43 | TestSub: S7 | Epoch 81/100 Finsh | Now_lr 0.0005/0.0005 | Train Loss 0.1200 | Valid Loss 0.3321 | Train Acc 99.4318 | Valid Acc 93.7500
2026-07-13 08:38:43 | Validation loss decreased (0.345073 --> 0.332119) in epoch (81). Saving model ...
2026-07-13 08:38:43 | TestSub: S7 | Epoch 82/100 Finsh | Now_lr 0.0005/0.0005 | Train Loss 0.1318 | Valid Loss 0.3319 | Train Acc 98.5795 | Valid Acc 90.6250
2026-07-13 08:38:43 | Validation loss decreased (0.332119 --> 0.331942) in epoch (82). Saving model ...
2026-07-13 08:38:44 | TestSub: S7 | Epoch 83/100 Finsh | Now_lr 0.0005/0.0005 | Train Loss 0.1223 | Valid Loss 0.3297 | Train Acc 98.8636 | Valid Acc 87.5000
2026-07-13 08:38:44 | Validation loss decreased (0.331942 --> 0.329656) in epoch (83). Saving model ...
2026-07-13 08:38:44 | TestSub: S7 | Epoch 84/100 Finsh | Now_lr 0.0005/0.0005 | Train Loss 0.1301 | Valid Loss 0.3188 | Train Acc 98.0114 | Valid Acc 90.6250
2026-07-13 08:38:44 | Validation loss decreased (0.329656 --> 0.318824) in epoch (84). Saving model ...
2026-07-13 08:38:44 | TestSub: S7 | Epoch 85/100 Finsh | Now_lr 0.0005/0.0005 | Train Loss 0.1227 | Valid Loss 0.3209 | Train Acc 98.2955 | Valid Acc 90.6250
2026-07-13 08:38:45 | TestSub: S7 | Epoch 86/100 Finsh | Now_lr 0.0005/0.0005 | Train Loss 0.1243 | Valid Loss 0.3180 | Train Acc 98.5795 | Valid Acc 90.6250
2026-07-13 08:38:45 | Validation loss decreased (0.318824 --> 0.317994) in epoch (86). Saving model ...
2026-07-13 08:38:45 | TestSub: S7 | Epoch 87/100 Finsh | Now_lr 0.0005/0.0005 | Train Loss 0.1297 | Valid Loss 0.3116 | Train Acc 98.0114 | Valid Acc 90.6250
2026-07-13 08:38:45 | Validation loss decreased (0.317994 --> 0.311554) in epoch (87). Saving model ...
2026-07-13 08:38:45 | TestSub: S7 | Epoch 88/100 Finsh | Now_lr 0.0005/0.0005 | Train Loss 0.1166 | Valid Loss 0.3260 | Train Acc 99.1477 | Valid Acc 93.7500
2026-07-13 08:38:46 | TestSub: S7 | Epoch 89/100 Finsh | Now_lr 0.0005/0.0005 | Train Loss 0.1256 | Valid Loss 0.3307 | Train Acc 98.8636 | Valid Acc 93.7500
2026-07-13 08:38:46 | TestSub: S7 | Epoch 90/100 Finsh | Now_lr 0.0005/0.0005 | Train Loss 0.1132 | Valid Loss 0.3131 | Train Acc 99.4318 | Valid Acc 93.7500
2026-07-13 08:38:47 | TestSub: S7 | Epoch 91/100 Finsh | Now_lr 0.0005/0.0005 | Train Loss 0.1188 | Valid Loss 0.3235 | Train Acc 99.1477 | Valid Acc 93.7500
2026-07-13 08:38:47 | TestSub: S7 | Epoch 92/100 Finsh | Now_lr 0.0005/0.0005 | Train Loss 0.1148 | Valid Loss 0.3172 | Train Acc 99.4318 | Valid Acc 93.7500
2026-07-13 08:38:47 | TestSub: S7 | Epoch 93/100 Finsh | Now_lr 0.0005/0.0005 | Train Loss 0.0995 | Valid Loss 0.3109 | Train Acc 99.7159 | Valid Acc 90.6250
2026-07-13 08:38:47 | Validation loss decreased (0.311554 --> 0.310916) in epoch (93). Saving model ...
2026-07-13 08:38:48 | TestSub: S7 | Epoch 94/100 Finsh | Now_lr 0.0005/0.0005 | Train Loss 0.1141 | Valid Loss 0.2903 | Train Acc 98.2955 | Valid Acc 93.7500
2026-07-13 08:38:48 | Validation loss decreased (0.310916 --> 0.290340) in epoch (94). Saving model ...
2026-07-13 08:38:48 | TestSub: S7 | Epoch 95/100 Finsh | Now_lr 0.0005/0.0005 | Train Loss 0.1051 | Valid Loss 0.2883 | Train Acc 99.7159 | Valid Acc 96.8750
2026-07-13 08:38:48 | Validation loss decreased (0.290340 --> 0.288310) in epoch (95). Saving model ...
2026-07-13 08:38:48 | TestSub: S7 | Epoch 96/100 Finsh | Now_lr 0.0005/0.0005 | Train Loss 0.0965 | Valid Loss 0.2942 | Train Acc 100.0000 | Valid Acc 96.8750
2026-07-13 08:38:49 | TestSub: S7 | Epoch 97/100 Finsh | Now_lr 0.0005/0.0005 | Train Loss 0.1110 | Valid Loss 0.2937 | Train Acc 99.4318 | Valid Acc 93.7500
2026-07-13 08:38:49 | TestSub: S7 | Epoch 98/100 Finsh | Now_lr 0.0005/0.0005 | Train Loss 0.1004 | Valid Loss 0.3057 | Train Acc 98.8636 | Valid Acc 93.7500
2026-07-13 08:38:49 | TestSub: S7 | Epoch 99/100 Finsh | Now_lr 0.0005/0.0005 | Train Loss 0.0991 | Valid Loss 0.2851 | Train Acc 98.8636 | Valid Acc 93.7500
2026-07-13 08:38:49 | Validation loss decreased (0.288310 --> 0.285093) in epoch (99). Saving model ...
2026-07-13 08:38:50 | TestSub: S7 | Epoch 100/100 Finsh | Now_lr 0.0005/0.0005 | Train Loss 0.1003 | Valid Loss 0.2853 | Train Acc 99.7159 | Valid Acc 93.7500
2026-07-13 08:38:50 | --------------------------------------------------
2026-07-13 08:38:50 | Test_Subject :S7 | Best epoch:99 | Test Loss:1.0768 | Savemodel Acc 37.5000
2026-07-13 08:38:50 | --------------------------------------------------
2026-07-13 08:38:50 | Best epoch: 99 | Test acc: 37.5000
