2026-07-13 08:36:42 | Logging started: ./writer/Subject_dependent_AAD/AVED/10.0s/result//Train10.0s_sub4.log
2026-07-13 08:36:45 | Sub_id: 4
2026-07-13 08:36:46 | TestSub: S4 | Epoch  1/100 Finsh | Now_lr 0.0005/0.0005 | Train Loss 0.7285 | Valid Loss 0.6934 | Train Acc 48.5795 | Valid Acc 34.3750
2026-07-13 08:36:46 | Validation loss decreased (inf --> 0.693370) in epoch (1). Saving model ...
2026-07-13 08:36:46 | TestSub: S4 | Epoch  2/100 Finsh | Now_lr 0.0005/0.0005 | Train Loss 0.6752 | Valid Loss 0.7068 | Train Acc 56.8182 | Valid Acc 40.6250
2026-07-13 08:36:47 | TestSub: S4 | Epoch  3/100 Finsh | Now_lr 0.0005/0.0005 | Train Loss 0.6465 | Valid Loss 0.7026 | Train Acc 63.3523 | Valid Acc 40.6250
2026-07-13 08:36:47 | TestSub: S4 | Epoch  4/100 Finsh | Now_lr 0.0005/0.0005 | Train Loss 0.6380 | Valid Loss 0.6964 | Train Acc 64.7727 | Valid Acc 40.6250
2026-07-13 08:36:47 | TestSub: S4 | Epoch  5/100 Finsh | Now_lr 0.0005/0.0005 | Train Loss 0.6170 | Valid Loss 0.7254 | Train Acc 66.7614 | Valid Acc 40.6250
2026-07-13 08:36:48 | TestSub: S4 | Epoch  6/100 Finsh | Now_lr 0.0005/0.0005 | Train Loss 0.6076 | Valid Loss 0.7190 | Train Acc 72.7273 | Valid Acc 40.6250
2026-07-13 08:36:48 | TestSub: S4 | Epoch  7/100 Finsh | Now_lr 0.0005/0.0005 | Train Loss 0.5812 | Valid Loss 0.7342 | Train Acc 74.7159 | Valid Acc 40.6250
2026-07-13 08:36:48 | TestSub: S4 | Epoch  8/100 Finsh | Now_lr 0.0005/0.0005 | Train Loss 0.5770 | Valid Loss 0.7253 | Train Acc 71.8750 | Valid Acc 43.7500
2026-07-13 08:36:49 | TestSub: S4 | Epoch  9/100 Finsh | Now_lr 0.0005/0.0005 | Train Loss 0.5445 | Valid Loss 0.6946 | Train Acc 79.2614 | Valid Acc 46.8750
2026-07-13 08:36:49 | TestSub: S4 | Epoch 10/100 Finsh | Now_lr 0.0005/0.0005 | Train Loss 0.5402 | Valid Loss 0.6747 | Train Acc 77.2727 | Valid Acc 53.1250
2026-07-13 08:36:49 | Validation loss decreased (0.693370 --> 0.674745) in epoch (10). Saving model ...
2026-07-13 08:36:50 | TestSub: S4 | Epoch 11/100 Finsh | Now_lr 0.0005/0.0005 | Train Loss 0.5173 | Valid Loss 0.6527 | Train Acc 78.4091 | Valid Acc 68.7500
2026-07-13 08:36:50 | Validation loss decreased (0.674745 --> 0.652694) in epoch (11). Saving model ...
2026-07-13 08:36:50 | TestSub: S4 | Epoch 12/100 Finsh | Now_lr 0.0005/0.0005 | Train Loss 0.5066 | Valid Loss 0.6505 | Train Acc 82.9545 | Valid Acc 68.7500
2026-07-13 08:36:50 | Validation loss decreased (0.652694 --> 0.650464) in epoch (12). Saving model ...
2026-07-13 08:36:50 | TestSub: S4 | Epoch 13/100 Finsh | Now_lr 0.0005/0.0005 | Train Loss 0.5044 | Valid Loss 0.6575 | Train Acc 78.6932 | Valid Acc 65.6250
2026-07-13 08:36:51 | TestSub: S4 | Epoch 14/100 Finsh | Now_lr 0.0005/0.0005 | Train Loss 0.4915 | Valid Loss 0.6413 | Train Acc 83.2386 | Valid Acc 68.7500
2026-07-13 08:36:51 | Validation loss decreased (0.650464 --> 0.641301) in epoch (14). Saving model ...
2026-07-13 08:36:51 | TestSub: S4 | Epoch 15/100 Finsh | Now_lr 0.0005/0.0005 | Train Loss 0.4734 | Valid Loss 0.6404 | Train Acc 84.9432 | Valid Acc 65.6250
2026-07-13 08:36:51 | Validation loss decreased (0.641301 --> 0.640418) in epoch (15). Saving model ...
2026-07-13 08:36:51 | TestSub: S4 | Epoch 16/100 Finsh | Now_lr 0.0005/0.0005 | Train Loss 0.4437 | Valid Loss 0.6413 | Train Acc 88.9205 | Valid Acc 68.7500
2026-07-13 08:36:52 | TestSub: S4 | Epoch 17/100 Finsh | Now_lr 0.0005/0.0005 | Train Loss 0.4543 | Valid Loss 0.6143 | Train Acc 84.9432 | Valid Acc 68.7500
2026-07-13 08:36:52 | Validation loss decreased (0.640418 --> 0.614283) in epoch (17). Saving model ...
2026-07-13 08:36:52 | TestSub: S4 | Epoch 18/100 Finsh | Now_lr 0.0005/0.0005 | Train Loss 0.4393 | Valid Loss 0.6405 | Train Acc 84.6591 | Valid Acc 65.6250
2026-07-13 08:36:53 | TestSub: S4 | Epoch 19/100 Finsh | Now_lr 0.0005/0.0005 | Train Loss 0.4329 | Valid Loss 0.6246 | Train Acc 89.2045 | Valid Acc 75.0000
2026-07-13 08:36:53 | TestSub: S4 | Epoch 20/100 Finsh | Now_lr 0.0005/0.0005 | Train Loss 0.4158 | Valid Loss 0.6159 | Train Acc 86.6477 | Valid Acc 68.7500
2026-07-13 08:36:53 | TestSub: S4 | Epoch 21/100 Finsh | Now_lr 0.0005/0.0005 | Train Loss 0.4079 | Valid Loss 0.6154 | Train Acc 90.0568 | Valid Acc 65.6250
2026-07-13 08:36:54 | TestSub: S4 | Epoch 22/100 Finsh | Now_lr 0.0005/0.0005 | Train Loss 0.4079 | Valid Loss 0.6030 | Train Acc 88.9205 | Valid Acc 65.6250
2026-07-13 08:36:54 | Validation loss decreased (0.614283 --> 0.603048) in epoch (22). Saving model ...
2026-07-13 08:36:54 | TestSub: S4 | Epoch 23/100 Finsh | Now_lr 0.0005/0.0005 | Train Loss 0.3870 | Valid Loss 0.5981 | Train Acc 90.0568 | Valid Acc 65.6250
2026-07-13 08:36:54 | Validation loss decreased (0.603048 --> 0.598095) in epoch (23). Saving model ...
2026-07-13 08:36:54 | TestSub: S4 | Epoch 24/100 Finsh | Now_lr 0.0005/0.0005 | Train Loss 0.3777 | Valid Loss 0.6035 | Train Acc 88.3523 | Valid Acc 68.7500
2026-07-13 08:36:55 | TestSub: S4 | Epoch 25/100 Finsh | Now_lr 0.0005/0.0005 | Train Loss 0.3744 | Valid Loss 0.6008 | Train Acc 91.7614 | Valid Acc 68.7500
2026-07-13 08:36:55 | TestSub: S4 | Epoch 26/100 Finsh | Now_lr 0.0005/0.0005 | Train Loss 0.3558 | Valid Loss 0.5768 | Train Acc 92.0455 | Valid Acc 68.7500
2026-07-13 08:36:55 | Validation loss decreased (0.598095 --> 0.576793) in epoch (26). Saving model ...
2026-07-13 08:36:56 | TestSub: S4 | Epoch 27/100 Finsh | Now_lr 0.0005/0.0005 | Train Loss 0.3501 | Valid Loss 0.5766 | Train Acc 90.3409 | Valid Acc 68.7500
2026-07-13 08:36:56 | Validation loss decreased (0.576793 --> 0.576628) in epoch (27). Saving model ...
2026-07-13 08:36:56 | TestSub: S4 | Epoch 28/100 Finsh | Now_lr 0.0005/0.0005 | Train Loss 0.3506 | Valid Loss 0.5883 | Train Acc 89.7727 | Valid Acc 65.6250
2026-07-13 08:36:56 | TestSub: S4 | Epoch 29/100 Finsh | Now_lr 0.0005/0.0005 | Train Loss 0.3275 | Valid Loss 0.5794 | Train Acc 92.3295 | Valid Acc 71.8750
2026-07-13 08:36:57 | TestSub: S4 | Epoch 30/100 Finsh | Now_lr 0.0005/0.0005 | Train Loss 0.3236 | Valid Loss 0.5622 | Train Acc 94.3182 | Valid Acc 68.7500
2026-07-13 08:36:57 | Validation loss decreased (0.576628 --> 0.562245) in epoch (30). Saving model ...
2026-07-13 08:36:57 | TestSub: S4 | Epoch 31/100 Finsh | Now_lr 0.0005/0.0005 | Train Loss 0.3295 | Valid Loss 0.5599 | Train Acc 91.4773 | Valid Acc 71.8750
2026-07-13 08:36:57 | Validation loss decreased (0.562245 --> 0.559888) in epoch (31). Saving model ...
2026-07-13 08:36:57 | TestSub: S4 | Epoch 32/100 Finsh | Now_lr 0.0005/0.0005 | Train Loss 0.3129 | Valid Loss 0.5620 | Train Acc 92.3295 | Valid Acc 71.8750
2026-07-13 08:36:58 | TestSub: S4 | Epoch 33/100 Finsh | Now_lr 0.0005/0.0005 | Train Loss 0.3018 | Valid Loss 0.6147 | Train Acc 96.0227 | Valid Acc 71.8750
2026-07-13 08:36:58 | TestSub: S4 | Epoch 34/100 Finsh | Now_lr 0.0005/0.0005 | Train Loss 0.2992 | Valid Loss 0.5226 | Train Acc 93.4659 | Valid Acc 71.8750
2026-07-13 08:36:58 | Validation loss decreased (0.559888 --> 0.522591) in epoch (34). Saving model ...
2026-07-13 08:36:58 | TestSub: S4 | Epoch 35/100 Finsh | Now_lr 0.0005/0.0005 | Train Loss 0.2946 | Valid Loss 0.5650 | Train Acc 94.3182 | Valid Acc 75.0000
2026-07-13 08:36:59 | TestSub: S4 | Epoch 36/100 Finsh | Now_lr 0.0005/0.0005 | Train Loss 0.2955 | Valid Loss 0.5566 | Train Acc 95.4545 | Valid Acc 75.0000
2026-07-13 08:36:59 | TestSub: S4 | Epoch 37/100 Finsh | Now_lr 0.0005/0.0005 | Train Loss 0.2779 | Valid Loss 0.5487 | Train Acc 94.6023 | Valid Acc 75.0000
2026-07-13 08:36:59 | TestSub: S4 | Epoch 38/100 Finsh | Now_lr 0.0005/0.0005 | Train Loss 0.2695 | Valid Loss 0.5307 | Train Acc 95.4545 | Valid Acc 71.8750
2026-07-13 08:37:00 | TestSub: S4 | Epoch 39/100 Finsh | Now_lr 0.0005/0.0005 | Train Loss 0.2715 | Valid Loss 0.5622 | Train Acc 95.1705 | Valid Acc 75.0000
2026-07-13 08:37:00 | TestSub: S4 | Epoch 40/100 Finsh | Now_lr 0.0005/0.0005 | Train Loss 0.2658 | Valid Loss 0.5371 | Train Acc 95.7386 | Valid Acc 75.0000
2026-07-13 08:37:00 | TestSub: S4 | Epoch 41/100 Finsh | Now_lr 0.0005/0.0005 | Train Loss 0.2471 | Valid Loss 0.5440 | Train Acc 96.8750 | Valid Acc 78.1250
2026-07-13 08:37:01 | TestSub: S4 | Epoch 42/100 Finsh | Now_lr 0.0005/0.0005 | Train Loss 0.2485 | Valid Loss 0.5115 | Train Acc 94.6023 | Valid Acc 75.0000
2026-07-13 08:37:01 | Validation loss decreased (0.522591 --> 0.511459) in epoch (42). Saving model ...
2026-07-13 08:37:01 | TestSub: S4 | Epoch 43/100 Finsh | Now_lr 0.0005/0.0005 | Train Loss 0.2566 | Valid Loss 0.5447 | Train Acc 95.1705 | Valid Acc 75.0000
2026-07-13 08:37:02 | TestSub: S4 | Epoch 44/100 Finsh | Now_lr 0.0005/0.0005 | Train Loss 0.2443 | Valid Loss 0.5224 | Train Acc 96.0227 | Valid Acc 75.0000
2026-07-13 08:37:02 | TestSub: S4 | Epoch 45/100 Finsh | Now_lr 0.0005/0.0005 | Train Loss 0.2553 | Valid Loss 0.5548 | Train Acc 94.6023 | Valid Acc 75.0000
2026-07-13 08:37:02 | TestSub: S4 | Epoch 46/100 Finsh | Now_lr 0.0005/0.0005 | Train Loss 0.2244 | Valid Loss 0.5307 | Train Acc 96.3068 | Valid Acc 75.0000
2026-07-13 08:37:03 | TestSub: S4 | Epoch 47/100 Finsh | Now_lr 0.0005/0.0005 | Train Loss 0.2447 | Valid Loss 0.5440 | Train Acc 94.8864 | Valid Acc 78.1250
2026-07-13 08:37:03 | TestSub: S4 | Epoch 48/100 Finsh | Now_lr 0.0005/0.0005 | Train Loss 0.2278 | Valid Loss 0.4907 | Train Acc 97.1591 | Valid Acc 78.1250
2026-07-13 08:37:03 | Validation loss decreased (0.511459 --> 0.490697) in epoch (48). Saving model ...
2026-07-13 08:37:03 | TestSub: S4 | Epoch 49/100 Finsh | Now_lr 0.0005/0.0005 | Train Loss 0.2267 | Valid Loss 0.5002 | Train Acc 96.0227 | Valid Acc 78.1250
2026-07-13 08:37:04 | TestSub: S4 | Epoch 50/100 Finsh | Now_lr 0.0005/0.0005 | Train Loss 0.2112 | Valid Loss 0.5504 | Train Acc 97.1591 | Valid Acc 75.0000
2026-07-13 08:37:04 | TestSub: S4 | Epoch 51/100 Finsh | Now_lr 0.0005/0.0005 | Train Loss 0.2118 | Valid Loss 0.4788 | Train Acc 96.3068 | Valid Acc 78.1250
2026-07-13 08:37:04 | Validation loss decreased (0.490697 --> 0.478841) in epoch (51). Saving model ...
2026-07-13 08:37:04 | TestSub: S4 | Epoch 52/100 Finsh | Now_lr 0.0005/0.0005 | Train Loss 0.2096 | Valid Loss 0.4946 | Train Acc 95.4545 | Valid Acc 81.2500
2026-07-13 08:37:05 | TestSub: S4 | Epoch 53/100 Finsh | Now_lr 0.0005/0.0005 | Train Loss 0.2102 | Valid Loss 0.4684 | Train Acc 95.4545 | Valid Acc 81.2500
2026-07-13 08:37:05 | Validation loss decreased (0.478841 --> 0.468422) in epoch (53). Saving model ...
2026-07-13 08:37:05 | TestSub: S4 | Epoch 54/100 Finsh | Now_lr 0.0005/0.0005 | Train Loss 0.2137 | Valid Loss 0.4845 | Train Acc 95.4545 | Valid Acc 81.2500
2026-07-13 08:37:06 | TestSub: S4 | Epoch 55/100 Finsh | Now_lr 0.0005/0.0005 | Train Loss 0.1884 | Valid Loss 0.4790 | Train Acc 97.7273 | Valid Acc 78.1250
2026-07-13 08:37:06 | TestSub: S4 | Epoch 56/100 Finsh | Now_lr 0.0005/0.0005 | Train Loss 0.1956 | Valid Loss 0.4792 | Train Acc 96.8750 | Valid Acc 78.1250
2026-07-13 08:37:06 | TestSub: S4 | Epoch 57/100 Finsh | Now_lr 0.0005/0.0005 | Train Loss 0.1942 | Valid Loss 0.4802 | Train Acc 98.5795 | Valid Acc 78.1250
2026-07-13 08:37:07 | TestSub: S4 | Epoch 58/100 Finsh | Now_lr 0.0005/0.0005 | Train Loss 0.1835 | Valid Loss 0.4824 | Train Acc 96.0227 | Valid Acc 75.0000
2026-07-13 08:37:07 | TestSub: S4 | Epoch 59/100 Finsh | Now_lr 0.0005/0.0005 | Train Loss 0.2044 | Valid Loss 0.4980 | Train Acc 97.4432 | Valid Acc 78.1250
2026-07-13 08:37:07 | TestSub: S4 | Epoch 60/100 Finsh | Now_lr 0.0005/0.0005 | Train Loss 0.1762 | Valid Loss 0.4573 | Train Acc 97.4432 | Valid Acc 75.0000
2026-07-13 08:37:07 | Validation loss decreased (0.468422 --> 0.457323) in epoch (60). Saving model ...
2026-07-13 08:37:08 | TestSub: S4 | Epoch 61/100 Finsh | Now_lr 0.0005/0.0005 | Train Loss 0.1889 | Valid Loss 0.4688 | Train Acc 97.7273 | Valid Acc 84.3750
2026-07-13 08:37:08 | TestSub: S4 | Epoch 62/100 Finsh | Now_lr 0.0005/0.0005 | Train Loss 0.1711 | Valid Loss 0.4764 | Train Acc 98.0114 | Valid Acc 84.3750
2026-07-13 08:37:09 | TestSub: S4 | Epoch 63/100 Finsh | Now_lr 0.0005/0.0005 | Train Loss 0.1763 | Valid Loss 0.4468 | Train Acc 98.0114 | Valid Acc 81.2500
2026-07-13 08:37:09 | Validation loss decreased (0.457323 --> 0.446815) in epoch (63). Saving model ...
2026-07-13 08:37:09 | TestSub: S4 | Epoch 64/100 Finsh | Now_lr 0.0005/0.0005 | Train Loss 0.1741 | Valid Loss 0.4584 | Train Acc 97.1591 | Valid Acc 81.2500
2026-07-13 08:37:09 | TestSub: S4 | Epoch 65/100 Finsh | Now_lr 0.0005/0.0005 | Train Loss 0.1723 | Valid Loss 0.4582 | Train Acc 98.8636 | Valid Acc 81.2500
2026-07-13 08:37:10 | TestSub: S4 | Epoch 66/100 Finsh | Now_lr 0.0005/0.0005 | Train Loss 0.1576 | Valid Loss 0.4252 | Train Acc 98.0114 | Valid Acc 84.3750
2026-07-13 08:37:10 | Validation loss decreased (0.446815 --> 0.425177) in epoch (66). Saving model ...
2026-07-13 08:37:10 | TestSub: S4 | Epoch 67/100 Finsh | Now_lr 0.0005/0.0005 | Train Loss 0.1668 | Valid Loss 0.4571 | Train Acc 98.2955 | Valid Acc 84.3750
2026-07-13 08:37:10 | TestSub: S4 | Epoch 68/100 Finsh | Now_lr 0.0005/0.0005 | Train Loss 0.1750 | Valid Loss 0.4201 | Train Acc 96.5909 | Valid Acc 93.7500
2026-07-13 08:37:10 | Validation loss decreased (0.425177 --> 0.420111) in epoch (68). Saving model ...
2026-07-13 08:37:11 | TestSub: S4 | Epoch 69/100 Finsh | Now_lr 0.0005/0.0005 | Train Loss 0.1617 | Valid Loss 0.4769 | Train Acc 97.4432 | Valid Acc 87.5000
2026-07-13 08:37:11 | TestSub: S4 | Epoch 70/100 Finsh | Now_lr 0.0005/0.0005 | Train Loss 0.1701 | Valid Loss 0.3958 | Train Acc 97.4432 | Valid Acc 90.6250
2026-07-13 08:37:11 | Validation loss decreased (0.420111 --> 0.395828) in epoch (70). Saving model ...
2026-07-13 08:37:11 | TestSub: S4 | Epoch 71/100 Finsh | Now_lr 0.0005/0.0005 | Train Loss 0.1646 | Valid Loss 0.4262 | Train Acc 97.1591 | Valid Acc 90.6250
2026-07-13 08:37:12 | TestSub: S4 | Epoch 72/100 Finsh | Now_lr 0.0005/0.0005 | Train Loss 0.1568 | Valid Loss 0.4248 | Train Acc 97.7273 | Valid Acc 90.6250
2026-07-13 08:37:12 | TestSub: S4 | Epoch 73/100 Finsh | Now_lr 0.0005/0.0005 | Train Loss 0.1450 | Valid Loss 0.4227 | Train Acc 99.1477 | Valid Acc 87.5000
2026-07-13 08:37:13 | TestSub: S4 | Epoch 74/100 Finsh | Now_lr 0.0005/0.0005 | Train Loss 0.1504 | Valid Loss 0.4468 | Train Acc 97.4432 | Valid Acc 81.2500
2026-07-13 08:37:13 | TestSub: S4 | Epoch 75/100 Finsh | Now_lr 0.0005/0.0005 | Train Loss 0.1545 | Valid Loss 0.4493 | Train Acc 98.0114 | Valid Acc 87.5000
2026-07-13 08:37:13 | TestSub: S4 | Epoch 76/100 Finsh | Now_lr 0.0005/0.0005 | Train Loss 0.1464 | Valid Loss 0.4600 | Train Acc 97.1591 | Valid Acc 81.2500
2026-07-13 08:37:14 | TestSub: S4 | Epoch 77/100 Finsh | Now_lr 0.0005/0.0005 | Train Loss 0.1484 | Valid Loss 0.4752 | Train Acc 97.7273 | Valid Acc 84.3750
2026-07-13 08:37:14 | TestSub: S4 | Epoch 78/100 Finsh | Now_lr 0.0005/0.0005 | Train Loss 0.1475 | Valid Loss 0.4531 | Train Acc 98.8636 | Valid Acc 81.2500
2026-07-13 08:37:14 | TestSub: S4 | Epoch 79/100 Finsh | Now_lr 0.0005/0.0005 | Train Loss 0.1338 | Valid Loss 0.4662 | Train Acc 99.7159 | Valid Acc 84.3750
2026-07-13 08:37:15 | TestSub: S4 | Epoch 80/100 Finsh | Now_lr 0.0005/0.0005 | Train Loss 0.1416 | Valid Loss 0.4301 | Train Acc 98.0114 | Valid Acc 87.5000
2026-07-13 08:37:15 | TestSub: S4 | Epoch 81/100 Finsh | Now_lr 0.0005/0.0005 | Train Loss 0.1479 | Valid Loss 0.4328 | Train Acc 97.7273 | Valid Acc 84.3750
2026-07-13 08:37:15 | TestSub: S4 | Epoch 82/100 Finsh | Now_lr 0.0005/0.0005 | Train Loss 0.1295 | Valid Loss 0.4363 | Train Acc 98.2955 | Valid Acc 87.5000
2026-07-13 08:37:16 | TestSub: S4 | Epoch 83/100 Finsh | Now_lr 0.0005/0.0005 | Train Loss 0.1192 | Valid Loss 0.4200 | Train Acc 98.8636 | Valid Acc 84.3750
2026-07-13 08:37:16 | TestSub: S4 | Epoch 84/100 Finsh | Now_lr 0.0005/0.0005 | Train Loss 0.1267 | Valid Loss 0.4073 | Train Acc 98.8636 | Valid Acc 87.5000
2026-07-13 08:37:16 | TestSub: S4 | Epoch 85/100 Finsh | Now_lr 0.0005/0.0005 | Train Loss 0.1259 | Valid Loss 0.4563 | Train Acc 98.0114 | Valid Acc 81.2500
2026-07-13 08:37:17 | TestSub: S4 | Epoch 86/100 Finsh | Now_lr 0.0005/0.0005 | Train Loss 0.1295 | Valid Loss 0.3999 | Train Acc 98.5795 | Valid Acc 84.3750
2026-07-13 08:37:17 | TestSub: S4 | Epoch 87/100 Finsh | Now_lr 0.0005/0.0005 | Train Loss 0.1193 | Valid Loss 0.4930 | Train Acc 98.0114 | Valid Acc 81.2500
2026-07-13 08:37:17 | TestSub: S4 | Epoch 88/100 Finsh | Now_lr 0.0005/0.0005 | Train Loss 0.1310 | Valid Loss 0.4235 | Train Acc 97.7273 | Valid Acc 84.3750
2026-07-13 08:37:18 | TestSub: S4 | Epoch 89/100 Finsh | Now_lr 0.0005/0.0005 | Train Loss 0.1159 | Valid Loss 0.4599 | Train Acc 98.2955 | Valid Acc 87.5000
2026-07-13 08:37:18 | TestSub: S4 | Epoch 90/100 Finsh | Now_lr 0.0005/0.0005 | Train Loss 0.1158 | Valid Loss 0.4024 | Train Acc 98.8636 | Valid Acc 90.6250
2026-07-13 08:37:18 | TestSub: S4 | Epoch 91/100 Finsh | Now_lr 0.0005/0.0005 | Train Loss 0.1135 | Valid Loss 0.4395 | Train Acc 98.5795 | Valid Acc 81.2500
2026-07-13 08:37:18 | Early stopping at epoch 91!
2026-07-13 08:37:19 | --------------------------------------------------
2026-07-13 08:37:19 | Test_Subject :S4 | Best epoch:70 | Test Loss:0.6839 | Savemodel Acc 56.2500
2026-07-13 08:37:19 | --------------------------------------------------
2026-07-13 08:37:19 | Best epoch: 70 | Test acc: 56.2500
