2026-07-13 08:35:44 | Logging started: ./writer/Subject_dependent_AAD/AVED/3.0s/result//Train3.0s_sub2.log
2026-07-13 08:35:46 | Sub_id: 2
2026-07-13 08:35:48 | TestSub: S2 | Epoch  1/100 Finsh | Now_lr 0.0005/0.0005 | Train Loss 0.6969 | Valid Loss 0.7015 | Train Acc 50.1562 | Valid Acc 51.5625
2026-07-13 08:35:48 | Validation loss decreased (inf --> 0.701491) in epoch (1). Saving model ...
2026-07-13 08:35:48 | TestSub: S2 | Epoch  2/100 Finsh | Now_lr 0.0005/0.0005 | Train Loss 0.6871 | Valid Loss 0.6746 | Train Acc 55.1562 | Valid Acc 59.3750
2026-07-13 08:35:48 | Validation loss decreased (0.701491 --> 0.674618) in epoch (2). Saving model ...
2026-07-13 08:35:49 | TestSub: S2 | Epoch  3/100 Finsh | Now_lr 0.0005/0.0005 | Train Loss 0.6831 | Valid Loss 0.6637 | Train Acc 56.6406 | Valid Acc 58.5938
2026-07-13 08:35:49 | Validation loss decreased (0.674618 --> 0.663656) in epoch (3). Saving model ...
2026-07-13 08:35:49 | TestSub: S2 | Epoch  4/100 Finsh | Now_lr 0.0005/0.0005 | Train Loss 0.6777 | Valid Loss 0.6638 | Train Acc 57.8125 | Valid Acc 57.8125
2026-07-13 08:35:50 | TestSub: S2 | Epoch  5/100 Finsh | Now_lr 0.0005/0.0005 | Train Loss 0.6686 | Valid Loss 0.6594 | Train Acc 59.6875 | Valid Acc 60.1562
2026-07-13 08:35:50 | Validation loss decreased (0.663656 --> 0.659419) in epoch (5). Saving model ...
2026-07-13 08:35:50 | TestSub: S2 | Epoch  6/100 Finsh | Now_lr 0.0005/0.0005 | Train Loss 0.6656 | Valid Loss 0.6590 | Train Acc 61.7188 | Valid Acc 62.5000
2026-07-13 08:35:50 | Validation loss decreased (0.659419 --> 0.659001) in epoch (6). Saving model ...
2026-07-13 08:35:51 | TestSub: S2 | Epoch  7/100 Finsh | Now_lr 0.0005/0.0005 | Train Loss 0.6559 | Valid Loss 0.6543 | Train Acc 63.2031 | Valid Acc 60.9375
2026-07-13 08:35:51 | Validation loss decreased (0.659001 --> 0.654263) in epoch (7). Saving model ...
2026-07-13 08:35:51 | TestSub: S2 | Epoch  8/100 Finsh | Now_lr 0.0005/0.0005 | Train Loss 0.6470 | Valid Loss 0.6537 | Train Acc 64.7656 | Valid Acc 63.2812
2026-07-13 08:35:51 | Validation loss decreased (0.654263 --> 0.653729) in epoch (8). Saving model ...
2026-07-13 08:35:52 | TestSub: S2 | Epoch  9/100 Finsh | Now_lr 0.0005/0.0005 | Train Loss 0.6470 | Valid Loss 0.6490 | Train Acc 64.8438 | Valid Acc 63.2812
2026-07-13 08:35:52 | Validation loss decreased (0.653729 --> 0.648974) in epoch (9). Saving model ...
2026-07-13 08:35:52 | TestSub: S2 | Epoch 10/100 Finsh | Now_lr 0.0005/0.0005 | Train Loss 0.6368 | Valid Loss 0.6451 | Train Acc 66.5625 | Valid Acc 66.4062
2026-07-13 08:35:52 | Validation loss decreased (0.648974 --> 0.645147) in epoch (10). Saving model ...
2026-07-13 08:35:53 | TestSub: S2 | Epoch 11/100 Finsh | Now_lr 0.0005/0.0005 | Train Loss 0.6293 | Valid Loss 0.6384 | Train Acc 66.6406 | Valid Acc 67.1875
2026-07-13 08:35:53 | Validation loss decreased (0.645147 --> 0.638352) in epoch (11). Saving model ...
2026-07-13 08:35:53 | TestSub: S2 | Epoch 12/100 Finsh | Now_lr 0.0005/0.0005 | Train Loss 0.6202 | Valid Loss 0.6308 | Train Acc 67.1094 | Valid Acc 68.7500
2026-07-13 08:35:53 | Validation loss decreased (0.638352 --> 0.630771) in epoch (12). Saving model ...
2026-07-13 08:35:54 | TestSub: S2 | Epoch 13/100 Finsh | Now_lr 0.0005/0.0005 | Train Loss 0.6108 | Valid Loss 0.6291 | Train Acc 70.1562 | Valid Acc 68.7500
2026-07-13 08:35:54 | Validation loss decreased (0.630771 --> 0.629060) in epoch (13). Saving model ...
2026-07-13 08:35:54 | TestSub: S2 | Epoch 14/100 Finsh | Now_lr 0.0005/0.0005 | Train Loss 0.5912 | Valid Loss 0.6232 | Train Acc 72.1875 | Valid Acc 69.5312
2026-07-13 08:35:54 | Validation loss decreased (0.629060 --> 0.623168) in epoch (14). Saving model ...
2026-07-13 08:35:54 | TestSub: S2 | Epoch 15/100 Finsh | Now_lr 0.0005/0.0005 | Train Loss 0.5912 | Valid Loss 0.6151 | Train Acc 73.0469 | Valid Acc 72.6562
2026-07-13 08:35:54 | Validation loss decreased (0.623168 --> 0.615093) in epoch (15). Saving model ...
2026-07-13 08:35:55 | TestSub: S2 | Epoch 16/100 Finsh | Now_lr 0.0005/0.0005 | Train Loss 0.5833 | Valid Loss 0.6083 | Train Acc 72.3438 | Valid Acc 73.4375
2026-07-13 08:35:55 | Validation loss decreased (0.615093 --> 0.608283) in epoch (16). Saving model ...
2026-07-13 08:35:55 | TestSub: S2 | Epoch 17/100 Finsh | Now_lr 0.0005/0.0005 | Train Loss 0.5775 | Valid Loss 0.6024 | Train Acc 73.5938 | Valid Acc 69.5312
2026-07-13 08:35:55 | Validation loss decreased (0.608283 --> 0.602429) in epoch (17). Saving model ...
2026-07-13 08:35:56 | TestSub: S2 | Epoch 18/100 Finsh | Now_lr 0.0005/0.0005 | Train Loss 0.5599 | Valid Loss 0.5915 | Train Acc 74.2969 | Valid Acc 74.2188
2026-07-13 08:35:56 | Validation loss decreased (0.602429 --> 0.591543) in epoch (18). Saving model ...
2026-07-13 08:35:56 | TestSub: S2 | Epoch 19/100 Finsh | Now_lr 0.0005/0.0005 | Train Loss 0.5616 | Valid Loss 0.5880 | Train Acc 75.0781 | Valid Acc 71.8750
2026-07-13 08:35:56 | Validation loss decreased (0.591543 --> 0.587969) in epoch (19). Saving model ...
2026-07-13 08:35:57 | TestSub: S2 | Epoch 20/100 Finsh | Now_lr 0.0005/0.0005 | Train Loss 0.5373 | Valid Loss 0.5750 | Train Acc 77.3438 | Valid Acc 73.4375
2026-07-13 08:35:57 | Validation loss decreased (0.587969 --> 0.574995) in epoch (20). Saving model ...
2026-07-13 08:35:57 | TestSub: S2 | Epoch 21/100 Finsh | Now_lr 0.0005/0.0005 | Train Loss 0.5308 | Valid Loss 0.5674 | Train Acc 77.5000 | Valid Acc 74.2188
2026-07-13 08:35:57 | Validation loss decreased (0.574995 --> 0.567374) in epoch (21). Saving model ...
2026-07-13 08:35:58 | TestSub: S2 | Epoch 22/100 Finsh | Now_lr 0.0005/0.0005 | Train Loss 0.5314 | Valid Loss 0.5565 | Train Acc 77.5781 | Valid Acc 75.0000
2026-07-13 08:35:58 | Validation loss decreased (0.567374 --> 0.556473) in epoch (22). Saving model ...
2026-07-13 08:35:59 | TestSub: S2 | Epoch 23/100 Finsh | Now_lr 0.0005/0.0005 | Train Loss 0.5301 | Valid Loss 0.5482 | Train Acc 77.8906 | Valid Acc 78.1250
2026-07-13 08:35:59 | Validation loss decreased (0.556473 --> 0.548211) in epoch (23). Saving model ...
2026-07-13 08:35:59 | TestSub: S2 | Epoch 24/100 Finsh | Now_lr 0.0005/0.0005 | Train Loss 0.5120 | Valid Loss 0.5461 | Train Acc 77.3438 | Valid Acc 75.0000
2026-07-13 08:35:59 | Validation loss decreased (0.548211 --> 0.546078) in epoch (24). Saving model ...
2026-07-13 08:36:00 | TestSub: S2 | Epoch 25/100 Finsh | Now_lr 0.0005/0.0005 | Train Loss 0.5071 | Valid Loss 0.5287 | Train Acc 79.4531 | Valid Acc 78.1250
2026-07-13 08:36:00 | Validation loss decreased (0.546078 --> 0.528735) in epoch (25). Saving model ...
2026-07-13 08:36:00 | TestSub: S2 | Epoch 26/100 Finsh | Now_lr 0.0005/0.0005 | Train Loss 0.4984 | Valid Loss 0.5276 | Train Acc 79.5312 | Valid Acc 79.6875
2026-07-13 08:36:00 | Validation loss decreased (0.528735 --> 0.527608) in epoch (26). Saving model ...
2026-07-13 08:36:00 | TestSub: S2 | Epoch 27/100 Finsh | Now_lr 0.0005/0.0005 | Train Loss 0.4996 | Valid Loss 0.5297 | Train Acc 78.9062 | Valid Acc 82.0312
2026-07-13 08:36:01 | TestSub: S2 | Epoch 28/100 Finsh | Now_lr 0.0005/0.0005 | Train Loss 0.4823 | Valid Loss 0.5198 | Train Acc 80.3125 | Valid Acc 80.4688
2026-07-13 08:36:01 | Validation loss decreased (0.527608 --> 0.519757) in epoch (28). Saving model ...
2026-07-13 08:36:01 | TestSub: S2 | Epoch 29/100 Finsh | Now_lr 0.0005/0.0005 | Train Loss 0.4816 | Valid Loss 0.5145 | Train Acc 81.3281 | Valid Acc 81.2500
2026-07-13 08:36:01 | Validation loss decreased (0.519757 --> 0.514518) in epoch (29). Saving model ...
2026-07-13 08:36:02 | TestSub: S2 | Epoch 30/100 Finsh | Now_lr 0.0005/0.0005 | Train Loss 0.4675 | Valid Loss 0.5187 | Train Acc 80.2344 | Valid Acc 78.9062
2026-07-13 08:36:02 | TestSub: S2 | Epoch 31/100 Finsh | Now_lr 0.0005/0.0005 | Train Loss 0.4673 | Valid Loss 0.4949 | Train Acc 81.0938 | Valid Acc 81.2500
2026-07-13 08:36:02 | Validation loss decreased (0.514518 --> 0.494914) in epoch (31). Saving model ...
2026-07-13 08:36:03 | TestSub: S2 | Epoch 32/100 Finsh | Now_lr 0.0005/0.0005 | Train Loss 0.4703 | Valid Loss 0.5036 | Train Acc 79.4531 | Valid Acc 81.2500
2026-07-13 08:36:03 | TestSub: S2 | Epoch 33/100 Finsh | Now_lr 0.0005/0.0005 | Train Loss 0.4564 | Valid Loss 0.4883 | Train Acc 82.5000 | Valid Acc 82.8125
2026-07-13 08:36:03 | Validation loss decreased (0.494914 --> 0.488287) in epoch (33). Saving model ...
2026-07-13 08:36:04 | TestSub: S2 | Epoch 34/100 Finsh | Now_lr 0.0005/0.0005 | Train Loss 0.4578 | Valid Loss 0.4873 | Train Acc 81.1719 | Valid Acc 83.5938
2026-07-13 08:36:04 | Validation loss decreased (0.488287 --> 0.487267) in epoch (34). Saving model ...
2026-07-13 08:36:04 | TestSub: S2 | Epoch 35/100 Finsh | Now_lr 0.0005/0.0005 | Train Loss 0.4497 | Valid Loss 0.5063 | Train Acc 81.7188 | Valid Acc 81.2500
2026-07-13 08:36:05 | TestSub: S2 | Epoch 36/100 Finsh | Now_lr 0.0005/0.0005 | Train Loss 0.4272 | Valid Loss 0.4765 | Train Acc 82.2656 | Valid Acc 82.0312
2026-07-13 08:36:05 | Validation loss decreased (0.487267 --> 0.476488) in epoch (36). Saving model ...
2026-07-13 08:36:05 | TestSub: S2 | Epoch 37/100 Finsh | Now_lr 0.0005/0.0005 | Train Loss 0.4400 | Valid Loss 0.4730 | Train Acc 82.5781 | Valid Acc 83.5938
2026-07-13 08:36:05 | Validation loss decreased (0.476488 --> 0.472975) in epoch (37). Saving model ...
2026-07-13 08:36:06 | TestSub: S2 | Epoch 38/100 Finsh | Now_lr 0.0005/0.0005 | Train Loss 0.4160 | Valid Loss 0.4523 | Train Acc 83.6719 | Valid Acc 85.9375
2026-07-13 08:36:06 | Validation loss decreased (0.472975 --> 0.452257) in epoch (38). Saving model ...
2026-07-13 08:36:06 | TestSub: S2 | Epoch 39/100 Finsh | Now_lr 0.0005/0.0005 | Train Loss 0.4239 | Valid Loss 0.4476 | Train Acc 83.4375 | Valid Acc 84.3750
2026-07-13 08:36:06 | Validation loss decreased (0.452257 --> 0.447579) in epoch (39). Saving model ...
2026-07-13 08:36:07 | TestSub: S2 | Epoch 40/100 Finsh | Now_lr 0.0005/0.0005 | Train Loss 0.4046 | Valid Loss 0.4483 | Train Acc 85.1562 | Valid Acc 84.3750
2026-07-13 08:36:07 | TestSub: S2 | Epoch 41/100 Finsh | Now_lr 0.0005/0.0005 | Train Loss 0.4155 | Valid Loss 0.4436 | Train Acc 83.9844 | Valid Acc 82.8125
2026-07-13 08:36:07 | Validation loss decreased (0.447579 --> 0.443562) in epoch (41). Saving model ...
2026-07-13 08:36:08 | TestSub: S2 | Epoch 42/100 Finsh | Now_lr 0.0005/0.0005 | Train Loss 0.4114 | Valid Loss 0.4384 | Train Acc 83.7500 | Valid Acc 82.8125
2026-07-13 08:36:08 | Validation loss decreased (0.443562 --> 0.438397) in epoch (42). Saving model ...
2026-07-13 08:36:08 | TestSub: S2 | Epoch 43/100 Finsh | Now_lr 0.0005/0.0005 | Train Loss 0.3954 | Valid Loss 0.4420 | Train Acc 84.2969 | Valid Acc 82.8125
2026-07-13 08:36:09 | TestSub: S2 | Epoch 44/100 Finsh | Now_lr 0.0005/0.0005 | Train Loss 0.3967 | Valid Loss 0.4347 | Train Acc 85.1562 | Valid Acc 83.5938
2026-07-13 08:36:09 | Validation loss decreased (0.438397 --> 0.434709) in epoch (44). Saving model ...
2026-07-13 08:36:09 | TestSub: S2 | Epoch 45/100 Finsh | Now_lr 0.0005/0.0005 | Train Loss 0.3787 | Valid Loss 0.4260 | Train Acc 86.7188 | Valid Acc 85.1562
2026-07-13 08:36:09 | Validation loss decreased (0.434709 --> 0.425970) in epoch (45). Saving model ...
2026-07-13 08:36:10 | TestSub: S2 | Epoch 46/100 Finsh | Now_lr 0.0005/0.0005 | Train Loss 0.3857 | Valid Loss 0.4156 | Train Acc 86.0938 | Valid Acc 84.3750
2026-07-13 08:36:10 | Validation loss decreased (0.425970 --> 0.415635) in epoch (46). Saving model ...
2026-07-13 08:36:10 | TestSub: S2 | Epoch 47/100 Finsh | Now_lr 0.0005/0.0005 | Train Loss 0.3810 | Valid Loss 0.4118 | Train Acc 86.1719 | Valid Acc 82.8125
2026-07-13 08:36:10 | Validation loss decreased (0.415635 --> 0.411779) in epoch (47). Saving model ...
2026-07-13 08:36:11 | TestSub: S2 | Epoch 48/100 Finsh | Now_lr 0.0005/0.0005 | Train Loss 0.3776 | Valid Loss 0.4065 | Train Acc 85.7812 | Valid Acc 84.3750
2026-07-13 08:36:11 | Validation loss decreased (0.411779 --> 0.406497) in epoch (48). Saving model ...
2026-07-13 08:36:11 | TestSub: S2 | Epoch 49/100 Finsh | Now_lr 0.0005/0.0005 | Train Loss 0.3762 | Valid Loss 0.4120 | Train Acc 85.2344 | Valid Acc 85.9375
2026-07-13 08:36:12 | TestSub: S2 | Epoch 50/100 Finsh | Now_lr 0.0005/0.0005 | Train Loss 0.3616 | Valid Loss 0.4177 | Train Acc 86.8750 | Valid Acc 85.9375
2026-07-13 08:36:12 | TestSub: S2 | Epoch 51/100 Finsh | Now_lr 0.0005/0.0005 | Train Loss 0.3682 | Valid Loss 0.4085 | Train Acc 86.0938 | Valid Acc 83.5938
2026-07-13 08:36:12 | TestSub: S2 | Epoch 52/100 Finsh | Now_lr 0.0005/0.0005 | Train Loss 0.3716 | Valid Loss 0.3974 | Train Acc 86.2500 | Valid Acc 83.5938
2026-07-13 08:36:12 | Validation loss decreased (0.406497 --> 0.397389) in epoch (52). Saving model ...
2026-07-13 08:36:13 | TestSub: S2 | Epoch 53/100 Finsh | Now_lr 0.0005/0.0005 | Train Loss 0.3391 | Valid Loss 0.3904 | Train Acc 87.9688 | Valid Acc 84.3750
2026-07-13 08:36:13 | Validation loss decreased (0.397389 --> 0.390410) in epoch (53). Saving model ...
2026-07-13 08:36:14 | TestSub: S2 | Epoch 54/100 Finsh | Now_lr 0.0005/0.0005 | Train Loss 0.3629 | Valid Loss 0.3858 | Train Acc 84.5312 | Valid Acc 84.3750
2026-07-13 08:36:14 | Validation loss decreased (0.390410 --> 0.385785) in epoch (54). Saving model ...
2026-07-13 08:36:14 | TestSub: S2 | Epoch 55/100 Finsh | Now_lr 0.0005/0.0005 | Train Loss 0.3429 | Valid Loss 0.3826 | Train Acc 89.1406 | Valid Acc 84.3750
2026-07-13 08:36:14 | Validation loss decreased (0.385785 --> 0.382551) in epoch (55). Saving model ...
2026-07-13 08:36:15 | TestSub: S2 | Epoch 56/100 Finsh | Now_lr 0.0005/0.0005 | Train Loss 0.3554 | Valid Loss 0.3808 | Train Acc 86.6406 | Valid Acc 85.1562
2026-07-13 08:36:15 | Validation loss decreased (0.382551 --> 0.380785) in epoch (56). Saving model ...
2026-07-13 08:36:15 | TestSub: S2 | Epoch 57/100 Finsh | Now_lr 0.0005/0.0005 | Train Loss 0.3531 | Valid Loss 0.3714 | Train Acc 85.9375 | Valid Acc 89.0625
2026-07-13 08:36:15 | Validation loss decreased (0.380785 --> 0.371427) in epoch (57). Saving model ...
2026-07-13 08:36:16 | TestSub: S2 | Epoch 58/100 Finsh | Now_lr 0.0005/0.0005 | Train Loss 0.3538 | Valid Loss 0.3763 | Train Acc 86.0156 | Valid Acc 89.0625
2026-07-13 08:36:16 | TestSub: S2 | Epoch 59/100 Finsh | Now_lr 0.0005/0.0005 | Train Loss 0.3376 | Valid Loss 0.3885 | Train Acc 88.3594 | Valid Acc 89.8438
2026-07-13 08:36:17 | TestSub: S2 | Epoch 60/100 Finsh | Now_lr 0.0005/0.0005 | Train Loss 0.3314 | Valid Loss 0.3726 | Train Acc 86.8750 | Valid Acc 87.5000
2026-07-13 08:36:17 | TestSub: S2 | Epoch 61/100 Finsh | Now_lr 0.0005/0.0005 | Train Loss 0.3478 | Valid Loss 0.3691 | Train Acc 86.3281 | Valid Acc 87.5000
2026-07-13 08:36:17 | Validation loss decreased (0.371427 --> 0.369061) in epoch (61). Saving model ...
2026-07-13 08:36:18 | TestSub: S2 | Epoch 62/100 Finsh | Now_lr 0.0005/0.0005 | Train Loss 0.3451 | Valid Loss 0.3695 | Train Acc 86.9531 | Valid Acc 85.9375
2026-07-13 08:36:18 | TestSub: S2 | Epoch 63/100 Finsh | Now_lr 0.0005/0.0005 | Train Loss 0.3171 | Valid Loss 0.3648 | Train Acc 88.9844 | Valid Acc 88.2812
2026-07-13 08:36:18 | Validation loss decreased (0.369061 --> 0.364809) in epoch (63). Saving model ...
2026-07-13 08:36:19 | TestSub: S2 | Epoch 64/100 Finsh | Now_lr 0.0005/0.0005 | Train Loss 0.3282 | Valid Loss 0.3623 | Train Acc 87.5000 | Valid Acc 89.8438
2026-07-13 08:36:19 | Validation loss decreased (0.364809 --> 0.362251) in epoch (64). Saving model ...
2026-07-13 08:36:19 | TestSub: S2 | Epoch 65/100 Finsh | Now_lr 0.0005/0.0005 | Train Loss 0.3323 | Valid Loss 0.3579 | Train Acc 86.4062 | Valid Acc 91.4062
2026-07-13 08:36:19 | Validation loss decreased (0.362251 --> 0.357868) in epoch (65). Saving model ...
2026-07-13 08:36:19 | TestSub: S2 | Epoch 66/100 Finsh | Now_lr 0.0005/0.0005 | Train Loss 0.3145 | Valid Loss 0.3508 | Train Acc 88.8281 | Valid Acc 91.4062
2026-07-13 08:36:19 | Validation loss decreased (0.357868 --> 0.350819) in epoch (66). Saving model ...
2026-07-13 08:36:20 | TestSub: S2 | Epoch 67/100 Finsh | Now_lr 0.0005/0.0005 | Train Loss 0.3353 | Valid Loss 0.3528 | Train Acc 87.5000 | Valid Acc 88.2812
2026-07-13 08:36:20 | TestSub: S2 | Epoch 68/100 Finsh | Now_lr 0.0005/0.0005 | Train Loss 0.3140 | Valid Loss 0.3562 | Train Acc 88.2812 | Valid Acc 89.0625
2026-07-13 08:36:21 | TestSub: S2 | Epoch 69/100 Finsh | Now_lr 0.0005/0.0005 | Train Loss 0.3053 | Valid Loss 0.3562 | Train Acc 88.6719 | Valid Acc 88.2812
2026-07-13 08:36:21 | TestSub: S2 | Epoch 70/100 Finsh | Now_lr 0.0005/0.0005 | Train Loss 0.3070 | Valid Loss 0.3567 | Train Acc 89.4531 | Valid Acc 87.5000
2026-07-13 08:36:22 | TestSub: S2 | Epoch 71/100 Finsh | Now_lr 0.0005/0.0005 | Train Loss 0.3237 | Valid Loss 0.3536 | Train Acc 88.0469 | Valid Acc 88.2812
2026-07-13 08:36:22 | TestSub: S2 | Epoch 72/100 Finsh | Now_lr 0.0005/0.0005 | Train Loss 0.3046 | Valid Loss 0.3504 | Train Acc 88.6719 | Valid Acc 87.5000
2026-07-13 08:36:22 | Validation loss decreased (0.350819 --> 0.350439) in epoch (72). Saving model ...
2026-07-13 08:36:23 | TestSub: S2 | Epoch 73/100 Finsh | Now_lr 0.0005/0.0005 | Train Loss 0.3295 | Valid Loss 0.3496 | Train Acc 86.8750 | Valid Acc 88.2812
2026-07-13 08:36:23 | Validation loss decreased (0.350439 --> 0.349567) in epoch (73). Saving model ...
2026-07-13 08:36:23 | TestSub: S2 | Epoch 74/100 Finsh | Now_lr 0.0005/0.0005 | Train Loss 0.3061 | Valid Loss 0.3448 | Train Acc 88.2812 | Valid Acc 89.8438
2026-07-13 08:36:23 | Validation loss decreased (0.349567 --> 0.344799) in epoch (74). Saving model ...
2026-07-13 08:36:24 | TestSub: S2 | Epoch 75/100 Finsh | Now_lr 0.0005/0.0005 | Train Loss 0.2877 | Valid Loss 0.3326 | Train Acc 89.8438 | Valid Acc 90.6250
2026-07-13 08:36:24 | Validation loss decreased (0.344799 --> 0.332580) in epoch (75). Saving model ...
2026-07-13 08:36:24 | TestSub: S2 | Epoch 76/100 Finsh | Now_lr 0.0005/0.0005 | Train Loss 0.3187 | Valid Loss 0.3290 | Train Acc 87.5000 | Valid Acc 89.8438
2026-07-13 08:36:24 | Validation loss decreased (0.332580 --> 0.328986) in epoch (76). Saving model ...
2026-07-13 08:36:25 | TestSub: S2 | Epoch 77/100 Finsh | Now_lr 0.0005/0.0005 | Train Loss 0.2906 | Valid Loss 0.3296 | Train Acc 89.6094 | Valid Acc 90.6250
2026-07-13 08:36:25 | TestSub: S2 | Epoch 78/100 Finsh | Now_lr 0.0005/0.0005 | Train Loss 0.3124 | Valid Loss 0.3285 | Train Acc 87.7344 | Valid Acc 90.6250
2026-07-13 08:36:25 | Validation loss decreased (0.328986 --> 0.328507) in epoch (78). Saving model ...
2026-07-13 08:36:26 | TestSub: S2 | Epoch 79/100 Finsh | Now_lr 0.0005/0.0005 | Train Loss 0.3017 | Valid Loss 0.3269 | Train Acc 88.5156 | Valid Acc 91.4062
2026-07-13 08:36:26 | Validation loss decreased (0.328507 --> 0.326912) in epoch (79). Saving model ...
2026-07-13 08:36:26 | TestSub: S2 | Epoch 80/100 Finsh | Now_lr 0.0005/0.0005 | Train Loss 0.3036 | Valid Loss 0.3239 | Train Acc 88.7500 | Valid Acc 89.8438
2026-07-13 08:36:26 | Validation loss decreased (0.326912 --> 0.323941) in epoch (80). Saving model ...
2026-07-13 08:36:27 | TestSub: S2 | Epoch 81/100 Finsh | Now_lr 0.0005/0.0005 | Train Loss 0.3034 | Valid Loss 0.3162 | Train Acc 87.5781 | Valid Acc 92.1875
2026-07-13 08:36:27 | Validation loss decreased (0.323941 --> 0.316189) in epoch (81). Saving model ...
2026-07-13 08:36:27 | TestSub: S2 | Epoch 82/100 Finsh | Now_lr 0.0005/0.0005 | Train Loss 0.2835 | Valid Loss 0.3125 | Train Acc 89.6875 | Valid Acc 91.4062
2026-07-13 08:36:27 | Validation loss decreased (0.316189 --> 0.312484) in epoch (82). Saving model ...
2026-07-13 08:36:28 | TestSub: S2 | Epoch 83/100 Finsh | Now_lr 0.0005/0.0005 | Train Loss 0.2849 | Valid Loss 0.3080 | Train Acc 89.3750 | Valid Acc 92.1875
2026-07-13 08:36:28 | Validation loss decreased (0.312484 --> 0.308043) in epoch (83). Saving model ...
2026-07-13 08:36:28 | TestSub: S2 | Epoch 84/100 Finsh | Now_lr 0.0005/0.0005 | Train Loss 0.3055 | Valid Loss 0.3086 | Train Acc 88.4375 | Valid Acc 92.1875
2026-07-13 08:36:28 | TestSub: S2 | Epoch 85/100 Finsh | Now_lr 0.0005/0.0005 | Train Loss 0.2845 | Valid Loss 0.3099 | Train Acc 88.9062 | Valid Acc 90.6250
2026-07-13 08:36:29 | TestSub: S2 | Epoch 86/100 Finsh | Now_lr 0.0005/0.0005 | Train Loss 0.2852 | Valid Loss 0.3171 | Train Acc 89.8438 | Valid Acc 92.1875
2026-07-13 08:36:29 | TestSub: S2 | Epoch 87/100 Finsh | Now_lr 0.0005/0.0005 | Train Loss 0.2727 | Valid Loss 0.3129 | Train Acc 91.1719 | Valid Acc 90.6250
2026-07-13 08:36:30 | TestSub: S2 | Epoch 88/100 Finsh | Now_lr 0.0005/0.0005 | Train Loss 0.2951 | Valid Loss 0.3103 | Train Acc 88.8281 | Valid Acc 91.4062
2026-07-13 08:36:30 | TestSub: S2 | Epoch 89/100 Finsh | Now_lr 0.0005/0.0005 | Train Loss 0.2798 | Valid Loss 0.3063 | Train Acc 89.6094 | Valid Acc 92.1875
2026-07-13 08:36:30 | Validation loss decreased (0.308043 --> 0.306279) in epoch (89). Saving model ...
2026-07-13 08:36:31 | TestSub: S2 | Epoch 90/100 Finsh | Now_lr 0.0005/0.0005 | Train Loss 0.2738 | Valid Loss 0.3052 | Train Acc 90.1562 | Valid Acc 90.6250
2026-07-13 08:36:31 | Validation loss decreased (0.306279 --> 0.305244) in epoch (90). Saving model ...
2026-07-13 08:36:31 | TestSub: S2 | Epoch 91/100 Finsh | Now_lr 0.0005/0.0005 | Train Loss 0.2805 | Valid Loss 0.3001 | Train Acc 90.1562 | Valid Acc 92.9688
2026-07-13 08:36:31 | Validation loss decreased (0.305244 --> 0.300089) in epoch (91). Saving model ...
2026-07-13 08:36:32 | TestSub: S2 | Epoch 92/100 Finsh | Now_lr 0.0005/0.0005 | Train Loss 0.2798 | Valid Loss 0.3056 | Train Acc 89.6094 | Valid Acc 91.4062
2026-07-13 08:36:32 | TestSub: S2 | Epoch 93/100 Finsh | Now_lr 0.0005/0.0005 | Train Loss 0.2770 | Valid Loss 0.3024 | Train Acc 89.2969 | Valid Acc 92.1875
2026-07-13 08:36:33 | TestSub: S2 | Epoch 94/100 Finsh | Now_lr 0.0005/0.0005 | Train Loss 0.2619 | Valid Loss 0.2959 | Train Acc 90.7812 | Valid Acc 89.8438
2026-07-13 08:36:33 | Validation loss decreased (0.300089 --> 0.295934) in epoch (94). Saving model ...
2026-07-13 08:36:33 | TestSub: S2 | Epoch 95/100 Finsh | Now_lr 0.0005/0.0005 | Train Loss 0.2664 | Valid Loss 0.2979 | Train Acc 90.3125 | Valid Acc 89.8438
2026-07-13 08:36:33 | TestSub: S2 | Epoch 96/100 Finsh | Now_lr 0.0005/0.0005 | Train Loss 0.2703 | Valid Loss 0.3035 | Train Acc 90.6250 | Valid Acc 89.0625
2026-07-13 08:36:34 | TestSub: S2 | Epoch 97/100 Finsh | Now_lr 0.0005/0.0005 | Train Loss 0.2743 | Valid Loss 0.2990 | Train Acc 89.1406 | Valid Acc 90.6250
2026-07-13 08:36:34 | TestSub: S2 | Epoch 98/100 Finsh | Now_lr 0.0005/0.0005 | Train Loss 0.2823 | Valid Loss 0.2935 | Train Acc 89.3750 | Valid Acc 91.4062
2026-07-13 08:36:34 | Validation loss decreased (0.295934 --> 0.293457) in epoch (98). Saving model ...
2026-07-13 08:36:35 | TestSub: S2 | Epoch 99/100 Finsh | Now_lr 0.0005/0.0005 | Train Loss 0.2688 | Valid Loss 0.2944 | Train Acc 90.0781 | Valid Acc 90.6250
2026-07-13 08:36:35 | TestSub: S2 | Epoch 100/100 Finsh | Now_lr 0.0005/0.0005 | Train Loss 0.2781 | Valid Loss 0.3026 | Train Acc 90.0000 | Valid Acc 90.6250
2026-07-13 08:36:35 | --------------------------------------------------
2026-07-13 08:36:35 | Test_Subject :S2 | Best epoch:98 | Test Loss:0.4358 | Savemodel Acc 84.3750
2026-07-13 08:36:35 | --------------------------------------------------
2026-07-13 08:36:35 | Best epoch: 98 | Test acc: 84.3750
