2026-07-13 08:38:17 | Logging started: ./writer/Subject_dependent_AAD/AVED/3.0s/result//Train3.0s_sub5.log
2026-07-13 08:38:20 | Sub_id: 5
2026-07-13 08:38:21 | TestSub: S5 | Epoch  1/100 Finsh | Now_lr 0.0005/0.0005 | Train Loss 0.6947 | Valid Loss 0.6936 | Train Acc 51.6406 | Valid Acc 51.5625
2026-07-13 08:38:21 | Validation loss decreased (inf --> 0.693647) in epoch (1). Saving model ...
2026-07-13 08:38:22 | TestSub: S5 | Epoch  2/100 Finsh | Now_lr 0.0005/0.0005 | Train Loss 0.6856 | Valid Loss 0.6926 | Train Acc 55.3906 | Valid Acc 52.3438
2026-07-13 08:38:22 | Validation loss decreased (0.693647 --> 0.692556) in epoch (2). Saving model ...
2026-07-13 08:38:22 | TestSub: S5 | Epoch  3/100 Finsh | Now_lr 0.0005/0.0005 | Train Loss 0.6886 | Valid Loss 0.6930 | Train Acc 54.5312 | Valid Acc 52.3438
2026-07-13 08:38:23 | TestSub: S5 | Epoch  4/100 Finsh | Now_lr 0.0005/0.0005 | Train Loss 0.6808 | Valid Loss 0.6919 | Train Acc 56.6406 | Valid Acc 51.5625
2026-07-13 08:38:23 | Validation loss decreased (0.692556 --> 0.691915) in epoch (4). Saving model ...
2026-07-13 08:38:24 | TestSub: S5 | Epoch  5/100 Finsh | Now_lr 0.0005/0.0005 | Train Loss 0.6781 | Valid Loss 0.6901 | Train Acc 59.2969 | Valid Acc 52.3438
2026-07-13 08:38:24 | Validation loss decreased (0.691915 --> 0.690059) in epoch (5). Saving model ...
2026-07-13 08:38:24 | TestSub: S5 | Epoch  6/100 Finsh | Now_lr 0.0005/0.0005 | Train Loss 0.6741 | Valid Loss 0.6898 | Train Acc 59.7656 | Valid Acc 53.9062
2026-07-13 08:38:24 | Validation loss decreased (0.690059 --> 0.689835) in epoch (6). Saving model ...
2026-07-13 08:38:24 | TestSub: S5 | Epoch  7/100 Finsh | Now_lr 0.0005/0.0005 | Train Loss 0.6613 | Valid Loss 0.6881 | Train Acc 62.8906 | Valid Acc 53.1250
2026-07-13 08:38:24 | Validation loss decreased (0.689835 --> 0.688069) in epoch (7). Saving model ...
2026-07-13 08:38:25 | TestSub: S5 | Epoch  8/100 Finsh | Now_lr 0.0005/0.0005 | Train Loss 0.6533 | Valid Loss 0.6875 | Train Acc 65.4688 | Valid Acc 52.3438
2026-07-13 08:38:25 | Validation loss decreased (0.688069 --> 0.687524) in epoch (8). Saving model ...
2026-07-13 08:38:25 | TestSub: S5 | Epoch  9/100 Finsh | Now_lr 0.0005/0.0005 | Train Loss 0.6494 | Valid Loss 0.6847 | Train Acc 66.5625 | Valid Acc 52.3438
2026-07-13 08:38:25 | Validation loss decreased (0.687524 --> 0.684721) in epoch (9). Saving model ...
2026-07-13 08:38:26 | TestSub: S5 | Epoch 10/100 Finsh | Now_lr 0.0005/0.0005 | Train Loss 0.6393 | Valid Loss 0.6865 | Train Acc 65.7031 | Valid Acc 54.6875
2026-07-13 08:38:26 | TestSub: S5 | Epoch 11/100 Finsh | Now_lr 0.0005/0.0005 | Train Loss 0.6313 | Valid Loss 0.6807 | Train Acc 70.3906 | Valid Acc 53.9062
2026-07-13 08:38:26 | Validation loss decreased (0.684721 --> 0.680721) in epoch (11). Saving model ...
2026-07-13 08:38:27 | TestSub: S5 | Epoch 12/100 Finsh | Now_lr 0.0005/0.0005 | Train Loss 0.6226 | Valid Loss 0.6773 | Train Acc 70.7031 | Valid Acc 59.3750
2026-07-13 08:38:27 | Validation loss decreased (0.680721 --> 0.677281) in epoch (12). Saving model ...
2026-07-13 08:38:27 | TestSub: S5 | Epoch 13/100 Finsh | Now_lr 0.0005/0.0005 | Train Loss 0.6185 | Valid Loss 0.6755 | Train Acc 68.4375 | Valid Acc 58.5938
2026-07-13 08:38:27 | Validation loss decreased (0.677281 --> 0.675529) in epoch (13). Saving model ...
2026-07-13 08:38:28 | TestSub: S5 | Epoch 14/100 Finsh | Now_lr 0.0005/0.0005 | Train Loss 0.6017 | Valid Loss 0.6674 | Train Acc 70.9375 | Valid Acc 60.1562
2026-07-13 08:38:28 | Validation loss decreased (0.675529 --> 0.667411) in epoch (14). Saving model ...
2026-07-13 08:38:28 | TestSub: S5 | Epoch 15/100 Finsh | Now_lr 0.0005/0.0005 | Train Loss 0.6042 | Valid Loss 0.6618 | Train Acc 70.6250 | Valid Acc 62.5000
2026-07-13 08:38:28 | Validation loss decreased (0.667411 --> 0.661797) in epoch (15). Saving model ...
2026-07-13 08:38:29 | TestSub: S5 | Epoch 16/100 Finsh | Now_lr 0.0005/0.0005 | Train Loss 0.5852 | Valid Loss 0.6589 | Train Acc 74.0625 | Valid Acc 63.2812
2026-07-13 08:38:29 | Validation loss decreased (0.661797 --> 0.658865) in epoch (16). Saving model ...
2026-07-13 08:38:29 | TestSub: S5 | Epoch 17/100 Finsh | Now_lr 0.0005/0.0005 | Train Loss 0.5776 | Valid Loss 0.6485 | Train Acc 73.9062 | Valid Acc 64.8438
2026-07-13 08:38:29 | Validation loss decreased (0.658865 --> 0.648451) in epoch (17). Saving model ...
2026-07-13 08:38:30 | TestSub: S5 | Epoch 18/100 Finsh | Now_lr 0.0005/0.0005 | Train Loss 0.5687 | Valid Loss 0.6404 | Train Acc 74.1406 | Valid Acc 67.1875
2026-07-13 08:38:30 | Validation loss decreased (0.648451 --> 0.640415) in epoch (18). Saving model ...
2026-07-13 08:38:30 | TestSub: S5 | Epoch 19/100 Finsh | Now_lr 0.0005/0.0005 | Train Loss 0.5549 | Valid Loss 0.6275 | Train Acc 75.7812 | Valid Acc 69.5312
2026-07-13 08:38:30 | Validation loss decreased (0.640415 --> 0.627492) in epoch (19). Saving model ...
2026-07-13 08:38:31 | TestSub: S5 | Epoch 20/100 Finsh | Now_lr 0.0005/0.0005 | Train Loss 0.5435 | Valid Loss 0.6255 | Train Acc 75.7812 | Valid Acc 70.3125
2026-07-13 08:38:31 | Validation loss decreased (0.627492 --> 0.625494) in epoch (20). Saving model ...
2026-07-13 08:38:31 | TestSub: S5 | Epoch 21/100 Finsh | Now_lr 0.0005/0.0005 | Train Loss 0.5353 | Valid Loss 0.6186 | Train Acc 76.7969 | Valid Acc 66.4062
2026-07-13 08:38:31 | Validation loss decreased (0.625494 --> 0.618569) in epoch (21). Saving model ...
2026-07-13 08:38:31 | TestSub: S5 | Epoch 22/100 Finsh | Now_lr 0.0005/0.0005 | Train Loss 0.5300 | Valid Loss 0.6100 | Train Acc 78.4375 | Valid Acc 69.5312
2026-07-13 08:38:31 | Validation loss decreased (0.618569 --> 0.610027) in epoch (22). Saving model ...
2026-07-13 08:38:32 | TestSub: S5 | Epoch 23/100 Finsh | Now_lr 0.0005/0.0005 | Train Loss 0.5215 | Valid Loss 0.6002 | Train Acc 78.2812 | Valid Acc 71.8750
2026-07-13 08:38:32 | Validation loss decreased (0.610027 --> 0.600226) in epoch (23). Saving model ...
2026-07-13 08:38:32 | TestSub: S5 | Epoch 24/100 Finsh | Now_lr 0.0005/0.0005 | Train Loss 0.5201 | Valid Loss 0.5934 | Train Acc 78.3594 | Valid Acc 71.0938
2026-07-13 08:38:32 | Validation loss decreased (0.600226 --> 0.593440) in epoch (24). Saving model ...
2026-07-13 08:38:33 | TestSub: S5 | Epoch 25/100 Finsh | Now_lr 0.0005/0.0005 | Train Loss 0.5095 | Valid Loss 0.5846 | Train Acc 78.4375 | Valid Acc 71.8750
2026-07-13 08:38:33 | Validation loss decreased (0.593440 --> 0.584604) in epoch (25). Saving model ...
2026-07-13 08:38:34 | TestSub: S5 | Epoch 26/100 Finsh | Now_lr 0.0005/0.0005 | Train Loss 0.4932 | Valid Loss 0.5852 | Train Acc 80.9375 | Valid Acc 71.0938
2026-07-13 08:38:34 | TestSub: S5 | Epoch 27/100 Finsh | Now_lr 0.0005/0.0005 | Train Loss 0.4944 | Valid Loss 0.5734 | Train Acc 79.2969 | Valid Acc 77.3438
2026-07-13 08:38:34 | Validation loss decreased (0.584604 --> 0.573405) in epoch (27). Saving model ...
2026-07-13 08:38:34 | TestSub: S5 | Epoch 28/100 Finsh | Now_lr 0.0005/0.0005 | Train Loss 0.4895 | Valid Loss 0.5749 | Train Acc 79.5312 | Valid Acc 74.2188
2026-07-13 08:38:35 | TestSub: S5 | Epoch 29/100 Finsh | Now_lr 0.0005/0.0005 | Train Loss 0.4855 | Valid Loss 0.5697 | Train Acc 79.7656 | Valid Acc 75.7812
2026-07-13 08:38:35 | Validation loss decreased (0.573405 --> 0.569676) in epoch (29). Saving model ...
2026-07-13 08:38:35 | TestSub: S5 | Epoch 30/100 Finsh | Now_lr 0.0005/0.0005 | Train Loss 0.4763 | Valid Loss 0.5729 | Train Acc 80.7031 | Valid Acc 74.2188
2026-07-13 08:38:36 | TestSub: S5 | Epoch 31/100 Finsh | Now_lr 0.0005/0.0005 | Train Loss 0.4767 | Valid Loss 0.5637 | Train Acc 80.5469 | Valid Acc 76.5625
2026-07-13 08:38:36 | Validation loss decreased (0.569676 --> 0.563692) in epoch (31). Saving model ...
2026-07-13 08:38:36 | TestSub: S5 | Epoch 32/100 Finsh | Now_lr 0.0005/0.0005 | Train Loss 0.4560 | Valid Loss 0.5650 | Train Acc 80.8594 | Valid Acc 76.5625
2026-07-13 08:38:37 | TestSub: S5 | Epoch 33/100 Finsh | Now_lr 0.0005/0.0005 | Train Loss 0.4511 | Valid Loss 0.5599 | Train Acc 81.8750 | Valid Acc 76.5625
2026-07-13 08:38:37 | Validation loss decreased (0.563692 --> 0.559922) in epoch (33). Saving model ...
2026-07-13 08:38:37 | TestSub: S5 | Epoch 34/100 Finsh | Now_lr 0.0005/0.0005 | Train Loss 0.4491 | Valid Loss 0.5551 | Train Acc 81.8750 | Valid Acc 74.2188
2026-07-13 08:38:37 | Validation loss decreased (0.559922 --> 0.555105) in epoch (34). Saving model ...
2026-07-13 08:38:38 | TestSub: S5 | Epoch 35/100 Finsh | Now_lr 0.0005/0.0005 | Train Loss 0.4368 | Valid Loss 0.5388 | Train Acc 82.0312 | Valid Acc 78.1250
2026-07-13 08:38:38 | Validation loss decreased (0.555105 --> 0.538850) in epoch (35). Saving model ...
2026-07-13 08:38:39 | TestSub: S5 | Epoch 36/100 Finsh | Now_lr 0.0005/0.0005 | Train Loss 0.4312 | Valid Loss 0.5338 | Train Acc 83.1250 | Valid Acc 80.4688
2026-07-13 08:38:39 | Validation loss decreased (0.538850 --> 0.533834) in epoch (36). Saving model ...
2026-07-13 08:38:39 | TestSub: S5 | Epoch 37/100 Finsh | Now_lr 0.0005/0.0005 | Train Loss 0.4318 | Valid Loss 0.5237 | Train Acc 83.2031 | Valid Acc 76.5625
2026-07-13 08:38:39 | Validation loss decreased (0.533834 --> 0.523731) in epoch (37). Saving model ...
2026-07-13 08:38:40 | TestSub: S5 | Epoch 38/100 Finsh | Now_lr 0.0005/0.0005 | Train Loss 0.4210 | Valid Loss 0.5216 | Train Acc 83.5938 | Valid Acc 78.1250
2026-07-13 08:38:40 | Validation loss decreased (0.523731 --> 0.521600) in epoch (38). Saving model ...
2026-07-13 08:38:40 | TestSub: S5 | Epoch 39/100 Finsh | Now_lr 0.0005/0.0005 | Train Loss 0.4117 | Valid Loss 0.5241 | Train Acc 83.9844 | Valid Acc 76.5625
2026-07-13 08:38:40 | TestSub: S5 | Epoch 40/100 Finsh | Now_lr 0.0005/0.0005 | Train Loss 0.4334 | Valid Loss 0.5149 | Train Acc 82.7344 | Valid Acc 78.1250
2026-07-13 08:38:40 | Validation loss decreased (0.521600 --> 0.514876) in epoch (40). Saving model ...
2026-07-13 08:38:41 | TestSub: S5 | Epoch 41/100 Finsh | Now_lr 0.0005/0.0005 | Train Loss 0.4128 | Valid Loss 0.5056 | Train Acc 83.2812 | Valid Acc 77.3438
2026-07-13 08:38:41 | Validation loss decreased (0.514876 --> 0.505646) in epoch (41). Saving model ...
2026-07-13 08:38:41 | TestSub: S5 | Epoch 42/100 Finsh | Now_lr 0.0005/0.0005 | Train Loss 0.3899 | Valid Loss 0.5095 | Train Acc 86.0156 | Valid Acc 78.1250
2026-07-13 08:38:42 | TestSub: S5 | Epoch 43/100 Finsh | Now_lr 0.0005/0.0005 | Train Loss 0.3951 | Valid Loss 0.4933 | Train Acc 85.3906 | Valid Acc 79.6875
2026-07-13 08:38:42 | Validation loss decreased (0.505646 --> 0.493251) in epoch (43). Saving model ...
2026-07-13 08:38:42 | TestSub: S5 | Epoch 44/100 Finsh | Now_lr 0.0005/0.0005 | Train Loss 0.3842 | Valid Loss 0.4899 | Train Acc 86.1719 | Valid Acc 78.9062
2026-07-13 08:38:42 | Validation loss decreased (0.493251 --> 0.489925) in epoch (44). Saving model ...
2026-07-13 08:38:43 | TestSub: S5 | Epoch 45/100 Finsh | Now_lr 0.0005/0.0005 | Train Loss 0.3920 | Valid Loss 0.4734 | Train Acc 85.5469 | Valid Acc 82.0312
2026-07-13 08:38:43 | Validation loss decreased (0.489925 --> 0.473363) in epoch (45). Saving model ...
2026-07-13 08:38:43 | TestSub: S5 | Epoch 46/100 Finsh | Now_lr 0.0005/0.0005 | Train Loss 0.3821 | Valid Loss 0.4752 | Train Acc 84.6094 | Valid Acc 83.5938
2026-07-13 08:38:44 | TestSub: S5 | Epoch 47/100 Finsh | Now_lr 0.0005/0.0005 | Train Loss 0.3904 | Valid Loss 0.4661 | Train Acc 85.7812 | Valid Acc 82.0312
2026-07-13 08:38:44 | Validation loss decreased (0.473363 --> 0.466147) in epoch (47). Saving model ...
2026-07-13 08:38:44 | TestSub: S5 | Epoch 48/100 Finsh | Now_lr 0.0005/0.0005 | Train Loss 0.3906 | Valid Loss 0.4609 | Train Acc 85.0000 | Valid Acc 82.8125
2026-07-13 08:38:44 | Validation loss decreased (0.466147 --> 0.460925) in epoch (48). Saving model ...
2026-07-13 08:38:45 | TestSub: S5 | Epoch 49/100 Finsh | Now_lr 0.0005/0.0005 | Train Loss 0.3840 | Valid Loss 0.4547 | Train Acc 85.2344 | Valid Acc 83.5938
2026-07-13 08:38:45 | Validation loss decreased (0.460925 --> 0.454685) in epoch (49). Saving model ...
2026-07-13 08:38:45 | TestSub: S5 | Epoch 50/100 Finsh | Now_lr 0.0005/0.0005 | Train Loss 0.3633 | Valid Loss 0.4434 | Train Acc 85.9375 | Valid Acc 84.3750
2026-07-13 08:38:45 | Validation loss decreased (0.454685 --> 0.443411) in epoch (50). Saving model ...
2026-07-13 08:38:45 | TestSub: S5 | Epoch 51/100 Finsh | Now_lr 0.0005/0.0005 | Train Loss 0.3495 | Valid Loss 0.4414 | Train Acc 88.4375 | Valid Acc 84.3750
2026-07-13 08:38:45 | Validation loss decreased (0.443411 --> 0.441387) in epoch (51). Saving model ...
2026-07-13 08:38:46 | TestSub: S5 | Epoch 52/100 Finsh | Now_lr 0.0005/0.0005 | Train Loss 0.3589 | Valid Loss 0.4329 | Train Acc 87.2656 | Valid Acc 84.3750
2026-07-13 08:38:46 | Validation loss decreased (0.441387 --> 0.432871) in epoch (52). Saving model ...
2026-07-13 08:38:46 | TestSub: S5 | Epoch 53/100 Finsh | Now_lr 0.0005/0.0005 | Train Loss 0.3476 | Valid Loss 0.4276 | Train Acc 85.8594 | Valid Acc 85.1562
2026-07-13 08:38:46 | Validation loss decreased (0.432871 --> 0.427554) in epoch (53). Saving model ...
2026-07-13 08:38:47 | TestSub: S5 | Epoch 54/100 Finsh | Now_lr 0.0005/0.0005 | Train Loss 0.3468 | Valid Loss 0.4228 | Train Acc 87.5781 | Valid Acc 85.9375
2026-07-13 08:38:47 | Validation loss decreased (0.427554 --> 0.422847) in epoch (54). Saving model ...
2026-07-13 08:38:47 | TestSub: S5 | Epoch 55/100 Finsh | Now_lr 0.0005/0.0005 | Train Loss 0.3453 | Valid Loss 0.4211 | Train Acc 86.8750 | Valid Acc 83.5938
2026-07-13 08:38:47 | Validation loss decreased (0.422847 --> 0.421086) in epoch (55). Saving model ...
2026-07-13 08:38:48 | TestSub: S5 | Epoch 56/100 Finsh | Now_lr 0.0005/0.0005 | Train Loss 0.3515 | Valid Loss 0.4203 | Train Acc 86.9531 | Valid Acc 83.5938
2026-07-13 08:38:48 | Validation loss decreased (0.421086 --> 0.420280) in epoch (56). Saving model ...
2026-07-13 08:38:48 | TestSub: S5 | Epoch 57/100 Finsh | Now_lr 0.0005/0.0005 | Train Loss 0.3466 | Valid Loss 0.4166 | Train Acc 86.5625 | Valid Acc 86.7188
2026-07-13 08:38:48 | Validation loss decreased (0.420280 --> 0.416611) in epoch (57). Saving model ...
2026-07-13 08:38:49 | TestSub: S5 | Epoch 58/100 Finsh | Now_lr 0.0005/0.0005 | Train Loss 0.3493 | Valid Loss 0.4100 | Train Acc 86.5625 | Valid Acc 85.9375
2026-07-13 08:38:49 | Validation loss decreased (0.416611 --> 0.410049) in epoch (58). Saving model ...
2026-07-13 08:38:49 | TestSub: S5 | Epoch 59/100 Finsh | Now_lr 0.0005/0.0005 | Train Loss 0.3532 | Valid Loss 0.4049 | Train Acc 86.0156 | Valid Acc 85.1562
2026-07-13 08:38:49 | Validation loss decreased (0.410049 --> 0.404926) in epoch (59). Saving model ...
2026-07-13 08:38:50 | TestSub: S5 | Epoch 60/100 Finsh | Now_lr 0.0005/0.0005 | Train Loss 0.3443 | Valid Loss 0.3989 | Train Acc 86.3281 | Valid Acc 86.7188
2026-07-13 08:38:50 | Validation loss decreased (0.404926 --> 0.398924) in epoch (60). Saving model ...
2026-07-13 08:38:50 | TestSub: S5 | Epoch 61/100 Finsh | Now_lr 0.0005/0.0005 | Train Loss 0.3419 | Valid Loss 0.4010 | Train Acc 86.8750 | Valid Acc 85.9375
2026-07-13 08:38:51 | TestSub: S5 | Epoch 62/100 Finsh | Now_lr 0.0005/0.0005 | Train Loss 0.3335 | Valid Loss 0.3984 | Train Acc 87.1875 | Valid Acc 84.3750
2026-07-13 08:38:51 | Validation loss decreased (0.398924 --> 0.398419) in epoch (62). Saving model ...
2026-07-13 08:38:51 | TestSub: S5 | Epoch 63/100 Finsh | Now_lr 0.0005/0.0005 | Train Loss 0.3187 | Valid Loss 0.3830 | Train Acc 88.4375 | Valid Acc 89.0625
2026-07-13 08:38:51 | Validation loss decreased (0.398419 --> 0.383041) in epoch (63). Saving model ...
2026-07-13 08:38:52 | TestSub: S5 | Epoch 64/100 Finsh | Now_lr 0.0005/0.0005 | Train Loss 0.3312 | Valid Loss 0.3784 | Train Acc 87.5000 | Valid Acc 87.5000
2026-07-13 08:38:52 | Validation loss decreased (0.383041 --> 0.378364) in epoch (64). Saving model ...
2026-07-13 08:38:52 | TestSub: S5 | Epoch 65/100 Finsh | Now_lr 0.0005/0.0005 | Train Loss 0.3147 | Valid Loss 0.3783 | Train Acc 88.7500 | Valid Acc 87.5000
2026-07-13 08:38:52 | Validation loss decreased (0.378364 --> 0.378309) in epoch (65). Saving model ...
2026-07-13 08:38:52 | TestSub: S5 | Epoch 66/100 Finsh | Now_lr 0.0005/0.0005 | Train Loss 0.3263 | Valid Loss 0.3856 | Train Acc 88.2812 | Valid Acc 86.7188
2026-07-13 08:38:53 | TestSub: S5 | Epoch 67/100 Finsh | Now_lr 0.0005/0.0005 | Train Loss 0.3276 | Valid Loss 0.3759 | Train Acc 87.1875 | Valid Acc 86.7188
2026-07-13 08:38:53 | Validation loss decreased (0.378309 --> 0.375922) in epoch (67). Saving model ...
2026-07-13 08:38:53 | TestSub: S5 | Epoch 68/100 Finsh | Now_lr 0.0005/0.0005 | Train Loss 0.3129 | Valid Loss 0.3748 | Train Acc 88.6719 | Valid Acc 88.2812
2026-07-13 08:38:53 | Validation loss decreased (0.375922 --> 0.374806) in epoch (68). Saving model ...
2026-07-13 08:38:54 | TestSub: S5 | Epoch 69/100 Finsh | Now_lr 0.0005/0.0005 | Train Loss 0.3087 | Valid Loss 0.3659 | Train Acc 89.2188 | Valid Acc 88.2812
2026-07-13 08:38:54 | Validation loss decreased (0.374806 --> 0.365881) in epoch (69). Saving model ...
2026-07-13 08:38:54 | TestSub: S5 | Epoch 70/100 Finsh | Now_lr 0.0005/0.0005 | Train Loss 0.3019 | Valid Loss 0.3659 | Train Acc 89.5312 | Valid Acc 89.0625
2026-07-13 08:38:55 | TestSub: S5 | Epoch 71/100 Finsh | Now_lr 0.0005/0.0005 | Train Loss 0.3035 | Valid Loss 0.3687 | Train Acc 87.5781 | Valid Acc 86.7188
2026-07-13 08:38:55 | TestSub: S5 | Epoch 72/100 Finsh | Now_lr 0.0005/0.0005 | Train Loss 0.3240 | Valid Loss 0.3551 | Train Acc 87.5000 | Valid Acc 89.0625
2026-07-13 08:38:55 | Validation loss decreased (0.365881 --> 0.355059) in epoch (72). Saving model ...
2026-07-13 08:38:56 | TestSub: S5 | Epoch 73/100 Finsh | Now_lr 0.0005/0.0005 | Train Loss 0.3096 | Valid Loss 0.3509 | Train Acc 87.8125 | Valid Acc 89.0625
2026-07-13 08:38:56 | Validation loss decreased (0.355059 --> 0.350853) in epoch (73). Saving model ...
2026-07-13 08:38:56 | TestSub: S5 | Epoch 74/100 Finsh | Now_lr 0.0005/0.0005 | Train Loss 0.2966 | Valid Loss 0.3494 | Train Acc 89.3750 | Valid Acc 88.2812
2026-07-13 08:38:56 | Validation loss decreased (0.350853 --> 0.349352) in epoch (74). Saving model ...
2026-07-13 08:38:57 | TestSub: S5 | Epoch 75/100 Finsh | Now_lr 0.0005/0.0005 | Train Loss 0.2975 | Valid Loss 0.3499 | Train Acc 89.2188 | Valid Acc 87.5000
2026-07-13 08:38:57 | TestSub: S5 | Epoch 76/100 Finsh | Now_lr 0.0005/0.0005 | Train Loss 0.2882 | Valid Loss 0.3579 | Train Acc 90.0781 | Valid Acc 85.1562
2026-07-13 08:38:58 | TestSub: S5 | Epoch 77/100 Finsh | Now_lr 0.0005/0.0005 | Train Loss 0.2975 | Valid Loss 0.3473 | Train Acc 88.2812 | Valid Acc 89.0625
2026-07-13 08:38:58 | Validation loss decreased (0.349352 --> 0.347290) in epoch (77). Saving model ...
2026-07-13 08:38:58 | TestSub: S5 | Epoch 78/100 Finsh | Now_lr 0.0005/0.0005 | Train Loss 0.3119 | Valid Loss 0.3476 | Train Acc 88.8281 | Valid Acc 87.5000
2026-07-13 08:38:59 | TestSub: S5 | Epoch 79/100 Finsh | Now_lr 0.0005/0.0005 | Train Loss 0.3006 | Valid Loss 0.3442 | Train Acc 89.0625 | Valid Acc 88.2812
2026-07-13 08:38:59 | Validation loss decreased (0.347290 --> 0.344233) in epoch (79). Saving model ...
2026-07-13 08:38:59 | TestSub: S5 | Epoch 80/100 Finsh | Now_lr 0.0005/0.0005 | Train Loss 0.2996 | Valid Loss 0.3427 | Train Acc 89.0625 | Valid Acc 87.5000
2026-07-13 08:38:59 | Validation loss decreased (0.344233 --> 0.342724) in epoch (80). Saving model ...
2026-07-13 08:39:00 | TestSub: S5 | Epoch 81/100 Finsh | Now_lr 0.0005/0.0005 | Train Loss 0.3046 | Valid Loss 0.3460 | Train Acc 87.4219 | Valid Acc 89.0625
2026-07-13 08:39:00 | TestSub: S5 | Epoch 82/100 Finsh | Now_lr 0.0005/0.0005 | Train Loss 0.2812 | Valid Loss 0.3426 | Train Acc 90.7031 | Valid Acc 89.0625
2026-07-13 08:39:00 | Validation loss decreased (0.342724 --> 0.342647) in epoch (82). Saving model ...
2026-07-13 08:39:01 | TestSub: S5 | Epoch 83/100 Finsh | Now_lr 0.0005/0.0005 | Train Loss 0.2850 | Valid Loss 0.3464 | Train Acc 89.2188 | Valid Acc 85.9375
2026-07-13 08:39:01 | TestSub: S5 | Epoch 84/100 Finsh | Now_lr 0.0005/0.0005 | Train Loss 0.2718 | Valid Loss 0.3406 | Train Acc 90.3125 | Valid Acc 89.8438
2026-07-13 08:39:01 | Validation loss decreased (0.342647 --> 0.340605) in epoch (84). Saving model ...
2026-07-13 08:39:01 | TestSub: S5 | Epoch 85/100 Finsh | Now_lr 0.0005/0.0005 | Train Loss 0.2943 | Valid Loss 0.3459 | Train Acc 88.3594 | Valid Acc 85.9375
2026-07-13 08:39:02 | TestSub: S5 | Epoch 86/100 Finsh | Now_lr 0.0005/0.0005 | Train Loss 0.2912 | Valid Loss 0.3432 | Train Acc 89.3750 | Valid Acc 87.5000
2026-07-13 08:39:02 | TestSub: S5 | Epoch 87/100 Finsh | Now_lr 0.0005/0.0005 | Train Loss 0.2877 | Valid Loss 0.3377 | Train Acc 89.2969 | Valid Acc 87.5000
2026-07-13 08:39:02 | Validation loss decreased (0.340605 --> 0.337696) in epoch (87). Saving model ...
2026-07-13 08:39:03 | TestSub: S5 | Epoch 88/100 Finsh | Now_lr 0.0005/0.0005 | Train Loss 0.2768 | Valid Loss 0.3291 | Train Acc 89.4531 | Valid Acc 88.2812
2026-07-13 08:39:03 | Validation loss decreased (0.337696 --> 0.329115) in epoch (88). Saving model ...
2026-07-13 08:39:03 | TestSub: S5 | Epoch 89/100 Finsh | Now_lr 0.0005/0.0005 | Train Loss 0.2799 | Valid Loss 0.3266 | Train Acc 88.4375 | Valid Acc 85.9375
2026-07-13 08:39:03 | Validation loss decreased (0.329115 --> 0.326621) in epoch (89). Saving model ...
2026-07-13 08:39:04 | TestSub: S5 | Epoch 90/100 Finsh | Now_lr 0.0005/0.0005 | Train Loss 0.2761 | Valid Loss 0.3181 | Train Acc 90.7812 | Valid Acc 88.2812
2026-07-13 08:39:04 | Validation loss decreased (0.326621 --> 0.318149) in epoch (90). Saving model ...
2026-07-13 08:39:04 | TestSub: S5 | Epoch 91/100 Finsh | Now_lr 0.0005/0.0005 | Train Loss 0.2690 | Valid Loss 0.3199 | Train Acc 90.6250 | Valid Acc 89.0625
2026-07-13 08:39:05 | TestSub: S5 | Epoch 92/100 Finsh | Now_lr 0.0005/0.0005 | Train Loss 0.2704 | Valid Loss 0.3201 | Train Acc 89.6094 | Valid Acc 89.0625
2026-07-13 08:39:05 | TestSub: S5 | Epoch 93/100 Finsh | Now_lr 0.0005/0.0005 | Train Loss 0.2750 | Valid Loss 0.3162 | Train Acc 89.2969 | Valid Acc 88.2812
2026-07-13 08:39:05 | Validation loss decreased (0.318149 --> 0.316207) in epoch (93). Saving model ...
2026-07-13 08:39:06 | TestSub: S5 | Epoch 94/100 Finsh | Now_lr 0.0005/0.0005 | Train Loss 0.2571 | Valid Loss 0.3183 | Train Acc 91.1719 | Valid Acc 88.2812
2026-07-13 08:39:06 | TestSub: S5 | Epoch 95/100 Finsh | Now_lr 0.0005/0.0005 | Train Loss 0.2779 | Valid Loss 0.3247 | Train Acc 90.2344 | Valid Acc 89.8438
2026-07-13 08:39:07 | TestSub: S5 | Epoch 96/100 Finsh | Now_lr 0.0005/0.0005 | Train Loss 0.2660 | Valid Loss 0.3091 | Train Acc 89.5312 | Valid Acc 90.6250
2026-07-13 08:39:07 | Validation loss decreased (0.316207 --> 0.309064) in epoch (96). Saving model ...
2026-07-13 08:39:07 | TestSub: S5 | Epoch 97/100 Finsh | Now_lr 0.0005/0.0005 | Train Loss 0.2522 | Valid Loss 0.3157 | Train Acc 91.7969 | Valid Acc 89.0625
2026-07-13 08:39:07 | TestSub: S5 | Epoch 98/100 Finsh | Now_lr 0.0005/0.0005 | Train Loss 0.2632 | Valid Loss 0.3097 | Train Acc 91.0938 | Valid Acc 91.4062
2026-07-13 08:39:08 | TestSub: S5 | Epoch 99/100 Finsh | Now_lr 0.0005/0.0005 | Train Loss 0.2619 | Valid Loss 0.3064 | Train Acc 90.0000 | Valid Acc 92.1875
2026-07-13 08:39:08 | Validation loss decreased (0.309064 --> 0.306407) in epoch (99). Saving model ...
2026-07-13 08:39:08 | TestSub: S5 | Epoch 100/100 Finsh | Now_lr 0.0005/0.0005 | Train Loss 0.2585 | Valid Loss 0.3064 | Train Acc 90.6250 | Valid Acc 89.0625
2026-07-13 08:39:08 | --------------------------------------------------
2026-07-13 08:39:08 | Test_Subject :S5 | Best epoch:99 | Test Loss:0.5501 | Savemodel Acc 68.1250
2026-07-13 08:39:08 | --------------------------------------------------
2026-07-13 08:39:08 | Best epoch: 99 | Test acc: 68.1250
