2026-07-13 08:34:43 | Logging started: ./writer/Subject_dependent_AAD/AVED/3.0s/result//Train3.0s_sub1.log
2026-07-13 08:34:46 | Sub_id: 1
2026-07-13 08:34:57 | TestSub: S1 | Epoch  1/100 Finsh | Now_lr 0.0005/0.0005 | Train Loss 0.7038 | Valid Loss 0.6941 | Train Acc 48.6719 | Valid Acc 51.5625
2026-07-13 08:34:57 | Validation loss decreased (inf --> 0.694149) in epoch (1). Saving model ...
2026-07-13 08:34:58 | TestSub: S1 | Epoch  2/100 Finsh | Now_lr 0.0005/0.0005 | Train Loss 0.6859 | Valid Loss 0.6892 | Train Acc 53.3594 | Valid Acc 46.0938
2026-07-13 08:34:58 | Validation loss decreased (0.694149 --> 0.689171) in epoch (2). Saving model ...
2026-07-13 08:34:58 | TestSub: S1 | Epoch  3/100 Finsh | Now_lr 0.0005/0.0005 | Train Loss 0.6816 | Valid Loss 0.6814 | Train Acc 55.5469 | Valid Acc 54.6875
2026-07-13 08:34:58 | Validation loss decreased (0.689171 --> 0.681409) in epoch (3). Saving model ...
2026-07-13 08:34:59 | TestSub: S1 | Epoch  4/100 Finsh | Now_lr 0.0005/0.0005 | Train Loss 0.6750 | Valid Loss 0.6833 | Train Acc 58.2031 | Valid Acc 50.7812
2026-07-13 08:34:59 | TestSub: S1 | Epoch  5/100 Finsh | Now_lr 0.0005/0.0005 | Train Loss 0.6670 | Valid Loss 0.6775 | Train Acc 60.7812 | Valid Acc 55.4688
2026-07-13 08:34:59 | Validation loss decreased (0.681409 --> 0.677474) in epoch (5). Saving model ...
2026-07-13 08:35:00 | TestSub: S1 | Epoch  6/100 Finsh | Now_lr 0.0005/0.0005 | Train Loss 0.6643 | Valid Loss 0.6812 | Train Acc 57.9688 | Valid Acc 53.1250
2026-07-13 08:35:00 | TestSub: S1 | Epoch  7/100 Finsh | Now_lr 0.0005/0.0005 | Train Loss 0.6543 | Valid Loss 0.6792 | Train Acc 61.7188 | Valid Acc 53.9062
2026-07-13 08:35:01 | TestSub: S1 | Epoch  8/100 Finsh | Now_lr 0.0005/0.0005 | Train Loss 0.6432 | Valid Loss 0.6662 | Train Acc 63.0469 | Valid Acc 59.3750
2026-07-13 08:35:01 | Validation loss decreased (0.677474 --> 0.666167) in epoch (8). Saving model ...
2026-07-13 08:35:01 | TestSub: S1 | Epoch  9/100 Finsh | Now_lr 0.0005/0.0005 | Train Loss 0.6488 | Valid Loss 0.6651 | Train Acc 63.2812 | Valid Acc 57.0312
2026-07-13 08:35:01 | Validation loss decreased (0.666167 --> 0.665125) in epoch (9). Saving model ...
2026-07-13 08:35:01 | TestSub: S1 | Epoch 10/100 Finsh | Now_lr 0.0005/0.0005 | Train Loss 0.6278 | Valid Loss 0.6715 | Train Acc 64.6094 | Valid Acc 54.6875
2026-07-13 08:35:02 | TestSub: S1 | Epoch 11/100 Finsh | Now_lr 0.0005/0.0005 | Train Loss 0.6213 | Valid Loss 0.6563 | Train Acc 67.8125 | Valid Acc 55.4688
2026-07-13 08:35:02 | Validation loss decreased (0.665125 --> 0.656327) in epoch (11). Saving model ...
2026-07-13 08:35:02 | TestSub: S1 | Epoch 12/100 Finsh | Now_lr 0.0005/0.0005 | Train Loss 0.6133 | Valid Loss 0.6554 | Train Acc 68.6719 | Valid Acc 57.8125
2026-07-13 08:35:02 | Validation loss decreased (0.656327 --> 0.655449) in epoch (12). Saving model ...
2026-07-13 08:35:03 | TestSub: S1 | Epoch 13/100 Finsh | Now_lr 0.0005/0.0005 | Train Loss 0.6102 | Valid Loss 0.6325 | Train Acc 68.6719 | Valid Acc 64.0625
2026-07-13 08:35:03 | Validation loss decreased (0.655449 --> 0.632483) in epoch (13). Saving model ...
2026-07-13 08:35:04 | TestSub: S1 | Epoch 14/100 Finsh | Now_lr 0.0005/0.0005 | Train Loss 0.6059 | Valid Loss 0.6326 | Train Acc 68.6719 | Valid Acc 60.9375
2026-07-13 08:35:04 | TestSub: S1 | Epoch 15/100 Finsh | Now_lr 0.0005/0.0005 | Train Loss 0.5918 | Valid Loss 0.6473 | Train Acc 71.4062 | Valid Acc 61.7188
2026-07-13 08:35:04 | TestSub: S1 | Epoch 16/100 Finsh | Now_lr 0.0005/0.0005 | Train Loss 0.5911 | Valid Loss 0.6310 | Train Acc 70.0781 | Valid Acc 59.3750
2026-07-13 08:35:04 | Validation loss decreased (0.632483 --> 0.630977) in epoch (16). Saving model ...
2026-07-13 08:35:05 | TestSub: S1 | Epoch 17/100 Finsh | Now_lr 0.0005/0.0005 | Train Loss 0.5758 | Valid Loss 0.6348 | Train Acc 71.6406 | Valid Acc 67.1875
2026-07-13 08:35:05 | TestSub: S1 | Epoch 18/100 Finsh | Now_lr 0.0005/0.0005 | Train Loss 0.5690 | Valid Loss 0.6232 | Train Acc 72.9688 | Valid Acc 61.7188
2026-07-13 08:35:05 | Validation loss decreased (0.630977 --> 0.623248) in epoch (18). Saving model ...
2026-07-13 08:35:06 | TestSub: S1 | Epoch 19/100 Finsh | Now_lr 0.0005/0.0005 | Train Loss 0.5783 | Valid Loss 0.6143 | Train Acc 70.8594 | Valid Acc 64.0625
2026-07-13 08:35:06 | Validation loss decreased (0.623248 --> 0.614348) in epoch (19). Saving model ...
2026-07-13 08:35:06 | TestSub: S1 | Epoch 20/100 Finsh | Now_lr 0.0005/0.0005 | Train Loss 0.5551 | Valid Loss 0.6178 | Train Acc 73.6719 | Valid Acc 67.9688
2026-07-13 08:35:07 | TestSub: S1 | Epoch 21/100 Finsh | Now_lr 0.0005/0.0005 | Train Loss 0.5479 | Valid Loss 0.5939 | Train Acc 76.0156 | Valid Acc 69.5312
2026-07-13 08:35:07 | Validation loss decreased (0.614348 --> 0.593940) in epoch (21). Saving model ...
2026-07-13 08:35:07 | TestSub: S1 | Epoch 22/100 Finsh | Now_lr 0.0005/0.0005 | Train Loss 0.5440 | Valid Loss 0.5993 | Train Acc 74.2969 | Valid Acc 68.7500
2026-07-13 08:35:08 | TestSub: S1 | Epoch 23/100 Finsh | Now_lr 0.0005/0.0005 | Train Loss 0.5344 | Valid Loss 0.5846 | Train Acc 77.1094 | Valid Acc 67.9688
2026-07-13 08:35:08 | Validation loss decreased (0.593940 --> 0.584563) in epoch (23). Saving model ...
2026-07-13 08:35:08 | TestSub: S1 | Epoch 24/100 Finsh | Now_lr 0.0005/0.0005 | Train Loss 0.5340 | Valid Loss 0.5805 | Train Acc 75.3906 | Valid Acc 68.7500
2026-07-13 08:35:08 | Validation loss decreased (0.584563 --> 0.580490) in epoch (24). Saving model ...
2026-07-13 08:35:09 | TestSub: S1 | Epoch 25/100 Finsh | Now_lr 0.0005/0.0005 | Train Loss 0.5391 | Valid Loss 0.5839 | Train Acc 74.7656 | Valid Acc 67.9688
2026-07-13 08:35:09 | TestSub: S1 | Epoch 26/100 Finsh | Now_lr 0.0005/0.0005 | Train Loss 0.5297 | Valid Loss 0.5765 | Train Acc 75.3125 | Valid Acc 69.5312
2026-07-13 08:35:09 | Validation loss decreased (0.580490 --> 0.576534) in epoch (26). Saving model ...
2026-07-13 08:35:09 | TestSub: S1 | Epoch 27/100 Finsh | Now_lr 0.0005/0.0005 | Train Loss 0.5170 | Valid Loss 0.5649 | Train Acc 76.4844 | Valid Acc 76.5625
2026-07-13 08:35:09 | Validation loss decreased (0.576534 --> 0.564888) in epoch (27). Saving model ...
2026-07-13 08:35:10 | TestSub: S1 | Epoch 28/100 Finsh | Now_lr 0.0005/0.0005 | Train Loss 0.5229 | Valid Loss 0.5745 | Train Acc 75.2344 | Valid Acc 71.8750
2026-07-13 08:35:10 | TestSub: S1 | Epoch 29/100 Finsh | Now_lr 0.0005/0.0005 | Train Loss 0.5003 | Valid Loss 0.5674 | Train Acc 78.9062 | Valid Acc 73.4375
2026-07-13 08:35:11 | TestSub: S1 | Epoch 30/100 Finsh | Now_lr 0.0005/0.0005 | Train Loss 0.4919 | Valid Loss 0.5533 | Train Acc 79.8438 | Valid Acc 78.1250
2026-07-13 08:35:11 | Validation loss decreased (0.564888 --> 0.553284) in epoch (30). Saving model ...
2026-07-13 08:35:11 | TestSub: S1 | Epoch 31/100 Finsh | Now_lr 0.0005/0.0005 | Train Loss 0.4968 | Valid Loss 0.5396 | Train Acc 78.2031 | Valid Acc 78.1250
2026-07-13 08:35:11 | Validation loss decreased (0.553284 --> 0.539602) in epoch (31). Saving model ...
2026-07-13 08:35:12 | TestSub: S1 | Epoch 32/100 Finsh | Now_lr 0.0005/0.0005 | Train Loss 0.4854 | Valid Loss 0.5333 | Train Acc 78.2812 | Valid Acc 77.3438
2026-07-13 08:35:12 | Validation loss decreased (0.539602 --> 0.533271) in epoch (32). Saving model ...
2026-07-13 08:35:12 | TestSub: S1 | Epoch 33/100 Finsh | Now_lr 0.0005/0.0005 | Train Loss 0.4782 | Valid Loss 0.5360 | Train Acc 80.1562 | Valid Acc 78.9062
2026-07-13 08:35:13 | TestSub: S1 | Epoch 34/100 Finsh | Now_lr 0.0005/0.0005 | Train Loss 0.4845 | Valid Loss 0.5347 | Train Acc 77.7344 | Valid Acc 77.3438
2026-07-13 08:35:13 | TestSub: S1 | Epoch 35/100 Finsh | Now_lr 0.0005/0.0005 | Train Loss 0.4628 | Valid Loss 0.5197 | Train Acc 79.7656 | Valid Acc 79.6875
2026-07-13 08:35:13 | Validation loss decreased (0.533271 --> 0.519712) in epoch (35). Saving model ...
2026-07-13 08:35:14 | TestSub: S1 | Epoch 36/100 Finsh | Now_lr 0.0005/0.0005 | Train Loss 0.4602 | Valid Loss 0.5075 | Train Acc 81.7969 | Valid Acc 83.5938
2026-07-13 08:35:14 | Validation loss decreased (0.519712 --> 0.507517) in epoch (36). Saving model ...
2026-07-13 08:35:14 | TestSub: S1 | Epoch 37/100 Finsh | Now_lr 0.0005/0.0005 | Train Loss 0.4583 | Valid Loss 0.5035 | Train Acc 80.7812 | Valid Acc 82.0312
2026-07-13 08:35:14 | Validation loss decreased (0.507517 --> 0.503499) in epoch (37). Saving model ...
2026-07-13 08:35:15 | TestSub: S1 | Epoch 38/100 Finsh | Now_lr 0.0005/0.0005 | Train Loss 0.4523 | Valid Loss 0.5034 | Train Acc 80.4688 | Valid Acc 82.8125
2026-07-13 08:35:15 | Validation loss decreased (0.503499 --> 0.503435) in epoch (38). Saving model ...
2026-07-13 08:35:15 | TestSub: S1 | Epoch 39/100 Finsh | Now_lr 0.0005/0.0005 | Train Loss 0.4601 | Valid Loss 0.4990 | Train Acc 80.6250 | Valid Acc 82.8125
2026-07-13 08:35:15 | Validation loss decreased (0.503435 --> 0.498956) in epoch (39). Saving model ...
2026-07-13 08:35:15 | TestSub: S1 | Epoch 40/100 Finsh | Now_lr 0.0005/0.0005 | Train Loss 0.4464 | Valid Loss 0.4909 | Train Acc 81.7188 | Valid Acc 82.0312
2026-07-13 08:35:15 | Validation loss decreased (0.498956 --> 0.490856) in epoch (40). Saving model ...
2026-07-13 08:35:16 | TestSub: S1 | Epoch 41/100 Finsh | Now_lr 0.0005/0.0005 | Train Loss 0.4337 | Valid Loss 0.4971 | Train Acc 81.5625 | Valid Acc 80.4688
2026-07-13 08:35:16 | TestSub: S1 | Epoch 42/100 Finsh | Now_lr 0.0005/0.0005 | Train Loss 0.4292 | Valid Loss 0.4836 | Train Acc 83.1250 | Valid Acc 81.2500
2026-07-13 08:35:16 | Validation loss decreased (0.490856 --> 0.483575) in epoch (42). Saving model ...
2026-07-13 08:35:17 | TestSub: S1 | Epoch 43/100 Finsh | Now_lr 0.0005/0.0005 | Train Loss 0.4484 | Valid Loss 0.4762 | Train Acc 81.2500 | Valid Acc 81.2500
2026-07-13 08:35:17 | Validation loss decreased (0.483575 --> 0.476175) in epoch (43). Saving model ...
2026-07-13 08:35:17 | TestSub: S1 | Epoch 44/100 Finsh | Now_lr 0.0005/0.0005 | Train Loss 0.4278 | Valid Loss 0.4697 | Train Acc 81.0938 | Valid Acc 82.0312
2026-07-13 08:35:17 | Validation loss decreased (0.476175 --> 0.469699) in epoch (44). Saving model ...
2026-07-13 08:35:18 | TestSub: S1 | Epoch 45/100 Finsh | Now_lr 0.0005/0.0005 | Train Loss 0.4195 | Valid Loss 0.4711 | Train Acc 83.0469 | Valid Acc 83.5938
2026-07-13 08:35:18 | TestSub: S1 | Epoch 46/100 Finsh | Now_lr 0.0005/0.0005 | Train Loss 0.4223 | Valid Loss 0.4662 | Train Acc 81.7188 | Valid Acc 86.7188
2026-07-13 08:35:18 | Validation loss decreased (0.469699 --> 0.466213) in epoch (46). Saving model ...
2026-07-13 08:35:19 | TestSub: S1 | Epoch 47/100 Finsh | Now_lr 0.0005/0.0005 | Train Loss 0.4090 | Valid Loss 0.4772 | Train Acc 82.8125 | Valid Acc 82.0312
2026-07-13 08:35:19 | TestSub: S1 | Epoch 48/100 Finsh | Now_lr 0.0005/0.0005 | Train Loss 0.4173 | Valid Loss 0.4598 | Train Acc 82.1875 | Valid Acc 85.1562
2026-07-13 08:35:19 | Validation loss decreased (0.466213 --> 0.459831) in epoch (48). Saving model ...
2026-07-13 08:35:20 | TestSub: S1 | Epoch 49/100 Finsh | Now_lr 0.0005/0.0005 | Train Loss 0.4014 | Valid Loss 0.4564 | Train Acc 83.1250 | Valid Acc 85.1562
2026-07-13 08:35:20 | Validation loss decreased (0.459831 --> 0.456378) in epoch (49). Saving model ...
2026-07-13 08:35:20 | TestSub: S1 | Epoch 50/100 Finsh | Now_lr 0.0005/0.0005 | Train Loss 0.4045 | Valid Loss 0.4556 | Train Acc 82.8125 | Valid Acc 84.3750
2026-07-13 08:35:20 | Validation loss decreased (0.456378 --> 0.455638) in epoch (50). Saving model ...
2026-07-13 08:35:21 | TestSub: S1 | Epoch 51/100 Finsh | Now_lr 0.0005/0.0005 | Train Loss 0.4109 | Valid Loss 0.4460 | Train Acc 83.2812 | Valid Acc 85.1562
2026-07-13 08:35:21 | Validation loss decreased (0.455638 --> 0.446045) in epoch (51). Saving model ...
2026-07-13 08:35:21 | TestSub: S1 | Epoch 52/100 Finsh | Now_lr 0.0005/0.0005 | Train Loss 0.3963 | Valid Loss 0.4466 | Train Acc 85.0781 | Valid Acc 85.9375
2026-07-13 08:35:22 | TestSub: S1 | Epoch 53/100 Finsh | Now_lr 0.0005/0.0005 | Train Loss 0.4049 | Valid Loss 0.4478 | Train Acc 82.5781 | Valid Acc 87.5000
2026-07-13 08:35:22 | TestSub: S1 | Epoch 54/100 Finsh | Now_lr 0.0005/0.0005 | Train Loss 0.4019 | Valid Loss 0.4334 | Train Acc 84.5312 | Valid Acc 82.8125
2026-07-13 08:35:22 | Validation loss decreased (0.446045 --> 0.433388) in epoch (54). Saving model ...
2026-07-13 08:35:22 | TestSub: S1 | Epoch 55/100 Finsh | Now_lr 0.0005/0.0005 | Train Loss 0.3959 | Valid Loss 0.4227 | Train Acc 84.2969 | Valid Acc 82.8125
2026-07-13 08:35:22 | Validation loss decreased (0.433388 --> 0.422699) in epoch (55). Saving model ...
2026-07-13 08:35:23 | TestSub: S1 | Epoch 56/100 Finsh | Now_lr 0.0005/0.0005 | Train Loss 0.3924 | Valid Loss 0.4366 | Train Acc 84.6094 | Valid Acc 84.3750
2026-07-13 08:35:24 | TestSub: S1 | Epoch 57/100 Finsh | Now_lr 0.0005/0.0005 | Train Loss 0.3927 | Valid Loss 0.4153 | Train Acc 83.8281 | Valid Acc 84.3750
2026-07-13 08:35:24 | Validation loss decreased (0.422699 --> 0.415303) in epoch (57). Saving model ...
2026-07-13 08:35:24 | TestSub: S1 | Epoch 58/100 Finsh | Now_lr 0.0005/0.0005 | Train Loss 0.3872 | Valid Loss 0.4148 | Train Acc 84.7656 | Valid Acc 85.1562
2026-07-13 08:35:24 | Validation loss decreased (0.415303 --> 0.414798) in epoch (58). Saving model ...
2026-07-13 08:35:25 | TestSub: S1 | Epoch 59/100 Finsh | Now_lr 0.0005/0.0005 | Train Loss 0.3890 | Valid Loss 0.4190 | Train Acc 84.5312 | Valid Acc 85.1562
2026-07-13 08:35:25 | TestSub: S1 | Epoch 60/100 Finsh | Now_lr 0.0005/0.0005 | Train Loss 0.3633 | Valid Loss 0.4248 | Train Acc 86.1719 | Valid Acc 84.3750
2026-07-13 08:35:25 | TestSub: S1 | Epoch 61/100 Finsh | Now_lr 0.0005/0.0005 | Train Loss 0.3794 | Valid Loss 0.4061 | Train Acc 85.2344 | Valid Acc 85.9375
2026-07-13 08:35:25 | Validation loss decreased (0.414798 --> 0.406124) in epoch (61). Saving model ...
2026-07-13 08:35:26 | TestSub: S1 | Epoch 62/100 Finsh | Now_lr 0.0005/0.0005 | Train Loss 0.3654 | Valid Loss 0.4140 | Train Acc 85.5469 | Valid Acc 85.9375
2026-07-13 08:35:26 | TestSub: S1 | Epoch 63/100 Finsh | Now_lr 0.0005/0.0005 | Train Loss 0.3601 | Valid Loss 0.3998 | Train Acc 86.4062 | Valid Acc 83.5938
2026-07-13 08:35:26 | Validation loss decreased (0.406124 --> 0.399795) in epoch (63). Saving model ...
2026-07-13 08:35:27 | TestSub: S1 | Epoch 64/100 Finsh | Now_lr 0.0005/0.0005 | Train Loss 0.3596 | Valid Loss 0.4061 | Train Acc 86.0156 | Valid Acc 83.5938
2026-07-13 08:35:27 | TestSub: S1 | Epoch 65/100 Finsh | Now_lr 0.0005/0.0005 | Train Loss 0.3705 | Valid Loss 0.3998 | Train Acc 84.2188 | Valid Acc 85.1562
2026-07-13 08:35:27 | Validation loss decreased (0.399795 --> 0.399780) in epoch (65). Saving model ...
2026-07-13 08:35:28 | TestSub: S1 | Epoch 66/100 Finsh | Now_lr 0.0005/0.0005 | Train Loss 0.3691 | Valid Loss 0.4196 | Train Acc 84.4531 | Valid Acc 82.8125
2026-07-13 08:35:28 | TestSub: S1 | Epoch 67/100 Finsh | Now_lr 0.0005/0.0005 | Train Loss 0.3635 | Valid Loss 0.4190 | Train Acc 84.3750 | Valid Acc 82.8125
2026-07-13 08:35:29 | TestSub: S1 | Epoch 68/100 Finsh | Now_lr 0.0005/0.0005 | Train Loss 0.3539 | Valid Loss 0.3865 | Train Acc 86.0156 | Valid Acc 85.1562
2026-07-13 08:35:29 | Validation loss decreased (0.399780 --> 0.386465) in epoch (68). Saving model ...
2026-07-13 08:35:29 | TestSub: S1 | Epoch 69/100 Finsh | Now_lr 0.0005/0.0005 | Train Loss 0.3538 | Valid Loss 0.3899 | Train Acc 85.8594 | Valid Acc 84.3750
2026-07-13 08:35:29 | TestSub: S1 | Epoch 70/100 Finsh | Now_lr 0.0005/0.0005 | Train Loss 0.3566 | Valid Loss 0.3953 | Train Acc 86.0156 | Valid Acc 83.5938
2026-07-13 08:35:30 | TestSub: S1 | Epoch 71/100 Finsh | Now_lr 0.0005/0.0005 | Train Loss 0.3483 | Valid Loss 0.4002 | Train Acc 85.9375 | Valid Acc 84.3750
2026-07-13 08:35:30 | TestSub: S1 | Epoch 72/100 Finsh | Now_lr 0.0005/0.0005 | Train Loss 0.3559 | Valid Loss 0.3872 | Train Acc 85.2344 | Valid Acc 86.7188
2026-07-13 08:35:31 | TestSub: S1 | Epoch 73/100 Finsh | Now_lr 0.0005/0.0005 | Train Loss 0.3338 | Valid Loss 0.3815 | Train Acc 87.0312 | Valid Acc 85.1562
2026-07-13 08:35:31 | Validation loss decreased (0.386465 --> 0.381546) in epoch (73). Saving model ...
2026-07-13 08:35:31 | TestSub: S1 | Epoch 74/100 Finsh | Now_lr 0.0005/0.0005 | Train Loss 0.3443 | Valid Loss 0.3813 | Train Acc 86.9531 | Valid Acc 85.9375
2026-07-13 08:35:31 | Validation loss decreased (0.381546 --> 0.381283) in epoch (74). Saving model ...
2026-07-13 08:35:32 | TestSub: S1 | Epoch 75/100 Finsh | Now_lr 0.0005/0.0005 | Train Loss 0.3268 | Valid Loss 0.3758 | Train Acc 88.6719 | Valid Acc 86.7188
2026-07-13 08:35:32 | Validation loss decreased (0.381283 --> 0.375791) in epoch (75). Saving model ...
2026-07-13 08:35:32 | TestSub: S1 | Epoch 76/100 Finsh | Now_lr 0.0005/0.0005 | Train Loss 0.3328 | Valid Loss 0.3767 | Train Acc 86.7969 | Valid Acc 84.3750
2026-07-13 08:35:33 | TestSub: S1 | Epoch 77/100 Finsh | Now_lr 0.0005/0.0005 | Train Loss 0.3340 | Valid Loss 0.3717 | Train Acc 86.8750 | Valid Acc 85.1562
2026-07-13 08:35:33 | Validation loss decreased (0.375791 --> 0.371710) in epoch (77). Saving model ...
2026-07-13 08:35:33 | TestSub: S1 | Epoch 78/100 Finsh | Now_lr 0.0005/0.0005 | Train Loss 0.3254 | Valid Loss 0.3741 | Train Acc 87.1094 | Valid Acc 83.5938
2026-07-13 08:35:34 | TestSub: S1 | Epoch 79/100 Finsh | Now_lr 0.0005/0.0005 | Train Loss 0.3303 | Valid Loss 0.3670 | Train Acc 87.7344 | Valid Acc 82.8125
2026-07-13 08:35:34 | Validation loss decreased (0.371710 --> 0.366951) in epoch (79). Saving model ...
2026-07-13 08:35:34 | TestSub: S1 | Epoch 80/100 Finsh | Now_lr 0.0005/0.0005 | Train Loss 0.3165 | Valid Loss 0.3704 | Train Acc 88.2031 | Valid Acc 81.2500
2026-07-13 08:35:35 | TestSub: S1 | Epoch 81/100 Finsh | Now_lr 0.0005/0.0005 | Train Loss 0.3051 | Valid Loss 0.3735 | Train Acc 88.3594 | Valid Acc 83.5938
2026-07-13 08:35:35 | TestSub: S1 | Epoch 82/100 Finsh | Now_lr 0.0005/0.0005 | Train Loss 0.3277 | Valid Loss 0.3761 | Train Acc 86.0938 | Valid Acc 85.1562
2026-07-13 08:35:36 | TestSub: S1 | Epoch 83/100 Finsh | Now_lr 0.0005/0.0005 | Train Loss 0.3261 | Valid Loss 0.3706 | Train Acc 88.1250 | Valid Acc 82.8125
2026-07-13 08:35:36 | TestSub: S1 | Epoch 84/100 Finsh | Now_lr 0.0005/0.0005 | Train Loss 0.3272 | Valid Loss 0.3812 | Train Acc 87.9688 | Valid Acc 83.5938
2026-07-13 08:35:37 | TestSub: S1 | Epoch 85/100 Finsh | Now_lr 0.0005/0.0005 | Train Loss 0.3208 | Valid Loss 0.3663 | Train Acc 87.9688 | Valid Acc 82.8125
2026-07-13 08:35:37 | Validation loss decreased (0.366951 --> 0.366270) in epoch (85). Saving model ...
2026-07-13 08:35:37 | TestSub: S1 | Epoch 86/100 Finsh | Now_lr 0.0005/0.0005 | Train Loss 0.3237 | Valid Loss 0.3630 | Train Acc 86.0156 | Valid Acc 84.3750
2026-07-13 08:35:37 | Validation loss decreased (0.366270 --> 0.363044) in epoch (86). Saving model ...
2026-07-13 08:35:38 | TestSub: S1 | Epoch 87/100 Finsh | Now_lr 0.0005/0.0005 | Train Loss 0.3034 | Valid Loss 0.3800 | Train Acc 88.3594 | Valid Acc 84.3750
2026-07-13 08:35:38 | TestSub: S1 | Epoch 88/100 Finsh | Now_lr 0.0005/0.0005 | Train Loss 0.3211 | Valid Loss 0.3667 | Train Acc 86.7969 | Valid Acc 84.3750
2026-07-13 08:35:38 | TestSub: S1 | Epoch 89/100 Finsh | Now_lr 0.0005/0.0005 | Train Loss 0.3216 | Valid Loss 0.3608 | Train Acc 86.5625 | Valid Acc 87.5000
2026-07-13 08:35:38 | Validation loss decreased (0.363044 --> 0.360848) in epoch (89). Saving model ...
2026-07-13 08:35:39 | TestSub: S1 | Epoch 90/100 Finsh | Now_lr 0.0005/0.0005 | Train Loss 0.3047 | Valid Loss 0.3556 | Train Acc 89.2188 | Valid Acc 83.5938
2026-07-13 08:35:39 | Validation loss decreased (0.360848 --> 0.355627) in epoch (90). Saving model ...
2026-07-13 08:35:39 | TestSub: S1 | Epoch 91/100 Finsh | Now_lr 0.0005/0.0005 | Train Loss 0.3246 | Valid Loss 0.3524 | Train Acc 86.5625 | Valid Acc 85.9375
2026-07-13 08:35:39 | Validation loss decreased (0.355627 --> 0.352394) in epoch (91). Saving model ...
2026-07-13 08:35:40 | TestSub: S1 | Epoch 92/100 Finsh | Now_lr 0.0005/0.0005 | Train Loss 0.3162 | Valid Loss 0.3497 | Train Acc 87.5781 | Valid Acc 85.9375
2026-07-13 08:35:40 | Validation loss decreased (0.352394 --> 0.349689) in epoch (92). Saving model ...
2026-07-13 08:35:40 | TestSub: S1 | Epoch 93/100 Finsh | Now_lr 0.0005/0.0005 | Train Loss 0.3034 | Valid Loss 0.3636 | Train Acc 87.6562 | Valid Acc 84.3750
2026-07-13 08:35:41 | TestSub: S1 | Epoch 94/100 Finsh | Now_lr 0.0005/0.0005 | Train Loss 0.3024 | Valid Loss 0.3535 | Train Acc 89.0625 | Valid Acc 85.9375
2026-07-13 08:35:41 | TestSub: S1 | Epoch 95/100 Finsh | Now_lr 0.0005/0.0005 | Train Loss 0.3130 | Valid Loss 0.3508 | Train Acc 88.2031 | Valid Acc 85.1562
2026-07-13 08:35:42 | TestSub: S1 | Epoch 96/100 Finsh | Now_lr 0.0005/0.0005 | Train Loss 0.3228 | Valid Loss 0.3599 | Train Acc 86.0156 | Valid Acc 84.3750
2026-07-13 08:35:42 | TestSub: S1 | Epoch 97/100 Finsh | Now_lr 0.0005/0.0005 | Train Loss 0.2956 | Valid Loss 0.3606 | Train Acc 88.9062 | Valid Acc 84.3750
2026-07-13 08:35:43 | TestSub: S1 | Epoch 98/100 Finsh | Now_lr 0.0005/0.0005 | Train Loss 0.3036 | Valid Loss 0.3585 | Train Acc 89.0625 | Valid Acc 83.5938
2026-07-13 08:35:43 | TestSub: S1 | Epoch 99/100 Finsh | Now_lr 0.0005/0.0005 | Train Loss 0.3053 | Valid Loss 0.3580 | Train Acc 87.8906 | Valid Acc 85.1562
2026-07-13 08:35:43 | TestSub: S1 | Epoch 100/100 Finsh | Now_lr 0.0005/0.0005 | Train Loss 0.3036 | Valid Loss 0.3473 | Train Acc 89.0625 | Valid Acc 88.2812
2026-07-13 08:35:43 | Validation loss decreased (0.349689 --> 0.347280) in epoch (100). Saving model ...
2026-07-13 08:35:44 | --------------------------------------------------
2026-07-13 08:35:44 | Test_Subject :S1 | Best epoch:100 | Test Loss:0.4758 | Savemodel Acc 79.3750
2026-07-13 08:35:44 | --------------------------------------------------
2026-07-13 08:35:44 | Best epoch: 100 | Test acc: 79.3750
