2026-07-15 23:29:13 | Logging started: ./writer/Subject_independent_AAD/AVEDao/3.0s/result//Train3.0s_sub1.log
2026-07-15 23:29:36 | TestSub: S1 | Epoch  1/100 Finsh | Now_lr 0.0005/0.0005 | Train Loss 0.6974 | Valid Loss 0.7029 | Train Acc 51.1944 | Valid Acc 49.1875
2026-07-15 23:29:41 | TestSub: S1 | Epoch  2/100 Finsh | Now_lr 0.0005/0.0005 | Train Loss 0.6901 | Valid Loss 0.7013 | Train Acc 53.2500 | Valid Acc 49.3125
2026-07-15 23:29:46 | TestSub: S1 | Epoch  3/100 Finsh | Now_lr 0.0005/0.0005 | Train Loss 0.6869 | Valid Loss 0.6953 | Train Acc 54.4375 | Valid Acc 50.8125
2026-07-15 23:29:51 | TestSub: S1 | Epoch  4/100 Finsh | Now_lr 0.0005/0.0005 | Train Loss 0.6824 | Valid Loss 0.7056 | Train Acc 55.9722 | Valid Acc 47.3125
2026-07-15 23:29:56 | TestSub: S1 | Epoch  5/100 Finsh | Now_lr 0.0005/0.0005 | Train Loss 0.6797 | Valid Loss 0.7054 | Train Acc 56.8056 | Valid Acc 47.9375
2026-07-15 23:30:01 | TestSub: S1 | Epoch  6/100 Finsh | Now_lr 0.0005/0.0005 | Train Loss 0.6744 | Valid Loss 0.7062 | Train Acc 58.0069 | Valid Acc 47.8125
2026-07-15 23:30:06 | TestSub: S1 | Epoch  7/100 Finsh | Now_lr 0.0005/0.0005 | Train Loss 0.6712 | Valid Loss 0.7115 | Train Acc 58.5486 | Valid Acc 48.0000
2026-07-15 23:30:11 | TestSub: S1 | Epoch  8/100 Finsh | Now_lr 0.0005/0.0005 | Train Loss 0.6670 | Valid Loss 0.7089 | Train Acc 59.6875 | Valid Acc 48.5000
2026-07-15 23:30:16 | TestSub: S1 | Epoch  9/100 Finsh | Now_lr 0.0005/0.0005 | Train Loss 0.6598 | Valid Loss 0.7273 | Train Acc 60.8542 | Valid Acc 49.3125
2026-07-15 23:30:21 | TestSub: S1 | Epoch 10/100 Finsh | Now_lr 0.0005/0.0005 | Train Loss 0.6581 | Valid Loss 0.7223 | Train Acc 61.1806 | Valid Acc 48.4375
2026-07-15 23:30:26 | TestSub: S1 | Epoch 11/100 Finsh | Now_lr 0.0005/0.0005 | Train Loss 0.6519 | Valid Loss 0.7100 | Train Acc 62.0278 | Valid Acc 50.3125
2026-07-15 23:30:31 | TestSub: S1 | Epoch 12/100 Finsh | Now_lr 0.0005/0.0005 | Train Loss 0.6482 | Valid Loss 0.7243 | Train Acc 62.4028 | Valid Acc 48.0625
2026-07-15 23:30:36 | TestSub: S1 | Epoch 13/100 Finsh | Now_lr 0.0005/0.0005 | Train Loss 0.6461 | Valid Loss 0.7115 | Train Acc 62.3819 | Valid Acc 48.9375
2026-07-15 23:30:41 | TestSub: S1 | Epoch 14/100 Finsh | Now_lr 0.0005/0.0005 | Train Loss 0.6417 | Valid Loss 0.7168 | Train Acc 63.2500 | Valid Acc 48.3125
2026-07-15 23:30:46 | TestSub: S1 | Epoch 15/100 Finsh | Now_lr 0.0005/0.0005 | Train Loss 0.6419 | Valid Loss 0.7211 | Train Acc 62.9722 | Valid Acc 48.1250
2026-07-15 23:30:51 | TestSub: S1 | Epoch 16/100 Finsh | Now_lr 0.0005/0.0005 | Train Loss 0.6337 | Valid Loss 0.7211 | Train Acc 63.9514 | Valid Acc 49.8125
2026-07-15 23:30:56 | TestSub: S1 | Epoch 17/100 Finsh | Now_lr 0.0005/0.0005 | Train Loss 0.6327 | Valid Loss 0.7442 | Train Acc 64.2639 | Valid Acc 48.0000
2026-07-15 23:31:01 | TestSub: S1 | Epoch 18/100 Finsh | Now_lr 0.0005/0.0005 | Train Loss 0.6308 | Valid Loss 0.7194 | Train Acc 64.1736 | Valid Acc 48.8750
2026-07-15 23:31:07 | TestSub: S1 | Epoch 19/100 Finsh | Now_lr 0.0005/0.0005 | Train Loss 0.6279 | Valid Loss 0.7211 | Train Acc 64.7431 | Valid Acc 49.7500
2026-07-15 23:31:12 | TestSub: S1 | Epoch 20/100 Finsh | Now_lr 0.0005/0.0005 | Train Loss 0.6284 | Valid Loss 0.7281 | Train Acc 64.1806 | Valid Acc 48.0000
2026-07-15 23:31:17 | TestSub: S1 | Epoch 21/100 Finsh | Now_lr 0.0005/0.0005 | Train Loss 0.6217 | Valid Loss 0.7285 | Train Acc 64.8681 | Valid Acc 47.8125
2026-07-15 23:31:22 | TestSub: S1 | Epoch 22/100 Finsh | Now_lr 0.0005/0.0005 | Train Loss 0.6190 | Valid Loss 0.7445 | Train Acc 65.6389 | Valid Acc 48.8750
2026-07-15 23:31:27 | TestSub: S1 | Epoch 23/100 Finsh | Now_lr 0.0005/0.0005 | Train Loss 0.6172 | Valid Loss 0.7338 | Train Acc 65.8333 | Valid Acc 47.3750
2026-07-15 23:31:32 | TestSub: S1 | Epoch 24/100 Finsh | Now_lr 0.0005/0.0005 | Train Loss 0.6177 | Valid Loss 0.7311 | Train Acc 65.8333 | Valid Acc 48.5625
2026-07-15 23:31:32 | --------------------------------------------------
2026-07-15 23:31:32 | Test_Subject :S1 | Best epoch:3 | Test Loss:0.6953 | Savemodel Acc 50.8125
2026-07-15 23:31:32 | --------------------------------------------------
2026-07-15 23:31:32 | Best epoch: 3 | Test acc: 50.8125
2026-07-16 00:05:06 | TorchDynamo compilation metrics:
Function, Runtimes (s)
