2026-07-13 08:38:37 | Logging started: ./writer/Subject_dependent_AAD/AVED/5.0s/result//Train5.0s_sub6.log
2026-07-13 08:38:40 | Sub_id: 6
2026-07-13 08:38:41 | TestSub: S6 | Epoch  1/100 Finsh | Now_lr 0.0005/0.0005 | Train Loss 0.7044 | Valid Loss 0.6931 | Train Acc 50.1359 | Valid Acc 51.5625
2026-07-13 08:38:41 | Validation loss decreased (inf --> 0.693075) in epoch (1). Saving model ...
2026-07-13 08:38:42 | TestSub: S6 | Epoch  2/100 Finsh | Now_lr 0.0005/0.0005 | Train Loss 0.6833 | Valid Loss 0.6936 | Train Acc 55.4348 | Valid Acc 51.5625
2026-07-13 08:38:42 | TestSub: S6 | Epoch  3/100 Finsh | Now_lr 0.0005/0.0005 | Train Loss 0.6736 | Valid Loss 0.6929 | Train Acc 58.8315 | Valid Acc 50.0000
2026-07-13 08:38:42 | Validation loss decreased (0.693075 --> 0.692892) in epoch (3). Saving model ...
2026-07-13 08:38:43 | TestSub: S6 | Epoch  4/100 Finsh | Now_lr 0.0005/0.0005 | Train Loss 0.6619 | Valid Loss 0.6958 | Train Acc 60.0543 | Valid Acc 53.1250
2026-07-13 08:38:43 | TestSub: S6 | Epoch  5/100 Finsh | Now_lr 0.0005/0.0005 | Train Loss 0.6648 | Valid Loss 0.6951 | Train Acc 59.6467 | Valid Acc 56.2500
2026-07-13 08:38:43 | TestSub: S6 | Epoch  6/100 Finsh | Now_lr 0.0005/0.0005 | Train Loss 0.6442 | Valid Loss 0.6902 | Train Acc 67.2554 | Valid Acc 59.3750
2026-07-13 08:38:43 | Validation loss decreased (0.692892 --> 0.690229) in epoch (6). Saving model ...
2026-07-13 08:38:44 | TestSub: S6 | Epoch  7/100 Finsh | Now_lr 0.0005/0.0005 | Train Loss 0.6287 | Valid Loss 0.6894 | Train Acc 68.0707 | Valid Acc 53.1250
2026-07-13 08:38:44 | Validation loss decreased (0.690229 --> 0.689380) in epoch (7). Saving model ...
2026-07-13 08:38:44 | TestSub: S6 | Epoch  8/100 Finsh | Now_lr 0.0005/0.0005 | Train Loss 0.6232 | Valid Loss 0.6825 | Train Acc 69.5652 | Valid Acc 57.8125
2026-07-13 08:38:44 | Validation loss decreased (0.689380 --> 0.682519) in epoch (8). Saving model ...
2026-07-13 08:38:45 | TestSub: S6 | Epoch  9/100 Finsh | Now_lr 0.0005/0.0005 | Train Loss 0.6110 | Valid Loss 0.6772 | Train Acc 71.1957 | Valid Acc 53.1250
2026-07-13 08:38:45 | Validation loss decreased (0.682519 --> 0.677189) in epoch (9). Saving model ...
2026-07-13 08:38:45 | TestSub: S6 | Epoch 10/100 Finsh | Now_lr 0.0005/0.0005 | Train Loss 0.5957 | Valid Loss 0.6712 | Train Acc 71.6033 | Valid Acc 57.8125
2026-07-13 08:38:45 | Validation loss decreased (0.677189 --> 0.671193) in epoch (10). Saving model ...
2026-07-13 08:38:46 | TestSub: S6 | Epoch 11/100 Finsh | Now_lr 0.0005/0.0005 | Train Loss 0.5849 | Valid Loss 0.6597 | Train Acc 73.2337 | Valid Acc 60.9375
2026-07-13 08:38:46 | Validation loss decreased (0.671193 --> 0.659657) in epoch (11). Saving model ...
2026-07-13 08:38:46 | TestSub: S6 | Epoch 12/100 Finsh | Now_lr 0.0005/0.0005 | Train Loss 0.5798 | Valid Loss 0.6528 | Train Acc 73.3696 | Valid Acc 60.9375
2026-07-13 08:38:46 | Validation loss decreased (0.659657 --> 0.652834) in epoch (12). Saving model ...
2026-07-13 08:38:46 | TestSub: S6 | Epoch 13/100 Finsh | Now_lr 0.0005/0.0005 | Train Loss 0.5591 | Valid Loss 0.6398 | Train Acc 76.9022 | Valid Acc 67.1875
2026-07-13 08:38:46 | Validation loss decreased (0.652834 --> 0.639774) in epoch (13). Saving model ...
2026-07-13 08:38:47 | TestSub: S6 | Epoch 14/100 Finsh | Now_lr 0.0005/0.0005 | Train Loss 0.5601 | Valid Loss 0.6296 | Train Acc 77.0380 | Valid Acc 68.7500
2026-07-13 08:38:47 | Validation loss decreased (0.639774 --> 0.629575) in epoch (14). Saving model ...
2026-07-13 08:38:47 | TestSub: S6 | Epoch 15/100 Finsh | Now_lr 0.0005/0.0005 | Train Loss 0.5324 | Valid Loss 0.6191 | Train Acc 79.7554 | Valid Acc 73.4375
2026-07-13 08:38:47 | Validation loss decreased (0.629575 --> 0.619094) in epoch (15). Saving model ...
2026-07-13 08:38:48 | TestSub: S6 | Epoch 16/100 Finsh | Now_lr 0.0005/0.0005 | Train Loss 0.5287 | Valid Loss 0.6108 | Train Acc 77.7174 | Valid Acc 76.5625
2026-07-13 08:38:48 | Validation loss decreased (0.619094 --> 0.610751) in epoch (16). Saving model ...
2026-07-13 08:38:48 | TestSub: S6 | Epoch 17/100 Finsh | Now_lr 0.0005/0.0005 | Train Loss 0.5083 | Valid Loss 0.5949 | Train Acc 83.0163 | Valid Acc 75.0000
2026-07-13 08:38:48 | Validation loss decreased (0.610751 --> 0.594907) in epoch (17). Saving model ...
2026-07-13 08:38:48 | TestSub: S6 | Epoch 18/100 Finsh | Now_lr 0.0005/0.0005 | Train Loss 0.5064 | Valid Loss 0.5830 | Train Acc 82.4728 | Valid Acc 76.5625
2026-07-13 08:38:48 | Validation loss decreased (0.594907 --> 0.583003) in epoch (18). Saving model ...
2026-07-13 08:38:49 | TestSub: S6 | Epoch 19/100 Finsh | Now_lr 0.0005/0.0005 | Train Loss 0.4868 | Valid Loss 0.5776 | Train Acc 83.4239 | Valid Acc 73.4375
2026-07-13 08:38:49 | Validation loss decreased (0.583003 --> 0.577608) in epoch (19). Saving model ...
2026-07-13 08:38:49 | TestSub: S6 | Epoch 20/100 Finsh | Now_lr 0.0005/0.0005 | Train Loss 0.4831 | Valid Loss 0.5570 | Train Acc 82.3370 | Valid Acc 73.4375
2026-07-13 08:38:49 | Validation loss decreased (0.577608 --> 0.556961) in epoch (20). Saving model ...
2026-07-13 08:38:50 | TestSub: S6 | Epoch 21/100 Finsh | Now_lr 0.0005/0.0005 | Train Loss 0.4741 | Valid Loss 0.5585 | Train Acc 83.1522 | Valid Acc 78.1250
2026-07-13 08:38:50 | TestSub: S6 | Epoch 22/100 Finsh | Now_lr 0.0005/0.0005 | Train Loss 0.4511 | Valid Loss 0.5417 | Train Acc 86.1413 | Valid Acc 78.1250
2026-07-13 08:38:50 | Validation loss decreased (0.556961 --> 0.541710) in epoch (22). Saving model ...
2026-07-13 08:38:50 | TestSub: S6 | Epoch 23/100 Finsh | Now_lr 0.0005/0.0005 | Train Loss 0.4451 | Valid Loss 0.5301 | Train Acc 84.2391 | Valid Acc 79.6875
2026-07-13 08:38:50 | Validation loss decreased (0.541710 --> 0.530079) in epoch (23). Saving model ...
2026-07-13 08:38:51 | TestSub: S6 | Epoch 24/100 Finsh | Now_lr 0.0005/0.0005 | Train Loss 0.4203 | Valid Loss 0.5238 | Train Acc 88.0435 | Valid Acc 79.6875
2026-07-13 08:38:51 | Validation loss decreased (0.530079 --> 0.523797) in epoch (24). Saving model ...
2026-07-13 08:38:51 | TestSub: S6 | Epoch 25/100 Finsh | Now_lr 0.0005/0.0005 | Train Loss 0.4376 | Valid Loss 0.5161 | Train Acc 85.3261 | Valid Acc 82.8125
2026-07-13 08:38:51 | Validation loss decreased (0.523797 --> 0.516092) in epoch (25). Saving model ...
2026-07-13 08:38:52 | TestSub: S6 | Epoch 26/100 Finsh | Now_lr 0.0005/0.0005 | Train Loss 0.4268 | Valid Loss 0.5074 | Train Acc 86.5489 | Valid Acc 81.2500
2026-07-13 08:38:52 | Validation loss decreased (0.516092 --> 0.507367) in epoch (26). Saving model ...
2026-07-13 08:38:52 | TestSub: S6 | Epoch 27/100 Finsh | Now_lr 0.0005/0.0005 | Train Loss 0.4275 | Valid Loss 0.5079 | Train Acc 86.8207 | Valid Acc 79.6875
2026-07-13 08:38:53 | TestSub: S6 | Epoch 28/100 Finsh | Now_lr 0.0005/0.0005 | Train Loss 0.4137 | Valid Loss 0.4970 | Train Acc 88.1793 | Valid Acc 81.2500
2026-07-13 08:38:53 | Validation loss decreased (0.507367 --> 0.496963) in epoch (28). Saving model ...
2026-07-13 08:38:53 | TestSub: S6 | Epoch 29/100 Finsh | Now_lr 0.0005/0.0005 | Train Loss 0.3981 | Valid Loss 0.4877 | Train Acc 88.0435 | Valid Acc 81.2500
2026-07-13 08:38:53 | Validation loss decreased (0.496963 --> 0.487712) in epoch (29). Saving model ...
2026-07-13 08:38:53 | TestSub: S6 | Epoch 30/100 Finsh | Now_lr 0.0005/0.0005 | Train Loss 0.3903 | Valid Loss 0.4795 | Train Acc 88.3152 | Valid Acc 81.2500
2026-07-13 08:38:53 | Validation loss decreased (0.487712 --> 0.479482) in epoch (30). Saving model ...
2026-07-13 08:38:54 | TestSub: S6 | Epoch 31/100 Finsh | Now_lr 0.0005/0.0005 | Train Loss 0.3831 | Valid Loss 0.4780 | Train Acc 88.7228 | Valid Acc 81.2500
2026-07-13 08:38:54 | Validation loss decreased (0.479482 --> 0.477993) in epoch (31). Saving model ...
2026-07-13 08:38:54 | TestSub: S6 | Epoch 32/100 Finsh | Now_lr 0.0005/0.0005 | Train Loss 0.3820 | Valid Loss 0.4734 | Train Acc 88.9946 | Valid Acc 84.3750
2026-07-13 08:38:54 | Validation loss decreased (0.477993 --> 0.473365) in epoch (32). Saving model ...
2026-07-13 08:38:55 | TestSub: S6 | Epoch 33/100 Finsh | Now_lr 0.0005/0.0005 | Train Loss 0.3676 | Valid Loss 0.4670 | Train Acc 89.5380 | Valid Acc 82.8125
2026-07-13 08:38:55 | Validation loss decreased (0.473365 --> 0.466959) in epoch (33). Saving model ...
2026-07-13 08:38:55 | TestSub: S6 | Epoch 34/100 Finsh | Now_lr 0.0005/0.0005 | Train Loss 0.3623 | Valid Loss 0.4599 | Train Acc 91.1685 | Valid Acc 81.2500
2026-07-13 08:38:55 | Validation loss decreased (0.466959 --> 0.459932) in epoch (34). Saving model ...
2026-07-13 08:38:56 | TestSub: S6 | Epoch 35/100 Finsh | Now_lr 0.0005/0.0005 | Train Loss 0.3538 | Valid Loss 0.4555 | Train Acc 88.9946 | Valid Acc 82.8125
2026-07-13 08:38:56 | Validation loss decreased (0.459932 --> 0.455547) in epoch (35). Saving model ...
2026-07-13 08:38:56 | TestSub: S6 | Epoch 36/100 Finsh | Now_lr 0.0005/0.0005 | Train Loss 0.3481 | Valid Loss 0.4533 | Train Acc 90.0815 | Valid Acc 81.2500
2026-07-13 08:38:56 | Validation loss decreased (0.455547 --> 0.453294) in epoch (36). Saving model ...
2026-07-13 08:38:57 | TestSub: S6 | Epoch 37/100 Finsh | Now_lr 0.0005/0.0005 | Train Loss 0.3418 | Valid Loss 0.4511 | Train Acc 91.1685 | Valid Acc 81.2500
2026-07-13 08:38:57 | Validation loss decreased (0.453294 --> 0.451105) in epoch (37). Saving model ...
2026-07-13 08:38:57 | TestSub: S6 | Epoch 38/100 Finsh | Now_lr 0.0005/0.0005 | Train Loss 0.3451 | Valid Loss 0.4539 | Train Acc 90.4891 | Valid Acc 84.3750
2026-07-13 08:38:57 | TestSub: S6 | Epoch 39/100 Finsh | Now_lr 0.0005/0.0005 | Train Loss 0.3250 | Valid Loss 0.4537 | Train Acc 91.0326 | Valid Acc 84.3750
2026-07-13 08:38:58 | TestSub: S6 | Epoch 40/100 Finsh | Now_lr 0.0005/0.0005 | Train Loss 0.3300 | Valid Loss 0.4473 | Train Acc 90.2174 | Valid Acc 85.9375
2026-07-13 08:38:58 | Validation loss decreased (0.451105 --> 0.447333) in epoch (40). Saving model ...
2026-07-13 08:38:58 | TestSub: S6 | Epoch 41/100 Finsh | Now_lr 0.0005/0.0005 | Train Loss 0.3108 | Valid Loss 0.4358 | Train Acc 93.0707 | Valid Acc 87.5000
2026-07-13 08:38:58 | Validation loss decreased (0.447333 --> 0.435753) in epoch (41). Saving model ...
2026-07-13 08:38:59 | TestSub: S6 | Epoch 42/100 Finsh | Now_lr 0.0005/0.0005 | Train Loss 0.3262 | Valid Loss 0.4351 | Train Acc 91.5761 | Valid Acc 85.9375
2026-07-13 08:38:59 | Validation loss decreased (0.435753 --> 0.435112) in epoch (42). Saving model ...
2026-07-13 08:38:59 | TestSub: S6 | Epoch 43/100 Finsh | Now_lr 0.0005/0.0005 | Train Loss 0.3115 | Valid Loss 0.4340 | Train Acc 90.4891 | Valid Acc 87.5000
2026-07-13 08:38:59 | Validation loss decreased (0.435112 --> 0.434010) in epoch (43). Saving model ...
2026-07-13 08:38:59 | TestSub: S6 | Epoch 44/100 Finsh | Now_lr 0.0005/0.0005 | Train Loss 0.3231 | Valid Loss 0.4317 | Train Acc 90.7609 | Valid Acc 89.0625
2026-07-13 08:38:59 | Validation loss decreased (0.434010 --> 0.431690) in epoch (44). Saving model ...
2026-07-13 08:39:00 | TestSub: S6 | Epoch 45/100 Finsh | Now_lr 0.0005/0.0005 | Train Loss 0.3013 | Valid Loss 0.4229 | Train Acc 91.3043 | Valid Acc 89.0625
2026-07-13 08:39:00 | Validation loss decreased (0.431690 --> 0.422922) in epoch (45). Saving model ...
2026-07-13 08:39:00 | TestSub: S6 | Epoch 46/100 Finsh | Now_lr 0.0005/0.0005 | Train Loss 0.3013 | Valid Loss 0.4155 | Train Acc 91.3043 | Valid Acc 87.5000
2026-07-13 08:39:00 | Validation loss decreased (0.422922 --> 0.415478) in epoch (46). Saving model ...
2026-07-13 08:39:01 | TestSub: S6 | Epoch 47/100 Finsh | Now_lr 0.0005/0.0005 | Train Loss 0.2871 | Valid Loss 0.4124 | Train Acc 93.3424 | Valid Acc 85.9375
2026-07-13 08:39:01 | Validation loss decreased (0.415478 --> 0.412420) in epoch (47). Saving model ...
2026-07-13 08:39:01 | TestSub: S6 | Epoch 48/100 Finsh | Now_lr 0.0005/0.0005 | Train Loss 0.2955 | Valid Loss 0.4073 | Train Acc 91.9837 | Valid Acc 87.5000
2026-07-13 08:39:01 | Validation loss decreased (0.412420 --> 0.407349) in epoch (48). Saving model ...
2026-07-13 08:39:01 | TestSub: S6 | Epoch 49/100 Finsh | Now_lr 0.0005/0.0005 | Train Loss 0.2943 | Valid Loss 0.4080 | Train Acc 91.5761 | Valid Acc 84.3750
2026-07-13 08:39:02 | TestSub: S6 | Epoch 50/100 Finsh | Now_lr 0.0005/0.0005 | Train Loss 0.2857 | Valid Loss 0.4007 | Train Acc 92.5272 | Valid Acc 85.9375
2026-07-13 08:39:02 | Validation loss decreased (0.407349 --> 0.400736) in epoch (50). Saving model ...
2026-07-13 08:39:02 | TestSub: S6 | Epoch 51/100 Finsh | Now_lr 0.0005/0.0005 | Train Loss 0.2683 | Valid Loss 0.3965 | Train Acc 93.7500 | Valid Acc 87.5000
2026-07-13 08:39:02 | Validation loss decreased (0.400736 --> 0.396492) in epoch (51). Saving model ...
2026-07-13 08:39:03 | TestSub: S6 | Epoch 52/100 Finsh | Now_lr 0.0005/0.0005 | Train Loss 0.2728 | Valid Loss 0.3863 | Train Acc 93.8859 | Valid Acc 89.0625
2026-07-13 08:39:03 | Validation loss decreased (0.396492 --> 0.386343) in epoch (52). Saving model ...
2026-07-13 08:39:03 | TestSub: S6 | Epoch 53/100 Finsh | Now_lr 0.0005/0.0005 | Train Loss 0.2850 | Valid Loss 0.3809 | Train Acc 90.0815 | Valid Acc 90.6250
2026-07-13 08:39:03 | Validation loss decreased (0.386343 --> 0.380850) in epoch (53). Saving model ...
2026-07-13 08:39:03 | TestSub: S6 | Epoch 54/100 Finsh | Now_lr 0.0005/0.0005 | Train Loss 0.2699 | Valid Loss 0.3787 | Train Acc 93.6141 | Valid Acc 90.6250
2026-07-13 08:39:03 | Validation loss decreased (0.380850 --> 0.378651) in epoch (54). Saving model ...
2026-07-13 08:39:04 | TestSub: S6 | Epoch 55/100 Finsh | Now_lr 0.0005/0.0005 | Train Loss 0.2625 | Valid Loss 0.3699 | Train Acc 92.9348 | Valid Acc 90.6250
2026-07-13 08:39:04 | Validation loss decreased (0.378651 --> 0.369876) in epoch (55). Saving model ...
2026-07-13 08:39:04 | TestSub: S6 | Epoch 56/100 Finsh | Now_lr 0.0005/0.0005 | Train Loss 0.2704 | Valid Loss 0.3718 | Train Acc 92.2554 | Valid Acc 89.0625
2026-07-13 08:39:05 | TestSub: S6 | Epoch 57/100 Finsh | Now_lr 0.0005/0.0005 | Train Loss 0.2580 | Valid Loss 0.3651 | Train Acc 93.7500 | Valid Acc 90.6250
2026-07-13 08:39:05 | Validation loss decreased (0.369876 --> 0.365148) in epoch (57). Saving model ...
2026-07-13 08:39:05 | TestSub: S6 | Epoch 58/100 Finsh | Now_lr 0.0005/0.0005 | Train Loss 0.2498 | Valid Loss 0.3736 | Train Acc 94.9728 | Valid Acc 87.5000
2026-07-13 08:39:06 | TestSub: S6 | Epoch 59/100 Finsh | Now_lr 0.0005/0.0005 | Train Loss 0.2554 | Valid Loss 0.3671 | Train Acc 92.6630 | Valid Acc 87.5000
2026-07-13 08:39:06 | TestSub: S6 | Epoch 60/100 Finsh | Now_lr 0.0005/0.0005 | Train Loss 0.2458 | Valid Loss 0.3603 | Train Acc 93.3424 | Valid Acc 85.9375
2026-07-13 08:39:06 | Validation loss decreased (0.365148 --> 0.360289) in epoch (60). Saving model ...
2026-07-13 08:39:06 | TestSub: S6 | Epoch 61/100 Finsh | Now_lr 0.0005/0.0005 | Train Loss 0.2455 | Valid Loss 0.3503 | Train Acc 92.6630 | Valid Acc 89.0625
2026-07-13 08:39:06 | Validation loss decreased (0.360289 --> 0.350328) in epoch (61). Saving model ...
2026-07-13 08:39:07 | TestSub: S6 | Epoch 62/100 Finsh | Now_lr 0.0005/0.0005 | Train Loss 0.2371 | Valid Loss 0.3535 | Train Acc 94.7011 | Valid Acc 89.0625
2026-07-13 08:39:07 | TestSub: S6 | Epoch 63/100 Finsh | Now_lr 0.0005/0.0005 | Train Loss 0.2485 | Valid Loss 0.3465 | Train Acc 93.0707 | Valid Acc 90.6250
2026-07-13 08:39:07 | Validation loss decreased (0.350328 --> 0.346497) in epoch (63). Saving model ...
2026-07-13 08:39:08 | TestSub: S6 | Epoch 64/100 Finsh | Now_lr 0.0005/0.0005 | Train Loss 0.2357 | Valid Loss 0.3455 | Train Acc 94.4293 | Valid Acc 90.6250
2026-07-13 08:39:08 | Validation loss decreased (0.346497 --> 0.345501) in epoch (64). Saving model ...
2026-07-13 08:39:08 | TestSub: S6 | Epoch 65/100 Finsh | Now_lr 0.0005/0.0005 | Train Loss 0.2389 | Valid Loss 0.3325 | Train Acc 94.4293 | Valid Acc 92.1875
2026-07-13 08:39:08 | Validation loss decreased (0.345501 --> 0.332523) in epoch (65). Saving model ...
2026-07-13 08:39:09 | TestSub: S6 | Epoch 66/100 Finsh | Now_lr 0.0005/0.0005 | Train Loss 0.2345 | Valid Loss 0.3303 | Train Acc 93.8859 | Valid Acc 89.0625
2026-07-13 08:39:09 | Validation loss decreased (0.332523 --> 0.330308) in epoch (66). Saving model ...
2026-07-13 08:39:09 | TestSub: S6 | Epoch 67/100 Finsh | Now_lr 0.0005/0.0005 | Train Loss 0.2318 | Valid Loss 0.3324 | Train Acc 93.2065 | Valid Acc 92.1875
2026-07-13 08:39:10 | TestSub: S6 | Epoch 68/100 Finsh | Now_lr 0.0005/0.0005 | Train Loss 0.2084 | Valid Loss 0.3381 | Train Acc 96.1957 | Valid Acc 87.5000
2026-07-13 08:39:10 | TestSub: S6 | Epoch 69/100 Finsh | Now_lr 0.0005/0.0005 | Train Loss 0.2254 | Valid Loss 0.3324 | Train Acc 95.1087 | Valid Acc 89.0625
2026-07-13 08:39:10 | TestSub: S6 | Epoch 70/100 Finsh | Now_lr 0.0005/0.0005 | Train Loss 0.2192 | Valid Loss 0.3233 | Train Acc 94.2935 | Valid Acc 90.6250
2026-07-13 08:39:10 | Validation loss decreased (0.330308 --> 0.323301) in epoch (70). Saving model ...
2026-07-13 08:39:11 | TestSub: S6 | Epoch 71/100 Finsh | Now_lr 0.0005/0.0005 | Train Loss 0.2154 | Valid Loss 0.3322 | Train Acc 94.9728 | Valid Acc 90.6250
2026-07-13 08:39:11 | TestSub: S6 | Epoch 72/100 Finsh | Now_lr 0.0005/0.0005 | Train Loss 0.2358 | Valid Loss 0.3177 | Train Acc 93.4783 | Valid Acc 89.0625
2026-07-13 08:39:11 | Validation loss decreased (0.323301 --> 0.317662) in epoch (72). Saving model ...
2026-07-13 08:39:12 | TestSub: S6 | Epoch 73/100 Finsh | Now_lr 0.0005/0.0005 | Train Loss 0.2201 | Valid Loss 0.3131 | Train Acc 94.5652 | Valid Acc 89.0625
2026-07-13 08:39:12 | Validation loss decreased (0.317662 --> 0.313117) in epoch (73). Saving model ...
2026-07-13 08:39:12 | TestSub: S6 | Epoch 74/100 Finsh | Now_lr 0.0005/0.0005 | Train Loss 0.2229 | Valid Loss 0.3128 | Train Acc 93.8859 | Valid Acc 90.6250
2026-07-13 08:39:12 | Validation loss decreased (0.313117 --> 0.312850) in epoch (74). Saving model ...
2026-07-13 08:39:12 | TestSub: S6 | Epoch 75/100 Finsh | Now_lr 0.0005/0.0005 | Train Loss 0.2111 | Valid Loss 0.3071 | Train Acc 94.2935 | Valid Acc 90.6250
2026-07-13 08:39:12 | Validation loss decreased (0.312850 --> 0.307099) in epoch (75). Saving model ...
2026-07-13 08:39:13 | TestSub: S6 | Epoch 76/100 Finsh | Now_lr 0.0005/0.0005 | Train Loss 0.2214 | Valid Loss 0.3077 | Train Acc 94.1576 | Valid Acc 85.9375
2026-07-13 08:39:13 | TestSub: S6 | Epoch 77/100 Finsh | Now_lr 0.0005/0.0005 | Train Loss 0.2117 | Valid Loss 0.3001 | Train Acc 94.8370 | Valid Acc 93.7500
2026-07-13 08:39:13 | Validation loss decreased (0.307099 --> 0.300141) in epoch (77). Saving model ...
2026-07-13 08:39:14 | TestSub: S6 | Epoch 78/100 Finsh | Now_lr 0.0005/0.0005 | Train Loss 0.2122 | Valid Loss 0.2982 | Train Acc 94.9728 | Valid Acc 92.1875
2026-07-13 08:39:14 | Validation loss decreased (0.300141 --> 0.298217) in epoch (78). Saving model ...
2026-07-13 08:39:14 | TestSub: S6 | Epoch 79/100 Finsh | Now_lr 0.0005/0.0005 | Train Loss 0.2081 | Valid Loss 0.3020 | Train Acc 94.7011 | Valid Acc 90.6250
2026-07-13 08:39:14 | TestSub: S6 | Epoch 80/100 Finsh | Now_lr 0.0005/0.0005 | Train Loss 0.2070 | Valid Loss 0.3004 | Train Acc 94.7011 | Valid Acc 93.7500
2026-07-13 08:39:15 | TestSub: S6 | Epoch 81/100 Finsh | Now_lr 0.0005/0.0005 | Train Loss 0.2101 | Valid Loss 0.2991 | Train Acc 94.9728 | Valid Acc 90.6250
2026-07-13 08:39:15 | TestSub: S6 | Epoch 82/100 Finsh | Now_lr 0.0005/0.0005 | Train Loss 0.2071 | Valid Loss 0.2944 | Train Acc 95.1087 | Valid Acc 92.1875
2026-07-13 08:39:15 | Validation loss decreased (0.298217 --> 0.294399) in epoch (82). Saving model ...
2026-07-13 08:39:16 | TestSub: S6 | Epoch 83/100 Finsh | Now_lr 0.0005/0.0005 | Train Loss 0.1957 | Valid Loss 0.2835 | Train Acc 95.5163 | Valid Acc 92.1875
2026-07-13 08:39:16 | Validation loss decreased (0.294399 --> 0.283493) in epoch (83). Saving model ...
2026-07-13 08:39:16 | TestSub: S6 | Epoch 84/100 Finsh | Now_lr 0.0005/0.0005 | Train Loss 0.1965 | Valid Loss 0.2830 | Train Acc 94.7011 | Valid Acc 93.7500
2026-07-13 08:39:16 | Validation loss decreased (0.283493 --> 0.283035) in epoch (84). Saving model ...
2026-07-13 08:39:16 | TestSub: S6 | Epoch 85/100 Finsh | Now_lr 0.0005/0.0005 | Train Loss 0.2079 | Valid Loss 0.2819 | Train Acc 93.8859 | Valid Acc 92.1875
2026-07-13 08:39:16 | Validation loss decreased (0.283035 --> 0.281929) in epoch (85). Saving model ...
2026-07-13 08:39:17 | TestSub: S6 | Epoch 86/100 Finsh | Now_lr 0.0005/0.0005 | Train Loss 0.1901 | Valid Loss 0.2847 | Train Acc 95.7880 | Valid Acc 93.7500
2026-07-13 08:39:17 | TestSub: S6 | Epoch 87/100 Finsh | Now_lr 0.0005/0.0005 | Train Loss 0.1998 | Valid Loss 0.2849 | Train Acc 94.0217 | Valid Acc 90.6250
2026-07-13 08:39:18 | TestSub: S6 | Epoch 88/100 Finsh | Now_lr 0.0005/0.0005 | Train Loss 0.1867 | Valid Loss 0.2835 | Train Acc 94.9728 | Valid Acc 90.6250
2026-07-13 08:39:18 | TestSub: S6 | Epoch 89/100 Finsh | Now_lr 0.0005/0.0005 | Train Loss 0.1810 | Valid Loss 0.2828 | Train Acc 95.5163 | Valid Acc 90.6250
2026-07-13 08:39:18 | TestSub: S6 | Epoch 90/100 Finsh | Now_lr 0.0005/0.0005 | Train Loss 0.1879 | Valid Loss 0.2762 | Train Acc 95.9239 | Valid Acc 92.1875
2026-07-13 08:39:18 | Validation loss decreased (0.281929 --> 0.276167) in epoch (90). Saving model ...
2026-07-13 08:39:19 | TestSub: S6 | Epoch 91/100 Finsh | Now_lr 0.0005/0.0005 | Train Loss 0.1853 | Valid Loss 0.2907 | Train Acc 95.1087 | Valid Acc 90.6250
2026-07-13 08:39:19 | TestSub: S6 | Epoch 92/100 Finsh | Now_lr 0.0005/0.0005 | Train Loss 0.1923 | Valid Loss 0.2784 | Train Acc 95.3804 | Valid Acc 92.1875
2026-07-13 08:39:20 | TestSub: S6 | Epoch 93/100 Finsh | Now_lr 0.0005/0.0005 | Train Loss 0.1688 | Valid Loss 0.2712 | Train Acc 97.0109 | Valid Acc 93.7500
2026-07-13 08:39:20 | Validation loss decreased (0.276167 --> 0.271193) in epoch (93). Saving model ...
2026-07-13 08:39:20 | TestSub: S6 | Epoch 94/100 Finsh | Now_lr 0.0005/0.0005 | Train Loss 0.1768 | Valid Loss 0.2802 | Train Acc 94.5652 | Valid Acc 90.6250
2026-07-13 08:39:20 | TestSub: S6 | Epoch 95/100 Finsh | Now_lr 0.0005/0.0005 | Train Loss 0.1919 | Valid Loss 0.2893 | Train Acc 94.4293 | Valid Acc 89.0625
2026-07-13 08:39:21 | TestSub: S6 | Epoch 96/100 Finsh | Now_lr 0.0005/0.0005 | Train Loss 0.1787 | Valid Loss 0.2842 | Train Acc 95.2446 | Valid Acc 89.0625
2026-07-13 08:39:21 | TestSub: S6 | Epoch 97/100 Finsh | Now_lr 0.0005/0.0005 | Train Loss 0.1895 | Valid Loss 0.2900 | Train Acc 94.9728 | Valid Acc 89.0625
2026-07-13 08:39:22 | TestSub: S6 | Epoch 98/100 Finsh | Now_lr 0.0005/0.0005 | Train Loss 0.1847 | Valid Loss 0.2737 | Train Acc 94.4293 | Valid Acc 92.1875
2026-07-13 08:39:22 | TestSub: S6 | Epoch 99/100 Finsh | Now_lr 0.0005/0.0005 | Train Loss 0.1841 | Valid Loss 0.2748 | Train Acc 95.3804 | Valid Acc 92.1875
2026-07-13 08:39:22 | TestSub: S6 | Epoch 100/100 Finsh | Now_lr 0.0005/0.0005 | Train Loss 0.1616 | Valid Loss 0.2743 | Train Acc 96.7391 | Valid Acc 93.7500
2026-07-13 08:39:22 | --------------------------------------------------
2026-07-13 08:39:22 | Test_Subject :S6 | Best epoch:93 | Test Loss:0.9216 | Savemodel Acc 38.5417
2026-07-13 08:39:22 | --------------------------------------------------
2026-07-13 08:39:22 | Best epoch: 93 | Test acc: 38.5417
