2026-07-13 08:39:23 | Logging started: ./writer/Subject_dependent_AAD/AVED/5.0s/result//Train5.0s_sub7.log
2026-07-13 08:39:25 | Sub_id: 7
2026-07-13 08:39:27 | TestSub: S7 | Epoch  1/100 Finsh | Now_lr 0.0005/0.0005 | Train Loss 0.6960 | Valid Loss 0.7062 | Train Acc 51.3587 | Valid Acc 48.4375
2026-07-13 08:39:27 | Validation loss decreased (inf --> 0.706192) in epoch (1). Saving model ...
2026-07-13 08:39:27 | TestSub: S7 | Epoch  2/100 Finsh | Now_lr 0.0005/0.0005 | Train Loss 0.6875 | Valid Loss 0.7385 | Train Acc 54.2120 | Valid Acc 48.4375
2026-07-13 08:39:28 | TestSub: S7 | Epoch  3/100 Finsh | Now_lr 0.0005/0.0005 | Train Loss 0.6795 | Valid Loss 0.7366 | Train Acc 55.1630 | Valid Acc 48.4375
2026-07-13 08:39:28 | TestSub: S7 | Epoch  4/100 Finsh | Now_lr 0.0005/0.0005 | Train Loss 0.6748 | Valid Loss 0.6975 | Train Acc 59.7826 | Valid Acc 48.4375
2026-07-13 08:39:28 | Validation loss decreased (0.706192 --> 0.697509) in epoch (4). Saving model ...
2026-07-13 08:39:29 | TestSub: S7 | Epoch  5/100 Finsh | Now_lr 0.0005/0.0005 | Train Loss 0.6709 | Valid Loss 0.6756 | Train Acc 61.0054 | Valid Acc 54.6875
2026-07-13 08:39:29 | Validation loss decreased (0.697509 --> 0.675582) in epoch (5). Saving model ...
2026-07-13 08:39:29 | TestSub: S7 | Epoch  6/100 Finsh | Now_lr 0.0005/0.0005 | Train Loss 0.6544 | Valid Loss 0.6719 | Train Acc 63.1793 | Valid Acc 59.3750
2026-07-13 08:39:29 | Validation loss decreased (0.675582 --> 0.671860) in epoch (6). Saving model ...
2026-07-13 08:39:29 | TestSub: S7 | Epoch  7/100 Finsh | Now_lr 0.0005/0.0005 | Train Loss 0.6485 | Valid Loss 0.6723 | Train Acc 66.1685 | Valid Acc 60.9375
2026-07-13 08:39:30 | TestSub: S7 | Epoch  8/100 Finsh | Now_lr 0.0005/0.0005 | Train Loss 0.6393 | Valid Loss 0.6677 | Train Acc 66.3043 | Valid Acc 60.9375
2026-07-13 08:39:30 | Validation loss decreased (0.671860 --> 0.667651) in epoch (8). Saving model ...
2026-07-13 08:39:30 | TestSub: S7 | Epoch  9/100 Finsh | Now_lr 0.0005/0.0005 | Train Loss 0.6371 | Valid Loss 0.6668 | Train Acc 70.3804 | Valid Acc 64.0625
2026-07-13 08:39:30 | Validation loss decreased (0.667651 --> 0.666782) in epoch (9). Saving model ...
2026-07-13 08:39:31 | TestSub: S7 | Epoch 10/100 Finsh | Now_lr 0.0005/0.0005 | Train Loss 0.6200 | Valid Loss 0.6605 | Train Acc 71.4674 | Valid Acc 60.9375
2026-07-13 08:39:31 | Validation loss decreased (0.666782 --> 0.660540) in epoch (10). Saving model ...
2026-07-13 08:39:31 | TestSub: S7 | Epoch 11/100 Finsh | Now_lr 0.0005/0.0005 | Train Loss 0.6020 | Valid Loss 0.6538 | Train Acc 76.3587 | Valid Acc 67.1875
2026-07-13 08:39:31 | Validation loss decreased (0.660540 --> 0.653766) in epoch (11). Saving model ...
2026-07-13 08:39:32 | TestSub: S7 | Epoch 12/100 Finsh | Now_lr 0.0005/0.0005 | Train Loss 0.5893 | Valid Loss 0.6450 | Train Acc 76.3587 | Valid Acc 60.9375
2026-07-13 08:39:32 | Validation loss decreased (0.653766 --> 0.645021) in epoch (12). Saving model ...
2026-07-13 08:39:32 | TestSub: S7 | Epoch 13/100 Finsh | Now_lr 0.0005/0.0005 | Train Loss 0.5792 | Valid Loss 0.6386 | Train Acc 79.2120 | Valid Acc 65.6250
2026-07-13 08:39:32 | Validation loss decreased (0.645021 --> 0.638641) in epoch (13). Saving model ...
2026-07-13 08:39:32 | TestSub: S7 | Epoch 14/100 Finsh | Now_lr 0.0005/0.0005 | Train Loss 0.5546 | Valid Loss 0.6317 | Train Acc 81.6576 | Valid Acc 60.9375
2026-07-13 08:39:32 | Validation loss decreased (0.638641 --> 0.631746) in epoch (14). Saving model ...
2026-07-13 08:39:33 | TestSub: S7 | Epoch 15/100 Finsh | Now_lr 0.0005/0.0005 | Train Loss 0.5442 | Valid Loss 0.6226 | Train Acc 82.2011 | Valid Acc 68.7500
2026-07-13 08:39:33 | Validation loss decreased (0.631746 --> 0.622613) in epoch (15). Saving model ...
2026-07-13 08:39:33 | TestSub: S7 | Epoch 16/100 Finsh | Now_lr 0.0005/0.0005 | Train Loss 0.5259 | Valid Loss 0.6155 | Train Acc 84.9185 | Valid Acc 68.7500
2026-07-13 08:39:33 | Validation loss decreased (0.622613 --> 0.615466) in epoch (16). Saving model ...
2026-07-13 08:39:34 | TestSub: S7 | Epoch 17/100 Finsh | Now_lr 0.0005/0.0005 | Train Loss 0.5346 | Valid Loss 0.6069 | Train Acc 81.7935 | Valid Acc 70.3125
2026-07-13 08:39:34 | Validation loss decreased (0.615466 --> 0.606891) in epoch (17). Saving model ...
2026-07-13 08:39:34 | TestSub: S7 | Epoch 18/100 Finsh | Now_lr 0.0005/0.0005 | Train Loss 0.5046 | Valid Loss 0.5986 | Train Acc 83.9674 | Valid Acc 76.5625
2026-07-13 08:39:34 | Validation loss decreased (0.606891 --> 0.598648) in epoch (18). Saving model ...
2026-07-13 08:39:34 | TestSub: S7 | Epoch 19/100 Finsh | Now_lr 0.0005/0.0005 | Train Loss 0.4988 | Valid Loss 0.5944 | Train Acc 83.5598 | Valid Acc 75.0000
2026-07-13 08:39:34 | Validation loss decreased (0.598648 --> 0.594414) in epoch (19). Saving model ...
2026-07-13 08:39:35 | TestSub: S7 | Epoch 20/100 Finsh | Now_lr 0.0005/0.0005 | Train Loss 0.4790 | Valid Loss 0.5835 | Train Acc 85.7337 | Valid Acc 76.5625
2026-07-13 08:39:35 | Validation loss decreased (0.594414 --> 0.583539) in epoch (20). Saving model ...
2026-07-13 08:39:36 | TestSub: S7 | Epoch 21/100 Finsh | Now_lr 0.0005/0.0005 | Train Loss 0.4827 | Valid Loss 0.5728 | Train Acc 84.2391 | Valid Acc 75.0000
2026-07-13 08:39:36 | Validation loss decreased (0.583539 --> 0.572792) in epoch (21). Saving model ...
2026-07-13 08:39:36 | TestSub: S7 | Epoch 22/100 Finsh | Now_lr 0.0005/0.0005 | Train Loss 0.4596 | Valid Loss 0.5565 | Train Acc 86.6848 | Valid Acc 81.2500
2026-07-13 08:39:36 | Validation loss decreased (0.572792 --> 0.556526) in epoch (22). Saving model ...
2026-07-13 08:39:36 | TestSub: S7 | Epoch 23/100 Finsh | Now_lr 0.0005/0.0005 | Train Loss 0.4450 | Valid Loss 0.5474 | Train Acc 86.9565 | Valid Acc 79.6875
2026-07-13 08:39:36 | Validation loss decreased (0.556526 --> 0.547417) in epoch (23). Saving model ...
2026-07-13 08:39:37 | TestSub: S7 | Epoch 24/100 Finsh | Now_lr 0.0005/0.0005 | Train Loss 0.4465 | Valid Loss 0.5392 | Train Acc 86.5489 | Valid Acc 81.2500
2026-07-13 08:39:37 | Validation loss decreased (0.547417 --> 0.539239) in epoch (24). Saving model ...
2026-07-13 08:39:37 | TestSub: S7 | Epoch 25/100 Finsh | Now_lr 0.0005/0.0005 | Train Loss 0.4267 | Valid Loss 0.5269 | Train Acc 88.0435 | Valid Acc 79.6875
2026-07-13 08:39:37 | Validation loss decreased (0.539239 --> 0.526894) in epoch (25). Saving model ...
2026-07-13 08:39:38 | TestSub: S7 | Epoch 26/100 Finsh | Now_lr 0.0005/0.0005 | Train Loss 0.4181 | Valid Loss 0.5150 | Train Acc 88.1793 | Valid Acc 76.5625
2026-07-13 08:39:38 | Validation loss decreased (0.526894 --> 0.515021) in epoch (26). Saving model ...
2026-07-13 08:39:38 | TestSub: S7 | Epoch 27/100 Finsh | Now_lr 0.0005/0.0005 | Train Loss 0.4092 | Valid Loss 0.5052 | Train Acc 89.2663 | Valid Acc 78.1250
2026-07-13 08:39:38 | Validation loss decreased (0.515021 --> 0.505206) in epoch (27). Saving model ...
2026-07-13 08:39:38 | TestSub: S7 | Epoch 28/100 Finsh | Now_lr 0.0005/0.0005 | Train Loss 0.4091 | Valid Loss 0.4987 | Train Acc 87.9076 | Valid Acc 78.1250
2026-07-13 08:39:38 | Validation loss decreased (0.505206 --> 0.498709) in epoch (28). Saving model ...
2026-07-13 08:39:39 | TestSub: S7 | Epoch 29/100 Finsh | Now_lr 0.0005/0.0005 | Train Loss 0.3906 | Valid Loss 0.4870 | Train Acc 88.8587 | Valid Acc 81.2500
2026-07-13 08:39:39 | Validation loss decreased (0.498709 --> 0.486951) in epoch (29). Saving model ...
2026-07-13 08:39:39 | TestSub: S7 | Epoch 30/100 Finsh | Now_lr 0.0005/0.0005 | Train Loss 0.3998 | Valid Loss 0.4816 | Train Acc 87.9076 | Valid Acc 82.8125
2026-07-13 08:39:39 | Validation loss decreased (0.486951 --> 0.481614) in epoch (30). Saving model ...
2026-07-13 08:39:40 | TestSub: S7 | Epoch 31/100 Finsh | Now_lr 0.0005/0.0005 | Train Loss 0.3872 | Valid Loss 0.4793 | Train Acc 88.8587 | Valid Acc 81.2500
2026-07-13 08:39:40 | Validation loss decreased (0.481614 --> 0.479340) in epoch (31). Saving model ...
2026-07-13 08:39:40 | TestSub: S7 | Epoch 32/100 Finsh | Now_lr 0.0005/0.0005 | Train Loss 0.3607 | Valid Loss 0.4741 | Train Acc 91.3043 | Valid Acc 81.2500
2026-07-13 08:39:40 | Validation loss decreased (0.479340 --> 0.474075) in epoch (32). Saving model ...
2026-07-13 08:39:41 | TestSub: S7 | Epoch 33/100 Finsh | Now_lr 0.0005/0.0005 | Train Loss 0.3704 | Valid Loss 0.4681 | Train Acc 88.8587 | Valid Acc 82.8125
2026-07-13 08:39:41 | Validation loss decreased (0.474075 --> 0.468091) in epoch (33). Saving model ...
2026-07-13 08:39:41 | TestSub: S7 | Epoch 34/100 Finsh | Now_lr 0.0005/0.0005 | Train Loss 0.3520 | Valid Loss 0.4597 | Train Acc 91.4402 | Valid Acc 82.8125
2026-07-13 08:39:41 | Validation loss decreased (0.468091 --> 0.459655) in epoch (34). Saving model ...
2026-07-13 08:39:41 | TestSub: S7 | Epoch 35/100 Finsh | Now_lr 0.0005/0.0005 | Train Loss 0.3501 | Valid Loss 0.4553 | Train Acc 90.7609 | Valid Acc 84.3750
2026-07-13 08:39:41 | Validation loss decreased (0.459655 --> 0.455295) in epoch (35). Saving model ...
2026-07-13 08:39:42 | TestSub: S7 | Epoch 36/100 Finsh | Now_lr 0.0005/0.0005 | Train Loss 0.3365 | Valid Loss 0.4549 | Train Acc 91.0326 | Valid Acc 84.3750
2026-07-13 08:39:42 | Validation loss decreased (0.455295 --> 0.454906) in epoch (36). Saving model ...
2026-07-13 08:39:42 | TestSub: S7 | Epoch 37/100 Finsh | Now_lr 0.0005/0.0005 | Train Loss 0.3392 | Valid Loss 0.4423 | Train Acc 91.8478 | Valid Acc 85.9375
2026-07-13 08:39:42 | Validation loss decreased (0.454906 --> 0.442263) in epoch (37). Saving model ...
2026-07-13 08:39:43 | TestSub: S7 | Epoch 38/100 Finsh | Now_lr 0.0005/0.0005 | Train Loss 0.3355 | Valid Loss 0.4362 | Train Acc 90.8967 | Valid Acc 87.5000
2026-07-13 08:39:43 | Validation loss decreased (0.442263 --> 0.436236) in epoch (38). Saving model ...
2026-07-13 08:39:43 | TestSub: S7 | Epoch 39/100 Finsh | Now_lr 0.0005/0.0005 | Train Loss 0.3314 | Valid Loss 0.4289 | Train Acc 91.7120 | Valid Acc 82.8125
2026-07-13 08:39:43 | Validation loss decreased (0.436236 --> 0.428930) in epoch (39). Saving model ...
2026-07-13 08:39:43 | TestSub: S7 | Epoch 40/100 Finsh | Now_lr 0.0005/0.0005 | Train Loss 0.3234 | Valid Loss 0.4246 | Train Acc 91.8478 | Valid Acc 84.3750
2026-07-13 08:39:43 | Validation loss decreased (0.428930 --> 0.424637) in epoch (40). Saving model ...
2026-07-13 08:39:44 | TestSub: S7 | Epoch 41/100 Finsh | Now_lr 0.0005/0.0005 | Train Loss 0.3062 | Valid Loss 0.4158 | Train Acc 91.5761 | Valid Acc 87.5000
2026-07-13 08:39:44 | Validation loss decreased (0.424637 --> 0.415758) in epoch (41). Saving model ...
2026-07-13 08:39:44 | TestSub: S7 | Epoch 42/100 Finsh | Now_lr 0.0005/0.0005 | Train Loss 0.3038 | Valid Loss 0.4109 | Train Acc 92.7989 | Valid Acc 85.9375
2026-07-13 08:39:44 | Validation loss decreased (0.415758 --> 0.410943) in epoch (42). Saving model ...
2026-07-13 08:39:45 | TestSub: S7 | Epoch 43/100 Finsh | Now_lr 0.0005/0.0005 | Train Loss 0.3068 | Valid Loss 0.4002 | Train Acc 90.6250 | Valid Acc 82.8125
2026-07-13 08:39:45 | Validation loss decreased (0.410943 --> 0.400188) in epoch (43). Saving model ...
2026-07-13 08:39:45 | TestSub: S7 | Epoch 44/100 Finsh | Now_lr 0.0005/0.0005 | Train Loss 0.2806 | Valid Loss 0.3968 | Train Acc 93.6141 | Valid Acc 81.2500
2026-07-13 08:39:45 | Validation loss decreased (0.400188 --> 0.396808) in epoch (44). Saving model ...
2026-07-13 08:39:46 | TestSub: S7 | Epoch 45/100 Finsh | Now_lr 0.0005/0.0005 | Train Loss 0.2818 | Valid Loss 0.3879 | Train Acc 93.0707 | Valid Acc 84.3750
2026-07-13 08:39:46 | Validation loss decreased (0.396808 --> 0.387947) in epoch (45). Saving model ...
2026-07-13 08:39:46 | TestSub: S7 | Epoch 46/100 Finsh | Now_lr 0.0005/0.0005 | Train Loss 0.2877 | Valid Loss 0.3817 | Train Acc 92.5272 | Valid Acc 84.3750
2026-07-13 08:39:46 | Validation loss decreased (0.387947 --> 0.381740) in epoch (46). Saving model ...
2026-07-13 08:39:46 | TestSub: S7 | Epoch 47/100 Finsh | Now_lr 0.0005/0.0005 | Train Loss 0.2826 | Valid Loss 0.3713 | Train Acc 93.8859 | Valid Acc 87.5000
2026-07-13 08:39:46 | Validation loss decreased (0.381740 --> 0.371321) in epoch (47). Saving model ...
2026-07-13 08:39:47 | TestSub: S7 | Epoch 48/100 Finsh | Now_lr 0.0005/0.0005 | Train Loss 0.2897 | Valid Loss 0.3677 | Train Acc 92.3913 | Valid Acc 85.9375
2026-07-13 08:39:47 | Validation loss decreased (0.371321 --> 0.367732) in epoch (48). Saving model ...
2026-07-13 08:39:47 | TestSub: S7 | Epoch 49/100 Finsh | Now_lr 0.0005/0.0005 | Train Loss 0.2759 | Valid Loss 0.3623 | Train Acc 92.7989 | Valid Acc 84.3750
2026-07-13 08:39:47 | Validation loss decreased (0.367732 --> 0.362335) in epoch (49). Saving model ...
2026-07-13 08:39:48 | TestSub: S7 | Epoch 50/100 Finsh | Now_lr 0.0005/0.0005 | Train Loss 0.2686 | Valid Loss 0.3688 | Train Acc 93.2065 | Valid Acc 85.9375
2026-07-13 08:39:48 | TestSub: S7 | Epoch 51/100 Finsh | Now_lr 0.0005/0.0005 | Train Loss 0.2671 | Valid Loss 0.3584 | Train Acc 93.2065 | Valid Acc 85.9375
2026-07-13 08:39:48 | Validation loss decreased (0.362335 --> 0.358445) in epoch (51). Saving model ...
2026-07-13 08:39:48 | TestSub: S7 | Epoch 52/100 Finsh | Now_lr 0.0005/0.0005 | Train Loss 0.2536 | Valid Loss 0.3539 | Train Acc 93.2065 | Valid Acc 89.0625
2026-07-13 08:39:48 | Validation loss decreased (0.358445 --> 0.353856) in epoch (52). Saving model ...
2026-07-13 08:39:49 | TestSub: S7 | Epoch 53/100 Finsh | Now_lr 0.0005/0.0005 | Train Loss 0.2580 | Valid Loss 0.3523 | Train Acc 93.6141 | Valid Acc 89.0625
2026-07-13 08:39:49 | Validation loss decreased (0.353856 --> 0.352314) in epoch (53). Saving model ...
2026-07-13 08:39:49 | TestSub: S7 | Epoch 54/100 Finsh | Now_lr 0.0005/0.0005 | Train Loss 0.2538 | Valid Loss 0.3359 | Train Acc 93.3424 | Valid Acc 89.0625
2026-07-13 08:39:49 | Validation loss decreased (0.352314 --> 0.335905) in epoch (54). Saving model ...
2026-07-13 08:39:50 | TestSub: S7 | Epoch 55/100 Finsh | Now_lr 0.0005/0.0005 | Train Loss 0.2435 | Valid Loss 0.3304 | Train Acc 94.0217 | Valid Acc 87.5000
2026-07-13 08:39:50 | Validation loss decreased (0.335905 --> 0.330438) in epoch (55). Saving model ...
2026-07-13 08:39:50 | TestSub: S7 | Epoch 56/100 Finsh | Now_lr 0.0005/0.0005 | Train Loss 0.2367 | Valid Loss 0.3277 | Train Acc 94.9728 | Valid Acc 85.9375
2026-07-13 08:39:50 | Validation loss decreased (0.330438 --> 0.327653) in epoch (56). Saving model ...
2026-07-13 08:39:50 | TestSub: S7 | Epoch 57/100 Finsh | Now_lr 0.0005/0.0005 | Train Loss 0.2352 | Valid Loss 0.3254 | Train Acc 94.2935 | Valid Acc 85.9375
2026-07-13 08:39:50 | Validation loss decreased (0.327653 --> 0.325391) in epoch (57). Saving model ...
2026-07-13 08:39:51 | TestSub: S7 | Epoch 58/100 Finsh | Now_lr 0.0005/0.0005 | Train Loss 0.2322 | Valid Loss 0.3234 | Train Acc 94.1576 | Valid Acc 89.0625
2026-07-13 08:39:51 | Validation loss decreased (0.325391 --> 0.323411) in epoch (58). Saving model ...
2026-07-13 08:39:51 | TestSub: S7 | Epoch 59/100 Finsh | Now_lr 0.0005/0.0005 | Train Loss 0.2332 | Valid Loss 0.3326 | Train Acc 93.7500 | Valid Acc 87.5000
2026-07-13 08:39:52 | TestSub: S7 | Epoch 60/100 Finsh | Now_lr 0.0005/0.0005 | Train Loss 0.2260 | Valid Loss 0.3320 | Train Acc 95.2446 | Valid Acc 87.5000
2026-07-13 08:39:52 | TestSub: S7 | Epoch 61/100 Finsh | Now_lr 0.0005/0.0005 | Train Loss 0.2384 | Valid Loss 0.3160 | Train Acc 92.3913 | Valid Acc 92.1875
2026-07-13 08:39:52 | Validation loss decreased (0.323411 --> 0.315984) in epoch (61). Saving model ...
2026-07-13 08:39:52 | TestSub: S7 | Epoch 62/100 Finsh | Now_lr 0.0005/0.0005 | Train Loss 0.2122 | Valid Loss 0.3135 | Train Acc 94.8370 | Valid Acc 92.1875
2026-07-13 08:39:52 | Validation loss decreased (0.315984 --> 0.313513) in epoch (62). Saving model ...
2026-07-13 08:39:53 | TestSub: S7 | Epoch 63/100 Finsh | Now_lr 0.0005/0.0005 | Train Loss 0.2155 | Valid Loss 0.3063 | Train Acc 94.7011 | Valid Acc 89.0625
2026-07-13 08:39:53 | Validation loss decreased (0.313513 --> 0.306308) in epoch (63). Saving model ...
2026-07-13 08:39:53 | TestSub: S7 | Epoch 64/100 Finsh | Now_lr 0.0005/0.0005 | Train Loss 0.2177 | Valid Loss 0.3004 | Train Acc 94.2935 | Valid Acc 89.0625
2026-07-13 08:39:53 | Validation loss decreased (0.306308 --> 0.300416) in epoch (64). Saving model ...
2026-07-13 08:39:54 | TestSub: S7 | Epoch 65/100 Finsh | Now_lr 0.0005/0.0005 | Train Loss 0.2265 | Valid Loss 0.2942 | Train Acc 94.5652 | Valid Acc 90.6250
2026-07-13 08:39:54 | Validation loss decreased (0.300416 --> 0.294249) in epoch (65). Saving model ...
2026-07-13 08:39:54 | TestSub: S7 | Epoch 66/100 Finsh | Now_lr 0.0005/0.0005 | Train Loss 0.2152 | Valid Loss 0.2964 | Train Acc 94.7011 | Valid Acc 89.0625
2026-07-13 08:39:55 | TestSub: S7 | Epoch 67/100 Finsh | Now_lr 0.0005/0.0005 | Train Loss 0.2194 | Valid Loss 0.2987 | Train Acc 93.7500 | Valid Acc 89.0625
2026-07-13 08:39:55 | TestSub: S7 | Epoch 68/100 Finsh | Now_lr 0.0005/0.0005 | Train Loss 0.2119 | Valid Loss 0.2888 | Train Acc 94.1576 | Valid Acc 92.1875
2026-07-13 08:39:55 | Validation loss decreased (0.294249 --> 0.288830) in epoch (68). Saving model ...
2026-07-13 08:39:56 | TestSub: S7 | Epoch 69/100 Finsh | Now_lr 0.0005/0.0005 | Train Loss 0.2187 | Valid Loss 0.2931 | Train Acc 93.8859 | Valid Acc 92.1875
2026-07-13 08:39:56 | TestSub: S7 | Epoch 70/100 Finsh | Now_lr 0.0005/0.0005 | Train Loss 0.2126 | Valid Loss 0.2855 | Train Acc 93.4783 | Valid Acc 90.6250
2026-07-13 08:39:56 | Validation loss decreased (0.288830 --> 0.285468) in epoch (70). Saving model ...
2026-07-13 08:39:57 | TestSub: S7 | Epoch 71/100 Finsh | Now_lr 0.0005/0.0005 | Train Loss 0.1915 | Valid Loss 0.2816 | Train Acc 95.6522 | Valid Acc 92.1875
2026-07-13 08:39:57 | Validation loss decreased (0.285468 --> 0.281644) in epoch (71). Saving model ...
2026-07-13 08:39:57 | TestSub: S7 | Epoch 72/100 Finsh | Now_lr 0.0005/0.0005 | Train Loss 0.2112 | Valid Loss 0.2749 | Train Acc 94.0217 | Valid Acc 92.1875
2026-07-13 08:39:57 | Validation loss decreased (0.281644 --> 0.274936) in epoch (72). Saving model ...
2026-07-13 08:39:57 | TestSub: S7 | Epoch 73/100 Finsh | Now_lr 0.0005/0.0005 | Train Loss 0.1937 | Valid Loss 0.2746 | Train Acc 95.7880 | Valid Acc 87.5000
2026-07-13 08:39:57 | Validation loss decreased (0.274936 --> 0.274559) in epoch (73). Saving model ...
2026-07-13 08:39:58 | TestSub: S7 | Epoch 74/100 Finsh | Now_lr 0.0005/0.0005 | Train Loss 0.2023 | Valid Loss 0.2772 | Train Acc 94.4293 | Valid Acc 87.5000
2026-07-13 08:39:58 | TestSub: S7 | Epoch 75/100 Finsh | Now_lr 0.0005/0.0005 | Train Loss 0.1954 | Valid Loss 0.2734 | Train Acc 95.3804 | Valid Acc 89.0625
2026-07-13 08:39:58 | Validation loss decreased (0.274559 --> 0.273417) in epoch (75). Saving model ...
2026-07-13 08:39:59 | TestSub: S7 | Epoch 76/100 Finsh | Now_lr 0.0005/0.0005 | Train Loss 0.2015 | Valid Loss 0.2788 | Train Acc 93.3424 | Valid Acc 89.0625
2026-07-13 08:39:59 | TestSub: S7 | Epoch 77/100 Finsh | Now_lr 0.0005/0.0005 | Train Loss 0.1836 | Valid Loss 0.2817 | Train Acc 95.2446 | Valid Acc 92.1875
2026-07-13 08:39:59 | TestSub: S7 | Epoch 78/100 Finsh | Now_lr 0.0005/0.0005 | Train Loss 0.1836 | Valid Loss 0.2692 | Train Acc 95.7880 | Valid Acc 90.6250
2026-07-13 08:39:59 | Validation loss decreased (0.273417 --> 0.269207) in epoch (78). Saving model ...
2026-07-13 08:40:00 | TestSub: S7 | Epoch 79/100 Finsh | Now_lr 0.0005/0.0005 | Train Loss 0.1809 | Valid Loss 0.2748 | Train Acc 94.1576 | Valid Acc 90.6250
2026-07-13 08:40:00 | TestSub: S7 | Epoch 80/100 Finsh | Now_lr 0.0005/0.0005 | Train Loss 0.2152 | Valid Loss 0.2763 | Train Acc 93.2065 | Valid Acc 90.6250
2026-07-13 08:40:00 | TestSub: S7 | Epoch 81/100 Finsh | Now_lr 0.0005/0.0005 | Train Loss 0.1796 | Valid Loss 0.2662 | Train Acc 95.6522 | Valid Acc 89.0625
2026-07-13 08:40:00 | Validation loss decreased (0.269207 --> 0.266211) in epoch (81). Saving model ...
2026-07-13 08:40:01 | TestSub: S7 | Epoch 82/100 Finsh | Now_lr 0.0005/0.0005 | Train Loss 0.1682 | Valid Loss 0.2653 | Train Acc 95.9239 | Valid Acc 90.6250
2026-07-13 08:40:01 | Validation loss decreased (0.266211 --> 0.265336) in epoch (82). Saving model ...
2026-07-13 08:40:01 | TestSub: S7 | Epoch 83/100 Finsh | Now_lr 0.0005/0.0005 | Train Loss 0.1841 | Valid Loss 0.2559 | Train Acc 94.1576 | Valid Acc 90.6250
2026-07-13 08:40:01 | Validation loss decreased (0.265336 --> 0.255856) in epoch (83). Saving model ...
2026-07-13 08:40:02 | TestSub: S7 | Epoch 84/100 Finsh | Now_lr 0.0005/0.0005 | Train Loss 0.1745 | Valid Loss 0.2495 | Train Acc 95.9239 | Valid Acc 90.6250
2026-07-13 08:40:02 | Validation loss decreased (0.255856 --> 0.249510) in epoch (84). Saving model ...
2026-07-13 08:40:02 | TestSub: S7 | Epoch 85/100 Finsh | Now_lr 0.0005/0.0005 | Train Loss 0.1563 | Valid Loss 0.2523 | Train Acc 96.4674 | Valid Acc 89.0625
2026-07-13 08:40:03 | TestSub: S7 | Epoch 86/100 Finsh | Now_lr 0.0005/0.0005 | Train Loss 0.1658 | Valid Loss 0.2494 | Train Acc 96.0598 | Valid Acc 92.1875
2026-07-13 08:40:03 | Validation loss decreased (0.249510 --> 0.249430) in epoch (86). Saving model ...
2026-07-13 08:40:03 | TestSub: S7 | Epoch 87/100 Finsh | Now_lr 0.0005/0.0005 | Train Loss 0.1763 | Valid Loss 0.2422 | Train Acc 95.2446 | Valid Acc 95.3125
2026-07-13 08:40:03 | Validation loss decreased (0.249430 --> 0.242221) in epoch (87). Saving model ...
2026-07-13 08:40:04 | TestSub: S7 | Epoch 88/100 Finsh | Now_lr 0.0005/0.0005 | Train Loss 0.1624 | Valid Loss 0.2370 | Train Acc 96.1957 | Valid Acc 92.1875
2026-07-13 08:40:04 | Validation loss decreased (0.242221 --> 0.237023) in epoch (88). Saving model ...
2026-07-13 08:40:04 | TestSub: S7 | Epoch 89/100 Finsh | Now_lr 0.0005/0.0005 | Train Loss 0.1787 | Valid Loss 0.2466 | Train Acc 94.9728 | Valid Acc 92.1875
2026-07-13 08:40:04 | TestSub: S7 | Epoch 90/100 Finsh | Now_lr 0.0005/0.0005 | Train Loss 0.1771 | Valid Loss 0.2376 | Train Acc 94.4293 | Valid Acc 93.7500
2026-07-13 08:40:05 | TestSub: S7 | Epoch 91/100 Finsh | Now_lr 0.0005/0.0005 | Train Loss 0.1667 | Valid Loss 0.2366 | Train Acc 95.7880 | Valid Acc 93.7500
2026-07-13 08:40:05 | Validation loss decreased (0.237023 --> 0.236582) in epoch (91). Saving model ...
2026-07-13 08:40:05 | TestSub: S7 | Epoch 92/100 Finsh | Now_lr 0.0005/0.0005 | Train Loss 0.1709 | Valid Loss 0.2419 | Train Acc 94.7011 | Valid Acc 89.0625
2026-07-13 08:40:06 | TestSub: S7 | Epoch 93/100 Finsh | Now_lr 0.0005/0.0005 | Train Loss 0.1625 | Valid Loss 0.2361 | Train Acc 96.8750 | Valid Acc 93.7500
2026-07-13 08:40:06 | Validation loss decreased (0.236582 --> 0.236082) in epoch (93). Saving model ...
2026-07-13 08:40:06 | TestSub: S7 | Epoch 94/100 Finsh | Now_lr 0.0005/0.0005 | Train Loss 0.1612 | Valid Loss 0.2360 | Train Acc 95.5163 | Valid Acc 93.7500
2026-07-13 08:40:06 | Validation loss decreased (0.236082 --> 0.235997) in epoch (94). Saving model ...
2026-07-13 08:40:07 | TestSub: S7 | Epoch 95/100 Finsh | Now_lr 0.0005/0.0005 | Train Loss 0.1622 | Valid Loss 0.2460 | Train Acc 96.3315 | Valid Acc 92.1875
2026-07-13 08:40:07 | TestSub: S7 | Epoch 96/100 Finsh | Now_lr 0.0005/0.0005 | Train Loss 0.1612 | Valid Loss 0.2413 | Train Acc 95.7880 | Valid Acc 93.7500
2026-07-13 08:40:07 | TestSub: S7 | Epoch 97/100 Finsh | Now_lr 0.0005/0.0005 | Train Loss 0.1610 | Valid Loss 0.2430 | Train Acc 96.6033 | Valid Acc 90.6250
2026-07-13 08:40:08 | TestSub: S7 | Epoch 98/100 Finsh | Now_lr 0.0005/0.0005 | Train Loss 0.1492 | Valid Loss 0.2435 | Train Acc 96.6033 | Valid Acc 93.7500
2026-07-13 08:40:08 | TestSub: S7 | Epoch 99/100 Finsh | Now_lr 0.0005/0.0005 | Train Loss 0.1570 | Valid Loss 0.2328 | Train Acc 95.6522 | Valid Acc 92.1875
2026-07-13 08:40:08 | Validation loss decreased (0.235997 --> 0.232779) in epoch (99). Saving model ...
2026-07-13 08:40:09 | TestSub: S7 | Epoch 100/100 Finsh | Now_lr 0.0005/0.0005 | Train Loss 0.1569 | Valid Loss 0.2109 | Train Acc 96.4674 | Valid Acc 95.3125
2026-07-13 08:40:09 | Validation loss decreased (0.232779 --> 0.210917) in epoch (100). Saving model ...
2026-07-13 08:40:09 | --------------------------------------------------
2026-07-13 08:40:09 | Test_Subject :S7 | Best epoch:100 | Test Loss:0.8073 | Savemodel Acc 54.1667
2026-07-13 08:40:09 | --------------------------------------------------
2026-07-13 08:40:09 | Best epoch: 100 | Test acc: 54.1667
