2026-07-13 09:59:58 | Logging started: ./writer/Subject_dependent_AAD/AVEDao/0.1s/result//Train0.1s_sub4.log
2026-07-13 10:00:01 | Sub_id: 4
2026-07-13 10:00:11 | TestSub: S4 | Epoch  1/100 Finsh | Now_lr 0.0005/0.0005 | Train Loss 0.6946 | Valid Loss 0.6880 | Train Acc 51.1433 | Valid Acc 52.9095
2026-07-13 10:00:11 | Validation loss decreased (inf --> 0.687962) in epoch (1). Saving model ...
2026-07-13 10:00:20 | TestSub: S4 | Epoch  2/100 Finsh | Now_lr 0.0005/0.0005 | Train Loss 0.6897 | Valid Loss 0.6873 | Train Acc 52.2389 | Valid Acc 53.7716
2026-07-13 10:00:20 | Validation loss decreased (0.687962 --> 0.687254) in epoch (2). Saving model ...
2026-07-13 10:00:29 | TestSub: S4 | Epoch  3/100 Finsh | Now_lr 0.0005/0.0005 | Train Loss 0.6884 | Valid Loss 0.6856 | Train Acc 53.1679 | Valid Acc 55.1509
2026-07-13 10:00:29 | Validation loss decreased (0.687254 --> 0.685565) in epoch (3). Saving model ...
2026-07-13 10:00:38 | TestSub: S4 | Epoch  4/100 Finsh | Now_lr 0.0005/0.0005 | Train Loss 0.6863 | Valid Loss 0.6832 | Train Acc 54.1087 | Valid Acc 56.5948
2026-07-13 10:00:38 | Validation loss decreased (0.685565 --> 0.683158) in epoch (4). Saving model ...
2026-07-13 10:00:47 | TestSub: S4 | Epoch  5/100 Finsh | Now_lr 0.0005/0.0005 | Train Loss 0.6847 | Valid Loss 0.6811 | Train Acc 54.7875 | Valid Acc 56.8103
2026-07-13 10:00:47 | Validation loss decreased (0.683158 --> 0.681136) in epoch (5). Saving model ...
2026-07-13 10:00:56 | TestSub: S4 | Epoch  6/100 Finsh | Now_lr 0.0005/0.0005 | Train Loss 0.6822 | Valid Loss 0.6779 | Train Acc 55.7617 | Valid Acc 56.9397
2026-07-13 10:00:56 | Validation loss decreased (0.681136 --> 0.677861) in epoch (6). Saving model ...
2026-07-13 10:01:05 | TestSub: S4 | Epoch  7/100 Finsh | Now_lr 0.0005/0.0005 | Train Loss 0.6811 | Valid Loss 0.6768 | Train Acc 56.3357 | Valid Acc 57.3922
2026-07-13 10:01:05 | Validation loss decreased (0.677861 --> 0.676822) in epoch (7). Saving model ...
2026-07-13 10:01:14 | TestSub: S4 | Epoch  8/100 Finsh | Now_lr 0.0005/0.0005 | Train Loss 0.6797 | Valid Loss 0.6754 | Train Acc 56.4382 | Valid Acc 57.6293
2026-07-13 10:01:14 | Validation loss decreased (0.676822 --> 0.675390) in epoch (8). Saving model ...
2026-07-13 10:01:23 | TestSub: S4 | Epoch  9/100 Finsh | Now_lr 0.0005/0.0005 | Train Loss 0.6776 | Valid Loss 0.6746 | Train Acc 57.0003 | Valid Acc 58.2759
2026-07-13 10:01:23 | Validation loss decreased (0.675390 --> 0.674585) in epoch (9). Saving model ...
2026-07-13 10:01:32 | TestSub: S4 | Epoch 10/100 Finsh | Now_lr 0.0005/0.0005 | Train Loss 0.6774 | Valid Loss 0.6741 | Train Acc 56.6311 | Valid Acc 58.6638
2026-07-13 10:01:32 | Validation loss decreased (0.674585 --> 0.674128) in epoch (10). Saving model ...
2026-07-13 10:01:41 | TestSub: S4 | Epoch 11/100 Finsh | Now_lr 0.0005/0.0005 | Train Loss 0.6768 | Valid Loss 0.6719 | Train Acc 56.8526 | Valid Acc 58.5560
2026-07-13 10:01:41 | Validation loss decreased (0.674128 --> 0.671930) in epoch (11). Saving model ...
2026-07-13 10:01:50 | TestSub: S4 | Epoch 12/100 Finsh | Now_lr 0.0005/0.0005 | Train Loss 0.6762 | Valid Loss 0.6715 | Train Acc 56.8455 | Valid Acc 58.9871
2026-07-13 10:01:50 | Validation loss decreased (0.671930 --> 0.671455) in epoch (12). Saving model ...
2026-07-13 10:01:59 | TestSub: S4 | Epoch 13/100 Finsh | Now_lr 0.0005/0.0005 | Train Loss 0.6750 | Valid Loss 0.6705 | Train Acc 57.5148 | Valid Acc 59.3103
2026-07-13 10:01:59 | Validation loss decreased (0.671455 --> 0.670541) in epoch (13). Saving model ...
2026-07-13 10:02:10 | TestSub: S4 | Epoch 14/100 Finsh | Now_lr 0.0005/0.0005 | Train Loss 0.6743 | Valid Loss 0.6700 | Train Acc 57.7006 | Valid Acc 59.1164
2026-07-13 10:02:10 | Validation loss decreased (0.670541 --> 0.669954) in epoch (14). Saving model ...
2026-07-13 10:02:20 | TestSub: S4 | Epoch 15/100 Finsh | Now_lr 0.0005/0.0005 | Train Loss 0.6765 | Valid Loss 0.6714 | Train Acc 57.1289 | Valid Acc 59.2026
2026-07-13 10:02:29 | TestSub: S4 | Epoch 16/100 Finsh | Now_lr 0.0005/0.0005 | Train Loss 0.6737 | Valid Loss 0.6701 | Train Acc 57.8959 | Valid Acc 59.8707
2026-07-13 10:02:38 | TestSub: S4 | Epoch 17/100 Finsh | Now_lr 0.0005/0.0005 | Train Loss 0.6731 | Valid Loss 0.6690 | Train Acc 57.6529 | Valid Acc 59.8276
2026-07-13 10:02:38 | Validation loss decreased (0.669954 --> 0.669015) in epoch (17). Saving model ...
2026-07-13 10:02:48 | TestSub: S4 | Epoch 18/100 Finsh | Now_lr 0.0005/0.0005 | Train Loss 0.6740 | Valid Loss 0.6675 | Train Acc 57.6791 | Valid Acc 60.0000
2026-07-13 10:02:48 | Validation loss decreased (0.669015 --> 0.667499) in epoch (18). Saving model ...
2026-07-13 10:02:59 | TestSub: S4 | Epoch 19/100 Finsh | Now_lr 0.0005/0.0005 | Train Loss 0.6728 | Valid Loss 0.6677 | Train Acc 58.0197 | Valid Acc 59.5690
2026-07-13 10:03:09 | TestSub: S4 | Epoch 20/100 Finsh | Now_lr 0.0005/0.0005 | Train Loss 0.6713 | Valid Loss 0.6677 | Train Acc 58.2627 | Valid Acc 59.7414
2026-07-13 10:03:20 | TestSub: S4 | Epoch 21/100 Finsh | Now_lr 0.0005/0.0005 | Train Loss 0.6704 | Valid Loss 0.6667 | Train Acc 58.2174 | Valid Acc 59.7629
2026-07-13 10:03:20 | Validation loss decreased (0.667499 --> 0.666745) in epoch (21). Saving model ...
2026-07-13 10:03:30 | TestSub: S4 | Epoch 22/100 Finsh | Now_lr 0.0005/0.0005 | Train Loss 0.6708 | Valid Loss 0.6666 | Train Acc 57.9602 | Valid Acc 59.6552
2026-07-13 10:03:30 | Validation loss decreased (0.666745 --> 0.666593) in epoch (22). Saving model ...
2026-07-13 10:03:40 | TestSub: S4 | Epoch 23/100 Finsh | Now_lr 0.0005/0.0005 | Train Loss 0.6701 | Valid Loss 0.6652 | Train Acc 58.4508 | Valid Acc 59.8060
2026-07-13 10:03:40 | Validation loss decreased (0.666593 --> 0.665233) in epoch (23). Saving model ...
2026-07-13 10:03:49 | TestSub: S4 | Epoch 24/100 Finsh | Now_lr 0.0005/0.0005 | Train Loss 0.6707 | Valid Loss 0.6656 | Train Acc 58.2913 | Valid Acc 59.3966
2026-07-13 10:04:00 | TestSub: S4 | Epoch 25/100 Finsh | Now_lr 0.0005/0.0005 | Train Loss 0.6702 | Valid Loss 0.6644 | Train Acc 58.5675 | Valid Acc 59.8922
2026-07-13 10:04:00 | Validation loss decreased (0.665233 --> 0.664410) in epoch (25). Saving model ...
2026-07-13 10:04:09 | TestSub: S4 | Epoch 26/100 Finsh | Now_lr 0.0005/0.0005 | Train Loss 0.6709 | Valid Loss 0.6641 | Train Acc 57.7315 | Valid Acc 60.0431
2026-07-13 10:04:09 | Validation loss decreased (0.664410 --> 0.664081) in epoch (26). Saving model ...
2026-07-13 10:04:19 | TestSub: S4 | Epoch 27/100 Finsh | Now_lr 0.0005/0.0005 | Train Loss 0.6701 | Valid Loss 0.6641 | Train Acc 58.1317 | Valid Acc 60.4310
2026-07-13 10:04:29 | TestSub: S4 | Epoch 28/100 Finsh | Now_lr 0.0005/0.0005 | Train Loss 0.6701 | Valid Loss 0.6636 | Train Acc 58.1960 | Valid Acc 60.0431
2026-07-13 10:04:29 | Validation loss decreased (0.664081 --> 0.663645) in epoch (28). Saving model ...
2026-07-13 10:04:38 | TestSub: S4 | Epoch 29/100 Finsh | Now_lr 0.0005/0.0005 | Train Loss 0.6692 | Valid Loss 0.6640 | Train Acc 58.6866 | Valid Acc 60.1078
2026-07-13 10:04:47 | TestSub: S4 | Epoch 30/100 Finsh | Now_lr 0.0005/0.0005 | Train Loss 0.6688 | Valid Loss 0.6636 | Train Acc 58.7629 | Valid Acc 59.6767
2026-07-13 10:04:47 | Validation loss decreased (0.663645 --> 0.663621) in epoch (30). Saving model ...
2026-07-13 10:04:56 | TestSub: S4 | Epoch 31/100 Finsh | Now_lr 0.0005/0.0005 | Train Loss 0.6687 | Valid Loss 0.6640 | Train Acc 58.5628 | Valid Acc 60.5172
2026-07-13 10:05:05 | TestSub: S4 | Epoch 32/100 Finsh | Now_lr 0.0005/0.0005 | Train Loss 0.6680 | Valid Loss 0.6633 | Train Acc 58.6057 | Valid Acc 60.1724
2026-07-13 10:05:05 | Validation loss decreased (0.663621 --> 0.663264) in epoch (32). Saving model ...
2026-07-13 10:05:14 | TestSub: S4 | Epoch 33/100 Finsh | Now_lr 0.0005/0.0005 | Train Loss 0.6688 | Valid Loss 0.6640 | Train Acc 58.5652 | Valid Acc 60.4526
2026-07-13 10:05:23 | TestSub: S4 | Epoch 34/100 Finsh | Now_lr 0.0005/0.0005 | Train Loss 0.6676 | Valid Loss 0.6632 | Train Acc 58.9534 | Valid Acc 60.7543
2026-07-13 10:05:23 | Validation loss decreased (0.663264 --> 0.663211) in epoch (34). Saving model ...
2026-07-13 10:05:32 | TestSub: S4 | Epoch 35/100 Finsh | Now_lr 0.0005/0.0005 | Train Loss 0.6664 | Valid Loss 0.6628 | Train Acc 58.8200 | Valid Acc 61.1207
2026-07-13 10:05:32 | Validation loss decreased (0.663211 --> 0.662825) in epoch (35). Saving model ...
2026-07-13 10:05:41 | TestSub: S4 | Epoch 36/100 Finsh | Now_lr 0.0005/0.0005 | Train Loss 0.6666 | Valid Loss 0.6622 | Train Acc 59.1630 | Valid Acc 60.9052
2026-07-13 10:05:41 | Validation loss decreased (0.662825 --> 0.662237) in epoch (36). Saving model ...
2026-07-13 10:05:50 | TestSub: S4 | Epoch 37/100 Finsh | Now_lr 0.0005/0.0005 | Train Loss 0.6673 | Valid Loss 0.6629 | Train Acc 58.8248 | Valid Acc 60.8836
2026-07-13 10:05:59 | TestSub: S4 | Epoch 38/100 Finsh | Now_lr 0.0005/0.0005 | Train Loss 0.6666 | Valid Loss 0.6620 | Train Acc 59.1106 | Valid Acc 60.7112
2026-07-13 10:05:59 | Validation loss decreased (0.662237 --> 0.661955) in epoch (38). Saving model ...
2026-07-13 10:06:08 | TestSub: S4 | Epoch 39/100 Finsh | Now_lr 0.0005/0.0005 | Train Loss 0.6668 | Valid Loss 0.6632 | Train Acc 58.9439 | Valid Acc 60.6897
2026-07-13 10:06:17 | TestSub: S4 | Epoch 40/100 Finsh | Now_lr 0.0005/0.0005 | Train Loss 0.6657 | Valid Loss 0.6616 | Train Acc 59.2345 | Valid Acc 60.6897
2026-07-13 10:06:17 | Validation loss decreased (0.661955 --> 0.661646) in epoch (40). Saving model ...
2026-07-13 10:06:26 | TestSub: S4 | Epoch 41/100 Finsh | Now_lr 0.0005/0.0005 | Train Loss 0.6666 | Valid Loss 0.6626 | Train Acc 59.0677 | Valid Acc 60.8621
2026-07-13 10:06:35 | TestSub: S4 | Epoch 42/100 Finsh | Now_lr 0.0005/0.0005 | Train Loss 0.6659 | Valid Loss 0.6630 | Train Acc 59.1368 | Valid Acc 61.0560
2026-07-13 10:06:44 | TestSub: S4 | Epoch 43/100 Finsh | Now_lr 0.0005/0.0005 | Train Loss 0.6659 | Valid Loss 0.6631 | Train Acc 59.2559 | Valid Acc 61.0560
2026-07-13 10:06:53 | TestSub: S4 | Epoch 44/100 Finsh | Now_lr 0.0005/0.0005 | Train Loss 0.6667 | Valid Loss 0.6631 | Train Acc 59.0034 | Valid Acc 60.6681
2026-07-13 10:07:02 | TestSub: S4 | Epoch 45/100 Finsh | Now_lr 0.0005/0.0005 | Train Loss 0.6659 | Valid Loss 0.6626 | Train Acc 58.9463 | Valid Acc 61.0345
2026-07-13 10:07:11 | TestSub: S4 | Epoch 46/100 Finsh | Now_lr 0.0005/0.0005 | Train Loss 0.6676 | Valid Loss 0.6629 | Train Acc 58.4199 | Valid Acc 60.9698
2026-07-13 10:07:20 | TestSub: S4 | Epoch 47/100 Finsh | Now_lr 0.0005/0.0005 | Train Loss 0.6648 | Valid Loss 0.6619 | Train Acc 59.0558 | Valid Acc 61.0560
2026-07-13 10:07:29 | TestSub: S4 | Epoch 48/100 Finsh | Now_lr 0.0005/0.0005 | Train Loss 0.6663 | Valid Loss 0.6625 | Train Acc 58.9534 | Valid Acc 60.8621
2026-07-13 10:07:38 | TestSub: S4 | Epoch 49/100 Finsh | Now_lr 0.0005/0.0005 | Train Loss 0.6650 | Valid Loss 0.6629 | Train Acc 59.3178 | Valid Acc 60.9698
2026-07-13 10:07:46 | TestSub: S4 | Epoch 50/100 Finsh | Now_lr 0.0005/0.0005 | Train Loss 0.6656 | Valid Loss 0.6625 | Train Acc 59.3202 | Valid Acc 60.6466
2026-07-13 10:07:55 | TestSub: S4 | Epoch 51/100 Finsh | Now_lr 0.0005/0.0005 | Train Loss 0.6661 | Valid Loss 0.6634 | Train Acc 58.9915 | Valid Acc 61.3578
2026-07-13 10:08:04 | TestSub: S4 | Epoch 52/100 Finsh | Now_lr 0.0005/0.0005 | Train Loss 0.6639 | Valid Loss 0.6628 | Train Acc 59.2392 | Valid Acc 61.0991
2026-07-13 10:08:13 | TestSub: S4 | Epoch 53/100 Finsh | Now_lr 0.0005/0.0005 | Train Loss 0.6636 | Valid Loss 0.6618 | Train Acc 59.3941 | Valid Acc 61.1638
2026-07-13 10:08:22 | TestSub: S4 | Epoch 54/100 Finsh | Now_lr 0.0005/0.0005 | Train Loss 0.6651 | Valid Loss 0.6626 | Train Acc 59.0249 | Valid Acc 60.7328
2026-07-13 10:08:31 | TestSub: S4 | Epoch 55/100 Finsh | Now_lr 0.0005/0.0005 | Train Loss 0.6643 | Valid Loss 0.6623 | Train Acc 59.2297 | Valid Acc 60.9483
2026-07-13 10:08:40 | TestSub: S4 | Epoch 56/100 Finsh | Now_lr 0.0005/0.0005 | Train Loss 0.6647 | Valid Loss 0.6624 | Train Acc 59.1845 | Valid Acc 61.3578
2026-07-13 10:08:49 | TestSub: S4 | Epoch 57/100 Finsh | Now_lr 0.0005/0.0005 | Train Loss 0.6641 | Valid Loss 0.6625 | Train Acc 59.5655 | Valid Acc 60.6034
2026-07-13 10:08:58 | TestSub: S4 | Epoch 58/100 Finsh | Now_lr 0.0005/0.0005 | Train Loss 0.6631 | Valid Loss 0.6627 | Train Acc 59.7680 | Valid Acc 60.6897
2026-07-13 10:09:07 | TestSub: S4 | Epoch 59/100 Finsh | Now_lr 0.0005/0.0005 | Train Loss 0.6625 | Valid Loss 0.6618 | Train Acc 59.5370 | Valid Acc 61.4655
2026-07-13 10:09:16 | TestSub: S4 | Epoch 60/100 Finsh | Now_lr 0.0005/0.0005 | Train Loss 0.6641 | Valid Loss 0.6619 | Train Acc 59.0844 | Valid Acc 61.1422
2026-07-13 10:09:26 | TestSub: S4 | Epoch 61/100 Finsh | Now_lr 0.0005/0.0005 | Train Loss 0.6629 | Valid Loss 0.6620 | Train Acc 59.5894 | Valid Acc 60.9052
2026-07-13 10:09:26 | Early stopping at epoch 61!
2026-07-13 10:09:27 | --------------------------------------------------
2026-07-13 10:09:27 | Test_Subject :S4 | Best epoch:40 | Test Loss:0.6641 | Savemodel Acc 60.0887
2026-07-13 10:09:27 | --------------------------------------------------
2026-07-13 10:09:27 | Best epoch: 40 | Test acc: 60.0887
