2026-07-13 11:20:49 | Logging started: ./writer/Subject_dependent_AAD/AVEDao/0.1s/result//Train0.1s_sub10.log
2026-07-13 11:20:52 | Sub_id: 10
2026-07-13 11:21:02 | TestSub: S10 | Epoch  1/100 Finsh | Now_lr 0.0005/0.0005 | Train Loss 0.6974 | Valid Loss 0.6933 | Train Acc 49.9262 | Valid Acc 50.4741
2026-07-13 11:21:02 | Validation loss decreased (inf --> 0.693321) in epoch (1). Saving model ...
2026-07-13 11:21:11 | TestSub: S10 | Epoch  2/100 Finsh | Now_lr 0.0005/0.0005 | Train Loss 0.6928 | Valid Loss 0.6926 | Train Acc 51.0290 | Valid Acc 51.6810
2026-07-13 11:21:11 | Validation loss decreased (0.693321 --> 0.692566) in epoch (2). Saving model ...
2026-07-13 11:21:22 | TestSub: S10 | Epoch  3/100 Finsh | Now_lr 0.0005/0.0005 | Train Loss 0.6921 | Valid Loss 0.6917 | Train Acc 52.1008 | Valid Acc 53.2759
2026-07-13 11:21:22 | Validation loss decreased (0.692566 --> 0.691731) in epoch (3). Saving model ...
2026-07-13 11:21:31 | TestSub: S10 | Epoch  4/100 Finsh | Now_lr 0.0005/0.0005 | Train Loss 0.6910 | Valid Loss 0.6904 | Train Acc 52.7010 | Valid Acc 53.1034
2026-07-13 11:21:31 | Validation loss decreased (0.691731 --> 0.690448) in epoch (4). Saving model ...
2026-07-13 11:21:41 | TestSub: S10 | Epoch  5/100 Finsh | Now_lr 0.0005/0.0005 | Train Loss 0.6900 | Valid Loss 0.6893 | Train Acc 53.1631 | Valid Acc 54.5043
2026-07-13 11:21:41 | Validation loss decreased (0.690448 --> 0.689289) in epoch (5). Saving model ...
2026-07-13 11:21:49 | TestSub: S10 | Epoch  6/100 Finsh | Now_lr 0.0005/0.0005 | Train Loss 0.6884 | Valid Loss 0.6871 | Train Acc 53.9253 | Valid Acc 55.1509
2026-07-13 11:21:49 | Validation loss decreased (0.689289 --> 0.687131) in epoch (6). Saving model ...
2026-07-13 11:21:58 | TestSub: S10 | Epoch  7/100 Finsh | Now_lr 0.0005/0.0005 | Train Loss 0.6870 | Valid Loss 0.6860 | Train Acc 54.2564 | Valid Acc 55.2586
2026-07-13 11:21:58 | Validation loss decreased (0.687131 --> 0.686037) in epoch (7). Saving model ...
2026-07-13 11:22:07 | TestSub: S10 | Epoch  8/100 Finsh | Now_lr 0.0005/0.0005 | Train Loss 0.6860 | Valid Loss 0.6855 | Train Acc 54.8233 | Valid Acc 55.2586
2026-07-13 11:22:07 | Validation loss decreased (0.686037 --> 0.685519) in epoch (8). Saving model ...
2026-07-13 11:22:16 | TestSub: S10 | Epoch  9/100 Finsh | Now_lr 0.0005/0.0005 | Train Loss 0.6855 | Valid Loss 0.6847 | Train Acc 54.6994 | Valid Acc 55.8405
2026-07-13 11:22:16 | Validation loss decreased (0.685519 --> 0.684725) in epoch (9). Saving model ...
2026-07-13 11:22:25 | TestSub: S10 | Epoch 10/100 Finsh | Now_lr 0.0005/0.0005 | Train Loss 0.6833 | Valid Loss 0.6828 | Train Acc 55.3425 | Valid Acc 56.4655
2026-07-13 11:22:25 | Validation loss decreased (0.684725 --> 0.682800) in epoch (10). Saving model ...
2026-07-13 11:22:34 | TestSub: S10 | Epoch 11/100 Finsh | Now_lr 0.0005/0.0005 | Train Loss 0.6830 | Valid Loss 0.6823 | Train Acc 55.6522 | Valid Acc 56.6379
2026-07-13 11:22:34 | Validation loss decreased (0.682800 --> 0.682291) in epoch (11). Saving model ...
2026-07-13 11:22:43 | TestSub: S10 | Epoch 12/100 Finsh | Now_lr 0.0005/0.0005 | Train Loss 0.6832 | Valid Loss 0.6815 | Train Acc 55.3330 | Valid Acc 57.0043
2026-07-13 11:22:43 | Validation loss decreased (0.682291 --> 0.681547) in epoch (12). Saving model ...
2026-07-13 11:22:52 | TestSub: S10 | Epoch 13/100 Finsh | Now_lr 0.0005/0.0005 | Train Loss 0.6823 | Valid Loss 0.6810 | Train Acc 55.8165 | Valid Acc 56.8534
2026-07-13 11:22:52 | Validation loss decreased (0.681547 --> 0.680961) in epoch (13). Saving model ...
2026-07-13 11:23:01 | TestSub: S10 | Epoch 14/100 Finsh | Now_lr 0.0005/0.0005 | Train Loss 0.6812 | Valid Loss 0.6815 | Train Acc 56.2429 | Valid Acc 56.1638
2026-07-13 11:23:10 | TestSub: S10 | Epoch 15/100 Finsh | Now_lr 0.0005/0.0005 | Train Loss 0.6819 | Valid Loss 0.6814 | Train Acc 55.8284 | Valid Acc 56.6164
2026-07-13 11:23:19 | TestSub: S10 | Epoch 16/100 Finsh | Now_lr 0.0005/0.0005 | Train Loss 0.6799 | Valid Loss 0.6806 | Train Acc 56.3548 | Valid Acc 57.0043
2026-07-13 11:23:19 | Validation loss decreased (0.680961 --> 0.680595) in epoch (16). Saving model ...
2026-07-13 11:23:28 | TestSub: S10 | Epoch 17/100 Finsh | Now_lr 0.0005/0.0005 | Train Loss 0.6796 | Valid Loss 0.6803 | Train Acc 56.1809 | Valid Acc 56.8534
2026-07-13 11:23:28 | Validation loss decreased (0.680595 --> 0.680265) in epoch (17). Saving model ...
2026-07-13 11:23:36 | TestSub: S10 | Epoch 18/100 Finsh | Now_lr 0.0005/0.0005 | Train Loss 0.6776 | Valid Loss 0.6799 | Train Acc 57.0646 | Valid Acc 56.8103
2026-07-13 11:23:36 | Validation loss decreased (0.680265 --> 0.679858) in epoch (18). Saving model ...
2026-07-13 11:23:45 | TestSub: S10 | Epoch 19/100 Finsh | Now_lr 0.0005/0.0005 | Train Loss 0.6789 | Valid Loss 0.6787 | Train Acc 56.4263 | Valid Acc 57.2198
2026-07-13 11:23:45 | Validation loss decreased (0.679858 --> 0.678733) in epoch (19). Saving model ...
2026-07-13 11:23:54 | TestSub: S10 | Epoch 20/100 Finsh | Now_lr 0.0005/0.0005 | Train Loss 0.6778 | Valid Loss 0.6784 | Train Acc 56.9503 | Valid Acc 57.5000
2026-07-13 11:23:54 | Validation loss decreased (0.678733 --> 0.678427) in epoch (20). Saving model ...
2026-07-13 11:24:03 | TestSub: S10 | Epoch 21/100 Finsh | Now_lr 0.0005/0.0005 | Train Loss 0.6771 | Valid Loss 0.6776 | Train Acc 57.1980 | Valid Acc 57.8664
2026-07-13 11:24:03 | Validation loss decreased (0.678427 --> 0.677598) in epoch (21). Saving model ...
2026-07-13 11:24:12 | TestSub: S10 | Epoch 22/100 Finsh | Now_lr 0.0005/0.0005 | Train Loss 0.6784 | Valid Loss 0.6788 | Train Acc 56.8050 | Valid Acc 56.6379
2026-07-13 11:24:21 | TestSub: S10 | Epoch 23/100 Finsh | Now_lr 0.0005/0.0005 | Train Loss 0.6777 | Valid Loss 0.6775 | Train Acc 57.0360 | Valid Acc 57.5216
2026-07-13 11:24:21 | Validation loss decreased (0.677598 --> 0.677471) in epoch (23). Saving model ...
2026-07-13 11:24:30 | TestSub: S10 | Epoch 24/100 Finsh | Now_lr 0.0005/0.0005 | Train Loss 0.6760 | Valid Loss 0.6770 | Train Acc 57.2194 | Valid Acc 57.1336
2026-07-13 11:24:30 | Validation loss decreased (0.677471 --> 0.677000) in epoch (24). Saving model ...
2026-07-13 11:24:39 | TestSub: S10 | Epoch 25/100 Finsh | Now_lr 0.0005/0.0005 | Train Loss 0.6765 | Valid Loss 0.6770 | Train Acc 57.2909 | Valid Acc 56.8966
2026-07-13 11:24:48 | TestSub: S10 | Epoch 26/100 Finsh | Now_lr 0.0005/0.0005 | Train Loss 0.6757 | Valid Loss 0.6774 | Train Acc 57.2837 | Valid Acc 57.0043
2026-07-13 11:24:57 | TestSub: S10 | Epoch 27/100 Finsh | Now_lr 0.0005/0.0005 | Train Loss 0.6753 | Valid Loss 0.6771 | Train Acc 57.5600 | Valid Acc 57.3491
2026-07-13 11:25:06 | TestSub: S10 | Epoch 28/100 Finsh | Now_lr 0.0005/0.0005 | Train Loss 0.6759 | Valid Loss 0.6763 | Train Acc 57.2004 | Valid Acc 57.4784
2026-07-13 11:25:06 | Validation loss decreased (0.677000 --> 0.676275) in epoch (28). Saving model ...
2026-07-13 11:25:15 | TestSub: S10 | Epoch 29/100 Finsh | Now_lr 0.0005/0.0005 | Train Loss 0.6755 | Valid Loss 0.6765 | Train Acc 57.4243 | Valid Acc 57.5862
2026-07-13 11:25:23 | TestSub: S10 | Epoch 30/100 Finsh | Now_lr 0.0005/0.0005 | Train Loss 0.6755 | Valid Loss 0.6764 | Train Acc 57.3909 | Valid Acc 57.8664
2026-07-13 11:25:32 | TestSub: S10 | Epoch 31/100 Finsh | Now_lr 0.0005/0.0005 | Train Loss 0.6754 | Valid Loss 0.6759 | Train Acc 57.3147 | Valid Acc 57.5000
2026-07-13 11:25:32 | Validation loss decreased (0.676275 --> 0.675932) in epoch (31). Saving model ...
2026-07-13 11:25:41 | TestSub: S10 | Epoch 32/100 Finsh | Now_lr 0.0005/0.0005 | Train Loss 0.6726 | Valid Loss 0.6756 | Train Acc 57.9292 | Valid Acc 57.3276
2026-07-13 11:25:41 | Validation loss decreased (0.675932 --> 0.675605) in epoch (32). Saving model ...
2026-07-13 11:25:50 | TestSub: S10 | Epoch 33/100 Finsh | Now_lr 0.0005/0.0005 | Train Loss 0.6734 | Valid Loss 0.6762 | Train Acc 57.8720 | Valid Acc 57.5000
2026-07-13 11:25:59 | TestSub: S10 | Epoch 34/100 Finsh | Now_lr 0.0005/0.0005 | Train Loss 0.6738 | Valid Loss 0.6763 | Train Acc 58.0173 | Valid Acc 57.2845
2026-07-13 11:26:09 | TestSub: S10 | Epoch 35/100 Finsh | Now_lr 0.0005/0.0005 | Train Loss 0.6752 | Valid Loss 0.6754 | Train Acc 57.5076 | Valid Acc 57.6940
2026-07-13 11:26:09 | Validation loss decreased (0.675605 --> 0.675363) in epoch (35). Saving model ...
2026-07-13 11:26:18 | TestSub: S10 | Epoch 36/100 Finsh | Now_lr 0.0005/0.0005 | Train Loss 0.6728 | Valid Loss 0.6759 | Train Acc 58.2222 | Valid Acc 57.7155
2026-07-13 11:26:27 | TestSub: S10 | Epoch 37/100 Finsh | Now_lr 0.0005/0.0005 | Train Loss 0.6741 | Valid Loss 0.6748 | Train Acc 57.3981 | Valid Acc 58.3621
2026-07-13 11:26:27 | Validation loss decreased (0.675363 --> 0.674846) in epoch (37). Saving model ...
2026-07-13 11:26:36 | TestSub: S10 | Epoch 38/100 Finsh | Now_lr 0.0005/0.0005 | Train Loss 0.6726 | Valid Loss 0.6748 | Train Acc 57.9149 | Valid Acc 57.9526
2026-07-13 11:26:36 | Validation loss decreased (0.674846 --> 0.674810) in epoch (38). Saving model ...
2026-07-13 11:26:45 | TestSub: S10 | Epoch 39/100 Finsh | Now_lr 0.0005/0.0005 | Train Loss 0.6728 | Valid Loss 0.6751 | Train Acc 57.7363 | Valid Acc 57.9741
2026-07-13 11:26:54 | TestSub: S10 | Epoch 40/100 Finsh | Now_lr 0.0005/0.0005 | Train Loss 0.6730 | Valid Loss 0.6743 | Train Acc 57.9411 | Valid Acc 58.1897
2026-07-13 11:26:54 | Validation loss decreased (0.674810 --> 0.674260) in epoch (40). Saving model ...
2026-07-13 11:27:03 | TestSub: S10 | Epoch 41/100 Finsh | Now_lr 0.0005/0.0005 | Train Loss 0.6720 | Valid Loss 0.6750 | Train Acc 57.8887 | Valid Acc 58.1681
2026-07-13 11:27:12 | TestSub: S10 | Epoch 42/100 Finsh | Now_lr 0.0005/0.0005 | Train Loss 0.6715 | Valid Loss 0.6752 | Train Acc 58.0817 | Valid Acc 58.0819
2026-07-13 11:27:21 | TestSub: S10 | Epoch 43/100 Finsh | Now_lr 0.0005/0.0005 | Train Loss 0.6740 | Valid Loss 0.6750 | Train Acc 57.5743 | Valid Acc 57.5000
2026-07-13 11:27:30 | TestSub: S10 | Epoch 44/100 Finsh | Now_lr 0.0005/0.0005 | Train Loss 0.6727 | Valid Loss 0.6744 | Train Acc 57.7911 | Valid Acc 57.6724
2026-07-13 11:27:38 | TestSub: S10 | Epoch 45/100 Finsh | Now_lr 0.0005/0.0005 | Train Loss 0.6714 | Valid Loss 0.6736 | Train Acc 58.1031 | Valid Acc 58.3836
2026-07-13 11:27:38 | Validation loss decreased (0.674260 --> 0.673584) in epoch (45). Saving model ...
2026-07-13 11:27:47 | TestSub: S10 | Epoch 46/100 Finsh | Now_lr 0.0005/0.0005 | Train Loss 0.6719 | Valid Loss 0.6736 | Train Acc 58.2555 | Valid Acc 58.1897
2026-07-13 11:27:47 | Validation loss decreased (0.673584 --> 0.673570) in epoch (46). Saving model ...
2026-07-13 11:27:56 | TestSub: S10 | Epoch 47/100 Finsh | Now_lr 0.0005/0.0005 | Train Loss 0.6706 | Valid Loss 0.6737 | Train Acc 58.3175 | Valid Acc 58.1466
2026-07-13 11:28:05 | TestSub: S10 | Epoch 48/100 Finsh | Now_lr 0.0005/0.0005 | Train Loss 0.6714 | Valid Loss 0.6734 | Train Acc 58.2674 | Valid Acc 58.5991
2026-07-13 11:28:05 | Validation loss decreased (0.673570 --> 0.673406) in epoch (48). Saving model ...
2026-07-13 11:28:14 | TestSub: S10 | Epoch 49/100 Finsh | Now_lr 0.0005/0.0005 | Train Loss 0.6720 | Valid Loss 0.6741 | Train Acc 58.1460 | Valid Acc 57.4569
2026-07-13 11:28:23 | TestSub: S10 | Epoch 50/100 Finsh | Now_lr 0.0005/0.0005 | Train Loss 0.6708 | Valid Loss 0.6727 | Train Acc 58.0936 | Valid Acc 58.4698
2026-07-13 11:28:23 | Validation loss decreased (0.673406 --> 0.672736) in epoch (50). Saving model ...
2026-07-13 11:28:33 | TestSub: S10 | Epoch 51/100 Finsh | Now_lr 0.0005/0.0005 | Train Loss 0.6715 | Valid Loss 0.6746 | Train Acc 57.9125 | Valid Acc 57.8448
2026-07-13 11:28:41 | TestSub: S10 | Epoch 52/100 Finsh | Now_lr 0.0005/0.0005 | Train Loss 0.6698 | Valid Loss 0.6740 | Train Acc 58.5104 | Valid Acc 57.8448
2026-07-13 11:28:50 | TestSub: S10 | Epoch 53/100 Finsh | Now_lr 0.0005/0.0005 | Train Loss 0.6702 | Valid Loss 0.6739 | Train Acc 58.4246 | Valid Acc 58.2543
2026-07-13 11:28:59 | TestSub: S10 | Epoch 54/100 Finsh | Now_lr 0.0005/0.0005 | Train Loss 0.6709 | Valid Loss 0.6744 | Train Acc 58.2555 | Valid Acc 57.8017
2026-07-13 11:29:08 | TestSub: S10 | Epoch 55/100 Finsh | Now_lr 0.0005/0.0005 | Train Loss 0.6712 | Valid Loss 0.6737 | Train Acc 58.1198 | Valid Acc 57.8879
2026-07-13 11:29:17 | TestSub: S10 | Epoch 56/100 Finsh | Now_lr 0.0005/0.0005 | Train Loss 0.6703 | Valid Loss 0.6736 | Train Acc 58.4985 | Valid Acc 57.9310
2026-07-13 11:29:26 | TestSub: S10 | Epoch 57/100 Finsh | Now_lr 0.0005/0.0005 | Train Loss 0.6693 | Valid Loss 0.6727 | Train Acc 58.5223 | Valid Acc 58.2328
2026-07-13 11:29:26 | Validation loss decreased (0.672736 --> 0.672672) in epoch (57). Saving model ...
2026-07-13 11:29:35 | TestSub: S10 | Epoch 58/100 Finsh | Now_lr 0.0005/0.0005 | Train Loss 0.6705 | Valid Loss 0.6735 | Train Acc 58.3913 | Valid Acc 58.3190
2026-07-13 11:29:44 | TestSub: S10 | Epoch 59/100 Finsh | Now_lr 0.0005/0.0005 | Train Loss 0.6695 | Valid Loss 0.6741 | Train Acc 58.3437 | Valid Acc 58.1897
2026-07-13 11:29:52 | TestSub: S10 | Epoch 60/100 Finsh | Now_lr 0.0005/0.0005 | Train Loss 0.6705 | Valid Loss 0.6739 | Train Acc 58.3365 | Valid Acc 58.0172
2026-07-13 11:30:01 | TestSub: S10 | Epoch 61/100 Finsh | Now_lr 0.0005/0.0005 | Train Loss 0.6686 | Valid Loss 0.6735 | Train Acc 58.5509 | Valid Acc 58.6207
2026-07-13 11:30:10 | TestSub: S10 | Epoch 62/100 Finsh | Now_lr 0.0005/0.0005 | Train Loss 0.6700 | Valid Loss 0.6731 | Train Acc 58.1912 | Valid Acc 58.1897
2026-07-13 11:30:19 | TestSub: S10 | Epoch 63/100 Finsh | Now_lr 0.0005/0.0005 | Train Loss 0.6704 | Valid Loss 0.6732 | Train Acc 58.2913 | Valid Acc 58.0819
2026-07-13 11:30:28 | TestSub: S10 | Epoch 64/100 Finsh | Now_lr 0.0005/0.0005 | Train Loss 0.6686 | Valid Loss 0.6721 | Train Acc 58.5104 | Valid Acc 58.8578
2026-07-13 11:30:28 | Validation loss decreased (0.672672 --> 0.672131) in epoch (64). Saving model ...
2026-07-13 11:30:37 | TestSub: S10 | Epoch 65/100 Finsh | Now_lr 0.0005/0.0005 | Train Loss 0.6699 | Valid Loss 0.6725 | Train Acc 58.3984 | Valid Acc 58.5991
2026-07-13 11:30:46 | TestSub: S10 | Epoch 66/100 Finsh | Now_lr 0.0005/0.0005 | Train Loss 0.6698 | Valid Loss 0.6713 | Train Acc 58.2222 | Valid Acc 58.4698
2026-07-13 11:30:46 | Validation loss decreased (0.672131 --> 0.671311) in epoch (66). Saving model ...
2026-07-13 11:30:55 | TestSub: S10 | Epoch 67/100 Finsh | Now_lr 0.0005/0.0005 | Train Loss 0.6708 | Valid Loss 0.6720 | Train Acc 57.9935 | Valid Acc 59.0517
2026-07-13 11:31:03 | TestSub: S10 | Epoch 68/100 Finsh | Now_lr 0.0005/0.0005 | Train Loss 0.6700 | Valid Loss 0.6716 | Train Acc 58.3175 | Valid Acc 58.4914
2026-07-13 11:31:12 | TestSub: S10 | Epoch 69/100 Finsh | Now_lr 0.0005/0.0005 | Train Loss 0.6683 | Valid Loss 0.6715 | Train Acc 58.5890 | Valid Acc 59.5043
2026-07-13 11:31:21 | TestSub: S10 | Epoch 70/100 Finsh | Now_lr 0.0005/0.0005 | Train Loss 0.6709 | Valid Loss 0.6725 | Train Acc 58.2317 | Valid Acc 58.8578
2026-07-13 11:31:30 | TestSub: S10 | Epoch 71/100 Finsh | Now_lr 0.0005/0.0005 | Train Loss 0.6690 | Valid Loss 0.6714 | Train Acc 58.6009 | Valid Acc 58.6853
2026-07-13 11:31:39 | TestSub: S10 | Epoch 72/100 Finsh | Now_lr 0.0005/0.0005 | Train Loss 0.6703 | Valid Loss 0.6714 | Train Acc 58.2746 | Valid Acc 58.4052
2026-07-13 11:31:48 | TestSub: S10 | Epoch 73/100 Finsh | Now_lr 0.0005/0.0005 | Train Loss 0.6696 | Valid Loss 0.6712 | Train Acc 58.6747 | Valid Acc 59.2457
2026-07-13 11:31:48 | Validation loss decreased (0.671311 --> 0.671243) in epoch (73). Saving model ...
2026-07-13 11:31:57 | TestSub: S10 | Epoch 74/100 Finsh | Now_lr 0.0005/0.0005 | Train Loss 0.6700 | Valid Loss 0.6710 | Train Acc 58.3889 | Valid Acc 58.7284
2026-07-13 11:31:57 | Validation loss decreased (0.671243 --> 0.670951) in epoch (74). Saving model ...
2026-07-13 11:32:06 | TestSub: S10 | Epoch 75/100 Finsh | Now_lr 0.0005/0.0005 | Train Loss 0.6689 | Valid Loss 0.6712 | Train Acc 58.4318 | Valid Acc 59.2672
2026-07-13 11:32:15 | TestSub: S10 | Epoch 76/100 Finsh | Now_lr 0.0005/0.0005 | Train Loss 0.6690 | Valid Loss 0.6718 | Train Acc 58.3317 | Valid Acc 59.1379
2026-07-13 11:32:24 | TestSub: S10 | Epoch 77/100 Finsh | Now_lr 0.0005/0.0005 | Train Loss 0.6680 | Valid Loss 0.6720 | Train Acc 59.0654 | Valid Acc 58.2974
2026-07-13 11:32:34 | TestSub: S10 | Epoch 78/100 Finsh | Now_lr 0.0005/0.0005 | Train Loss 0.6687 | Valid Loss 0.6710 | Train Acc 58.7629 | Valid Acc 58.5560
2026-07-13 11:32:43 | TestSub: S10 | Epoch 79/100 Finsh | Now_lr 0.0005/0.0005 | Train Loss 0.6685 | Valid Loss 0.6718 | Train Acc 58.4223 | Valid Acc 58.5560
2026-07-13 11:32:52 | TestSub: S10 | Epoch 80/100 Finsh | Now_lr 0.0005/0.0005 | Train Loss 0.6692 | Valid Loss 0.6711 | Train Acc 58.6509 | Valid Acc 58.4267
2026-07-13 11:33:01 | TestSub: S10 | Epoch 81/100 Finsh | Now_lr 0.0005/0.0005 | Train Loss 0.6691 | Valid Loss 0.6714 | Train Acc 58.4032 | Valid Acc 58.9871
2026-07-13 11:33:10 | TestSub: S10 | Epoch 82/100 Finsh | Now_lr 0.0005/0.0005 | Train Loss 0.6692 | Valid Loss 0.6711 | Train Acc 58.5652 | Valid Acc 58.9009
2026-07-13 11:33:19 | TestSub: S10 | Epoch 83/100 Finsh | Now_lr 0.0005/0.0005 | Train Loss 0.6676 | Valid Loss 0.6715 | Train Acc 59.0773 | Valid Acc 58.6853
2026-07-13 11:33:28 | TestSub: S10 | Epoch 84/100 Finsh | Now_lr 0.0005/0.0005 | Train Loss 0.6679 | Valid Loss 0.6710 | Train Acc 58.5985 | Valid Acc 58.7284
2026-07-13 11:33:38 | TestSub: S10 | Epoch 85/100 Finsh | Now_lr 0.0005/0.0005 | Train Loss 0.6681 | Valid Loss 0.6715 | Train Acc 58.5342 | Valid Acc 58.6853
2026-07-13 11:33:47 | TestSub: S10 | Epoch 86/100 Finsh | Now_lr 0.0005/0.0005 | Train Loss 0.6685 | Valid Loss 0.6723 | Train Acc 58.6128 | Valid Acc 58.4483
2026-07-13 11:33:57 | TestSub: S10 | Epoch 87/100 Finsh | Now_lr 0.0005/0.0005 | Train Loss 0.6673 | Valid Loss 0.6711 | Train Acc 58.8129 | Valid Acc 58.5345
2026-07-13 11:34:06 | TestSub: S10 | Epoch 88/100 Finsh | Now_lr 0.0005/0.0005 | Train Loss 0.6693 | Valid Loss 0.6722 | Train Acc 58.3794 | Valid Acc 58.1034
2026-07-13 11:34:15 | TestSub: S10 | Epoch 89/100 Finsh | Now_lr 0.0005/0.0005 | Train Loss 0.6673 | Valid Loss 0.6726 | Train Acc 58.8915 | Valid Acc 57.8017
2026-07-13 11:34:24 | TestSub: S10 | Epoch 90/100 Finsh | Now_lr 0.0005/0.0005 | Train Loss 0.6682 | Valid Loss 0.6723 | Train Acc 58.8772 | Valid Acc 58.3836
2026-07-13 11:34:33 | TestSub: S10 | Epoch 91/100 Finsh | Now_lr 0.0005/0.0005 | Train Loss 0.6679 | Valid Loss 0.6720 | Train Acc 58.6962 | Valid Acc 58.3190
2026-07-13 11:34:42 | TestSub: S10 | Epoch 92/100 Finsh | Now_lr 0.0005/0.0005 | Train Loss 0.6682 | Valid Loss 0.6719 | Train Acc 58.7033 | Valid Acc 58.4267
2026-07-13 11:34:51 | TestSub: S10 | Epoch 93/100 Finsh | Now_lr 0.0005/0.0005 | Train Loss 0.6682 | Valid Loss 0.6722 | Train Acc 58.7557 | Valid Acc 58.6853
2026-07-13 11:35:00 | TestSub: S10 | Epoch 94/100 Finsh | Now_lr 0.0005/0.0005 | Train Loss 0.6680 | Valid Loss 0.6723 | Train Acc 58.6700 | Valid Acc 59.1379
2026-07-13 11:35:09 | TestSub: S10 | Epoch 95/100 Finsh | Now_lr 0.0005/0.0005 | Train Loss 0.6671 | Valid Loss 0.6711 | Train Acc 58.8034 | Valid Acc 59.2672
2026-07-13 11:35:09 | Early stopping at epoch 95!
2026-07-13 11:35:10 | --------------------------------------------------
2026-07-13 11:35:10 | Test_Subject :S10 | Best epoch:74 | Test Loss:0.6771 | Savemodel Acc 57.2724
2026-07-13 11:35:10 | --------------------------------------------------
2026-07-13 11:35:10 | Best epoch: 74 | Test acc: 57.2724
