2026-07-13 09:20:09 | Logging started: ./writer/Subject_dependent_AAD/AVEDao/0.1s/result//Train0.1s_sub1.log
2026-07-13 09:20:12 | Sub_id: 1
2026-07-13 09:20:26 | TestSub: S1 | Epoch  1/100 Finsh | Now_lr 0.0005/0.0005 | Train Loss 0.6981 | Valid Loss 0.6921 | Train Acc 50.1334 | Valid Acc 51.4224
2026-07-13 09:20:26 | Validation loss decreased (inf --> 0.692133) in epoch (1). Saving model ...
2026-07-13 09:20:35 | TestSub: S1 | Epoch  2/100 Finsh | Now_lr 0.0005/0.0005 | Train Loss 0.6926 | Valid Loss 0.6920 | Train Acc 51.3577 | Valid Acc 51.7888
2026-07-13 09:20:35 | Validation loss decreased (0.692133 --> 0.691981) in epoch (2). Saving model ...
2026-07-13 09:20:45 | TestSub: S1 | Epoch  3/100 Finsh | Now_lr 0.0005/0.0005 | Train Loss 0.6920 | Valid Loss 0.6909 | Train Acc 52.1270 | Valid Acc 54.2672
2026-07-13 09:20:45 | Validation loss decreased (0.691981 --> 0.690930) in epoch (3). Saving model ...
2026-07-13 09:20:54 | TestSub: S1 | Epoch  4/100 Finsh | Now_lr 0.0005/0.0005 | Train Loss 0.6908 | Valid Loss 0.6889 | Train Acc 52.7963 | Valid Acc 55.5819
2026-07-13 09:20:54 | Validation loss decreased (0.690930 --> 0.688939) in epoch (4). Saving model ...
2026-07-13 09:21:03 | TestSub: S1 | Epoch  5/100 Finsh | Now_lr 0.0005/0.0005 | Train Loss 0.6884 | Valid Loss 0.6845 | Train Acc 53.8157 | Valid Acc 56.4655
2026-07-13 09:21:03 | Validation loss decreased (0.688939 --> 0.684536) in epoch (5). Saving model ...
2026-07-13 09:21:12 | TestSub: S1 | Epoch  6/100 Finsh | Now_lr 0.0005/0.0005 | Train Loss 0.6868 | Valid Loss 0.6828 | Train Acc 54.5851 | Valid Acc 57.4569
2026-07-13 09:21:12 | Validation loss decreased (0.684536 --> 0.682785) in epoch (6). Saving model ...
2026-07-13 09:21:22 | TestSub: S1 | Epoch  7/100 Finsh | Now_lr 0.0005/0.0005 | Train Loss 0.6857 | Valid Loss 0.6816 | Train Acc 54.9019 | Valid Acc 57.5000
2026-07-13 09:21:22 | Validation loss decreased (0.682785 --> 0.681593) in epoch (7). Saving model ...
2026-07-13 09:21:31 | TestSub: S1 | Epoch  8/100 Finsh | Now_lr 0.0005/0.0005 | Train Loss 0.6832 | Valid Loss 0.6789 | Train Acc 55.7593 | Valid Acc 58.4698
2026-07-13 09:21:31 | Validation loss decreased (0.681593 --> 0.678926) in epoch (8). Saving model ...
2026-07-13 09:21:40 | TestSub: S1 | Epoch  9/100 Finsh | Now_lr 0.0005/0.0005 | Train Loss 0.6815 | Valid Loss 0.6777 | Train Acc 56.1452 | Valid Acc 58.7931
2026-07-13 09:21:40 | Validation loss decreased (0.678926 --> 0.677730) in epoch (9). Saving model ...
2026-07-13 09:21:50 | TestSub: S1 | Epoch 10/100 Finsh | Now_lr 0.0005/0.0005 | Train Loss 0.6810 | Valid Loss 0.6764 | Train Acc 56.2548 | Valid Acc 59.1810
2026-07-13 09:21:50 | Validation loss decreased (0.677730 --> 0.676424) in epoch (10). Saving model ...
2026-07-13 09:21:59 | TestSub: S1 | Epoch 11/100 Finsh | Now_lr 0.0005/0.0005 | Train Loss 0.6808 | Valid Loss 0.6754 | Train Acc 56.3786 | Valid Acc 59.6121
2026-07-13 09:21:59 | Validation loss decreased (0.676424 --> 0.675408) in epoch (11). Saving model ...
2026-07-13 09:22:08 | TestSub: S1 | Epoch 12/100 Finsh | Now_lr 0.0005/0.0005 | Train Loss 0.6787 | Valid Loss 0.6740 | Train Acc 56.6835 | Valid Acc 59.5690
2026-07-13 09:22:08 | Validation loss decreased (0.675408 --> 0.673972) in epoch (12). Saving model ...
2026-07-13 09:22:18 | TestSub: S1 | Epoch 13/100 Finsh | Now_lr 0.0005/0.0005 | Train Loss 0.6767 | Valid Loss 0.6729 | Train Acc 57.2218 | Valid Acc 59.2026
2026-07-13 09:22:18 | Validation loss decreased (0.673972 --> 0.672881) in epoch (13). Saving model ...
2026-07-13 09:22:27 | TestSub: S1 | Epoch 14/100 Finsh | Now_lr 0.0005/0.0005 | Train Loss 0.6780 | Valid Loss 0.6716 | Train Acc 56.9384 | Valid Acc 59.3534
2026-07-13 09:22:27 | Validation loss decreased (0.672881 --> 0.671585) in epoch (14). Saving model ...
2026-07-13 09:22:36 | TestSub: S1 | Epoch 15/100 Finsh | Now_lr 0.0005/0.0005 | Train Loss 0.6771 | Valid Loss 0.6718 | Train Acc 57.0003 | Valid Acc 59.6767
2026-07-13 09:22:46 | TestSub: S1 | Epoch 16/100 Finsh | Now_lr 0.0005/0.0005 | Train Loss 0.6759 | Valid Loss 0.6712 | Train Acc 57.4790 | Valid Acc 59.1164
2026-07-13 09:22:46 | Validation loss decreased (0.671585 --> 0.671199) in epoch (16). Saving model ...
2026-07-13 09:22:55 | TestSub: S1 | Epoch 17/100 Finsh | Now_lr 0.0005/0.0005 | Train Loss 0.6754 | Valid Loss 0.6698 | Train Acc 57.8196 | Valid Acc 60.5819
2026-07-13 09:22:55 | Validation loss decreased (0.671199 --> 0.669772) in epoch (17). Saving model ...
2026-07-13 09:23:04 | TestSub: S1 | Epoch 18/100 Finsh | Now_lr 0.0005/0.0005 | Train Loss 0.6732 | Valid Loss 0.6687 | Train Acc 58.0007 | Valid Acc 60.3233
2026-07-13 09:23:04 | Validation loss decreased (0.669772 --> 0.668681) in epoch (18). Saving model ...
2026-07-13 09:23:13 | TestSub: S1 | Epoch 19/100 Finsh | Now_lr 0.0005/0.0005 | Train Loss 0.6740 | Valid Loss 0.6682 | Train Acc 57.6291 | Valid Acc 60.7328
2026-07-13 09:23:13 | Validation loss decreased (0.668681 --> 0.668184) in epoch (19). Saving model ...
2026-07-13 09:23:23 | TestSub: S1 | Epoch 20/100 Finsh | Now_lr 0.0005/0.0005 | Train Loss 0.6742 | Valid Loss 0.6685 | Train Acc 57.8863 | Valid Acc 60.3664
2026-07-13 09:23:32 | TestSub: S1 | Epoch 21/100 Finsh | Now_lr 0.0005/0.0005 | Train Loss 0.6727 | Valid Loss 0.6681 | Train Acc 58.1102 | Valid Acc 60.4957
2026-07-13 09:23:32 | Validation loss decreased (0.668184 --> 0.668136) in epoch (21). Saving model ...
2026-07-13 09:23:41 | TestSub: S1 | Epoch 22/100 Finsh | Now_lr 0.0005/0.0005 | Train Loss 0.6734 | Valid Loss 0.6683 | Train Acc 57.9078 | Valid Acc 59.9353
2026-07-13 09:23:50 | TestSub: S1 | Epoch 23/100 Finsh | Now_lr 0.0005/0.0005 | Train Loss 0.6728 | Valid Loss 0.6674 | Train Acc 57.7506 | Valid Acc 60.6681
2026-07-13 09:23:50 | Validation loss decreased (0.668136 --> 0.667403) in epoch (23). Saving model ...
2026-07-13 09:24:00 | TestSub: S1 | Epoch 24/100 Finsh | Now_lr 0.0005/0.0005 | Train Loss 0.6727 | Valid Loss 0.6669 | Train Acc 57.9911 | Valid Acc 60.5172
2026-07-13 09:24:00 | Validation loss decreased (0.667403 --> 0.666889) in epoch (24). Saving model ...
2026-07-13 09:24:09 | TestSub: S1 | Epoch 25/100 Finsh | Now_lr 0.0005/0.0005 | Train Loss 0.6725 | Valid Loss 0.6674 | Train Acc 58.0745 | Valid Acc 60.3017
2026-07-13 09:24:18 | TestSub: S1 | Epoch 26/100 Finsh | Now_lr 0.0005/0.0005 | Train Loss 0.6723 | Valid Loss 0.6676 | Train Acc 58.0531 | Valid Acc 60.2371
2026-07-13 09:24:29 | TestSub: S1 | Epoch 27/100 Finsh | Now_lr 0.0005/0.0005 | Train Loss 0.6702 | Valid Loss 0.6673 | Train Acc 58.3270 | Valid Acc 60.2371
2026-07-13 09:24:40 | TestSub: S1 | Epoch 28/100 Finsh | Now_lr 0.0005/0.0005 | Train Loss 0.6709 | Valid Loss 0.6674 | Train Acc 58.3151 | Valid Acc 59.8707
2026-07-13 09:24:52 | TestSub: S1 | Epoch 29/100 Finsh | Now_lr 0.0005/0.0005 | Train Loss 0.6700 | Valid Loss 0.6665 | Train Acc 58.5533 | Valid Acc 60.3879
2026-07-13 09:24:52 | Validation loss decreased (0.666889 --> 0.666527) in epoch (29). Saving model ...
2026-07-13 09:25:03 | TestSub: S1 | Epoch 30/100 Finsh | Now_lr 0.0005/0.0005 | Train Loss 0.6706 | Valid Loss 0.6660 | Train Acc 58.6485 | Valid Acc 60.5603
2026-07-13 09:25:03 | Validation loss decreased (0.666527 --> 0.666000) in epoch (30). Saving model ...
2026-07-13 09:25:15 | TestSub: S1 | Epoch 31/100 Finsh | Now_lr 0.0005/0.0005 | Train Loss 0.6707 | Valid Loss 0.6663 | Train Acc 58.2627 | Valid Acc 60.4526
2026-07-13 09:25:24 | TestSub: S1 | Epoch 32/100 Finsh | Now_lr 0.0005/0.0005 | Train Loss 0.6709 | Valid Loss 0.6658 | Train Acc 58.5842 | Valid Acc 60.6681
2026-07-13 09:25:24 | Validation loss decreased (0.666000 --> 0.665823) in epoch (32). Saving model ...
2026-07-13 09:25:33 | TestSub: S1 | Epoch 33/100 Finsh | Now_lr 0.0005/0.0005 | Train Loss 0.6702 | Valid Loss 0.6650 | Train Acc 58.6414 | Valid Acc 60.4526
2026-07-13 09:25:33 | Validation loss decreased (0.665823 --> 0.665011) in epoch (33). Saving model ...
2026-07-13 09:25:42 | TestSub: S1 | Epoch 34/100 Finsh | Now_lr 0.0005/0.0005 | Train Loss 0.6691 | Valid Loss 0.6656 | Train Acc 58.6438 | Valid Acc 60.3448
2026-07-13 09:25:52 | TestSub: S1 | Epoch 35/100 Finsh | Now_lr 0.0005/0.0005 | Train Loss 0.6689 | Valid Loss 0.6657 | Train Acc 58.7081 | Valid Acc 60.4957
2026-07-13 09:26:01 | TestSub: S1 | Epoch 36/100 Finsh | Now_lr 0.0005/0.0005 | Train Loss 0.6691 | Valid Loss 0.6666 | Train Acc 58.8438 | Valid Acc 60.3879
2026-07-13 09:26:10 | TestSub: S1 | Epoch 37/100 Finsh | Now_lr 0.0005/0.0005 | Train Loss 0.6696 | Valid Loss 0.6669 | Train Acc 58.6914 | Valid Acc 60.1293
2026-07-13 09:26:19 | TestSub: S1 | Epoch 38/100 Finsh | Now_lr 0.0005/0.0005 | Train Loss 0.6696 | Valid Loss 0.6658 | Train Acc 58.3175 | Valid Acc 60.6034
2026-07-13 09:26:28 | TestSub: S1 | Epoch 39/100 Finsh | Now_lr 0.0005/0.0005 | Train Loss 0.6679 | Valid Loss 0.6658 | Train Acc 58.9058 | Valid Acc 59.7629
2026-07-13 09:26:38 | TestSub: S1 | Epoch 40/100 Finsh | Now_lr 0.0005/0.0005 | Train Loss 0.6695 | Valid Loss 0.6661 | Train Acc 58.4913 | Valid Acc 59.5043
2026-07-13 09:26:47 | TestSub: S1 | Epoch 41/100 Finsh | Now_lr 0.0005/0.0005 | Train Loss 0.6690 | Valid Loss 0.6665 | Train Acc 58.8057 | Valid Acc 60.9698
2026-07-13 09:26:56 | TestSub: S1 | Epoch 42/100 Finsh | Now_lr 0.0005/0.0005 | Train Loss 0.6683 | Valid Loss 0.6663 | Train Acc 58.8962 | Valid Acc 60.0216
2026-07-13 09:27:05 | TestSub: S1 | Epoch 43/100 Finsh | Now_lr 0.0005/0.0005 | Train Loss 0.6673 | Valid Loss 0.6662 | Train Acc 58.8700 | Valid Acc 59.6552
2026-07-13 09:27:15 | TestSub: S1 | Epoch 44/100 Finsh | Now_lr 0.0005/0.0005 | Train Loss 0.6697 | Valid Loss 0.6665 | Train Acc 58.2651 | Valid Acc 60.6250
2026-07-13 09:27:24 | TestSub: S1 | Epoch 45/100 Finsh | Now_lr 0.0005/0.0005 | Train Loss 0.6699 | Valid Loss 0.6665 | Train Acc 58.3651 | Valid Acc 60.1509
2026-07-13 09:27:33 | TestSub: S1 | Epoch 46/100 Finsh | Now_lr 0.0005/0.0005 | Train Loss 0.6683 | Valid Loss 0.6661 | Train Acc 58.5914 | Valid Acc 60.5819
2026-07-13 09:27:43 | TestSub: S1 | Epoch 47/100 Finsh | Now_lr 0.0005/0.0005 | Train Loss 0.6679 | Valid Loss 0.6677 | Train Acc 59.1130 | Valid Acc 60.0000
2026-07-13 09:27:52 | TestSub: S1 | Epoch 48/100 Finsh | Now_lr 0.0005/0.0005 | Train Loss 0.6656 | Valid Loss 0.6660 | Train Acc 59.2678 | Valid Acc 59.8276
2026-07-13 09:28:01 | TestSub: S1 | Epoch 49/100 Finsh | Now_lr 0.0005/0.0005 | Train Loss 0.6695 | Valid Loss 0.6658 | Train Acc 58.4866 | Valid Acc 60.3233
2026-07-13 09:28:10 | TestSub: S1 | Epoch 50/100 Finsh | Now_lr 0.0005/0.0005 | Train Loss 0.6664 | Valid Loss 0.6656 | Train Acc 59.0582 | Valid Acc 60.0000
2026-07-13 09:28:20 | TestSub: S1 | Epoch 51/100 Finsh | Now_lr 0.0005/0.0005 | Train Loss 0.6671 | Valid Loss 0.6657 | Train Acc 59.1178 | Valid Acc 59.7198
2026-07-13 09:28:29 | TestSub: S1 | Epoch 52/100 Finsh | Now_lr 0.0005/0.0005 | Train Loss 0.6671 | Valid Loss 0.6664 | Train Acc 58.8129 | Valid Acc 59.7845
2026-07-13 09:28:38 | TestSub: S1 | Epoch 53/100 Finsh | Now_lr 0.0005/0.0005 | Train Loss 0.6681 | Valid Loss 0.6665 | Train Acc 58.8415 | Valid Acc 59.8276
2026-07-13 09:28:48 | TestSub: S1 | Epoch 54/100 Finsh | Now_lr 0.0005/0.0005 | Train Loss 0.6673 | Valid Loss 0.6658 | Train Acc 59.1106 | Valid Acc 59.7414
2026-07-13 09:28:48 | Early stopping at epoch 54!
2026-07-13 09:28:48 | --------------------------------------------------
2026-07-13 09:28:48 | Test_Subject :S1 | Best epoch:33 | Test Loss:0.6685 | Savemodel Acc 58.9120
2026-07-13 09:28:48 | --------------------------------------------------
2026-07-13 09:28:48 | Best epoch: 33 | Test acc: 58.9120
