2026-07-13 10:24:47 | Logging started: ./writer/Subject_dependent_AAD/AVEDao/0.1s/result//Train0.1s_sub6.log
2026-07-13 10:24:50 | Sub_id: 6
2026-07-13 10:25:00 | TestSub: S6 | Epoch  1/100 Finsh | Now_lr 0.0005/0.0005 | Train Loss 0.6972 | Valid Loss 0.6914 | Train Acc 50.7122 | Valid Acc 52.5431
2026-07-13 10:25:00 | Validation loss decreased (inf --> 0.691408) in epoch (1). Saving model ...
2026-07-13 10:25:09 | TestSub: S6 | Epoch  2/100 Finsh | Now_lr 0.0005/0.0005 | Train Loss 0.6918 | Valid Loss 0.6909 | Train Acc 52.0436 | Valid Acc 53.2543
2026-07-13 10:25:09 | Validation loss decreased (0.691408 --> 0.690924) in epoch (2). Saving model ...
2026-07-13 10:25:18 | TestSub: S6 | Epoch  3/100 Finsh | Now_lr 0.0005/0.0005 | Train Loss 0.6911 | Valid Loss 0.6905 | Train Acc 52.3771 | Valid Acc 53.3405
2026-07-13 10:25:18 | Validation loss decreased (0.690924 --> 0.690529) in epoch (3). Saving model ...
2026-07-13 10:25:27 | TestSub: S6 | Epoch  4/100 Finsh | Now_lr 0.0005/0.0005 | Train Loss 0.6902 | Valid Loss 0.6895 | Train Acc 53.4084 | Valid Acc 53.8793
2026-07-13 10:25:27 | Validation loss decreased (0.690529 --> 0.689512) in epoch (4). Saving model ...
2026-07-13 10:25:36 | TestSub: S6 | Epoch  5/100 Finsh | Now_lr 0.0005/0.0005 | Train Loss 0.6894 | Valid Loss 0.6882 | Train Acc 53.4466 | Valid Acc 55.1940
2026-07-13 10:25:36 | Validation loss decreased (0.689512 --> 0.688151) in epoch (5). Saving model ...
2026-07-13 10:25:45 | TestSub: S6 | Epoch  6/100 Finsh | Now_lr 0.0005/0.0005 | Train Loss 0.6880 | Valid Loss 0.6860 | Train Acc 54.5232 | Valid Acc 55.9483
2026-07-13 10:25:45 | Validation loss decreased (0.688151 --> 0.686036) in epoch (6). Saving model ...
2026-07-13 10:25:54 | TestSub: S6 | Epoch  7/100 Finsh | Now_lr 0.0005/0.0005 | Train Loss 0.6872 | Valid Loss 0.6846 | Train Acc 54.5803 | Valid Acc 56.2500
2026-07-13 10:25:54 | Validation loss decreased (0.686036 --> 0.684630) in epoch (7). Saving model ...
2026-07-13 10:26:03 | TestSub: S6 | Epoch  8/100 Finsh | Now_lr 0.0005/0.0005 | Train Loss 0.6857 | Valid Loss 0.6839 | Train Acc 54.8376 | Valid Acc 56.9612
2026-07-13 10:26:03 | Validation loss decreased (0.684630 --> 0.683873) in epoch (8). Saving model ...
2026-07-13 10:26:12 | TestSub: S6 | Epoch  9/100 Finsh | Now_lr 0.0005/0.0005 | Train Loss 0.6851 | Valid Loss 0.6828 | Train Acc 55.3139 | Valid Acc 56.7888
2026-07-13 10:26:12 | Validation loss decreased (0.683873 --> 0.682811) in epoch (9). Saving model ...
2026-07-13 10:26:21 | TestSub: S6 | Epoch 10/100 Finsh | Now_lr 0.0005/0.0005 | Train Loss 0.6849 | Valid Loss 0.6825 | Train Acc 55.2401 | Valid Acc 56.8966
2026-07-13 10:26:21 | Validation loss decreased (0.682811 --> 0.682498) in epoch (10). Saving model ...
2026-07-13 10:26:30 | TestSub: S6 | Epoch 11/100 Finsh | Now_lr 0.0005/0.0005 | Train Loss 0.6837 | Valid Loss 0.6817 | Train Acc 55.5021 | Valid Acc 57.3491
2026-07-13 10:26:30 | Validation loss decreased (0.682498 --> 0.681662) in epoch (11). Saving model ...
2026-07-13 10:26:39 | TestSub: S6 | Epoch 12/100 Finsh | Now_lr 0.0005/0.0005 | Train Loss 0.6827 | Valid Loss 0.6809 | Train Acc 55.8665 | Valid Acc 57.6078
2026-07-13 10:26:39 | Validation loss decreased (0.681662 --> 0.680915) in epoch (12). Saving model ...
2026-07-13 10:26:47 | TestSub: S6 | Epoch 13/100 Finsh | Now_lr 0.0005/0.0005 | Train Loss 0.6826 | Valid Loss 0.6804 | Train Acc 55.7974 | Valid Acc 58.0603
2026-07-13 10:26:47 | Validation loss decreased (0.680915 --> 0.680413) in epoch (13). Saving model ...
2026-07-13 10:26:56 | TestSub: S6 | Epoch 14/100 Finsh | Now_lr 0.0005/0.0005 | Train Loss 0.6823 | Valid Loss 0.6803 | Train Acc 55.7236 | Valid Acc 57.5431
2026-07-13 10:26:56 | Validation loss decreased (0.680413 --> 0.680300) in epoch (14). Saving model ...
2026-07-13 10:27:05 | TestSub: S6 | Epoch 15/100 Finsh | Now_lr 0.0005/0.0005 | Train Loss 0.6811 | Valid Loss 0.6805 | Train Acc 56.3381 | Valid Acc 57.0043
2026-07-13 10:27:14 | TestSub: S6 | Epoch 16/100 Finsh | Now_lr 0.0005/0.0005 | Train Loss 0.6806 | Valid Loss 0.6792 | Train Acc 56.4453 | Valid Acc 57.6940
2026-07-13 10:27:14 | Validation loss decreased (0.680300 --> 0.679171) in epoch (16). Saving model ...
2026-07-13 10:27:23 | TestSub: S6 | Epoch 17/100 Finsh | Now_lr 0.0005/0.0005 | Train Loss 0.6812 | Valid Loss 0.6788 | Train Acc 56.1333 | Valid Acc 58.4052
2026-07-13 10:27:23 | Validation loss decreased (0.679171 --> 0.678812) in epoch (17). Saving model ...
2026-07-13 10:27:32 | TestSub: S6 | Epoch 18/100 Finsh | Now_lr 0.0005/0.0005 | Train Loss 0.6799 | Valid Loss 0.6782 | Train Acc 56.4215 | Valid Acc 58.0819
2026-07-13 10:27:32 | Validation loss decreased (0.678812 --> 0.678223) in epoch (18). Saving model ...
2026-07-13 10:27:41 | TestSub: S6 | Epoch 19/100 Finsh | Now_lr 0.0005/0.0005 | Train Loss 0.6812 | Valid Loss 0.6788 | Train Acc 56.2238 | Valid Acc 58.7069
2026-07-13 10:27:50 | TestSub: S6 | Epoch 20/100 Finsh | Now_lr 0.0005/0.0005 | Train Loss 0.6802 | Valid Loss 0.6789 | Train Acc 56.5454 | Valid Acc 57.4569
2026-07-13 10:27:59 | TestSub: S6 | Epoch 21/100 Finsh | Now_lr 0.0005/0.0005 | Train Loss 0.6791 | Valid Loss 0.6786 | Train Acc 56.9622 | Valid Acc 58.0603
2026-07-13 10:28:08 | TestSub: S6 | Epoch 22/100 Finsh | Now_lr 0.0005/0.0005 | Train Loss 0.6794 | Valid Loss 0.6787 | Train Acc 56.5192 | Valid Acc 58.2112
2026-07-13 10:28:17 | TestSub: S6 | Epoch 23/100 Finsh | Now_lr 0.0005/0.0005 | Train Loss 0.6783 | Valid Loss 0.6786 | Train Acc 56.7145 | Valid Acc 57.9095
2026-07-13 10:28:26 | TestSub: S6 | Epoch 24/100 Finsh | Now_lr 0.0005/0.0005 | Train Loss 0.6789 | Valid Loss 0.6774 | Train Acc 56.6930 | Valid Acc 58.6638
2026-07-13 10:28:26 | Validation loss decreased (0.678223 --> 0.677440) in epoch (24). Saving model ...
2026-07-13 10:28:35 | TestSub: S6 | Epoch 25/100 Finsh | Now_lr 0.0005/0.0005 | Train Loss 0.6786 | Valid Loss 0.6773 | Train Acc 56.7550 | Valid Acc 57.9526
2026-07-13 10:28:35 | Validation loss decreased (0.677440 --> 0.677307) in epoch (25). Saving model ...
2026-07-13 10:28:44 | TestSub: S6 | Epoch 26/100 Finsh | Now_lr 0.0005/0.0005 | Train Loss 0.6785 | Valid Loss 0.6778 | Train Acc 56.9217 | Valid Acc 58.5345
2026-07-13 10:28:53 | TestSub: S6 | Epoch 27/100 Finsh | Now_lr 0.0005/0.0005 | Train Loss 0.6765 | Valid Loss 0.6776 | Train Acc 57.1742 | Valid Acc 58.1034
2026-07-13 10:29:02 | TestSub: S6 | Epoch 28/100 Finsh | Now_lr 0.0005/0.0005 | Train Loss 0.6773 | Valid Loss 0.6778 | Train Acc 56.8574 | Valid Acc 58.2328
2026-07-13 10:29:11 | TestSub: S6 | Epoch 29/100 Finsh | Now_lr 0.0005/0.0005 | Train Loss 0.6775 | Valid Loss 0.6771 | Train Acc 56.8407 | Valid Acc 58.5991
2026-07-13 10:29:11 | Validation loss decreased (0.677307 --> 0.677120) in epoch (29). Saving model ...
2026-07-13 10:29:20 | TestSub: S6 | Epoch 30/100 Finsh | Now_lr 0.0005/0.0005 | Train Loss 0.6771 | Valid Loss 0.6780 | Train Acc 57.1075 | Valid Acc 57.9095
2026-07-13 10:29:29 | TestSub: S6 | Epoch 31/100 Finsh | Now_lr 0.0005/0.0005 | Train Loss 0.6763 | Valid Loss 0.6779 | Train Acc 57.2027 | Valid Acc 57.7155
2026-07-13 10:29:38 | TestSub: S6 | Epoch 32/100 Finsh | Now_lr 0.0005/0.0005 | Train Loss 0.6770 | Valid Loss 0.6768 | Train Acc 56.9145 | Valid Acc 58.2112
2026-07-13 10:29:38 | Validation loss decreased (0.677120 --> 0.676757) in epoch (32). Saving model ...
2026-07-13 10:29:46 | TestSub: S6 | Epoch 33/100 Finsh | Now_lr 0.0005/0.0005 | Train Loss 0.6770 | Valid Loss 0.6771 | Train Acc 56.7502 | Valid Acc 58.5345
2026-07-13 10:29:55 | TestSub: S6 | Epoch 34/100 Finsh | Now_lr 0.0005/0.0005 | Train Loss 0.6753 | Valid Loss 0.6768 | Train Acc 57.2766 | Valid Acc 58.1466
2026-07-13 10:30:05 | TestSub: S6 | Epoch 35/100 Finsh | Now_lr 0.0005/0.0005 | Train Loss 0.6754 | Valid Loss 0.6769 | Train Acc 57.5862 | Valid Acc 58.4267
2026-07-13 10:30:15 | TestSub: S6 | Epoch 36/100 Finsh | Now_lr 0.0005/0.0005 | Train Loss 0.6750 | Valid Loss 0.6765 | Train Acc 57.4719 | Valid Acc 58.6207
2026-07-13 10:30:15 | Validation loss decreased (0.676757 --> 0.676454) in epoch (36). Saving model ...
2026-07-13 10:30:26 | TestSub: S6 | Epoch 37/100 Finsh | Now_lr 0.0005/0.0005 | Train Loss 0.6747 | Valid Loss 0.6766 | Train Acc 57.6291 | Valid Acc 58.6207
2026-07-13 10:30:36 | TestSub: S6 | Epoch 38/100 Finsh | Now_lr 0.0005/0.0005 | Train Loss 0.6747 | Valid Loss 0.6770 | Train Acc 57.5433 | Valid Acc 58.1466
2026-07-13 10:30:47 | TestSub: S6 | Epoch 39/100 Finsh | Now_lr 0.0005/0.0005 | Train Loss 0.6753 | Valid Loss 0.6763 | Train Acc 57.8006 | Valid Acc 58.5345
2026-07-13 10:30:47 | Validation loss decreased (0.676454 --> 0.676289) in epoch (39). Saving model ...
2026-07-13 10:30:58 | TestSub: S6 | Epoch 40/100 Finsh | Now_lr 0.0005/0.0005 | Train Loss 0.6751 | Valid Loss 0.6758 | Train Acc 57.3195 | Valid Acc 58.3836
2026-07-13 10:30:58 | Validation loss decreased (0.676289 --> 0.675837) in epoch (40). Saving model ...
2026-07-13 10:31:08 | TestSub: S6 | Epoch 41/100 Finsh | Now_lr 0.0005/0.0005 | Train Loss 0.6725 | Valid Loss 0.6756 | Train Acc 57.9125 | Valid Acc 58.1897
2026-07-13 10:31:08 | Validation loss decreased (0.675837 --> 0.675640) in epoch (41). Saving model ...
2026-07-13 10:31:17 | TestSub: S6 | Epoch 42/100 Finsh | Now_lr 0.0005/0.0005 | Train Loss 0.6735 | Valid Loss 0.6752 | Train Acc 57.4552 | Valid Acc 58.1897
2026-07-13 10:31:17 | Validation loss decreased (0.675640 --> 0.675246) in epoch (42). Saving model ...
2026-07-13 10:31:26 | TestSub: S6 | Epoch 43/100 Finsh | Now_lr 0.0005/0.0005 | Train Loss 0.6746 | Valid Loss 0.6755 | Train Acc 57.6434 | Valid Acc 58.1681
2026-07-13 10:31:35 | TestSub: S6 | Epoch 44/100 Finsh | Now_lr 0.0005/0.0005 | Train Loss 0.6747 | Valid Loss 0.6757 | Train Acc 57.3195 | Valid Acc 58.1897
2026-07-13 10:31:44 | TestSub: S6 | Epoch 45/100 Finsh | Now_lr 0.0005/0.0005 | Train Loss 0.6743 | Valid Loss 0.6761 | Train Acc 57.3290 | Valid Acc 58.0172
2026-07-13 10:31:53 | TestSub: S6 | Epoch 46/100 Finsh | Now_lr 0.0005/0.0005 | Train Loss 0.6746 | Valid Loss 0.6759 | Train Acc 57.6220 | Valid Acc 58.0388
2026-07-13 10:32:02 | TestSub: S6 | Epoch 47/100 Finsh | Now_lr 0.0005/0.0005 | Train Loss 0.6734 | Valid Loss 0.6758 | Train Acc 57.6767 | Valid Acc 58.6207
2026-07-13 10:32:11 | TestSub: S6 | Epoch 48/100 Finsh | Now_lr 0.0005/0.0005 | Train Loss 0.6750 | Valid Loss 0.6758 | Train Acc 57.6291 | Valid Acc 58.4914
2026-07-13 10:32:20 | TestSub: S6 | Epoch 49/100 Finsh | Now_lr 0.0005/0.0005 | Train Loss 0.6748 | Valid Loss 0.6759 | Train Acc 57.4076 | Valid Acc 57.8664
2026-07-13 10:32:29 | TestSub: S6 | Epoch 50/100 Finsh | Now_lr 0.0005/0.0005 | Train Loss 0.6737 | Valid Loss 0.6747 | Train Acc 57.6458 | Valid Acc 58.0603
2026-07-13 10:32:29 | Validation loss decreased (0.675246 --> 0.674704) in epoch (50). Saving model ...
2026-07-13 10:32:38 | TestSub: S6 | Epoch 51/100 Finsh | Now_lr 0.0005/0.0005 | Train Loss 0.6747 | Valid Loss 0.6753 | Train Acc 57.5243 | Valid Acc 58.2759
2026-07-13 10:32:47 | TestSub: S6 | Epoch 52/100 Finsh | Now_lr 0.0005/0.0005 | Train Loss 0.6748 | Valid Loss 0.6761 | Train Acc 57.5529 | Valid Acc 57.9526
2026-07-13 10:32:56 | TestSub: S6 | Epoch 53/100 Finsh | Now_lr 0.0005/0.0005 | Train Loss 0.6732 | Valid Loss 0.6748 | Train Acc 58.0292 | Valid Acc 58.4698
2026-07-13 10:33:04 | TestSub: S6 | Epoch 54/100 Finsh | Now_lr 0.0005/0.0005 | Train Loss 0.6742 | Valid Loss 0.6750 | Train Acc 57.4886 | Valid Acc 58.8793
2026-07-13 10:33:13 | TestSub: S6 | Epoch 55/100 Finsh | Now_lr 0.0005/0.0005 | Train Loss 0.6721 | Valid Loss 0.6749 | Train Acc 58.1150 | Valid Acc 58.2112
2026-07-13 10:33:22 | TestSub: S6 | Epoch 56/100 Finsh | Now_lr 0.0005/0.0005 | Train Loss 0.6729 | Valid Loss 0.6752 | Train Acc 57.9935 | Valid Acc 58.1466
2026-07-13 10:33:31 | TestSub: S6 | Epoch 57/100 Finsh | Now_lr 0.0005/0.0005 | Train Loss 0.6722 | Valid Loss 0.6753 | Train Acc 57.8649 | Valid Acc 57.9310
2026-07-13 10:33:40 | TestSub: S6 | Epoch 58/100 Finsh | Now_lr 0.0005/0.0005 | Train Loss 0.6732 | Valid Loss 0.6755 | Train Acc 57.7530 | Valid Acc 58.3190
2026-07-13 10:33:49 | TestSub: S6 | Epoch 59/100 Finsh | Now_lr 0.0005/0.0005 | Train Loss 0.6728 | Valid Loss 0.6756 | Train Acc 58.0054 | Valid Acc 57.7371
2026-07-13 10:33:59 | TestSub: S6 | Epoch 60/100 Finsh | Now_lr 0.0005/0.0005 | Train Loss 0.6727 | Valid Loss 0.6751 | Train Acc 57.8649 | Valid Acc 57.7586
2026-07-13 10:34:09 | TestSub: S6 | Epoch 61/100 Finsh | Now_lr 0.0005/0.0005 | Train Loss 0.6730 | Valid Loss 0.6753 | Train Acc 58.0912 | Valid Acc 57.9095
2026-07-13 10:34:18 | TestSub: S6 | Epoch 62/100 Finsh | Now_lr 0.0005/0.0005 | Train Loss 0.6711 | Valid Loss 0.6760 | Train Acc 58.4270 | Valid Acc 57.6293
2026-07-13 10:34:27 | TestSub: S6 | Epoch 63/100 Finsh | Now_lr 0.0005/0.0005 | Train Loss 0.6723 | Valid Loss 0.6761 | Train Acc 57.7506 | Valid Acc 57.8664
2026-07-13 10:34:36 | TestSub: S6 | Epoch 64/100 Finsh | Now_lr 0.0005/0.0005 | Train Loss 0.6717 | Valid Loss 0.6760 | Train Acc 57.9554 | Valid Acc 57.7155
2026-07-13 10:34:45 | TestSub: S6 | Epoch 65/100 Finsh | Now_lr 0.0005/0.0005 | Train Loss 0.6714 | Valid Loss 0.6761 | Train Acc 58.2960 | Valid Acc 57.6509
2026-07-13 10:34:54 | TestSub: S6 | Epoch 66/100 Finsh | Now_lr 0.0005/0.0005 | Train Loss 0.6713 | Valid Loss 0.6763 | Train Acc 58.2531 | Valid Acc 57.6293
2026-07-13 10:35:03 | TestSub: S6 | Epoch 67/100 Finsh | Now_lr 0.0005/0.0005 | Train Loss 0.6715 | Valid Loss 0.6760 | Train Acc 58.0936 | Valid Acc 58.0172
2026-07-13 10:35:14 | TestSub: S6 | Epoch 68/100 Finsh | Now_lr 0.0005/0.0005 | Train Loss 0.6712 | Valid Loss 0.6756 | Train Acc 58.3365 | Valid Acc 58.1034
2026-07-13 10:35:23 | TestSub: S6 | Epoch 69/100 Finsh | Now_lr 0.0005/0.0005 | Train Loss 0.6728 | Valid Loss 0.6753 | Train Acc 57.5243 | Valid Acc 58.1897
2026-07-13 10:35:32 | TestSub: S6 | Epoch 70/100 Finsh | Now_lr 0.0005/0.0005 | Train Loss 0.6712 | Valid Loss 0.6756 | Train Acc 58.2698 | Valid Acc 58.1466
2026-07-13 10:35:40 | TestSub: S6 | Epoch 71/100 Finsh | Now_lr 0.0005/0.0005 | Train Loss 0.6709 | Valid Loss 0.6755 | Train Acc 58.0697 | Valid Acc 58.1681
2026-07-13 10:35:40 | Early stopping at epoch 71!
2026-07-13 10:35:41 | --------------------------------------------------
2026-07-13 10:35:41 | Test_Subject :S6 | Best epoch:50 | Test Loss:0.6740 | Savemodel Acc 57.5424
2026-07-13 10:35:41 | --------------------------------------------------
2026-07-13 10:35:41 | Best epoch: 50 | Test acc: 57.5424
