2026-07-13 09:28:48 | Logging started: ./writer/Subject_dependent_AAD/AVEDao/0.1s/result//Train0.1s_sub2.log
2026-07-13 09:28:51 | Sub_id: 2
2026-07-13 09:29:02 | TestSub: S2 | Epoch  1/100 Finsh | Now_lr 0.0005/0.0005 | Train Loss 0.6934 | Valid Loss 0.6843 | Train Acc 53.0107 | Valid Acc 56.3147
2026-07-13 09:29:02 | Validation loss decreased (inf --> 0.684323) in epoch (1). Saving model ...
2026-07-13 09:29:11 | TestSub: S2 | Epoch  2/100 Finsh | Now_lr 0.0005/0.0005 | Train Loss 0.6861 | Valid Loss 0.6813 | Train Acc 54.5017 | Valid Acc 56.4440
2026-07-13 09:29:11 | Validation loss decreased (0.684323 --> 0.681328) in epoch (2). Saving model ...
2026-07-13 09:29:20 | TestSub: S2 | Epoch  3/100 Finsh | Now_lr 0.0005/0.0005 | Train Loss 0.6843 | Valid Loss 0.6781 | Train Acc 55.2877 | Valid Acc 57.0690
2026-07-13 09:29:20 | Validation loss decreased (0.681328 --> 0.678117) in epoch (3). Saving model ...
2026-07-13 09:29:30 | TestSub: S2 | Epoch  4/100 Finsh | Now_lr 0.0005/0.0005 | Train Loss 0.6817 | Valid Loss 0.6758 | Train Acc 56.0833 | Valid Acc 57.9526
2026-07-13 09:29:30 | Validation loss decreased (0.678117 --> 0.675768) in epoch (4). Saving model ...
2026-07-13 09:29:39 | TestSub: S2 | Epoch  5/100 Finsh | Now_lr 0.0005/0.0005 | Train Loss 0.6800 | Valid Loss 0.6732 | Train Acc 56.3596 | Valid Acc 58.2543
2026-07-13 09:29:39 | Validation loss decreased (0.675768 --> 0.673152) in epoch (5). Saving model ...
2026-07-13 09:29:48 | TestSub: S2 | Epoch  6/100 Finsh | Now_lr 0.0005/0.0005 | Train Loss 0.6775 | Valid Loss 0.6721 | Train Acc 56.9074 | Valid Acc 59.5905
2026-07-13 09:29:48 | Validation loss decreased (0.673152 --> 0.672084) in epoch (6). Saving model ...
2026-07-13 09:29:58 | TestSub: S2 | Epoch  7/100 Finsh | Now_lr 0.0005/0.0005 | Train Loss 0.6776 | Valid Loss 0.6701 | Train Acc 56.8860 | Valid Acc 59.4181
2026-07-13 09:29:58 | Validation loss decreased (0.672084 --> 0.670104) in epoch (7). Saving model ...
2026-07-13 09:30:07 | TestSub: S2 | Epoch  8/100 Finsh | Now_lr 0.0005/0.0005 | Train Loss 0.6759 | Valid Loss 0.6697 | Train Acc 57.2027 | Valid Acc 59.9569
2026-07-13 09:30:07 | Validation loss decreased (0.670104 --> 0.669687) in epoch (8). Saving model ...
2026-07-13 09:30:16 | TestSub: S2 | Epoch  9/100 Finsh | Now_lr 0.0005/0.0005 | Train Loss 0.6745 | Valid Loss 0.6677 | Train Acc 57.5171 | Valid Acc 59.6767
2026-07-13 09:30:16 | Validation loss decreased (0.669687 --> 0.667732) in epoch (9). Saving model ...
2026-07-13 09:30:25 | TestSub: S2 | Epoch 10/100 Finsh | Now_lr 0.0005/0.0005 | Train Loss 0.6736 | Valid Loss 0.6676 | Train Acc 57.6053 | Valid Acc 59.6983
2026-07-13 09:30:25 | Validation loss decreased (0.667732 --> 0.667610) in epoch (10). Saving model ...
2026-07-13 09:30:34 | TestSub: S2 | Epoch 11/100 Finsh | Now_lr 0.0005/0.0005 | Train Loss 0.6739 | Valid Loss 0.6668 | Train Acc 57.8411 | Valid Acc 59.8922
2026-07-13 09:30:34 | Validation loss decreased (0.667610 --> 0.666803) in epoch (11). Saving model ...
2026-07-13 09:30:44 | TestSub: S2 | Epoch 12/100 Finsh | Now_lr 0.0005/0.0005 | Train Loss 0.6730 | Valid Loss 0.6662 | Train Acc 57.8768 | Valid Acc 60.9483
2026-07-13 09:30:44 | Validation loss decreased (0.666803 --> 0.666158) in epoch (12). Saving model ...
2026-07-13 09:30:53 | TestSub: S2 | Epoch 13/100 Finsh | Now_lr 0.0005/0.0005 | Train Loss 0.6714 | Valid Loss 0.6654 | Train Acc 58.2436 | Valid Acc 60.7974
2026-07-13 09:30:53 | Validation loss decreased (0.666158 --> 0.665358) in epoch (13). Saving model ...
2026-07-13 09:31:02 | TestSub: S2 | Epoch 14/100 Finsh | Now_lr 0.0005/0.0005 | Train Loss 0.6700 | Valid Loss 0.6642 | Train Acc 58.3770 | Valid Acc 60.7759
2026-07-13 09:31:02 | Validation loss decreased (0.665358 --> 0.664200) in epoch (14). Saving model ...
2026-07-13 09:31:11 | TestSub: S2 | Epoch 15/100 Finsh | Now_lr 0.0005/0.0005 | Train Loss 0.6697 | Valid Loss 0.6633 | Train Acc 58.7128 | Valid Acc 61.2716
2026-07-13 09:31:11 | Validation loss decreased (0.664200 --> 0.663251) in epoch (15). Saving model ...
2026-07-13 09:31:20 | TestSub: S2 | Epoch 16/100 Finsh | Now_lr 0.0005/0.0005 | Train Loss 0.6685 | Valid Loss 0.6601 | Train Acc 58.4151 | Valid Acc 61.4871
2026-07-13 09:31:20 | Validation loss decreased (0.663251 --> 0.660086) in epoch (16). Saving model ...
2026-07-13 09:31:29 | TestSub: S2 | Epoch 17/100 Finsh | Now_lr 0.0005/0.0005 | Train Loss 0.6682 | Valid Loss 0.6624 | Train Acc 58.6485 | Valid Acc 61.9397
2026-07-13 09:31:40 | TestSub: S2 | Epoch 18/100 Finsh | Now_lr 0.0005/0.0005 | Train Loss 0.6674 | Valid Loss 0.6606 | Train Acc 58.8224 | Valid Acc 62.2629
2026-07-13 09:31:50 | TestSub: S2 | Epoch 19/100 Finsh | Now_lr 0.0005/0.0005 | Train Loss 0.6676 | Valid Loss 0.6607 | Train Acc 58.8915 | Valid Acc 61.7457
2026-07-13 09:31:59 | TestSub: S2 | Epoch 20/100 Finsh | Now_lr 0.0005/0.0005 | Train Loss 0.6670 | Valid Loss 0.6607 | Train Acc 59.0892 | Valid Acc 61.3578
2026-07-13 09:32:08 | TestSub: S2 | Epoch 21/100 Finsh | Now_lr 0.0005/0.0005 | Train Loss 0.6661 | Valid Loss 0.6601 | Train Acc 59.5060 | Valid Acc 61.5086
2026-07-13 09:32:17 | TestSub: S2 | Epoch 22/100 Finsh | Now_lr 0.0005/0.0005 | Train Loss 0.6664 | Valid Loss 0.6597 | Train Acc 59.4036 | Valid Acc 61.2500
2026-07-13 09:32:17 | Validation loss decreased (0.660086 --> 0.659676) in epoch (22). Saving model ...
2026-07-13 09:32:26 | TestSub: S2 | Epoch 23/100 Finsh | Now_lr 0.0005/0.0005 | Train Loss 0.6662 | Valid Loss 0.6607 | Train Acc 58.9463 | Valid Acc 61.5733
2026-07-13 09:32:35 | TestSub: S2 | Epoch 24/100 Finsh | Now_lr 0.0005/0.0005 | Train Loss 0.6662 | Valid Loss 0.6611 | Train Acc 58.9844 | Valid Acc 61.3578
2026-07-13 09:32:45 | TestSub: S2 | Epoch 25/100 Finsh | Now_lr 0.0005/0.0005 | Train Loss 0.6638 | Valid Loss 0.6601 | Train Acc 59.6322 | Valid Acc 61.5086
2026-07-13 09:32:54 | TestSub: S2 | Epoch 26/100 Finsh | Now_lr 0.0005/0.0005 | Train Loss 0.6642 | Valid Loss 0.6589 | Train Acc 59.2988 | Valid Acc 61.6379
2026-07-13 09:32:54 | Validation loss decreased (0.659676 --> 0.658901) in epoch (26). Saving model ...
2026-07-13 09:33:03 | TestSub: S2 | Epoch 27/100 Finsh | Now_lr 0.0005/0.0005 | Train Loss 0.6631 | Valid Loss 0.6607 | Train Acc 59.4822 | Valid Acc 60.8405
2026-07-13 09:33:12 | TestSub: S2 | Epoch 28/100 Finsh | Now_lr 0.0005/0.0005 | Train Loss 0.6638 | Valid Loss 0.6582 | Train Acc 59.3726 | Valid Acc 61.3578
2026-07-13 09:33:12 | Validation loss decreased (0.658901 --> 0.658206) in epoch (28). Saving model ...
2026-07-13 09:33:21 | TestSub: S2 | Epoch 29/100 Finsh | Now_lr 0.0005/0.0005 | Train Loss 0.6639 | Valid Loss 0.6581 | Train Acc 59.1940 | Valid Acc 61.8966
2026-07-13 09:33:21 | Validation loss decreased (0.658206 --> 0.658073) in epoch (29). Saving model ...
2026-07-13 09:33:30 | TestSub: S2 | Epoch 30/100 Finsh | Now_lr 0.0005/0.0005 | Train Loss 0.6649 | Valid Loss 0.6581 | Train Acc 59.4322 | Valid Acc 61.4224
2026-07-13 09:33:39 | TestSub: S2 | Epoch 31/100 Finsh | Now_lr 0.0005/0.0005 | Train Loss 0.6628 | Valid Loss 0.6579 | Train Acc 59.7632 | Valid Acc 61.6595
2026-07-13 09:33:39 | Validation loss decreased (0.658073 --> 0.657936) in epoch (31). Saving model ...
2026-07-13 09:33:48 | TestSub: S2 | Epoch 32/100 Finsh | Now_lr 0.0005/0.0005 | Train Loss 0.6634 | Valid Loss 0.6589 | Train Acc 59.9395 | Valid Acc 61.1638
2026-07-13 09:33:57 | TestSub: S2 | Epoch 33/100 Finsh | Now_lr 0.0005/0.0005 | Train Loss 0.6635 | Valid Loss 0.6586 | Train Acc 59.6442 | Valid Acc 61.1638
2026-07-13 09:34:06 | TestSub: S2 | Epoch 34/100 Finsh | Now_lr 0.0005/0.0005 | Train Loss 0.6627 | Valid Loss 0.6585 | Train Acc 59.6132 | Valid Acc 61.3147
2026-07-13 09:34:15 | TestSub: S2 | Epoch 35/100 Finsh | Now_lr 0.0005/0.0005 | Train Loss 0.6626 | Valid Loss 0.6574 | Train Acc 59.7728 | Valid Acc 61.6164
2026-07-13 09:34:15 | Validation loss decreased (0.657936 --> 0.657375) in epoch (35). Saving model ...
2026-07-13 09:34:24 | TestSub: S2 | Epoch 36/100 Finsh | Now_lr 0.0005/0.0005 | Train Loss 0.6618 | Valid Loss 0.6584 | Train Acc 59.8228 | Valid Acc 61.1638
2026-07-13 09:34:35 | TestSub: S2 | Epoch 37/100 Finsh | Now_lr 0.0005/0.0005 | Train Loss 0.6640 | Valid Loss 0.6590 | Train Acc 59.6108 | Valid Acc 60.9914
2026-07-13 09:34:44 | TestSub: S2 | Epoch 38/100 Finsh | Now_lr 0.0005/0.0005 | Train Loss 0.6625 | Valid Loss 0.6593 | Train Acc 59.5227 | Valid Acc 60.8190
2026-07-13 09:34:53 | TestSub: S2 | Epoch 39/100 Finsh | Now_lr 0.0005/0.0005 | Train Loss 0.6599 | Valid Loss 0.6578 | Train Acc 60.2277 | Valid Acc 61.4009
2026-07-13 09:35:03 | TestSub: S2 | Epoch 40/100 Finsh | Now_lr 0.0005/0.0005 | Train Loss 0.6607 | Valid Loss 0.6577 | Train Acc 60.0348 | Valid Acc 61.0129
2026-07-13 09:35:14 | TestSub: S2 | Epoch 41/100 Finsh | Now_lr 0.0005/0.0005 | Train Loss 0.6607 | Valid Loss 0.6578 | Train Acc 60.1848 | Valid Acc 61.1638
2026-07-13 09:35:24 | TestSub: S2 | Epoch 42/100 Finsh | Now_lr 0.0005/0.0005 | Train Loss 0.6615 | Valid Loss 0.6577 | Train Acc 59.8704 | Valid Acc 60.9267
2026-07-13 09:35:35 | TestSub: S2 | Epoch 43/100 Finsh | Now_lr 0.0005/0.0005 | Train Loss 0.6618 | Valid Loss 0.6583 | Train Acc 59.8728 | Valid Acc 61.0345
2026-07-13 09:35:46 | TestSub: S2 | Epoch 44/100 Finsh | Now_lr 0.0005/0.0005 | Train Loss 0.6614 | Valid Loss 0.6583 | Train Acc 59.7632 | Valid Acc 60.9483
2026-07-13 09:35:55 | TestSub: S2 | Epoch 45/100 Finsh | Now_lr 0.0005/0.0005 | Train Loss 0.6592 | Valid Loss 0.6581 | Train Acc 60.1300 | Valid Acc 60.5388
2026-07-13 09:36:04 | TestSub: S2 | Epoch 46/100 Finsh | Now_lr 0.0005/0.0005 | Train Loss 0.6590 | Valid Loss 0.6579 | Train Acc 60.0705 | Valid Acc 61.2069
2026-07-13 09:36:13 | TestSub: S2 | Epoch 47/100 Finsh | Now_lr 0.0005/0.0005 | Train Loss 0.6596 | Valid Loss 0.6574 | Train Acc 59.9848 | Valid Acc 61.2931
2026-07-13 09:36:13 | Validation loss decreased (0.657375 --> 0.657371) in epoch (47). Saving model ...
2026-07-13 09:36:24 | TestSub: S2 | Epoch 48/100 Finsh | Now_lr 0.0005/0.0005 | Train Loss 0.6599 | Valid Loss 0.6578 | Train Acc 59.8395 | Valid Acc 61.1422
2026-07-13 09:36:35 | TestSub: S2 | Epoch 49/100 Finsh | Now_lr 0.0005/0.0005 | Train Loss 0.6588 | Valid Loss 0.6577 | Train Acc 60.2420 | Valid Acc 60.8836
2026-07-13 09:36:45 | TestSub: S2 | Epoch 50/100 Finsh | Now_lr 0.0005/0.0005 | Train Loss 0.6592 | Valid Loss 0.6575 | Train Acc 60.3254 | Valid Acc 60.7974
2026-07-13 09:36:54 | TestSub: S2 | Epoch 51/100 Finsh | Now_lr 0.0005/0.0005 | Train Loss 0.6584 | Valid Loss 0.6565 | Train Acc 60.1086 | Valid Acc 61.0991
2026-07-13 09:36:54 | Validation loss decreased (0.657371 --> 0.656486) in epoch (51). Saving model ...
2026-07-13 09:37:03 | TestSub: S2 | Epoch 52/100 Finsh | Now_lr 0.0005/0.0005 | Train Loss 0.6599 | Valid Loss 0.6572 | Train Acc 60.2992 | Valid Acc 60.8621
2026-07-13 09:37:12 | TestSub: S2 | Epoch 53/100 Finsh | Now_lr 0.0005/0.0005 | Train Loss 0.6588 | Valid Loss 0.6567 | Train Acc 60.0014 | Valid Acc 60.8621
2026-07-13 09:37:23 | TestSub: S2 | Epoch 54/100 Finsh | Now_lr 0.0005/0.0005 | Train Loss 0.6601 | Valid Loss 0.6567 | Train Acc 60.0181 | Valid Acc 61.4009
2026-07-13 09:37:33 | TestSub: S2 | Epoch 55/100 Finsh | Now_lr 0.0005/0.0005 | Train Loss 0.6588 | Valid Loss 0.6567 | Train Acc 60.3325 | Valid Acc 61.3147
2026-07-13 09:37:42 | TestSub: S2 | Epoch 56/100 Finsh | Now_lr 0.0005/0.0005 | Train Loss 0.6588 | Valid Loss 0.6564 | Train Acc 60.3277 | Valid Acc 61.2716
2026-07-13 09:37:42 | Validation loss decreased (0.656486 --> 0.656443) in epoch (56). Saving model ...
2026-07-13 09:37:51 | TestSub: S2 | Epoch 57/100 Finsh | Now_lr 0.0005/0.0005 | Train Loss 0.6589 | Valid Loss 0.6576 | Train Acc 60.2777 | Valid Acc 61.0345
2026-07-13 09:38:01 | TestSub: S2 | Epoch 58/100 Finsh | Now_lr 0.0005/0.0005 | Train Loss 0.6588 | Valid Loss 0.6566 | Train Acc 60.3325 | Valid Acc 61.4655
2026-07-13 09:38:10 | TestSub: S2 | Epoch 59/100 Finsh | Now_lr 0.0005/0.0005 | Train Loss 0.6583 | Valid Loss 0.6566 | Train Acc 60.2611 | Valid Acc 61.1853
2026-07-13 09:38:19 | TestSub: S2 | Epoch 60/100 Finsh | Now_lr 0.0005/0.0005 | Train Loss 0.6582 | Valid Loss 0.6555 | Train Acc 60.2634 | Valid Acc 61.2284
2026-07-13 09:38:19 | Validation loss decreased (0.656443 --> 0.655510) in epoch (60). Saving model ...
2026-07-13 09:38:28 | TestSub: S2 | Epoch 61/100 Finsh | Now_lr 0.0005/0.0005 | Train Loss 0.6584 | Valid Loss 0.6558 | Train Acc 60.3754 | Valid Acc 61.1853
2026-07-13 09:38:37 | TestSub: S2 | Epoch 62/100 Finsh | Now_lr 0.0005/0.0005 | Train Loss 0.6578 | Valid Loss 0.6560 | Train Acc 60.4206 | Valid Acc 60.8621
2026-07-13 09:38:46 | TestSub: S2 | Epoch 63/100 Finsh | Now_lr 0.0005/0.0005 | Train Loss 0.6596 | Valid Loss 0.6574 | Train Acc 60.0943 | Valid Acc 61.2716
2026-07-13 09:38:55 | TestSub: S2 | Epoch 64/100 Finsh | Now_lr 0.0005/0.0005 | Train Loss 0.6570 | Valid Loss 0.6562 | Train Acc 60.5778 | Valid Acc 61.3362
2026-07-13 09:39:04 | TestSub: S2 | Epoch 65/100 Finsh | Now_lr 0.0005/0.0005 | Train Loss 0.6589 | Valid Loss 0.6557 | Train Acc 60.2468 | Valid Acc 61.3362
2026-07-13 09:39:12 | TestSub: S2 | Epoch 66/100 Finsh | Now_lr 0.0005/0.0005 | Train Loss 0.6587 | Valid Loss 0.6567 | Train Acc 60.5302 | Valid Acc 61.4224
2026-07-13 09:39:21 | TestSub: S2 | Epoch 67/100 Finsh | Now_lr 0.0005/0.0005 | Train Loss 0.6592 | Valid Loss 0.6559 | Train Acc 60.3801 | Valid Acc 61.7026
2026-07-13 09:39:30 | TestSub: S2 | Epoch 68/100 Finsh | Now_lr 0.0005/0.0005 | Train Loss 0.6583 | Valid Loss 0.6552 | Train Acc 60.3397 | Valid Acc 61.1422
2026-07-13 09:39:30 | Validation loss decreased (0.655510 --> 0.655194) in epoch (68). Saving model ...
2026-07-13 09:39:39 | TestSub: S2 | Epoch 69/100 Finsh | Now_lr 0.0005/0.0005 | Train Loss 0.6564 | Valid Loss 0.6547 | Train Acc 60.5802 | Valid Acc 61.4224
2026-07-13 09:39:39 | Validation loss decreased (0.655194 --> 0.654657) in epoch (69). Saving model ...
2026-07-13 09:39:48 | TestSub: S2 | Epoch 70/100 Finsh | Now_lr 0.0005/0.0005 | Train Loss 0.6574 | Valid Loss 0.6566 | Train Acc 60.6040 | Valid Acc 61.2716
2026-07-13 09:39:57 | TestSub: S2 | Epoch 71/100 Finsh | Now_lr 0.0005/0.0005 | Train Loss 0.6559 | Valid Loss 0.6557 | Train Acc 60.5564 | Valid Acc 61.3362
2026-07-13 09:40:06 | TestSub: S2 | Epoch 72/100 Finsh | Now_lr 0.0005/0.0005 | Train Loss 0.6571 | Valid Loss 0.6563 | Train Acc 60.4373 | Valid Acc 61.2500
2026-07-13 09:40:15 | TestSub: S2 | Epoch 73/100 Finsh | Now_lr 0.0005/0.0005 | Train Loss 0.6560 | Valid Loss 0.6560 | Train Acc 60.5564 | Valid Acc 61.0345
2026-07-13 09:40:24 | TestSub: S2 | Epoch 74/100 Finsh | Now_lr 0.0005/0.0005 | Train Loss 0.6559 | Valid Loss 0.6552 | Train Acc 60.6517 | Valid Acc 61.2716
2026-07-13 09:40:33 | TestSub: S2 | Epoch 75/100 Finsh | Now_lr 0.0005/0.0005 | Train Loss 0.6571 | Valid Loss 0.6542 | Train Acc 60.3825 | Valid Acc 61.1422
2026-07-13 09:40:33 | Validation loss decreased (0.654657 --> 0.654236) in epoch (75). Saving model ...
2026-07-13 09:40:42 | TestSub: S2 | Epoch 76/100 Finsh | Now_lr 0.0005/0.0005 | Train Loss 0.6577 | Valid Loss 0.6558 | Train Acc 60.5755 | Valid Acc 61.4440
2026-07-13 09:40:51 | TestSub: S2 | Epoch 77/100 Finsh | Now_lr 0.0005/0.0005 | Train Loss 0.6578 | Valid Loss 0.6561 | Train Acc 60.3230 | Valid Acc 61.4009
2026-07-13 09:41:00 | TestSub: S2 | Epoch 78/100 Finsh | Now_lr 0.0005/0.0005 | Train Loss 0.6566 | Valid Loss 0.6547 | Train Acc 60.5755 | Valid Acc 61.8966
2026-07-13 09:41:09 | TestSub: S2 | Epoch 79/100 Finsh | Now_lr 0.0005/0.0005 | Train Loss 0.6570 | Valid Loss 0.6561 | Train Acc 60.5016 | Valid Acc 61.4224
2026-07-13 09:41:18 | TestSub: S2 | Epoch 80/100 Finsh | Now_lr 0.0005/0.0005 | Train Loss 0.6569 | Valid Loss 0.6551 | Train Acc 60.6898 | Valid Acc 61.4440
2026-07-13 09:41:27 | TestSub: S2 | Epoch 81/100 Finsh | Now_lr 0.0005/0.0005 | Train Loss 0.6565 | Valid Loss 0.6549 | Train Acc 60.6159 | Valid Acc 61.3147
2026-07-13 09:41:36 | TestSub: S2 | Epoch 82/100 Finsh | Now_lr 0.0005/0.0005 | Train Loss 0.6559 | Valid Loss 0.6537 | Train Acc 60.5373 | Valid Acc 61.4655
2026-07-13 09:41:36 | Validation loss decreased (0.654236 --> 0.653692) in epoch (82). Saving model ...
2026-07-13 09:41:45 | TestSub: S2 | Epoch 83/100 Finsh | Now_lr 0.0005/0.0005 | Train Loss 0.6572 | Valid Loss 0.6536 | Train Acc 60.5135 | Valid Acc 61.5948
2026-07-13 09:41:45 | Validation loss decreased (0.653692 --> 0.653569) in epoch (83). Saving model ...
2026-07-13 09:41:54 | TestSub: S2 | Epoch 84/100 Finsh | Now_lr 0.0005/0.0005 | Train Loss 0.6560 | Valid Loss 0.6540 | Train Acc 60.6683 | Valid Acc 61.4871
2026-07-13 09:42:03 | TestSub: S2 | Epoch 85/100 Finsh | Now_lr 0.0005/0.0005 | Train Loss 0.6545 | Valid Loss 0.6543 | Train Acc 60.4468 | Valid Acc 61.0991
2026-07-13 09:42:12 | TestSub: S2 | Epoch 86/100 Finsh | Now_lr 0.0005/0.0005 | Train Loss 0.6558 | Valid Loss 0.6541 | Train Acc 60.4778 | Valid Acc 61.5948
2026-07-13 09:42:21 | TestSub: S2 | Epoch 87/100 Finsh | Now_lr 0.0005/0.0005 | Train Loss 0.6560 | Valid Loss 0.6544 | Train Acc 60.9161 | Valid Acc 61.5733
2026-07-13 09:42:30 | TestSub: S2 | Epoch 88/100 Finsh | Now_lr 0.0005/0.0005 | Train Loss 0.6567 | Valid Loss 0.6553 | Train Acc 60.8589 | Valid Acc 61.2284
2026-07-13 09:42:39 | TestSub: S2 | Epoch 89/100 Finsh | Now_lr 0.0005/0.0005 | Train Loss 0.6572 | Valid Loss 0.6541 | Train Acc 60.7208 | Valid Acc 61.1422
2026-07-13 09:42:48 | TestSub: S2 | Epoch 90/100 Finsh | Now_lr 0.0005/0.0005 | Train Loss 0.6569 | Valid Loss 0.6539 | Train Acc 60.3944 | Valid Acc 60.8621
2026-07-13 09:42:57 | TestSub: S2 | Epoch 91/100 Finsh | Now_lr 0.0005/0.0005 | Train Loss 0.6558 | Valid Loss 0.6545 | Train Acc 60.4802 | Valid Acc 61.0345
2026-07-13 09:43:06 | TestSub: S2 | Epoch 92/100 Finsh | Now_lr 0.0005/0.0005 | Train Loss 0.6556 | Valid Loss 0.6549 | Train Acc 60.8279 | Valid Acc 61.5733
2026-07-13 09:43:15 | TestSub: S2 | Epoch 93/100 Finsh | Now_lr 0.0005/0.0005 | Train Loss 0.6552 | Valid Loss 0.6539 | Train Acc 60.7803 | Valid Acc 61.3578
2026-07-13 09:43:24 | TestSub: S2 | Epoch 94/100 Finsh | Now_lr 0.0005/0.0005 | Train Loss 0.6551 | Valid Loss 0.6546 | Train Acc 60.7422 | Valid Acc 61.4655
2026-07-13 09:43:33 | TestSub: S2 | Epoch 95/100 Finsh | Now_lr 0.0005/0.0005 | Train Loss 0.6556 | Valid Loss 0.6542 | Train Acc 60.6517 | Valid Acc 61.3793
2026-07-13 09:43:42 | TestSub: S2 | Epoch 96/100 Finsh | Now_lr 0.0005/0.0005 | Train Loss 0.6560 | Valid Loss 0.6537 | Train Acc 60.7660 | Valid Acc 61.0991
2026-07-13 09:43:51 | TestSub: S2 | Epoch 97/100 Finsh | Now_lr 0.0005/0.0005 | Train Loss 0.6553 | Valid Loss 0.6546 | Train Acc 60.5612 | Valid Acc 61.0991
2026-07-13 09:44:00 | TestSub: S2 | Epoch 98/100 Finsh | Now_lr 0.0005/0.0005 | Train Loss 0.6548 | Valid Loss 0.6548 | Train Acc 60.7994 | Valid Acc 60.9914
2026-07-13 09:44:09 | TestSub: S2 | Epoch 99/100 Finsh | Now_lr 0.0005/0.0005 | Train Loss 0.6535 | Valid Loss 0.6544 | Train Acc 60.9947 | Valid Acc 61.3578
2026-07-13 09:44:18 | TestSub: S2 | Epoch 100/100 Finsh | Now_lr 0.0005/0.0005 | Train Loss 0.6555 | Valid Loss 0.6536 | Train Acc 60.7827 | Valid Acc 61.7241
2026-07-13 09:44:19 | --------------------------------------------------
2026-07-13 09:44:19 | Test_Subject :S2 | Best epoch:83 | Test Loss:0.6692 | Savemodel Acc 58.3719
2026-07-13 09:44:19 | --------------------------------------------------
2026-07-13 09:44:19 | Best epoch: 83 | Test acc: 58.3719
