2026-07-13 10:51:14 | Logging started: ./writer/Subject_dependent_AAD/AVEDao/0.1s/result//Train0.1s_sub8.log
2026-07-13 10:51:17 | Sub_id: 8
2026-07-13 10:51:28 | TestSub: S8 | Epoch  1/100 Finsh | Now_lr 0.0005/0.0005 | Train Loss 0.6934 | Valid Loss 0.6902 | Train Acc 52.0436 | Valid Acc 52.9526
2026-07-13 10:51:28 | Validation loss decreased (inf --> 0.690189) in epoch (1). Saving model ...
2026-07-13 10:51:37 | TestSub: S8 | Epoch  2/100 Finsh | Now_lr 0.0005/0.0005 | Train Loss 0.6897 | Valid Loss 0.6893 | Train Acc 53.2822 | Valid Acc 53.4483
2026-07-13 10:51:37 | Validation loss decreased (0.690189 --> 0.689281) in epoch (2). Saving model ...
2026-07-13 10:51:46 | TestSub: S8 | Epoch  3/100 Finsh | Now_lr 0.0005/0.0005 | Train Loss 0.6877 | Valid Loss 0.6876 | Train Acc 54.0063 | Valid Acc 54.0948
2026-07-13 10:51:46 | Validation loss decreased (0.689281 --> 0.687600) in epoch (3). Saving model ...
2026-07-13 10:51:54 | TestSub: S8 | Epoch  4/100 Finsh | Now_lr 0.0005/0.0005 | Train Loss 0.6861 | Valid Loss 0.6856 | Train Acc 54.6160 | Valid Acc 55.1724
2026-07-13 10:51:54 | Validation loss decreased (0.687600 --> 0.685560) in epoch (4). Saving model ...
2026-07-13 10:52:03 | TestSub: S8 | Epoch  5/100 Finsh | Now_lr 0.0005/0.0005 | Train Loss 0.6846 | Valid Loss 0.6830 | Train Acc 55.2067 | Valid Acc 55.9914
2026-07-13 10:52:03 | Validation loss decreased (0.685560 --> 0.682985) in epoch (5). Saving model ...
2026-07-13 10:52:12 | TestSub: S8 | Epoch  6/100 Finsh | Now_lr 0.0005/0.0005 | Train Loss 0.6835 | Valid Loss 0.6829 | Train Acc 55.3235 | Valid Acc 56.2716
2026-07-13 10:52:12 | Validation loss decreased (0.682985 --> 0.682899) in epoch (6). Saving model ...
2026-07-13 10:52:21 | TestSub: S8 | Epoch  7/100 Finsh | Now_lr 0.0005/0.0005 | Train Loss 0.6813 | Valid Loss 0.6808 | Train Acc 56.2262 | Valid Acc 57.0905
2026-07-13 10:52:21 | Validation loss decreased (0.682899 --> 0.680776) in epoch (7). Saving model ...
2026-07-13 10:52:30 | TestSub: S8 | Epoch  8/100 Finsh | Now_lr 0.0005/0.0005 | Train Loss 0.6805 | Valid Loss 0.6795 | Train Acc 56.5501 | Valid Acc 56.9397
2026-07-13 10:52:30 | Validation loss decreased (0.680776 --> 0.679479) in epoch (8). Saving model ...
2026-07-13 10:52:41 | TestSub: S8 | Epoch  9/100 Finsh | Now_lr 0.0005/0.0005 | Train Loss 0.6797 | Valid Loss 0.6768 | Train Acc 56.3048 | Valid Acc 58.0172
2026-07-13 10:52:41 | Validation loss decreased (0.679479 --> 0.676810) in epoch (9). Saving model ...
2026-07-13 10:52:52 | TestSub: S8 | Epoch 10/100 Finsh | Now_lr 0.0005/0.0005 | Train Loss 0.6786 | Valid Loss 0.6762 | Train Acc 57.1980 | Valid Acc 57.5862
2026-07-13 10:52:52 | Validation loss decreased (0.676810 --> 0.676214) in epoch (10). Saving model ...
2026-07-13 10:53:01 | TestSub: S8 | Epoch 11/100 Finsh | Now_lr 0.0005/0.0005 | Train Loss 0.6764 | Valid Loss 0.6750 | Train Acc 56.9788 | Valid Acc 58.0819
2026-07-13 10:53:01 | Validation loss decreased (0.676214 --> 0.674969) in epoch (11). Saving model ...
2026-07-13 10:53:11 | TestSub: S8 | Epoch 12/100 Finsh | Now_lr 0.0005/0.0005 | Train Loss 0.6757 | Valid Loss 0.6737 | Train Acc 57.1623 | Valid Acc 58.7931
2026-07-13 10:53:11 | Validation loss decreased (0.674969 --> 0.673741) in epoch (12). Saving model ...
2026-07-13 10:53:20 | TestSub: S8 | Epoch 13/100 Finsh | Now_lr 0.0005/0.0005 | Train Loss 0.6752 | Valid Loss 0.6734 | Train Acc 57.2813 | Valid Acc 58.7500
2026-07-13 10:53:20 | Validation loss decreased (0.673741 --> 0.673406) in epoch (13). Saving model ...
2026-07-13 10:53:29 | TestSub: S8 | Epoch 14/100 Finsh | Now_lr 0.0005/0.0005 | Train Loss 0.6748 | Valid Loss 0.6730 | Train Acc 57.5457 | Valid Acc 58.2112
2026-07-13 10:53:29 | Validation loss decreased (0.673406 --> 0.672972) in epoch (14). Saving model ...
2026-07-13 10:53:38 | TestSub: S8 | Epoch 15/100 Finsh | Now_lr 0.0005/0.0005 | Train Loss 0.6746 | Valid Loss 0.6724 | Train Acc 57.5076 | Valid Acc 58.8793
2026-07-13 10:53:38 | Validation loss decreased (0.672972 --> 0.672437) in epoch (15). Saving model ...
2026-07-13 10:53:47 | TestSub: S8 | Epoch 16/100 Finsh | Now_lr 0.0005/0.0005 | Train Loss 0.6739 | Valid Loss 0.6724 | Train Acc 57.7410 | Valid Acc 58.6422
2026-07-13 10:53:47 | Validation loss decreased (0.672437 --> 0.672376) in epoch (16). Saving model ...
2026-07-13 10:53:56 | TestSub: S8 | Epoch 17/100 Finsh | Now_lr 0.0005/0.0005 | Train Loss 0.6728 | Valid Loss 0.6717 | Train Acc 57.6029 | Valid Acc 58.1897
2026-07-13 10:53:56 | Validation loss decreased (0.672376 --> 0.671696) in epoch (17). Saving model ...
2026-07-13 10:54:05 | TestSub: S8 | Epoch 18/100 Finsh | Now_lr 0.0005/0.0005 | Train Loss 0.6739 | Valid Loss 0.6717 | Train Acc 57.7410 | Valid Acc 58.3836
2026-07-13 10:54:14 | TestSub: S8 | Epoch 19/100 Finsh | Now_lr 0.0005/0.0005 | Train Loss 0.6733 | Valid Loss 0.6715 | Train Acc 57.7268 | Valid Acc 59.1379
2026-07-13 10:54:14 | Validation loss decreased (0.671696 --> 0.671480) in epoch (19). Saving model ...
2026-07-13 10:54:23 | TestSub: S8 | Epoch 20/100 Finsh | Now_lr 0.0005/0.0005 | Train Loss 0.6716 | Valid Loss 0.6714 | Train Acc 58.1745 | Valid Acc 58.7284
2026-07-13 10:54:23 | Validation loss decreased (0.671480 --> 0.671448) in epoch (20). Saving model ...
2026-07-13 10:54:32 | TestSub: S8 | Epoch 21/100 Finsh | Now_lr 0.0005/0.0005 | Train Loss 0.6716 | Valid Loss 0.6705 | Train Acc 58.3270 | Valid Acc 59.1164
2026-07-13 10:54:32 | Validation loss decreased (0.671448 --> 0.670490) in epoch (21). Saving model ...
2026-07-13 10:54:41 | TestSub: S8 | Epoch 22/100 Finsh | Now_lr 0.0005/0.0005 | Train Loss 0.6695 | Valid Loss 0.6707 | Train Acc 58.3746 | Valid Acc 58.9440
2026-07-13 10:54:50 | TestSub: S8 | Epoch 23/100 Finsh | Now_lr 0.0005/0.0005 | Train Loss 0.6699 | Valid Loss 0.6709 | Train Acc 58.4437 | Valid Acc 58.6638
2026-07-13 10:54:59 | TestSub: S8 | Epoch 24/100 Finsh | Now_lr 0.0005/0.0005 | Train Loss 0.6693 | Valid Loss 0.6713 | Train Acc 58.6700 | Valid Acc 59.0517
2026-07-13 10:55:07 | TestSub: S8 | Epoch 25/100 Finsh | Now_lr 0.0005/0.0005 | Train Loss 0.6704 | Valid Loss 0.6719 | Train Acc 58.3770 | Valid Acc 58.5345
2026-07-13 10:55:16 | TestSub: S8 | Epoch 26/100 Finsh | Now_lr 0.0005/0.0005 | Train Loss 0.6697 | Valid Loss 0.6708 | Train Acc 58.6604 | Valid Acc 58.9871
2026-07-13 10:55:25 | TestSub: S8 | Epoch 27/100 Finsh | Now_lr 0.0005/0.0005 | Train Loss 0.6692 | Valid Loss 0.6695 | Train Acc 58.8081 | Valid Acc 59.0302
2026-07-13 10:55:25 | Validation loss decreased (0.670490 --> 0.669527) in epoch (27). Saving model ...
2026-07-13 10:55:34 | TestSub: S8 | Epoch 28/100 Finsh | Now_lr 0.0005/0.0005 | Train Loss 0.6715 | Valid Loss 0.6705 | Train Acc 58.1698 | Valid Acc 59.1810
2026-07-13 10:55:43 | TestSub: S8 | Epoch 29/100 Finsh | Now_lr 0.0005/0.0005 | Train Loss 0.6688 | Valid Loss 0.6697 | Train Acc 58.6652 | Valid Acc 59.8922
2026-07-13 10:55:52 | TestSub: S8 | Epoch 30/100 Finsh | Now_lr 0.0005/0.0005 | Train Loss 0.6685 | Valid Loss 0.6695 | Train Acc 58.4556 | Valid Acc 59.7845
2026-07-13 10:55:52 | Validation loss decreased (0.669527 --> 0.669457) in epoch (30). Saving model ...
2026-07-13 10:56:01 | TestSub: S8 | Epoch 31/100 Finsh | Now_lr 0.0005/0.0005 | Train Loss 0.6688 | Valid Loss 0.6700 | Train Acc 58.8962 | Valid Acc 58.9009
2026-07-13 10:56:10 | TestSub: S8 | Epoch 32/100 Finsh | Now_lr 0.0005/0.0005 | Train Loss 0.6685 | Valid Loss 0.6697 | Train Acc 58.6200 | Valid Acc 59.2241
2026-07-13 10:56:19 | TestSub: S8 | Epoch 33/100 Finsh | Now_lr 0.0005/0.0005 | Train Loss 0.6675 | Valid Loss 0.6697 | Train Acc 58.8176 | Valid Acc 59.7629
2026-07-13 10:56:29 | TestSub: S8 | Epoch 34/100 Finsh | Now_lr 0.0005/0.0005 | Train Loss 0.6679 | Valid Loss 0.6690 | Train Acc 58.6938 | Valid Acc 59.4397
2026-07-13 10:56:29 | Validation loss decreased (0.669457 --> 0.669028) in epoch (34). Saving model ...
2026-07-13 10:56:37 | TestSub: S8 | Epoch 35/100 Finsh | Now_lr 0.0005/0.0005 | Train Loss 0.6669 | Valid Loss 0.6691 | Train Acc 58.8677 | Valid Acc 59.2457
2026-07-13 10:56:46 | TestSub: S8 | Epoch 36/100 Finsh | Now_lr 0.0005/0.0005 | Train Loss 0.6676 | Valid Loss 0.6691 | Train Acc 58.9486 | Valid Acc 59.1595
2026-07-13 10:56:55 | TestSub: S8 | Epoch 37/100 Finsh | Now_lr 0.0005/0.0005 | Train Loss 0.6684 | Valid Loss 0.6694 | Train Acc 58.6962 | Valid Acc 59.0733
2026-07-13 10:57:04 | TestSub: S8 | Epoch 38/100 Finsh | Now_lr 0.0005/0.0005 | Train Loss 0.6661 | Valid Loss 0.6690 | Train Acc 59.0249 | Valid Acc 59.3534
2026-07-13 10:57:04 | Validation loss decreased (0.669028 --> 0.669015) in epoch (38). Saving model ...
2026-07-13 10:57:13 | TestSub: S8 | Epoch 39/100 Finsh | Now_lr 0.0005/0.0005 | Train Loss 0.6667 | Valid Loss 0.6692 | Train Acc 58.8057 | Valid Acc 59.0517
2026-07-13 10:57:22 | TestSub: S8 | Epoch 40/100 Finsh | Now_lr 0.0005/0.0005 | Train Loss 0.6661 | Valid Loss 0.6691 | Train Acc 59.0725 | Valid Acc 59.3103
2026-07-13 10:57:31 | TestSub: S8 | Epoch 41/100 Finsh | Now_lr 0.0005/0.0005 | Train Loss 0.6673 | Valid Loss 0.6704 | Train Acc 58.7510 | Valid Acc 58.5345
2026-07-13 10:57:40 | TestSub: S8 | Epoch 42/100 Finsh | Now_lr 0.0005/0.0005 | Train Loss 0.6671 | Valid Loss 0.6687 | Train Acc 59.0749 | Valid Acc 59.1379
2026-07-13 10:57:40 | Validation loss decreased (0.669015 --> 0.668696) in epoch (42). Saving model ...
2026-07-13 10:57:49 | TestSub: S8 | Epoch 43/100 Finsh | Now_lr 0.0005/0.0005 | Train Loss 0.6671 | Valid Loss 0.6689 | Train Acc 58.9320 | Valid Acc 59.5905
2026-07-13 10:57:58 | TestSub: S8 | Epoch 44/100 Finsh | Now_lr 0.0005/0.0005 | Train Loss 0.6661 | Valid Loss 0.6683 | Train Acc 59.1392 | Valid Acc 59.1810
2026-07-13 10:57:58 | Validation loss decreased (0.668696 --> 0.668273) in epoch (44). Saving model ...
2026-07-13 10:58:07 | TestSub: S8 | Epoch 45/100 Finsh | Now_lr 0.0005/0.0005 | Train Loss 0.6665 | Valid Loss 0.6688 | Train Acc 59.1559 | Valid Acc 59.1164
2026-07-13 10:58:16 | TestSub: S8 | Epoch 46/100 Finsh | Now_lr 0.0005/0.0005 | Train Loss 0.6651 | Valid Loss 0.6692 | Train Acc 59.2654 | Valid Acc 59.1810
2026-07-13 10:58:25 | TestSub: S8 | Epoch 47/100 Finsh | Now_lr 0.0005/0.0005 | Train Loss 0.6643 | Valid Loss 0.6687 | Train Acc 59.2893 | Valid Acc 59.3534
2026-07-13 10:58:34 | TestSub: S8 | Epoch 48/100 Finsh | Now_lr 0.0005/0.0005 | Train Loss 0.6663 | Valid Loss 0.6700 | Train Acc 58.9439 | Valid Acc 59.4612
2026-07-13 10:58:43 | TestSub: S8 | Epoch 49/100 Finsh | Now_lr 0.0005/0.0005 | Train Loss 0.6673 | Valid Loss 0.6682 | Train Acc 58.7510 | Valid Acc 59.4397
2026-07-13 10:58:43 | Validation loss decreased (0.668273 --> 0.668203) in epoch (49). Saving model ...
2026-07-13 10:58:52 | TestSub: S8 | Epoch 50/100 Finsh | Now_lr 0.0005/0.0005 | Train Loss 0.6652 | Valid Loss 0.6682 | Train Acc 59.1440 | Valid Acc 59.4612
2026-07-13 10:58:52 | Validation loss decreased (0.668203 --> 0.668197) in epoch (50). Saving model ...
2026-07-13 10:59:01 | TestSub: S8 | Epoch 51/100 Finsh | Now_lr 0.0005/0.0005 | Train Loss 0.6653 | Valid Loss 0.6683 | Train Acc 59.3440 | Valid Acc 59.6983
2026-07-13 10:59:10 | TestSub: S8 | Epoch 52/100 Finsh | Now_lr 0.0005/0.0005 | Train Loss 0.6652 | Valid Loss 0.6685 | Train Acc 58.8891 | Valid Acc 59.2026
2026-07-13 10:59:19 | TestSub: S8 | Epoch 53/100 Finsh | Now_lr 0.0005/0.0005 | Train Loss 0.6662 | Valid Loss 0.6689 | Train Acc 59.2869 | Valid Acc 59.8707
2026-07-13 10:59:28 | TestSub: S8 | Epoch 54/100 Finsh | Now_lr 0.0005/0.0005 | Train Loss 0.6640 | Valid Loss 0.6684 | Train Acc 59.4917 | Valid Acc 59.0517
2026-07-13 10:59:38 | TestSub: S8 | Epoch 55/100 Finsh | Now_lr 0.0005/0.0005 | Train Loss 0.6661 | Valid Loss 0.6689 | Train Acc 59.1630 | Valid Acc 59.4828
2026-07-13 10:59:47 | TestSub: S8 | Epoch 56/100 Finsh | Now_lr 0.0005/0.0005 | Train Loss 0.6636 | Valid Loss 0.6686 | Train Acc 59.6132 | Valid Acc 59.4828
2026-07-13 10:59:56 | TestSub: S8 | Epoch 57/100 Finsh | Now_lr 0.0005/0.0005 | Train Loss 0.6641 | Valid Loss 0.6682 | Train Acc 59.3083 | Valid Acc 59.5905
2026-07-13 10:59:56 | Validation loss decreased (0.668197 --> 0.668171) in epoch (57). Saving model ...
2026-07-13 11:00:05 | TestSub: S8 | Epoch 58/100 Finsh | Now_lr 0.0005/0.0005 | Train Loss 0.6651 | Valid Loss 0.6685 | Train Acc 59.1154 | Valid Acc 59.6121
2026-07-13 11:00:14 | TestSub: S8 | Epoch 59/100 Finsh | Now_lr 0.0005/0.0005 | Train Loss 0.6640 | Valid Loss 0.6676 | Train Acc 59.4774 | Valid Acc 59.5474
2026-07-13 11:00:14 | Validation loss decreased (0.668171 --> 0.667582) in epoch (59). Saving model ...
2026-07-13 11:00:22 | TestSub: S8 | Epoch 60/100 Finsh | Now_lr 0.0005/0.0005 | Train Loss 0.6632 | Valid Loss 0.6669 | Train Acc 59.4393 | Valid Acc 60.0216
2026-07-13 11:00:22 | Validation loss decreased (0.667582 --> 0.666938) in epoch (60). Saving model ...
2026-07-13 11:00:31 | TestSub: S8 | Epoch 61/100 Finsh | Now_lr 0.0005/0.0005 | Train Loss 0.6619 | Valid Loss 0.6673 | Train Acc 59.6561 | Valid Acc 59.8922
2026-07-13 11:00:40 | TestSub: S8 | Epoch 62/100 Finsh | Now_lr 0.0005/0.0005 | Train Loss 0.6653 | Valid Loss 0.6684 | Train Acc 59.0296 | Valid Acc 59.0302
2026-07-13 11:00:49 | TestSub: S8 | Epoch 63/100 Finsh | Now_lr 0.0005/0.0005 | Train Loss 0.6631 | Valid Loss 0.6678 | Train Acc 59.7013 | Valid Acc 59.7414
2026-07-13 11:00:58 | TestSub: S8 | Epoch 64/100 Finsh | Now_lr 0.0005/0.0005 | Train Loss 0.6622 | Valid Loss 0.6671 | Train Acc 59.4607 | Valid Acc 60.2586
2026-07-13 11:01:07 | TestSub: S8 | Epoch 65/100 Finsh | Now_lr 0.0005/0.0005 | Train Loss 0.6642 | Valid Loss 0.6674 | Train Acc 59.6799 | Valid Acc 59.9138
2026-07-13 11:01:16 | TestSub: S8 | Epoch 66/100 Finsh | Now_lr 0.0005/0.0005 | Train Loss 0.6624 | Valid Loss 0.6683 | Train Acc 59.5441 | Valid Acc 59.8276
2026-07-13 11:01:25 | TestSub: S8 | Epoch 67/100 Finsh | Now_lr 0.0005/0.0005 | Train Loss 0.6635 | Valid Loss 0.6687 | Train Acc 59.4869 | Valid Acc 59.4612
2026-07-13 11:01:34 | TestSub: S8 | Epoch 68/100 Finsh | Now_lr 0.0005/0.0005 | Train Loss 0.6645 | Valid Loss 0.6687 | Train Acc 59.5560 | Valid Acc 58.8578
2026-07-13 11:01:43 | TestSub: S8 | Epoch 69/100 Finsh | Now_lr 0.0005/0.0005 | Train Loss 0.6631 | Valid Loss 0.6678 | Train Acc 59.6060 | Valid Acc 58.9009
2026-07-13 11:01:52 | TestSub: S8 | Epoch 70/100 Finsh | Now_lr 0.0005/0.0005 | Train Loss 0.6621 | Valid Loss 0.6671 | Train Acc 59.4750 | Valid Acc 59.2241
2026-07-13 11:02:01 | TestSub: S8 | Epoch 71/100 Finsh | Now_lr 0.0005/0.0005 | Train Loss 0.6637 | Valid Loss 0.6679 | Train Acc 59.4107 | Valid Acc 59.3534
2026-07-13 11:02:10 | TestSub: S8 | Epoch 72/100 Finsh | Now_lr 0.0005/0.0005 | Train Loss 0.6629 | Valid Loss 0.6677 | Train Acc 59.6799 | Valid Acc 59.7414
2026-07-13 11:02:19 | TestSub: S8 | Epoch 73/100 Finsh | Now_lr 0.0005/0.0005 | Train Loss 0.6623 | Valid Loss 0.6670 | Train Acc 59.9014 | Valid Acc 59.6552
2026-07-13 11:02:28 | TestSub: S8 | Epoch 74/100 Finsh | Now_lr 0.0005/0.0005 | Train Loss 0.6629 | Valid Loss 0.6671 | Train Acc 59.5846 | Valid Acc 59.6552
2026-07-13 11:02:37 | TestSub: S8 | Epoch 75/100 Finsh | Now_lr 0.0005/0.0005 | Train Loss 0.6622 | Valid Loss 0.6674 | Train Acc 59.7275 | Valid Acc 59.5043
2026-07-13 11:02:46 | TestSub: S8 | Epoch 76/100 Finsh | Now_lr 0.0005/0.0005 | Train Loss 0.6618 | Valid Loss 0.6668 | Train Acc 59.7656 | Valid Acc 59.6983
2026-07-13 11:02:46 | Validation loss decreased (0.666938 --> 0.666783) in epoch (76). Saving model ...
2026-07-13 11:02:55 | TestSub: S8 | Epoch 77/100 Finsh | Now_lr 0.0005/0.0005 | Train Loss 0.6634 | Valid Loss 0.6674 | Train Acc 59.9038 | Valid Acc 59.4828
2026-07-13 11:03:04 | TestSub: S8 | Epoch 78/100 Finsh | Now_lr 0.0005/0.0005 | Train Loss 0.6630 | Valid Loss 0.6673 | Train Acc 59.8466 | Valid Acc 59.3750
2026-07-13 11:03:13 | TestSub: S8 | Epoch 79/100 Finsh | Now_lr 0.0005/0.0005 | Train Loss 0.6623 | Valid Loss 0.6670 | Train Acc 59.6632 | Valid Acc 59.1379
2026-07-13 11:03:22 | TestSub: S8 | Epoch 80/100 Finsh | Now_lr 0.0005/0.0005 | Train Loss 0.6625 | Valid Loss 0.6673 | Train Acc 59.6680 | Valid Acc 59.3750
2026-07-13 11:03:30 | TestSub: S8 | Epoch 81/100 Finsh | Now_lr 0.0005/0.0005 | Train Loss 0.6628 | Valid Loss 0.6670 | Train Acc 59.6179 | Valid Acc 59.5259
2026-07-13 11:03:39 | TestSub: S8 | Epoch 82/100 Finsh | Now_lr 0.0005/0.0005 | Train Loss 0.6637 | Valid Loss 0.6672 | Train Acc 59.5894 | Valid Acc 59.7198
2026-07-13 11:03:48 | TestSub: S8 | Epoch 83/100 Finsh | Now_lr 0.0005/0.0005 | Train Loss 0.6621 | Valid Loss 0.6668 | Train Acc 59.8133 | Valid Acc 60.3233
2026-07-13 11:03:48 | Validation loss decreased (0.666783 --> 0.666777) in epoch (83). Saving model ...
2026-07-13 11:03:57 | TestSub: S8 | Epoch 84/100 Finsh | Now_lr 0.0005/0.0005 | Train Loss 0.6621 | Valid Loss 0.6676 | Train Acc 59.4369 | Valid Acc 59.5690
2026-07-13 11:04:06 | TestSub: S8 | Epoch 85/100 Finsh | Now_lr 0.0005/0.0005 | Train Loss 0.6633 | Valid Loss 0.6670 | Train Acc 59.5084 | Valid Acc 60.2802
2026-07-13 11:04:15 | TestSub: S8 | Epoch 86/100 Finsh | Now_lr 0.0005/0.0005 | Train Loss 0.6635 | Valid Loss 0.6682 | Train Acc 59.3869 | Valid Acc 59.6552
2026-07-13 11:04:24 | TestSub: S8 | Epoch 87/100 Finsh | Now_lr 0.0005/0.0005 | Train Loss 0.6625 | Valid Loss 0.6670 | Train Acc 59.4703 | Valid Acc 59.8922
2026-07-13 11:04:33 | TestSub: S8 | Epoch 88/100 Finsh | Now_lr 0.0005/0.0005 | Train Loss 0.6635 | Valid Loss 0.6671 | Train Acc 59.3726 | Valid Acc 59.8491
2026-07-13 11:04:42 | TestSub: S8 | Epoch 89/100 Finsh | Now_lr 0.0005/0.0005 | Train Loss 0.6621 | Valid Loss 0.6673 | Train Acc 59.5346 | Valid Acc 59.6121
2026-07-13 11:04:51 | TestSub: S8 | Epoch 90/100 Finsh | Now_lr 0.0005/0.0005 | Train Loss 0.6638 | Valid Loss 0.6673 | Train Acc 59.3917 | Valid Acc 59.7198
2026-07-13 11:05:00 | TestSub: S8 | Epoch 91/100 Finsh | Now_lr 0.0005/0.0005 | Train Loss 0.6623 | Valid Loss 0.6673 | Train Acc 59.6823 | Valid Acc 59.3319
2026-07-13 11:05:09 | TestSub: S8 | Epoch 92/100 Finsh | Now_lr 0.0005/0.0005 | Train Loss 0.6606 | Valid Loss 0.6675 | Train Acc 59.9919 | Valid Acc 59.2241
2026-07-13 11:05:18 | TestSub: S8 | Epoch 93/100 Finsh | Now_lr 0.0005/0.0005 | Train Loss 0.6609 | Valid Loss 0.6666 | Train Acc 60.0372 | Valid Acc 59.9138
2026-07-13 11:05:18 | Validation loss decreased (0.666777 --> 0.666604) in epoch (93). Saving model ...
2026-07-13 11:05:27 | TestSub: S8 | Epoch 94/100 Finsh | Now_lr 0.0005/0.0005 | Train Loss 0.6610 | Valid Loss 0.6675 | Train Acc 60.0324 | Valid Acc 58.9224
2026-07-13 11:05:36 | TestSub: S8 | Epoch 95/100 Finsh | Now_lr 0.0005/0.0005 | Train Loss 0.6622 | Valid Loss 0.6670 | Train Acc 59.7037 | Valid Acc 59.2241
2026-07-13 11:05:45 | TestSub: S8 | Epoch 96/100 Finsh | Now_lr 0.0005/0.0005 | Train Loss 0.6622 | Valid Loss 0.6670 | Train Acc 59.6084 | Valid Acc 58.7500
2026-07-13 11:05:54 | TestSub: S8 | Epoch 97/100 Finsh | Now_lr 0.0005/0.0005 | Train Loss 0.6604 | Valid Loss 0.6665 | Train Acc 60.1586 | Valid Acc 59.9138
2026-07-13 11:05:54 | Validation loss decreased (0.666604 --> 0.666453) in epoch (97). Saving model ...
2026-07-13 11:06:03 | TestSub: S8 | Epoch 98/100 Finsh | Now_lr 0.0005/0.0005 | Train Loss 0.6618 | Valid Loss 0.6662 | Train Acc 59.6132 | Valid Acc 59.6552
2026-07-13 11:06:03 | Validation loss decreased (0.666453 --> 0.666209) in epoch (98). Saving model ...
2026-07-13 11:06:12 | TestSub: S8 | Epoch 99/100 Finsh | Now_lr 0.0005/0.0005 | Train Loss 0.6618 | Valid Loss 0.6667 | Train Acc 59.6656 | Valid Acc 59.7198
2026-07-13 11:06:21 | TestSub: S8 | Epoch 100/100 Finsh | Now_lr 0.0005/0.0005 | Train Loss 0.6618 | Valid Loss 0.6665 | Train Acc 59.6227 | Valid Acc 60.0000
2026-07-13 11:06:21 | --------------------------------------------------
2026-07-13 11:06:21 | Test_Subject :S8 | Best epoch:98 | Test Loss:0.6650 | Savemodel Acc 59.2400
2026-07-13 11:06:21 | --------------------------------------------------
2026-07-13 11:06:21 | Best epoch: 98 | Test acc: 59.2400
