2026-07-13 10:35:41 | Logging started: ./writer/Subject_dependent_AAD/AVEDao/0.1s/result//Train0.1s_sub7.log
2026-07-13 10:35:44 | Sub_id: 7
2026-07-13 10:35:56 | TestSub: S7 | Epoch  1/100 Finsh | Now_lr 0.0005/0.0005 | Train Loss 0.6953 | Valid Loss 0.6882 | Train Acc 51.5458 | Valid Acc 52.8448
2026-07-13 10:35:56 | Validation loss decreased (inf --> 0.688244) in epoch (1). Saving model ...
2026-07-13 10:36:05 | TestSub: S7 | Epoch  2/100 Finsh | Now_lr 0.0005/0.0005 | Train Loss 0.6898 | Valid Loss 0.6868 | Train Acc 52.8511 | Valid Acc 54.1164
2026-07-13 10:36:05 | Validation loss decreased (0.688244 --> 0.686776) in epoch (2). Saving model ...
2026-07-13 10:36:14 | TestSub: S7 | Epoch  3/100 Finsh | Now_lr 0.0005/0.0005 | Train Loss 0.6880 | Valid Loss 0.6859 | Train Acc 53.9039 | Valid Acc 55.2155
2026-07-13 10:36:14 | Validation loss decreased (0.686776 --> 0.685907) in epoch (3). Saving model ...
2026-07-13 10:36:22 | TestSub: S7 | Epoch  4/100 Finsh | Now_lr 0.0005/0.0005 | Train Loss 0.6864 | Valid Loss 0.6835 | Train Acc 54.6303 | Valid Acc 56.5517
2026-07-13 10:36:22 | Validation loss decreased (0.685907 --> 0.683467) in epoch (4). Saving model ...
2026-07-13 10:36:31 | TestSub: S7 | Epoch  5/100 Finsh | Now_lr 0.0005/0.0005 | Train Loss 0.6843 | Valid Loss 0.6825 | Train Acc 55.2449 | Valid Acc 55.8621
2026-07-13 10:36:31 | Validation loss decreased (0.683467 --> 0.682502) in epoch (5). Saving model ...
2026-07-13 10:36:40 | TestSub: S7 | Epoch  6/100 Finsh | Now_lr 0.0005/0.0005 | Train Loss 0.6823 | Valid Loss 0.6812 | Train Acc 55.8117 | Valid Acc 56.7888
2026-07-13 10:36:40 | Validation loss decreased (0.682502 --> 0.681162) in epoch (6). Saving model ...
2026-07-13 10:36:50 | TestSub: S7 | Epoch  7/100 Finsh | Now_lr 0.0005/0.0005 | Train Loss 0.6820 | Valid Loss 0.6811 | Train Acc 55.6903 | Valid Acc 57.1336
2026-07-13 10:36:50 | Validation loss decreased (0.681162 --> 0.681058) in epoch (7). Saving model ...
2026-07-13 10:36:59 | TestSub: S7 | Epoch  8/100 Finsh | Now_lr 0.0005/0.0005 | Train Loss 0.6798 | Valid Loss 0.6788 | Train Acc 56.3310 | Valid Acc 57.0905
2026-07-13 10:36:59 | Validation loss decreased (0.681058 --> 0.678802) in epoch (8). Saving model ...
2026-07-13 10:37:08 | TestSub: S7 | Epoch  9/100 Finsh | Now_lr 0.0005/0.0005 | Train Loss 0.6783 | Valid Loss 0.6789 | Train Acc 56.8740 | Valid Acc 57.5216
2026-07-13 10:37:17 | TestSub: S7 | Epoch 10/100 Finsh | Now_lr 0.0005/0.0005 | Train Loss 0.6793 | Valid Loss 0.6783 | Train Acc 56.4310 | Valid Acc 57.6509
2026-07-13 10:37:17 | Validation loss decreased (0.678802 --> 0.678259) in epoch (10). Saving model ...
2026-07-13 10:37:26 | TestSub: S7 | Epoch 11/100 Finsh | Now_lr 0.0005/0.0005 | Train Loss 0.6778 | Valid Loss 0.6774 | Train Acc 57.0860 | Valid Acc 56.9612
2026-07-13 10:37:26 | Validation loss decreased (0.678259 --> 0.677438) in epoch (11). Saving model ...
2026-07-13 10:37:35 | TestSub: S7 | Epoch 12/100 Finsh | Now_lr 0.0005/0.0005 | Train Loss 0.6762 | Valid Loss 0.6768 | Train Acc 57.1027 | Valid Acc 58.4483
2026-07-13 10:37:35 | Validation loss decreased (0.677438 --> 0.676791) in epoch (12). Saving model ...
2026-07-13 10:37:43 | TestSub: S7 | Epoch 13/100 Finsh | Now_lr 0.0005/0.0005 | Train Loss 0.6760 | Valid Loss 0.6767 | Train Acc 56.9264 | Valid Acc 57.9310
2026-07-13 10:37:43 | Validation loss decreased (0.676791 --> 0.676656) in epoch (13). Saving model ...
2026-07-13 10:37:52 | TestSub: S7 | Epoch 14/100 Finsh | Now_lr 0.0005/0.0005 | Train Loss 0.6757 | Valid Loss 0.6771 | Train Acc 57.1837 | Valid Acc 57.1767
2026-07-13 10:38:01 | TestSub: S7 | Epoch 15/100 Finsh | Now_lr 0.0005/0.0005 | Train Loss 0.6745 | Valid Loss 0.6759 | Train Acc 57.7244 | Valid Acc 58.1034
2026-07-13 10:38:01 | Validation loss decreased (0.676656 --> 0.675889) in epoch (15). Saving model ...
2026-07-13 10:38:10 | TestSub: S7 | Epoch 16/100 Finsh | Now_lr 0.0005/0.0005 | Train Loss 0.6742 | Valid Loss 0.6752 | Train Acc 57.5100 | Valid Acc 57.8017
2026-07-13 10:38:10 | Validation loss decreased (0.675889 --> 0.675170) in epoch (16). Saving model ...
2026-07-13 10:38:19 | TestSub: S7 | Epoch 17/100 Finsh | Now_lr 0.0005/0.0005 | Train Loss 0.6735 | Valid Loss 0.6746 | Train Acc 57.7196 | Valid Acc 57.8664
2026-07-13 10:38:19 | Validation loss decreased (0.675170 --> 0.674614) in epoch (17). Saving model ...
2026-07-13 10:38:28 | TestSub: S7 | Epoch 18/100 Finsh | Now_lr 0.0005/0.0005 | Train Loss 0.6731 | Valid Loss 0.6743 | Train Acc 57.7410 | Valid Acc 58.1466
2026-07-13 10:38:28 | Validation loss decreased (0.674614 --> 0.674288) in epoch (18). Saving model ...
2026-07-13 10:38:37 | TestSub: S7 | Epoch 19/100 Finsh | Now_lr 0.0005/0.0005 | Train Loss 0.6728 | Valid Loss 0.6740 | Train Acc 57.8554 | Valid Acc 58.4698
2026-07-13 10:38:37 | Validation loss decreased (0.674288 --> 0.673967) in epoch (19). Saving model ...
2026-07-13 10:38:46 | TestSub: S7 | Epoch 20/100 Finsh | Now_lr 0.0005/0.0005 | Train Loss 0.6719 | Valid Loss 0.6733 | Train Acc 57.9721 | Valid Acc 58.0172
2026-07-13 10:38:46 | Validation loss decreased (0.673967 --> 0.673283) in epoch (20). Saving model ...
2026-07-13 10:38:55 | TestSub: S7 | Epoch 21/100 Finsh | Now_lr 0.0005/0.0005 | Train Loss 0.6722 | Valid Loss 0.6726 | Train Acc 57.9840 | Valid Acc 58.1466
2026-07-13 10:38:55 | Validation loss decreased (0.673283 --> 0.672573) in epoch (21). Saving model ...
2026-07-13 10:39:04 | TestSub: S7 | Epoch 22/100 Finsh | Now_lr 0.0005/0.0005 | Train Loss 0.6720 | Valid Loss 0.6720 | Train Acc 57.7839 | Valid Acc 58.6207
2026-07-13 10:39:04 | Validation loss decreased (0.672573 --> 0.672032) in epoch (22). Saving model ...
2026-07-13 10:39:13 | TestSub: S7 | Epoch 23/100 Finsh | Now_lr 0.0005/0.0005 | Train Loss 0.6718 | Valid Loss 0.6726 | Train Acc 58.0078 | Valid Acc 57.6940
2026-07-13 10:39:22 | TestSub: S7 | Epoch 24/100 Finsh | Now_lr 0.0005/0.0005 | Train Loss 0.6702 | Valid Loss 0.6719 | Train Acc 58.6080 | Valid Acc 58.4052
2026-07-13 10:39:22 | Validation loss decreased (0.672032 --> 0.671872) in epoch (24). Saving model ...
2026-07-13 10:39:31 | TestSub: S7 | Epoch 25/100 Finsh | Now_lr 0.0005/0.0005 | Train Loss 0.6700 | Valid Loss 0.6710 | Train Acc 58.2222 | Valid Acc 59.0948
2026-07-13 10:39:31 | Validation loss decreased (0.671872 --> 0.671042) in epoch (25). Saving model ...
2026-07-13 10:39:40 | TestSub: S7 | Epoch 26/100 Finsh | Now_lr 0.0005/0.0005 | Train Loss 0.6700 | Valid Loss 0.6712 | Train Acc 58.2960 | Valid Acc 58.2328
2026-07-13 10:39:49 | TestSub: S7 | Epoch 27/100 Finsh | Now_lr 0.0005/0.0005 | Train Loss 0.6691 | Valid Loss 0.6701 | Train Acc 58.5652 | Valid Acc 58.5345
2026-07-13 10:39:49 | Validation loss decreased (0.671042 --> 0.670134) in epoch (27). Saving model ...
2026-07-13 10:39:58 | TestSub: S7 | Epoch 28/100 Finsh | Now_lr 0.0005/0.0005 | Train Loss 0.6692 | Valid Loss 0.6705 | Train Acc 58.3556 | Valid Acc 58.1250
2026-07-13 10:40:07 | TestSub: S7 | Epoch 29/100 Finsh | Now_lr 0.0005/0.0005 | Train Loss 0.6675 | Valid Loss 0.6705 | Train Acc 58.9344 | Valid Acc 58.1034
2026-07-13 10:40:16 | TestSub: S7 | Epoch 30/100 Finsh | Now_lr 0.0005/0.0005 | Train Loss 0.6679 | Valid Loss 0.6698 | Train Acc 58.7629 | Valid Acc 58.7284
2026-07-13 10:40:16 | Validation loss decreased (0.670134 --> 0.669813) in epoch (30). Saving model ...
2026-07-13 10:40:25 | TestSub: S7 | Epoch 31/100 Finsh | Now_lr 0.0005/0.0005 | Train Loss 0.6687 | Valid Loss 0.6704 | Train Acc 58.4223 | Valid Acc 59.0302
2026-07-13 10:40:34 | TestSub: S7 | Epoch 32/100 Finsh | Now_lr 0.0005/0.0005 | Train Loss 0.6686 | Valid Loss 0.6700 | Train Acc 58.7128 | Valid Acc 59.1810
2026-07-13 10:40:43 | TestSub: S7 | Epoch 33/100 Finsh | Now_lr 0.0005/0.0005 | Train Loss 0.6688 | Valid Loss 0.6692 | Train Acc 58.2460 | Valid Acc 58.6853
2026-07-13 10:40:43 | Validation loss decreased (0.669813 --> 0.669208) in epoch (33). Saving model ...
2026-07-13 10:40:52 | TestSub: S7 | Epoch 34/100 Finsh | Now_lr 0.0005/0.0005 | Train Loss 0.6682 | Valid Loss 0.6695 | Train Acc 58.4985 | Valid Acc 58.6422
2026-07-13 10:41:02 | TestSub: S7 | Epoch 35/100 Finsh | Now_lr 0.0005/0.0005 | Train Loss 0.6654 | Valid Loss 0.6683 | Train Acc 59.2107 | Valid Acc 58.7931
2026-07-13 10:41:02 | Validation loss decreased (0.669208 --> 0.668253) in epoch (35). Saving model ...
2026-07-13 10:41:11 | TestSub: S7 | Epoch 36/100 Finsh | Now_lr 0.0005/0.0005 | Train Loss 0.6673 | Valid Loss 0.6690 | Train Acc 58.5938 | Valid Acc 58.6207
2026-07-13 10:41:20 | TestSub: S7 | Epoch 37/100 Finsh | Now_lr 0.0005/0.0005 | Train Loss 0.6661 | Valid Loss 0.6692 | Train Acc 59.1773 | Valid Acc 58.4483
2026-07-13 10:41:29 | TestSub: S7 | Epoch 38/100 Finsh | Now_lr 0.0005/0.0005 | Train Loss 0.6674 | Valid Loss 0.6695 | Train Acc 58.9534 | Valid Acc 58.7284
2026-07-13 10:41:38 | TestSub: S7 | Epoch 39/100 Finsh | Now_lr 0.0005/0.0005 | Train Loss 0.6653 | Valid Loss 0.6683 | Train Acc 58.9510 | Valid Acc 58.4267
2026-07-13 10:41:47 | TestSub: S7 | Epoch 40/100 Finsh | Now_lr 0.0005/0.0005 | Train Loss 0.6664 | Valid Loss 0.6689 | Train Acc 58.7962 | Valid Acc 58.1897
2026-07-13 10:41:56 | TestSub: S7 | Epoch 41/100 Finsh | Now_lr 0.0005/0.0005 | Train Loss 0.6664 | Valid Loss 0.6678 | Train Acc 59.1344 | Valid Acc 58.7716
2026-07-13 10:41:56 | Validation loss decreased (0.668253 --> 0.667783) in epoch (41). Saving model ...
2026-07-13 10:42:05 | TestSub: S7 | Epoch 42/100 Finsh | Now_lr 0.0005/0.0005 | Train Loss 0.6672 | Valid Loss 0.6682 | Train Acc 58.5009 | Valid Acc 59.0086
2026-07-13 10:42:14 | TestSub: S7 | Epoch 43/100 Finsh | Now_lr 0.0005/0.0005 | Train Loss 0.6659 | Valid Loss 0.6676 | Train Acc 59.2035 | Valid Acc 58.2974
2026-07-13 10:42:14 | Validation loss decreased (0.667783 --> 0.667607) in epoch (43). Saving model ...
2026-07-13 10:42:23 | TestSub: S7 | Epoch 44/100 Finsh | Now_lr 0.0005/0.0005 | Train Loss 0.6671 | Valid Loss 0.6673 | Train Acc 58.8629 | Valid Acc 58.8578
2026-07-13 10:42:23 | Validation loss decreased (0.667607 --> 0.667284) in epoch (44). Saving model ...
2026-07-13 10:42:32 | TestSub: S7 | Epoch 45/100 Finsh | Now_lr 0.0005/0.0005 | Train Loss 0.6656 | Valid Loss 0.6682 | Train Acc 58.8867 | Valid Acc 58.8362
2026-07-13 10:42:41 | TestSub: S7 | Epoch 46/100 Finsh | Now_lr 0.0005/0.0005 | Train Loss 0.6646 | Valid Loss 0.6677 | Train Acc 59.4226 | Valid Acc 58.7931
2026-07-13 10:42:50 | TestSub: S7 | Epoch 47/100 Finsh | Now_lr 0.0005/0.0005 | Train Loss 0.6653 | Valid Loss 0.6679 | Train Acc 59.1725 | Valid Acc 58.3621
2026-07-13 10:42:59 | TestSub: S7 | Epoch 48/100 Finsh | Now_lr 0.0005/0.0005 | Train Loss 0.6661 | Valid Loss 0.6677 | Train Acc 58.9058 | Valid Acc 58.6638
2026-07-13 10:43:08 | TestSub: S7 | Epoch 49/100 Finsh | Now_lr 0.0005/0.0005 | Train Loss 0.6653 | Valid Loss 0.6672 | Train Acc 59.2154 | Valid Acc 58.7069
2026-07-13 10:43:08 | Validation loss decreased (0.667284 --> 0.667240) in epoch (49). Saving model ...
2026-07-13 10:43:17 | TestSub: S7 | Epoch 50/100 Finsh | Now_lr 0.0005/0.0005 | Train Loss 0.6653 | Valid Loss 0.6679 | Train Acc 59.2511 | Valid Acc 58.7500
2026-07-13 10:43:26 | TestSub: S7 | Epoch 51/100 Finsh | Now_lr 0.0005/0.0005 | Train Loss 0.6643 | Valid Loss 0.6684 | Train Acc 59.4060 | Valid Acc 58.7069
2026-07-13 10:43:35 | TestSub: S7 | Epoch 52/100 Finsh | Now_lr 0.0005/0.0005 | Train Loss 0.6662 | Valid Loss 0.6676 | Train Acc 58.7772 | Valid Acc 58.7284
2026-07-13 10:43:44 | TestSub: S7 | Epoch 53/100 Finsh | Now_lr 0.0005/0.0005 | Train Loss 0.6646 | Valid Loss 0.6674 | Train Acc 59.2416 | Valid Acc 59.0517
2026-07-13 10:43:53 | TestSub: S7 | Epoch 54/100 Finsh | Now_lr 0.0005/0.0005 | Train Loss 0.6645 | Valid Loss 0.6672 | Train Acc 59.4679 | Valid Acc 58.2543
2026-07-13 10:43:53 | Validation loss decreased (0.667240 --> 0.667216) in epoch (54). Saving model ...
2026-07-13 10:44:02 | TestSub: S7 | Epoch 55/100 Finsh | Now_lr 0.0005/0.0005 | Train Loss 0.6647 | Valid Loss 0.6669 | Train Acc 59.4655 | Valid Acc 58.7716
2026-07-13 10:44:02 | Validation loss decreased (0.667216 --> 0.666862) in epoch (55). Saving model ...
2026-07-13 10:44:11 | TestSub: S7 | Epoch 56/100 Finsh | Now_lr 0.0005/0.0005 | Train Loss 0.6640 | Valid Loss 0.6660 | Train Acc 59.2940 | Valid Acc 58.4914
2026-07-13 10:44:11 | Validation loss decreased (0.666862 --> 0.665975) in epoch (56). Saving model ...
2026-07-13 10:44:20 | TestSub: S7 | Epoch 57/100 Finsh | Now_lr 0.0005/0.0005 | Train Loss 0.6635 | Valid Loss 0.6664 | Train Acc 59.2797 | Valid Acc 59.5905
2026-07-13 10:44:29 | TestSub: S7 | Epoch 58/100 Finsh | Now_lr 0.0005/0.0005 | Train Loss 0.6640 | Valid Loss 0.6661 | Train Acc 59.2416 | Valid Acc 59.6767
2026-07-13 10:44:38 | TestSub: S7 | Epoch 59/100 Finsh | Now_lr 0.0005/0.0005 | Train Loss 0.6646 | Valid Loss 0.6661 | Train Acc 59.2297 | Valid Acc 59.1595
2026-07-13 10:44:47 | TestSub: S7 | Epoch 60/100 Finsh | Now_lr 0.0005/0.0005 | Train Loss 0.6627 | Valid Loss 0.6665 | Train Acc 59.5227 | Valid Acc 59.0733
2026-07-13 10:44:56 | TestSub: S7 | Epoch 61/100 Finsh | Now_lr 0.0005/0.0005 | Train Loss 0.6638 | Valid Loss 0.6668 | Train Acc 59.4060 | Valid Acc 58.8362
2026-07-13 10:45:05 | TestSub: S7 | Epoch 62/100 Finsh | Now_lr 0.0005/0.0005 | Train Loss 0.6638 | Valid Loss 0.6665 | Train Acc 59.3750 | Valid Acc 59.1164
2026-07-13 10:45:14 | TestSub: S7 | Epoch 63/100 Finsh | Now_lr 0.0005/0.0005 | Train Loss 0.6636 | Valid Loss 0.6670 | Train Acc 59.4941 | Valid Acc 59.5043
2026-07-13 10:45:23 | TestSub: S7 | Epoch 64/100 Finsh | Now_lr 0.0005/0.0005 | Train Loss 0.6625 | Valid Loss 0.6662 | Train Acc 59.4798 | Valid Acc 58.9655
2026-07-13 10:45:32 | TestSub: S7 | Epoch 65/100 Finsh | Now_lr 0.0005/0.0005 | Train Loss 0.6617 | Valid Loss 0.6656 | Train Acc 59.4774 | Valid Acc 59.3966
2026-07-13 10:45:32 | Validation loss decreased (0.665975 --> 0.665563) in epoch (65). Saving model ...
2026-07-13 10:45:41 | TestSub: S7 | Epoch 66/100 Finsh | Now_lr 0.0005/0.0005 | Train Loss 0.6639 | Valid Loss 0.6659 | Train Acc 59.3083 | Valid Acc 59.2888
2026-07-13 10:45:50 | TestSub: S7 | Epoch 67/100 Finsh | Now_lr 0.0005/0.0005 | Train Loss 0.6632 | Valid Loss 0.6661 | Train Acc 59.5179 | Valid Acc 59.2457
2026-07-13 10:45:58 | TestSub: S7 | Epoch 68/100 Finsh | Now_lr 0.0005/0.0005 | Train Loss 0.6625 | Valid Loss 0.6656 | Train Acc 59.7370 | Valid Acc 58.5345
2026-07-13 10:46:08 | TestSub: S7 | Epoch 69/100 Finsh | Now_lr 0.0005/0.0005 | Train Loss 0.6622 | Valid Loss 0.6654 | Train Acc 59.6823 | Valid Acc 59.0302
2026-07-13 10:46:08 | Validation loss decreased (0.665563 --> 0.665449) in epoch (69). Saving model ...
2026-07-13 10:46:19 | TestSub: S7 | Epoch 70/100 Finsh | Now_lr 0.0005/0.0005 | Train Loss 0.6633 | Valid Loss 0.6658 | Train Acc 59.4107 | Valid Acc 59.4612
2026-07-13 10:46:29 | TestSub: S7 | Epoch 71/100 Finsh | Now_lr 0.0005/0.0005 | Train Loss 0.6623 | Valid Loss 0.6663 | Train Acc 59.7061 | Valid Acc 58.5776
2026-07-13 10:46:40 | TestSub: S7 | Epoch 72/100 Finsh | Now_lr 0.0005/0.0005 | Train Loss 0.6617 | Valid Loss 0.6673 | Train Acc 59.6251 | Valid Acc 59.2026
2026-07-13 10:46:50 | TestSub: S7 | Epoch 73/100 Finsh | Now_lr 0.0005/0.0005 | Train Loss 0.6618 | Valid Loss 0.6655 | Train Acc 59.6179 | Valid Acc 59.3966
2026-07-13 10:47:01 | TestSub: S7 | Epoch 74/100 Finsh | Now_lr 0.0005/0.0005 | Train Loss 0.6612 | Valid Loss 0.6663 | Train Acc 59.8204 | Valid Acc 59.0733
2026-07-13 10:47:10 | TestSub: S7 | Epoch 75/100 Finsh | Now_lr 0.0005/0.0005 | Train Loss 0.6621 | Valid Loss 0.6652 | Train Acc 59.6799 | Valid Acc 59.2241
2026-07-13 10:47:10 | Validation loss decreased (0.665449 --> 0.665200) in epoch (75). Saving model ...
2026-07-13 10:47:19 | TestSub: S7 | Epoch 76/100 Finsh | Now_lr 0.0005/0.0005 | Train Loss 0.6633 | Valid Loss 0.6663 | Train Acc 59.6632 | Valid Acc 59.4397
2026-07-13 10:47:28 | TestSub: S7 | Epoch 77/100 Finsh | Now_lr 0.0005/0.0005 | Train Loss 0.6619 | Valid Loss 0.6661 | Train Acc 59.5346 | Valid Acc 59.0302
2026-07-13 10:47:37 | TestSub: S7 | Epoch 78/100 Finsh | Now_lr 0.0005/0.0005 | Train Loss 0.6623 | Valid Loss 0.6661 | Train Acc 59.9538 | Valid Acc 58.6853
2026-07-13 10:47:48 | TestSub: S7 | Epoch 79/100 Finsh | Now_lr 0.0005/0.0005 | Train Loss 0.6617 | Valid Loss 0.6673 | Train Acc 59.7823 | Valid Acc 59.2457
2026-07-13 10:47:58 | TestSub: S7 | Epoch 80/100 Finsh | Now_lr 0.0005/0.0005 | Train Loss 0.6605 | Valid Loss 0.6660 | Train Acc 60.0419 | Valid Acc 59.0086
2026-07-13 10:48:09 | TestSub: S7 | Epoch 81/100 Finsh | Now_lr 0.0005/0.0005 | Train Loss 0.6627 | Valid Loss 0.6656 | Train Acc 59.7108 | Valid Acc 59.0086
2026-07-13 10:48:20 | TestSub: S7 | Epoch 82/100 Finsh | Now_lr 0.0005/0.0005 | Train Loss 0.6607 | Valid Loss 0.6648 | Train Acc 59.9895 | Valid Acc 59.1379
2026-07-13 10:48:20 | Validation loss decreased (0.665200 --> 0.664782) in epoch (82). Saving model ...
2026-07-13 10:48:30 | TestSub: S7 | Epoch 83/100 Finsh | Now_lr 0.0005/0.0005 | Train Loss 0.6618 | Valid Loss 0.6661 | Train Acc 59.5298 | Valid Acc 58.5991
2026-07-13 10:48:41 | TestSub: S7 | Epoch 84/100 Finsh | Now_lr 0.0005/0.0005 | Train Loss 0.6610 | Valid Loss 0.6659 | Train Acc 59.6156 | Valid Acc 58.8578
2026-07-13 10:48:51 | TestSub: S7 | Epoch 85/100 Finsh | Now_lr 0.0005/0.0005 | Train Loss 0.6602 | Valid Loss 0.6643 | Train Acc 59.7394 | Valid Acc 59.5474
2026-07-13 10:48:51 | Validation loss decreased (0.664782 --> 0.664257) in epoch (85). Saving model ...
2026-07-13 10:49:01 | TestSub: S7 | Epoch 86/100 Finsh | Now_lr 0.0005/0.0005 | Train Loss 0.6608 | Valid Loss 0.6646 | Train Acc 59.9133 | Valid Acc 58.5345
2026-07-13 10:49:10 | TestSub: S7 | Epoch 87/100 Finsh | Now_lr 0.0005/0.0005 | Train Loss 0.6596 | Valid Loss 0.6649 | Train Acc 60.1729 | Valid Acc 59.3103
2026-07-13 10:49:19 | TestSub: S7 | Epoch 88/100 Finsh | Now_lr 0.0005/0.0005 | Train Loss 0.6608 | Valid Loss 0.6646 | Train Acc 59.8942 | Valid Acc 59.4181
2026-07-13 10:49:30 | TestSub: S7 | Epoch 89/100 Finsh | Now_lr 0.0005/0.0005 | Train Loss 0.6624 | Valid Loss 0.6652 | Train Acc 59.6561 | Valid Acc 59.1810
2026-07-13 10:49:40 | TestSub: S7 | Epoch 90/100 Finsh | Now_lr 0.0005/0.0005 | Train Loss 0.6618 | Valid Loss 0.6640 | Train Acc 59.9752 | Valid Acc 59.6121
2026-07-13 10:49:40 | Validation loss decreased (0.664257 --> 0.663998) in epoch (90). Saving model ...
2026-07-13 10:49:51 | TestSub: S7 | Epoch 91/100 Finsh | Now_lr 0.0005/0.0005 | Train Loss 0.6592 | Valid Loss 0.6642 | Train Acc 60.4040 | Valid Acc 59.0086
2026-07-13 10:50:01 | TestSub: S7 | Epoch 92/100 Finsh | Now_lr 0.0005/0.0005 | Train Loss 0.6609 | Valid Loss 0.6647 | Train Acc 59.8371 | Valid Acc 59.0086
2026-07-13 10:50:11 | TestSub: S7 | Epoch 93/100 Finsh | Now_lr 0.0005/0.0005 | Train Loss 0.6605 | Valid Loss 0.6643 | Train Acc 59.9514 | Valid Acc 59.7414
2026-07-13 10:50:20 | TestSub: S7 | Epoch 94/100 Finsh | Now_lr 0.0005/0.0005 | Train Loss 0.6605 | Valid Loss 0.6651 | Train Acc 60.0967 | Valid Acc 59.3750
2026-07-13 10:50:29 | TestSub: S7 | Epoch 95/100 Finsh | Now_lr 0.0005/0.0005 | Train Loss 0.6601 | Valid Loss 0.6655 | Train Acc 60.0491 | Valid Acc 59.1595
2026-07-13 10:50:38 | TestSub: S7 | Epoch 96/100 Finsh | Now_lr 0.0005/0.0005 | Train Loss 0.6596 | Valid Loss 0.6651 | Train Acc 59.9538 | Valid Acc 59.1164
2026-07-13 10:50:47 | TestSub: S7 | Epoch 97/100 Finsh | Now_lr 0.0005/0.0005 | Train Loss 0.6603 | Valid Loss 0.6644 | Train Acc 60.0705 | Valid Acc 59.3966
2026-07-13 10:50:56 | TestSub: S7 | Epoch 98/100 Finsh | Now_lr 0.0005/0.0005 | Train Loss 0.6601 | Valid Loss 0.6642 | Train Acc 60.0372 | Valid Acc 60.0431
2026-07-13 10:51:05 | TestSub: S7 | Epoch 99/100 Finsh | Now_lr 0.0005/0.0005 | Train Loss 0.6593 | Valid Loss 0.6635 | Train Acc 60.2944 | Valid Acc 59.2241
2026-07-13 10:51:05 | Validation loss decreased (0.663998 --> 0.663479) in epoch (99). Saving model ...
2026-07-13 10:51:14 | TestSub: S7 | Epoch 100/100 Finsh | Now_lr 0.0005/0.0005 | Train Loss 0.6605 | Valid Loss 0.6632 | Train Acc 59.7990 | Valid Acc 59.5259
2026-07-13 10:51:14 | Validation loss decreased (0.663479 --> 0.663223) in epoch (100). Saving model ...
2026-07-13 10:51:14 | --------------------------------------------------
2026-07-13 10:51:14 | Test_Subject :S7 | Best epoch:100 | Test Loss:0.6763 | Savemodel Acc 57.7353
2026-07-13 10:51:14 | --------------------------------------------------
2026-07-13 10:51:14 | Best epoch: 100 | Test acc: 57.7353
