2026-07-16 07:11:05 | Logging started: ./writer/Subject_independent_AAD/AVEDao/0.1s/result//Train0.1s_sub9.log
2026-07-16 07:12:59 | TestSub: S9 | Epoch  1/100 Finsh | Now_lr 0.0005/0.0005 | Train Loss 0.6936 | Valid Loss 0.6932 | Train Acc 50.5818 | Valid Acc 49.8302
2026-07-16 07:14:37 | TestSub: S9 | Epoch  2/100 Finsh | Now_lr 0.0005/0.0005 | Train Loss 0.6929 | Valid Loss 0.6932 | Train Acc 50.8976 | Valid Acc 49.8708
2026-07-16 07:16:15 | TestSub: S9 | Epoch  3/100 Finsh | Now_lr 0.0005/0.0005 | Train Loss 0.6928 | Valid Loss 0.6931 | Train Acc 51.0746 | Valid Acc 50.4823
2026-07-16 07:17:52 | TestSub: S9 | Epoch  4/100 Finsh | Now_lr 0.0005/0.0005 | Train Loss 0.6926 | Valid Loss 0.6931 | Train Acc 51.2428 | Valid Acc 50.3935
2026-07-16 07:19:30 | TestSub: S9 | Epoch  5/100 Finsh | Now_lr 0.0005/0.0005 | Train Loss 0.6924 | Valid Loss 0.6933 | Train Acc 51.6118 | Valid Acc 50.3646
2026-07-16 07:21:08 | TestSub: S9 | Epoch  6/100 Finsh | Now_lr 0.0005/0.0005 | Train Loss 0.6923 | Valid Loss 0.6933 | Train Acc 51.6109 | Valid Acc 50.2894
2026-07-16 07:22:45 | TestSub: S9 | Epoch  7/100 Finsh | Now_lr 0.0005/0.0005 | Train Loss 0.6921 | Valid Loss 0.6933 | Train Acc 51.7682 | Valid Acc 50.6115
2026-07-16 07:24:22 | TestSub: S9 | Epoch  8/100 Finsh | Now_lr 0.0005/0.0005 | Train Loss 0.6919 | Valid Loss 0.6934 | Train Acc 51.9776 | Valid Acc 50.7542
2026-07-16 07:25:59 | TestSub: S9 | Epoch  9/100 Finsh | Now_lr 0.0005/0.0005 | Train Loss 0.6918 | Valid Loss 0.6931 | Train Acc 52.0416 | Valid Acc 51.1073
2026-07-16 07:27:37 | TestSub: S9 | Epoch 10/100 Finsh | Now_lr 0.0005/0.0005 | Train Loss 0.6917 | Valid Loss 0.6935 | Train Acc 52.0720 | Valid Acc 50.7099
2026-07-16 07:29:14 | TestSub: S9 | Epoch 11/100 Finsh | Now_lr 0.0005/0.0005 | Train Loss 0.6916 | Valid Loss 0.6933 | Train Acc 52.2377 | Valid Acc 50.5478
2026-07-16 07:30:51 | TestSub: S9 | Epoch 12/100 Finsh | Now_lr 0.0005/0.0005 | Train Loss 0.6917 | Valid Loss 0.6933 | Train Acc 52.1275 | Valid Acc 50.5093
2026-07-16 07:32:29 | TestSub: S9 | Epoch 13/100 Finsh | Now_lr 0.0005/0.0005 | Train Loss 0.6917 | Valid Loss 0.6934 | Train Acc 52.1524 | Valid Acc 50.5015
2026-07-16 07:34:07 | TestSub: S9 | Epoch 14/100 Finsh | Now_lr 0.0005/0.0005 | Train Loss 0.6914 | Valid Loss 0.6936 | Train Acc 52.2949 | Valid Acc 50.4128
2026-07-16 07:35:44 | TestSub: S9 | Epoch 15/100 Finsh | Now_lr 0.0005/0.0005 | Train Loss 0.6914 | Valid Loss 0.6936 | Train Acc 52.3380 | Valid Acc 50.1620
2026-07-16 07:37:22 | TestSub: S9 | Epoch 16/100 Finsh | Now_lr 0.0005/0.0005 | Train Loss 0.6913 | Valid Loss 0.6937 | Train Acc 52.5040 | Valid Acc 50.5170
2026-07-16 07:39:00 | TestSub: S9 | Epoch 17/100 Finsh | Now_lr 0.0005/0.0005 | Train Loss 0.6913 | Valid Loss 0.6938 | Train Acc 52.4757 | Valid Acc 50.1717
2026-07-16 07:40:38 | TestSub: S9 | Epoch 18/100 Finsh | Now_lr 0.0005/0.0005 | Train Loss 0.6914 | Valid Loss 0.6939 | Train Acc 52.3452 | Valid Acc 50.0752
2026-07-16 07:42:16 | TestSub: S9 | Epoch 19/100 Finsh | Now_lr 0.0005/0.0005 | Train Loss 0.6912 | Valid Loss 0.6937 | Train Acc 52.3877 | Valid Acc 50.3318
2026-07-16 07:43:54 | TestSub: S9 | Epoch 20/100 Finsh | Now_lr 0.0005/0.0005 | Train Loss 0.6911 | Valid Loss 0.6940 | Train Acc 52.4648 | Valid Acc 50.3318
2026-07-16 07:45:32 | TestSub: S9 | Epoch 21/100 Finsh | Now_lr 0.0005/0.0005 | Train Loss 0.6912 | Valid Loss 0.6935 | Train Acc 52.5304 | Valid Acc 50.6346
2026-07-16 07:47:09 | TestSub: S9 | Epoch 22/100 Finsh | Now_lr 0.0005/0.0005 | Train Loss 0.6911 | Valid Loss 0.6938 | Train Acc 52.5792 | Valid Acc 50.2816
2026-07-16 07:48:48 | TestSub: S9 | Epoch 23/100 Finsh | Now_lr 0.0005/0.0005 | Train Loss 0.6910 | Valid Loss 0.6936 | Train Acc 52.5642 | Valid Acc 50.7600
2026-07-16 07:50:27 | TestSub: S9 | Epoch 24/100 Finsh | Now_lr 0.0005/0.0005 | Train Loss 0.6910 | Valid Loss 0.6935 | Train Acc 52.5927 | Valid Acc 50.5131
2026-07-16 07:52:04 | TestSub: S9 | Epoch 25/100 Finsh | Now_lr 0.0005/0.0005 | Train Loss 0.6911 | Valid Loss 0.6933 | Train Acc 52.5735 | Valid Acc 50.6289
2026-07-16 07:53:42 | TestSub: S9 | Epoch 26/100 Finsh | Now_lr 0.0005/0.0005 | Train Loss 0.6909 | Valid Loss 0.6937 | Train Acc 52.6041 | Valid Acc 50.5401
2026-07-16 07:55:19 | TestSub: S9 | Epoch 27/100 Finsh | Now_lr 0.0005/0.0005 | Train Loss 0.6909 | Valid Loss 0.6935 | Train Acc 52.6877 | Valid Acc 50.3877
2026-07-16 07:56:57 | TestSub: S9 | Epoch 28/100 Finsh | Now_lr 0.0005/0.0005 | Train Loss 0.6909 | Valid Loss 0.6939 | Train Acc 52.5640 | Valid Acc 50.3935
2026-07-16 07:58:35 | TestSub: S9 | Epoch 29/100 Finsh | Now_lr 0.0005/0.0005 | Train Loss 0.6909 | Valid Loss 0.6936 | Train Acc 52.5696 | Valid Acc 50.6848
2026-07-16 08:00:13 | TestSub: S9 | Epoch 30/100 Finsh | Now_lr 0.0005/0.0005 | Train Loss 0.6910 | Valid Loss 0.6935 | Train Acc 52.5285 | Valid Acc 50.6134
2026-07-16 08:00:17 | --------------------------------------------------
2026-07-16 08:00:17 | Test_Subject :S9 | Best epoch:9 | Test Loss:0.6931 | Savemodel Acc 51.1073
2026-07-16 08:00:17 | --------------------------------------------------
2026-07-16 08:00:17 | Best epoch: 9 | Test acc: 51.1073
