2026-07-16 02:05:49 | Logging started: ./writer/Subject_independent_AAD/AVEDao/0.1s/result//Train0.1s_sub4.log
2026-07-16 02:07:47 | TestSub: S4 | Epoch  1/100 Finsh | Now_lr 0.0005/0.0005 | Train Loss 0.6934 | Valid Loss 0.6924 | Train Acc 50.4673 | Valid Acc 51.9637
2026-07-16 02:09:28 | TestSub: S4 | Epoch  2/100 Finsh | Now_lr 0.0005/0.0005 | Train Loss 0.6929 | Valid Loss 0.6921 | Train Acc 50.8003 | Valid Acc 51.7650
2026-07-16 02:11:10 | TestSub: S4 | Epoch  3/100 Finsh | Now_lr 0.0005/0.0005 | Train Loss 0.6926 | Valid Loss 0.6928 | Train Acc 51.2638 | Valid Acc 51.0166
2026-07-16 02:12:51 | TestSub: S4 | Epoch  4/100 Finsh | Now_lr 0.0005/0.0005 | Train Loss 0.6924 | Valid Loss 0.6926 | Train Acc 51.5848 | Valid Acc 51.2674
2026-07-16 02:14:32 | TestSub: S4 | Epoch  5/100 Finsh | Now_lr 0.0005/0.0005 | Train Loss 0.6921 | Valid Loss 0.6925 | Train Acc 51.8198 | Valid Acc 51.2982
2026-07-16 02:16:12 | TestSub: S4 | Epoch  6/100 Finsh | Now_lr 0.0005/0.0005 | Train Loss 0.6920 | Valid Loss 0.6921 | Train Acc 51.9030 | Valid Acc 51.6416
2026-07-16 02:17:54 | TestSub: S4 | Epoch  7/100 Finsh | Now_lr 0.0005/0.0005 | Train Loss 0.6917 | Valid Loss 0.6937 | Train Acc 52.1415 | Valid Acc 50.3954
2026-07-16 02:19:36 | TestSub: S4 | Epoch  8/100 Finsh | Now_lr 0.0005/0.0005 | Train Loss 0.6917 | Valid Loss 0.6932 | Train Acc 52.1072 | Valid Acc 50.6906
2026-07-16 02:21:17 | TestSub: S4 | Epoch  9/100 Finsh | Now_lr 0.0005/0.0005 | Train Loss 0.6916 | Valid Loss 0.6927 | Train Acc 52.2053 | Valid Acc 51.1555
2026-07-16 02:22:58 | TestSub: S4 | Epoch 10/100 Finsh | Now_lr 0.0005/0.0005 | Train Loss 0.6914 | Valid Loss 0.6930 | Train Acc 52.4029 | Valid Acc 50.9742
2026-07-16 02:24:39 | TestSub: S4 | Epoch 11/100 Finsh | Now_lr 0.0005/0.0005 | Train Loss 0.6914 | Valid Loss 0.6929 | Train Acc 52.3108 | Valid Acc 51.1439
2026-07-16 02:26:20 | TestSub: S4 | Epoch 12/100 Finsh | Now_lr 0.0005/0.0005 | Train Loss 0.6913 | Valid Loss 0.6938 | Train Acc 52.3887 | Valid Acc 50.4340
2026-07-16 02:28:01 | TestSub: S4 | Epoch 13/100 Finsh | Now_lr 0.0005/0.0005 | Train Loss 0.6913 | Valid Loss 0.6934 | Train Acc 52.3667 | Valid Acc 50.6752
2026-07-16 02:29:42 | TestSub: S4 | Epoch 14/100 Finsh | Now_lr 0.0005/0.0005 | Train Loss 0.6912 | Valid Loss 0.6935 | Train Acc 52.4888 | Valid Acc 50.4340
2026-07-16 02:31:22 | TestSub: S4 | Epoch 15/100 Finsh | Now_lr 0.0005/0.0005 | Train Loss 0.6913 | Valid Loss 0.6931 | Train Acc 52.3776 | Valid Acc 50.7658
2026-07-16 02:33:03 | TestSub: S4 | Epoch 16/100 Finsh | Now_lr 0.0005/0.0005 | Train Loss 0.6912 | Valid Loss 0.6927 | Train Acc 52.4547 | Valid Acc 51.1458
2026-07-16 02:34:43 | TestSub: S4 | Epoch 17/100 Finsh | Now_lr 0.0005/0.0005 | Train Loss 0.6912 | Valid Loss 0.6934 | Train Acc 52.4318 | Valid Acc 50.6771
2026-07-16 02:36:24 | TestSub: S4 | Epoch 18/100 Finsh | Now_lr 0.0005/0.0005 | Train Loss 0.6910 | Valid Loss 0.6928 | Train Acc 52.5503 | Valid Acc 51.5220
2026-07-16 02:38:05 | TestSub: S4 | Epoch 19/100 Finsh | Now_lr 0.0005/0.0005 | Train Loss 0.6909 | Valid Loss 0.6932 | Train Acc 52.6030 | Valid Acc 50.7504
2026-07-16 02:39:45 | TestSub: S4 | Epoch 20/100 Finsh | Now_lr 0.0005/0.0005 | Train Loss 0.6910 | Valid Loss 0.6930 | Train Acc 52.6769 | Valid Acc 51.0050
2026-07-16 02:41:27 | TestSub: S4 | Epoch 21/100 Finsh | Now_lr 0.0005/0.0005 | Train Loss 0.6911 | Valid Loss 0.6934 | Train Acc 52.5447 | Valid Acc 50.6154
2026-07-16 02:43:09 | TestSub: S4 | Epoch 22/100 Finsh | Now_lr 0.0005/0.0005 | Train Loss 0.6909 | Valid Loss 0.6933 | Train Acc 52.6305 | Valid Acc 50.7870
2026-07-16 02:43:13 | --------------------------------------------------
2026-07-16 02:43:13 | Test_Subject :S4 | Best epoch:1 | Test Loss:0.6924 | Savemodel Acc 51.9637
2026-07-16 02:43:13 | --------------------------------------------------
2026-07-16 02:43:13 | Best epoch: 1 | Test acc: 51.9637
