2026-07-16 08:00:17 | Logging started: ./writer/Subject_independent_AAD/AVEDao/0.1s/result//Train0.1s_sub10.log
2026-07-16 08:02:11 | TestSub: S10 | Epoch  1/100 Finsh | Now_lr 0.0005/0.0005 | Train Loss 0.6938 | Valid Loss 0.6938 | Train Acc 50.5648 | Valid Acc 49.1146
2026-07-16 08:03:49 | TestSub: S10 | Epoch  2/100 Finsh | Now_lr 0.0005/0.0005 | Train Loss 0.6928 | Valid Loss 0.6936 | Train Acc 51.1442 | Valid Acc 49.2168
2026-07-16 08:05:27 | TestSub: S10 | Epoch  3/100 Finsh | Now_lr 0.0005/0.0005 | Train Loss 0.6926 | Valid Loss 0.6937 | Train Acc 51.3853 | Valid Acc 49.1744
2026-07-16 08:07:06 | TestSub: S10 | Epoch  4/100 Finsh | Now_lr 0.0005/0.0005 | Train Loss 0.6923 | Valid Loss 0.6934 | Train Acc 51.6834 | Valid Acc 49.5660
2026-07-16 08:08:44 | TestSub: S10 | Epoch  5/100 Finsh | Now_lr 0.0005/0.0005 | Train Loss 0.6922 | Valid Loss 0.6937 | Train Acc 51.8106 | Valid Acc 49.6836
2026-07-16 08:10:22 | TestSub: S10 | Epoch  6/100 Finsh | Now_lr 0.0005/0.0005 | Train Loss 0.6919 | Valid Loss 0.6936 | Train Acc 51.9763 | Valid Acc 49.7299
2026-07-16 08:12:01 | TestSub: S10 | Epoch  7/100 Finsh | Now_lr 0.0005/0.0005 | Train Loss 0.6918 | Valid Loss 0.6937 | Train Acc 52.1335 | Valid Acc 49.8515
2026-07-16 08:13:48 | TestSub: S10 | Epoch  8/100 Finsh | Now_lr 0.0005/0.0005 | Train Loss 0.6916 | Valid Loss 0.6939 | Train Acc 52.2480 | Valid Acc 49.5255
2026-07-16 08:15:26 | TestSub: S10 | Epoch  9/100 Finsh | Now_lr 0.0005/0.0005 | Train Loss 0.6914 | Valid Loss 0.6941 | Train Acc 52.3009 | Valid Acc 49.7685
2026-07-16 08:17:05 | TestSub: S10 | Epoch 10/100 Finsh | Now_lr 0.0005/0.0005 | Train Loss 0.6914 | Valid Loss 0.6938 | Train Acc 52.3909 | Valid Acc 49.9286
2026-07-16 08:18:50 | TestSub: S10 | Epoch 11/100 Finsh | Now_lr 0.0005/0.0005 | Train Loss 0.6914 | Valid Loss 0.6941 | Train Acc 52.3647 | Valid Acc 49.7010
2026-07-16 08:20:31 | TestSub: S10 | Epoch 12/100 Finsh | Now_lr 0.0005/0.0005 | Train Loss 0.6913 | Valid Loss 0.6941 | Train Acc 52.4552 | Valid Acc 49.6856
2026-07-16 08:22:09 | TestSub: S10 | Epoch 13/100 Finsh | Now_lr 0.0005/0.0005 | Train Loss 0.6912 | Valid Loss 0.6940 | Train Acc 52.4616 | Valid Acc 49.5737
2026-07-16 08:23:46 | TestSub: S10 | Epoch 14/100 Finsh | Now_lr 0.0005/0.0005 | Train Loss 0.6911 | Valid Loss 0.6941 | Train Acc 52.6403 | Valid Acc 49.4676
2026-07-16 08:25:24 | TestSub: S10 | Epoch 15/100 Finsh | Now_lr 0.0005/0.0005 | Train Loss 0.6912 | Valid Loss 0.6941 | Train Acc 52.4895 | Valid Acc 49.3924
2026-07-16 08:27:02 | TestSub: S10 | Epoch 16/100 Finsh | Now_lr 0.0005/0.0005 | Train Loss 0.6912 | Valid Loss 0.6942 | Train Acc 52.4498 | Valid Acc 49.3306
2026-07-16 08:28:39 | TestSub: S10 | Epoch 17/100 Finsh | Now_lr 0.0005/0.0005 | Train Loss 0.6910 | Valid Loss 0.6941 | Train Acc 52.6500 | Valid Acc 49.7627
2026-07-16 08:30:17 | TestSub: S10 | Epoch 18/100 Finsh | Now_lr 0.0005/0.0005 | Train Loss 0.6910 | Valid Loss 0.6937 | Train Acc 52.6268 | Valid Acc 49.8399
2026-07-16 08:31:55 | TestSub: S10 | Epoch 19/100 Finsh | Now_lr 0.0005/0.0005 | Train Loss 0.6910 | Valid Loss 0.6943 | Train Acc 52.6185 | Valid Acc 49.5042
2026-07-16 08:33:32 | TestSub: S10 | Epoch 20/100 Finsh | Now_lr 0.0005/0.0005 | Train Loss 0.6910 | Valid Loss 0.6943 | Train Acc 52.5741 | Valid Acc 49.5062
2026-07-16 08:35:10 | TestSub: S10 | Epoch 21/100 Finsh | Now_lr 0.0005/0.0005 | Train Loss 0.6910 | Valid Loss 0.6940 | Train Acc 52.5840 | Valid Acc 49.6354
2026-07-16 08:36:51 | TestSub: S10 | Epoch 22/100 Finsh | Now_lr 0.0005/0.0005 | Train Loss 0.6909 | Valid Loss 0.6943 | Train Acc 52.6707 | Valid Acc 49.6412
2026-07-16 08:38:30 | TestSub: S10 | Epoch 23/100 Finsh | Now_lr 0.0005/0.0005 | Train Loss 0.6909 | Valid Loss 0.6942 | Train Acc 52.6607 | Valid Acc 50.0521
2026-07-16 08:40:10 | TestSub: S10 | Epoch 24/100 Finsh | Now_lr 0.0005/0.0005 | Train Loss 0.6908 | Valid Loss 0.6942 | Train Acc 52.7847 | Valid Acc 49.7203
2026-07-16 08:41:48 | TestSub: S10 | Epoch 25/100 Finsh | Now_lr 0.0005/0.0005 | Train Loss 0.6909 | Valid Loss 0.6942 | Train Acc 52.7252 | Valid Acc 49.6701
2026-07-16 08:43:28 | TestSub: S10 | Epoch 26/100 Finsh | Now_lr 0.0005/0.0005 | Train Loss 0.6908 | Valid Loss 0.6943 | Train Acc 52.7059 | Valid Acc 49.6644
2026-07-16 08:45:06 | TestSub: S10 | Epoch 27/100 Finsh | Now_lr 0.0005/0.0005 | Train Loss 0.6909 | Valid Loss 0.6945 | Train Acc 52.6900 | Valid Acc 49.4888
2026-07-16 08:46:49 | TestSub: S10 | Epoch 28/100 Finsh | Now_lr 0.0005/0.0005 | Train Loss 0.6908 | Valid Loss 0.6942 | Train Acc 52.7020 | Valid Acc 49.8167
2026-07-16 08:48:32 | TestSub: S10 | Epoch 29/100 Finsh | Now_lr 0.0005/0.0005 | Train Loss 0.6907 | Valid Loss 0.6942 | Train Acc 52.7931 | Valid Acc 49.5505
2026-07-16 08:50:13 | TestSub: S10 | Epoch 30/100 Finsh | Now_lr 0.0005/0.0005 | Train Loss 0.6907 | Valid Loss 0.6940 | Train Acc 52.6967 | Valid Acc 49.9074
2026-07-16 08:51:51 | TestSub: S10 | Epoch 31/100 Finsh | Now_lr 0.0005/0.0005 | Train Loss 0.6908 | Valid Loss 0.6941 | Train Acc 52.6619 | Valid Acc 49.6798
2026-07-16 08:53:29 | TestSub: S10 | Epoch 32/100 Finsh | Now_lr 0.0005/0.0005 | Train Loss 0.6907 | Valid Loss 0.6941 | Train Acc 52.7507 | Valid Acc 49.4599
2026-07-16 08:55:10 | TestSub: S10 | Epoch 33/100 Finsh | Now_lr 0.0005/0.0005 | Train Loss 0.6907 | Valid Loss 0.6939 | Train Acc 52.7050 | Valid Acc 49.7261
2026-07-16 08:57:04 | TestSub: S10 | Epoch 34/100 Finsh | Now_lr 0.0005/0.0005 | Train Loss 0.6907 | Valid Loss 0.6942 | Train Acc 52.7309 | Valid Acc 49.8302
2026-07-16 08:58:42 | TestSub: S10 | Epoch 35/100 Finsh | Now_lr 0.0005/0.0005 | Train Loss 0.6906 | Valid Loss 0.6941 | Train Acc 52.8822 | Valid Acc 49.8688
2026-07-16 09:00:21 | TestSub: S10 | Epoch 36/100 Finsh | Now_lr 0.0005/0.0005 | Train Loss 0.6907 | Valid Loss 0.6942 | Train Acc 52.7177 | Valid Acc 49.8746
2026-07-16 09:02:13 | TestSub: S10 | Epoch 37/100 Finsh | Now_lr 0.0005/0.0005 | Train Loss 0.6906 | Valid Loss 0.6941 | Train Acc 52.9002 | Valid Acc 49.9672
2026-07-16 09:03:50 | TestSub: S10 | Epoch 38/100 Finsh | Now_lr 0.0005/0.0005 | Train Loss 0.6907 | Valid Loss 0.6939 | Train Acc 52.7884 | Valid Acc 49.9286
2026-07-16 09:05:28 | TestSub: S10 | Epoch 39/100 Finsh | Now_lr 0.0005/0.0005 | Train Loss 0.6904 | Valid Loss 0.6940 | Train Acc 52.9268 | Valid Acc 49.8997
2026-07-16 09:07:05 | TestSub: S10 | Epoch 40/100 Finsh | Now_lr 0.0005/0.0005 | Train Loss 0.6906 | Valid Loss 0.6946 | Train Acc 52.7672 | Valid Acc 49.5660
2026-07-16 09:08:42 | TestSub: S10 | Epoch 41/100 Finsh | Now_lr 0.0005/0.0005 | Train Loss 0.6907 | Valid Loss 0.6937 | Train Acc 52.8932 | Valid Acc 49.9228
2026-07-16 09:10:33 | TestSub: S10 | Epoch 42/100 Finsh | Now_lr 0.0005/0.0005 | Train Loss 0.6906 | Valid Loss 0.6937 | Train Acc 52.8261 | Valid Acc 50.0868
2026-07-16 09:12:10 | TestSub: S10 | Epoch 43/100 Finsh | Now_lr 0.0005/0.0005 | Train Loss 0.6905 | Valid Loss 0.6944 | Train Acc 52.9532 | Valid Acc 49.9344
2026-07-16 09:13:48 | TestSub: S10 | Epoch 44/100 Finsh | Now_lr 0.0005/0.0005 | Train Loss 0.6907 | Valid Loss 0.6939 | Train Acc 52.7264 | Valid Acc 49.8553
2026-07-16 09:15:25 | TestSub: S10 | Epoch 45/100 Finsh | Now_lr 0.0005/0.0005 | Train Loss 0.6905 | Valid Loss 0.6940 | Train Acc 52.8417 | Valid Acc 49.8013
2026-07-16 09:17:03 | TestSub: S10 | Epoch 46/100 Finsh | Now_lr 0.0005/0.0005 | Train Loss 0.6906 | Valid Loss 0.6942 | Train Acc 52.8854 | Valid Acc 49.9576
2026-07-16 09:18:41 | TestSub: S10 | Epoch 47/100 Finsh | Now_lr 0.0005/0.0005 | Train Loss 0.6905 | Valid Loss 0.6942 | Train Acc 52.8244 | Valid Acc 49.7222
2026-07-16 09:20:18 | TestSub: S10 | Epoch 48/100 Finsh | Now_lr 0.0005/0.0005 | Train Loss 0.6905 | Valid Loss 0.6941 | Train Acc 52.7924 | Valid Acc 49.9614
2026-07-16 09:21:56 | TestSub: S10 | Epoch 49/100 Finsh | Now_lr 0.0005/0.0005 | Train Loss 0.6905 | Valid Loss 0.6944 | Train Acc 52.7719 | Valid Acc 49.8110
2026-07-16 09:23:34 | TestSub: S10 | Epoch 50/100 Finsh | Now_lr 0.0005/0.0005 | Train Loss 0.6906 | Valid Loss 0.6945 | Train Acc 52.8379 | Valid Acc 49.6393
2026-07-16 09:25:11 | TestSub: S10 | Epoch 51/100 Finsh | Now_lr 0.0005/0.0005 | Train Loss 0.6905 | Valid Loss 0.6940 | Train Acc 52.8235 | Valid Acc 50.0231
2026-07-16 09:26:49 | TestSub: S10 | Epoch 52/100 Finsh | Now_lr 0.0005/0.0005 | Train Loss 0.6905 | Valid Loss 0.6942 | Train Acc 52.8539 | Valid Acc 49.7280
2026-07-16 09:28:29 | TestSub: S10 | Epoch 53/100 Finsh | Now_lr 0.0005/0.0005 | Train Loss 0.6906 | Valid Loss 0.6943 | Train Acc 52.7691 | Valid Acc 49.7242
2026-07-16 09:30:07 | TestSub: S10 | Epoch 54/100 Finsh | Now_lr 0.0005/0.0005 | Train Loss 0.6905 | Valid Loss 0.6941 | Train Acc 52.7856 | Valid Acc 49.7859
2026-07-16 09:31:45 | TestSub: S10 | Epoch 55/100 Finsh | Now_lr 0.0005/0.0005 | Train Loss 0.6905 | Valid Loss 0.6942 | Train Acc 52.7864 | Valid Acc 49.7126
2026-07-16 09:33:23 | TestSub: S10 | Epoch 56/100 Finsh | Now_lr 0.0005/0.0005 | Train Loss 0.6906 | Valid Loss 0.6945 | Train Acc 52.8173 | Valid Acc 49.6219
2026-07-16 09:35:05 | TestSub: S10 | Epoch 57/100 Finsh | Now_lr 0.0005/0.0005 | Train Loss 0.6905 | Valid Loss 0.6943 | Train Acc 52.8679 | Valid Acc 49.7396
2026-07-16 09:36:47 | TestSub: S10 | Epoch 58/100 Finsh | Now_lr 0.0005/0.0005 | Train Loss 0.6904 | Valid Loss 0.6941 | Train Acc 52.8917 | Valid Acc 49.9132
2026-07-16 09:38:26 | TestSub: S10 | Epoch 59/100 Finsh | Now_lr 0.0005/0.0005 | Train Loss 0.6903 | Valid Loss 0.6944 | Train Acc 52.9915 | Valid Acc 49.7415
2026-07-16 09:40:04 | TestSub: S10 | Epoch 60/100 Finsh | Now_lr 0.0005/0.0005 | Train Loss 0.6904 | Valid Loss 0.6943 | Train Acc 52.8338 | Valid Acc 49.9537
2026-07-16 09:41:42 | TestSub: S10 | Epoch 61/100 Finsh | Now_lr 0.0005/0.0005 | Train Loss 0.6904 | Valid Loss 0.6940 | Train Acc 52.9377 | Valid Acc 49.8245
2026-07-16 09:43:35 | TestSub: S10 | Epoch 62/100 Finsh | Now_lr 0.0005/0.0005 | Train Loss 0.6903 | Valid Loss 0.6939 | Train Acc 52.9722 | Valid Acc 49.9981
2026-07-16 09:45:28 | TestSub: S10 | Epoch 63/100 Finsh | Now_lr 0.0005/0.0005 | Train Loss 0.6902 | Valid Loss 0.6939 | Train Acc 52.9281 | Valid Acc 50.0714
2026-07-16 09:45:33 | --------------------------------------------------
2026-07-16 09:45:33 | Test_Subject :S10 | Best epoch:42 | Test Loss:0.6937 | Savemodel Acc 50.0868
2026-07-16 09:45:33 | --------------------------------------------------
2026-07-16 09:45:33 | Best epoch: 42 | Test acc: 50.0868
