2026-07-15 07:31:24 | Logging started: ./writer/Subject_independent_AAD/KUL/3.0s/result//Train3.0s_sub13.log
2026-07-15 07:33:12 | TestSub: S13 | Epoch  1/100 Finsh | Now_lr 0.0005/0.0005 | Train Loss 0.6007 | Valid Loss 0.7302 | Train Acc 67.6399 | Valid Acc 59.2763
2026-07-15 07:33:41 | TestSub: S13 | Epoch  2/100 Finsh | Now_lr 0.0005/0.0005 | Train Loss 0.5336 | Valid Loss 0.7731 | Train Acc 73.0594 | Valid Acc 59.1447
2026-07-15 07:34:10 | TestSub: S13 | Epoch  3/100 Finsh | Now_lr 0.0005/0.0005 | Train Loss 0.5061 | Valid Loss 0.8123 | Train Acc 74.8492 | Valid Acc 58.3882
2026-07-15 07:34:38 | TestSub: S13 | Epoch  4/100 Finsh | Now_lr 0.0005/0.0005 | Train Loss 0.4854 | Valid Loss 0.8291 | Train Acc 75.8457 | Valid Acc 59.8684
2026-07-15 07:35:07 | TestSub: S13 | Epoch  5/100 Finsh | Now_lr 0.0005/0.0005 | Train Loss 0.4685 | Valid Loss 0.8339 | Train Acc 77.1482 | Valid Acc 57.8289
2026-07-15 07:35:36 | TestSub: S13 | Epoch  6/100 Finsh | Now_lr 0.0005/0.0005 | Train Loss 0.4594 | Valid Loss 0.8363 | Train Acc 77.6289 | Valid Acc 59.4737
2026-07-15 07:36:04 | TestSub: S13 | Epoch  7/100 Finsh | Now_lr 0.0005/0.0005 | Train Loss 0.4513 | Valid Loss 0.8729 | Train Acc 78.1294 | Valid Acc 58.9145
2026-07-15 07:36:33 | TestSub: S13 | Epoch  8/100 Finsh | Now_lr 0.0005/0.0005 | Train Loss 0.4428 | Valid Loss 0.8280 | Train Acc 78.7019 | Valid Acc 59.3750
2026-07-15 07:37:02 | TestSub: S13 | Epoch  9/100 Finsh | Now_lr 0.0005/0.0005 | Train Loss 0.4329 | Valid Loss 0.8662 | Train Acc 79.1761 | Valid Acc 59.9013
2026-07-15 07:37:31 | TestSub: S13 | Epoch 10/100 Finsh | Now_lr 0.0005/0.0005 | Train Loss 0.4308 | Valid Loss 0.8886 | Train Acc 79.6001 | Valid Acc 54.5066
2026-07-15 07:37:59 | TestSub: S13 | Epoch 11/100 Finsh | Now_lr 0.0005/0.0005 | Train Loss 0.4242 | Valid Loss 0.8483 | Train Acc 79.9017 | Valid Acc 59.5724
2026-07-15 07:38:28 | TestSub: S13 | Epoch 12/100 Finsh | Now_lr 0.0005/0.0005 | Train Loss 0.4199 | Valid Loss 0.8805 | Train Acc 80.0262 | Valid Acc 58.0592
2026-07-15 07:38:57 | TestSub: S13 | Epoch 13/100 Finsh | Now_lr 0.0005/0.0005 | Train Loss 0.4163 | Valid Loss 0.8914 | Train Acc 80.3999 | Valid Acc 56.8421
2026-07-15 07:39:25 | TestSub: S13 | Epoch 14/100 Finsh | Now_lr 0.0005/0.0005 | Train Loss 0.4107 | Valid Loss 0.9142 | Train Acc 80.8064 | Valid Acc 57.8289
2026-07-15 07:39:54 | TestSub: S13 | Epoch 15/100 Finsh | Now_lr 0.0005/0.0005 | Train Loss 0.4078 | Valid Loss 0.9437 | Train Acc 80.8610 | Valid Acc 56.7763
2026-07-15 07:40:23 | TestSub: S13 | Epoch 16/100 Finsh | Now_lr 0.0005/0.0005 | Train Loss 0.4006 | Valid Loss 1.0084 | Train Acc 81.2391 | Valid Acc 57.3026
2026-07-15 07:40:52 | TestSub: S13 | Epoch 17/100 Finsh | Now_lr 0.0005/0.0005 | Train Loss 0.4010 | Valid Loss 1.0630 | Train Acc 81.3811 | Valid Acc 53.1579
2026-07-15 07:41:20 | TestSub: S13 | Epoch 18/100 Finsh | Now_lr 0.0005/0.0005 | Train Loss 0.3969 | Valid Loss 1.0375 | Train Acc 81.5887 | Valid Acc 56.8750
2026-07-15 07:41:49 | TestSub: S13 | Epoch 19/100 Finsh | Now_lr 0.0005/0.0005 | Train Loss 0.3951 | Valid Loss 1.0350 | Train Acc 81.6149 | Valid Acc 55.5263
2026-07-15 07:42:18 | TestSub: S13 | Epoch 20/100 Finsh | Now_lr 0.0005/0.0005 | Train Loss 0.3909 | Valid Loss 1.0727 | Train Acc 81.8466 | Valid Acc 56.1842
2026-07-15 07:42:46 | TestSub: S13 | Epoch 21/100 Finsh | Now_lr 0.0005/0.0005 | Train Loss 0.3816 | Valid Loss 1.1653 | Train Acc 82.4104 | Valid Acc 53.6184
2026-07-15 07:43:15 | TestSub: S13 | Epoch 22/100 Finsh | Now_lr 0.0005/0.0005 | Train Loss 0.3870 | Valid Loss 0.9979 | Train Acc 81.9165 | Valid Acc 58.4539
2026-07-15 07:43:44 | TestSub: S13 | Epoch 23/100 Finsh | Now_lr 0.0005/0.0005 | Train Loss 0.3791 | Valid Loss 1.0821 | Train Acc 82.6246 | Valid Acc 55.4605
2026-07-15 07:44:13 | TestSub: S13 | Epoch 24/100 Finsh | Now_lr 0.0005/0.0005 | Train Loss 0.3731 | Valid Loss 1.1866 | Train Acc 82.9021 | Valid Acc 55.3947
2026-07-15 07:44:41 | TestSub: S13 | Epoch 25/100 Finsh | Now_lr 0.0005/0.0005 | Train Loss 0.3760 | Valid Loss 1.2625 | Train Acc 82.7229 | Valid Acc 51.3487
2026-07-15 07:45:10 | TestSub: S13 | Epoch 26/100 Finsh | Now_lr 0.0005/0.0005 | Train Loss 0.3743 | Valid Loss 1.1108 | Train Acc 82.7404 | Valid Acc 55.8553
2026-07-15 07:45:39 | TestSub: S13 | Epoch 27/100 Finsh | Now_lr 0.0005/0.0005 | Train Loss 0.3700 | Valid Loss 1.0978 | Train Acc 83.1097 | Valid Acc 55.6579
2026-07-15 07:46:07 | TestSub: S13 | Epoch 28/100 Finsh | Now_lr 0.0005/0.0005 | Train Loss 0.3695 | Valid Loss 1.3369 | Train Acc 83.2955 | Valid Acc 52.0395
2026-07-15 07:46:36 | TestSub: S13 | Epoch 29/100 Finsh | Now_lr 0.0005/0.0005 | Train Loss 0.3657 | Valid Loss 1.0836 | Train Acc 83.4397 | Valid Acc 58.2237
2026-07-15 07:47:05 | TestSub: S13 | Epoch 30/100 Finsh | Now_lr 0.0005/0.0005 | Train Loss 0.3605 | Valid Loss 1.2017 | Train Acc 83.5184 | Valid Acc 51.8750
2026-07-15 07:47:05 | --------------------------------------------------
2026-07-15 07:47:05 | Test_Subject :S13 | Best epoch:9 | Test Loss:0.8662 | Savemodel Acc 59.9013
2026-07-15 07:47:05 | --------------------------------------------------
2026-07-15 07:47:05 | Best epoch: 9 | Test acc: 59.9013
