2026-07-15 07:19:33 | Logging started: ./writer/Subject_independent_AAD/KUL/3.0s/result//Train3.0s_sub12.log
2026-07-15 07:21:21 | TestSub: S12 | Epoch  1/100 Finsh | Now_lr 0.0005/0.0005 | Train Loss 0.6112 | Valid Loss 0.6882 | Train Acc 66.8553 | Valid Acc 60.9868
2026-07-15 07:21:49 | TestSub: S12 | Epoch  2/100 Finsh | Now_lr 0.0005/0.0005 | Train Loss 0.5466 | Valid Loss 0.7563 | Train Acc 71.8925 | Valid Acc 59.9013
2026-07-15 07:22:18 | TestSub: S12 | Epoch  3/100 Finsh | Now_lr 0.0005/0.0005 | Train Loss 0.5191 | Valid Loss 0.8007 | Train Acc 73.8068 | Valid Acc 57.3684
2026-07-15 07:22:47 | TestSub: S12 | Epoch  4/100 Finsh | Now_lr 0.0005/0.0005 | Train Loss 0.4999 | Valid Loss 0.7729 | Train Acc 75.1289 | Valid Acc 56.3816
2026-07-15 07:23:16 | TestSub: S12 | Epoch  5/100 Finsh | Now_lr 0.0005/0.0005 | Train Loss 0.4839 | Valid Loss 0.8122 | Train Acc 76.2937 | Valid Acc 58.2237
2026-07-15 07:23:44 | TestSub: S12 | Epoch  6/100 Finsh | Now_lr 0.0005/0.0005 | Train Loss 0.4745 | Valid Loss 0.7640 | Train Acc 76.8706 | Valid Acc 57.4671
2026-07-15 07:24:13 | TestSub: S12 | Epoch  7/100 Finsh | Now_lr 0.0005/0.0005 | Train Loss 0.4662 | Valid Loss 0.8207 | Train Acc 77.5044 | Valid Acc 56.0197
2026-07-15 07:24:42 | TestSub: S12 | Epoch  8/100 Finsh | Now_lr 0.0005/0.0005 | Train Loss 0.4631 | Valid Loss 0.8014 | Train Acc 77.6049 | Valid Acc 54.4408
2026-07-15 07:25:11 | TestSub: S12 | Epoch  9/100 Finsh | Now_lr 0.0005/0.0005 | Train Loss 0.4569 | Valid Loss 0.8749 | Train Acc 77.7666 | Valid Acc 59.3092
2026-07-15 07:25:39 | TestSub: S12 | Epoch 10/100 Finsh | Now_lr 0.0005/0.0005 | Train Loss 0.4489 | Valid Loss 0.8335 | Train Acc 78.6254 | Valid Acc 54.7039
2026-07-15 07:26:08 | TestSub: S12 | Epoch 11/100 Finsh | Now_lr 0.0005/0.0005 | Train Loss 0.4487 | Valid Loss 0.8039 | Train Acc 78.4659 | Valid Acc 57.3684
2026-07-15 07:26:37 | TestSub: S12 | Epoch 12/100 Finsh | Now_lr 0.0005/0.0005 | Train Loss 0.4443 | Valid Loss 0.7956 | Train Acc 78.9095 | Valid Acc 56.5789
2026-07-15 07:27:05 | TestSub: S12 | Epoch 13/100 Finsh | Now_lr 0.0005/0.0005 | Train Loss 0.4382 | Valid Loss 0.8260 | Train Acc 79.2920 | Valid Acc 56.5461
2026-07-15 07:27:34 | TestSub: S12 | Epoch 14/100 Finsh | Now_lr 0.0005/0.0005 | Train Loss 0.4343 | Valid Loss 0.8325 | Train Acc 79.3859 | Valid Acc 57.0395
2026-07-15 07:28:03 | TestSub: S12 | Epoch 15/100 Finsh | Now_lr 0.0005/0.0005 | Train Loss 0.4326 | Valid Loss 0.8939 | Train Acc 79.4799 | Valid Acc 56.5461
2026-07-15 07:28:31 | TestSub: S12 | Epoch 16/100 Finsh | Now_lr 0.0005/0.0005 | Train Loss 0.4283 | Valid Loss 0.8721 | Train Acc 79.8580 | Valid Acc 56.0197
2026-07-15 07:29:00 | TestSub: S12 | Epoch 17/100 Finsh | Now_lr 0.0005/0.0005 | Train Loss 0.4279 | Valid Loss 0.8390 | Train Acc 79.6416 | Valid Acc 58.0592
2026-07-15 07:29:29 | TestSub: S12 | Epoch 18/100 Finsh | Now_lr 0.0005/0.0005 | Train Loss 0.4207 | Valid Loss 0.8016 | Train Acc 80.4021 | Valid Acc 58.5526
2026-07-15 07:29:57 | TestSub: S12 | Epoch 19/100 Finsh | Now_lr 0.0005/0.0005 | Train Loss 0.4228 | Valid Loss 0.8333 | Train Acc 80.0372 | Valid Acc 57.1711
2026-07-15 07:30:26 | TestSub: S12 | Epoch 20/100 Finsh | Now_lr 0.0005/0.0005 | Train Loss 0.4204 | Valid Loss 0.8452 | Train Acc 80.1158 | Valid Acc 58.8487
2026-07-15 07:30:55 | TestSub: S12 | Epoch 21/100 Finsh | Now_lr 0.0005/0.0005 | Train Loss 0.4175 | Valid Loss 0.8296 | Train Acc 80.4436 | Valid Acc 56.6776
2026-07-15 07:31:23 | TestSub: S12 | Epoch 22/100 Finsh | Now_lr 0.0005/0.0005 | Train Loss 0.4145 | Valid Loss 0.8207 | Train Acc 80.6359 | Valid Acc 59.6382
2026-07-15 07:31:24 | --------------------------------------------------
2026-07-15 07:31:24 | Test_Subject :S12 | Best epoch:1 | Test Loss:0.6882 | Savemodel Acc 60.9868
2026-07-15 07:31:24 | --------------------------------------------------
2026-07-15 07:31:24 | Best epoch: 1 | Test acc: 60.9868
