2026-07-10 08:25:59 | Logging started: ./writer/Subject_dependent_AAD/KUL/1.0s/result//Train1.0s_sub15.log
2026-07-10 08:26:04 | Sub_id: 15
2026-07-10 08:26:08 | TestSub: S15 | Epoch  1/100 Finsh | Now_lr 0.0005/0.0005 | Train Loss 0.5955 | Valid Loss 0.4192 | Train Acc 68.1466 | Valid Acc 83.3984
2026-07-10 08:26:08 | Validation loss decreased (inf --> 0.419197) in epoch (1). Saving model ...
2026-07-10 08:26:09 | TestSub: S15 | Epoch  2/100 Finsh | Now_lr 0.0005/0.0005 | Train Loss 0.3831 | Valid Loss 0.2951 | Train Acc 83.1034 | Valid Acc 89.6484
2026-07-10 08:26:09 | Validation loss decreased (0.419197 --> 0.295100) in epoch (2). Saving model ...
2026-07-10 08:26:11 | TestSub: S15 | Epoch  3/100 Finsh | Now_lr 0.0005/0.0005 | Train Loss 0.2866 | Valid Loss 0.2347 | Train Acc 88.2543 | Valid Acc 92.3828
2026-07-10 08:26:11 | Validation loss decreased (0.295100 --> 0.234736) in epoch (3). Saving model ...
2026-07-10 08:26:12 | TestSub: S15 | Epoch  4/100 Finsh | Now_lr 0.0005/0.0005 | Train Loss 0.2513 | Valid Loss 0.2107 | Train Acc 90.3664 | Valid Acc 93.1641
2026-07-10 08:26:12 | Validation loss decreased (0.234736 --> 0.210667) in epoch (4). Saving model ...
2026-07-10 08:26:13 | TestSub: S15 | Epoch  5/100 Finsh | Now_lr 0.0005/0.0005 | Train Loss 0.2203 | Valid Loss 0.1783 | Train Acc 91.2284 | Valid Acc 93.9453
2026-07-10 08:26:13 | Validation loss decreased (0.210667 --> 0.178318) in epoch (5). Saving model ...
2026-07-10 08:26:15 | TestSub: S15 | Epoch  6/100 Finsh | Now_lr 0.0005/0.0005 | Train Loss 0.1972 | Valid Loss 0.1719 | Train Acc 92.8233 | Valid Acc 94.3359
2026-07-10 08:26:15 | Validation loss decreased (0.178318 --> 0.171895) in epoch (6). Saving model ...
2026-07-10 08:26:16 | TestSub: S15 | Epoch  7/100 Finsh | Now_lr 0.0005/0.0005 | Train Loss 0.1750 | Valid Loss 0.1326 | Train Acc 93.1897 | Valid Acc 96.4844
2026-07-10 08:26:16 | Validation loss decreased (0.171895 --> 0.132554) in epoch (7). Saving model ...
2026-07-10 08:26:18 | TestSub: S15 | Epoch  8/100 Finsh | Now_lr 0.0005/0.0005 | Train Loss 0.1685 | Valid Loss 0.1102 | Train Acc 93.5776 | Valid Acc 97.8516
2026-07-10 08:26:18 | Validation loss decreased (0.132554 --> 0.110198) in epoch (8). Saving model ...
2026-07-10 08:26:19 | TestSub: S15 | Epoch  9/100 Finsh | Now_lr 0.0005/0.0005 | Train Loss 0.1521 | Valid Loss 0.1098 | Train Acc 94.1810 | Valid Acc 97.2656
2026-07-10 08:26:19 | Validation loss decreased (0.110198 --> 0.109836) in epoch (9). Saving model ...
2026-07-10 08:26:20 | TestSub: S15 | Epoch 10/100 Finsh | Now_lr 0.0005/0.0005 | Train Loss 0.1430 | Valid Loss 0.1052 | Train Acc 94.5474 | Valid Acc 97.4609
2026-07-10 08:26:20 | Validation loss decreased (0.109836 --> 0.105248) in epoch (10). Saving model ...
2026-07-10 08:26:22 | TestSub: S15 | Epoch 11/100 Finsh | Now_lr 0.0005/0.0005 | Train Loss 0.1410 | Valid Loss 0.0929 | Train Acc 94.4181 | Valid Acc 97.4609
2026-07-10 08:26:22 | Validation loss decreased (0.105248 --> 0.092897) in epoch (11). Saving model ...
2026-07-10 08:26:23 | TestSub: S15 | Epoch 12/100 Finsh | Now_lr 0.0005/0.0005 | Train Loss 0.1303 | Valid Loss 0.0898 | Train Acc 95.0647 | Valid Acc 97.4609
2026-07-10 08:26:23 | Validation loss decreased (0.092897 --> 0.089840) in epoch (12). Saving model ...
2026-07-10 08:26:25 | TestSub: S15 | Epoch 13/100 Finsh | Now_lr 0.0005/0.0005 | Train Loss 0.1239 | Valid Loss 0.0791 | Train Acc 95.4526 | Valid Acc 98.4375
2026-07-10 08:26:25 | Validation loss decreased (0.089840 --> 0.079147) in epoch (13). Saving model ...
2026-07-10 08:26:26 | TestSub: S15 | Epoch 14/100 Finsh | Now_lr 0.0005/0.0005 | Train Loss 0.1288 | Valid Loss 0.0940 | Train Acc 94.7198 | Valid Acc 97.2656
2026-07-10 08:26:27 | TestSub: S15 | Epoch 15/100 Finsh | Now_lr 0.0005/0.0005 | Train Loss 0.1145 | Valid Loss 0.0776 | Train Acc 95.9483 | Valid Acc 98.0469
2026-07-10 08:26:27 | Validation loss decreased (0.079147 --> 0.077575) in epoch (15). Saving model ...
2026-07-10 08:26:29 | TestSub: S15 | Epoch 16/100 Finsh | Now_lr 0.0005/0.0005 | Train Loss 0.1130 | Valid Loss 0.0815 | Train Acc 95.6034 | Valid Acc 96.8750
2026-07-10 08:26:30 | TestSub: S15 | Epoch 17/100 Finsh | Now_lr 0.0005/0.0005 | Train Loss 0.0941 | Valid Loss 0.0670 | Train Acc 96.4224 | Valid Acc 98.0469
2026-07-10 08:26:30 | Validation loss decreased (0.077575 --> 0.066965) in epoch (17). Saving model ...
2026-07-10 08:26:31 | TestSub: S15 | Epoch 18/100 Finsh | Now_lr 0.0005/0.0005 | Train Loss 0.0988 | Valid Loss 0.0657 | Train Acc 96.2500 | Valid Acc 99.0234
2026-07-10 08:26:31 | Validation loss decreased (0.066965 --> 0.065656) in epoch (18). Saving model ...
2026-07-10 08:26:33 | TestSub: S15 | Epoch 19/100 Finsh | Now_lr 0.0005/0.0005 | Train Loss 0.1066 | Valid Loss 0.0718 | Train Acc 95.5819 | Valid Acc 97.6562
2026-07-10 08:26:34 | TestSub: S15 | Epoch 20/100 Finsh | Now_lr 0.0005/0.0005 | Train Loss 0.1026 | Valid Loss 0.0764 | Train Acc 95.9914 | Valid Acc 97.4609
2026-07-10 08:26:35 | TestSub: S15 | Epoch 21/100 Finsh | Now_lr 0.0005/0.0005 | Train Loss 0.0950 | Valid Loss 0.0680 | Train Acc 96.4871 | Valid Acc 98.2422
2026-07-10 08:26:36 | TestSub: S15 | Epoch 22/100 Finsh | Now_lr 0.0005/0.0005 | Train Loss 0.0932 | Valid Loss 0.0680 | Train Acc 96.4009 | Valid Acc 97.2656
2026-07-10 08:26:38 | TestSub: S15 | Epoch 23/100 Finsh | Now_lr 0.0005/0.0005 | Train Loss 0.0950 | Valid Loss 0.0631 | Train Acc 96.3147 | Valid Acc 97.4609
2026-07-10 08:26:38 | Validation loss decreased (0.065656 --> 0.063107) in epoch (23). Saving model ...
2026-07-10 08:26:39 | TestSub: S15 | Epoch 24/100 Finsh | Now_lr 0.0005/0.0005 | Train Loss 0.0879 | Valid Loss 0.0657 | Train Acc 96.4655 | Valid Acc 97.4609
2026-07-10 08:26:40 | TestSub: S15 | Epoch 25/100 Finsh | Now_lr 0.0005/0.0005 | Train Loss 0.0938 | Valid Loss 0.0484 | Train Acc 96.1422 | Valid Acc 99.0234
2026-07-10 08:26:40 | Validation loss decreased (0.063107 --> 0.048396) in epoch (25). Saving model ...
2026-07-10 08:26:42 | TestSub: S15 | Epoch 26/100 Finsh | Now_lr 0.0005/0.0005 | Train Loss 0.0958 | Valid Loss 0.0577 | Train Acc 96.1207 | Valid Acc 98.4375
2026-07-10 08:26:43 | TestSub: S15 | Epoch 27/100 Finsh | Now_lr 0.0005/0.0005 | Train Loss 0.0831 | Valid Loss 0.0490 | Train Acc 97.0905 | Valid Acc 99.2188
2026-07-10 08:26:45 | TestSub: S15 | Epoch 28/100 Finsh | Now_lr 0.0005/0.0005 | Train Loss 0.0894 | Valid Loss 0.0496 | Train Acc 96.6810 | Valid Acc 99.2188
2026-07-10 08:26:46 | TestSub: S15 | Epoch 29/100 Finsh | Now_lr 0.0005/0.0005 | Train Loss 0.0959 | Valid Loss 0.0633 | Train Acc 96.1207 | Valid Acc 97.8516
2026-07-10 08:26:47 | TestSub: S15 | Epoch 30/100 Finsh | Now_lr 0.0005/0.0005 | Train Loss 0.0875 | Valid Loss 0.0468 | Train Acc 96.5086 | Valid Acc 99.4141
2026-07-10 08:26:47 | Validation loss decreased (0.048396 --> 0.046769) in epoch (30). Saving model ...
2026-07-10 08:26:49 | TestSub: S15 | Epoch 31/100 Finsh | Now_lr 0.0005/0.0005 | Train Loss 0.0857 | Valid Loss 0.0611 | Train Acc 96.3578 | Valid Acc 98.2422
2026-07-10 08:26:50 | TestSub: S15 | Epoch 32/100 Finsh | Now_lr 0.0005/0.0005 | Train Loss 0.0769 | Valid Loss 0.0802 | Train Acc 96.9828 | Valid Acc 96.0938
2026-07-10 08:26:51 | TestSub: S15 | Epoch 33/100 Finsh | Now_lr 0.0005/0.0005 | Train Loss 0.0840 | Valid Loss 0.0537 | Train Acc 96.8319 | Valid Acc 98.4375
2026-07-10 08:26:53 | TestSub: S15 | Epoch 34/100 Finsh | Now_lr 0.0005/0.0005 | Train Loss 0.0820 | Valid Loss 0.0497 | Train Acc 96.6810 | Valid Acc 99.0234
2026-07-10 08:26:54 | TestSub: S15 | Epoch 35/100 Finsh | Now_lr 0.0005/0.0005 | Train Loss 0.0857 | Valid Loss 0.0453 | Train Acc 96.5948 | Valid Acc 98.6328
2026-07-10 08:26:54 | Validation loss decreased (0.046769 --> 0.045318) in epoch (35). Saving model ...
2026-07-10 08:26:55 | TestSub: S15 | Epoch 36/100 Finsh | Now_lr 0.0005/0.0005 | Train Loss 0.0867 | Valid Loss 0.0430 | Train Acc 96.6164 | Valid Acc 99.0234
2026-07-10 08:26:55 | Validation loss decreased (0.045318 --> 0.042968) in epoch (36). Saving model ...
2026-07-10 08:26:57 | TestSub: S15 | Epoch 37/100 Finsh | Now_lr 0.0005/0.0005 | Train Loss 0.0852 | Valid Loss 0.0554 | Train Acc 96.7457 | Valid Acc 98.0469
2026-07-10 08:26:58 | TestSub: S15 | Epoch 38/100 Finsh | Now_lr 0.0005/0.0005 | Train Loss 0.0852 | Valid Loss 0.0478 | Train Acc 96.5302 | Valid Acc 98.4375
2026-07-10 08:26:59 | TestSub: S15 | Epoch 39/100 Finsh | Now_lr 0.0005/0.0005 | Train Loss 0.0733 | Valid Loss 0.0402 | Train Acc 97.3060 | Valid Acc 99.2188
2026-07-10 08:26:59 | Validation loss decreased (0.042968 --> 0.040213) in epoch (39). Saving model ...
2026-07-10 08:27:01 | TestSub: S15 | Epoch 40/100 Finsh | Now_lr 0.0005/0.0005 | Train Loss 0.0867 | Valid Loss 0.0417 | Train Acc 96.6595 | Valid Acc 99.0234
2026-07-10 08:27:02 | TestSub: S15 | Epoch 41/100 Finsh | Now_lr 0.0005/0.0005 | Train Loss 0.0695 | Valid Loss 0.0544 | Train Acc 97.1121 | Valid Acc 98.0469
2026-07-10 08:27:03 | TestSub: S15 | Epoch 42/100 Finsh | Now_lr 0.0005/0.0005 | Train Loss 0.0833 | Valid Loss 0.0446 | Train Acc 96.8750 | Valid Acc 98.8281
2026-07-10 08:27:05 | TestSub: S15 | Epoch 43/100 Finsh | Now_lr 0.0005/0.0005 | Train Loss 0.0773 | Valid Loss 0.0438 | Train Acc 97.1336 | Valid Acc 98.8281
2026-07-10 08:27:06 | TestSub: S15 | Epoch 44/100 Finsh | Now_lr 0.0005/0.0005 | Train Loss 0.0752 | Valid Loss 0.0476 | Train Acc 97.1767 | Valid Acc 99.0234
2026-07-10 08:27:07 | TestSub: S15 | Epoch 45/100 Finsh | Now_lr 0.0005/0.0005 | Train Loss 0.0683 | Valid Loss 0.0499 | Train Acc 97.4138 | Valid Acc 98.6328
2026-07-10 08:27:08 | TestSub: S15 | Epoch 46/100 Finsh | Now_lr 0.0005/0.0005 | Train Loss 0.0725 | Valid Loss 0.0421 | Train Acc 97.2198 | Valid Acc 99.2188
2026-07-10 08:27:10 | TestSub: S15 | Epoch 47/100 Finsh | Now_lr 0.0005/0.0005 | Train Loss 0.0820 | Valid Loss 0.0540 | Train Acc 96.9181 | Valid Acc 97.4609
2026-07-10 08:27:11 | TestSub: S15 | Epoch 48/100 Finsh | Now_lr 0.0005/0.0005 | Train Loss 0.0669 | Valid Loss 0.0407 | Train Acc 97.3491 | Valid Acc 98.8281
2026-07-10 08:27:12 | TestSub: S15 | Epoch 49/100 Finsh | Now_lr 0.0005/0.0005 | Train Loss 0.0783 | Valid Loss 0.0550 | Train Acc 96.9397 | Valid Acc 98.2422
2026-07-10 08:27:14 | TestSub: S15 | Epoch 50/100 Finsh | Now_lr 0.0005/0.0005 | Train Loss 0.0786 | Valid Loss 0.0777 | Train Acc 96.7672 | Valid Acc 95.8984
2026-07-10 08:27:15 | TestSub: S15 | Epoch 51/100 Finsh | Now_lr 0.0005/0.0005 | Train Loss 0.0709 | Valid Loss 0.0473 | Train Acc 97.2414 | Valid Acc 98.2422
2026-07-10 08:27:16 | TestSub: S15 | Epoch 52/100 Finsh | Now_lr 0.0005/0.0005 | Train Loss 0.0655 | Valid Loss 0.0392 | Train Acc 97.6293 | Valid Acc 99.4141
2026-07-10 08:27:16 | Validation loss decreased (0.040213 --> 0.039225) in epoch (52). Saving model ...
2026-07-10 08:27:18 | TestSub: S15 | Epoch 53/100 Finsh | Now_lr 0.0005/0.0005 | Train Loss 0.0712 | Valid Loss 0.0444 | Train Acc 97.6293 | Valid Acc 98.8281
2026-07-10 08:27:19 | TestSub: S15 | Epoch 54/100 Finsh | Now_lr 0.0005/0.0005 | Train Loss 0.0706 | Valid Loss 0.0374 | Train Acc 97.5000 | Valid Acc 99.4141
2026-07-10 08:27:19 | Validation loss decreased (0.039225 --> 0.037413) in epoch (54). Saving model ...
2026-07-10 08:27:21 | TestSub: S15 | Epoch 55/100 Finsh | Now_lr 0.0005/0.0005 | Train Loss 0.0766 | Valid Loss 0.0602 | Train Acc 96.9181 | Valid Acc 97.6562
2026-07-10 08:27:22 | TestSub: S15 | Epoch 56/100 Finsh | Now_lr 0.0005/0.0005 | Train Loss 0.0674 | Valid Loss 0.0411 | Train Acc 97.3707 | Valid Acc 99.0234
2026-07-10 08:27:24 | TestSub: S15 | Epoch 57/100 Finsh | Now_lr 0.0005/0.0005 | Train Loss 0.0675 | Valid Loss 0.0467 | Train Acc 97.6509 | Valid Acc 98.8281
2026-07-10 08:27:25 | TestSub: S15 | Epoch 58/100 Finsh | Now_lr 0.0005/0.0005 | Train Loss 0.0656 | Valid Loss 0.0517 | Train Acc 97.5862 | Valid Acc 98.0469
2026-07-10 08:27:26 | TestSub: S15 | Epoch 59/100 Finsh | Now_lr 0.0005/0.0005 | Train Loss 0.0623 | Valid Loss 0.0419 | Train Acc 97.5431 | Valid Acc 99.2188
2026-07-10 08:27:28 | TestSub: S15 | Epoch 60/100 Finsh | Now_lr 0.0005/0.0005 | Train Loss 0.0696 | Valid Loss 0.0428 | Train Acc 97.3707 | Valid Acc 98.8281
2026-07-10 08:27:29 | TestSub: S15 | Epoch 61/100 Finsh | Now_lr 0.0005/0.0005 | Train Loss 0.0615 | Valid Loss 0.0404 | Train Acc 97.5862 | Valid Acc 98.8281
2026-07-10 08:27:30 | TestSub: S15 | Epoch 62/100 Finsh | Now_lr 0.0005/0.0005 | Train Loss 0.0739 | Valid Loss 0.0400 | Train Acc 97.3922 | Valid Acc 99.0234
2026-07-10 08:27:31 | TestSub: S15 | Epoch 63/100 Finsh | Now_lr 0.0005/0.0005 | Train Loss 0.0574 | Valid Loss 0.0387 | Train Acc 97.9957 | Valid Acc 99.0234
2026-07-10 08:27:33 | TestSub: S15 | Epoch 64/100 Finsh | Now_lr 0.0005/0.0005 | Train Loss 0.0787 | Valid Loss 0.0424 | Train Acc 96.7457 | Valid Acc 98.6328
2026-07-10 08:27:34 | TestSub: S15 | Epoch 65/100 Finsh | Now_lr 0.0005/0.0005 | Train Loss 0.0610 | Valid Loss 0.0326 | Train Acc 97.4138 | Valid Acc 99.4141
2026-07-10 08:27:34 | Validation loss decreased (0.037413 --> 0.032628) in epoch (65). Saving model ...
2026-07-10 08:27:35 | TestSub: S15 | Epoch 66/100 Finsh | Now_lr 0.0005/0.0005 | Train Loss 0.0680 | Valid Loss 0.0340 | Train Acc 97.2629 | Valid Acc 99.4141
2026-07-10 08:27:37 | TestSub: S15 | Epoch 67/100 Finsh | Now_lr 0.0005/0.0005 | Train Loss 0.0630 | Valid Loss 0.0454 | Train Acc 97.4569 | Valid Acc 98.4375
2026-07-10 08:27:38 | TestSub: S15 | Epoch 68/100 Finsh | Now_lr 0.0005/0.0005 | Train Loss 0.0703 | Valid Loss 0.0430 | Train Acc 97.2414 | Valid Acc 98.6328
2026-07-10 08:27:39 | TestSub: S15 | Epoch 69/100 Finsh | Now_lr 0.0005/0.0005 | Train Loss 0.0565 | Valid Loss 0.0430 | Train Acc 97.9957 | Valid Acc 98.8281
2026-07-10 08:27:41 | TestSub: S15 | Epoch 70/100 Finsh | Now_lr 0.0005/0.0005 | Train Loss 0.0655 | Valid Loss 0.0463 | Train Acc 97.6940 | Valid Acc 98.6328
2026-07-10 08:27:42 | TestSub: S15 | Epoch 71/100 Finsh | Now_lr 0.0005/0.0005 | Train Loss 0.0660 | Valid Loss 0.0333 | Train Acc 97.5647 | Valid Acc 99.4141
2026-07-10 08:27:43 | TestSub: S15 | Epoch 72/100 Finsh | Now_lr 0.0005/0.0005 | Train Loss 0.0482 | Valid Loss 0.0434 | Train Acc 98.4483 | Valid Acc 98.4375
2026-07-10 08:27:44 | TestSub: S15 | Epoch 73/100 Finsh | Now_lr 0.0005/0.0005 | Train Loss 0.0702 | Valid Loss 0.0433 | Train Acc 96.9181 | Valid Acc 98.4375
2026-07-10 08:27:46 | TestSub: S15 | Epoch 74/100 Finsh | Now_lr 0.0005/0.0005 | Train Loss 0.0598 | Valid Loss 0.0298 | Train Acc 97.8017 | Valid Acc 99.4141
2026-07-10 08:27:46 | Validation loss decreased (0.032628 --> 0.029770) in epoch (74). Saving model ...
2026-07-10 08:27:47 | TestSub: S15 | Epoch 75/100 Finsh | Now_lr 0.0005/0.0005 | Train Loss 0.0531 | Valid Loss 0.0358 | Train Acc 98.1034 | Valid Acc 99.0234
2026-07-10 08:27:48 | TestSub: S15 | Epoch 76/100 Finsh | Now_lr 0.0005/0.0005 | Train Loss 0.0593 | Valid Loss 0.0325 | Train Acc 97.7802 | Valid Acc 99.0234
2026-07-10 08:27:50 | TestSub: S15 | Epoch 77/100 Finsh | Now_lr 0.0005/0.0005 | Train Loss 0.0621 | Valid Loss 0.0323 | Train Acc 97.5862 | Valid Acc 99.2188
2026-07-10 08:27:51 | TestSub: S15 | Epoch 78/100 Finsh | Now_lr 0.0005/0.0005 | Train Loss 0.0594 | Valid Loss 0.0430 | Train Acc 97.8233 | Valid Acc 99.0234
2026-07-10 08:27:52 | TestSub: S15 | Epoch 79/100 Finsh | Now_lr 0.0005/0.0005 | Train Loss 0.0659 | Valid Loss 0.0348 | Train Acc 97.6293 | Valid Acc 99.0234
2026-07-10 08:27:54 | TestSub: S15 | Epoch 80/100 Finsh | Now_lr 0.0005/0.0005 | Train Loss 0.0561 | Valid Loss 0.0278 | Train Acc 97.8233 | Valid Acc 99.2188
2026-07-10 08:27:54 | Validation loss decreased (0.029770 --> 0.027766) in epoch (80). Saving model ...
2026-07-10 08:27:55 | TestSub: S15 | Epoch 81/100 Finsh | Now_lr 0.0005/0.0005 | Train Loss 0.0657 | Valid Loss 0.0300 | Train Acc 97.3060 | Valid Acc 99.4141
2026-07-10 08:27:56 | TestSub: S15 | Epoch 82/100 Finsh | Now_lr 0.0005/0.0005 | Train Loss 0.0608 | Valid Loss 0.0324 | Train Acc 97.7371 | Valid Acc 99.4141
2026-07-10 08:27:58 | TestSub: S15 | Epoch 83/100 Finsh | Now_lr 0.0005/0.0005 | Train Loss 0.0524 | Valid Loss 0.0440 | Train Acc 97.9526 | Valid Acc 99.0234
2026-07-10 08:27:59 | TestSub: S15 | Epoch 84/100 Finsh | Now_lr 0.0005/0.0005 | Train Loss 0.0667 | Valid Loss 0.0348 | Train Acc 97.2845 | Valid Acc 99.4141
2026-07-10 08:28:00 | TestSub: S15 | Epoch 85/100 Finsh | Now_lr 0.0005/0.0005 | Train Loss 0.0574 | Valid Loss 0.0373 | Train Acc 97.8664 | Valid Acc 99.2188
2026-07-10 08:28:02 | TestSub: S15 | Epoch 86/100 Finsh | Now_lr 0.0005/0.0005 | Train Loss 0.0568 | Valid Loss 0.0310 | Train Acc 97.8017 | Valid Acc 99.4141
2026-07-10 08:28:03 | TestSub: S15 | Epoch 87/100 Finsh | Now_lr 0.0005/0.0005 | Train Loss 0.0571 | Valid Loss 0.0320 | Train Acc 97.9095 | Valid Acc 99.0234
2026-07-10 08:28:04 | TestSub: S15 | Epoch 88/100 Finsh | Now_lr 0.0005/0.0005 | Train Loss 0.0475 | Valid Loss 0.0330 | Train Acc 98.2759 | Valid Acc 99.0234
2026-07-10 08:28:06 | TestSub: S15 | Epoch 89/100 Finsh | Now_lr 0.0005/0.0005 | Train Loss 0.0597 | Valid Loss 0.0280 | Train Acc 97.4138 | Valid Acc 99.4141
2026-07-10 08:28:07 | TestSub: S15 | Epoch 90/100 Finsh | Now_lr 0.0005/0.0005 | Train Loss 0.0568 | Valid Loss 0.0361 | Train Acc 97.7155 | Valid Acc 99.0234
2026-07-10 08:28:08 | TestSub: S15 | Epoch 91/100 Finsh | Now_lr 0.0005/0.0005 | Train Loss 0.0589 | Valid Loss 0.0325 | Train Acc 97.8448 | Valid Acc 99.2188
2026-07-10 08:28:09 | TestSub: S15 | Epoch 92/100 Finsh | Now_lr 0.0005/0.0005 | Train Loss 0.0508 | Valid Loss 0.0297 | Train Acc 98.0388 | Valid Acc 99.2188
2026-07-10 08:28:11 | TestSub: S15 | Epoch 93/100 Finsh | Now_lr 0.0005/0.0005 | Train Loss 0.0547 | Valid Loss 0.0275 | Train Acc 97.9310 | Valid Acc 99.2188
2026-07-10 08:28:11 | Validation loss decreased (0.027766 --> 0.027529) in epoch (93). Saving model ...
2026-07-10 08:28:12 | TestSub: S15 | Epoch 94/100 Finsh | Now_lr 0.0005/0.0005 | Train Loss 0.0615 | Valid Loss 0.0411 | Train Acc 97.4784 | Valid Acc 98.4375
2026-07-10 08:28:13 | TestSub: S15 | Epoch 95/100 Finsh | Now_lr 0.0005/0.0005 | Train Loss 0.0520 | Valid Loss 0.0314 | Train Acc 98.2112 | Valid Acc 99.6094
2026-07-10 08:28:15 | TestSub: S15 | Epoch 96/100 Finsh | Now_lr 0.0005/0.0005 | Train Loss 0.0517 | Valid Loss 0.0278 | Train Acc 98.2112 | Valid Acc 99.6094
2026-07-10 08:28:16 | TestSub: S15 | Epoch 97/100 Finsh | Now_lr 0.0005/0.0005 | Train Loss 0.0560 | Valid Loss 0.0276 | Train Acc 97.6940 | Valid Acc 99.4141
2026-07-10 08:28:17 | TestSub: S15 | Epoch 98/100 Finsh | Now_lr 0.0005/0.0005 | Train Loss 0.0558 | Valid Loss 0.0465 | Train Acc 97.9310 | Valid Acc 98.0469
2026-07-10 08:28:19 | TestSub: S15 | Epoch 99/100 Finsh | Now_lr 0.0005/0.0005 | Train Loss 0.0547 | Valid Loss 0.0401 | Train Acc 97.8233 | Valid Acc 98.6328
2026-07-10 08:28:20 | TestSub: S15 | Epoch 100/100 Finsh | Now_lr 0.0005/0.0005 | Train Loss 0.0508 | Valid Loss 0.0648 | Train Acc 98.1681 | Valid Acc 96.8750
2026-07-10 08:28:20 | --------------------------------------------------
2026-07-10 08:28:20 | Test_Subject :S15 | Best epoch:93 | Test Loss:0.5338 | Savemodel Acc 85.7639
2026-07-10 08:28:20 | --------------------------------------------------
2026-07-10 08:28:20 | Best epoch: 93 | Test acc: 85.7639
