2026-07-10 08:04:56 | Logging started: ./writer/Subject_dependent_AAD/KUL/1.0s/result//Train1.0s_sub6.log
2026-07-10 08:05:00 | Sub_id: 6
2026-07-10 08:05:05 | TestSub: S6 | Epoch  1/100 Finsh | Now_lr 0.0005/0.0005 | Train Loss 0.6474 | Valid Loss 0.4979 | Train Acc 60.9483 | Valid Acc 83.0078
2026-07-10 08:05:05 | Validation loss decreased (inf --> 0.497903) in epoch (1). Saving model ...
2026-07-10 08:05:06 | TestSub: S6 | Epoch  2/100 Finsh | Now_lr 0.0005/0.0005 | Train Loss 0.3947 | Valid Loss 0.2664 | Train Acc 84.5474 | Valid Acc 90.8203
2026-07-10 08:05:06 | Validation loss decreased (0.497903 --> 0.266416) in epoch (2). Saving model ...
2026-07-10 08:05:07 | TestSub: S6 | Epoch  3/100 Finsh | Now_lr 0.0005/0.0005 | Train Loss 0.2635 | Valid Loss 0.2329 | Train Acc 91.1422 | Valid Acc 89.8438
2026-07-10 08:05:07 | Validation loss decreased (0.266416 --> 0.232926) in epoch (3). Saving model ...
2026-07-10 08:05:10 | TestSub: S6 | Epoch  4/100 Finsh | Now_lr 0.0005/0.0005 | Train Loss 0.2112 | Valid Loss 0.1761 | Train Acc 92.3707 | Valid Acc 93.9453
2026-07-10 08:05:10 | Validation loss decreased (0.232926 --> 0.176099) in epoch (4). Saving model ...
2026-07-10 08:05:11 | TestSub: S6 | Epoch  5/100 Finsh | Now_lr 0.0005/0.0005 | Train Loss 0.1746 | Valid Loss 0.1353 | Train Acc 93.8147 | Valid Acc 96.8750
2026-07-10 08:05:11 | Validation loss decreased (0.176099 --> 0.135262) in epoch (5). Saving model ...
2026-07-10 08:05:13 | TestSub: S6 | Epoch  6/100 Finsh | Now_lr 0.0005/0.0005 | Train Loss 0.1607 | Valid Loss 0.1250 | Train Acc 94.5043 | Valid Acc 97.2656
2026-07-10 08:05:13 | Validation loss decreased (0.135262 --> 0.125017) in epoch (6). Saving model ...
2026-07-10 08:05:14 | TestSub: S6 | Epoch  7/100 Finsh | Now_lr 0.0005/0.0005 | Train Loss 0.1523 | Valid Loss 0.1113 | Train Acc 94.5259 | Valid Acc 97.6562
2026-07-10 08:05:14 | Validation loss decreased (0.125017 --> 0.111345) in epoch (7). Saving model ...
2026-07-10 08:05:15 | TestSub: S6 | Epoch  8/100 Finsh | Now_lr 0.0005/0.0005 | Train Loss 0.1454 | Valid Loss 0.1009 | Train Acc 94.5690 | Valid Acc 97.2656
2026-07-10 08:05:15 | Validation loss decreased (0.111345 --> 0.100935) in epoch (8). Saving model ...
2026-07-10 08:05:17 | TestSub: S6 | Epoch  9/100 Finsh | Now_lr 0.0005/0.0005 | Train Loss 0.1330 | Valid Loss 0.0877 | Train Acc 95.1509 | Valid Acc 97.6562
2026-07-10 08:05:17 | Validation loss decreased (0.100935 --> 0.087701) in epoch (9). Saving model ...
2026-07-10 08:05:18 | TestSub: S6 | Epoch 10/100 Finsh | Now_lr 0.0005/0.0005 | Train Loss 0.1297 | Valid Loss 0.0914 | Train Acc 95.2155 | Valid Acc 97.6562
2026-07-10 08:05:19 | TestSub: S6 | Epoch 11/100 Finsh | Now_lr 0.0005/0.0005 | Train Loss 0.1107 | Valid Loss 0.0927 | Train Acc 95.8836 | Valid Acc 97.4609
2026-07-10 08:05:21 | TestSub: S6 | Epoch 12/100 Finsh | Now_lr 0.0005/0.0005 | Train Loss 0.1148 | Valid Loss 0.0820 | Train Acc 95.4310 | Valid Acc 98.0469
2026-07-10 08:05:21 | Validation loss decreased (0.087701 --> 0.082018) in epoch (12). Saving model ...
2026-07-10 08:05:22 | TestSub: S6 | Epoch 13/100 Finsh | Now_lr 0.0005/0.0005 | Train Loss 0.1037 | Valid Loss 0.0695 | Train Acc 96.4224 | Valid Acc 98.6328
2026-07-10 08:05:22 | Validation loss decreased (0.082018 --> 0.069527) in epoch (13). Saving model ...
2026-07-10 08:05:24 | TestSub: S6 | Epoch 14/100 Finsh | Now_lr 0.0005/0.0005 | Train Loss 0.1042 | Valid Loss 0.0686 | Train Acc 96.2284 | Valid Acc 98.2422
2026-07-10 08:05:24 | Validation loss decreased (0.069527 --> 0.068551) in epoch (14). Saving model ...
2026-07-10 08:05:25 | TestSub: S6 | Epoch 15/100 Finsh | Now_lr 0.0005/0.0005 | Train Loss 0.1054 | Valid Loss 0.0996 | Train Acc 96.0129 | Valid Acc 96.2891
2026-07-10 08:05:26 | TestSub: S6 | Epoch 16/100 Finsh | Now_lr 0.0005/0.0005 | Train Loss 0.0996 | Valid Loss 0.0653 | Train Acc 96.1207 | Valid Acc 97.8516
2026-07-10 08:05:26 | Validation loss decreased (0.068551 --> 0.065256) in epoch (16). Saving model ...
2026-07-10 08:05:28 | TestSub: S6 | Epoch 17/100 Finsh | Now_lr 0.0005/0.0005 | Train Loss 0.0853 | Valid Loss 0.0585 | Train Acc 97.1767 | Valid Acc 98.4375
2026-07-10 08:05:28 | Validation loss decreased (0.065256 --> 0.058525) in epoch (17). Saving model ...
2026-07-10 08:05:29 | TestSub: S6 | Epoch 18/100 Finsh | Now_lr 0.0005/0.0005 | Train Loss 0.0986 | Valid Loss 0.0607 | Train Acc 96.1207 | Valid Acc 98.0469
2026-07-10 08:05:31 | TestSub: S6 | Epoch 19/100 Finsh | Now_lr 0.0005/0.0005 | Train Loss 0.0902 | Valid Loss 0.0602 | Train Acc 96.5948 | Valid Acc 98.4375
2026-07-10 08:05:32 | TestSub: S6 | Epoch 20/100 Finsh | Now_lr 0.0005/0.0005 | Train Loss 0.0842 | Valid Loss 0.0478 | Train Acc 96.7888 | Valid Acc 99.0234
2026-07-10 08:05:32 | Validation loss decreased (0.058525 --> 0.047803) in epoch (20). Saving model ...
2026-07-10 08:05:33 | TestSub: S6 | Epoch 21/100 Finsh | Now_lr 0.0005/0.0005 | Train Loss 0.0899 | Valid Loss 0.0865 | Train Acc 96.5517 | Valid Acc 96.2891
2026-07-10 08:05:35 | TestSub: S6 | Epoch 22/100 Finsh | Now_lr 0.0005/0.0005 | Train Loss 0.0938 | Valid Loss 0.0464 | Train Acc 96.5733 | Valid Acc 99.2188
2026-07-10 08:05:35 | Validation loss decreased (0.047803 --> 0.046391) in epoch (22). Saving model ...
2026-07-10 08:05:36 | TestSub: S6 | Epoch 23/100 Finsh | Now_lr 0.0005/0.0005 | Train Loss 0.0788 | Valid Loss 0.0433 | Train Acc 96.9612 | Valid Acc 99.4141
2026-07-10 08:05:36 | Validation loss decreased (0.046391 --> 0.043297) in epoch (23). Saving model ...
2026-07-10 08:05:37 | TestSub: S6 | Epoch 24/100 Finsh | Now_lr 0.0005/0.0005 | Train Loss 0.0881 | Valid Loss 0.0557 | Train Acc 96.4871 | Valid Acc 98.6328
2026-07-10 08:05:39 | TestSub: S6 | Epoch 25/100 Finsh | Now_lr 0.0005/0.0005 | Train Loss 0.0847 | Valid Loss 0.0388 | Train Acc 96.7241 | Valid Acc 99.2188
2026-07-10 08:05:39 | Validation loss decreased (0.043297 --> 0.038811) in epoch (25). Saving model ...
2026-07-10 08:05:40 | TestSub: S6 | Epoch 26/100 Finsh | Now_lr 0.0005/0.0005 | Train Loss 0.0785 | Valid Loss 0.0380 | Train Acc 96.9397 | Valid Acc 99.2188
2026-07-10 08:05:40 | Validation loss decreased (0.038811 --> 0.037978) in epoch (26). Saving model ...
2026-07-10 08:05:42 | TestSub: S6 | Epoch 27/100 Finsh | Now_lr 0.0005/0.0005 | Train Loss 0.0746 | Valid Loss 0.0434 | Train Acc 97.3922 | Valid Acc 98.8281
2026-07-10 08:05:43 | TestSub: S6 | Epoch 28/100 Finsh | Now_lr 0.0005/0.0005 | Train Loss 0.0763 | Valid Loss 0.0453 | Train Acc 97.0474 | Valid Acc 99.0234
2026-07-10 08:05:44 | TestSub: S6 | Epoch 29/100 Finsh | Now_lr 0.0005/0.0005 | Train Loss 0.0712 | Valid Loss 0.0468 | Train Acc 97.1121 | Valid Acc 98.4375
2026-07-10 08:05:45 | TestSub: S6 | Epoch 30/100 Finsh | Now_lr 0.0005/0.0005 | Train Loss 0.0798 | Valid Loss 0.0385 | Train Acc 96.9612 | Valid Acc 99.0234
2026-07-10 08:05:47 | TestSub: S6 | Epoch 31/100 Finsh | Now_lr 0.0005/0.0005 | Train Loss 0.0696 | Valid Loss 0.0347 | Train Acc 97.3707 | Valid Acc 99.6094
2026-07-10 08:05:47 | Validation loss decreased (0.037978 --> 0.034746) in epoch (31). Saving model ...
2026-07-10 08:05:48 | TestSub: S6 | Epoch 32/100 Finsh | Now_lr 0.0005/0.0005 | Train Loss 0.0817 | Valid Loss 0.0393 | Train Acc 96.6595 | Valid Acc 99.2188
2026-07-10 08:05:49 | TestSub: S6 | Epoch 33/100 Finsh | Now_lr 0.0005/0.0005 | Train Loss 0.0756 | Valid Loss 0.0473 | Train Acc 97.1767 | Valid Acc 99.0234
2026-07-10 08:05:51 | TestSub: S6 | Epoch 34/100 Finsh | Now_lr 0.0005/0.0005 | Train Loss 0.0668 | Valid Loss 0.0348 | Train Acc 97.5647 | Valid Acc 99.2188
2026-07-10 08:05:53 | TestSub: S6 | Epoch 35/100 Finsh | Now_lr 0.0005/0.0005 | Train Loss 0.0651 | Valid Loss 0.0560 | Train Acc 97.6293 | Valid Acc 97.8516
2026-07-10 08:05:54 | TestSub: S6 | Epoch 36/100 Finsh | Now_lr 0.0005/0.0005 | Train Loss 0.0647 | Valid Loss 0.0593 | Train Acc 97.6509 | Valid Acc 98.2422
2026-07-10 08:05:55 | TestSub: S6 | Epoch 37/100 Finsh | Now_lr 0.0005/0.0005 | Train Loss 0.0693 | Valid Loss 0.0473 | Train Acc 97.7802 | Valid Acc 98.0469
2026-07-10 08:05:57 | TestSub: S6 | Epoch 38/100 Finsh | Now_lr 0.0005/0.0005 | Train Loss 0.0637 | Valid Loss 0.0292 | Train Acc 97.3276 | Valid Acc 99.6094
2026-07-10 08:05:57 | Validation loss decreased (0.034746 --> 0.029170) in epoch (38). Saving model ...
2026-07-10 08:05:58 | TestSub: S6 | Epoch 39/100 Finsh | Now_lr 0.0005/0.0005 | Train Loss 0.0730 | Valid Loss 0.0327 | Train Acc 97.0905 | Valid Acc 99.2188
2026-07-10 08:05:59 | TestSub: S6 | Epoch 40/100 Finsh | Now_lr 0.0005/0.0005 | Train Loss 0.0588 | Valid Loss 0.0296 | Train Acc 97.9095 | Valid Acc 99.6094
2026-07-10 08:06:00 | TestSub: S6 | Epoch 41/100 Finsh | Now_lr 0.0005/0.0005 | Train Loss 0.0583 | Valid Loss 0.0297 | Train Acc 97.9741 | Valid Acc 99.6094
2026-07-10 08:06:02 | TestSub: S6 | Epoch 42/100 Finsh | Now_lr 0.0005/0.0005 | Train Loss 0.0622 | Valid Loss 0.0323 | Train Acc 97.6509 | Valid Acc 99.2188
2026-07-10 08:06:03 | TestSub: S6 | Epoch 43/100 Finsh | Now_lr 0.0005/0.0005 | Train Loss 0.0586 | Valid Loss 0.0355 | Train Acc 97.9526 | Valid Acc 98.6328
2026-07-10 08:06:04 | TestSub: S6 | Epoch 44/100 Finsh | Now_lr 0.0005/0.0005 | Train Loss 0.0716 | Valid Loss 0.0355 | Train Acc 97.1767 | Valid Acc 99.4141
2026-07-10 08:06:06 | TestSub: S6 | Epoch 45/100 Finsh | Now_lr 0.0005/0.0005 | Train Loss 0.0591 | Valid Loss 0.0414 | Train Acc 97.7155 | Valid Acc 98.4375
2026-07-10 08:06:07 | TestSub: S6 | Epoch 46/100 Finsh | Now_lr 0.0005/0.0005 | Train Loss 0.0598 | Valid Loss 0.0303 | Train Acc 97.9310 | Valid Acc 99.0234
2026-07-10 08:06:08 | TestSub: S6 | Epoch 47/100 Finsh | Now_lr 0.0005/0.0005 | Train Loss 0.0598 | Valid Loss 0.0495 | Train Acc 97.6293 | Valid Acc 97.8516
2026-07-10 08:06:10 | TestSub: S6 | Epoch 48/100 Finsh | Now_lr 0.0005/0.0005 | Train Loss 0.0565 | Valid Loss 0.0291 | Train Acc 97.9095 | Valid Acc 99.4141
2026-07-10 08:06:10 | Validation loss decreased (0.029170 --> 0.029062) in epoch (48). Saving model ...
2026-07-10 08:06:11 | TestSub: S6 | Epoch 49/100 Finsh | Now_lr 0.0005/0.0005 | Train Loss 0.0589 | Valid Loss 0.0738 | Train Acc 97.7155 | Valid Acc 97.0703
2026-07-10 08:06:12 | TestSub: S6 | Epoch 50/100 Finsh | Now_lr 0.0005/0.0005 | Train Loss 0.0640 | Valid Loss 0.0286 | Train Acc 97.5000 | Valid Acc 99.4141
2026-07-10 08:06:12 | Validation loss decreased (0.029062 --> 0.028605) in epoch (50). Saving model ...
2026-07-10 08:06:14 | TestSub: S6 | Epoch 51/100 Finsh | Now_lr 0.0005/0.0005 | Train Loss 0.0666 | Valid Loss 0.0325 | Train Acc 97.5000 | Valid Acc 98.8281
2026-07-10 08:06:15 | TestSub: S6 | Epoch 52/100 Finsh | Now_lr 0.0005/0.0005 | Train Loss 0.0636 | Valid Loss 0.0375 | Train Acc 97.4569 | Valid Acc 98.6328
2026-07-10 08:06:16 | TestSub: S6 | Epoch 53/100 Finsh | Now_lr 0.0005/0.0005 | Train Loss 0.0596 | Valid Loss 0.0244 | Train Acc 97.7586 | Valid Acc 99.6094
2026-07-10 08:06:16 | Validation loss decreased (0.028605 --> 0.024369) in epoch (53). Saving model ...
2026-07-10 08:06:18 | TestSub: S6 | Epoch 54/100 Finsh | Now_lr 0.0005/0.0005 | Train Loss 0.0618 | Valid Loss 0.0269 | Train Acc 97.6509 | Valid Acc 99.6094
2026-07-10 08:06:19 | TestSub: S6 | Epoch 55/100 Finsh | Now_lr 0.0005/0.0005 | Train Loss 0.0582 | Valid Loss 0.0257 | Train Acc 97.7371 | Valid Acc 99.6094
2026-07-10 08:06:20 | TestSub: S6 | Epoch 56/100 Finsh | Now_lr 0.0005/0.0005 | Train Loss 0.0511 | Valid Loss 0.0313 | Train Acc 98.1681 | Valid Acc 99.6094
2026-07-10 08:06:22 | TestSub: S6 | Epoch 57/100 Finsh | Now_lr 0.0005/0.0005 | Train Loss 0.0607 | Valid Loss 0.0263 | Train Acc 97.8879 | Valid Acc 99.2188
2026-07-10 08:06:23 | TestSub: S6 | Epoch 58/100 Finsh | Now_lr 0.0005/0.0005 | Train Loss 0.0582 | Valid Loss 0.0397 | Train Acc 97.9957 | Valid Acc 98.8281
2026-07-10 08:06:25 | TestSub: S6 | Epoch 59/100 Finsh | Now_lr 0.0005/0.0005 | Train Loss 0.0536 | Valid Loss 0.0306 | Train Acc 98.2543 | Valid Acc 99.0234
2026-07-10 08:06:26 | TestSub: S6 | Epoch 60/100 Finsh | Now_lr 0.0005/0.0005 | Train Loss 0.0560 | Valid Loss 0.0244 | Train Acc 98.0603 | Valid Acc 99.4141
2026-07-10 08:06:27 | TestSub: S6 | Epoch 61/100 Finsh | Now_lr 0.0005/0.0005 | Train Loss 0.0591 | Valid Loss 0.0402 | Train Acc 97.6940 | Valid Acc 98.4375
2026-07-10 08:06:29 | TestSub: S6 | Epoch 62/100 Finsh | Now_lr 0.0005/0.0005 | Train Loss 0.0526 | Valid Loss 0.0243 | Train Acc 98.1466 | Valid Acc 99.2188
2026-07-10 08:06:29 | Validation loss decreased (0.024369 --> 0.024276) in epoch (62). Saving model ...
2026-07-10 08:06:30 | TestSub: S6 | Epoch 63/100 Finsh | Now_lr 0.0005/0.0005 | Train Loss 0.0486 | Valid Loss 0.0239 | Train Acc 98.2112 | Valid Acc 99.6094
2026-07-10 08:06:30 | Validation loss decreased (0.024276 --> 0.023910) in epoch (63). Saving model ...
2026-07-10 08:06:32 | TestSub: S6 | Epoch 64/100 Finsh | Now_lr 0.0005/0.0005 | Train Loss 0.0493 | Valid Loss 0.0265 | Train Acc 98.0172 | Valid Acc 99.0234
2026-07-10 08:06:33 | TestSub: S6 | Epoch 65/100 Finsh | Now_lr 0.0005/0.0005 | Train Loss 0.0459 | Valid Loss 0.0269 | Train Acc 98.3190 | Valid Acc 99.6094
2026-07-10 08:06:34 | TestSub: S6 | Epoch 66/100 Finsh | Now_lr 0.0005/0.0005 | Train Loss 0.0459 | Valid Loss 0.0433 | Train Acc 98.2974 | Valid Acc 97.8516
2026-07-10 08:06:36 | TestSub: S6 | Epoch 67/100 Finsh | Now_lr 0.0005/0.0005 | Train Loss 0.0547 | Valid Loss 0.0242 | Train Acc 97.9095 | Valid Acc 99.2188
2026-07-10 08:06:37 | TestSub: S6 | Epoch 68/100 Finsh | Now_lr 0.0005/0.0005 | Train Loss 0.0442 | Valid Loss 0.0226 | Train Acc 98.3621 | Valid Acc 99.6094
2026-07-10 08:06:37 | Validation loss decreased (0.023910 --> 0.022562) in epoch (68). Saving model ...
2026-07-10 08:06:38 | TestSub: S6 | Epoch 69/100 Finsh | Now_lr 0.0005/0.0005 | Train Loss 0.0513 | Valid Loss 0.0249 | Train Acc 98.2543 | Valid Acc 99.2188
2026-07-10 08:06:40 | TestSub: S6 | Epoch 70/100 Finsh | Now_lr 0.0005/0.0005 | Train Loss 0.0579 | Valid Loss 0.0517 | Train Acc 97.7371 | Valid Acc 97.8516
2026-07-10 08:06:41 | TestSub: S6 | Epoch 71/100 Finsh | Now_lr 0.0005/0.0005 | Train Loss 0.0562 | Valid Loss 0.0282 | Train Acc 97.9310 | Valid Acc 99.2188
2026-07-10 08:06:42 | TestSub: S6 | Epoch 72/100 Finsh | Now_lr 0.0005/0.0005 | Train Loss 0.0578 | Valid Loss 0.0349 | Train Acc 97.8017 | Valid Acc 98.6328
2026-07-10 08:06:43 | TestSub: S6 | Epoch 73/100 Finsh | Now_lr 0.0005/0.0005 | Train Loss 0.0504 | Valid Loss 0.0294 | Train Acc 98.0819 | Valid Acc 99.0234
2026-07-10 08:06:45 | TestSub: S6 | Epoch 74/100 Finsh | Now_lr 0.0005/0.0005 | Train Loss 0.0526 | Valid Loss 0.0227 | Train Acc 98.2543 | Valid Acc 99.8047
2026-07-10 08:06:46 | TestSub: S6 | Epoch 75/100 Finsh | Now_lr 0.0005/0.0005 | Train Loss 0.0567 | Valid Loss 0.0243 | Train Acc 97.8233 | Valid Acc 99.6094
2026-07-10 08:06:47 | TestSub: S6 | Epoch 76/100 Finsh | Now_lr 0.0005/0.0005 | Train Loss 0.0550 | Valid Loss 0.0219 | Train Acc 98.0172 | Valid Acc 99.4141
2026-07-10 08:06:47 | Validation loss decreased (0.022562 --> 0.021907) in epoch (76). Saving model ...
2026-07-10 08:06:49 | TestSub: S6 | Epoch 77/100 Finsh | Now_lr 0.0005/0.0005 | Train Loss 0.0512 | Valid Loss 0.0202 | Train Acc 98.1466 | Valid Acc 100.0000
2026-07-10 08:06:49 | Validation loss decreased (0.021907 --> 0.020160) in epoch (77). Saving model ...
2026-07-10 08:06:50 | TestSub: S6 | Epoch 78/100 Finsh | Now_lr 0.0005/0.0005 | Train Loss 0.0416 | Valid Loss 0.0291 | Train Acc 98.4483 | Valid Acc 99.0234
2026-07-10 08:06:51 | TestSub: S6 | Epoch 79/100 Finsh | Now_lr 0.0005/0.0005 | Train Loss 0.0452 | Valid Loss 0.0194 | Train Acc 98.2974 | Valid Acc 99.8047
2026-07-10 08:06:51 | Validation loss decreased (0.020160 --> 0.019407) in epoch (79). Saving model ...
2026-07-10 08:06:53 | TestSub: S6 | Epoch 80/100 Finsh | Now_lr 0.0005/0.0005 | Train Loss 0.0435 | Valid Loss 0.0195 | Train Acc 98.4052 | Valid Acc 99.8047
2026-07-10 08:06:54 | TestSub: S6 | Epoch 81/100 Finsh | Now_lr 0.0005/0.0005 | Train Loss 0.0412 | Valid Loss 0.0304 | Train Acc 98.7284 | Valid Acc 98.8281
2026-07-10 08:06:55 | TestSub: S6 | Epoch 82/100 Finsh | Now_lr 0.0005/0.0005 | Train Loss 0.0458 | Valid Loss 0.0220 | Train Acc 98.2543 | Valid Acc 99.4141
2026-07-10 08:06:57 | TestSub: S6 | Epoch 83/100 Finsh | Now_lr 0.0005/0.0005 | Train Loss 0.0565 | Valid Loss 0.0318 | Train Acc 97.8879 | Valid Acc 99.2188
2026-07-10 08:06:58 | TestSub: S6 | Epoch 84/100 Finsh | Now_lr 0.0005/0.0005 | Train Loss 0.0465 | Valid Loss 0.0222 | Train Acc 98.1681 | Valid Acc 99.8047
2026-07-10 08:06:59 | TestSub: S6 | Epoch 85/100 Finsh | Now_lr 0.0005/0.0005 | Train Loss 0.0528 | Valid Loss 0.0231 | Train Acc 97.9741 | Valid Acc 99.2188
2026-07-10 08:07:01 | TestSub: S6 | Epoch 86/100 Finsh | Now_lr 0.0005/0.0005 | Train Loss 0.0701 | Valid Loss 0.0236 | Train Acc 97.5431 | Valid Acc 99.4141
2026-07-10 08:07:02 | TestSub: S6 | Epoch 87/100 Finsh | Now_lr 0.0005/0.0005 | Train Loss 0.0471 | Valid Loss 0.0226 | Train Acc 98.2328 | Valid Acc 99.2188
2026-07-10 08:07:03 | TestSub: S6 | Epoch 88/100 Finsh | Now_lr 0.0005/0.0005 | Train Loss 0.0448 | Valid Loss 0.0235 | Train Acc 98.3836 | Valid Acc 99.2188
2026-07-10 08:07:05 | TestSub: S6 | Epoch 89/100 Finsh | Now_lr 0.0005/0.0005 | Train Loss 0.0499 | Valid Loss 0.0242 | Train Acc 98.1897 | Valid Acc 99.0234
2026-07-10 08:07:06 | TestSub: S6 | Epoch 90/100 Finsh | Now_lr 0.0005/0.0005 | Train Loss 0.0420 | Valid Loss 0.0336 | Train Acc 98.3836 | Valid Acc 99.0234
2026-07-10 08:07:07 | TestSub: S6 | Epoch 91/100 Finsh | Now_lr 0.0005/0.0005 | Train Loss 0.0428 | Valid Loss 0.0199 | Train Acc 98.3405 | Valid Acc 99.6094
2026-07-10 08:07:09 | TestSub: S6 | Epoch 92/100 Finsh | Now_lr 0.0005/0.0005 | Train Loss 0.0405 | Valid Loss 0.0227 | Train Acc 98.5560 | Valid Acc 99.6094
2026-07-10 08:07:10 | TestSub: S6 | Epoch 93/100 Finsh | Now_lr 0.0005/0.0005 | Train Loss 0.0419 | Valid Loss 0.0242 | Train Acc 98.6853 | Valid Acc 99.2188
2026-07-10 08:07:11 | TestSub: S6 | Epoch 94/100 Finsh | Now_lr 0.0005/0.0005 | Train Loss 0.0460 | Valid Loss 0.0172 | Train Acc 98.2543 | Valid Acc 100.0000
2026-07-10 08:07:11 | Validation loss decreased (0.019407 --> 0.017177) in epoch (94). Saving model ...
2026-07-10 08:07:13 | TestSub: S6 | Epoch 95/100 Finsh | Now_lr 0.0005/0.0005 | Train Loss 0.0482 | Valid Loss 0.0186 | Train Acc 98.2543 | Valid Acc 99.6094
2026-07-10 08:07:14 | TestSub: S6 | Epoch 96/100 Finsh | Now_lr 0.0005/0.0005 | Train Loss 0.0384 | Valid Loss 0.0178 | Train Acc 98.4914 | Valid Acc 99.6094
2026-07-10 08:07:15 | TestSub: S6 | Epoch 97/100 Finsh | Now_lr 0.0005/0.0005 | Train Loss 0.0335 | Valid Loss 0.0290 | Train Acc 98.8362 | Valid Acc 98.8281
2026-07-10 08:07:16 | TestSub: S6 | Epoch 98/100 Finsh | Now_lr 0.0005/0.0005 | Train Loss 0.0531 | Valid Loss 0.0239 | Train Acc 98.1034 | Valid Acc 99.2188
2026-07-10 08:07:18 | TestSub: S6 | Epoch 99/100 Finsh | Now_lr 0.0005/0.0005 | Train Loss 0.0387 | Valid Loss 0.0210 | Train Acc 98.5991 | Valid Acc 99.4141
2026-07-10 08:07:19 | TestSub: S6 | Epoch 100/100 Finsh | Now_lr 0.0005/0.0005 | Train Loss 0.0449 | Valid Loss 0.0210 | Train Acc 98.3190 | Valid Acc 99.0234
2026-07-10 08:07:19 | --------------------------------------------------
2026-07-10 08:07:19 | Test_Subject :S6 | Best epoch:94 | Test Loss:0.1624 | Savemodel Acc 94.6181
2026-07-10 08:07:19 | --------------------------------------------------
2026-07-10 08:07:19 | Best epoch: 94 | Test acc: 94.6181
