2026-07-10 07:53:14 | Logging started: ./writer/Subject_dependent_AAD/KUL/1.0s/result//Train1.0s_sub1.log
2026-07-10 07:53:19 | Sub_id: 1
2026-07-10 07:53:28 | TestSub: S1 | Epoch  1/100 Finsh | Now_lr 0.0005/0.0005 | Train Loss 0.6107 | Valid Loss 0.4846 | Train Acc 66.2931 | Valid Acc 78.9062
2026-07-10 07:53:28 | Validation loss decreased (inf --> 0.484600) in epoch (1). Saving model ...
2026-07-10 07:53:29 | TestSub: S1 | Epoch  2/100 Finsh | Now_lr 0.0005/0.0005 | Train Loss 0.4001 | Valid Loss 0.3119 | Train Acc 84.2672 | Valid Acc 89.2578
2026-07-10 07:53:29 | Validation loss decreased (0.484600 --> 0.311883) in epoch (2). Saving model ...
2026-07-10 07:53:30 | TestSub: S1 | Epoch  3/100 Finsh | Now_lr 0.0005/0.0005 | Train Loss 0.2938 | Valid Loss 0.2359 | Train Acc 88.8578 | Valid Acc 92.7734
2026-07-10 07:53:30 | Validation loss decreased (0.311883 --> 0.235851) in epoch (3). Saving model ...
2026-07-10 07:53:32 | TestSub: S1 | Epoch  4/100 Finsh | Now_lr 0.0005/0.0005 | Train Loss 0.2559 | Valid Loss 0.1964 | Train Acc 89.4181 | Valid Acc 95.3125
2026-07-10 07:53:32 | Validation loss decreased (0.235851 --> 0.196385) in epoch (4). Saving model ...
2026-07-10 07:53:33 | TestSub: S1 | Epoch  5/100 Finsh | Now_lr 0.0005/0.0005 | Train Loss 0.2173 | Valid Loss 0.1757 | Train Acc 91.5302 | Valid Acc 95.3125
2026-07-10 07:53:33 | Validation loss decreased (0.196385 --> 0.175660) in epoch (5). Saving model ...
2026-07-10 07:53:35 | TestSub: S1 | Epoch  6/100 Finsh | Now_lr 0.0005/0.0005 | Train Loss 0.2059 | Valid Loss 0.1732 | Train Acc 92.0259 | Valid Acc 94.9219
2026-07-10 07:53:35 | Validation loss decreased (0.175660 --> 0.173190) in epoch (6). Saving model ...
2026-07-10 07:53:36 | TestSub: S1 | Epoch  7/100 Finsh | Now_lr 0.0005/0.0005 | Train Loss 0.2024 | Valid Loss 0.1396 | Train Acc 91.6379 | Valid Acc 95.8984
2026-07-10 07:53:36 | Validation loss decreased (0.173190 --> 0.139555) in epoch (7). Saving model ...
2026-07-10 07:53:38 | TestSub: S1 | Epoch  8/100 Finsh | Now_lr 0.0005/0.0005 | Train Loss 0.1727 | Valid Loss 0.1278 | Train Acc 93.3621 | Valid Acc 95.8984
2026-07-10 07:53:38 | Validation loss decreased (0.139555 --> 0.127846) in epoch (8). Saving model ...
2026-07-10 07:53:39 | TestSub: S1 | Epoch  9/100 Finsh | Now_lr 0.0005/0.0005 | Train Loss 0.1684 | Valid Loss 0.1161 | Train Acc 93.2112 | Valid Acc 97.6562
2026-07-10 07:53:39 | Validation loss decreased (0.127846 --> 0.116080) in epoch (9). Saving model ...
2026-07-10 07:53:40 | TestSub: S1 | Epoch 10/100 Finsh | Now_lr 0.0005/0.0005 | Train Loss 0.1593 | Valid Loss 0.1139 | Train Acc 94.1379 | Valid Acc 96.2891
2026-07-10 07:53:40 | Validation loss decreased (0.116080 --> 0.113881) in epoch (10). Saving model ...
2026-07-10 07:53:42 | TestSub: S1 | Epoch 11/100 Finsh | Now_lr 0.0005/0.0005 | Train Loss 0.1500 | Valid Loss 0.1278 | Train Acc 94.2457 | Valid Acc 95.5078
2026-07-10 07:53:43 | TestSub: S1 | Epoch 12/100 Finsh | Now_lr 0.0005/0.0005 | Train Loss 0.1539 | Valid Loss 0.1022 | Train Acc 94.0086 | Valid Acc 97.2656
2026-07-10 07:53:43 | Validation loss decreased (0.113881 --> 0.102199) in epoch (12). Saving model ...
2026-07-10 07:53:45 | TestSub: S1 | Epoch 13/100 Finsh | Now_lr 0.0005/0.0005 | Train Loss 0.1524 | Valid Loss 0.1025 | Train Acc 94.0948 | Valid Acc 96.8750
2026-07-10 07:53:46 | TestSub: S1 | Epoch 14/100 Finsh | Now_lr 0.0005/0.0005 | Train Loss 0.1260 | Valid Loss 0.1103 | Train Acc 95.4526 | Valid Acc 95.5078
2026-07-10 07:53:48 | TestSub: S1 | Epoch 15/100 Finsh | Now_lr 0.0005/0.0005 | Train Loss 0.1380 | Valid Loss 0.0962 | Train Acc 94.6336 | Valid Acc 97.4609
2026-07-10 07:53:48 | Validation loss decreased (0.102199 --> 0.096171) in epoch (15). Saving model ...
2026-07-10 07:53:49 | TestSub: S1 | Epoch 16/100 Finsh | Now_lr 0.0005/0.0005 | Train Loss 0.1425 | Valid Loss 0.0913 | Train Acc 94.3750 | Valid Acc 97.4609
2026-07-10 07:53:49 | Validation loss decreased (0.096171 --> 0.091275) in epoch (16). Saving model ...
2026-07-10 07:53:50 | TestSub: S1 | Epoch 17/100 Finsh | Now_lr 0.0005/0.0005 | Train Loss 0.1247 | Valid Loss 0.0811 | Train Acc 95.3448 | Valid Acc 97.8516
2026-07-10 07:53:50 | Validation loss decreased (0.091275 --> 0.081062) in epoch (17). Saving model ...
2026-07-10 07:53:52 | TestSub: S1 | Epoch 18/100 Finsh | Now_lr 0.0005/0.0005 | Train Loss 0.1305 | Valid Loss 0.0769 | Train Acc 94.7845 | Valid Acc 98.0469
2026-07-10 07:53:52 | Validation loss decreased (0.081062 --> 0.076874) in epoch (18). Saving model ...
2026-07-10 07:53:53 | TestSub: S1 | Epoch 19/100 Finsh | Now_lr 0.0005/0.0005 | Train Loss 0.1312 | Valid Loss 0.0893 | Train Acc 94.8707 | Valid Acc 96.6797
2026-07-10 07:53:54 | TestSub: S1 | Epoch 20/100 Finsh | Now_lr 0.0005/0.0005 | Train Loss 0.1241 | Valid Loss 0.0792 | Train Acc 95.2802 | Valid Acc 97.2656
2026-07-10 07:53:56 | TestSub: S1 | Epoch 21/100 Finsh | Now_lr 0.0005/0.0005 | Train Loss 0.1263 | Valid Loss 0.0845 | Train Acc 94.6336 | Valid Acc 96.8750
2026-07-10 07:53:57 | TestSub: S1 | Epoch 22/100 Finsh | Now_lr 0.0005/0.0005 | Train Loss 0.1175 | Valid Loss 0.0871 | Train Acc 95.5819 | Valid Acc 97.6562
2026-07-10 07:53:58 | TestSub: S1 | Epoch 23/100 Finsh | Now_lr 0.0005/0.0005 | Train Loss 0.1384 | Valid Loss 0.0735 | Train Acc 94.2672 | Valid Acc 97.6562
2026-07-10 07:53:58 | Validation loss decreased (0.076874 --> 0.073520) in epoch (23). Saving model ...
2026-07-10 07:54:00 | TestSub: S1 | Epoch 24/100 Finsh | Now_lr 0.0005/0.0005 | Train Loss 0.1286 | Valid Loss 0.0735 | Train Acc 94.6552 | Valid Acc 97.6562
2026-07-10 07:54:01 | TestSub: S1 | Epoch 25/100 Finsh | Now_lr 0.0005/0.0005 | Train Loss 0.1241 | Valid Loss 0.0850 | Train Acc 95.0216 | Valid Acc 97.0703
2026-07-10 07:54:03 | TestSub: S1 | Epoch 26/100 Finsh | Now_lr 0.0005/0.0005 | Train Loss 0.0987 | Valid Loss 0.0671 | Train Acc 96.5302 | Valid Acc 98.2422
2026-07-10 07:54:03 | Validation loss decreased (0.073520 --> 0.067114) in epoch (26). Saving model ...
2026-07-10 07:54:04 | TestSub: S1 | Epoch 27/100 Finsh | Now_lr 0.0005/0.0005 | Train Loss 0.1087 | Valid Loss 0.0702 | Train Acc 95.5388 | Valid Acc 98.2422
2026-07-10 07:54:05 | TestSub: S1 | Epoch 28/100 Finsh | Now_lr 0.0005/0.0005 | Train Loss 0.1082 | Valid Loss 0.0789 | Train Acc 95.7543 | Valid Acc 97.2656
2026-07-10 07:54:07 | TestSub: S1 | Epoch 29/100 Finsh | Now_lr 0.0005/0.0005 | Train Loss 0.1125 | Valid Loss 0.0707 | Train Acc 95.7543 | Valid Acc 97.4609
2026-07-10 07:54:08 | TestSub: S1 | Epoch 30/100 Finsh | Now_lr 0.0005/0.0005 | Train Loss 0.1191 | Valid Loss 0.0658 | Train Acc 95.3879 | Valid Acc 97.2656
2026-07-10 07:54:08 | Validation loss decreased (0.067114 --> 0.065841) in epoch (30). Saving model ...
2026-07-10 07:54:09 | TestSub: S1 | Epoch 31/100 Finsh | Now_lr 0.0005/0.0005 | Train Loss 0.1150 | Valid Loss 0.0780 | Train Acc 95.3233 | Valid Acc 96.6797
2026-07-10 07:54:11 | TestSub: S1 | Epoch 32/100 Finsh | Now_lr 0.0005/0.0005 | Train Loss 0.1078 | Valid Loss 0.1014 | Train Acc 95.8836 | Valid Acc 95.8984
2026-07-10 07:54:12 | TestSub: S1 | Epoch 33/100 Finsh | Now_lr 0.0005/0.0005 | Train Loss 0.1100 | Valid Loss 0.0622 | Train Acc 95.7112 | Valid Acc 98.2422
2026-07-10 07:54:12 | Validation loss decreased (0.065841 --> 0.062224) in epoch (33). Saving model ...
2026-07-10 07:54:14 | TestSub: S1 | Epoch 34/100 Finsh | Now_lr 0.0005/0.0005 | Train Loss 0.1023 | Valid Loss 0.0807 | Train Acc 96.0776 | Valid Acc 96.4844
2026-07-10 07:54:15 | TestSub: S1 | Epoch 35/100 Finsh | Now_lr 0.0005/0.0005 | Train Loss 0.1023 | Valid Loss 0.0612 | Train Acc 96.3362 | Valid Acc 98.2422
2026-07-10 07:54:15 | Validation loss decreased (0.062224 --> 0.061248) in epoch (35). Saving model ...
2026-07-10 07:54:16 | TestSub: S1 | Epoch 36/100 Finsh | Now_lr 0.0005/0.0005 | Train Loss 0.0999 | Valid Loss 0.0563 | Train Acc 96.1422 | Valid Acc 98.6328
2026-07-10 07:54:16 | Validation loss decreased (0.061248 --> 0.056265) in epoch (36). Saving model ...
2026-07-10 07:54:18 | TestSub: S1 | Epoch 37/100 Finsh | Now_lr 0.0005/0.0005 | Train Loss 0.0993 | Valid Loss 0.0922 | Train Acc 96.0776 | Valid Acc 96.6797
2026-07-10 07:54:19 | TestSub: S1 | Epoch 38/100 Finsh | Now_lr 0.0005/0.0005 | Train Loss 0.1048 | Valid Loss 0.0624 | Train Acc 95.8621 | Valid Acc 97.6562
2026-07-10 07:54:20 | TestSub: S1 | Epoch 39/100 Finsh | Now_lr 0.0005/0.0005 | Train Loss 0.1222 | Valid Loss 0.0938 | Train Acc 94.9569 | Valid Acc 95.7031
2026-07-10 07:54:22 | TestSub: S1 | Epoch 40/100 Finsh | Now_lr 0.0005/0.0005 | Train Loss 0.0909 | Valid Loss 0.0606 | Train Acc 96.7672 | Valid Acc 98.0469
2026-07-10 07:54:23 | TestSub: S1 | Epoch 41/100 Finsh | Now_lr 0.0005/0.0005 | Train Loss 0.1002 | Valid Loss 0.0990 | Train Acc 96.0560 | Valid Acc 95.5078
2026-07-10 07:54:24 | TestSub: S1 | Epoch 42/100 Finsh | Now_lr 0.0005/0.0005 | Train Loss 0.1084 | Valid Loss 0.0633 | Train Acc 95.7974 | Valid Acc 97.6562
2026-07-10 07:54:26 | TestSub: S1 | Epoch 43/100 Finsh | Now_lr 0.0005/0.0005 | Train Loss 0.1031 | Valid Loss 0.0666 | Train Acc 96.0560 | Valid Acc 97.6562
2026-07-10 07:54:27 | TestSub: S1 | Epoch 44/100 Finsh | Now_lr 0.0005/0.0005 | Train Loss 0.1053 | Valid Loss 0.0517 | Train Acc 96.0345 | Valid Acc 98.6328
2026-07-10 07:54:27 | Validation loss decreased (0.056265 --> 0.051695) in epoch (44). Saving model ...
2026-07-10 07:54:28 | TestSub: S1 | Epoch 45/100 Finsh | Now_lr 0.0005/0.0005 | Train Loss 0.1050 | Valid Loss 0.0766 | Train Acc 96.0345 | Valid Acc 96.6797
2026-07-10 07:54:30 | TestSub: S1 | Epoch 46/100 Finsh | Now_lr 0.0005/0.0005 | Train Loss 0.1045 | Valid Loss 0.0550 | Train Acc 95.6466 | Valid Acc 98.6328
2026-07-10 07:54:31 | TestSub: S1 | Epoch 47/100 Finsh | Now_lr 0.0005/0.0005 | Train Loss 0.0957 | Valid Loss 0.1056 | Train Acc 96.2716 | Valid Acc 93.7500
2026-07-10 07:54:32 | TestSub: S1 | Epoch 48/100 Finsh | Now_lr 0.0005/0.0005 | Train Loss 0.1001 | Valid Loss 0.0542 | Train Acc 96.1853 | Valid Acc 98.8281
2026-07-10 07:54:34 | TestSub: S1 | Epoch 49/100 Finsh | Now_lr 0.0005/0.0005 | Train Loss 0.1150 | Valid Loss 0.0933 | Train Acc 95.2371 | Valid Acc 94.7266
2026-07-10 07:54:35 | TestSub: S1 | Epoch 50/100 Finsh | Now_lr 0.0005/0.0005 | Train Loss 0.0933 | Valid Loss 0.0589 | Train Acc 96.4871 | Valid Acc 98.0469
2026-07-10 07:54:36 | TestSub: S1 | Epoch 51/100 Finsh | Now_lr 0.0005/0.0005 | Train Loss 0.0927 | Valid Loss 0.0708 | Train Acc 96.2284 | Valid Acc 97.2656
2026-07-10 07:54:38 | TestSub: S1 | Epoch 52/100 Finsh | Now_lr 0.0005/0.0005 | Train Loss 0.1101 | Valid Loss 0.0558 | Train Acc 95.4526 | Valid Acc 98.6328
2026-07-10 07:54:39 | TestSub: S1 | Epoch 53/100 Finsh | Now_lr 0.0005/0.0005 | Train Loss 0.0926 | Valid Loss 0.0542 | Train Acc 96.4009 | Valid Acc 98.2422
2026-07-10 07:54:40 | TestSub: S1 | Epoch 54/100 Finsh | Now_lr 0.0005/0.0005 | Train Loss 0.0922 | Valid Loss 0.0812 | Train Acc 96.5302 | Valid Acc 96.4844
2026-07-10 07:54:42 | TestSub: S1 | Epoch 55/100 Finsh | Now_lr 0.0005/0.0005 | Train Loss 0.0861 | Valid Loss 0.0545 | Train Acc 96.5948 | Valid Acc 98.0469
2026-07-10 07:54:43 | TestSub: S1 | Epoch 56/100 Finsh | Now_lr 0.0005/0.0005 | Train Loss 0.0813 | Valid Loss 0.0494 | Train Acc 96.8534 | Valid Acc 98.2422
2026-07-10 07:54:43 | Validation loss decreased (0.051695 --> 0.049352) in epoch (56). Saving model ...
2026-07-10 07:54:44 | TestSub: S1 | Epoch 57/100 Finsh | Now_lr 0.0005/0.0005 | Train Loss 0.0976 | Valid Loss 0.0584 | Train Acc 95.7759 | Valid Acc 98.2422
2026-07-10 07:54:46 | TestSub: S1 | Epoch 58/100 Finsh | Now_lr 0.0005/0.0005 | Train Loss 0.0912 | Valid Loss 0.0536 | Train Acc 96.4009 | Valid Acc 97.8516
2026-07-10 07:54:47 | TestSub: S1 | Epoch 59/100 Finsh | Now_lr 0.0005/0.0005 | Train Loss 0.0943 | Valid Loss 0.0741 | Train Acc 96.4009 | Valid Acc 96.2891
2026-07-10 07:54:48 | TestSub: S1 | Epoch 60/100 Finsh | Now_lr 0.0005/0.0005 | Train Loss 0.0784 | Valid Loss 0.0571 | Train Acc 96.7241 | Valid Acc 98.0469
2026-07-10 07:54:50 | TestSub: S1 | Epoch 61/100 Finsh | Now_lr 0.0005/0.0005 | Train Loss 0.1009 | Valid Loss 0.0590 | Train Acc 96.0776 | Valid Acc 97.4609
2026-07-10 07:54:51 | TestSub: S1 | Epoch 62/100 Finsh | Now_lr 0.0005/0.0005 | Train Loss 0.0799 | Valid Loss 0.0578 | Train Acc 96.9181 | Valid Acc 98.4375
2026-07-10 07:54:52 | TestSub: S1 | Epoch 63/100 Finsh | Now_lr 0.0005/0.0005 | Train Loss 0.0855 | Valid Loss 0.0487 | Train Acc 96.8103 | Valid Acc 99.0234
2026-07-10 07:54:52 | Validation loss decreased (0.049352 --> 0.048744) in epoch (63). Saving model ...
2026-07-10 07:54:54 | TestSub: S1 | Epoch 64/100 Finsh | Now_lr 0.0005/0.0005 | Train Loss 0.0887 | Valid Loss 0.0520 | Train Acc 96.4440 | Valid Acc 98.2422
2026-07-10 07:54:55 | TestSub: S1 | Epoch 65/100 Finsh | Now_lr 0.0005/0.0005 | Train Loss 0.0833 | Valid Loss 0.0504 | Train Acc 96.8534 | Valid Acc 98.6328
2026-07-10 07:54:56 | TestSub: S1 | Epoch 66/100 Finsh | Now_lr 0.0005/0.0005 | Train Loss 0.0854 | Valid Loss 0.0493 | Train Acc 96.5948 | Valid Acc 98.4375
2026-07-10 07:54:58 | TestSub: S1 | Epoch 67/100 Finsh | Now_lr 0.0005/0.0005 | Train Loss 0.0805 | Valid Loss 0.0500 | Train Acc 97.0905 | Valid Acc 98.2422
2026-07-10 07:54:59 | TestSub: S1 | Epoch 68/100 Finsh | Now_lr 0.0005/0.0005 | Train Loss 0.0848 | Valid Loss 0.0444 | Train Acc 96.6379 | Valid Acc 99.0234
2026-07-10 07:54:59 | Validation loss decreased (0.048744 --> 0.044377) in epoch (68). Saving model ...
2026-07-10 07:55:00 | TestSub: S1 | Epoch 69/100 Finsh | Now_lr 0.0005/0.0005 | Train Loss 0.0846 | Valid Loss 0.0525 | Train Acc 96.6595 | Valid Acc 98.2422
2026-07-10 07:55:02 | TestSub: S1 | Epoch 70/100 Finsh | Now_lr 0.0005/0.0005 | Train Loss 0.0912 | Valid Loss 0.0475 | Train Acc 96.4440 | Valid Acc 98.0469
2026-07-10 07:55:03 | TestSub: S1 | Epoch 71/100 Finsh | Now_lr 0.0005/0.0005 | Train Loss 0.0807 | Valid Loss 0.0670 | Train Acc 96.5733 | Valid Acc 97.6562
2026-07-10 07:55:04 | TestSub: S1 | Epoch 72/100 Finsh | Now_lr 0.0005/0.0005 | Train Loss 0.0907 | Valid Loss 0.0750 | Train Acc 96.2931 | Valid Acc 96.6797
2026-07-10 07:55:06 | TestSub: S1 | Epoch 73/100 Finsh | Now_lr 0.0005/0.0005 | Train Loss 0.0873 | Valid Loss 0.0401 | Train Acc 96.3793 | Valid Acc 99.4141
2026-07-10 07:55:06 | Validation loss decreased (0.044377 --> 0.040150) in epoch (73). Saving model ...
2026-07-10 07:55:07 | TestSub: S1 | Epoch 74/100 Finsh | Now_lr 0.0005/0.0005 | Train Loss 0.0876 | Valid Loss 0.0445 | Train Acc 96.7457 | Valid Acc 99.6094
2026-07-10 07:55:09 | TestSub: S1 | Epoch 75/100 Finsh | Now_lr 0.0005/0.0005 | Train Loss 0.0813 | Valid Loss 0.0421 | Train Acc 97.1336 | Valid Acc 98.8281
2026-07-10 07:55:10 | TestSub: S1 | Epoch 76/100 Finsh | Now_lr 0.0005/0.0005 | Train Loss 0.0853 | Valid Loss 0.0448 | Train Acc 96.9397 | Valid Acc 98.8281
2026-07-10 07:55:11 | TestSub: S1 | Epoch 77/100 Finsh | Now_lr 0.0005/0.0005 | Train Loss 0.0929 | Valid Loss 0.0468 | Train Acc 96.3578 | Valid Acc 98.6328
2026-07-10 07:55:13 | TestSub: S1 | Epoch 78/100 Finsh | Now_lr 0.0005/0.0005 | Train Loss 0.0772 | Valid Loss 0.0469 | Train Acc 97.0259 | Valid Acc 98.4375
2026-07-10 07:55:14 | TestSub: S1 | Epoch 79/100 Finsh | Now_lr 0.0005/0.0005 | Train Loss 0.0811 | Valid Loss 0.0470 | Train Acc 96.8534 | Valid Acc 98.6328
2026-07-10 07:55:15 | TestSub: S1 | Epoch 80/100 Finsh | Now_lr 0.0005/0.0005 | Train Loss 0.0875 | Valid Loss 0.0444 | Train Acc 96.7026 | Valid Acc 99.2188
2026-07-10 07:55:16 | TestSub: S1 | Epoch 81/100 Finsh | Now_lr 0.0005/0.0005 | Train Loss 0.0779 | Valid Loss 0.0663 | Train Acc 97.0043 | Valid Acc 97.0703
2026-07-10 07:55:18 | TestSub: S1 | Epoch 82/100 Finsh | Now_lr 0.0005/0.0005 | Train Loss 0.0764 | Valid Loss 0.0521 | Train Acc 97.0905 | Valid Acc 97.8516
2026-07-10 07:55:19 | TestSub: S1 | Epoch 83/100 Finsh | Now_lr 0.0005/0.0005 | Train Loss 0.0800 | Valid Loss 0.0533 | Train Acc 96.8319 | Valid Acc 98.6328
2026-07-10 07:55:20 | TestSub: S1 | Epoch 84/100 Finsh | Now_lr 0.0005/0.0005 | Train Loss 0.0823 | Valid Loss 0.0404 | Train Acc 96.8319 | Valid Acc 99.0234
2026-07-10 07:55:22 | TestSub: S1 | Epoch 85/100 Finsh | Now_lr 0.0005/0.0005 | Train Loss 0.0828 | Valid Loss 0.0426 | Train Acc 96.7888 | Valid Acc 98.8281
2026-07-10 07:55:23 | TestSub: S1 | Epoch 86/100 Finsh | Now_lr 0.0005/0.0005 | Train Loss 0.0725 | Valid Loss 0.0575 | Train Acc 97.3707 | Valid Acc 97.6562
2026-07-10 07:55:24 | TestSub: S1 | Epoch 87/100 Finsh | Now_lr 0.0005/0.0005 | Train Loss 0.0804 | Valid Loss 0.0463 | Train Acc 96.7026 | Valid Acc 98.0469
2026-07-10 07:55:26 | TestSub: S1 | Epoch 88/100 Finsh | Now_lr 0.0005/0.0005 | Train Loss 0.0849 | Valid Loss 0.0427 | Train Acc 96.9612 | Valid Acc 98.4375
2026-07-10 07:55:27 | TestSub: S1 | Epoch 89/100 Finsh | Now_lr 0.0005/0.0005 | Train Loss 0.0739 | Valid Loss 0.0449 | Train Acc 97.0690 | Valid Acc 99.2188
2026-07-10 07:55:28 | TestSub: S1 | Epoch 90/100 Finsh | Now_lr 0.0005/0.0005 | Train Loss 0.0745 | Valid Loss 0.0497 | Train Acc 97.3491 | Valid Acc 98.8281
2026-07-10 07:55:30 | TestSub: S1 | Epoch 91/100 Finsh | Now_lr 0.0005/0.0005 | Train Loss 0.0660 | Valid Loss 0.0550 | Train Acc 97.3707 | Valid Acc 98.2422
2026-07-10 07:55:31 | TestSub: S1 | Epoch 92/100 Finsh | Now_lr 0.0005/0.0005 | Train Loss 0.0955 | Valid Loss 0.0598 | Train Acc 96.0345 | Valid Acc 98.4375
2026-07-10 07:55:32 | TestSub: S1 | Epoch 93/100 Finsh | Now_lr 0.0005/0.0005 | Train Loss 0.0864 | Valid Loss 0.0487 | Train Acc 96.7888 | Valid Acc 97.8516
2026-07-10 07:55:34 | TestSub: S1 | Epoch 94/100 Finsh | Now_lr 0.0005/0.0005 | Train Loss 0.0704 | Valid Loss 0.0469 | Train Acc 97.2414 | Valid Acc 98.2422
2026-07-10 07:55:34 | Early stopping at epoch 94!
2026-07-10 07:55:34 | --------------------------------------------------
2026-07-10 07:55:34 | Test_Subject :S1 | Best epoch:73 | Test Loss:0.1407 | Savemodel Acc 94.4444
2026-07-10 07:55:34 | --------------------------------------------------
2026-07-10 07:55:34 | Best epoch: 73 | Test acc: 94.4444
