2026-07-10 08:14:31 | Logging started: ./writer/Subject_dependent_AAD/KUL/1.0s/result//Train1.0s_sub10.log
2026-07-10 08:14:35 | Sub_id: 10
2026-07-10 08:14:39 | TestSub: S10 | Epoch  1/100 Finsh | Now_lr 0.0005/0.0005 | Train Loss 0.6605 | Valid Loss 0.5451 | Train Acc 60.1078 | Valid Acc 76.7578
2026-07-10 08:14:39 | Validation loss decreased (inf --> 0.545129) in epoch (1). Saving model ...
2026-07-10 08:14:41 | TestSub: S10 | Epoch  2/100 Finsh | Now_lr 0.0005/0.0005 | Train Loss 0.4274 | Valid Loss 0.3006 | Train Acc 83.4052 | Valid Acc 89.6484
2026-07-10 08:14:41 | Validation loss decreased (0.545129 --> 0.300606) in epoch (2). Saving model ...
2026-07-10 08:14:42 | TestSub: S10 | Epoch  3/100 Finsh | Now_lr 0.0005/0.0005 | Train Loss 0.2849 | Valid Loss 0.2114 | Train Acc 90.0216 | Valid Acc 95.3125
2026-07-10 08:14:42 | Validation loss decreased (0.300606 --> 0.211352) in epoch (3). Saving model ...
2026-07-10 08:14:44 | TestSub: S10 | Epoch  4/100 Finsh | Now_lr 0.0005/0.0005 | Train Loss 0.2309 | Valid Loss 0.1744 | Train Acc 91.6379 | Valid Acc 95.5078
2026-07-10 08:14:44 | Validation loss decreased (0.211352 --> 0.174400) in epoch (4). Saving model ...
2026-07-10 08:14:45 | TestSub: S10 | Epoch  5/100 Finsh | Now_lr 0.0005/0.0005 | Train Loss 0.1989 | Valid Loss 0.1444 | Train Acc 92.5431 | Valid Acc 95.3125
2026-07-10 08:14:45 | Validation loss decreased (0.174400 --> 0.144388) in epoch (5). Saving model ...
2026-07-10 08:14:47 | TestSub: S10 | Epoch  6/100 Finsh | Now_lr 0.0005/0.0005 | Train Loss 0.1737 | Valid Loss 0.1103 | Train Acc 93.2759 | Valid Acc 97.2656
2026-07-10 08:14:47 | Validation loss decreased (0.144388 --> 0.110325) in epoch (6). Saving model ...
2026-07-10 08:14:48 | TestSub: S10 | Epoch  7/100 Finsh | Now_lr 0.0005/0.0005 | Train Loss 0.1678 | Valid Loss 0.1065 | Train Acc 93.4698 | Valid Acc 97.2656
2026-07-10 08:14:48 | Validation loss decreased (0.110325 --> 0.106473) in epoch (7). Saving model ...
2026-07-10 08:14:50 | TestSub: S10 | Epoch  8/100 Finsh | Now_lr 0.0005/0.0005 | Train Loss 0.1393 | Valid Loss 0.1295 | Train Acc 94.5690 | Valid Acc 95.7031
2026-07-10 08:14:51 | TestSub: S10 | Epoch  9/100 Finsh | Now_lr 0.0005/0.0005 | Train Loss 0.1418 | Valid Loss 0.0843 | Train Acc 94.4828 | Valid Acc 97.8516
2026-07-10 08:14:51 | Validation loss decreased (0.106473 --> 0.084290) in epoch (9). Saving model ...
2026-07-10 08:14:52 | TestSub: S10 | Epoch 10/100 Finsh | Now_lr 0.0005/0.0005 | Train Loss 0.1345 | Valid Loss 0.0768 | Train Acc 94.9784 | Valid Acc 97.8516
2026-07-10 08:14:52 | Validation loss decreased (0.084290 --> 0.076781) in epoch (10). Saving model ...
2026-07-10 08:14:54 | TestSub: S10 | Epoch 11/100 Finsh | Now_lr 0.0005/0.0005 | Train Loss 0.1235 | Valid Loss 0.0734 | Train Acc 95.3664 | Valid Acc 97.8516
2026-07-10 08:14:54 | Validation loss decreased (0.076781 --> 0.073422) in epoch (11). Saving model ...
2026-07-10 08:14:55 | TestSub: S10 | Epoch 12/100 Finsh | Now_lr 0.0005/0.0005 | Train Loss 0.1205 | Valid Loss 0.0704 | Train Acc 95.2155 | Valid Acc 98.2422
2026-07-10 08:14:55 | Validation loss decreased (0.073422 --> 0.070380) in epoch (12). Saving model ...
2026-07-10 08:14:57 | TestSub: S10 | Epoch 13/100 Finsh | Now_lr 0.0005/0.0005 | Train Loss 0.1148 | Valid Loss 0.0633 | Train Acc 95.4095 | Valid Acc 98.0469
2026-07-10 08:14:57 | Validation loss decreased (0.070380 --> 0.063290) in epoch (13). Saving model ...
2026-07-10 08:14:59 | TestSub: S10 | Epoch 14/100 Finsh | Now_lr 0.0005/0.0005 | Train Loss 0.1082 | Valid Loss 0.0636 | Train Acc 95.7543 | Valid Acc 98.0469
2026-07-10 08:15:01 | TestSub: S10 | Epoch 15/100 Finsh | Now_lr 0.0005/0.0005 | Train Loss 0.1153 | Valid Loss 0.0626 | Train Acc 95.4095 | Valid Acc 98.4375
2026-07-10 08:15:01 | Validation loss decreased (0.063290 --> 0.062633) in epoch (15). Saving model ...
2026-07-10 08:15:02 | TestSub: S10 | Epoch 16/100 Finsh | Now_lr 0.0005/0.0005 | Train Loss 0.1068 | Valid Loss 0.0541 | Train Acc 95.7112 | Valid Acc 98.6328
2026-07-10 08:15:02 | Validation loss decreased (0.062633 --> 0.054140) in epoch (16). Saving model ...
2026-07-10 08:15:03 | TestSub: S10 | Epoch 17/100 Finsh | Now_lr 0.0005/0.0005 | Train Loss 0.0978 | Valid Loss 0.0598 | Train Acc 96.2284 | Valid Acc 98.2422
2026-07-10 08:15:05 | TestSub: S10 | Epoch 18/100 Finsh | Now_lr 0.0005/0.0005 | Train Loss 0.0913 | Valid Loss 0.0551 | Train Acc 96.6810 | Valid Acc 98.6328
2026-07-10 08:15:06 | TestSub: S10 | Epoch 19/100 Finsh | Now_lr 0.0005/0.0005 | Train Loss 0.1045 | Valid Loss 0.0544 | Train Acc 95.7974 | Valid Acc 98.2422
2026-07-10 08:15:07 | TestSub: S10 | Epoch 20/100 Finsh | Now_lr 0.0005/0.0005 | Train Loss 0.0999 | Valid Loss 0.0629 | Train Acc 96.2500 | Valid Acc 97.0703
2026-07-10 08:15:09 | TestSub: S10 | Epoch 21/100 Finsh | Now_lr 0.0005/0.0005 | Train Loss 0.0965 | Valid Loss 0.0515 | Train Acc 96.1638 | Valid Acc 98.4375
2026-07-10 08:15:09 | Validation loss decreased (0.054140 --> 0.051512) in epoch (21). Saving model ...
2026-07-10 08:15:10 | TestSub: S10 | Epoch 22/100 Finsh | Now_lr 0.0005/0.0005 | Train Loss 0.0905 | Valid Loss 0.0502 | Train Acc 96.6810 | Valid Acc 99.0234
2026-07-10 08:15:10 | Validation loss decreased (0.051512 --> 0.050236) in epoch (22). Saving model ...
2026-07-10 08:15:11 | TestSub: S10 | Epoch 23/100 Finsh | Now_lr 0.0005/0.0005 | Train Loss 0.0955 | Valid Loss 0.0400 | Train Acc 96.3147 | Valid Acc 99.0234
2026-07-10 08:15:12 | Validation loss decreased (0.050236 --> 0.039997) in epoch (23). Saving model ...
2026-07-10 08:15:13 | TestSub: S10 | Epoch 24/100 Finsh | Now_lr 0.0005/0.0005 | Train Loss 0.0972 | Valid Loss 0.0540 | Train Acc 96.0560 | Valid Acc 98.0469
2026-07-10 08:15:14 | TestSub: S10 | Epoch 25/100 Finsh | Now_lr 0.0005/0.0005 | Train Loss 0.0878 | Valid Loss 0.0472 | Train Acc 96.7457 | Valid Acc 98.4375
2026-07-10 08:15:16 | TestSub: S10 | Epoch 26/100 Finsh | Now_lr 0.0005/0.0005 | Train Loss 0.0928 | Valid Loss 0.0435 | Train Acc 96.3147 | Valid Acc 98.8281
2026-07-10 08:15:17 | TestSub: S10 | Epoch 27/100 Finsh | Now_lr 0.0005/0.0005 | Train Loss 0.0905 | Valid Loss 0.0555 | Train Acc 96.3793 | Valid Acc 97.8516
2026-07-10 08:15:18 | TestSub: S10 | Epoch 28/100 Finsh | Now_lr 0.0005/0.0005 | Train Loss 0.0836 | Valid Loss 0.0367 | Train Acc 96.5948 | Valid Acc 99.2188
2026-07-10 08:15:18 | Validation loss decreased (0.039997 --> 0.036691) in epoch (28). Saving model ...
2026-07-10 08:15:19 | TestSub: S10 | Epoch 29/100 Finsh | Now_lr 0.0005/0.0005 | Train Loss 0.0808 | Valid Loss 0.0346 | Train Acc 96.8534 | Valid Acc 99.0234
2026-07-10 08:15:19 | Validation loss decreased (0.036691 --> 0.034596) in epoch (29). Saving model ...
2026-07-10 08:15:21 | TestSub: S10 | Epoch 30/100 Finsh | Now_lr 0.0005/0.0005 | Train Loss 0.0859 | Valid Loss 0.0312 | Train Acc 96.6810 | Valid Acc 99.6094
2026-07-10 08:15:21 | Validation loss decreased (0.034596 --> 0.031235) in epoch (30). Saving model ...
2026-07-10 08:15:22 | TestSub: S10 | Epoch 31/100 Finsh | Now_lr 0.0005/0.0005 | Train Loss 0.0832 | Valid Loss 0.0669 | Train Acc 96.7672 | Valid Acc 96.2891
2026-07-10 08:15:23 | TestSub: S10 | Epoch 32/100 Finsh | Now_lr 0.0005/0.0005 | Train Loss 0.0649 | Valid Loss 0.0421 | Train Acc 97.7586 | Valid Acc 98.8281
2026-07-10 08:15:25 | TestSub: S10 | Epoch 33/100 Finsh | Now_lr 0.0005/0.0005 | Train Loss 0.0811 | Valid Loss 0.0303 | Train Acc 96.7241 | Valid Acc 99.4141
2026-07-10 08:15:25 | Validation loss decreased (0.031235 --> 0.030336) in epoch (33). Saving model ...
2026-07-10 08:15:26 | TestSub: S10 | Epoch 34/100 Finsh | Now_lr 0.0005/0.0005 | Train Loss 0.0750 | Valid Loss 0.0394 | Train Acc 97.2629 | Valid Acc 98.8281
2026-07-10 08:15:27 | TestSub: S10 | Epoch 35/100 Finsh | Now_lr 0.0005/0.0005 | Train Loss 0.0724 | Valid Loss 0.0374 | Train Acc 97.1983 | Valid Acc 99.0234
2026-07-10 08:15:29 | TestSub: S10 | Epoch 36/100 Finsh | Now_lr 0.0005/0.0005 | Train Loss 0.0707 | Valid Loss 0.0329 | Train Acc 97.2845 | Valid Acc 99.6094
2026-07-10 08:15:30 | TestSub: S10 | Epoch 37/100 Finsh | Now_lr 0.0005/0.0005 | Train Loss 0.0720 | Valid Loss 0.0425 | Train Acc 97.3060 | Valid Acc 98.4375
2026-07-10 08:15:31 | TestSub: S10 | Epoch 38/100 Finsh | Now_lr 0.0005/0.0005 | Train Loss 0.0618 | Valid Loss 0.0439 | Train Acc 97.7802 | Valid Acc 98.2422
2026-07-10 08:15:33 | TestSub: S10 | Epoch 39/100 Finsh | Now_lr 0.0005/0.0005 | Train Loss 0.0789 | Valid Loss 0.0295 | Train Acc 96.9397 | Valid Acc 99.4141
2026-07-10 08:15:33 | Validation loss decreased (0.030336 --> 0.029511) in epoch (39). Saving model ...
2026-07-10 08:15:34 | TestSub: S10 | Epoch 40/100 Finsh | Now_lr 0.0005/0.0005 | Train Loss 0.0711 | Valid Loss 0.0273 | Train Acc 97.1552 | Valid Acc 99.2188
2026-07-10 08:15:34 | Validation loss decreased (0.029511 --> 0.027299) in epoch (40). Saving model ...
2026-07-10 08:15:35 | TestSub: S10 | Epoch 41/100 Finsh | Now_lr 0.0005/0.0005 | Train Loss 0.0675 | Valid Loss 0.0344 | Train Acc 97.3491 | Valid Acc 98.6328
2026-07-10 08:15:37 | TestSub: S10 | Epoch 42/100 Finsh | Now_lr 0.0005/0.0005 | Train Loss 0.0865 | Valid Loss 0.0459 | Train Acc 96.6164 | Valid Acc 98.8281
2026-07-10 08:15:38 | TestSub: S10 | Epoch 43/100 Finsh | Now_lr 0.0005/0.0005 | Train Loss 0.0685 | Valid Loss 0.0503 | Train Acc 97.4138 | Valid Acc 98.4375
2026-07-10 08:15:39 | TestSub: S10 | Epoch 44/100 Finsh | Now_lr 0.0005/0.0005 | Train Loss 0.0659 | Valid Loss 0.0414 | Train Acc 97.4353 | Valid Acc 99.0234
2026-07-10 08:15:40 | TestSub: S10 | Epoch 45/100 Finsh | Now_lr 0.0005/0.0005 | Train Loss 0.0684 | Valid Loss 0.0411 | Train Acc 97.2629 | Valid Acc 98.6328
2026-07-10 08:15:42 | TestSub: S10 | Epoch 46/100 Finsh | Now_lr 0.0005/0.0005 | Train Loss 0.0610 | Valid Loss 0.0283 | Train Acc 97.9741 | Valid Acc 99.6094
2026-07-10 08:15:43 | TestSub: S10 | Epoch 47/100 Finsh | Now_lr 0.0005/0.0005 | Train Loss 0.0639 | Valid Loss 0.0310 | Train Acc 97.5862 | Valid Acc 98.8281
2026-07-10 08:15:44 | TestSub: S10 | Epoch 48/100 Finsh | Now_lr 0.0005/0.0005 | Train Loss 0.0763 | Valid Loss 0.0283 | Train Acc 96.8534 | Valid Acc 99.2188
2026-07-10 08:15:46 | TestSub: S10 | Epoch 49/100 Finsh | Now_lr 0.0005/0.0005 | Train Loss 0.0674 | Valid Loss 0.0527 | Train Acc 97.5647 | Valid Acc 97.8516
2026-07-10 08:15:47 | TestSub: S10 | Epoch 50/100 Finsh | Now_lr 0.0005/0.0005 | Train Loss 0.0543 | Valid Loss 0.0334 | Train Acc 98.0172 | Valid Acc 98.6328
2026-07-10 08:15:48 | TestSub: S10 | Epoch 51/100 Finsh | Now_lr 0.0005/0.0005 | Train Loss 0.0640 | Valid Loss 0.0293 | Train Acc 97.7802 | Valid Acc 99.6094
2026-07-10 08:15:50 | TestSub: S10 | Epoch 52/100 Finsh | Now_lr 0.0005/0.0005 | Train Loss 0.0663 | Valid Loss 0.0273 | Train Acc 97.4569 | Valid Acc 99.0234
2026-07-10 08:15:50 | Validation loss decreased (0.027299 --> 0.027294) in epoch (52). Saving model ...
2026-07-10 08:15:51 | TestSub: S10 | Epoch 53/100 Finsh | Now_lr 0.0005/0.0005 | Train Loss 0.0635 | Valid Loss 0.0251 | Train Acc 97.4569 | Valid Acc 99.6094
2026-07-10 08:15:51 | Validation loss decreased (0.027294 --> 0.025117) in epoch (53). Saving model ...
2026-07-10 08:15:52 | TestSub: S10 | Epoch 54/100 Finsh | Now_lr 0.0005/0.0005 | Train Loss 0.0583 | Valid Loss 0.0273 | Train Acc 97.6293 | Valid Acc 99.6094
2026-07-10 08:15:54 | TestSub: S10 | Epoch 55/100 Finsh | Now_lr 0.0005/0.0005 | Train Loss 0.0680 | Valid Loss 0.0258 | Train Acc 97.1983 | Valid Acc 99.6094
2026-07-10 08:15:55 | TestSub: S10 | Epoch 56/100 Finsh | Now_lr 0.0005/0.0005 | Train Loss 0.0605 | Valid Loss 0.0246 | Train Acc 97.8448 | Valid Acc 99.4141
2026-07-10 08:15:55 | Validation loss decreased (0.025117 --> 0.024577) in epoch (56). Saving model ...
2026-07-10 08:15:56 | TestSub: S10 | Epoch 57/100 Finsh | Now_lr 0.0005/0.0005 | Train Loss 0.0603 | Valid Loss 0.0336 | Train Acc 97.8233 | Valid Acc 99.0234
2026-07-10 08:15:57 | TestSub: S10 | Epoch 58/100 Finsh | Now_lr 0.0005/0.0005 | Train Loss 0.0571 | Valid Loss 0.0260 | Train Acc 98.1681 | Valid Acc 99.4141
2026-07-10 08:15:59 | TestSub: S10 | Epoch 59/100 Finsh | Now_lr 0.0005/0.0005 | Train Loss 0.0697 | Valid Loss 0.0285 | Train Acc 97.2629 | Valid Acc 98.8281
2026-07-10 08:16:00 | TestSub: S10 | Epoch 60/100 Finsh | Now_lr 0.0005/0.0005 | Train Loss 0.0539 | Valid Loss 0.0288 | Train Acc 97.9310 | Valid Acc 99.2188
2026-07-10 08:16:01 | TestSub: S10 | Epoch 61/100 Finsh | Now_lr 0.0005/0.0005 | Train Loss 0.0557 | Valid Loss 0.0293 | Train Acc 97.8233 | Valid Acc 99.2188
2026-07-10 08:16:03 | TestSub: S10 | Epoch 62/100 Finsh | Now_lr 0.0005/0.0005 | Train Loss 0.0562 | Valid Loss 0.0282 | Train Acc 97.8664 | Valid Acc 99.2188
2026-07-10 08:16:04 | TestSub: S10 | Epoch 63/100 Finsh | Now_lr 0.0005/0.0005 | Train Loss 0.0519 | Valid Loss 0.0269 | Train Acc 98.0603 | Valid Acc 99.2188
2026-07-10 08:16:05 | TestSub: S10 | Epoch 64/100 Finsh | Now_lr 0.0005/0.0005 | Train Loss 0.0505 | Valid Loss 0.0304 | Train Acc 98.1250 | Valid Acc 99.0234
2026-07-10 08:16:07 | TestSub: S10 | Epoch 65/100 Finsh | Now_lr 0.0005/0.0005 | Train Loss 0.0516 | Valid Loss 0.0251 | Train Acc 98.2974 | Valid Acc 99.2188
2026-07-10 08:16:08 | TestSub: S10 | Epoch 66/100 Finsh | Now_lr 0.0005/0.0005 | Train Loss 0.0607 | Valid Loss 0.0378 | Train Acc 97.7155 | Valid Acc 98.6328
2026-07-10 08:16:09 | TestSub: S10 | Epoch 67/100 Finsh | Now_lr 0.0005/0.0005 | Train Loss 0.0547 | Valid Loss 0.0355 | Train Acc 97.8017 | Valid Acc 98.6328
2026-07-10 08:16:11 | TestSub: S10 | Epoch 68/100 Finsh | Now_lr 0.0005/0.0005 | Train Loss 0.0676 | Valid Loss 0.0276 | Train Acc 97.1767 | Valid Acc 99.4141
2026-07-10 08:16:12 | TestSub: S10 | Epoch 69/100 Finsh | Now_lr 0.0005/0.0005 | Train Loss 0.0515 | Valid Loss 0.0241 | Train Acc 98.0172 | Valid Acc 99.0234
2026-07-10 08:16:12 | Validation loss decreased (0.024577 --> 0.024057) in epoch (69). Saving model ...
2026-07-10 08:16:13 | TestSub: S10 | Epoch 70/100 Finsh | Now_lr 0.0005/0.0005 | Train Loss 0.0493 | Valid Loss 0.0267 | Train Acc 98.2974 | Valid Acc 99.0234
2026-07-10 08:16:14 | TestSub: S10 | Epoch 71/100 Finsh | Now_lr 0.0005/0.0005 | Train Loss 0.0472 | Valid Loss 0.0273 | Train Acc 98.2328 | Valid Acc 99.2188
2026-07-10 08:16:16 | TestSub: S10 | Epoch 72/100 Finsh | Now_lr 0.0005/0.0005 | Train Loss 0.0455 | Valid Loss 0.0233 | Train Acc 98.3621 | Valid Acc 99.2188
2026-07-10 08:16:16 | Validation loss decreased (0.024057 --> 0.023338) in epoch (72). Saving model ...
2026-07-10 08:16:17 | TestSub: S10 | Epoch 73/100 Finsh | Now_lr 0.0005/0.0005 | Train Loss 0.0449 | Valid Loss 0.0369 | Train Acc 98.3836 | Valid Acc 99.0234
2026-07-10 08:16:18 | TestSub: S10 | Epoch 74/100 Finsh | Now_lr 0.0005/0.0005 | Train Loss 0.0557 | Valid Loss 0.0472 | Train Acc 98.0388 | Valid Acc 98.0469
2026-07-10 08:16:20 | TestSub: S10 | Epoch 75/100 Finsh | Now_lr 0.0005/0.0005 | Train Loss 0.0495 | Valid Loss 0.0215 | Train Acc 98.0603 | Valid Acc 99.6094
2026-07-10 08:16:20 | Validation loss decreased (0.023338 --> 0.021484) in epoch (75). Saving model ...
2026-07-10 08:16:21 | TestSub: S10 | Epoch 76/100 Finsh | Now_lr 0.0005/0.0005 | Train Loss 0.0458 | Valid Loss 0.0383 | Train Acc 98.4483 | Valid Acc 98.2422
2026-07-10 08:16:22 | TestSub: S10 | Epoch 77/100 Finsh | Now_lr 0.0005/0.0005 | Train Loss 0.0522 | Valid Loss 0.0256 | Train Acc 98.0172 | Valid Acc 99.2188
2026-07-10 08:16:24 | TestSub: S10 | Epoch 78/100 Finsh | Now_lr 0.0005/0.0005 | Train Loss 0.0460 | Valid Loss 0.0168 | Train Acc 98.2759 | Valid Acc 99.6094
2026-07-10 08:16:24 | Validation loss decreased (0.021484 --> 0.016778) in epoch (78). Saving model ...
2026-07-10 08:16:25 | TestSub: S10 | Epoch 79/100 Finsh | Now_lr 0.0005/0.0005 | Train Loss 0.0462 | Valid Loss 0.0279 | Train Acc 98.4267 | Valid Acc 98.8281
2026-07-10 08:16:26 | TestSub: S10 | Epoch 80/100 Finsh | Now_lr 0.0005/0.0005 | Train Loss 0.0486 | Valid Loss 0.0335 | Train Acc 98.0603 | Valid Acc 99.2188
2026-07-10 08:16:28 | TestSub: S10 | Epoch 81/100 Finsh | Now_lr 0.0005/0.0005 | Train Loss 0.0455 | Valid Loss 0.0253 | Train Acc 98.3190 | Valid Acc 99.0234
2026-07-10 08:16:29 | TestSub: S10 | Epoch 82/100 Finsh | Now_lr 0.0005/0.0005 | Train Loss 0.0473 | Valid Loss 0.0284 | Train Acc 98.4914 | Valid Acc 99.0234
2026-07-10 08:16:30 | TestSub: S10 | Epoch 83/100 Finsh | Now_lr 0.0005/0.0005 | Train Loss 0.0467 | Valid Loss 0.0289 | Train Acc 98.4483 | Valid Acc 98.6328
2026-07-10 08:16:32 | TestSub: S10 | Epoch 84/100 Finsh | Now_lr 0.0005/0.0005 | Train Loss 0.0465 | Valid Loss 0.0245 | Train Acc 98.3405 | Valid Acc 99.4141
2026-07-10 08:16:33 | TestSub: S10 | Epoch 85/100 Finsh | Now_lr 0.0005/0.0005 | Train Loss 0.0449 | Valid Loss 0.0177 | Train Acc 98.5345 | Valid Acc 99.6094
2026-07-10 08:16:34 | TestSub: S10 | Epoch 86/100 Finsh | Now_lr 0.0005/0.0005 | Train Loss 0.0420 | Valid Loss 0.0249 | Train Acc 98.4052 | Valid Acc 99.0234
2026-07-10 08:16:35 | TestSub: S10 | Epoch 87/100 Finsh | Now_lr 0.0005/0.0005 | Train Loss 0.0413 | Valid Loss 0.0161 | Train Acc 98.5991 | Valid Acc 99.8047
2026-07-10 08:16:35 | Validation loss decreased (0.016778 --> 0.016111) in epoch (87). Saving model ...
2026-07-10 08:16:37 | TestSub: S10 | Epoch 88/100 Finsh | Now_lr 0.0005/0.0005 | Train Loss 0.0504 | Valid Loss 0.0221 | Train Acc 98.3190 | Valid Acc 99.0234
2026-07-10 08:16:38 | TestSub: S10 | Epoch 89/100 Finsh | Now_lr 0.0005/0.0005 | Train Loss 0.0525 | Valid Loss 0.0287 | Train Acc 98.1681 | Valid Acc 99.0234
2026-07-10 08:16:39 | TestSub: S10 | Epoch 90/100 Finsh | Now_lr 0.0005/0.0005 | Train Loss 0.0450 | Valid Loss 0.0179 | Train Acc 98.4052 | Valid Acc 99.0234
2026-07-10 08:16:41 | TestSub: S10 | Epoch 91/100 Finsh | Now_lr 0.0005/0.0005 | Train Loss 0.0397 | Valid Loss 0.0282 | Train Acc 98.5345 | Valid Acc 98.8281
2026-07-10 08:16:42 | TestSub: S10 | Epoch 92/100 Finsh | Now_lr 0.0005/0.0005 | Train Loss 0.0419 | Valid Loss 0.0197 | Train Acc 98.5345 | Valid Acc 99.4141
2026-07-10 08:16:43 | TestSub: S10 | Epoch 93/100 Finsh | Now_lr 0.0005/0.0005 | Train Loss 0.0433 | Valid Loss 0.0182 | Train Acc 98.3405 | Valid Acc 99.6094
2026-07-10 08:16:45 | TestSub: S10 | Epoch 94/100 Finsh | Now_lr 0.0005/0.0005 | Train Loss 0.0477 | Valid Loss 0.0242 | Train Acc 98.2759 | Valid Acc 99.4141
2026-07-10 08:16:46 | TestSub: S10 | Epoch 95/100 Finsh | Now_lr 0.0005/0.0005 | Train Loss 0.0398 | Valid Loss 0.0184 | Train Acc 98.4698 | Valid Acc 99.4141
2026-07-10 08:16:47 | TestSub: S10 | Epoch 96/100 Finsh | Now_lr 0.0005/0.0005 | Train Loss 0.0372 | Valid Loss 0.0204 | Train Acc 98.7716 | Valid Acc 99.6094
2026-07-10 08:16:49 | TestSub: S10 | Epoch 97/100 Finsh | Now_lr 0.0005/0.0005 | Train Loss 0.0459 | Valid Loss 0.0229 | Train Acc 98.3621 | Valid Acc 99.4141
2026-07-10 08:16:50 | TestSub: S10 | Epoch 98/100 Finsh | Now_lr 0.0005/0.0005 | Train Loss 0.0417 | Valid Loss 0.0160 | Train Acc 98.5129 | Valid Acc 99.6094
2026-07-10 08:16:50 | Validation loss decreased (0.016111 --> 0.015975) in epoch (98). Saving model ...
2026-07-10 08:16:51 | TestSub: S10 | Epoch 99/100 Finsh | Now_lr 0.0005/0.0005 | Train Loss 0.0462 | Valid Loss 0.0155 | Train Acc 98.1250 | Valid Acc 99.8047
2026-07-10 08:16:51 | Validation loss decreased (0.015975 --> 0.015504) in epoch (99). Saving model ...
2026-07-10 08:16:53 | TestSub: S10 | Epoch 100/100 Finsh | Now_lr 0.0005/0.0005 | Train Loss 0.0419 | Valid Loss 0.0372 | Train Acc 98.3621 | Valid Acc 98.6328
2026-07-10 08:16:53 | --------------------------------------------------
2026-07-10 08:16:53 | Test_Subject :S10 | Best epoch:99 | Test Loss:0.3198 | Savemodel Acc 88.1944
2026-07-10 08:16:53 | --------------------------------------------------
2026-07-10 08:16:53 | Best epoch: 99 | Test acc: 88.1944
