2026-07-10 08:18:56 | Logging started: ./writer/Subject_dependent_AAD/KUL/1.0s/result//Train1.0s_sub12.log
2026-07-10 08:19:01 | Sub_id: 12
2026-07-10 08:19:05 | TestSub: S12 | Epoch  1/100 Finsh | Now_lr 0.0005/0.0005 | Train Loss 0.4824 | Valid Loss 0.2352 | Train Acc 78.3405 | Valid Acc 93.1641
2026-07-10 08:19:05 | Validation loss decreased (inf --> 0.235169) in epoch (1). Saving model ...
2026-07-10 08:19:06 | TestSub: S12 | Epoch  2/100 Finsh | Now_lr 0.0005/0.0005 | Train Loss 0.2202 | Valid Loss 0.1466 | Train Acc 92.5862 | Valid Acc 96.0938
2026-07-10 08:19:06 | Validation loss decreased (0.235169 --> 0.146649) in epoch (2). Saving model ...
2026-07-10 08:19:08 | TestSub: S12 | Epoch  3/100 Finsh | Now_lr 0.0005/0.0005 | Train Loss 0.1645 | Valid Loss 0.1069 | Train Acc 94.1379 | Valid Acc 97.2656
2026-07-10 08:19:08 | Validation loss decreased (0.146649 --> 0.106897) in epoch (3). Saving model ...
2026-07-10 08:19:09 | TestSub: S12 | Epoch  4/100 Finsh | Now_lr 0.0005/0.0005 | Train Loss 0.1430 | Valid Loss 0.1009 | Train Acc 94.5690 | Valid Acc 97.2656
2026-07-10 08:19:09 | Validation loss decreased (0.106897 --> 0.100947) in epoch (4). Saving model ...
2026-07-10 08:19:10 | TestSub: S12 | Epoch  5/100 Finsh | Now_lr 0.0005/0.0005 | Train Loss 0.1277 | Valid Loss 0.0876 | Train Acc 95.3448 | Valid Acc 97.6562
2026-07-10 08:19:10 | Validation loss decreased (0.100947 --> 0.087632) in epoch (5). Saving model ...
2026-07-10 08:19:12 | TestSub: S12 | Epoch  6/100 Finsh | Now_lr 0.0005/0.0005 | Train Loss 0.1242 | Valid Loss 0.0829 | Train Acc 95.0647 | Valid Acc 97.6562
2026-07-10 08:19:12 | Validation loss decreased (0.087632 --> 0.082921) in epoch (6). Saving model ...
2026-07-10 08:19:13 | TestSub: S12 | Epoch  7/100 Finsh | Now_lr 0.0005/0.0005 | Train Loss 0.1068 | Valid Loss 0.0763 | Train Acc 95.9914 | Valid Acc 97.4609
2026-07-10 08:19:13 | Validation loss decreased (0.082921 --> 0.076294) in epoch (7). Saving model ...
2026-07-10 08:19:14 | TestSub: S12 | Epoch  8/100 Finsh | Now_lr 0.0005/0.0005 | Train Loss 0.1004 | Valid Loss 0.0772 | Train Acc 96.3362 | Valid Acc 97.8516
2026-07-10 08:19:16 | TestSub: S12 | Epoch  9/100 Finsh | Now_lr 0.0005/0.0005 | Train Loss 0.1024 | Valid Loss 0.0657 | Train Acc 96.1638 | Valid Acc 98.2422
2026-07-10 08:19:16 | Validation loss decreased (0.076294 --> 0.065725) in epoch (9). Saving model ...
2026-07-10 08:19:17 | TestSub: S12 | Epoch 10/100 Finsh | Now_lr 0.0005/0.0005 | Train Loss 0.0853 | Valid Loss 0.0661 | Train Acc 97.0259 | Valid Acc 98.0469
2026-07-10 08:19:18 | TestSub: S12 | Epoch 11/100 Finsh | Now_lr 0.0005/0.0005 | Train Loss 0.0861 | Valid Loss 0.0648 | Train Acc 96.4871 | Valid Acc 98.0469
2026-07-10 08:19:18 | Validation loss decreased (0.065725 --> 0.064784) in epoch (11). Saving model ...
2026-07-10 08:19:20 | TestSub: S12 | Epoch 12/100 Finsh | Now_lr 0.0005/0.0005 | Train Loss 0.0859 | Valid Loss 0.0586 | Train Acc 96.6379 | Valid Acc 98.8281
2026-07-10 08:19:20 | Validation loss decreased (0.064784 --> 0.058555) in epoch (12). Saving model ...
2026-07-10 08:19:21 | TestSub: S12 | Epoch 13/100 Finsh | Now_lr 0.0005/0.0005 | Train Loss 0.0726 | Valid Loss 0.0567 | Train Acc 97.3060 | Valid Acc 97.8516
2026-07-10 08:19:21 | Validation loss decreased (0.058555 --> 0.056742) in epoch (13). Saving model ...
2026-07-10 08:19:23 | TestSub: S12 | Epoch 14/100 Finsh | Now_lr 0.0005/0.0005 | Train Loss 0.0808 | Valid Loss 0.0589 | Train Acc 96.8103 | Valid Acc 98.0469
2026-07-10 08:19:24 | TestSub: S12 | Epoch 15/100 Finsh | Now_lr 0.0005/0.0005 | Train Loss 0.0710 | Valid Loss 0.0573 | Train Acc 97.5216 | Valid Acc 97.6562
2026-07-10 08:19:25 | TestSub: S12 | Epoch 16/100 Finsh | Now_lr 0.0005/0.0005 | Train Loss 0.0660 | Valid Loss 0.0505 | Train Acc 97.5216 | Valid Acc 98.8281
2026-07-10 08:19:25 | Validation loss decreased (0.056742 --> 0.050494) in epoch (16). Saving model ...
2026-07-10 08:19:27 | TestSub: S12 | Epoch 17/100 Finsh | Now_lr 0.0005/0.0005 | Train Loss 0.0668 | Valid Loss 0.0464 | Train Acc 97.4353 | Valid Acc 98.4375
2026-07-10 08:19:27 | Validation loss decreased (0.050494 --> 0.046360) in epoch (17). Saving model ...
2026-07-10 08:19:28 | TestSub: S12 | Epoch 18/100 Finsh | Now_lr 0.0005/0.0005 | Train Loss 0.0667 | Valid Loss 0.0440 | Train Acc 97.4353 | Valid Acc 98.4375
2026-07-10 08:19:28 | Validation loss decreased (0.046360 --> 0.044049) in epoch (18). Saving model ...
2026-07-10 08:19:29 | TestSub: S12 | Epoch 19/100 Finsh | Now_lr 0.0005/0.0005 | Train Loss 0.0732 | Valid Loss 0.0601 | Train Acc 97.2414 | Valid Acc 98.6328
2026-07-10 08:19:31 | TestSub: S12 | Epoch 20/100 Finsh | Now_lr 0.0005/0.0005 | Train Loss 0.0647 | Valid Loss 0.0426 | Train Acc 97.6724 | Valid Acc 98.8281
2026-07-10 08:19:31 | Validation loss decreased (0.044049 --> 0.042567) in epoch (20). Saving model ...
2026-07-10 08:19:32 | TestSub: S12 | Epoch 21/100 Finsh | Now_lr 0.0005/0.0005 | Train Loss 0.0629 | Valid Loss 0.0420 | Train Acc 97.5431 | Valid Acc 98.8281
2026-07-10 08:19:32 | Validation loss decreased (0.042567 --> 0.042021) in epoch (21). Saving model ...
2026-07-10 08:19:33 | TestSub: S12 | Epoch 22/100 Finsh | Now_lr 0.0005/0.0005 | Train Loss 0.0607 | Valid Loss 0.0349 | Train Acc 97.6293 | Valid Acc 99.0234
2026-07-10 08:19:33 | Validation loss decreased (0.042021 --> 0.034914) in epoch (22). Saving model ...
2026-07-10 08:19:35 | TestSub: S12 | Epoch 23/100 Finsh | Now_lr 0.0005/0.0005 | Train Loss 0.0609 | Valid Loss 0.0373 | Train Acc 97.8017 | Valid Acc 98.8281
2026-07-10 08:19:36 | TestSub: S12 | Epoch 24/100 Finsh | Now_lr 0.0005/0.0005 | Train Loss 0.0639 | Valid Loss 0.0370 | Train Acc 97.4353 | Valid Acc 98.4375
2026-07-10 08:19:37 | TestSub: S12 | Epoch 25/100 Finsh | Now_lr 0.0005/0.0005 | Train Loss 0.0554 | Valid Loss 0.0350 | Train Acc 97.9095 | Valid Acc 99.4141
2026-07-10 08:19:39 | TestSub: S12 | Epoch 26/100 Finsh | Now_lr 0.0005/0.0005 | Train Loss 0.0555 | Valid Loss 0.0337 | Train Acc 97.9526 | Valid Acc 99.2188
2026-07-10 08:19:39 | Validation loss decreased (0.034914 --> 0.033673) in epoch (26). Saving model ...
2026-07-10 08:19:40 | TestSub: S12 | Epoch 27/100 Finsh | Now_lr 0.0005/0.0005 | Train Loss 0.0524 | Valid Loss 0.0310 | Train Acc 98.1034 | Valid Acc 99.4141
2026-07-10 08:19:40 | Validation loss decreased (0.033673 --> 0.030976) in epoch (27). Saving model ...
2026-07-10 08:19:41 | TestSub: S12 | Epoch 28/100 Finsh | Now_lr 0.0005/0.0005 | Train Loss 0.0624 | Valid Loss 0.0341 | Train Acc 97.6509 | Valid Acc 99.4141
2026-07-10 08:19:43 | TestSub: S12 | Epoch 29/100 Finsh | Now_lr 0.0005/0.0005 | Train Loss 0.0478 | Valid Loss 0.0260 | Train Acc 98.4267 | Valid Acc 99.6094
2026-07-10 08:19:43 | Validation loss decreased (0.030976 --> 0.025994) in epoch (29). Saving model ...
2026-07-10 08:19:44 | TestSub: S12 | Epoch 30/100 Finsh | Now_lr 0.0005/0.0005 | Train Loss 0.0586 | Valid Loss 0.0314 | Train Acc 97.6509 | Valid Acc 98.8281
2026-07-10 08:19:45 | TestSub: S12 | Epoch 31/100 Finsh | Now_lr 0.0005/0.0005 | Train Loss 0.0577 | Valid Loss 0.0299 | Train Acc 97.9957 | Valid Acc 99.0234
2026-07-10 08:19:47 | TestSub: S12 | Epoch 32/100 Finsh | Now_lr 0.0005/0.0005 | Train Loss 0.0570 | Valid Loss 0.0349 | Train Acc 97.8879 | Valid Acc 99.0234
2026-07-10 08:19:48 | TestSub: S12 | Epoch 33/100 Finsh | Now_lr 0.0005/0.0005 | Train Loss 0.0533 | Valid Loss 0.0412 | Train Acc 98.1250 | Valid Acc 98.8281
2026-07-10 08:19:49 | TestSub: S12 | Epoch 34/100 Finsh | Now_lr 0.0005/0.0005 | Train Loss 0.0467 | Valid Loss 0.0338 | Train Acc 98.2759 | Valid Acc 99.4141
2026-07-10 08:19:50 | TestSub: S12 | Epoch 35/100 Finsh | Now_lr 0.0005/0.0005 | Train Loss 0.0404 | Valid Loss 0.0244 | Train Acc 98.6422 | Valid Acc 99.2188
2026-07-10 08:19:50 | Validation loss decreased (0.025994 --> 0.024367) in epoch (35). Saving model ...
2026-07-10 08:19:52 | TestSub: S12 | Epoch 36/100 Finsh | Now_lr 0.0005/0.0005 | Train Loss 0.0526 | Valid Loss 0.0308 | Train Acc 97.9741 | Valid Acc 98.8281
2026-07-10 08:19:53 | TestSub: S12 | Epoch 37/100 Finsh | Now_lr 0.0005/0.0005 | Train Loss 0.0521 | Valid Loss 0.0301 | Train Acc 97.9957 | Valid Acc 99.2188
2026-07-10 08:19:54 | TestSub: S12 | Epoch 38/100 Finsh | Now_lr 0.0005/0.0005 | Train Loss 0.0516 | Valid Loss 0.0289 | Train Acc 97.9741 | Valid Acc 99.2188
2026-07-10 08:19:56 | TestSub: S12 | Epoch 39/100 Finsh | Now_lr 0.0005/0.0005 | Train Loss 0.0465 | Valid Loss 0.0239 | Train Acc 98.1681 | Valid Acc 99.4141
2026-07-10 08:19:56 | Validation loss decreased (0.024367 --> 0.023946) in epoch (39). Saving model ...
2026-07-10 08:19:57 | TestSub: S12 | Epoch 40/100 Finsh | Now_lr 0.0005/0.0005 | Train Loss 0.0494 | Valid Loss 0.0236 | Train Acc 98.0388 | Valid Acc 99.4141
2026-07-10 08:19:57 | Validation loss decreased (0.023946 --> 0.023553) in epoch (40). Saving model ...
2026-07-10 08:19:58 | TestSub: S12 | Epoch 41/100 Finsh | Now_lr 0.0005/0.0005 | Train Loss 0.0470 | Valid Loss 0.0234 | Train Acc 98.1466 | Valid Acc 99.4141
2026-07-10 08:19:58 | Validation loss decreased (0.023553 --> 0.023448) in epoch (41). Saving model ...
2026-07-10 08:20:00 | TestSub: S12 | Epoch 42/100 Finsh | Now_lr 0.0005/0.0005 | Train Loss 0.0511 | Valid Loss 0.0303 | Train Acc 98.2112 | Valid Acc 98.6328
2026-07-10 08:20:01 | TestSub: S12 | Epoch 43/100 Finsh | Now_lr 0.0005/0.0005 | Train Loss 0.0484 | Valid Loss 0.0214 | Train Acc 98.1466 | Valid Acc 99.4141
2026-07-10 08:20:01 | Validation loss decreased (0.023448 --> 0.021448) in epoch (43). Saving model ...
2026-07-10 08:20:02 | TestSub: S12 | Epoch 44/100 Finsh | Now_lr 0.0005/0.0005 | Train Loss 0.0439 | Valid Loss 0.0259 | Train Acc 98.2112 | Valid Acc 99.0234
2026-07-10 08:20:04 | TestSub: S12 | Epoch 45/100 Finsh | Now_lr 0.0005/0.0005 | Train Loss 0.0428 | Valid Loss 0.0238 | Train Acc 98.3190 | Valid Acc 99.4141
2026-07-10 08:20:05 | TestSub: S12 | Epoch 46/100 Finsh | Now_lr 0.0005/0.0005 | Train Loss 0.0528 | Valid Loss 0.0216 | Train Acc 98.1466 | Valid Acc 99.4141
2026-07-10 08:20:06 | TestSub: S12 | Epoch 47/100 Finsh | Now_lr 0.0005/0.0005 | Train Loss 0.0413 | Valid Loss 0.0242 | Train Acc 98.4267 | Valid Acc 99.6094
2026-07-10 08:20:08 | TestSub: S12 | Epoch 48/100 Finsh | Now_lr 0.0005/0.0005 | Train Loss 0.0418 | Valid Loss 0.0263 | Train Acc 98.4914 | Valid Acc 99.2188
2026-07-10 08:20:09 | TestSub: S12 | Epoch 49/100 Finsh | Now_lr 0.0005/0.0005 | Train Loss 0.0468 | Valid Loss 0.0218 | Train Acc 98.2974 | Valid Acc 99.4141
2026-07-10 08:20:10 | TestSub: S12 | Epoch 50/100 Finsh | Now_lr 0.0005/0.0005 | Train Loss 0.0515 | Valid Loss 0.0237 | Train Acc 98.0819 | Valid Acc 99.2188
2026-07-10 08:20:11 | TestSub: S12 | Epoch 51/100 Finsh | Now_lr 0.0005/0.0005 | Train Loss 0.0370 | Valid Loss 0.0282 | Train Acc 98.6638 | Valid Acc 99.2188
2026-07-10 08:20:13 | TestSub: S12 | Epoch 52/100 Finsh | Now_lr 0.0005/0.0005 | Train Loss 0.0415 | Valid Loss 0.0190 | Train Acc 98.6638 | Valid Acc 99.4141
2026-07-10 08:20:13 | Validation loss decreased (0.021448 --> 0.019015) in epoch (52). Saving model ...
2026-07-10 08:20:14 | TestSub: S12 | Epoch 53/100 Finsh | Now_lr 0.0005/0.0005 | Train Loss 0.0363 | Valid Loss 0.0179 | Train Acc 98.7500 | Valid Acc 99.4141
2026-07-10 08:20:14 | Validation loss decreased (0.019015 --> 0.017922) in epoch (53). Saving model ...
2026-07-10 08:20:15 | TestSub: S12 | Epoch 54/100 Finsh | Now_lr 0.0005/0.0005 | Train Loss 0.0498 | Valid Loss 0.0244 | Train Acc 98.4483 | Valid Acc 99.2188
2026-07-10 08:20:17 | TestSub: S12 | Epoch 55/100 Finsh | Now_lr 0.0005/0.0005 | Train Loss 0.0418 | Valid Loss 0.0194 | Train Acc 98.5991 | Valid Acc 99.6094
2026-07-10 08:20:18 | TestSub: S12 | Epoch 56/100 Finsh | Now_lr 0.0005/0.0005 | Train Loss 0.0394 | Valid Loss 0.0221 | Train Acc 98.5129 | Valid Acc 99.2188
2026-07-10 08:20:19 | TestSub: S12 | Epoch 57/100 Finsh | Now_lr 0.0005/0.0005 | Train Loss 0.0383 | Valid Loss 0.0198 | Train Acc 98.5776 | Valid Acc 99.6094
2026-07-10 08:20:21 | TestSub: S12 | Epoch 58/100 Finsh | Now_lr 0.0005/0.0005 | Train Loss 0.0342 | Valid Loss 0.0210 | Train Acc 98.9009 | Valid Acc 99.4141
2026-07-10 08:20:22 | TestSub: S12 | Epoch 59/100 Finsh | Now_lr 0.0005/0.0005 | Train Loss 0.0358 | Valid Loss 0.0195 | Train Acc 98.5345 | Valid Acc 99.6094
2026-07-10 08:20:23 | TestSub: S12 | Epoch 60/100 Finsh | Now_lr 0.0005/0.0005 | Train Loss 0.0340 | Valid Loss 0.0174 | Train Acc 98.7931 | Valid Acc 99.8047
2026-07-10 08:20:23 | Validation loss decreased (0.017922 --> 0.017375) in epoch (60). Saving model ...
2026-07-10 08:20:25 | TestSub: S12 | Epoch 61/100 Finsh | Now_lr 0.0005/0.0005 | Train Loss 0.0413 | Valid Loss 0.0212 | Train Acc 98.6207 | Valid Acc 99.0234
2026-07-10 08:20:26 | TestSub: S12 | Epoch 62/100 Finsh | Now_lr 0.0005/0.0005 | Train Loss 0.0340 | Valid Loss 0.0146 | Train Acc 98.7931 | Valid Acc 99.8047
2026-07-10 08:20:26 | Validation loss decreased (0.017375 --> 0.014588) in epoch (62). Saving model ...
2026-07-10 08:20:27 | TestSub: S12 | Epoch 63/100 Finsh | Now_lr 0.0005/0.0005 | Train Loss 0.0388 | Valid Loss 0.0224 | Train Acc 98.8793 | Valid Acc 99.2188
2026-07-10 08:20:29 | TestSub: S12 | Epoch 64/100 Finsh | Now_lr 0.0005/0.0005 | Train Loss 0.0388 | Valid Loss 0.0241 | Train Acc 98.4914 | Valid Acc 99.0234
2026-07-10 08:20:30 | TestSub: S12 | Epoch 65/100 Finsh | Now_lr 0.0005/0.0005 | Train Loss 0.0458 | Valid Loss 0.0196 | Train Acc 98.1897 | Valid Acc 99.4141
2026-07-10 08:20:31 | TestSub: S12 | Epoch 66/100 Finsh | Now_lr 0.0005/0.0005 | Train Loss 0.0357 | Valid Loss 0.0205 | Train Acc 98.9009 | Valid Acc 99.6094
2026-07-10 08:20:33 | TestSub: S12 | Epoch 67/100 Finsh | Now_lr 0.0005/0.0005 | Train Loss 0.0360 | Valid Loss 0.0200 | Train Acc 98.7284 | Valid Acc 99.4141
2026-07-10 08:20:34 | TestSub: S12 | Epoch 68/100 Finsh | Now_lr 0.0005/0.0005 | Train Loss 0.0382 | Valid Loss 0.0200 | Train Acc 98.5776 | Valid Acc 99.4141
2026-07-10 08:20:35 | TestSub: S12 | Epoch 69/100 Finsh | Now_lr 0.0005/0.0005 | Train Loss 0.0323 | Valid Loss 0.0175 | Train Acc 98.8147 | Valid Acc 99.4141
2026-07-10 08:20:36 | TestSub: S12 | Epoch 70/100 Finsh | Now_lr 0.0005/0.0005 | Train Loss 0.0326 | Valid Loss 0.0160 | Train Acc 98.8578 | Valid Acc 99.4141
2026-07-10 08:20:38 | TestSub: S12 | Epoch 71/100 Finsh | Now_lr 0.0005/0.0005 | Train Loss 0.0340 | Valid Loss 0.0144 | Train Acc 98.7069 | Valid Acc 99.8047
2026-07-10 08:20:38 | Validation loss decreased (0.014588 --> 0.014420) in epoch (71). Saving model ...
2026-07-10 08:20:39 | TestSub: S12 | Epoch 72/100 Finsh | Now_lr 0.0005/0.0005 | Train Loss 0.0358 | Valid Loss 0.0158 | Train Acc 98.7500 | Valid Acc 99.6094
2026-07-10 08:20:41 | TestSub: S12 | Epoch 73/100 Finsh | Now_lr 0.0005/0.0005 | Train Loss 0.0284 | Valid Loss 0.0228 | Train Acc 99.1810 | Valid Acc 98.8281
2026-07-10 08:20:42 | TestSub: S12 | Epoch 74/100 Finsh | Now_lr 0.0005/0.0005 | Train Loss 0.0325 | Valid Loss 0.0158 | Train Acc 99.0086 | Valid Acc 99.6094
2026-07-10 08:20:43 | TestSub: S12 | Epoch 75/100 Finsh | Now_lr 0.0005/0.0005 | Train Loss 0.0320 | Valid Loss 0.0155 | Train Acc 98.8793 | Valid Acc 99.6094
2026-07-10 08:20:44 | TestSub: S12 | Epoch 76/100 Finsh | Now_lr 0.0005/0.0005 | Train Loss 0.0336 | Valid Loss 0.0180 | Train Acc 98.9224 | Valid Acc 99.4141
2026-07-10 08:20:46 | TestSub: S12 | Epoch 77/100 Finsh | Now_lr 0.0005/0.0005 | Train Loss 0.0291 | Valid Loss 0.0126 | Train Acc 99.0948 | Valid Acc 99.8047
2026-07-10 08:20:46 | Validation loss decreased (0.014420 --> 0.012587) in epoch (77). Saving model ...
2026-07-10 08:20:47 | TestSub: S12 | Epoch 78/100 Finsh | Now_lr 0.0005/0.0005 | Train Loss 0.0324 | Valid Loss 0.0137 | Train Acc 98.7500 | Valid Acc 99.8047
2026-07-10 08:20:48 | TestSub: S12 | Epoch 79/100 Finsh | Now_lr 0.0005/0.0005 | Train Loss 0.0288 | Valid Loss 0.0149 | Train Acc 99.0517 | Valid Acc 99.6094
2026-07-10 08:20:50 | TestSub: S12 | Epoch 80/100 Finsh | Now_lr 0.0005/0.0005 | Train Loss 0.0386 | Valid Loss 0.0124 | Train Acc 98.5129 | Valid Acc 99.8047
2026-07-10 08:20:50 | Validation loss decreased (0.012587 --> 0.012395) in epoch (80). Saving model ...
2026-07-10 08:20:51 | TestSub: S12 | Epoch 81/100 Finsh | Now_lr 0.0005/0.0005 | Train Loss 0.0245 | Valid Loss 0.0126 | Train Acc 99.2026 | Valid Acc 99.8047
2026-07-10 08:20:53 | TestSub: S12 | Epoch 82/100 Finsh | Now_lr 0.0005/0.0005 | Train Loss 0.0245 | Valid Loss 0.0125 | Train Acc 99.2241 | Valid Acc 99.8047
2026-07-10 08:20:54 | TestSub: S12 | Epoch 83/100 Finsh | Now_lr 0.0005/0.0005 | Train Loss 0.0283 | Valid Loss 0.0124 | Train Acc 99.1164 | Valid Acc 99.6094
2026-07-10 08:20:54 | Validation loss decreased (0.012395 --> 0.012377) in epoch (83). Saving model ...
2026-07-10 08:20:55 | TestSub: S12 | Epoch 84/100 Finsh | Now_lr 0.0005/0.0005 | Train Loss 0.0367 | Valid Loss 0.0179 | Train Acc 98.6207 | Valid Acc 99.4141
2026-07-10 08:20:57 | TestSub: S12 | Epoch 85/100 Finsh | Now_lr 0.0005/0.0005 | Train Loss 0.0305 | Valid Loss 0.0180 | Train Acc 98.9224 | Valid Acc 99.4141
2026-07-10 08:20:58 | TestSub: S12 | Epoch 86/100 Finsh | Now_lr 0.0005/0.0005 | Train Loss 0.0276 | Valid Loss 0.0105 | Train Acc 99.1595 | Valid Acc 99.8047
2026-07-10 08:20:58 | Validation loss decreased (0.012377 --> 0.010517) in epoch (86). Saving model ...
2026-07-10 08:20:59 | TestSub: S12 | Epoch 87/100 Finsh | Now_lr 0.0005/0.0005 | Train Loss 0.0298 | Valid Loss 0.0136 | Train Acc 98.9224 | Valid Acc 99.6094
2026-07-10 08:21:01 | TestSub: S12 | Epoch 88/100 Finsh | Now_lr 0.0005/0.0005 | Train Loss 0.0288 | Valid Loss 0.0165 | Train Acc 98.9871 | Valid Acc 99.6094
2026-07-10 08:21:02 | TestSub: S12 | Epoch 89/100 Finsh | Now_lr 0.0005/0.0005 | Train Loss 0.0301 | Valid Loss 0.0120 | Train Acc 99.0517 | Valid Acc 99.8047
2026-07-10 08:21:04 | TestSub: S12 | Epoch 90/100 Finsh | Now_lr 0.0005/0.0005 | Train Loss 0.0262 | Valid Loss 0.0154 | Train Acc 99.0517 | Valid Acc 99.4141
2026-07-10 08:21:05 | TestSub: S12 | Epoch 91/100 Finsh | Now_lr 0.0005/0.0005 | Train Loss 0.0270 | Valid Loss 0.0123 | Train Acc 99.2241 | Valid Acc 99.8047
2026-07-10 08:21:06 | TestSub: S12 | Epoch 92/100 Finsh | Now_lr 0.0005/0.0005 | Train Loss 0.0317 | Valid Loss 0.0122 | Train Acc 98.9009 | Valid Acc 99.6094
2026-07-10 08:21:08 | TestSub: S12 | Epoch 93/100 Finsh | Now_lr 0.0005/0.0005 | Train Loss 0.0313 | Valid Loss 0.0134 | Train Acc 98.8578 | Valid Acc 99.8047
2026-07-10 08:21:09 | TestSub: S12 | Epoch 94/100 Finsh | Now_lr 0.0005/0.0005 | Train Loss 0.0253 | Valid Loss 0.0105 | Train Acc 99.0948 | Valid Acc 99.8047
2026-07-10 08:21:10 | TestSub: S12 | Epoch 95/100 Finsh | Now_lr 0.0005/0.0005 | Train Loss 0.0278 | Valid Loss 0.0112 | Train Acc 98.9440 | Valid Acc 99.8047
2026-07-10 08:21:12 | TestSub: S12 | Epoch 96/100 Finsh | Now_lr 0.0005/0.0005 | Train Loss 0.0338 | Valid Loss 0.0133 | Train Acc 98.9009 | Valid Acc 99.4141
2026-07-10 08:21:13 | TestSub: S12 | Epoch 97/100 Finsh | Now_lr 0.0005/0.0005 | Train Loss 0.0355 | Valid Loss 0.0221 | Train Acc 98.8147 | Valid Acc 99.4141
2026-07-10 08:21:14 | TestSub: S12 | Epoch 98/100 Finsh | Now_lr 0.0005/0.0005 | Train Loss 0.0257 | Valid Loss 0.0112 | Train Acc 99.2888 | Valid Acc 99.8047
2026-07-10 08:21:16 | TestSub: S12 | Epoch 99/100 Finsh | Now_lr 0.0005/0.0005 | Train Loss 0.0204 | Valid Loss 0.0099 | Train Acc 99.3103 | Valid Acc 99.8047
2026-07-10 08:21:16 | Validation loss decreased (0.010517 --> 0.009930) in epoch (99). Saving model ...
2026-07-10 08:21:17 | TestSub: S12 | Epoch 100/100 Finsh | Now_lr 0.0005/0.0005 | Train Loss 0.0276 | Valid Loss 0.0152 | Train Acc 99.0733 | Valid Acc 99.2188
2026-07-10 08:21:17 | --------------------------------------------------
2026-07-10 08:21:17 | Test_Subject :S12 | Best epoch:99 | Test Loss:0.1420 | Savemodel Acc 93.4028
2026-07-10 08:21:17 | --------------------------------------------------
2026-07-10 08:21:17 | Best epoch: 99 | Test acc: 93.4028
