2026-07-10 08:16:53 | Logging started: ./writer/Subject_dependent_AAD/KUL/1.0s/result//Train1.0s_sub11.log
2026-07-10 08:16:57 | Sub_id: 11
2026-07-10 08:17:01 | TestSub: S11 | Epoch  1/100 Finsh | Now_lr 0.0005/0.0005 | Train Loss 0.6717 | Valid Loss 0.5745 | Train Acc 57.7586 | Valid Acc 70.5078
2026-07-10 08:17:01 | Validation loss decreased (inf --> 0.574505) in epoch (1). Saving model ...
2026-07-10 08:17:03 | TestSub: S11 | Epoch  2/100 Finsh | Now_lr 0.0005/0.0005 | Train Loss 0.5006 | Valid Loss 0.4011 | Train Acc 76.2931 | Valid Acc 84.9609
2026-07-10 08:17:03 | Validation loss decreased (0.574505 --> 0.401076) in epoch (2). Saving model ...
2026-07-10 08:17:04 | TestSub: S11 | Epoch  3/100 Finsh | Now_lr 0.0005/0.0005 | Train Loss 0.3762 | Valid Loss 0.3334 | Train Acc 84.1595 | Valid Acc 88.0859
2026-07-10 08:17:04 | Validation loss decreased (0.401076 --> 0.333403) in epoch (3). Saving model ...
2026-07-10 08:17:06 | TestSub: S11 | Epoch  4/100 Finsh | Now_lr 0.0005/0.0005 | Train Loss 0.3116 | Valid Loss 0.2578 | Train Acc 87.3922 | Valid Acc 90.6250
2026-07-10 08:17:06 | Validation loss decreased (0.333403 --> 0.257815) in epoch (4). Saving model ...
2026-07-10 08:17:07 | TestSub: S11 | Epoch  5/100 Finsh | Now_lr 0.0005/0.0005 | Train Loss 0.2709 | Valid Loss 0.2445 | Train Acc 88.7069 | Valid Acc 92.9688
2026-07-10 08:17:07 | Validation loss decreased (0.257815 --> 0.244491) in epoch (5). Saving model ...
2026-07-10 08:17:08 | TestSub: S11 | Epoch  6/100 Finsh | Now_lr 0.0005/0.0005 | Train Loss 0.2445 | Valid Loss 0.2085 | Train Acc 90.2802 | Valid Acc 91.9922
2026-07-10 08:17:08 | Validation loss decreased (0.244491 --> 0.208530) in epoch (6). Saving model ...
2026-07-10 08:17:10 | TestSub: S11 | Epoch  7/100 Finsh | Now_lr 0.0005/0.0005 | Train Loss 0.2263 | Valid Loss 0.2258 | Train Acc 91.4871 | Valid Acc 91.9922
2026-07-10 08:17:11 | TestSub: S11 | Epoch  8/100 Finsh | Now_lr 0.0005/0.0005 | Train Loss 0.2103 | Valid Loss 0.1763 | Train Acc 91.9828 | Valid Acc 93.9453
2026-07-10 08:17:11 | Validation loss decreased (0.208530 --> 0.176264) in epoch (8). Saving model ...
2026-07-10 08:17:12 | TestSub: S11 | Epoch  9/100 Finsh | Now_lr 0.0005/0.0005 | Train Loss 0.2034 | Valid Loss 0.2057 | Train Acc 92.0043 | Valid Acc 91.6016
2026-07-10 08:17:14 | TestSub: S11 | Epoch 10/100 Finsh | Now_lr 0.0005/0.0005 | Train Loss 0.1974 | Valid Loss 0.1648 | Train Acc 92.1983 | Valid Acc 94.1406
2026-07-10 08:17:14 | Validation loss decreased (0.176264 --> 0.164770) in epoch (10). Saving model ...
2026-07-10 08:17:15 | TestSub: S11 | Epoch 11/100 Finsh | Now_lr 0.0005/0.0005 | Train Loss 0.1758 | Valid Loss 0.1829 | Train Acc 93.3190 | Valid Acc 92.3828
2026-07-10 08:17:16 | TestSub: S11 | Epoch 12/100 Finsh | Now_lr 0.0005/0.0005 | Train Loss 0.1857 | Valid Loss 0.1463 | Train Acc 92.7371 | Valid Acc 94.9219
2026-07-10 08:17:16 | Validation loss decreased (0.164770 --> 0.146307) in epoch (12). Saving model ...
2026-07-10 08:17:18 | TestSub: S11 | Epoch 13/100 Finsh | Now_lr 0.0005/0.0005 | Train Loss 0.1766 | Valid Loss 0.1322 | Train Acc 92.6724 | Valid Acc 95.7031
2026-07-10 08:17:18 | Validation loss decreased (0.146307 --> 0.132240) in epoch (13). Saving model ...
2026-07-10 08:17:19 | TestSub: S11 | Epoch 14/100 Finsh | Now_lr 0.0005/0.0005 | Train Loss 0.1516 | Valid Loss 0.1940 | Train Acc 94.2457 | Valid Acc 92.3828
2026-07-10 08:17:20 | TestSub: S11 | Epoch 15/100 Finsh | Now_lr 0.0005/0.0005 | Train Loss 0.1528 | Valid Loss 0.1732 | Train Acc 94.1595 | Valid Acc 93.1641
2026-07-10 08:17:22 | TestSub: S11 | Epoch 16/100 Finsh | Now_lr 0.0005/0.0005 | Train Loss 0.1541 | Valid Loss 0.1791 | Train Acc 94.2457 | Valid Acc 92.9688
2026-07-10 08:17:23 | TestSub: S11 | Epoch 17/100 Finsh | Now_lr 0.0005/0.0005 | Train Loss 0.1530 | Valid Loss 0.1212 | Train Acc 93.6853 | Valid Acc 95.5078
2026-07-10 08:17:23 | Validation loss decreased (0.132240 --> 0.121231) in epoch (17). Saving model ...
2026-07-10 08:17:25 | TestSub: S11 | Epoch 18/100 Finsh | Now_lr 0.0005/0.0005 | Train Loss 0.1539 | Valid Loss 0.1717 | Train Acc 94.0948 | Valid Acc 91.9922
2026-07-10 08:17:26 | TestSub: S11 | Epoch 19/100 Finsh | Now_lr 0.0005/0.0005 | Train Loss 0.1311 | Valid Loss 0.1440 | Train Acc 95.2371 | Valid Acc 94.9219
2026-07-10 08:17:27 | TestSub: S11 | Epoch 20/100 Finsh | Now_lr 0.0005/0.0005 | Train Loss 0.1413 | Valid Loss 0.1231 | Train Acc 94.4181 | Valid Acc 95.3125
2026-07-10 08:17:29 | TestSub: S11 | Epoch 21/100 Finsh | Now_lr 0.0005/0.0005 | Train Loss 0.1366 | Valid Loss 0.1618 | Train Acc 94.7845 | Valid Acc 93.7500
2026-07-10 08:17:30 | TestSub: S11 | Epoch 22/100 Finsh | Now_lr 0.0005/0.0005 | Train Loss 0.1379 | Valid Loss 0.1145 | Train Acc 94.2026 | Valid Acc 96.4844
2026-07-10 08:17:30 | Validation loss decreased (0.121231 --> 0.114507) in epoch (22). Saving model ...
2026-07-10 08:17:31 | TestSub: S11 | Epoch 23/100 Finsh | Now_lr 0.0005/0.0005 | Train Loss 0.1317 | Valid Loss 0.1304 | Train Acc 94.9784 | Valid Acc 94.7266
2026-07-10 08:17:33 | TestSub: S11 | Epoch 24/100 Finsh | Now_lr 0.0005/0.0005 | Train Loss 0.1332 | Valid Loss 0.1486 | Train Acc 94.8060 | Valid Acc 92.5781
2026-07-10 08:17:34 | TestSub: S11 | Epoch 25/100 Finsh | Now_lr 0.0005/0.0005 | Train Loss 0.1214 | Valid Loss 0.1567 | Train Acc 95.4741 | Valid Acc 93.9453
2026-07-10 08:17:35 | TestSub: S11 | Epoch 26/100 Finsh | Now_lr 0.0005/0.0005 | Train Loss 0.1247 | Valid Loss 0.1874 | Train Acc 95.0647 | Valid Acc 92.9688
2026-07-10 08:17:36 | TestSub: S11 | Epoch 27/100 Finsh | Now_lr 0.0005/0.0005 | Train Loss 0.1168 | Valid Loss 0.1489 | Train Acc 95.7974 | Valid Acc 92.7734
2026-07-10 08:17:38 | TestSub: S11 | Epoch 28/100 Finsh | Now_lr 0.0005/0.0005 | Train Loss 0.1285 | Valid Loss 0.1478 | Train Acc 95.0647 | Valid Acc 94.7266
2026-07-10 08:17:39 | TestSub: S11 | Epoch 29/100 Finsh | Now_lr 0.0005/0.0005 | Train Loss 0.1150 | Valid Loss 0.1492 | Train Acc 95.3017 | Valid Acc 94.7266
2026-07-10 08:17:40 | TestSub: S11 | Epoch 30/100 Finsh | Now_lr 0.0005/0.0005 | Train Loss 0.1102 | Valid Loss 0.1432 | Train Acc 95.5603 | Valid Acc 94.5312
2026-07-10 08:17:42 | TestSub: S11 | Epoch 31/100 Finsh | Now_lr 0.0005/0.0005 | Train Loss 0.1198 | Valid Loss 0.1161 | Train Acc 95.3017 | Valid Acc 95.7031
2026-07-10 08:17:43 | TestSub: S11 | Epoch 32/100 Finsh | Now_lr 0.0005/0.0005 | Train Loss 0.1168 | Valid Loss 0.0892 | Train Acc 95.4526 | Valid Acc 96.4844
2026-07-10 08:17:43 | Validation loss decreased (0.114507 --> 0.089187) in epoch (32). Saving model ...
2026-07-10 08:17:44 | TestSub: S11 | Epoch 33/100 Finsh | Now_lr 0.0005/0.0005 | Train Loss 0.1047 | Valid Loss 0.1361 | Train Acc 96.2931 | Valid Acc 95.1172
2026-07-10 08:17:46 | TestSub: S11 | Epoch 34/100 Finsh | Now_lr 0.0005/0.0005 | Train Loss 0.1112 | Valid Loss 0.1051 | Train Acc 95.5172 | Valid Acc 95.7031
2026-07-10 08:17:47 | TestSub: S11 | Epoch 35/100 Finsh | Now_lr 0.0005/0.0005 | Train Loss 0.1052 | Valid Loss 0.1359 | Train Acc 96.0991 | Valid Acc 93.1641
2026-07-10 08:17:48 | TestSub: S11 | Epoch 36/100 Finsh | Now_lr 0.0005/0.0005 | Train Loss 0.1132 | Valid Loss 0.1025 | Train Acc 95.5388 | Valid Acc 96.0938
2026-07-10 08:17:50 | TestSub: S11 | Epoch 37/100 Finsh | Now_lr 0.0005/0.0005 | Train Loss 0.1095 | Valid Loss 0.1156 | Train Acc 96.0560 | Valid Acc 95.8984
2026-07-10 08:17:51 | TestSub: S11 | Epoch 38/100 Finsh | Now_lr 0.0005/0.0005 | Train Loss 0.1061 | Valid Loss 0.1127 | Train Acc 96.0991 | Valid Acc 95.8984
2026-07-10 08:17:52 | TestSub: S11 | Epoch 39/100 Finsh | Now_lr 0.0005/0.0005 | Train Loss 0.1041 | Valid Loss 0.1682 | Train Acc 95.7759 | Valid Acc 94.5312
2026-07-10 08:17:53 | TestSub: S11 | Epoch 40/100 Finsh | Now_lr 0.0005/0.0005 | Train Loss 0.1026 | Valid Loss 0.0939 | Train Acc 96.0560 | Valid Acc 96.2891
2026-07-10 08:17:55 | TestSub: S11 | Epoch 41/100 Finsh | Now_lr 0.0005/0.0005 | Train Loss 0.1139 | Valid Loss 0.1272 | Train Acc 95.4957 | Valid Acc 95.7031
2026-07-10 08:17:56 | TestSub: S11 | Epoch 42/100 Finsh | Now_lr 0.0005/0.0005 | Train Loss 0.1022 | Valid Loss 0.0969 | Train Acc 96.3147 | Valid Acc 96.8750
2026-07-10 08:17:57 | TestSub: S11 | Epoch 43/100 Finsh | Now_lr 0.0005/0.0005 | Train Loss 0.1085 | Valid Loss 0.1091 | Train Acc 95.8190 | Valid Acc 95.1172
2026-07-10 08:17:59 | TestSub: S11 | Epoch 44/100 Finsh | Now_lr 0.0005/0.0005 | Train Loss 0.1046 | Valid Loss 0.1375 | Train Acc 96.0991 | Valid Acc 94.7266
2026-07-10 08:18:00 | TestSub: S11 | Epoch 45/100 Finsh | Now_lr 0.0005/0.0005 | Train Loss 0.1063 | Valid Loss 0.1104 | Train Acc 95.6681 | Valid Acc 95.7031
2026-07-10 08:18:01 | TestSub: S11 | Epoch 46/100 Finsh | Now_lr 0.0005/0.0005 | Train Loss 0.1129 | Valid Loss 0.1012 | Train Acc 95.4526 | Valid Acc 95.1172
2026-07-10 08:18:03 | TestSub: S11 | Epoch 47/100 Finsh | Now_lr 0.0005/0.0005 | Train Loss 0.1107 | Valid Loss 0.1508 | Train Acc 95.6250 | Valid Acc 94.3359
2026-07-10 08:18:04 | TestSub: S11 | Epoch 48/100 Finsh | Now_lr 0.0005/0.0005 | Train Loss 0.0967 | Valid Loss 0.1020 | Train Acc 96.2500 | Valid Acc 95.7031
2026-07-10 08:18:05 | TestSub: S11 | Epoch 49/100 Finsh | Now_lr 0.0005/0.0005 | Train Loss 0.1050 | Valid Loss 0.1018 | Train Acc 96.0991 | Valid Acc 95.7031
2026-07-10 08:18:07 | TestSub: S11 | Epoch 50/100 Finsh | Now_lr 0.0005/0.0005 | Train Loss 0.0895 | Valid Loss 0.1496 | Train Acc 96.7888 | Valid Acc 93.7500
2026-07-10 08:18:08 | TestSub: S11 | Epoch 51/100 Finsh | Now_lr 0.0005/0.0005 | Train Loss 0.0943 | Valid Loss 0.0792 | Train Acc 96.4871 | Valid Acc 96.2891
2026-07-10 08:18:08 | Validation loss decreased (0.089187 --> 0.079172) in epoch (51). Saving model ...
2026-07-10 08:18:09 | TestSub: S11 | Epoch 52/100 Finsh | Now_lr 0.0005/0.0005 | Train Loss 0.0885 | Valid Loss 0.1348 | Train Acc 96.7241 | Valid Acc 95.1172
2026-07-10 08:18:11 | TestSub: S11 | Epoch 53/100 Finsh | Now_lr 0.0005/0.0005 | Train Loss 0.0850 | Valid Loss 0.0930 | Train Acc 96.8534 | Valid Acc 96.6797
2026-07-10 08:18:12 | TestSub: S11 | Epoch 54/100 Finsh | Now_lr 0.0005/0.0005 | Train Loss 0.0956 | Valid Loss 0.0985 | Train Acc 96.8103 | Valid Acc 96.4844
2026-07-10 08:18:13 | TestSub: S11 | Epoch 55/100 Finsh | Now_lr 0.0005/0.0005 | Train Loss 0.0892 | Valid Loss 0.1102 | Train Acc 96.6164 | Valid Acc 95.1172
2026-07-10 08:18:14 | TestSub: S11 | Epoch 56/100 Finsh | Now_lr 0.0005/0.0005 | Train Loss 0.0901 | Valid Loss 0.0829 | Train Acc 96.4871 | Valid Acc 97.0703
2026-07-10 08:18:16 | TestSub: S11 | Epoch 57/100 Finsh | Now_lr 0.0005/0.0005 | Train Loss 0.0914 | Valid Loss 0.1194 | Train Acc 96.3147 | Valid Acc 94.9219
2026-07-10 08:18:17 | TestSub: S11 | Epoch 58/100 Finsh | Now_lr 0.0005/0.0005 | Train Loss 0.0871 | Valid Loss 0.0990 | Train Acc 96.7888 | Valid Acc 96.8750
2026-07-10 08:18:18 | TestSub: S11 | Epoch 59/100 Finsh | Now_lr 0.0005/0.0005 | Train Loss 0.0858 | Valid Loss 0.1481 | Train Acc 96.5733 | Valid Acc 96.2891
2026-07-10 08:18:20 | TestSub: S11 | Epoch 60/100 Finsh | Now_lr 0.0005/0.0005 | Train Loss 0.1062 | Valid Loss 0.1207 | Train Acc 95.9914 | Valid Acc 95.8984
2026-07-10 08:18:21 | TestSub: S11 | Epoch 61/100 Finsh | Now_lr 0.0005/0.0005 | Train Loss 0.0885 | Valid Loss 0.1623 | Train Acc 96.5733 | Valid Acc 94.3359
2026-07-10 08:18:22 | TestSub: S11 | Epoch 62/100 Finsh | Now_lr 0.0005/0.0005 | Train Loss 0.0809 | Valid Loss 0.1167 | Train Acc 96.6379 | Valid Acc 96.2891
2026-07-10 08:18:24 | TestSub: S11 | Epoch 63/100 Finsh | Now_lr 0.0005/0.0005 | Train Loss 0.0804 | Valid Loss 0.0831 | Train Acc 96.8319 | Valid Acc 96.4844
2026-07-10 08:18:25 | TestSub: S11 | Epoch 64/100 Finsh | Now_lr 0.0005/0.0005 | Train Loss 0.0918 | Valid Loss 0.1065 | Train Acc 96.5733 | Valid Acc 95.8984
2026-07-10 08:18:26 | TestSub: S11 | Epoch 65/100 Finsh | Now_lr 0.0005/0.0005 | Train Loss 0.0877 | Valid Loss 0.0949 | Train Acc 96.5948 | Valid Acc 96.6797
2026-07-10 08:18:27 | TestSub: S11 | Epoch 66/100 Finsh | Now_lr 0.0005/0.0005 | Train Loss 0.0843 | Valid Loss 0.1086 | Train Acc 96.5948 | Valid Acc 96.8750
2026-07-10 08:18:29 | TestSub: S11 | Epoch 67/100 Finsh | Now_lr 0.0005/0.0005 | Train Loss 0.0905 | Valid Loss 0.0779 | Train Acc 96.5517 | Valid Acc 97.2656
2026-07-10 08:18:29 | Validation loss decreased (0.079172 --> 0.077938) in epoch (67). Saving model ...
2026-07-10 08:18:30 | TestSub: S11 | Epoch 68/100 Finsh | Now_lr 0.0005/0.0005 | Train Loss 0.0813 | Valid Loss 0.0859 | Train Acc 97.0043 | Valid Acc 96.8750
2026-07-10 08:18:31 | TestSub: S11 | Epoch 69/100 Finsh | Now_lr 0.0005/0.0005 | Train Loss 0.0871 | Valid Loss 0.1493 | Train Acc 96.7457 | Valid Acc 94.9219
2026-07-10 08:18:33 | TestSub: S11 | Epoch 70/100 Finsh | Now_lr 0.0005/0.0005 | Train Loss 0.1025 | Valid Loss 0.0807 | Train Acc 96.0560 | Valid Acc 96.8750
2026-07-10 08:18:34 | TestSub: S11 | Epoch 71/100 Finsh | Now_lr 0.0005/0.0005 | Train Loss 0.0778 | Valid Loss 0.1405 | Train Acc 97.0690 | Valid Acc 95.7031
2026-07-10 08:18:35 | TestSub: S11 | Epoch 72/100 Finsh | Now_lr 0.0005/0.0005 | Train Loss 0.0810 | Valid Loss 0.1034 | Train Acc 97.1121 | Valid Acc 95.1172
2026-07-10 08:18:37 | TestSub: S11 | Epoch 73/100 Finsh | Now_lr 0.0005/0.0005 | Train Loss 0.0847 | Valid Loss 0.1051 | Train Acc 96.7026 | Valid Acc 96.8750
2026-07-10 08:18:38 | TestSub: S11 | Epoch 74/100 Finsh | Now_lr 0.0005/0.0005 | Train Loss 0.0822 | Valid Loss 0.0883 | Train Acc 96.8750 | Valid Acc 97.4609
2026-07-10 08:18:39 | TestSub: S11 | Epoch 75/100 Finsh | Now_lr 0.0005/0.0005 | Train Loss 0.0838 | Valid Loss 0.1105 | Train Acc 96.7457 | Valid Acc 95.1172
2026-07-10 08:18:41 | TestSub: S11 | Epoch 76/100 Finsh | Now_lr 0.0005/0.0005 | Train Loss 0.0832 | Valid Loss 0.1584 | Train Acc 96.7457 | Valid Acc 94.3359
2026-07-10 08:18:42 | TestSub: S11 | Epoch 77/100 Finsh | Now_lr 0.0005/0.0005 | Train Loss 0.0789 | Valid Loss 0.0810 | Train Acc 96.9612 | Valid Acc 96.4844
2026-07-10 08:18:43 | TestSub: S11 | Epoch 78/100 Finsh | Now_lr 0.0005/0.0005 | Train Loss 0.0864 | Valid Loss 0.1208 | Train Acc 96.6810 | Valid Acc 96.6797
2026-07-10 08:18:44 | TestSub: S11 | Epoch 79/100 Finsh | Now_lr 0.0005/0.0005 | Train Loss 0.0704 | Valid Loss 0.0816 | Train Acc 97.5000 | Valid Acc 97.0703
2026-07-10 08:18:46 | TestSub: S11 | Epoch 80/100 Finsh | Now_lr 0.0005/0.0005 | Train Loss 0.0823 | Valid Loss 0.0876 | Train Acc 96.5733 | Valid Acc 97.0703
2026-07-10 08:18:47 | TestSub: S11 | Epoch 81/100 Finsh | Now_lr 0.0005/0.0005 | Train Loss 0.0912 | Valid Loss 0.1149 | Train Acc 96.4009 | Valid Acc 95.8984
2026-07-10 08:18:48 | TestSub: S11 | Epoch 82/100 Finsh | Now_lr 0.0005/0.0005 | Train Loss 0.0801 | Valid Loss 0.1300 | Train Acc 97.0474 | Valid Acc 95.5078
2026-07-10 08:18:50 | TestSub: S11 | Epoch 83/100 Finsh | Now_lr 0.0005/0.0005 | Train Loss 0.0703 | Valid Loss 0.1246 | Train Acc 97.3276 | Valid Acc 95.3125
2026-07-10 08:18:51 | TestSub: S11 | Epoch 84/100 Finsh | Now_lr 0.0005/0.0005 | Train Loss 0.0691 | Valid Loss 0.0837 | Train Acc 97.1983 | Valid Acc 96.2891
2026-07-10 08:18:52 | TestSub: S11 | Epoch 85/100 Finsh | Now_lr 0.0005/0.0005 | Train Loss 0.0701 | Valid Loss 0.0920 | Train Acc 97.3922 | Valid Acc 97.2656
2026-07-10 08:18:54 | TestSub: S11 | Epoch 86/100 Finsh | Now_lr 0.0005/0.0005 | Train Loss 0.0938 | Valid Loss 0.1091 | Train Acc 96.3578 | Valid Acc 97.4609
2026-07-10 08:18:55 | TestSub: S11 | Epoch 87/100 Finsh | Now_lr 0.0005/0.0005 | Train Loss 0.0842 | Valid Loss 0.0814 | Train Acc 96.8750 | Valid Acc 97.0703
2026-07-10 08:18:56 | TestSub: S11 | Epoch 88/100 Finsh | Now_lr 0.0005/0.0005 | Train Loss 0.0854 | Valid Loss 0.0943 | Train Acc 96.7026 | Valid Acc 97.2656
2026-07-10 08:18:56 | Early stopping at epoch 88!
2026-07-10 08:18:56 | --------------------------------------------------
2026-07-10 08:18:56 | Test_Subject :S11 | Best epoch:67 | Test Loss:0.0982 | Savemodel Acc 95.6597
2026-07-10 08:18:56 | --------------------------------------------------
2026-07-10 08:18:56 | Best epoch: 67 | Test acc: 95.6597
