2026-07-10 08:09:41 | Logging started: ./writer/Subject_dependent_AAD/KUL/1.0s/result//Train1.0s_sub8.log
2026-07-10 08:09:46 | Sub_id: 8
2026-07-10 08:09:50 | TestSub: S8 | Epoch  1/100 Finsh | Now_lr 0.0005/0.0005 | Train Loss 0.6357 | Valid Loss 0.5074 | Train Acc 65.1724 | Valid Acc 83.7891
2026-07-10 08:09:50 | Validation loss decreased (inf --> 0.507410) in epoch (1). Saving model ...
2026-07-10 08:09:51 | TestSub: S8 | Epoch  2/100 Finsh | Now_lr 0.0005/0.0005 | Train Loss 0.3576 | Valid Loss 0.2456 | Train Acc 89.2026 | Valid Acc 94.3359
2026-07-10 08:09:51 | Validation loss decreased (0.507410 --> 0.245570) in epoch (2). Saving model ...
2026-07-10 08:09:53 | TestSub: S8 | Epoch  3/100 Finsh | Now_lr 0.0005/0.0005 | Train Loss 0.2219 | Valid Loss 0.1710 | Train Acc 93.7284 | Valid Acc 96.2891
2026-07-10 08:09:53 | Validation loss decreased (0.245570 --> 0.171015) in epoch (3). Saving model ...
2026-07-10 08:09:54 | TestSub: S8 | Epoch  4/100 Finsh | Now_lr 0.0005/0.0005 | Train Loss 0.1601 | Valid Loss 0.1233 | Train Acc 95.7974 | Valid Acc 97.2656
2026-07-10 08:09:54 | Validation loss decreased (0.171015 --> 0.123294) in epoch (4). Saving model ...
2026-07-10 08:09:55 | TestSub: S8 | Epoch  5/100 Finsh | Now_lr 0.0005/0.0005 | Train Loss 0.1362 | Valid Loss 0.0960 | Train Acc 96.0991 | Valid Acc 98.2422
2026-07-10 08:09:55 | Validation loss decreased (0.123294 --> 0.095960) in epoch (5). Saving model ...
2026-07-10 08:09:57 | TestSub: S8 | Epoch  6/100 Finsh | Now_lr 0.0005/0.0005 | Train Loss 0.1152 | Valid Loss 0.0813 | Train Acc 96.7457 | Valid Acc 98.2422
2026-07-10 08:09:57 | Validation loss decreased (0.095960 --> 0.081250) in epoch (6). Saving model ...
2026-07-10 08:09:58 | TestSub: S8 | Epoch  7/100 Finsh | Now_lr 0.0005/0.0005 | Train Loss 0.1007 | Valid Loss 0.0665 | Train Acc 96.8966 | Valid Acc 98.8281
2026-07-10 08:09:58 | Validation loss decreased (0.081250 --> 0.066548) in epoch (7). Saving model ...
2026-07-10 08:10:00 | TestSub: S8 | Epoch  8/100 Finsh | Now_lr 0.0005/0.0005 | Train Loss 0.0876 | Valid Loss 0.0567 | Train Acc 97.1767 | Valid Acc 99.2188
2026-07-10 08:10:00 | Validation loss decreased (0.066548 --> 0.056669) in epoch (8). Saving model ...
2026-07-10 08:10:01 | TestSub: S8 | Epoch  9/100 Finsh | Now_lr 0.0005/0.0005 | Train Loss 0.0791 | Valid Loss 0.0588 | Train Acc 97.8233 | Valid Acc 98.4375
2026-07-10 08:10:03 | TestSub: S8 | Epoch 10/100 Finsh | Now_lr 0.0005/0.0005 | Train Loss 0.0726 | Valid Loss 0.0445 | Train Acc 97.7586 | Valid Acc 99.2188
2026-07-10 08:10:03 | Validation loss decreased (0.056669 --> 0.044500) in epoch (10). Saving model ...
2026-07-10 08:10:04 | TestSub: S8 | Epoch 11/100 Finsh | Now_lr 0.0005/0.0005 | Train Loss 0.0621 | Valid Loss 0.0521 | Train Acc 98.3836 | Valid Acc 99.0234
2026-07-10 08:10:05 | TestSub: S8 | Epoch 12/100 Finsh | Now_lr 0.0005/0.0005 | Train Loss 0.0630 | Valid Loss 0.0397 | Train Acc 98.1466 | Valid Acc 99.4141
2026-07-10 08:10:05 | Validation loss decreased (0.044500 --> 0.039666) in epoch (12). Saving model ...
2026-07-10 08:10:07 | TestSub: S8 | Epoch 13/100 Finsh | Now_lr 0.0005/0.0005 | Train Loss 0.0537 | Valid Loss 0.0303 | Train Acc 98.5776 | Valid Acc 99.8047
2026-07-10 08:10:07 | Validation loss decreased (0.039666 --> 0.030302) in epoch (13). Saving model ...
2026-07-10 08:10:08 | TestSub: S8 | Epoch 14/100 Finsh | Now_lr 0.0005/0.0005 | Train Loss 0.0528 | Valid Loss 0.0328 | Train Acc 98.5129 | Valid Acc 99.4141
2026-07-10 08:10:10 | TestSub: S8 | Epoch 15/100 Finsh | Now_lr 0.0005/0.0005 | Train Loss 0.0516 | Valid Loss 0.0281 | Train Acc 98.3836 | Valid Acc 99.6094
2026-07-10 08:10:10 | Validation loss decreased (0.030302 --> 0.028137) in epoch (15). Saving model ...
2026-07-10 08:10:11 | TestSub: S8 | Epoch 16/100 Finsh | Now_lr 0.0005/0.0005 | Train Loss 0.0563 | Valid Loss 0.0289 | Train Acc 98.1034 | Valid Acc 99.2188
2026-07-10 08:10:12 | TestSub: S8 | Epoch 17/100 Finsh | Now_lr 0.0005/0.0005 | Train Loss 0.0494 | Valid Loss 0.0217 | Train Acc 98.5776 | Valid Acc 99.8047
2026-07-10 08:10:12 | Validation loss decreased (0.028137 --> 0.021666) in epoch (17). Saving model ...
2026-07-10 08:10:14 | TestSub: S8 | Epoch 18/100 Finsh | Now_lr 0.0005/0.0005 | Train Loss 0.0394 | Valid Loss 0.0169 | Train Acc 98.9655 | Valid Acc 99.8047
2026-07-10 08:10:14 | Validation loss decreased (0.021666 --> 0.016929) in epoch (18). Saving model ...
2026-07-10 08:10:16 | TestSub: S8 | Epoch 19/100 Finsh | Now_lr 0.0005/0.0005 | Train Loss 0.0386 | Valid Loss 0.0183 | Train Acc 98.7500 | Valid Acc 99.8047
2026-07-10 08:10:17 | TestSub: S8 | Epoch 20/100 Finsh | Now_lr 0.0005/0.0005 | Train Loss 0.0433 | Valid Loss 0.0193 | Train Acc 98.7716 | Valid Acc 99.6094
2026-07-10 08:10:18 | TestSub: S8 | Epoch 21/100 Finsh | Now_lr 0.0005/0.0005 | Train Loss 0.0312 | Valid Loss 0.0194 | Train Acc 99.2457 | Valid Acc 99.8047
2026-07-10 08:10:20 | TestSub: S8 | Epoch 22/100 Finsh | Now_lr 0.0005/0.0005 | Train Loss 0.0348 | Valid Loss 0.0156 | Train Acc 98.9871 | Valid Acc 99.8047
2026-07-10 08:10:20 | Validation loss decreased (0.016929 --> 0.015624) in epoch (22). Saving model ...
2026-07-10 08:10:21 | TestSub: S8 | Epoch 23/100 Finsh | Now_lr 0.0005/0.0005 | Train Loss 0.0361 | Valid Loss 0.0131 | Train Acc 98.8793 | Valid Acc 100.0000
2026-07-10 08:10:21 | Validation loss decreased (0.015624 --> 0.013066) in epoch (23). Saving model ...
2026-07-10 08:10:23 | TestSub: S8 | Epoch 24/100 Finsh | Now_lr 0.0005/0.0005 | Train Loss 0.0300 | Valid Loss 0.0132 | Train Acc 99.1379 | Valid Acc 99.8047
2026-07-10 08:10:24 | TestSub: S8 | Epoch 25/100 Finsh | Now_lr 0.0005/0.0005 | Train Loss 0.0339 | Valid Loss 0.0156 | Train Acc 98.9655 | Valid Acc 99.6094
2026-07-10 08:10:25 | TestSub: S8 | Epoch 26/100 Finsh | Now_lr 0.0005/0.0005 | Train Loss 0.0326 | Valid Loss 0.0124 | Train Acc 99.0302 | Valid Acc 99.8047
2026-07-10 08:10:25 | Validation loss decreased (0.013066 --> 0.012412) in epoch (26). Saving model ...
2026-07-10 08:10:27 | TestSub: S8 | Epoch 27/100 Finsh | Now_lr 0.0005/0.0005 | Train Loss 0.0374 | Valid Loss 0.0123 | Train Acc 98.8578 | Valid Acc 99.8047
2026-07-10 08:10:27 | Validation loss decreased (0.012412 --> 0.012271) in epoch (27). Saving model ...
2026-07-10 08:10:29 | TestSub: S8 | Epoch 28/100 Finsh | Now_lr 0.0005/0.0005 | Train Loss 0.0270 | Valid Loss 0.0119 | Train Acc 99.3534 | Valid Acc 100.0000
2026-07-10 08:10:29 | Validation loss decreased (0.012271 --> 0.011885) in epoch (28). Saving model ...
2026-07-10 08:10:30 | TestSub: S8 | Epoch 29/100 Finsh | Now_lr 0.0005/0.0005 | Train Loss 0.0307 | Valid Loss 0.0201 | Train Acc 98.9655 | Valid Acc 99.6094
2026-07-10 08:10:32 | TestSub: S8 | Epoch 30/100 Finsh | Now_lr 0.0005/0.0005 | Train Loss 0.0254 | Valid Loss 0.0115 | Train Acc 99.1379 | Valid Acc 99.8047
2026-07-10 08:10:32 | Validation loss decreased (0.011885 --> 0.011469) in epoch (30). Saving model ...
2026-07-10 08:10:33 | TestSub: S8 | Epoch 31/100 Finsh | Now_lr 0.0005/0.0005 | Train Loss 0.0269 | Valid Loss 0.0175 | Train Acc 99.0733 | Valid Acc 99.8047
2026-07-10 08:10:34 | TestSub: S8 | Epoch 32/100 Finsh | Now_lr 0.0005/0.0005 | Train Loss 0.0307 | Valid Loss 0.0097 | Train Acc 98.8578 | Valid Acc 99.8047
2026-07-10 08:10:34 | Validation loss decreased (0.011469 --> 0.009706) in epoch (32). Saving model ...
2026-07-10 08:10:36 | TestSub: S8 | Epoch 33/100 Finsh | Now_lr 0.0005/0.0005 | Train Loss 0.0344 | Valid Loss 0.0098 | Train Acc 98.9440 | Valid Acc 100.0000
2026-07-10 08:10:37 | TestSub: S8 | Epoch 34/100 Finsh | Now_lr 0.0005/0.0005 | Train Loss 0.0278 | Valid Loss 0.0198 | Train Acc 99.3319 | Valid Acc 99.2188
2026-07-10 08:10:38 | TestSub: S8 | Epoch 35/100 Finsh | Now_lr 0.0005/0.0005 | Train Loss 0.0246 | Valid Loss 0.0094 | Train Acc 99.3319 | Valid Acc 99.6094
2026-07-10 08:10:38 | Validation loss decreased (0.009706 --> 0.009384) in epoch (35). Saving model ...
2026-07-10 08:10:40 | TestSub: S8 | Epoch 36/100 Finsh | Now_lr 0.0005/0.0005 | Train Loss 0.0237 | Valid Loss 0.0090 | Train Acc 99.2888 | Valid Acc 99.8047
2026-07-10 08:10:40 | Validation loss decreased (0.009384 --> 0.008976) in epoch (36). Saving model ...
2026-07-10 08:10:41 | TestSub: S8 | Epoch 37/100 Finsh | Now_lr 0.0005/0.0005 | Train Loss 0.0252 | Valid Loss 0.0076 | Train Acc 99.1810 | Valid Acc 99.8047
2026-07-10 08:10:41 | Validation loss decreased (0.008976 --> 0.007621) in epoch (37). Saving model ...
2026-07-10 08:10:43 | TestSub: S8 | Epoch 38/100 Finsh | Now_lr 0.0005/0.0005 | Train Loss 0.0261 | Valid Loss 0.0073 | Train Acc 99.2026 | Valid Acc 100.0000
2026-07-10 08:10:43 | Validation loss decreased (0.007621 --> 0.007251) in epoch (38). Saving model ...
2026-07-10 08:10:44 | TestSub: S8 | Epoch 39/100 Finsh | Now_lr 0.0005/0.0005 | Train Loss 0.0200 | Valid Loss 0.0062 | Train Acc 99.5043 | Valid Acc 99.8047
2026-07-10 08:10:44 | Validation loss decreased (0.007251 --> 0.006178) in epoch (39). Saving model ...
2026-07-10 08:10:46 | TestSub: S8 | Epoch 40/100 Finsh | Now_lr 0.0005/0.0005 | Train Loss 0.0344 | Valid Loss 0.0093 | Train Acc 98.8793 | Valid Acc 99.6094
2026-07-10 08:10:47 | TestSub: S8 | Epoch 41/100 Finsh | Now_lr 0.0005/0.0005 | Train Loss 0.0277 | Valid Loss 0.0100 | Train Acc 98.9440 | Valid Acc 99.8047
2026-07-10 08:10:48 | TestSub: S8 | Epoch 42/100 Finsh | Now_lr 0.0005/0.0005 | Train Loss 0.0268 | Valid Loss 0.0077 | Train Acc 99.2672 | Valid Acc 99.8047
2026-07-10 08:10:49 | TestSub: S8 | Epoch 43/100 Finsh | Now_lr 0.0005/0.0005 | Train Loss 0.0283 | Valid Loss 0.0106 | Train Acc 98.9871 | Valid Acc 99.8047
2026-07-10 08:10:51 | TestSub: S8 | Epoch 44/100 Finsh | Now_lr 0.0005/0.0005 | Train Loss 0.0234 | Valid Loss 0.0063 | Train Acc 99.3534 | Valid Acc 100.0000
2026-07-10 08:10:52 | TestSub: S8 | Epoch 45/100 Finsh | Now_lr 0.0005/0.0005 | Train Loss 0.0164 | Valid Loss 0.0117 | Train Acc 99.5043 | Valid Acc 99.6094
2026-07-10 08:10:53 | TestSub: S8 | Epoch 46/100 Finsh | Now_lr 0.0005/0.0005 | Train Loss 0.0322 | Valid Loss 0.0139 | Train Acc 98.7931 | Valid Acc 99.4141
2026-07-10 08:10:55 | TestSub: S8 | Epoch 47/100 Finsh | Now_lr 0.0005/0.0005 | Train Loss 0.0183 | Valid Loss 0.0070 | Train Acc 99.5043 | Valid Acc 99.8047
2026-07-10 08:10:56 | TestSub: S8 | Epoch 48/100 Finsh | Now_lr 0.0005/0.0005 | Train Loss 0.0192 | Valid Loss 0.0070 | Train Acc 99.5259 | Valid Acc 99.8047
2026-07-10 08:10:57 | TestSub: S8 | Epoch 49/100 Finsh | Now_lr 0.0005/0.0005 | Train Loss 0.0207 | Valid Loss 0.0048 | Train Acc 99.4612 | Valid Acc 100.0000
2026-07-10 08:10:57 | Validation loss decreased (0.006178 --> 0.004784) in epoch (49). Saving model ...
2026-07-10 08:10:59 | TestSub: S8 | Epoch 50/100 Finsh | Now_lr 0.0005/0.0005 | Train Loss 0.0179 | Valid Loss 0.0104 | Train Acc 99.5259 | Valid Acc 99.8047
2026-07-10 08:11:00 | TestSub: S8 | Epoch 51/100 Finsh | Now_lr 0.0005/0.0005 | Train Loss 0.0315 | Valid Loss 0.0073 | Train Acc 98.9440 | Valid Acc 100.0000
2026-07-10 08:11:01 | TestSub: S8 | Epoch 52/100 Finsh | Now_lr 0.0005/0.0005 | Train Loss 0.0237 | Valid Loss 0.0059 | Train Acc 99.2888 | Valid Acc 100.0000
2026-07-10 08:11:03 | TestSub: S8 | Epoch 53/100 Finsh | Now_lr 0.0005/0.0005 | Train Loss 0.0176 | Valid Loss 0.0051 | Train Acc 99.5474 | Valid Acc 100.0000
2026-07-10 08:11:04 | TestSub: S8 | Epoch 54/100 Finsh | Now_lr 0.0005/0.0005 | Train Loss 0.0197 | Valid Loss 0.0054 | Train Acc 99.4828 | Valid Acc 100.0000
2026-07-10 08:11:05 | TestSub: S8 | Epoch 55/100 Finsh | Now_lr 0.0005/0.0005 | Train Loss 0.0169 | Valid Loss 0.0052 | Train Acc 99.5043 | Valid Acc 99.8047
2026-07-10 08:11:07 | TestSub: S8 | Epoch 56/100 Finsh | Now_lr 0.0005/0.0005 | Train Loss 0.0179 | Valid Loss 0.0061 | Train Acc 99.4397 | Valid Acc 100.0000
2026-07-10 08:11:08 | TestSub: S8 | Epoch 57/100 Finsh | Now_lr 0.0005/0.0005 | Train Loss 0.0256 | Valid Loss 0.0039 | Train Acc 99.1595 | Valid Acc 100.0000
2026-07-10 08:11:08 | Validation loss decreased (0.004784 --> 0.003861) in epoch (57). Saving model ...
2026-07-10 08:11:09 | TestSub: S8 | Epoch 58/100 Finsh | Now_lr 0.0005/0.0005 | Train Loss 0.0199 | Valid Loss 0.0035 | Train Acc 99.3319 | Valid Acc 100.0000
2026-07-10 08:11:09 | Validation loss decreased (0.003861 --> 0.003503) in epoch (58). Saving model ...
2026-07-10 08:11:11 | TestSub: S8 | Epoch 59/100 Finsh | Now_lr 0.0005/0.0005 | Train Loss 0.0257 | Valid Loss 0.0055 | Train Acc 98.9871 | Valid Acc 100.0000
2026-07-10 08:11:12 | TestSub: S8 | Epoch 60/100 Finsh | Now_lr 0.0005/0.0005 | Train Loss 0.0173 | Valid Loss 0.0049 | Train Acc 99.4612 | Valid Acc 100.0000
2026-07-10 08:11:13 | TestSub: S8 | Epoch 61/100 Finsh | Now_lr 0.0005/0.0005 | Train Loss 0.0181 | Valid Loss 0.0053 | Train Acc 99.4181 | Valid Acc 100.0000
2026-07-10 08:11:15 | TestSub: S8 | Epoch 62/100 Finsh | Now_lr 0.0005/0.0005 | Train Loss 0.0254 | Valid Loss 0.0041 | Train Acc 98.9871 | Valid Acc 100.0000
2026-07-10 08:11:16 | TestSub: S8 | Epoch 63/100 Finsh | Now_lr 0.0005/0.0005 | Train Loss 0.0265 | Valid Loss 0.0040 | Train Acc 99.0733 | Valid Acc 100.0000
2026-07-10 08:11:17 | TestSub: S8 | Epoch 64/100 Finsh | Now_lr 0.0005/0.0005 | Train Loss 0.0251 | Valid Loss 0.0067 | Train Acc 99.0948 | Valid Acc 99.8047
2026-07-10 08:11:18 | TestSub: S8 | Epoch 65/100 Finsh | Now_lr 0.0005/0.0005 | Train Loss 0.0142 | Valid Loss 0.0025 | Train Acc 99.5690 | Valid Acc 100.0000
2026-07-10 08:11:18 | Validation loss decreased (0.003503 --> 0.002508) in epoch (65). Saving model ...
2026-07-10 08:11:20 | TestSub: S8 | Epoch 66/100 Finsh | Now_lr 0.0005/0.0005 | Train Loss 0.0184 | Valid Loss 0.0034 | Train Acc 99.3750 | Valid Acc 100.0000
2026-07-10 08:11:22 | TestSub: S8 | Epoch 67/100 Finsh | Now_lr 0.0005/0.0005 | Train Loss 0.0189 | Valid Loss 0.0053 | Train Acc 99.2888 | Valid Acc 99.8047
2026-07-10 08:11:23 | TestSub: S8 | Epoch 68/100 Finsh | Now_lr 0.0005/0.0005 | Train Loss 0.0198 | Valid Loss 0.0041 | Train Acc 99.3750 | Valid Acc 100.0000
2026-07-10 08:11:24 | TestSub: S8 | Epoch 69/100 Finsh | Now_lr 0.0005/0.0005 | Train Loss 0.0142 | Valid Loss 0.0046 | Train Acc 99.5690 | Valid Acc 100.0000
2026-07-10 08:11:26 | TestSub: S8 | Epoch 70/100 Finsh | Now_lr 0.0005/0.0005 | Train Loss 0.0167 | Valid Loss 0.0083 | Train Acc 99.3750 | Valid Acc 100.0000
2026-07-10 08:11:27 | TestSub: S8 | Epoch 71/100 Finsh | Now_lr 0.0005/0.0005 | Train Loss 0.0287 | Valid Loss 0.0063 | Train Acc 99.0948 | Valid Acc 100.0000
2026-07-10 08:11:28 | TestSub: S8 | Epoch 72/100 Finsh | Now_lr 0.0005/0.0005 | Train Loss 0.0212 | Valid Loss 0.0076 | Train Acc 99.2457 | Valid Acc 100.0000
2026-07-10 08:11:29 | TestSub: S8 | Epoch 73/100 Finsh | Now_lr 0.0005/0.0005 | Train Loss 0.0217 | Valid Loss 0.0051 | Train Acc 99.2457 | Valid Acc 100.0000
2026-07-10 08:11:31 | TestSub: S8 | Epoch 74/100 Finsh | Now_lr 0.0005/0.0005 | Train Loss 0.0140 | Valid Loss 0.0094 | Train Acc 99.6552 | Valid Acc 99.6094
2026-07-10 08:11:32 | TestSub: S8 | Epoch 75/100 Finsh | Now_lr 0.0005/0.0005 | Train Loss 0.0142 | Valid Loss 0.0024 | Train Acc 99.5690 | Valid Acc 100.0000
2026-07-10 08:11:32 | Validation loss decreased (0.002508 --> 0.002407) in epoch (75). Saving model ...
2026-07-10 08:11:34 | TestSub: S8 | Epoch 76/100 Finsh | Now_lr 0.0005/0.0005 | Train Loss 0.0136 | Valid Loss 0.0031 | Train Acc 99.5905 | Valid Acc 100.0000
2026-07-10 08:11:35 | TestSub: S8 | Epoch 77/100 Finsh | Now_lr 0.0005/0.0005 | Train Loss 0.0217 | Valid Loss 0.0235 | Train Acc 99.2457 | Valid Acc 99.0234
2026-07-10 08:11:36 | TestSub: S8 | Epoch 78/100 Finsh | Now_lr 0.0005/0.0005 | Train Loss 0.0154 | Valid Loss 0.0028 | Train Acc 99.4828 | Valid Acc 100.0000
2026-07-10 08:11:38 | TestSub: S8 | Epoch 79/100 Finsh | Now_lr 0.0005/0.0005 | Train Loss 0.0138 | Valid Loss 0.0048 | Train Acc 99.6552 | Valid Acc 99.8047
2026-07-10 08:11:39 | TestSub: S8 | Epoch 80/100 Finsh | Now_lr 0.0005/0.0005 | Train Loss 0.0175 | Valid Loss 0.0047 | Train Acc 99.3966 | Valid Acc 99.8047
2026-07-10 08:11:40 | TestSub: S8 | Epoch 81/100 Finsh | Now_lr 0.0005/0.0005 | Train Loss 0.0151 | Valid Loss 0.0033 | Train Acc 99.6121 | Valid Acc 100.0000
2026-07-10 08:11:42 | TestSub: S8 | Epoch 82/100 Finsh | Now_lr 0.0005/0.0005 | Train Loss 0.0183 | Valid Loss 0.0036 | Train Acc 99.4397 | Valid Acc 100.0000
2026-07-10 08:11:43 | TestSub: S8 | Epoch 83/100 Finsh | Now_lr 0.0005/0.0005 | Train Loss 0.0235 | Valid Loss 0.0042 | Train Acc 99.0302 | Valid Acc 100.0000
2026-07-10 08:11:44 | TestSub: S8 | Epoch 84/100 Finsh | Now_lr 0.0005/0.0005 | Train Loss 0.0207 | Valid Loss 0.0035 | Train Acc 99.3966 | Valid Acc 100.0000
2026-07-10 08:11:46 | TestSub: S8 | Epoch 85/100 Finsh | Now_lr 0.0005/0.0005 | Train Loss 0.0133 | Valid Loss 0.0029 | Train Acc 99.6336 | Valid Acc 100.0000
2026-07-10 08:11:47 | TestSub: S8 | Epoch 86/100 Finsh | Now_lr 0.0005/0.0005 | Train Loss 0.0119 | Valid Loss 0.0039 | Train Acc 99.6767 | Valid Acc 99.8047
2026-07-10 08:11:48 | TestSub: S8 | Epoch 87/100 Finsh | Now_lr 0.0005/0.0005 | Train Loss 0.0202 | Valid Loss 0.0035 | Train Acc 99.3750 | Valid Acc 100.0000
2026-07-10 08:11:49 | TestSub: S8 | Epoch 88/100 Finsh | Now_lr 0.0005/0.0005 | Train Loss 0.0194 | Valid Loss 0.0041 | Train Acc 99.3966 | Valid Acc 100.0000
2026-07-10 08:11:51 | TestSub: S8 | Epoch 89/100 Finsh | Now_lr 0.0005/0.0005 | Train Loss 0.0201 | Valid Loss 0.0052 | Train Acc 99.3966 | Valid Acc 100.0000
2026-07-10 08:11:52 | TestSub: S8 | Epoch 90/100 Finsh | Now_lr 0.0005/0.0005 | Train Loss 0.0271 | Valid Loss 0.0043 | Train Acc 98.9871 | Valid Acc 100.0000
2026-07-10 08:11:53 | TestSub: S8 | Epoch 91/100 Finsh | Now_lr 0.0005/0.0005 | Train Loss 0.0146 | Valid Loss 0.0023 | Train Acc 99.5259 | Valid Acc 100.0000
2026-07-10 08:11:53 | Validation loss decreased (0.002407 --> 0.002262) in epoch (91). Saving model ...
2026-07-10 08:11:55 | TestSub: S8 | Epoch 92/100 Finsh | Now_lr 0.0005/0.0005 | Train Loss 0.0138 | Valid Loss 0.0029 | Train Acc 99.5043 | Valid Acc 100.0000
2026-07-10 08:11:56 | TestSub: S8 | Epoch 93/100 Finsh | Now_lr 0.0005/0.0005 | Train Loss 0.0144 | Valid Loss 0.0026 | Train Acc 99.5474 | Valid Acc 100.0000
2026-07-10 08:11:57 | TestSub: S8 | Epoch 94/100 Finsh | Now_lr 0.0005/0.0005 | Train Loss 0.0151 | Valid Loss 0.0144 | Train Acc 99.5905 | Valid Acc 99.6094
2026-07-10 08:11:59 | TestSub: S8 | Epoch 95/100 Finsh | Now_lr 0.0005/0.0005 | Train Loss 0.0179 | Valid Loss 0.0028 | Train Acc 99.4397 | Valid Acc 100.0000
2026-07-10 08:12:00 | TestSub: S8 | Epoch 96/100 Finsh | Now_lr 0.0005/0.0005 | Train Loss 0.0123 | Valid Loss 0.0056 | Train Acc 99.6336 | Valid Acc 100.0000
2026-07-10 08:12:01 | TestSub: S8 | Epoch 97/100 Finsh | Now_lr 0.0005/0.0005 | Train Loss 0.0183 | Valid Loss 0.0033 | Train Acc 99.3966 | Valid Acc 100.0000
2026-07-10 08:12:03 | TestSub: S8 | Epoch 98/100 Finsh | Now_lr 0.0005/0.0005 | Train Loss 0.0165 | Valid Loss 0.0023 | Train Acc 99.4612 | Valid Acc 100.0000
2026-07-10 08:12:04 | TestSub: S8 | Epoch 99/100 Finsh | Now_lr 0.0005/0.0005 | Train Loss 0.0158 | Valid Loss 0.0021 | Train Acc 99.4828 | Valid Acc 100.0000
2026-07-10 08:12:04 | Validation loss decreased (0.002262 --> 0.002063) in epoch (99). Saving model ...
2026-07-10 08:12:06 | TestSub: S8 | Epoch 100/100 Finsh | Now_lr 0.0005/0.0005 | Train Loss 0.0132 | Valid Loss 0.0026 | Train Acc 99.6336 | Valid Acc 100.0000
2026-07-10 08:12:06 | --------------------------------------------------
2026-07-10 08:12:06 | Test_Subject :S8 | Best epoch:99 | Test Loss:0.0202 | Savemodel Acc 99.1319
2026-07-10 08:12:06 | --------------------------------------------------
2026-07-10 08:12:06 | Best epoch: 99 | Test acc: 99.1319
