2026-07-16 02:31:24 | Logging started: ./writer/Subject_independent_AAD/AVEDav/5.0s/result//Train5.0s_sub1.log
2026-07-16 02:31:46 | TestSub: S1 | Epoch  1/100 Finsh | Now_lr 0.0005/0.0005 | Train Loss 0.6994 | Valid Loss 0.6943 | Train Acc 50.3892 | Valid Acc 50.1078
2026-07-16 02:31:51 | TestSub: S1 | Epoch  2/100 Finsh | Now_lr 0.0005/0.0005 | Train Loss 0.6932 | Valid Loss 0.6932 | Train Acc 51.8632 | Valid Acc 51.1853
2026-07-16 02:31:55 | TestSub: S1 | Epoch  3/100 Finsh | Now_lr 0.0005/0.0005 | Train Loss 0.6894 | Valid Loss 0.6907 | Train Acc 53.5142 | Valid Acc 52.3707
2026-07-16 02:32:00 | TestSub: S1 | Epoch  4/100 Finsh | Now_lr 0.0005/0.0005 | Train Loss 0.6850 | Valid Loss 0.6898 | Train Acc 55.1769 | Valid Acc 54.2026
2026-07-16 02:32:04 | TestSub: S1 | Epoch  5/100 Finsh | Now_lr 0.0005/0.0005 | Train Loss 0.6801 | Valid Loss 0.6903 | Train Acc 56.2028 | Valid Acc 52.8017
2026-07-16 02:32:09 | TestSub: S1 | Epoch  6/100 Finsh | Now_lr 0.0005/0.0005 | Train Loss 0.6768 | Valid Loss 0.6893 | Train Acc 56.7689 | Valid Acc 55.7112
2026-07-16 02:32:14 | TestSub: S1 | Epoch  7/100 Finsh | Now_lr 0.0005/0.0005 | Train Loss 0.6730 | Valid Loss 0.6872 | Train Acc 57.6533 | Valid Acc 55.9267
2026-07-16 02:32:18 | TestSub: S1 | Epoch  8/100 Finsh | Now_lr 0.0005/0.0005 | Train Loss 0.6696 | Valid Loss 0.6849 | Train Acc 58.3962 | Valid Acc 56.2500
2026-07-16 02:32:23 | TestSub: S1 | Epoch  9/100 Finsh | Now_lr 0.0005/0.0005 | Train Loss 0.6616 | Valid Loss 0.6832 | Train Acc 60.3066 | Valid Acc 55.7112
2026-07-16 02:32:28 | TestSub: S1 | Epoch 10/100 Finsh | Now_lr 0.0005/0.0005 | Train Loss 0.6601 | Valid Loss 0.6812 | Train Acc 60.4835 | Valid Acc 57.0043
2026-07-16 02:32:32 | TestSub: S1 | Epoch 11/100 Finsh | Now_lr 0.0005/0.0005 | Train Loss 0.6552 | Valid Loss 0.6786 | Train Acc 61.2972 | Valid Acc 58.8362
2026-07-16 02:32:37 | TestSub: S1 | Epoch 12/100 Finsh | Now_lr 0.0005/0.0005 | Train Loss 0.6508 | Valid Loss 0.6755 | Train Acc 61.3915 | Valid Acc 58.7284
2026-07-16 02:32:41 | TestSub: S1 | Epoch 13/100 Finsh | Now_lr 0.0005/0.0005 | Train Loss 0.6494 | Valid Loss 0.6757 | Train Acc 61.4858 | Valid Acc 58.9440
2026-07-16 02:32:46 | TestSub: S1 | Epoch 14/100 Finsh | Now_lr 0.0005/0.0005 | Train Loss 0.6477 | Valid Loss 0.6774 | Train Acc 62.4646 | Valid Acc 57.2198
2026-07-16 02:32:51 | TestSub: S1 | Epoch 15/100 Finsh | Now_lr 0.0005/0.0005 | Train Loss 0.6465 | Valid Loss 0.6840 | Train Acc 62.7948 | Valid Acc 55.0647
2026-07-16 02:32:55 | TestSub: S1 | Epoch 16/100 Finsh | Now_lr 0.0005/0.0005 | Train Loss 0.6384 | Valid Loss 0.6816 | Train Acc 63.0896 | Valid Acc 56.8966
2026-07-16 02:33:00 | TestSub: S1 | Epoch 17/100 Finsh | Now_lr 0.0005/0.0005 | Train Loss 0.6366 | Valid Loss 0.6791 | Train Acc 64.1392 | Valid Acc 56.0345
2026-07-16 02:33:04 | TestSub: S1 | Epoch 18/100 Finsh | Now_lr 0.0005/0.0005 | Train Loss 0.6420 | Valid Loss 0.6827 | Train Acc 62.5000 | Valid Acc 56.4655
2026-07-16 02:33:09 | TestSub: S1 | Epoch 19/100 Finsh | Now_lr 0.0005/0.0005 | Train Loss 0.6343 | Valid Loss 0.6826 | Train Acc 63.5849 | Valid Acc 57.1121
2026-07-16 02:33:14 | TestSub: S1 | Epoch 20/100 Finsh | Now_lr 0.0005/0.0005 | Train Loss 0.6359 | Valid Loss 0.6809 | Train Acc 63.4434 | Valid Acc 57.6509
2026-07-16 02:33:18 | TestSub: S1 | Epoch 21/100 Finsh | Now_lr 0.0005/0.0005 | Train Loss 0.6266 | Valid Loss 0.6787 | Train Acc 65.2948 | Valid Acc 57.3276
2026-07-16 02:33:23 | TestSub: S1 | Epoch 22/100 Finsh | Now_lr 0.0005/0.0005 | Train Loss 0.6279 | Valid Loss 0.6858 | Train Acc 64.3986 | Valid Acc 56.2500
2026-07-16 02:33:28 | TestSub: S1 | Epoch 23/100 Finsh | Now_lr 0.0005/0.0005 | Train Loss 0.6247 | Valid Loss 0.6789 | Train Acc 64.8467 | Valid Acc 57.7586
2026-07-16 02:33:32 | TestSub: S1 | Epoch 24/100 Finsh | Now_lr 0.0005/0.0005 | Train Loss 0.6241 | Valid Loss 0.6823 | Train Acc 64.5519 | Valid Acc 56.1422
2026-07-16 02:33:37 | TestSub: S1 | Epoch 25/100 Finsh | Now_lr 0.0005/0.0005 | Train Loss 0.6227 | Valid Loss 0.6838 | Train Acc 65.1533 | Valid Acc 56.8966
2026-07-16 02:33:41 | TestSub: S1 | Epoch 26/100 Finsh | Now_lr 0.0005/0.0005 | Train Loss 0.6195 | Valid Loss 0.6876 | Train Acc 64.7288 | Valid Acc 56.1422
2026-07-16 02:33:46 | TestSub: S1 | Epoch 27/100 Finsh | Now_lr 0.0005/0.0005 | Train Loss 0.6153 | Valid Loss 0.6805 | Train Acc 65.5425 | Valid Acc 57.5431
2026-07-16 02:33:51 | TestSub: S1 | Epoch 28/100 Finsh | Now_lr 0.0005/0.0005 | Train Loss 0.6183 | Valid Loss 0.6882 | Train Acc 65.3066 | Valid Acc 55.6034
2026-07-16 02:33:55 | TestSub: S1 | Epoch 29/100 Finsh | Now_lr 0.0005/0.0005 | Train Loss 0.6184 | Valid Loss 0.6796 | Train Acc 64.7759 | Valid Acc 57.9741
2026-07-16 02:34:00 | TestSub: S1 | Epoch 30/100 Finsh | Now_lr 0.0005/0.0005 | Train Loss 0.6202 | Valid Loss 0.6734 | Train Acc 65.4245 | Valid Acc 57.8664
2026-07-16 02:34:05 | TestSub: S1 | Epoch 31/100 Finsh | Now_lr 0.0005/0.0005 | Train Loss 0.6178 | Valid Loss 0.6876 | Train Acc 64.9292 | Valid Acc 56.4655
2026-07-16 02:34:09 | TestSub: S1 | Epoch 32/100 Finsh | Now_lr 0.0005/0.0005 | Train Loss 0.6121 | Valid Loss 0.6809 | Train Acc 66.0142 | Valid Acc 57.0043
2026-07-16 02:34:14 | TestSub: S1 | Epoch 33/100 Finsh | Now_lr 0.0005/0.0005 | Train Loss 0.6116 | Valid Loss 0.6747 | Train Acc 65.9080 | Valid Acc 58.9440
2026-07-16 02:34:18 | TestSub: S1 | Epoch 34/100 Finsh | Now_lr 0.0005/0.0005 | Train Loss 0.6112 | Valid Loss 0.6895 | Train Acc 65.7665 | Valid Acc 56.3578
2026-07-16 02:34:19 | --------------------------------------------------
2026-07-16 02:34:19 | Test_Subject :S1 | Best epoch:13 | Test Loss:0.6757 | Savemodel Acc 58.9440
2026-07-16 02:34:19 | --------------------------------------------------
2026-07-16 02:34:19 | Best epoch: 13 | Test acc: 58.9440
2026-07-16 03:03:10 | TorchDynamo compilation metrics:
Function, Runtimes (s)
