2026-07-15 11:59:08 | Logging started: ./writer/Subject_independent_AAD/DTU/5.0s/result//Train5.0s_sub16.log
2026-07-15 11:59:46 | TestSub: S16 | Epoch  1/100 Finsh | Now_lr 0.0005/0.0005 | Train Loss 0.7139 | Valid Loss 0.7414 | Train Acc 52.1853 | Valid Acc 39.4531
2026-07-15 11:59:56 | TestSub: S16 | Epoch  2/100 Finsh | Now_lr 0.0005/0.0005 | Train Loss 0.6680 | Valid Loss 0.7464 | Train Acc 59.4296 | Valid Acc 42.9688
2026-07-15 12:00:11 | TestSub: S16 | Epoch  3/100 Finsh | Now_lr 0.0005/0.0005 | Train Loss 0.6505 | Valid Loss 0.7474 | Train Acc 61.0249 | Valid Acc 45.5078
2026-07-15 12:00:21 | TestSub: S16 | Epoch  4/100 Finsh | Now_lr 0.0005/0.0005 | Train Loss 0.6338 | Valid Loss 0.8040 | Train Acc 63.1010 | Valid Acc 40.2344
2026-07-15 12:00:35 | TestSub: S16 | Epoch  5/100 Finsh | Now_lr 0.0005/0.0005 | Train Loss 0.6224 | Valid Loss 0.7614 | Train Acc 64.6307 | Valid Acc 43.7500
2026-07-15 12:00:46 | TestSub: S16 | Epoch  6/100 Finsh | Now_lr 0.0005/0.0005 | Train Loss 0.6063 | Valid Loss 0.7587 | Train Acc 65.5813 | Valid Acc 46.2891
2026-07-15 12:00:55 | TestSub: S16 | Epoch  7/100 Finsh | Now_lr 0.0005/0.0005 | Train Loss 0.5993 | Valid Loss 0.7352 | Train Acc 67.4497 | Valid Acc 51.9531
2026-07-15 12:01:08 | TestSub: S16 | Epoch  8/100 Finsh | Now_lr 0.0005/0.0005 | Train Loss 0.5915 | Valid Loss 0.7379 | Train Acc 67.5262 | Valid Acc 51.1719
2026-07-15 12:01:18 | TestSub: S16 | Epoch  9/100 Finsh | Now_lr 0.0005/0.0005 | Train Loss 0.5769 | Valid Loss 0.7614 | Train Acc 68.6626 | Valid Acc 47.6562
2026-07-15 12:01:28 | TestSub: S16 | Epoch 10/100 Finsh | Now_lr 0.0005/0.0005 | Train Loss 0.5752 | Valid Loss 0.7642 | Train Acc 68.7500 | Valid Acc 48.2422
2026-07-15 12:01:52 | TestSub: S16 | Epoch 11/100 Finsh | Now_lr 0.0005/0.0005 | Train Loss 0.5688 | Valid Loss 0.7755 | Train Acc 69.5149 | Valid Acc 49.0234
2026-07-15 12:02:02 | TestSub: S16 | Epoch 12/100 Finsh | Now_lr 0.0005/0.0005 | Train Loss 0.5573 | Valid Loss 0.7787 | Train Acc 70.7605 | Valid Acc 49.0234
2026-07-15 12:02:13 | TestSub: S16 | Epoch 13/100 Finsh | Now_lr 0.0005/0.0005 | Train Loss 0.5550 | Valid Loss 0.7644 | Train Acc 70.2797 | Valid Acc 52.5391
2026-07-15 12:02:24 | TestSub: S16 | Epoch 14/100 Finsh | Now_lr 0.0005/0.0005 | Train Loss 0.5498 | Valid Loss 0.7886 | Train Acc 70.7496 | Valid Acc 48.8281
2026-07-15 12:02:35 | TestSub: S16 | Epoch 15/100 Finsh | Now_lr 0.0005/0.0005 | Train Loss 0.5444 | Valid Loss 0.7557 | Train Acc 71.4052 | Valid Acc 50.7812
2026-07-15 12:02:46 | TestSub: S16 | Epoch 16/100 Finsh | Now_lr 0.0005/0.0005 | Train Loss 0.5421 | Valid Loss 0.7840 | Train Acc 71.1757 | Valid Acc 49.4141
2026-07-15 12:02:57 | TestSub: S16 | Epoch 17/100 Finsh | Now_lr 0.0005/0.0005 | Train Loss 0.5378 | Valid Loss 0.7975 | Train Acc 71.7330 | Valid Acc 49.0234
2026-07-15 12:03:07 | TestSub: S16 | Epoch 18/100 Finsh | Now_lr 0.0005/0.0005 | Train Loss 0.5369 | Valid Loss 0.8049 | Train Acc 71.5472 | Valid Acc 47.4609
2026-07-15 12:03:17 | TestSub: S16 | Epoch 19/100 Finsh | Now_lr 0.0005/0.0005 | Train Loss 0.5296 | Valid Loss 0.8111 | Train Acc 72.6289 | Valid Acc 46.4844
2026-07-15 12:03:28 | TestSub: S16 | Epoch 20/100 Finsh | Now_lr 0.0005/0.0005 | Train Loss 0.5277 | Valid Loss 0.8023 | Train Acc 72.9130 | Valid Acc 47.6562
2026-07-15 12:03:44 | TestSub: S16 | Epoch 21/100 Finsh | Now_lr 0.0005/0.0005 | Train Loss 0.5228 | Valid Loss 0.8320 | Train Acc 73.3610 | Valid Acc 52.1484
2026-07-15 12:03:54 | TestSub: S16 | Epoch 22/100 Finsh | Now_lr 0.0005/0.0005 | Train Loss 0.5170 | Valid Loss 0.8184 | Train Acc 73.3938 | Valid Acc 46.2891
2026-07-15 12:04:05 | TestSub: S16 | Epoch 23/100 Finsh | Now_lr 0.0005/0.0005 | Train Loss 0.5171 | Valid Loss 0.8162 | Train Acc 73.5686 | Valid Acc 46.4844
2026-07-15 12:04:17 | TestSub: S16 | Epoch 24/100 Finsh | Now_lr 0.0005/0.0005 | Train Loss 0.5152 | Valid Loss 0.8218 | Train Acc 73.3829 | Valid Acc 48.0469
2026-07-15 12:04:26 | TestSub: S16 | Epoch 25/100 Finsh | Now_lr 0.0005/0.0005 | Train Loss 0.5106 | Valid Loss 0.8141 | Train Acc 73.3719 | Valid Acc 46.4844
2026-07-15 12:04:36 | TestSub: S16 | Epoch 26/100 Finsh | Now_lr 0.0005/0.0005 | Train Loss 0.5036 | Valid Loss 0.8590 | Train Acc 74.9344 | Valid Acc 45.1172
2026-07-15 12:04:47 | TestSub: S16 | Epoch 27/100 Finsh | Now_lr 0.0005/0.0005 | Train Loss 0.5144 | Valid Loss 0.8182 | Train Acc 73.6560 | Valid Acc 49.6094
2026-07-15 12:04:59 | TestSub: S16 | Epoch 28/100 Finsh | Now_lr 0.0005/0.0005 | Train Loss 0.5049 | Valid Loss 0.8602 | Train Acc 74.7924 | Valid Acc 50.0000
2026-07-15 12:05:09 | TestSub: S16 | Epoch 29/100 Finsh | Now_lr 0.0005/0.0005 | Train Loss 0.4997 | Valid Loss 0.8392 | Train Acc 75.4043 | Valid Acc 45.3125
2026-07-15 12:05:23 | TestSub: S16 | Epoch 30/100 Finsh | Now_lr 0.0005/0.0005 | Train Loss 0.5001 | Valid Loss 0.8513 | Train Acc 74.4318 | Valid Acc 49.2188
2026-07-15 12:05:32 | TestSub: S16 | Epoch 31/100 Finsh | Now_lr 0.0005/0.0005 | Train Loss 0.4942 | Valid Loss 0.8402 | Train Acc 74.4209 | Valid Acc 46.8750
2026-07-15 12:05:42 | TestSub: S16 | Epoch 32/100 Finsh | Now_lr 0.0005/0.0005 | Train Loss 0.4932 | Valid Loss 0.8606 | Train Acc 75.2513 | Valid Acc 46.0938
2026-07-15 12:05:52 | TestSub: S16 | Epoch 33/100 Finsh | Now_lr 0.0005/0.0005 | Train Loss 0.4922 | Valid Loss 0.8547 | Train Acc 74.9563 | Valid Acc 50.1953
2026-07-15 12:06:04 | TestSub: S16 | Epoch 34/100 Finsh | Now_lr 0.0005/0.0005 | Train Loss 0.4849 | Valid Loss 0.8497 | Train Acc 75.2295 | Valid Acc 47.0703
2026-07-15 12:06:04 | --------------------------------------------------
2026-07-15 12:06:04 | Test_Subject :S16 | Best epoch:13 | Test Loss:0.7644 | Savemodel Acc 52.5391
2026-07-15 12:06:04 | --------------------------------------------------
2026-07-15 12:06:04 | Best epoch: 13 | Test acc: 52.5391
