2026-07-15 10:32:12 | Logging started: ./writer/Subject_independent_AAD/DTU/5.0s/result//Train5.0s_sub2.log
2026-07-15 10:32:54 | TestSub: S2 | Epoch  1/100 Finsh | Now_lr 0.0005/0.0005 | Train Loss 0.6863 | Valid Loss 0.6968 | Train Acc 54.3816 | Valid Acc 51.1719
2026-07-15 10:33:10 | TestSub: S2 | Epoch  2/100 Finsh | Now_lr 0.0005/0.0005 | Train Loss 0.6591 | Valid Loss 0.7172 | Train Acc 59.9432 | Valid Acc 50.7812
2026-07-15 10:33:20 | TestSub: S2 | Epoch  3/100 Finsh | Now_lr 0.0005/0.0005 | Train Loss 0.6412 | Valid Loss 0.7154 | Train Acc 62.3361 | Valid Acc 51.9531
2026-07-15 10:33:29 | TestSub: S2 | Epoch  4/100 Finsh | Now_lr 0.0005/0.0005 | Train Loss 0.6278 | Valid Loss 0.7266 | Train Acc 63.8549 | Valid Acc 52.5391
2026-07-15 10:33:38 | TestSub: S2 | Epoch  5/100 Finsh | Now_lr 0.0005/0.0005 | Train Loss 0.6186 | Valid Loss 0.7347 | Train Acc 65.2753 | Valid Acc 51.5625
2026-07-15 10:33:48 | TestSub: S2 | Epoch  6/100 Finsh | Now_lr 0.0005/0.0005 | Train Loss 0.6074 | Valid Loss 0.7318 | Train Acc 66.0074 | Valid Acc 53.7109
2026-07-15 10:33:58 | TestSub: S2 | Epoch  7/100 Finsh | Now_lr 0.0005/0.0005 | Train Loss 0.5995 | Valid Loss 0.7324 | Train Acc 67.5044 | Valid Acc 53.7109
2026-07-15 10:34:18 | TestSub: S2 | Epoch  8/100 Finsh | Now_lr 0.0005/0.0005 | Train Loss 0.5935 | Valid Loss 0.7579 | Train Acc 67.6027 | Valid Acc 52.3438
2026-07-15 10:34:30 | TestSub: S2 | Epoch  9/100 Finsh | Now_lr 0.0005/0.0005 | Train Loss 0.5819 | Valid Loss 0.7582 | Train Acc 68.7609 | Valid Acc 51.7578
2026-07-15 10:34:40 | TestSub: S2 | Epoch 10/100 Finsh | Now_lr 0.0005/0.0005 | Train Loss 0.5724 | Valid Loss 0.7188 | Train Acc 69.0341 | Valid Acc 55.0781
2026-07-15 10:34:51 | TestSub: S2 | Epoch 11/100 Finsh | Now_lr 0.0005/0.0005 | Train Loss 0.5667 | Valid Loss 0.7468 | Train Acc 69.7880 | Valid Acc 52.1484
2026-07-15 10:35:00 | TestSub: S2 | Epoch 12/100 Finsh | Now_lr 0.0005/0.0005 | Train Loss 0.5623 | Valid Loss 0.7359 | Train Acc 70.3016 | Valid Acc 52.9297
2026-07-15 10:35:11 | TestSub: S2 | Epoch 13/100 Finsh | Now_lr 0.0005/0.0005 | Train Loss 0.5579 | Valid Loss 0.7647 | Train Acc 70.6731 | Valid Acc 51.7578
2026-07-15 10:35:21 | TestSub: S2 | Epoch 14/100 Finsh | Now_lr 0.0005/0.0005 | Train Loss 0.5494 | Valid Loss 0.7413 | Train Acc 71.1429 | Valid Acc 55.8594
2026-07-15 10:35:36 | TestSub: S2 | Epoch 15/100 Finsh | Now_lr 0.0005/0.0005 | Train Loss 0.5453 | Valid Loss 0.7477 | Train Acc 70.8807 | Valid Acc 53.3203
2026-07-15 10:35:46 | TestSub: S2 | Epoch 16/100 Finsh | Now_lr 0.0005/0.0005 | Train Loss 0.5447 | Valid Loss 0.7872 | Train Acc 71.4816 | Valid Acc 49.2188
2026-07-15 10:35:58 | TestSub: S2 | Epoch 17/100 Finsh | Now_lr 0.0005/0.0005 | Train Loss 0.5348 | Valid Loss 0.7752 | Train Acc 72.5743 | Valid Acc 50.5859
2026-07-15 10:36:17 | TestSub: S2 | Epoch 18/100 Finsh | Now_lr 0.0005/0.0005 | Train Loss 0.5364 | Valid Loss 0.7545 | Train Acc 71.9187 | Valid Acc 52.7344
2026-07-15 10:36:29 | TestSub: S2 | Epoch 19/100 Finsh | Now_lr 0.0005/0.0005 | Train Loss 0.5288 | Valid Loss 0.7359 | Train Acc 72.7382 | Valid Acc 53.3203
2026-07-15 10:36:39 | TestSub: S2 | Epoch 20/100 Finsh | Now_lr 0.0005/0.0005 | Train Loss 0.5296 | Valid Loss 0.7608 | Train Acc 72.2902 | Valid Acc 50.3906
2026-07-15 10:36:49 | TestSub: S2 | Epoch 21/100 Finsh | Now_lr 0.0005/0.0005 | Train Loss 0.5251 | Valid Loss 0.8025 | Train Acc 72.6399 | Valid Acc 50.5859
2026-07-15 10:37:00 | TestSub: S2 | Epoch 22/100 Finsh | Now_lr 0.0005/0.0005 | Train Loss 0.5191 | Valid Loss 0.7957 | Train Acc 72.8365 | Valid Acc 48.6328
2026-07-15 10:37:10 | TestSub: S2 | Epoch 23/100 Finsh | Now_lr 0.0005/0.0005 | Train Loss 0.5177 | Valid Loss 0.7817 | Train Acc 73.6233 | Valid Acc 48.2422
2026-07-15 10:37:21 | TestSub: S2 | Epoch 24/100 Finsh | Now_lr 0.0005/0.0005 | Train Loss 0.5146 | Valid Loss 0.7800 | Train Acc 73.1643 | Valid Acc 50.9766
2026-07-15 10:37:31 | TestSub: S2 | Epoch 25/100 Finsh | Now_lr 0.0005/0.0005 | Train Loss 0.5107 | Valid Loss 0.7969 | Train Acc 74.0166 | Valid Acc 49.0234
2026-07-15 10:37:41 | TestSub: S2 | Epoch 26/100 Finsh | Now_lr 0.0005/0.0005 | Train Loss 0.5066 | Valid Loss 0.7916 | Train Acc 73.8636 | Valid Acc 48.8281
2026-07-15 10:37:52 | TestSub: S2 | Epoch 27/100 Finsh | Now_lr 0.0005/0.0005 | Train Loss 0.5108 | Valid Loss 0.7848 | Train Acc 73.5577 | Valid Acc 51.5625
2026-07-15 10:38:08 | TestSub: S2 | Epoch 28/100 Finsh | Now_lr 0.0005/0.0005 | Train Loss 0.4996 | Valid Loss 0.7556 | Train Acc 74.5302 | Valid Acc 54.1016
2026-07-15 10:38:19 | TestSub: S2 | Epoch 29/100 Finsh | Now_lr 0.0005/0.0005 | Train Loss 0.5023 | Valid Loss 0.7722 | Train Acc 74.6176 | Valid Acc 51.7578
2026-07-15 10:38:31 | TestSub: S2 | Epoch 30/100 Finsh | Now_lr 0.0005/0.0005 | Train Loss 0.5037 | Valid Loss 0.7941 | Train Acc 73.4156 | Valid Acc 52.1484
2026-07-15 10:38:41 | TestSub: S2 | Epoch 31/100 Finsh | Now_lr 0.0005/0.0005 | Train Loss 0.4999 | Valid Loss 0.7888 | Train Acc 74.5520 | Valid Acc 52.7344
2026-07-15 10:38:50 | TestSub: S2 | Epoch 32/100 Finsh | Now_lr 0.0005/0.0005 | Train Loss 0.4965 | Valid Loss 0.7845 | Train Acc 74.5411 | Valid Acc 52.1484
2026-07-15 10:39:06 | TestSub: S2 | Epoch 33/100 Finsh | Now_lr 0.0005/0.0005 | Train Loss 0.4943 | Valid Loss 0.7908 | Train Acc 75.2622 | Valid Acc 53.7109
2026-07-15 10:39:35 | TestSub: S2 | Epoch 34/100 Finsh | Now_lr 0.0005/0.0005 | Train Loss 0.4946 | Valid Loss 0.8064 | Train Acc 74.5739 | Valid Acc 52.3438
2026-07-15 10:39:48 | TestSub: S2 | Epoch 35/100 Finsh | Now_lr 0.0005/0.0005 | Train Loss 0.4877 | Valid Loss 0.8373 | Train Acc 75.1530 | Valid Acc 51.1719
2026-07-15 10:39:48 | --------------------------------------------------
2026-07-15 10:39:48 | Test_Subject :S2 | Best epoch:14 | Test Loss:0.7413 | Savemodel Acc 55.8594
2026-07-15 10:39:48 | --------------------------------------------------
2026-07-15 10:39:48 | Best epoch: 14 | Test acc: 55.8594
