2026-07-15 10:39:48 | Logging started: ./writer/Subject_independent_AAD/DTU/5.0s/result//Train5.0s_sub3.log
2026-07-15 10:40:29 | TestSub: S3 | Epoch  1/100 Finsh | Now_lr 0.0005/0.0005 | Train Loss 0.6924 | Valid Loss 0.7313 | Train Acc 53.3326 | Valid Acc 49.4141
2026-07-15 10:40:40 | TestSub: S3 | Epoch  2/100 Finsh | Now_lr 0.0005/0.0005 | Train Loss 0.6595 | Valid Loss 0.7004 | Train Acc 59.6809 | Valid Acc 54.6875
2026-07-15 10:40:51 | TestSub: S3 | Epoch  3/100 Finsh | Now_lr 0.0005/0.0005 | Train Loss 0.6424 | Valid Loss 0.7692 | Train Acc 62.1941 | Valid Acc 54.6875
2026-07-15 10:41:01 | TestSub: S3 | Epoch  4/100 Finsh | Now_lr 0.0005/0.0005 | Train Loss 0.6311 | Valid Loss 0.7816 | Train Acc 63.6473 | Valid Acc 55.8594
2026-07-15 10:41:10 | TestSub: S3 | Epoch  5/100 Finsh | Now_lr 0.0005/0.0005 | Train Loss 0.6193 | Valid Loss 0.8387 | Train Acc 65.0131 | Valid Acc 55.6641
2026-07-15 10:41:23 | TestSub: S3 | Epoch  6/100 Finsh | Now_lr 0.0005/0.0005 | Train Loss 0.6126 | Valid Loss 0.8985 | Train Acc 65.2535 | Valid Acc 56.0547
2026-07-15 10:41:40 | TestSub: S3 | Epoch  7/100 Finsh | Now_lr 0.0005/0.0005 | Train Loss 0.5986 | Valid Loss 1.0243 | Train Acc 66.7614 | Valid Acc 55.6641
2026-07-15 10:41:50 | TestSub: S3 | Epoch  8/100 Finsh | Now_lr 0.0005/0.0005 | Train Loss 0.5932 | Valid Loss 0.9801 | Train Acc 67.6683 | Valid Acc 55.6641
2026-07-15 10:42:04 | TestSub: S3 | Epoch  9/100 Finsh | Now_lr 0.0005/0.0005 | Train Loss 0.5855 | Valid Loss 1.1422 | Train Acc 68.0070 | Valid Acc 55.4688
2026-07-15 10:42:14 | TestSub: S3 | Epoch 10/100 Finsh | Now_lr 0.0005/0.0005 | Train Loss 0.5768 | Valid Loss 1.1271 | Train Acc 68.6080 | Valid Acc 55.6641
2026-07-15 10:42:25 | TestSub: S3 | Epoch 11/100 Finsh | Now_lr 0.0005/0.0005 | Train Loss 0.5663 | Valid Loss 1.1043 | Train Acc 69.6678 | Valid Acc 55.6641
2026-07-15 10:42:40 | TestSub: S3 | Epoch 12/100 Finsh | Now_lr 0.0005/0.0005 | Train Loss 0.5646 | Valid Loss 1.0913 | Train Acc 69.6241 | Valid Acc 55.8594
2026-07-15 10:42:50 | TestSub: S3 | Epoch 13/100 Finsh | Now_lr 0.0005/0.0005 | Train Loss 0.5557 | Valid Loss 1.1120 | Train Acc 69.9519 | Valid Acc 55.6641
2026-07-15 10:43:06 | TestSub: S3 | Epoch 14/100 Finsh | Now_lr 0.0005/0.0005 | Train Loss 0.5488 | Valid Loss 1.3394 | Train Acc 70.8588 | Valid Acc 55.6641
2026-07-15 10:43:16 | TestSub: S3 | Epoch 15/100 Finsh | Now_lr 0.0005/0.0005 | Train Loss 0.5456 | Valid Loss 1.3920 | Train Acc 70.2360 | Valid Acc 55.4688
2026-07-15 10:43:28 | TestSub: S3 | Epoch 16/100 Finsh | Now_lr 0.0005/0.0005 | Train Loss 0.5495 | Valid Loss 1.3565 | Train Acc 70.7277 | Valid Acc 55.4688
2026-07-15 10:43:41 | TestSub: S3 | Epoch 17/100 Finsh | Now_lr 0.0005/0.0005 | Train Loss 0.5337 | Valid Loss 1.3933 | Train Acc 72.1591 | Valid Acc 55.4688
2026-07-15 10:43:52 | TestSub: S3 | Epoch 18/100 Finsh | Now_lr 0.0005/0.0005 | Train Loss 0.5269 | Valid Loss 1.3467 | Train Acc 72.2574 | Valid Acc 55.6641
2026-07-15 10:44:07 | TestSub: S3 | Epoch 19/100 Finsh | Now_lr 0.0005/0.0005 | Train Loss 0.5239 | Valid Loss 1.5446 | Train Acc 72.5415 | Valid Acc 55.0781
2026-07-15 10:44:17 | TestSub: S3 | Epoch 20/100 Finsh | Now_lr 0.0005/0.0005 | Train Loss 0.5196 | Valid Loss 1.6760 | Train Acc 73.3282 | Valid Acc 55.2734
2026-07-15 10:44:28 | TestSub: S3 | Epoch 21/100 Finsh | Now_lr 0.0005/0.0005 | Train Loss 0.5169 | Valid Loss 1.5417 | Train Acc 72.8038 | Valid Acc 55.4688
2026-07-15 10:44:38 | TestSub: S3 | Epoch 22/100 Finsh | Now_lr 0.0005/0.0005 | Train Loss 0.5239 | Valid Loss 1.5627 | Train Acc 72.9458 | Valid Acc 55.4688
2026-07-15 10:44:48 | TestSub: S3 | Epoch 23/100 Finsh | Now_lr 0.0005/0.0005 | Train Loss 0.5196 | Valid Loss 1.7075 | Train Acc 73.0878 | Valid Acc 55.4688
2026-07-15 10:44:58 | TestSub: S3 | Epoch 24/100 Finsh | Now_lr 0.0005/0.0005 | Train Loss 0.5140 | Valid Loss 1.6308 | Train Acc 73.2955 | Valid Acc 55.6641
2026-07-15 10:45:09 | TestSub: S3 | Epoch 25/100 Finsh | Now_lr 0.0005/0.0005 | Train Loss 0.5072 | Valid Loss 1.7016 | Train Acc 73.9401 | Valid Acc 55.4688
2026-07-15 10:45:19 | TestSub: S3 | Epoch 26/100 Finsh | Now_lr 0.0005/0.0005 | Train Loss 0.5052 | Valid Loss 1.7682 | Train Acc 73.9620 | Valid Acc 55.4688
2026-07-15 10:45:36 | TestSub: S3 | Epoch 27/100 Finsh | Now_lr 0.0005/0.0005 | Train Loss 0.5040 | Valid Loss 2.0651 | Train Acc 74.1368 | Valid Acc 55.4688
2026-07-15 10:45:36 | --------------------------------------------------
2026-07-15 10:45:36 | Test_Subject :S3 | Best epoch:6 | Test Loss:0.8985 | Savemodel Acc 56.0547
2026-07-15 10:45:36 | --------------------------------------------------
2026-07-15 10:45:36 | Best epoch: 6 | Test acc: 56.0547
