2026-07-15 11:12:07 | Logging started: ./writer/Subject_independent_AAD/AVEDav/2.0s/result//Train2.0s_sub8.log
2026-07-15 11:12:22 | TestSub: S8 | Epoch  1/100 Finsh | Now_lr 0.0005/0.0005 | Train Loss 0.6963 | Valid Loss 0.6928 | Train Acc 50.3958 | Valid Acc 50.7917
2026-07-15 11:12:28 | TestSub: S8 | Epoch  2/100 Finsh | Now_lr 0.0005/0.0005 | Train Loss 0.6929 | Valid Loss 0.6917 | Train Acc 51.8133 | Valid Acc 51.7500
2026-07-15 11:12:34 | TestSub: S8 | Epoch  3/100 Finsh | Now_lr 0.0005/0.0005 | Train Loss 0.6916 | Valid Loss 0.6921 | Train Acc 52.1723 | Valid Acc 50.6667
2026-07-15 11:12:40 | TestSub: S8 | Epoch  4/100 Finsh | Now_lr 0.0005/0.0005 | Train Loss 0.6898 | Valid Loss 0.6916 | Train Acc 53.3321 | Valid Acc 52.8750
2026-07-15 11:12:46 | TestSub: S8 | Epoch  5/100 Finsh | Now_lr 0.0005/0.0005 | Train Loss 0.6857 | Valid Loss 0.6892 | Train Acc 54.8831 | Valid Acc 54.7083
2026-07-15 11:12:52 | TestSub: S8 | Epoch  6/100 Finsh | Now_lr 0.0005/0.0005 | Train Loss 0.6835 | Valid Loss 0.6881 | Train Acc 55.6793 | Valid Acc 54.3750
2026-07-15 11:12:58 | TestSub: S8 | Epoch  7/100 Finsh | Now_lr 0.0005/0.0005 | Train Loss 0.6794 | Valid Loss 0.6910 | Train Acc 56.8529 | Valid Acc 54.7500
2026-07-15 11:13:04 | TestSub: S8 | Epoch  8/100 Finsh | Now_lr 0.0005/0.0005 | Train Loss 0.6768 | Valid Loss 0.6963 | Train Acc 57.3776 | Valid Acc 52.6667
2026-07-15 11:13:10 | TestSub: S8 | Epoch  9/100 Finsh | Now_lr 0.0005/0.0005 | Train Loss 0.6731 | Valid Loss 0.7145 | Train Acc 58.1324 | Valid Acc 47.7083
2026-07-15 11:13:16 | TestSub: S8 | Epoch 10/100 Finsh | Now_lr 0.0005/0.0005 | Train Loss 0.6701 | Valid Loss 0.6870 | Train Acc 58.8687 | Valid Acc 54.0833
2026-07-15 11:13:22 | TestSub: S8 | Epoch 11/100 Finsh | Now_lr 0.0005/0.0005 | Train Loss 0.6687 | Valid Loss 0.6936 | Train Acc 58.6708 | Valid Acc 51.5417
2026-07-15 11:13:28 | TestSub: S8 | Epoch 12/100 Finsh | Now_lr 0.0005/0.0005 | Train Loss 0.6668 | Valid Loss 0.6970 | Train Acc 59.0298 | Valid Acc 51.3750
2026-07-15 11:13:34 | TestSub: S8 | Epoch 13/100 Finsh | Now_lr 0.0005/0.0005 | Train Loss 0.6650 | Valid Loss 0.7018 | Train Acc 59.4763 | Valid Acc 50.1667
2026-07-15 11:13:40 | TestSub: S8 | Epoch 14/100 Finsh | Now_lr 0.0005/0.0005 | Train Loss 0.6624 | Valid Loss 0.6955 | Train Acc 59.8444 | Valid Acc 51.7917
2026-07-15 11:13:46 | TestSub: S8 | Epoch 15/100 Finsh | Now_lr 0.0005/0.0005 | Train Loss 0.6602 | Valid Loss 0.6971 | Train Acc 60.2771 | Valid Acc 50.4583
2026-07-15 11:13:52 | TestSub: S8 | Epoch 16/100 Finsh | Now_lr 0.0005/0.0005 | Train Loss 0.6598 | Valid Loss 0.6983 | Train Acc 60.5854 | Valid Acc 50.7500
2026-07-15 11:13:58 | TestSub: S8 | Epoch 17/100 Finsh | Now_lr 0.0005/0.0005 | Train Loss 0.6552 | Valid Loss 0.7019 | Train Acc 61.1101 | Valid Acc 50.5417
2026-07-15 11:14:03 | TestSub: S8 | Epoch 18/100 Finsh | Now_lr 0.0005/0.0005 | Train Loss 0.6578 | Valid Loss 0.7119 | Train Acc 60.5946 | Valid Acc 49.9583
2026-07-15 11:14:09 | TestSub: S8 | Epoch 19/100 Finsh | Now_lr 0.0005/0.0005 | Train Loss 0.6552 | Valid Loss 0.6990 | Train Acc 60.7741 | Valid Acc 51.7500
2026-07-15 11:14:15 | TestSub: S8 | Epoch 20/100 Finsh | Now_lr 0.0005/0.0005 | Train Loss 0.6564 | Valid Loss 0.6960 | Train Acc 60.6867 | Valid Acc 51.6250
2026-07-15 11:14:21 | TestSub: S8 | Epoch 21/100 Finsh | Now_lr 0.0005/0.0005 | Train Loss 0.6561 | Valid Loss 0.6967 | Train Acc 60.6314 | Valid Acc 52.3750
2026-07-15 11:14:27 | TestSub: S8 | Epoch 22/100 Finsh | Now_lr 0.0005/0.0005 | Train Loss 0.6516 | Valid Loss 0.7084 | Train Acc 61.2390 | Valid Acc 50.7917
2026-07-15 11:14:33 | TestSub: S8 | Epoch 23/100 Finsh | Now_lr 0.0005/0.0005 | Train Loss 0.6499 | Valid Loss 0.7061 | Train Acc 61.5933 | Valid Acc 50.0000
2026-07-15 11:14:39 | TestSub: S8 | Epoch 24/100 Finsh | Now_lr 0.0005/0.0005 | Train Loss 0.6503 | Valid Loss 0.7093 | Train Acc 61.3678 | Valid Acc 50.1250
2026-07-15 11:14:45 | TestSub: S8 | Epoch 25/100 Finsh | Now_lr 0.0005/0.0005 | Train Loss 0.6510 | Valid Loss 0.7037 | Train Acc 61.0595 | Valid Acc 50.7500
2026-07-15 11:14:51 | TestSub: S8 | Epoch 26/100 Finsh | Now_lr 0.0005/0.0005 | Train Loss 0.6494 | Valid Loss 0.7072 | Train Acc 61.6762 | Valid Acc 49.5417
2026-07-15 11:14:57 | TestSub: S8 | Epoch 27/100 Finsh | Now_lr 0.0005/0.0005 | Train Loss 0.6491 | Valid Loss 0.7158 | Train Acc 61.8833 | Valid Acc 49.8750
2026-07-15 11:15:03 | TestSub: S8 | Epoch 28/100 Finsh | Now_lr 0.0005/0.0005 | Train Loss 0.6478 | Valid Loss 0.7008 | Train Acc 61.8741 | Valid Acc 50.8750
2026-07-15 11:15:03 | --------------------------------------------------
2026-07-15 11:15:03 | Test_Subject :S8 | Best epoch:7 | Test Loss:0.6910 | Savemodel Acc 54.7500
2026-07-15 11:15:03 | --------------------------------------------------
2026-07-15 11:15:03 | Best epoch: 7 | Test acc: 54.7500
