2026-07-15 11:35:04 | Logging started: ./writer/Subject_independent_AAD/AVEDav/3.0s/result//Train3.0s_sub8.log
2026-07-15 11:35:18 | TestSub: S8 | Epoch  1/100 Finsh | Now_lr 0.0005/0.0005 | Train Loss 0.7007 | Valid Loss 0.6937 | Train Acc 50.1389 | Valid Acc 50.0625
2026-07-15 11:35:23 | TestSub: S8 | Epoch  2/100 Finsh | Now_lr 0.0005/0.0005 | Train Loss 0.6934 | Valid Loss 0.6878 | Train Acc 52.0486 | Valid Acc 54.8750
2026-07-15 11:35:28 | TestSub: S8 | Epoch  3/100 Finsh | Now_lr 0.0005/0.0005 | Train Loss 0.6902 | Valid Loss 0.6891 | Train Acc 53.8056 | Valid Acc 53.9375
2026-07-15 11:35:33 | TestSub: S8 | Epoch  4/100 Finsh | Now_lr 0.0005/0.0005 | Train Loss 0.6854 | Valid Loss 0.6892 | Train Acc 55.5139 | Valid Acc 52.9375
2026-07-15 11:35:38 | TestSub: S8 | Epoch  5/100 Finsh | Now_lr 0.0005/0.0005 | Train Loss 0.6817 | Valid Loss 0.6901 | Train Acc 56.1111 | Valid Acc 53.1875
2026-07-15 11:35:44 | TestSub: S8 | Epoch  6/100 Finsh | Now_lr 0.0005/0.0005 | Train Loss 0.6776 | Valid Loss 0.6961 | Train Acc 56.6875 | Valid Acc 51.6250
2026-07-15 11:35:49 | TestSub: S8 | Epoch  7/100 Finsh | Now_lr 0.0005/0.0005 | Train Loss 0.6743 | Valid Loss 0.7007 | Train Acc 57.7569 | Valid Acc 50.0000
2026-07-15 11:35:54 | TestSub: S8 | Epoch  8/100 Finsh | Now_lr 0.0005/0.0005 | Train Loss 0.6681 | Valid Loss 0.7063 | Train Acc 59.0069 | Valid Acc 48.8125
2026-07-15 11:35:59 | TestSub: S8 | Epoch  9/100 Finsh | Now_lr 0.0005/0.0005 | Train Loss 0.6640 | Valid Loss 0.6895 | Train Acc 59.4444 | Valid Acc 54.1250
2026-07-15 11:36:04 | TestSub: S8 | Epoch 10/100 Finsh | Now_lr 0.0005/0.0005 | Train Loss 0.6643 | Valid Loss 0.6959 | Train Acc 59.8403 | Valid Acc 52.1875
2026-07-15 11:36:09 | TestSub: S8 | Epoch 11/100 Finsh | Now_lr 0.0005/0.0005 | Train Loss 0.6597 | Valid Loss 0.6904 | Train Acc 60.3542 | Valid Acc 54.5625
2026-07-15 11:36:14 | TestSub: S8 | Epoch 12/100 Finsh | Now_lr 0.0005/0.0005 | Train Loss 0.6570 | Valid Loss 0.6984 | Train Acc 60.5764 | Valid Acc 49.5000
2026-07-15 11:36:19 | TestSub: S8 | Epoch 13/100 Finsh | Now_lr 0.0005/0.0005 | Train Loss 0.6531 | Valid Loss 0.6967 | Train Acc 61.7153 | Valid Acc 52.0625
2026-07-15 11:36:25 | TestSub: S8 | Epoch 14/100 Finsh | Now_lr 0.0005/0.0005 | Train Loss 0.6515 | Valid Loss 0.6929 | Train Acc 61.5972 | Valid Acc 53.0625
2026-07-15 11:36:30 | TestSub: S8 | Epoch 15/100 Finsh | Now_lr 0.0005/0.0005 | Train Loss 0.6507 | Valid Loss 0.7053 | Train Acc 61.3958 | Valid Acc 51.4375
2026-07-15 11:36:35 | TestSub: S8 | Epoch 16/100 Finsh | Now_lr 0.0005/0.0005 | Train Loss 0.6471 | Valid Loss 0.7022 | Train Acc 62.0694 | Valid Acc 52.0000
2026-07-15 11:36:40 | TestSub: S8 | Epoch 17/100 Finsh | Now_lr 0.0005/0.0005 | Train Loss 0.6447 | Valid Loss 0.7036 | Train Acc 61.9306 | Valid Acc 52.6875
2026-07-15 11:36:45 | TestSub: S8 | Epoch 18/100 Finsh | Now_lr 0.0005/0.0005 | Train Loss 0.6433 | Valid Loss 0.6915 | Train Acc 62.5833 | Valid Acc 53.1875
2026-07-15 11:36:50 | TestSub: S8 | Epoch 19/100 Finsh | Now_lr 0.0005/0.0005 | Train Loss 0.6431 | Valid Loss 0.6886 | Train Acc 62.4514 | Valid Acc 54.6250
2026-07-15 11:36:55 | TestSub: S8 | Epoch 20/100 Finsh | Now_lr 0.0005/0.0005 | Train Loss 0.6416 | Valid Loss 0.6959 | Train Acc 62.6597 | Valid Acc 53.4375
2026-07-15 11:37:00 | TestSub: S8 | Epoch 21/100 Finsh | Now_lr 0.0005/0.0005 | Train Loss 0.6404 | Valid Loss 0.7036 | Train Acc 62.7569 | Valid Acc 52.0625
2026-07-15 11:37:05 | TestSub: S8 | Epoch 22/100 Finsh | Now_lr 0.0005/0.0005 | Train Loss 0.6397 | Valid Loss 0.6906 | Train Acc 62.8750 | Valid Acc 53.3750
2026-07-15 11:37:10 | TestSub: S8 | Epoch 23/100 Finsh | Now_lr 0.0005/0.0005 | Train Loss 0.6351 | Valid Loss 0.7013 | Train Acc 63.9097 | Valid Acc 52.8125
2026-07-15 11:37:10 | --------------------------------------------------
2026-07-15 11:37:10 | Test_Subject :S8 | Best epoch:2 | Test Loss:0.6878 | Savemodel Acc 54.8750
2026-07-15 11:37:10 | --------------------------------------------------
2026-07-15 11:37:10 | Best epoch: 2 | Test acc: 54.8750
