2026-07-10 10:57:03 | Logging started: ./writer/Subject_dependent_AAD/DTU/0.1s/result//Train0.1s_sub17.log
2026-07-10 10:57:03 | Sub_id: 17
2026-07-10 10:57:10 | TestSub: S17 | Epoch  1/100 Finsh | Now_lr 0.0005/0.0005 | Train Loss 0.6299 | Valid Loss 0.5564 | Train Acc 64.2060 | Valid Acc 72.4719
2026-07-10 10:57:10 | Validation loss decreased (inf --> 0.556380) in epoch (1). Saving model ...
2026-07-10 10:57:16 | TestSub: S17 | Epoch  2/100 Finsh | Now_lr 0.0005/0.0005 | Train Loss 0.5498 | Valid Loss 0.5112 | Train Acc 71.6501 | Valid Acc 75.9480
2026-07-10 10:57:16 | Validation loss decreased (0.556380 --> 0.511167) in epoch (2). Saving model ...
2026-07-10 10:57:21 | TestSub: S17 | Epoch  3/100 Finsh | Now_lr 0.0005/0.0005 | Train Loss 0.5224 | Valid Loss 0.4866 | Train Acc 73.8640 | Valid Acc 78.0548
2026-07-10 10:57:21 | Validation loss decreased (0.511167 --> 0.486590) in epoch (3). Saving model ...
2026-07-10 10:57:27 | TestSub: S17 | Epoch  4/100 Finsh | Now_lr 0.0005/0.0005 | Train Loss 0.5122 | Valid Loss 0.4827 | Train Acc 74.5309 | Valid Acc 78.0548
2026-07-10 10:57:27 | Validation loss decreased (0.486590 --> 0.482655) in epoch (4). Saving model ...
2026-07-10 10:57:33 | TestSub: S17 | Epoch  5/100 Finsh | Now_lr 0.0005/0.0005 | Train Loss 0.5086 | Valid Loss 0.4769 | Train Acc 74.4533 | Valid Acc 76.9312
2026-07-10 10:57:33 | Validation loss decreased (0.482655 --> 0.476896) in epoch (5). Saving model ...
2026-07-10 10:57:38 | TestSub: S17 | Epoch  6/100 Finsh | Now_lr 0.0005/0.0005 | Train Loss 0.5022 | Valid Loss 0.4696 | Train Acc 74.9651 | Valid Acc 78.3357
2026-07-10 10:57:38 | Validation loss decreased (0.476896 --> 0.469557) in epoch (6). Saving model ...
2026-07-10 10:57:44 | TestSub: S17 | Epoch  7/100 Finsh | Now_lr 0.0005/0.0005 | Train Loss 0.4991 | Valid Loss 0.4746 | Train Acc 75.2792 | Valid Acc 76.3694
2026-07-10 10:57:49 | TestSub: S17 | Epoch  8/100 Finsh | Now_lr 0.0005/0.0005 | Train Loss 0.4971 | Valid Loss 0.4764 | Train Acc 75.2016 | Valid Acc 76.6152
2026-07-10 10:57:55 | TestSub: S17 | Epoch  9/100 Finsh | Now_lr 0.0005/0.0005 | Train Loss 0.4922 | Valid Loss 0.4589 | Train Acc 75.6630 | Valid Acc 78.3708
2026-07-10 10:57:55 | Validation loss decreased (0.469557 --> 0.458918) in epoch (9). Saving model ...
2026-07-10 10:58:01 | TestSub: S17 | Epoch 10/100 Finsh | Now_lr 0.0005/0.0005 | Train Loss 0.4907 | Valid Loss 0.4568 | Train Acc 75.9228 | Valid Acc 78.0548
2026-07-10 10:58:01 | Validation loss decreased (0.458918 --> 0.456846) in epoch (10). Saving model ...
2026-07-10 10:58:06 | TestSub: S17 | Epoch 11/100 Finsh | Now_lr 0.0005/0.0005 | Train Loss 0.4876 | Valid Loss 0.4605 | Train Acc 75.9383 | Valid Acc 77.1067
2026-07-10 10:58:12 | TestSub: S17 | Epoch 12/100 Finsh | Now_lr 0.0005/0.0005 | Train Loss 0.4869 | Valid Loss 0.4543 | Train Acc 76.2446 | Valid Acc 78.5815
2026-07-10 10:58:12 | Validation loss decreased (0.456846 --> 0.454256) in epoch (12). Saving model ...
2026-07-10 10:58:17 | TestSub: S17 | Epoch 13/100 Finsh | Now_lr 0.0005/0.0005 | Train Loss 0.4861 | Valid Loss 0.4500 | Train Acc 76.0468 | Valid Acc 78.0548
2026-07-10 10:58:17 | Validation loss decreased (0.454256 --> 0.449954) in epoch (13). Saving model ...
2026-07-10 10:58:23 | TestSub: S17 | Epoch 14/100 Finsh | Now_lr 0.0005/0.0005 | Train Loss 0.4819 | Valid Loss 0.4474 | Train Acc 76.6478 | Valid Acc 79.8806
2026-07-10 10:58:23 | Validation loss decreased (0.449954 --> 0.447445) in epoch (14). Saving model ...
2026-07-10 10:58:28 | TestSub: S17 | Epoch 15/100 Finsh | Now_lr 0.0005/0.0005 | Train Loss 0.4822 | Valid Loss 0.4440 | Train Acc 76.5741 | Valid Acc 79.5997
2026-07-10 10:58:28 | Validation loss decreased (0.447445 --> 0.444046) in epoch (15). Saving model ...
2026-07-10 10:58:34 | TestSub: S17 | Epoch 16/100 Finsh | Now_lr 0.0005/0.0005 | Train Loss 0.4796 | Valid Loss 0.4379 | Train Acc 76.7486 | Valid Acc 79.3188
2026-07-10 10:58:34 | Validation loss decreased (0.444046 --> 0.437919) in epoch (16). Saving model ...
2026-07-10 10:58:40 | TestSub: S17 | Epoch 17/100 Finsh | Now_lr 0.0005/0.0005 | Train Loss 0.4811 | Valid Loss 0.4404 | Train Acc 76.5741 | Valid Acc 79.4242
2026-07-10 10:58:45 | TestSub: S17 | Epoch 18/100 Finsh | Now_lr 0.0005/0.0005 | Train Loss 0.4750 | Valid Loss 0.4381 | Train Acc 76.8959 | Valid Acc 78.6517
2026-07-10 10:58:51 | TestSub: S17 | Epoch 19/100 Finsh | Now_lr 0.0005/0.0005 | Train Loss 0.4703 | Valid Loss 0.4397 | Train Acc 77.0588 | Valid Acc 80.7233
2026-07-10 10:58:56 | TestSub: S17 | Epoch 20/100 Finsh | Now_lr 0.0005/0.0005 | Train Loss 0.4736 | Valid Loss 0.4352 | Train Acc 76.7021 | Valid Acc 81.0042
2026-07-10 10:58:56 | Validation loss decreased (0.437919 --> 0.435246) in epoch (20). Saving model ...
2026-07-10 10:59:02 | TestSub: S17 | Epoch 21/100 Finsh | Now_lr 0.0005/0.0005 | Train Loss 0.4719 | Valid Loss 0.4329 | Train Acc 77.1324 | Valid Acc 79.8455
2026-07-10 10:59:02 | Validation loss decreased (0.435246 --> 0.432919) in epoch (21). Saving model ...
2026-07-10 10:59:07 | TestSub: S17 | Epoch 22/100 Finsh | Now_lr 0.0005/0.0005 | Train Loss 0.4668 | Valid Loss 0.4341 | Train Acc 77.2526 | Valid Acc 79.4242
2026-07-10 10:59:13 | TestSub: S17 | Epoch 23/100 Finsh | Now_lr 0.0005/0.0005 | Train Loss 0.4669 | Valid Loss 0.4308 | Train Acc 77.2837 | Valid Acc 80.8287
2026-07-10 10:59:13 | Validation loss decreased (0.432919 --> 0.430755) in epoch (23). Saving model ...
2026-07-10 10:59:18 | TestSub: S17 | Epoch 24/100 Finsh | Now_lr 0.0005/0.0005 | Train Loss 0.4636 | Valid Loss 0.4284 | Train Acc 77.7683 | Valid Acc 81.2500
2026-07-10 10:59:18 | Validation loss decreased (0.430755 --> 0.428395) in epoch (24). Saving model ...
2026-07-10 10:59:24 | TestSub: S17 | Epoch 25/100 Finsh | Now_lr 0.0005/0.0005 | Train Loss 0.4643 | Valid Loss 0.4322 | Train Acc 77.6830 | Valid Acc 80.8287
2026-07-10 10:59:29 | TestSub: S17 | Epoch 26/100 Finsh | Now_lr 0.0005/0.0005 | Train Loss 0.4618 | Valid Loss 0.4291 | Train Acc 77.8032 | Valid Acc 80.1264
2026-07-10 10:59:35 | TestSub: S17 | Epoch 27/100 Finsh | Now_lr 0.0005/0.0005 | Train Loss 0.4603 | Valid Loss 0.4273 | Train Acc 77.7140 | Valid Acc 81.0042
2026-07-10 10:59:35 | Validation loss decreased (0.428395 --> 0.427295) in epoch (27). Saving model ...
2026-07-10 10:59:41 | TestSub: S17 | Epoch 28/100 Finsh | Now_lr 0.0005/0.0005 | Train Loss 0.4608 | Valid Loss 0.4252 | Train Acc 77.8497 | Valid Acc 80.6531
2026-07-10 10:59:41 | Validation loss decreased (0.427295 --> 0.425202) in epoch (28). Saving model ...
2026-07-10 10:59:47 | TestSub: S17 | Epoch 29/100 Finsh | Now_lr 0.0005/0.0005 | Train Loss 0.4547 | Valid Loss 0.4218 | Train Acc 78.3227 | Valid Acc 80.8638
2026-07-10 10:59:47 | Validation loss decreased (0.425202 --> 0.421808) in epoch (29). Saving model ...
2026-07-10 10:59:53 | TestSub: S17 | Epoch 30/100 Finsh | Now_lr 0.0005/0.0005 | Train Loss 0.4571 | Valid Loss 0.4197 | Train Acc 78.0475 | Valid Acc 81.2500
2026-07-10 10:59:53 | Validation loss decreased (0.421808 --> 0.419665) in epoch (30). Saving model ...
2026-07-10 10:59:58 | TestSub: S17 | Epoch 31/100 Finsh | Now_lr 0.0005/0.0005 | Train Loss 0.4547 | Valid Loss 0.4191 | Train Acc 78.3460 | Valid Acc 81.4256
2026-07-10 10:59:58 | Validation loss decreased (0.419665 --> 0.419093) in epoch (31). Saving model ...
2026-07-10 11:00:04 | TestSub: S17 | Epoch 32/100 Finsh | Now_lr 0.0005/0.0005 | Train Loss 0.4503 | Valid Loss 0.4196 | Train Acc 78.6562 | Valid Acc 81.3904
2026-07-10 11:00:10 | TestSub: S17 | Epoch 33/100 Finsh | Now_lr 0.0005/0.0005 | Train Loss 0.4537 | Valid Loss 0.4228 | Train Acc 78.3227 | Valid Acc 80.9340
2026-07-10 11:00:15 | TestSub: S17 | Epoch 34/100 Finsh | Now_lr 0.0005/0.0005 | Train Loss 0.4535 | Valid Loss 0.4188 | Train Acc 78.3150 | Valid Acc 81.4256
2026-07-10 11:00:15 | Validation loss decreased (0.419093 --> 0.418841) in epoch (34). Saving model ...
2026-07-10 11:00:21 | TestSub: S17 | Epoch 35/100 Finsh | Now_lr 0.0005/0.0005 | Train Loss 0.4510 | Valid Loss 0.4212 | Train Acc 78.2917 | Valid Acc 80.9340
2026-07-10 11:00:28 | TestSub: S17 | Epoch 36/100 Finsh | Now_lr 0.0005/0.0005 | Train Loss 0.4554 | Valid Loss 0.4198 | Train Acc 78.2297 | Valid Acc 80.8638
2026-07-10 11:00:34 | TestSub: S17 | Epoch 37/100 Finsh | Now_lr 0.0005/0.0005 | Train Loss 0.4488 | Valid Loss 0.4079 | Train Acc 78.4546 | Valid Acc 81.6713
2026-07-10 11:00:34 | Validation loss decreased (0.418841 --> 0.407893) in epoch (37). Saving model ...
2026-07-10 11:00:40 | TestSub: S17 | Epoch 38/100 Finsh | Now_lr 0.0005/0.0005 | Train Loss 0.4517 | Valid Loss 0.4083 | Train Acc 78.4042 | Valid Acc 81.3553
2026-07-10 11:00:47 | TestSub: S17 | Epoch 39/100 Finsh | Now_lr 0.0005/0.0005 | Train Loss 0.4522 | Valid Loss 0.4133 | Train Acc 78.4739 | Valid Acc 81.1447
2026-07-10 11:00:53 | TestSub: S17 | Epoch 40/100 Finsh | Now_lr 0.0005/0.0005 | Train Loss 0.4480 | Valid Loss 0.4129 | Train Acc 78.3382 | Valid Acc 81.2851
2026-07-10 11:01:00 | TestSub: S17 | Epoch 41/100 Finsh | Now_lr 0.0005/0.0005 | Train Loss 0.4489 | Valid Loss 0.4126 | Train Acc 78.2646 | Valid Acc 81.3553
2026-07-10 11:01:07 | TestSub: S17 | Epoch 42/100 Finsh | Now_lr 0.0005/0.0005 | Train Loss 0.4456 | Valid Loss 0.4073 | Train Acc 78.9508 | Valid Acc 81.4607
2026-07-10 11:01:07 | Validation loss decreased (0.407893 --> 0.407302) in epoch (42). Saving model ...
2026-07-10 11:01:13 | TestSub: S17 | Epoch 43/100 Finsh | Now_lr 0.0005/0.0005 | Train Loss 0.4430 | Valid Loss 0.4132 | Train Acc 78.7609 | Valid Acc 81.2500
2026-07-10 11:01:19 | TestSub: S17 | Epoch 44/100 Finsh | Now_lr 0.0005/0.0005 | Train Loss 0.4446 | Valid Loss 0.4121 | Train Acc 79.0710 | Valid Acc 81.1096
2026-07-10 11:01:24 | TestSub: S17 | Epoch 45/100 Finsh | Now_lr 0.0005/0.0005 | Train Loss 0.4403 | Valid Loss 0.4020 | Train Acc 79.3812 | Valid Acc 81.5660
2026-07-10 11:01:24 | Validation loss decreased (0.407302 --> 0.401984) in epoch (45). Saving model ...
2026-07-10 11:01:30 | TestSub: S17 | Epoch 46/100 Finsh | Now_lr 0.0005/0.0005 | Train Loss 0.4422 | Valid Loss 0.4089 | Train Acc 78.9315 | Valid Acc 80.8989
2026-07-10 11:01:36 | TestSub: S17 | Epoch 47/100 Finsh | Now_lr 0.0005/0.0005 | Train Loss 0.4445 | Valid Loss 0.4072 | Train Acc 78.7027 | Valid Acc 81.7416
2026-07-10 11:01:41 | TestSub: S17 | Epoch 48/100 Finsh | Now_lr 0.0005/0.0005 | Train Loss 0.4423 | Valid Loss 0.4086 | Train Acc 78.8810 | Valid Acc 81.4256
2026-07-10 11:01:47 | TestSub: S17 | Epoch 49/100 Finsh | Now_lr 0.0005/0.0005 | Train Loss 0.4416 | Valid Loss 0.4037 | Train Acc 79.0439 | Valid Acc 82.0927
2026-07-10 11:01:52 | TestSub: S17 | Epoch 50/100 Finsh | Now_lr 0.0005/0.0005 | Train Loss 0.4376 | Valid Loss 0.4066 | Train Acc 79.3696 | Valid Acc 81.1798
2026-07-10 11:01:58 | TestSub: S17 | Epoch 51/100 Finsh | Now_lr 0.0005/0.0005 | Train Loss 0.4400 | Valid Loss 0.4044 | Train Acc 79.2610 | Valid Acc 81.7767
2026-07-10 11:02:05 | TestSub: S17 | Epoch 52/100 Finsh | Now_lr 0.0005/0.0005 | Train Loss 0.4376 | Valid Loss 0.4029 | Train Acc 79.4316 | Valid Acc 82.4789
2026-07-10 11:02:10 | TestSub: S17 | Epoch 53/100 Finsh | Now_lr 0.0005/0.0005 | Train Loss 0.4384 | Valid Loss 0.3980 | Train Acc 79.2571 | Valid Acc 81.7767
2026-07-10 11:02:10 | Validation loss decreased (0.401984 --> 0.397981) in epoch (53). Saving model ...
2026-07-10 11:02:17 | TestSub: S17 | Epoch 54/100 Finsh | Now_lr 0.0005/0.0005 | Train Loss 0.4395 | Valid Loss 0.4010 | Train Acc 79.1718 | Valid Acc 82.4087
2026-07-10 11:02:23 | TestSub: S17 | Epoch 55/100 Finsh | Now_lr 0.0005/0.0005 | Train Loss 0.4393 | Valid Loss 0.3982 | Train Acc 79.1020 | Valid Acc 82.3034
2026-07-10 11:02:28 | TestSub: S17 | Epoch 56/100 Finsh | Now_lr 0.0005/0.0005 | Train Loss 0.4394 | Valid Loss 0.3953 | Train Acc 79.1990 | Valid Acc 82.4789
2026-07-10 11:02:28 | Validation loss decreased (0.397981 --> 0.395313) in epoch (56). Saving model ...
2026-07-10 11:02:34 | TestSub: S17 | Epoch 57/100 Finsh | Now_lr 0.0005/0.0005 | Train Loss 0.4366 | Valid Loss 0.3950 | Train Acc 79.3037 | Valid Acc 82.3736
2026-07-10 11:02:34 | Validation loss decreased (0.395313 --> 0.394956) in epoch (57). Saving model ...
2026-07-10 11:02:41 | TestSub: S17 | Epoch 58/100 Finsh | Now_lr 0.0005/0.0005 | Train Loss 0.4388 | Valid Loss 0.3975 | Train Acc 78.9353 | Valid Acc 82.3736
2026-07-10 11:02:48 | TestSub: S17 | Epoch 59/100 Finsh | Now_lr 0.0005/0.0005 | Train Loss 0.4337 | Valid Loss 0.3984 | Train Acc 79.5053 | Valid Acc 81.7065
2026-07-10 11:02:54 | TestSub: S17 | Epoch 60/100 Finsh | Now_lr 0.0005/0.0005 | Train Loss 0.4346 | Valid Loss 0.3953 | Train Acc 79.4006 | Valid Acc 82.7949
2026-07-10 11:03:01 | TestSub: S17 | Epoch 61/100 Finsh | Now_lr 0.0005/0.0005 | Train Loss 0.4350 | Valid Loss 0.3966 | Train Acc 79.6875 | Valid Acc 82.9354
2026-07-10 11:03:07 | TestSub: S17 | Epoch 62/100 Finsh | Now_lr 0.0005/0.0005 | Train Loss 0.4364 | Valid Loss 0.3934 | Train Acc 79.3851 | Valid Acc 82.8652
2026-07-10 11:03:07 | Validation loss decreased (0.394956 --> 0.393447) in epoch (62). Saving model ...
2026-07-10 11:03:14 | TestSub: S17 | Epoch 63/100 Finsh | Now_lr 0.0005/0.0005 | Train Loss 0.4338 | Valid Loss 0.3951 | Train Acc 79.4006 | Valid Acc 82.1980
2026-07-10 11:03:20 | TestSub: S17 | Epoch 64/100 Finsh | Now_lr 0.0005/0.0005 | Train Loss 0.4335 | Valid Loss 0.3891 | Train Acc 79.4549 | Valid Acc 82.1278
2026-07-10 11:03:20 | Validation loss decreased (0.393447 --> 0.389149) in epoch (64). Saving model ...
2026-07-10 11:03:26 | TestSub: S17 | Epoch 65/100 Finsh | Now_lr 0.0005/0.0005 | Train Loss 0.4314 | Valid Loss 0.3947 | Train Acc 79.5944 | Valid Acc 82.7247
2026-07-10 11:03:31 | TestSub: S17 | Epoch 66/100 Finsh | Now_lr 0.0005/0.0005 | Train Loss 0.4278 | Valid Loss 0.3950 | Train Acc 80.0093 | Valid Acc 82.5843
2026-07-10 11:03:37 | TestSub: S17 | Epoch 67/100 Finsh | Now_lr 0.0005/0.0005 | Train Loss 0.4321 | Valid Loss 0.3973 | Train Acc 79.6255 | Valid Acc 82.1629
2026-07-10 11:03:42 | TestSub: S17 | Epoch 68/100 Finsh | Now_lr 0.0005/0.0005 | Train Loss 0.4301 | Valid Loss 0.3884 | Train Acc 79.6061 | Valid Acc 82.3385
2026-07-10 11:03:42 | Validation loss decreased (0.389149 --> 0.388447) in epoch (68). Saving model ...
2026-07-10 11:03:48 | TestSub: S17 | Epoch 69/100 Finsh | Now_lr 0.0005/0.0005 | Train Loss 0.4319 | Valid Loss 0.3856 | Train Acc 79.3851 | Valid Acc 82.1980
2026-07-10 11:03:48 | Validation loss decreased (0.388447 --> 0.385557) in epoch (69). Saving model ...
2026-07-10 11:03:54 | TestSub: S17 | Epoch 70/100 Finsh | Now_lr 0.0005/0.0005 | Train Loss 0.4316 | Valid Loss 0.3903 | Train Acc 79.6604 | Valid Acc 82.1629
2026-07-10 11:03:59 | TestSub: S17 | Epoch 71/100 Finsh | Now_lr 0.0005/0.0005 | Train Loss 0.4321 | Valid Loss 0.3972 | Train Acc 79.5944 | Valid Acc 81.8820
2026-07-10 11:04:05 | TestSub: S17 | Epoch 72/100 Finsh | Now_lr 0.0005/0.0005 | Train Loss 0.4323 | Valid Loss 0.3912 | Train Acc 79.5867 | Valid Acc 82.9705
2026-07-10 11:04:10 | TestSub: S17 | Epoch 73/100 Finsh | Now_lr 0.0005/0.0005 | Train Loss 0.4300 | Valid Loss 0.3927 | Train Acc 79.6565 | Valid Acc 81.8469
2026-07-10 11:04:16 | TestSub: S17 | Epoch 74/100 Finsh | Now_lr 0.0005/0.0005 | Train Loss 0.4303 | Valid Loss 0.3899 | Train Acc 79.8581 | Valid Acc 82.1980
2026-07-10 11:04:21 | TestSub: S17 | Epoch 75/100 Finsh | Now_lr 0.0005/0.0005 | Train Loss 0.4294 | Valid Loss 0.3902 | Train Acc 79.6526 | Valid Acc 83.1812
2026-07-10 11:04:27 | TestSub: S17 | Epoch 76/100 Finsh | Now_lr 0.0005/0.0005 | Train Loss 0.4275 | Valid Loss 0.3901 | Train Acc 79.8814 | Valid Acc 82.7598
2026-07-10 11:04:32 | TestSub: S17 | Epoch 77/100 Finsh | Now_lr 0.0005/0.0005 | Train Loss 0.4291 | Valid Loss 0.3864 | Train Acc 79.7263 | Valid Acc 82.3736
2026-07-10 11:04:38 | TestSub: S17 | Epoch 78/100 Finsh | Now_lr 0.0005/0.0005 | Train Loss 0.4264 | Valid Loss 0.3907 | Train Acc 79.7844 | Valid Acc 82.6194
2026-07-10 11:04:44 | TestSub: S17 | Epoch 79/100 Finsh | Now_lr 0.0005/0.0005 | Train Loss 0.4269 | Valid Loss 0.3870 | Train Acc 79.7069 | Valid Acc 82.5843
2026-07-10 11:04:50 | TestSub: S17 | Epoch 80/100 Finsh | Now_lr 0.0005/0.0005 | Train Loss 0.4257 | Valid Loss 0.3857 | Train Acc 79.7883 | Valid Acc 82.4789
2026-07-10 11:04:57 | TestSub: S17 | Epoch 81/100 Finsh | Now_lr 0.0005/0.0005 | Train Loss 0.4287 | Valid Loss 0.3882 | Train Acc 79.8814 | Valid Acc 82.7598
2026-07-10 11:05:04 | TestSub: S17 | Epoch 82/100 Finsh | Now_lr 0.0005/0.0005 | Train Loss 0.4285 | Valid Loss 0.3874 | Train Acc 79.6836 | Valid Acc 83.1110
2026-07-10 11:05:11 | TestSub: S17 | Epoch 83/100 Finsh | Now_lr 0.0005/0.0005 | Train Loss 0.4261 | Valid Loss 0.3874 | Train Acc 80.0713 | Valid Acc 82.9354
2026-07-10 11:05:17 | TestSub: S17 | Epoch 84/100 Finsh | Now_lr 0.0005/0.0005 | Train Loss 0.4240 | Valid Loss 0.3854 | Train Acc 80.0520 | Valid Acc 82.5140
2026-07-10 11:05:17 | Validation loss decreased (0.385557 --> 0.385363) in epoch (84). Saving model ...
2026-07-10 11:05:24 | TestSub: S17 | Epoch 85/100 Finsh | Now_lr 0.0005/0.0005 | Train Loss 0.4256 | Valid Loss 0.3870 | Train Acc 79.9163 | Valid Acc 82.5843
2026-07-10 11:05:30 | TestSub: S17 | Epoch 86/100 Finsh | Now_lr 0.0005/0.0005 | Train Loss 0.4268 | Valid Loss 0.3835 | Train Acc 79.7806 | Valid Acc 82.8301
2026-07-10 11:05:30 | Validation loss decreased (0.385363 --> 0.383502) in epoch (86). Saving model ...
2026-07-10 11:05:36 | TestSub: S17 | Epoch 87/100 Finsh | Now_lr 0.0005/0.0005 | Train Loss 0.4240 | Valid Loss 0.3864 | Train Acc 79.8581 | Valid Acc 82.3385
2026-07-10 11:05:43 | TestSub: S17 | Epoch 88/100 Finsh | Now_lr 0.0005/0.0005 | Train Loss 0.4260 | Valid Loss 0.3860 | Train Acc 79.7922 | Valid Acc 82.6896
2026-07-10 11:05:49 | TestSub: S17 | Epoch 89/100 Finsh | Now_lr 0.0005/0.0005 | Train Loss 0.4239 | Valid Loss 0.3878 | Train Acc 80.0209 | Valid Acc 82.7949
2026-07-10 11:05:55 | TestSub: S17 | Epoch 90/100 Finsh | Now_lr 0.0005/0.0005 | Train Loss 0.4210 | Valid Loss 0.3804 | Train Acc 80.3893 | Valid Acc 82.9705
2026-07-10 11:05:55 | Validation loss decreased (0.383502 --> 0.380378) in epoch (90). Saving model ...
2026-07-10 11:06:01 | TestSub: S17 | Epoch 91/100 Finsh | Now_lr 0.0005/0.0005 | Train Loss 0.4228 | Valid Loss 0.3880 | Train Acc 80.2652 | Valid Acc 82.2331
2026-07-10 11:06:07 | TestSub: S17 | Epoch 92/100 Finsh | Now_lr 0.0005/0.0005 | Train Loss 0.4226 | Valid Loss 0.3819 | Train Acc 79.8852 | Valid Acc 82.6896
2026-07-10 11:06:12 | TestSub: S17 | Epoch 93/100 Finsh | Now_lr 0.0005/0.0005 | Train Loss 0.4213 | Valid Loss 0.3861 | Train Acc 79.9822 | Valid Acc 82.9003
2026-07-10 11:06:18 | TestSub: S17 | Epoch 94/100 Finsh | Now_lr 0.0005/0.0005 | Train Loss 0.4263 | Valid Loss 0.3826 | Train Acc 79.6332 | Valid Acc 83.1110
2026-07-10 11:06:23 | TestSub: S17 | Epoch 95/100 Finsh | Now_lr 0.0005/0.0005 | Train Loss 0.4218 | Valid Loss 0.3805 | Train Acc 80.1605 | Valid Acc 82.6896
2026-07-10 11:06:29 | TestSub: S17 | Epoch 96/100 Finsh | Now_lr 0.0005/0.0005 | Train Loss 0.4202 | Valid Loss 0.3865 | Train Acc 80.2303 | Valid Acc 83.1812
2026-07-10 11:06:34 | TestSub: S17 | Epoch 97/100 Finsh | Now_lr 0.0005/0.0005 | Train Loss 0.4179 | Valid Loss 0.3815 | Train Acc 80.1799 | Valid Acc 82.3385
2026-07-10 11:06:40 | TestSub: S17 | Epoch 98/100 Finsh | Now_lr 0.0005/0.0005 | Train Loss 0.4199 | Valid Loss 0.3787 | Train Acc 80.1993 | Valid Acc 82.9003
2026-07-10 11:06:40 | Validation loss decreased (0.380378 --> 0.378718) in epoch (98). Saving model ...
2026-07-10 11:06:45 | TestSub: S17 | Epoch 99/100 Finsh | Now_lr 0.0005/0.0005 | Train Loss 0.4169 | Valid Loss 0.3814 | Train Acc 80.4978 | Valid Acc 82.5492
2026-07-10 11:06:51 | TestSub: S17 | Epoch 100/100 Finsh | Now_lr 0.0005/0.0005 | Train Loss 0.4216 | Valid Loss 0.3784 | Train Acc 79.9318 | Valid Acc 82.8652
2026-07-10 11:06:51 | Validation loss decreased (0.378718 --> 0.378391) in epoch (100). Saving model ...
2026-07-10 11:06:51 | --------------------------------------------------
2026-07-10 11:06:51 | Test_Subject :S17 | Best epoch:100 | Test Loss:0.4413 | Savemodel Acc 79.6411
2026-07-10 11:06:51 | --------------------------------------------------
2026-07-10 11:06:51 | Best epoch: 100 | Test acc: 79.6411
