2026-07-10 08:27:13 | Logging started: ./writer/Subject_dependent_AAD/DTU/0.1s/result//Train0.1s_sub2.log
2026-07-10 08:27:14 | Sub_id: 2
2026-07-10 08:27:22 | TestSub: S2 | Epoch  1/100 Finsh | Now_lr 0.0005/0.0005 | Train Loss 0.6402 | Valid Loss 0.5055 | Train Acc 62.8102 | Valid Acc 77.9846
2026-07-10 08:27:22 | Validation loss decreased (inf --> 0.505477) in epoch (1). Saving model ...
2026-07-10 08:27:29 | TestSub: S2 | Epoch  2/100 Finsh | Now_lr 0.0005/0.0005 | Train Loss 0.4892 | Valid Loss 0.3938 | Train Acc 76.9114 | Valid Acc 84.5857
2026-07-10 08:27:29 | Validation loss decreased (0.505477 --> 0.393820) in epoch (2). Saving model ...
2026-07-10 08:27:35 | TestSub: S2 | Epoch  3/100 Finsh | Now_lr 0.0005/0.0005 | Train Loss 0.4368 | Valid Loss 0.3598 | Train Acc 80.5095 | Valid Acc 84.6208
2026-07-10 08:27:35 | Validation loss decreased (0.393820 --> 0.359808) in epoch (3). Saving model ...
2026-07-10 08:27:40 | TestSub: S2 | Epoch  4/100 Finsh | Now_lr 0.0005/0.0005 | Train Loss 0.4089 | Valid Loss 0.3355 | Train Acc 81.9983 | Valid Acc 86.4115
2026-07-10 08:27:40 | Validation loss decreased (0.359808 --> 0.335546) in epoch (4). Saving model ...
2026-07-10 08:27:47 | TestSub: S2 | Epoch  5/100 Finsh | Now_lr 0.0005/0.0005 | Train Loss 0.3945 | Valid Loss 0.3197 | Train Acc 82.7854 | Valid Acc 87.5351
2026-07-10 08:27:47 | Validation loss decreased (0.335546 --> 0.319687) in epoch (5). Saving model ...
2026-07-10 08:27:53 | TestSub: S2 | Epoch  6/100 Finsh | Now_lr 0.0005/0.0005 | Train Loss 0.3830 | Valid Loss 0.3148 | Train Acc 83.3437 | Valid Acc 88.0618
2026-07-10 08:27:53 | Validation loss decreased (0.319687 --> 0.314800) in epoch (6). Saving model ...
2026-07-10 08:27:59 | TestSub: S2 | Epoch  7/100 Finsh | Now_lr 0.0005/0.0005 | Train Loss 0.3769 | Valid Loss 0.3083 | Train Acc 83.8904 | Valid Acc 87.8862
2026-07-10 08:27:59 | Validation loss decreased (0.314800 --> 0.308301) in epoch (7). Saving model ...
2026-07-10 08:28:05 | TestSub: S2 | Epoch  8/100 Finsh | Now_lr 0.0005/0.0005 | Train Loss 0.3728 | Valid Loss 0.3010 | Train Acc 83.9679 | Valid Acc 87.6053
2026-07-10 08:28:05 | Validation loss decreased (0.308301 --> 0.301017) in epoch (8). Saving model ...
2026-07-10 08:28:12 | TestSub: S2 | Epoch  9/100 Finsh | Now_lr 0.0005/0.0005 | Train Loss 0.3671 | Valid Loss 0.3064 | Train Acc 84.1695 | Valid Acc 86.9382
2026-07-10 08:28:19 | TestSub: S2 | Epoch 10/100 Finsh | Now_lr 0.0005/0.0005 | Train Loss 0.3663 | Valid Loss 0.3081 | Train Acc 84.4409 | Valid Acc 87.9213
2026-07-10 08:28:25 | TestSub: S2 | Epoch 11/100 Finsh | Now_lr 0.0005/0.0005 | Train Loss 0.3549 | Valid Loss 0.2929 | Train Acc 84.8092 | Valid Acc 88.6938
2026-07-10 08:28:25 | Validation loss decreased (0.301017 --> 0.292909) in epoch (11). Saving model ...
2026-07-10 08:28:32 | TestSub: S2 | Epoch 12/100 Finsh | Now_lr 0.0005/0.0005 | Train Loss 0.3525 | Valid Loss 0.2799 | Train Acc 84.6542 | Valid Acc 88.9747
2026-07-10 08:28:32 | Validation loss decreased (0.292909 --> 0.279929) in epoch (12). Saving model ...
2026-07-10 08:28:39 | TestSub: S2 | Epoch 13/100 Finsh | Now_lr 0.0005/0.0005 | Train Loss 0.3548 | Valid Loss 0.2781 | Train Acc 84.5805 | Valid Acc 90.0281
2026-07-10 08:28:39 | Validation loss decreased (0.279929 --> 0.278062) in epoch (13). Saving model ...
2026-07-10 08:28:45 | TestSub: S2 | Epoch 14/100 Finsh | Now_lr 0.0005/0.0005 | Train Loss 0.3492 | Valid Loss 0.2740 | Train Acc 85.0613 | Valid Acc 89.7472
2026-07-10 08:28:45 | Validation loss decreased (0.278062 --> 0.274015) in epoch (14). Saving model ...
2026-07-10 08:28:51 | TestSub: S2 | Epoch 15/100 Finsh | Now_lr 0.0005/0.0005 | Train Loss 0.3447 | Valid Loss 0.2701 | Train Acc 85.1931 | Valid Acc 89.2205
2026-07-10 08:28:51 | Validation loss decreased (0.274015 --> 0.270139) in epoch (15). Saving model ...
2026-07-10 08:28:57 | TestSub: S2 | Epoch 16/100 Finsh | Now_lr 0.0005/0.0005 | Train Loss 0.3399 | Valid Loss 0.2698 | Train Acc 85.3559 | Valid Acc 90.4846
2026-07-10 08:28:57 | Validation loss decreased (0.270139 --> 0.269828) in epoch (16). Saving model ...
2026-07-10 08:29:03 | TestSub: S2 | Epoch 17/100 Finsh | Now_lr 0.0005/0.0005 | Train Loss 0.3382 | Valid Loss 0.2682 | Train Acc 85.6118 | Valid Acc 89.6419
2026-07-10 08:29:03 | Validation loss decreased (0.269828 --> 0.268230) in epoch (17). Saving model ...
2026-07-10 08:29:09 | TestSub: S2 | Epoch 18/100 Finsh | Now_lr 0.0005/0.0005 | Train Loss 0.3366 | Valid Loss 0.2576 | Train Acc 85.8522 | Valid Acc 90.3441
2026-07-10 08:29:09 | Validation loss decreased (0.268230 --> 0.257551) in epoch (18). Saving model ...
2026-07-10 08:29:14 | TestSub: S2 | Epoch 19/100 Finsh | Now_lr 0.0005/0.0005 | Train Loss 0.3336 | Valid Loss 0.2622 | Train Acc 85.9801 | Valid Acc 90.0632
2026-07-10 08:29:20 | TestSub: S2 | Epoch 20/100 Finsh | Now_lr 0.0005/0.0005 | Train Loss 0.3325 | Valid Loss 0.2650 | Train Acc 85.9142 | Valid Acc 90.0983
2026-07-10 08:29:26 | TestSub: S2 | Epoch 21/100 Finsh | Now_lr 0.0005/0.0005 | Train Loss 0.3337 | Valid Loss 0.2469 | Train Acc 85.7940 | Valid Acc 90.7654
2026-07-10 08:29:26 | Validation loss decreased (0.257551 --> 0.246920) in epoch (21). Saving model ...
2026-07-10 08:29:31 | TestSub: S2 | Epoch 22/100 Finsh | Now_lr 0.0005/0.0005 | Train Loss 0.3269 | Valid Loss 0.2545 | Train Acc 86.1973 | Valid Acc 90.0632
2026-07-10 08:29:37 | TestSub: S2 | Epoch 23/100 Finsh | Now_lr 0.0005/0.0005 | Train Loss 0.3281 | Valid Loss 0.2469 | Train Acc 85.9879 | Valid Acc 90.6250
2026-07-10 08:29:43 | TestSub: S2 | Epoch 24/100 Finsh | Now_lr 0.0005/0.0005 | Train Loss 0.3259 | Valid Loss 0.2525 | Train Acc 86.1352 | Valid Acc 89.9930
2026-07-10 08:29:49 | TestSub: S2 | Epoch 25/100 Finsh | Now_lr 0.0005/0.0005 | Train Loss 0.3219 | Valid Loss 0.2519 | Train Acc 86.4842 | Valid Acc 90.0281
2026-07-10 08:29:55 | TestSub: S2 | Epoch 26/100 Finsh | Now_lr 0.0005/0.0005 | Train Loss 0.3230 | Valid Loss 0.2473 | Train Acc 86.1430 | Valid Acc 90.5197
2026-07-10 08:30:00 | TestSub: S2 | Epoch 27/100 Finsh | Now_lr 0.0005/0.0005 | Train Loss 0.3229 | Valid Loss 0.2412 | Train Acc 86.2632 | Valid Acc 90.6601
2026-07-10 08:30:00 | Validation loss decreased (0.246920 --> 0.241202) in epoch (27). Saving model ...
2026-07-10 08:30:06 | TestSub: S2 | Epoch 28/100 Finsh | Now_lr 0.0005/0.0005 | Train Loss 0.3214 | Valid Loss 0.2428 | Train Acc 86.1779 | Valid Acc 91.0463
2026-07-10 08:30:12 | TestSub: S2 | Epoch 29/100 Finsh | Now_lr 0.0005/0.0005 | Train Loss 0.3208 | Valid Loss 0.2334 | Train Acc 86.2283 | Valid Acc 91.3975
2026-07-10 08:30:12 | Validation loss decreased (0.241202 --> 0.233398) in epoch (29). Saving model ...
2026-07-10 08:30:18 | TestSub: S2 | Epoch 30/100 Finsh | Now_lr 0.0005/0.0005 | Train Loss 0.3162 | Valid Loss 0.2461 | Train Acc 86.6044 | Valid Acc 90.5197
2026-07-10 08:30:23 | TestSub: S2 | Epoch 31/100 Finsh | Now_lr 0.0005/0.0005 | Train Loss 0.3186 | Valid Loss 0.2385 | Train Acc 86.5772 | Valid Acc 90.7654
2026-07-10 08:30:29 | TestSub: S2 | Epoch 32/100 Finsh | Now_lr 0.0005/0.0005 | Train Loss 0.3096 | Valid Loss 0.2353 | Train Acc 86.7788 | Valid Acc 90.9410
2026-07-10 08:30:35 | TestSub: S2 | Epoch 33/100 Finsh | Now_lr 0.0005/0.0005 | Train Loss 0.3081 | Valid Loss 0.2283 | Train Acc 86.9611 | Valid Acc 91.7837
2026-07-10 08:30:35 | Validation loss decreased (0.233398 --> 0.228314) in epoch (33). Saving model ...
2026-07-10 08:30:41 | TestSub: S2 | Epoch 34/100 Finsh | Now_lr 0.0005/0.0005 | Train Loss 0.3165 | Valid Loss 0.2423 | Train Acc 86.6354 | Valid Acc 90.2739
2026-07-10 08:30:46 | TestSub: S2 | Epoch 35/100 Finsh | Now_lr 0.0005/0.0005 | Train Loss 0.3131 | Valid Loss 0.2295 | Train Acc 86.7362 | Valid Acc 91.2921
2026-07-10 08:30:52 | TestSub: S2 | Epoch 36/100 Finsh | Now_lr 0.0005/0.0005 | Train Loss 0.3097 | Valid Loss 0.2309 | Train Acc 86.8254 | Valid Acc 91.9242
2026-07-10 08:30:58 | TestSub: S2 | Epoch 37/100 Finsh | Now_lr 0.0005/0.0005 | Train Loss 0.3103 | Valid Loss 0.2291 | Train Acc 86.9378 | Valid Acc 90.9410
2026-07-10 08:31:03 | TestSub: S2 | Epoch 38/100 Finsh | Now_lr 0.0005/0.0005 | Train Loss 0.3073 | Valid Loss 0.2383 | Train Acc 86.9882 | Valid Acc 90.6952
2026-07-10 08:31:09 | TestSub: S2 | Epoch 39/100 Finsh | Now_lr 0.0005/0.0005 | Train Loss 0.3064 | Valid Loss 0.2349 | Train Acc 86.9998 | Valid Acc 90.9410
2026-07-10 08:31:16 | TestSub: S2 | Epoch 40/100 Finsh | Now_lr 0.0005/0.0005 | Train Loss 0.3095 | Valid Loss 0.2190 | Train Acc 86.7129 | Valid Acc 91.4677
2026-07-10 08:31:16 | Validation loss decreased (0.228314 --> 0.219049) in epoch (40). Saving model ...
2026-07-10 08:31:23 | TestSub: S2 | Epoch 41/100 Finsh | Now_lr 0.0005/0.0005 | Train Loss 0.3074 | Valid Loss 0.2281 | Train Acc 86.9843 | Valid Acc 90.6952
2026-07-10 08:31:29 | TestSub: S2 | Epoch 42/100 Finsh | Now_lr 0.0005/0.0005 | Train Loss 0.3108 | Valid Loss 0.2265 | Train Acc 86.7866 | Valid Acc 91.1166
2026-07-10 08:31:35 | TestSub: S2 | Epoch 43/100 Finsh | Now_lr 0.0005/0.0005 | Train Loss 0.3028 | Valid Loss 0.2303 | Train Acc 87.1355 | Valid Acc 90.8708
2026-07-10 08:31:41 | TestSub: S2 | Epoch 44/100 Finsh | Now_lr 0.0005/0.0005 | Train Loss 0.3061 | Valid Loss 0.2282 | Train Acc 86.9339 | Valid Acc 90.9410
2026-07-10 08:31:48 | TestSub: S2 | Epoch 45/100 Finsh | Now_lr 0.0005/0.0005 | Train Loss 0.3045 | Valid Loss 0.2174 | Train Acc 87.0968 | Valid Acc 91.3272
2026-07-10 08:31:48 | Validation loss decreased (0.219049 --> 0.217401) in epoch (45). Saving model ...
2026-07-10 08:31:54 | TestSub: S2 | Epoch 46/100 Finsh | Now_lr 0.0005/0.0005 | Train Loss 0.3004 | Valid Loss 0.2268 | Train Acc 87.2868 | Valid Acc 90.9761
2026-07-10 08:32:01 | TestSub: S2 | Epoch 47/100 Finsh | Now_lr 0.0005/0.0005 | Train Loss 0.3020 | Valid Loss 0.2224 | Train Acc 86.9727 | Valid Acc 91.5730
2026-07-10 08:32:08 | TestSub: S2 | Epoch 48/100 Finsh | Now_lr 0.0005/0.0005 | Train Loss 0.2971 | Valid Loss 0.2173 | Train Acc 87.2868 | Valid Acc 91.7837
2026-07-10 08:32:08 | Validation loss decreased (0.217401 --> 0.217330) in epoch (48). Saving model ...
2026-07-10 08:32:14 | TestSub: S2 | Epoch 49/100 Finsh | Now_lr 0.0005/0.0005 | Train Loss 0.3004 | Valid Loss 0.2181 | Train Acc 87.0968 | Valid Acc 90.9761
2026-07-10 08:32:20 | TestSub: S2 | Epoch 50/100 Finsh | Now_lr 0.0005/0.0005 | Train Loss 0.2946 | Valid Loss 0.2153 | Train Acc 87.6396 | Valid Acc 92.0646
2026-07-10 08:32:20 | Validation loss decreased (0.217330 --> 0.215292) in epoch (50). Saving model ...
2026-07-10 08:32:25 | TestSub: S2 | Epoch 51/100 Finsh | Now_lr 0.0005/0.0005 | Train Loss 0.2985 | Valid Loss 0.2240 | Train Acc 87.3449 | Valid Acc 91.1868
2026-07-10 08:32:31 | TestSub: S2 | Epoch 52/100 Finsh | Now_lr 0.0005/0.0005 | Train Loss 0.2982 | Valid Loss 0.2140 | Train Acc 87.2635 | Valid Acc 91.7135
2026-07-10 08:32:31 | Validation loss decreased (0.215292 --> 0.213996) in epoch (52). Saving model ...
2026-07-10 08:32:38 | TestSub: S2 | Epoch 53/100 Finsh | Now_lr 0.0005/0.0005 | Train Loss 0.2970 | Valid Loss 0.2174 | Train Acc 87.5194 | Valid Acc 91.8188
2026-07-10 08:32:43 | TestSub: S2 | Epoch 54/100 Finsh | Now_lr 0.0005/0.0005 | Train Loss 0.2978 | Valid Loss 0.2203 | Train Acc 87.2984 | Valid Acc 91.8188
2026-07-10 08:32:49 | TestSub: S2 | Epoch 55/100 Finsh | Now_lr 0.0005/0.0005 | Train Loss 0.2924 | Valid Loss 0.2159 | Train Acc 87.7016 | Valid Acc 91.6784
2026-07-10 08:32:55 | TestSub: S2 | Epoch 56/100 Finsh | Now_lr 0.0005/0.0005 | Train Loss 0.2929 | Valid Loss 0.2100 | Train Acc 87.6551 | Valid Acc 91.7486
2026-07-10 08:32:55 | Validation loss decreased (0.213996 --> 0.209992) in epoch (56). Saving model ...
2026-07-10 08:33:02 | TestSub: S2 | Epoch 57/100 Finsh | Now_lr 0.0005/0.0005 | Train Loss 0.2894 | Valid Loss 0.2063 | Train Acc 87.6008 | Valid Acc 92.2753
2026-07-10 08:33:02 | Validation loss decreased (0.209992 --> 0.206339) in epoch (57). Saving model ...
2026-07-10 08:33:09 | TestSub: S2 | Epoch 58/100 Finsh | Now_lr 0.0005/0.0005 | Train Loss 0.2909 | Valid Loss 0.2190 | Train Acc 87.5426 | Valid Acc 91.3975
2026-07-10 08:33:15 | TestSub: S2 | Epoch 59/100 Finsh | Now_lr 0.0005/0.0005 | Train Loss 0.2938 | Valid Loss 0.2091 | Train Acc 87.4535 | Valid Acc 91.7837
2026-07-10 08:33:22 | TestSub: S2 | Epoch 60/100 Finsh | Now_lr 0.0005/0.0005 | Train Loss 0.2934 | Valid Loss 0.2127 | Train Acc 87.4922 | Valid Acc 91.9944
2026-07-10 08:33:29 | TestSub: S2 | Epoch 61/100 Finsh | Now_lr 0.0005/0.0005 | Train Loss 0.2928 | Valid Loss 0.2073 | Train Acc 87.7559 | Valid Acc 92.2753
2026-07-10 08:33:35 | TestSub: S2 | Epoch 62/100 Finsh | Now_lr 0.0005/0.0005 | Train Loss 0.2927 | Valid Loss 0.2125 | Train Acc 87.6202 | Valid Acc 91.8890
2026-07-10 08:33:42 | TestSub: S2 | Epoch 63/100 Finsh | Now_lr 0.0005/0.0005 | Train Loss 0.2941 | Valid Loss 0.2090 | Train Acc 87.2751 | Valid Acc 92.0997
2026-07-10 08:33:49 | TestSub: S2 | Epoch 64/100 Finsh | Now_lr 0.0005/0.0005 | Train Loss 0.2927 | Valid Loss 0.2163 | Train Acc 87.5039 | Valid Acc 90.8357
2026-07-10 08:33:55 | TestSub: S2 | Epoch 65/100 Finsh | Now_lr 0.0005/0.0005 | Train Loss 0.2912 | Valid Loss 0.2056 | Train Acc 87.6939 | Valid Acc 92.1699
2026-07-10 08:33:55 | Validation loss decreased (0.206339 --> 0.205626) in epoch (65). Saving model ...
2026-07-10 08:34:00 | TestSub: S2 | Epoch 66/100 Finsh | Now_lr 0.0005/0.0005 | Train Loss 0.2927 | Valid Loss 0.2071 | Train Acc 87.5504 | Valid Acc 92.3455
2026-07-10 08:34:06 | TestSub: S2 | Epoch 67/100 Finsh | Now_lr 0.0005/0.0005 | Train Loss 0.2899 | Valid Loss 0.2139 | Train Acc 88.0234 | Valid Acc 91.9944
2026-07-10 08:34:12 | TestSub: S2 | Epoch 68/100 Finsh | Now_lr 0.0005/0.0005 | Train Loss 0.2947 | Valid Loss 0.2109 | Train Acc 87.4069 | Valid Acc 91.6784
2026-07-10 08:34:19 | TestSub: S2 | Epoch 69/100 Finsh | Now_lr 0.0005/0.0005 | Train Loss 0.2849 | Valid Loss 0.2061 | Train Acc 87.9653 | Valid Acc 92.0646
2026-07-10 08:34:26 | TestSub: S2 | Epoch 70/100 Finsh | Now_lr 0.0005/0.0005 | Train Loss 0.2861 | Valid Loss 0.2045 | Train Acc 87.9381 | Valid Acc 92.3104
2026-07-10 08:34:26 | Validation loss decreased (0.205626 --> 0.204537) in epoch (70). Saving model ...
2026-07-10 08:34:32 | TestSub: S2 | Epoch 71/100 Finsh | Now_lr 0.0005/0.0005 | Train Loss 0.2862 | Valid Loss 0.2120 | Train Acc 87.7830 | Valid Acc 91.5028
2026-07-10 08:34:39 | TestSub: S2 | Epoch 72/100 Finsh | Now_lr 0.0005/0.0005 | Train Loss 0.2895 | Valid Loss 0.2113 | Train Acc 87.5814 | Valid Acc 91.9242
2026-07-10 08:34:46 | TestSub: S2 | Epoch 73/100 Finsh | Now_lr 0.0005/0.0005 | Train Loss 0.2835 | Valid Loss 0.1978 | Train Acc 87.9575 | Valid Acc 92.4157
2026-07-10 08:34:46 | Validation loss decreased (0.204537 --> 0.197760) in epoch (73). Saving model ...
2026-07-10 08:34:53 | TestSub: S2 | Epoch 74/100 Finsh | Now_lr 0.0005/0.0005 | Train Loss 0.2880 | Valid Loss 0.2088 | Train Acc 87.6590 | Valid Acc 92.2402
2026-07-10 08:34:59 | TestSub: S2 | Epoch 75/100 Finsh | Now_lr 0.0005/0.0005 | Train Loss 0.2797 | Valid Loss 0.2088 | Train Acc 88.0661 | Valid Acc 92.3455
2026-07-10 08:35:05 | TestSub: S2 | Epoch 76/100 Finsh | Now_lr 0.0005/0.0005 | Train Loss 0.2868 | Valid Loss 0.2068 | Train Acc 87.7947 | Valid Acc 92.1699
2026-07-10 08:35:10 | TestSub: S2 | Epoch 77/100 Finsh | Now_lr 0.0005/0.0005 | Train Loss 0.2932 | Valid Loss 0.2259 | Train Acc 87.6396 | Valid Acc 90.9761
2026-07-10 08:35:16 | TestSub: S2 | Epoch 78/100 Finsh | Now_lr 0.0005/0.0005 | Train Loss 0.2882 | Valid Loss 0.2087 | Train Acc 87.7249 | Valid Acc 92.4157
2026-07-10 08:35:22 | TestSub: S2 | Epoch 79/100 Finsh | Now_lr 0.0005/0.0005 | Train Loss 0.2867 | Valid Loss 0.2209 | Train Acc 87.7365 | Valid Acc 91.4326
2026-07-10 08:35:27 | TestSub: S2 | Epoch 80/100 Finsh | Now_lr 0.0005/0.0005 | Train Loss 0.2875 | Valid Loss 0.1986 | Train Acc 87.7481 | Valid Acc 92.9424
2026-07-10 08:35:33 | TestSub: S2 | Epoch 81/100 Finsh | Now_lr 0.0005/0.0005 | Train Loss 0.2861 | Valid Loss 0.2094 | Train Acc 88.0777 | Valid Acc 92.1699
2026-07-10 08:35:39 | TestSub: S2 | Epoch 82/100 Finsh | Now_lr 0.0005/0.0005 | Train Loss 0.2829 | Valid Loss 0.2005 | Train Acc 88.2018 | Valid Acc 92.2051
2026-07-10 08:35:45 | TestSub: S2 | Epoch 83/100 Finsh | Now_lr 0.0005/0.0005 | Train Loss 0.2868 | Valid Loss 0.2096 | Train Acc 87.9032 | Valid Acc 92.2051
2026-07-10 08:35:51 | TestSub: S2 | Epoch 84/100 Finsh | Now_lr 0.0005/0.0005 | Train Loss 0.2852 | Valid Loss 0.2052 | Train Acc 88.2056 | Valid Acc 91.5730
2026-07-10 08:35:58 | TestSub: S2 | Epoch 85/100 Finsh | Now_lr 0.0005/0.0005 | Train Loss 0.2814 | Valid Loss 0.2064 | Train Acc 87.9808 | Valid Acc 92.1699
2026-07-10 08:36:04 | TestSub: S2 | Epoch 86/100 Finsh | Now_lr 0.0005/0.0005 | Train Loss 0.2824 | Valid Loss 0.2029 | Train Acc 88.0738 | Valid Acc 91.9944
2026-07-10 08:36:11 | TestSub: S2 | Epoch 87/100 Finsh | Now_lr 0.0005/0.0005 | Train Loss 0.2844 | Valid Loss 0.2141 | Train Acc 87.9653 | Valid Acc 91.8890
2026-07-10 08:36:17 | TestSub: S2 | Epoch 88/100 Finsh | Now_lr 0.0005/0.0005 | Train Loss 0.2831 | Valid Loss 0.2064 | Train Acc 88.1669 | Valid Acc 92.4508
2026-07-10 08:36:23 | TestSub: S2 | Epoch 89/100 Finsh | Now_lr 0.0005/0.0005 | Train Loss 0.2820 | Valid Loss 0.1984 | Train Acc 88.1591 | Valid Acc 92.9073
2026-07-10 08:36:28 | TestSub: S2 | Epoch 90/100 Finsh | Now_lr 0.0005/0.0005 | Train Loss 0.2803 | Valid Loss 0.1938 | Train Acc 88.1824 | Valid Acc 92.5562
2026-07-10 08:36:28 | Validation loss decreased (0.197760 --> 0.193757) in epoch (90). Saving model ...
2026-07-10 08:36:35 | TestSub: S2 | Epoch 91/100 Finsh | Now_lr 0.0005/0.0005 | Train Loss 0.2795 | Valid Loss 0.2088 | Train Acc 88.4887 | Valid Acc 91.8188
2026-07-10 08:36:42 | TestSub: S2 | Epoch 92/100 Finsh | Now_lr 0.0005/0.0005 | Train Loss 0.2846 | Valid Loss 0.1981 | Train Acc 88.1436 | Valid Acc 92.6615
2026-07-10 08:36:47 | TestSub: S2 | Epoch 93/100 Finsh | Now_lr 0.0005/0.0005 | Train Loss 0.2814 | Valid Loss 0.1989 | Train Acc 88.1320 | Valid Acc 92.9424
2026-07-10 08:36:53 | TestSub: S2 | Epoch 94/100 Finsh | Now_lr 0.0005/0.0005 | Train Loss 0.2821 | Valid Loss 0.1980 | Train Acc 87.9459 | Valid Acc 92.2753
2026-07-10 08:36:59 | TestSub: S2 | Epoch 95/100 Finsh | Now_lr 0.0005/0.0005 | Train Loss 0.2808 | Valid Loss 0.1989 | Train Acc 88.2716 | Valid Acc 92.0997
2026-07-10 08:37:04 | TestSub: S2 | Epoch 96/100 Finsh | Now_lr 0.0005/0.0005 | Train Loss 0.2795 | Valid Loss 0.1958 | Train Acc 88.3142 | Valid Acc 92.2051
2026-07-10 08:37:10 | TestSub: S2 | Epoch 97/100 Finsh | Now_lr 0.0005/0.0005 | Train Loss 0.2833 | Valid Loss 0.2087 | Train Acc 88.0544 | Valid Acc 91.6784
2026-07-10 08:37:16 | TestSub: S2 | Epoch 98/100 Finsh | Now_lr 0.0005/0.0005 | Train Loss 0.2800 | Valid Loss 0.1982 | Train Acc 88.1126 | Valid Acc 92.4157
2026-07-10 08:37:22 | TestSub: S2 | Epoch 99/100 Finsh | Now_lr 0.0005/0.0005 | Train Loss 0.2761 | Valid Loss 0.1953 | Train Acc 88.4964 | Valid Acc 92.4860
2026-07-10 08:37:29 | TestSub: S2 | Epoch 100/100 Finsh | Now_lr 0.0005/0.0005 | Train Loss 0.2839 | Valid Loss 0.1933 | Train Acc 88.0312 | Valid Acc 93.0126
2026-07-10 08:37:29 | Validation loss decreased (0.193757 --> 0.193288) in epoch (100). Saving model ...
2026-07-10 08:37:29 | --------------------------------------------------
2026-07-10 08:37:29 | Test_Subject :S2 | Best epoch:100 | Test Loss:0.2559 | Savemodel Acc 90.0681
2026-07-10 08:37:29 | --------------------------------------------------
2026-07-10 08:37:29 | Best epoch: 100 | Test acc: 90.0681
