2026-07-10 10:47:28 | Logging started: ./writer/Subject_dependent_AAD/DTU/0.1s/result//Train0.1s_sub16.log
2026-07-10 10:47:29 | Sub_id: 16
2026-07-10 10:47:36 | TestSub: S16 | Epoch  1/100 Finsh | Now_lr 0.0005/0.0005 | Train Loss 0.6748 | Valid Loss 0.6260 | Train Acc 57.3240 | Valid Acc 63.6587
2026-07-10 10:47:36 | Validation loss decreased (inf --> 0.625966) in epoch (1). Saving model ...
2026-07-10 10:47:42 | TestSub: S16 | Epoch  2/100 Finsh | Now_lr 0.0005/0.0005 | Train Loss 0.6231 | Valid Loss 0.6118 | Train Acc 64.4929 | Valid Acc 65.1334
2026-07-10 10:47:42 | Validation loss decreased (0.625966 --> 0.611752) in epoch (2). Saving model ...
2026-07-10 10:47:47 | TestSub: S16 | Epoch  3/100 Finsh | Now_lr 0.0005/0.0005 | Train Loss 0.6104 | Valid Loss 0.6029 | Train Acc 66.2725 | Valid Acc 65.2388
2026-07-10 10:47:47 | Validation loss decreased (0.611752 --> 0.602907) in epoch (3). Saving model ...
2026-07-10 10:47:53 | TestSub: S16 | Epoch  4/100 Finsh | Now_lr 0.0005/0.0005 | Train Loss 0.5975 | Valid Loss 0.5903 | Train Acc 67.2689 | Valid Acc 66.6081
2026-07-10 10:47:53 | Validation loss decreased (0.602907 --> 0.590322) in epoch (4). Saving model ...
2026-07-10 10:47:58 | TestSub: S16 | Epoch  5/100 Finsh | Now_lr 0.0005/0.0005 | Train Loss 0.5855 | Valid Loss 0.5736 | Train Acc 68.1180 | Valid Acc 68.1180
2026-07-10 10:47:58 | Validation loss decreased (0.590322 --> 0.573585) in epoch (5). Saving model ...
2026-07-10 10:48:04 | TestSub: S16 | Epoch  6/100 Finsh | Now_lr 0.0005/0.0005 | Train Loss 0.5775 | Valid Loss 0.5636 | Train Acc 68.8818 | Valid Acc 68.6798
2026-07-10 10:48:04 | Validation loss decreased (0.573585 --> 0.563596) in epoch (6). Saving model ...
2026-07-10 10:48:11 | TestSub: S16 | Epoch  7/100 Finsh | Now_lr 0.0005/0.0005 | Train Loss 0.5693 | Valid Loss 0.5521 | Train Acc 69.9791 | Valid Acc 69.8034
2026-07-10 10:48:11 | Validation loss decreased (0.563596 --> 0.552113) in epoch (7). Saving model ...
2026-07-10 10:48:16 | TestSub: S16 | Epoch  8/100 Finsh | Now_lr 0.0005/0.0005 | Train Loss 0.5613 | Valid Loss 0.5474 | Train Acc 70.4094 | Valid Acc 70.8919
2026-07-10 10:48:16 | Validation loss decreased (0.552113 --> 0.547355) in epoch (8). Saving model ...
2026-07-10 10:48:22 | TestSub: S16 | Epoch  9/100 Finsh | Now_lr 0.0005/0.0005 | Train Loss 0.5585 | Valid Loss 0.5407 | Train Acc 70.7390 | Valid Acc 71.1376
2026-07-10 10:48:22 | Validation loss decreased (0.547355 --> 0.540652) in epoch (9). Saving model ...
2026-07-10 10:48:28 | TestSub: S16 | Epoch 10/100 Finsh | Now_lr 0.0005/0.0005 | Train Loss 0.5530 | Valid Loss 0.5336 | Train Acc 70.6576 | Valid Acc 72.6475
2026-07-10 10:48:28 | Validation loss decreased (0.540652 --> 0.533648) in epoch (10). Saving model ...
2026-07-10 10:48:33 | TestSub: S16 | Epoch 11/100 Finsh | Now_lr 0.0005/0.0005 | Train Loss 0.5500 | Valid Loss 0.5283 | Train Acc 71.1616 | Valid Acc 72.6826
2026-07-10 10:48:33 | Validation loss decreased (0.533648 --> 0.528317) in epoch (11). Saving model ...
2026-07-10 10:48:39 | TestSub: S16 | Epoch 12/100 Finsh | Now_lr 0.0005/0.0005 | Train Loss 0.5428 | Valid Loss 0.5209 | Train Acc 71.5416 | Valid Acc 73.2093
2026-07-10 10:48:39 | Validation loss decreased (0.528317 --> 0.520904) in epoch (12). Saving model ...
2026-07-10 10:48:44 | TestSub: S16 | Epoch 13/100 Finsh | Now_lr 0.0005/0.0005 | Train Loss 0.5413 | Valid Loss 0.5187 | Train Acc 71.8091 | Valid Acc 72.8230
2026-07-10 10:48:44 | Validation loss decreased (0.520904 --> 0.518742) in epoch (13). Saving model ...
2026-07-10 10:48:50 | TestSub: S16 | Epoch 14/100 Finsh | Now_lr 0.0005/0.0005 | Train Loss 0.5375 | Valid Loss 0.5152 | Train Acc 72.2976 | Valid Acc 74.5787
2026-07-10 10:48:50 | Validation loss decreased (0.518742 --> 0.515222) in epoch (14). Saving model ...
2026-07-10 10:48:56 | TestSub: S16 | Epoch 15/100 Finsh | Now_lr 0.0005/0.0005 | Train Loss 0.5347 | Valid Loss 0.5109 | Train Acc 71.9681 | Valid Acc 74.4733
2026-07-10 10:48:56 | Validation loss decreased (0.515222 --> 0.510854) in epoch (15). Saving model ...
2026-07-10 10:49:02 | TestSub: S16 | Epoch 16/100 Finsh | Now_lr 0.0005/0.0005 | Train Loss 0.5294 | Valid Loss 0.5016 | Train Acc 72.6776 | Valid Acc 75.3511
2026-07-10 10:49:02 | Validation loss decreased (0.510854 --> 0.501621) in epoch (16). Saving model ...
2026-07-10 10:49:08 | TestSub: S16 | Epoch 17/100 Finsh | Now_lr 0.0005/0.0005 | Train Loss 0.5257 | Valid Loss 0.4976 | Train Acc 72.7629 | Valid Acc 75.9831
2026-07-10 10:49:08 | Validation loss decreased (0.501621 --> 0.497577) in epoch (17). Saving model ...
2026-07-10 10:49:15 | TestSub: S16 | Epoch 18/100 Finsh | Now_lr 0.0005/0.0005 | Train Loss 0.5246 | Valid Loss 0.4965 | Train Acc 72.7667 | Valid Acc 75.1053
2026-07-10 10:49:15 | Validation loss decreased (0.497577 --> 0.496477) in epoch (18). Saving model ...
2026-07-10 10:49:21 | TestSub: S16 | Epoch 19/100 Finsh | Now_lr 0.0005/0.0005 | Train Loss 0.5243 | Valid Loss 0.4931 | Train Acc 73.0692 | Valid Acc 76.4396
2026-07-10 10:49:21 | Validation loss decreased (0.496477 --> 0.493053) in epoch (19). Saving model ...
2026-07-10 10:49:27 | TestSub: S16 | Epoch 20/100 Finsh | Now_lr 0.0005/0.0005 | Train Loss 0.5231 | Valid Loss 0.4894 | Train Acc 73.1157 | Valid Acc 75.6320
2026-07-10 10:49:27 | Validation loss decreased (0.493053 --> 0.489446) in epoch (20). Saving model ...
2026-07-10 10:49:33 | TestSub: S16 | Epoch 21/100 Finsh | Now_lr 0.0005/0.0005 | Train Loss 0.5213 | Valid Loss 0.4879 | Train Acc 73.1932 | Valid Acc 76.5449
2026-07-10 10:49:33 | Validation loss decreased (0.489446 --> 0.487887) in epoch (21). Saving model ...
2026-07-10 10:49:40 | TestSub: S16 | Epoch 22/100 Finsh | Now_lr 0.0005/0.0005 | Train Loss 0.5182 | Valid Loss 0.4850 | Train Acc 73.3444 | Valid Acc 76.0534
2026-07-10 10:49:40 | Validation loss decreased (0.487887 --> 0.484999) in epoch (22). Saving model ...
2026-07-10 10:49:46 | TestSub: S16 | Epoch 23/100 Finsh | Now_lr 0.0005/0.0005 | Train Loss 0.5111 | Valid Loss 0.4911 | Train Acc 73.8911 | Valid Acc 75.9129
2026-07-10 10:49:52 | TestSub: S16 | Epoch 24/100 Finsh | Now_lr 0.0005/0.0005 | Train Loss 0.5118 | Valid Loss 0.4782 | Train Acc 73.8213 | Valid Acc 77.5281
2026-07-10 10:49:52 | Validation loss decreased (0.484999 --> 0.478197) in epoch (24). Saving model ...
2026-07-10 10:49:58 | TestSub: S16 | Epoch 25/100 Finsh | Now_lr 0.0005/0.0005 | Train Loss 0.5132 | Valid Loss 0.4853 | Train Acc 73.7516 | Valid Acc 76.6152
2026-07-10 10:50:04 | TestSub: S16 | Epoch 26/100 Finsh | Now_lr 0.0005/0.0005 | Train Loss 0.5133 | Valid Loss 0.4817 | Train Acc 73.0886 | Valid Acc 76.8610
2026-07-10 10:50:10 | TestSub: S16 | Epoch 27/100 Finsh | Now_lr 0.0005/0.0005 | Train Loss 0.5084 | Valid Loss 0.4764 | Train Acc 73.9028 | Valid Acc 76.8258
2026-07-10 10:50:10 | Validation loss decreased (0.478197 --> 0.476372) in epoch (27). Saving model ...
2026-07-10 10:50:16 | TestSub: S16 | Epoch 28/100 Finsh | Now_lr 0.0005/0.0005 | Train Loss 0.5081 | Valid Loss 0.4717 | Train Acc 74.1354 | Valid Acc 77.3174
2026-07-10 10:50:16 | Validation loss decreased (0.476372 --> 0.471691) in epoch (28). Saving model ...
2026-07-10 10:50:21 | TestSub: S16 | Epoch 29/100 Finsh | Now_lr 0.0005/0.0005 | Train Loss 0.5082 | Valid Loss 0.4752 | Train Acc 73.9570 | Valid Acc 77.0716
2026-07-10 10:50:28 | TestSub: S16 | Epoch 30/100 Finsh | Now_lr 0.0005/0.0005 | Train Loss 0.5082 | Valid Loss 0.4693 | Train Acc 73.9299 | Valid Acc 77.5632
2026-07-10 10:50:28 | Validation loss decreased (0.471691 --> 0.469258) in epoch (30). Saving model ...
2026-07-10 10:50:34 | TestSub: S16 | Epoch 31/100 Finsh | Now_lr 0.0005/0.0005 | Train Loss 0.5059 | Valid Loss 0.4675 | Train Acc 74.1819 | Valid Acc 77.3174
2026-07-10 10:50:34 | Validation loss decreased (0.469258 --> 0.467502) in epoch (31). Saving model ...
2026-07-10 10:50:40 | TestSub: S16 | Epoch 32/100 Finsh | Now_lr 0.0005/0.0005 | Train Loss 0.5027 | Valid Loss 0.4694 | Train Acc 74.3215 | Valid Acc 77.8441
2026-07-10 10:50:46 | TestSub: S16 | Epoch 33/100 Finsh | Now_lr 0.0005/0.0005 | Train Loss 0.5052 | Valid Loss 0.4660 | Train Acc 73.9881 | Valid Acc 77.5983
2026-07-10 10:50:46 | Validation loss decreased (0.467502 --> 0.465970) in epoch (33). Saving model ...
2026-07-10 10:50:52 | TestSub: S16 | Epoch 34/100 Finsh | Now_lr 0.0005/0.0005 | Train Loss 0.5036 | Valid Loss 0.4656 | Train Acc 74.3409 | Valid Acc 77.8090
2026-07-10 10:50:52 | Validation loss decreased (0.465970 --> 0.465587) in epoch (34). Saving model ...
2026-07-10 10:50:57 | TestSub: S16 | Epoch 35/100 Finsh | Now_lr 0.0005/0.0005 | Train Loss 0.5026 | Valid Loss 0.4689 | Train Acc 74.3486 | Valid Acc 77.8792
2026-07-10 10:51:03 | TestSub: S16 | Epoch 36/100 Finsh | Now_lr 0.0005/0.0005 | Train Loss 0.4960 | Valid Loss 0.4702 | Train Acc 74.9069 | Valid Acc 77.1770
2026-07-10 10:51:08 | TestSub: S16 | Epoch 37/100 Finsh | Now_lr 0.0005/0.0005 | Train Loss 0.4972 | Valid Loss 0.4650 | Train Acc 74.4572 | Valid Acc 77.8441
2026-07-10 10:51:08 | Validation loss decreased (0.465587 --> 0.465032) in epoch (37). Saving model ...
2026-07-10 10:51:14 | TestSub: S16 | Epoch 38/100 Finsh | Now_lr 0.0005/0.0005 | Train Loss 0.4954 | Valid Loss 0.4654 | Train Acc 74.7170 | Valid Acc 77.4579
2026-07-10 10:51:19 | TestSub: S16 | Epoch 39/100 Finsh | Now_lr 0.0005/0.0005 | Train Loss 0.4976 | Valid Loss 0.4573 | Train Acc 74.9574 | Valid Acc 77.9846
2026-07-10 10:51:19 | Validation loss decreased (0.465032 --> 0.457319) in epoch (39). Saving model ...
2026-07-10 10:51:25 | TestSub: S16 | Epoch 40/100 Finsh | Now_lr 0.0005/0.0005 | Train Loss 0.4994 | Valid Loss 0.4556 | Train Acc 74.3099 | Valid Acc 77.9494
2026-07-10 10:51:25 | Validation loss decreased (0.457319 --> 0.455642) in epoch (40). Saving model ...
2026-07-10 10:51:30 | TestSub: S16 | Epoch 41/100 Finsh | Now_lr 0.0005/0.0005 | Train Loss 0.4955 | Valid Loss 0.4603 | Train Acc 74.5309 | Valid Acc 78.1952
2026-07-10 10:51:36 | TestSub: S16 | Epoch 42/100 Finsh | Now_lr 0.0005/0.0005 | Train Loss 0.4959 | Valid Loss 0.4607 | Train Acc 74.9690 | Valid Acc 78.3006
2026-07-10 10:51:41 | TestSub: S16 | Epoch 43/100 Finsh | Now_lr 0.0005/0.0005 | Train Loss 0.4969 | Valid Loss 0.4584 | Train Acc 74.5309 | Valid Acc 78.5463
2026-07-10 10:51:47 | TestSub: S16 | Epoch 44/100 Finsh | Now_lr 0.0005/0.0005 | Train Loss 0.4970 | Valid Loss 0.4576 | Train Acc 74.4882 | Valid Acc 78.1601
2026-07-10 10:51:52 | TestSub: S16 | Epoch 45/100 Finsh | Now_lr 0.0005/0.0005 | Train Loss 0.4971 | Valid Loss 0.4546 | Train Acc 74.4921 | Valid Acc 78.8975
2026-07-10 10:51:52 | Validation loss decreased (0.455642 --> 0.454630) in epoch (45). Saving model ...
2026-07-10 10:51:58 | TestSub: S16 | Epoch 46/100 Finsh | Now_lr 0.0005/0.0005 | Train Loss 0.4942 | Valid Loss 0.4545 | Train Acc 74.7557 | Valid Acc 78.8272
2026-07-10 10:51:58 | Validation loss decreased (0.454630 --> 0.454523) in epoch (46). Saving model ...
2026-07-10 10:52:04 | TestSub: S16 | Epoch 47/100 Finsh | Now_lr 0.0005/0.0005 | Train Loss 0.4904 | Valid Loss 0.4570 | Train Acc 75.3257 | Valid Acc 78.2654
2026-07-10 10:52:09 | TestSub: S16 | Epoch 48/100 Finsh | Now_lr 0.0005/0.0005 | Train Loss 0.4949 | Valid Loss 0.4527 | Train Acc 74.8449 | Valid Acc 78.8975
2026-07-10 10:52:09 | Validation loss decreased (0.454523 --> 0.452732) in epoch (48). Saving model ...
2026-07-10 10:52:15 | TestSub: S16 | Epoch 49/100 Finsh | Now_lr 0.0005/0.0005 | Train Loss 0.4912 | Valid Loss 0.4523 | Train Acc 74.8217 | Valid Acc 78.3006
2026-07-10 10:52:15 | Validation loss decreased (0.452732 --> 0.452325) in epoch (49). Saving model ...
2026-07-10 10:52:21 | TestSub: S16 | Epoch 50/100 Finsh | Now_lr 0.0005/0.0005 | Train Loss 0.4930 | Valid Loss 0.4543 | Train Acc 74.7557 | Valid Acc 79.0028
2026-07-10 10:52:27 | TestSub: S16 | Epoch 51/100 Finsh | Now_lr 0.0005/0.0005 | Train Loss 0.4877 | Valid Loss 0.4503 | Train Acc 75.1512 | Valid Acc 79.3890
2026-07-10 10:52:27 | Validation loss decreased (0.452325 --> 0.450327) in epoch (51). Saving model ...
2026-07-10 10:52:34 | TestSub: S16 | Epoch 52/100 Finsh | Now_lr 0.0005/0.0005 | Train Loss 0.4852 | Valid Loss 0.4521 | Train Acc 75.5971 | Valid Acc 79.3188
2026-07-10 10:52:40 | TestSub: S16 | Epoch 53/100 Finsh | Now_lr 0.0005/0.0005 | Train Loss 0.4864 | Valid Loss 0.4516 | Train Acc 75.4226 | Valid Acc 79.0379
2026-07-10 10:52:46 | TestSub: S16 | Epoch 54/100 Finsh | Now_lr 0.0005/0.0005 | Train Loss 0.4878 | Valid Loss 0.4517 | Train Acc 75.1822 | Valid Acc 78.5112
2026-07-10 10:52:52 | TestSub: S16 | Epoch 55/100 Finsh | Now_lr 0.0005/0.0005 | Train Loss 0.4928 | Valid Loss 0.4497 | Train Acc 74.7829 | Valid Acc 78.6166
2026-07-10 10:52:52 | Validation loss decreased (0.450327 --> 0.449737) in epoch (55). Saving model ...
2026-07-10 10:52:57 | TestSub: S16 | Epoch 56/100 Finsh | Now_lr 0.0005/0.0005 | Train Loss 0.4891 | Valid Loss 0.4474 | Train Acc 75.2985 | Valid Acc 79.2837
2026-07-10 10:52:57 | Validation loss decreased (0.449737 --> 0.447361) in epoch (56). Saving model ...
2026-07-10 10:53:03 | TestSub: S16 | Epoch 57/100 Finsh | Now_lr 0.0005/0.0005 | Train Loss 0.4909 | Valid Loss 0.4490 | Train Acc 74.9418 | Valid Acc 78.9326
2026-07-10 10:53:08 | TestSub: S16 | Epoch 58/100 Finsh | Now_lr 0.0005/0.0005 | Train Loss 0.4878 | Valid Loss 0.4489 | Train Acc 75.2792 | Valid Acc 79.8104
2026-07-10 10:53:14 | TestSub: S16 | Epoch 59/100 Finsh | Now_lr 0.0005/0.0005 | Train Loss 0.4838 | Valid Loss 0.4469 | Train Acc 75.6397 | Valid Acc 79.4593
2026-07-10 10:53:14 | Validation loss decreased (0.447361 --> 0.446888) in epoch (59). Saving model ...
2026-07-10 10:53:19 | TestSub: S16 | Epoch 60/100 Finsh | Now_lr 0.0005/0.0005 | Train Loss 0.4869 | Valid Loss 0.4444 | Train Acc 75.3993 | Valid Acc 79.8104
2026-07-10 10:53:19 | Validation loss decreased (0.446888 --> 0.444450) in epoch (60). Saving model ...
2026-07-10 10:53:25 | TestSub: S16 | Epoch 61/100 Finsh | Now_lr 0.0005/0.0005 | Train Loss 0.4870 | Valid Loss 0.4439 | Train Acc 75.4769 | Valid Acc 80.2317
2026-07-10 10:53:25 | Validation loss decreased (0.444450 --> 0.443901) in epoch (61). Saving model ...
2026-07-10 10:53:31 | TestSub: S16 | Epoch 62/100 Finsh | Now_lr 0.0005/0.0005 | Train Loss 0.4857 | Valid Loss 0.4452 | Train Acc 75.5040 | Valid Acc 80.1966
2026-07-10 10:53:37 | TestSub: S16 | Epoch 63/100 Finsh | Now_lr 0.0005/0.0005 | Train Loss 0.4855 | Valid Loss 0.4470 | Train Acc 75.3877 | Valid Acc 79.6348
2026-07-10 10:53:43 | TestSub: S16 | Epoch 64/100 Finsh | Now_lr 0.0005/0.0005 | Train Loss 0.4876 | Valid Loss 0.4462 | Train Acc 75.0194 | Valid Acc 79.2837
2026-07-10 10:53:49 | TestSub: S16 | Epoch 65/100 Finsh | Now_lr 0.0005/0.0005 | Train Loss 0.4847 | Valid Loss 0.4425 | Train Acc 75.2830 | Valid Acc 79.7051
2026-07-10 10:53:49 | Validation loss decreased (0.443901 --> 0.442493) in epoch (65). Saving model ...
2026-07-10 10:53:55 | TestSub: S16 | Epoch 66/100 Finsh | Now_lr 0.0005/0.0005 | Train Loss 0.4854 | Valid Loss 0.4437 | Train Acc 75.7367 | Valid Acc 79.6699
2026-07-10 10:54:00 | TestSub: S16 | Epoch 67/100 Finsh | Now_lr 0.0005/0.0005 | Train Loss 0.4808 | Valid Loss 0.4441 | Train Acc 76.0740 | Valid Acc 79.7753
2026-07-10 10:54:06 | TestSub: S16 | Epoch 68/100 Finsh | Now_lr 0.0005/0.0005 | Train Loss 0.4834 | Valid Loss 0.4407 | Train Acc 75.5544 | Valid Acc 79.7402
2026-07-10 10:54:06 | Validation loss decreased (0.442493 --> 0.440737) in epoch (68). Saving model ...
2026-07-10 10:54:12 | TestSub: S16 | Epoch 69/100 Finsh | Now_lr 0.0005/0.0005 | Train Loss 0.4845 | Valid Loss 0.4423 | Train Acc 75.3528 | Valid Acc 79.9508
2026-07-10 10:54:17 | TestSub: S16 | Epoch 70/100 Finsh | Now_lr 0.0005/0.0005 | Train Loss 0.4808 | Valid Loss 0.4375 | Train Acc 76.0352 | Valid Acc 79.5997
2026-07-10 10:54:17 | Validation loss decreased (0.440737 --> 0.437470) in epoch (70). Saving model ...
2026-07-10 10:54:23 | TestSub: S16 | Epoch 71/100 Finsh | Now_lr 0.0005/0.0005 | Train Loss 0.4842 | Valid Loss 0.4418 | Train Acc 75.6940 | Valid Acc 79.7753
2026-07-10 10:54:28 | TestSub: S16 | Epoch 72/100 Finsh | Now_lr 0.0005/0.0005 | Train Loss 0.4803 | Valid Loss 0.4393 | Train Acc 75.6320 | Valid Acc 79.9157
2026-07-10 10:54:34 | TestSub: S16 | Epoch 73/100 Finsh | Now_lr 0.0005/0.0005 | Train Loss 0.4841 | Valid Loss 0.4416 | Train Acc 75.5467 | Valid Acc 79.4242
2026-07-10 10:54:39 | TestSub: S16 | Epoch 74/100 Finsh | Now_lr 0.0005/0.0005 | Train Loss 0.4805 | Valid Loss 0.4380 | Train Acc 75.8452 | Valid Acc 80.0562
2026-07-10 10:54:44 | TestSub: S16 | Epoch 75/100 Finsh | Now_lr 0.0005/0.0005 | Train Loss 0.4821 | Valid Loss 0.4425 | Train Acc 75.9266 | Valid Acc 79.8455
2026-07-10 10:54:50 | TestSub: S16 | Epoch 76/100 Finsh | Now_lr 0.0005/0.0005 | Train Loss 0.4804 | Valid Loss 0.4379 | Train Acc 76.0313 | Valid Acc 80.1966
2026-07-10 10:54:55 | TestSub: S16 | Epoch 77/100 Finsh | Now_lr 0.0005/0.0005 | Train Loss 0.4801 | Valid Loss 0.4418 | Train Acc 75.7367 | Valid Acc 80.0913
2026-07-10 10:55:01 | TestSub: S16 | Epoch 78/100 Finsh | Now_lr 0.0005/0.0005 | Train Loss 0.4782 | Valid Loss 0.4438 | Train Acc 76.1050 | Valid Acc 79.8806
2026-07-10 10:55:06 | TestSub: S16 | Epoch 79/100 Finsh | Now_lr 0.0005/0.0005 | Train Loss 0.4794 | Valid Loss 0.4361 | Train Acc 75.8336 | Valid Acc 80.3371
2026-07-10 10:55:06 | Validation loss decreased (0.437470 --> 0.436128) in epoch (79). Saving model ...
2026-07-10 10:55:12 | TestSub: S16 | Epoch 80/100 Finsh | Now_lr 0.0005/0.0005 | Train Loss 0.4760 | Valid Loss 0.4397 | Train Acc 76.1787 | Valid Acc 80.5829
2026-07-10 10:55:17 | TestSub: S16 | Epoch 81/100 Finsh | Now_lr 0.0005/0.0005 | Train Loss 0.4825 | Valid Loss 0.4379 | Train Acc 75.8569 | Valid Acc 80.5478
2026-07-10 10:55:23 | TestSub: S16 | Epoch 82/100 Finsh | Now_lr 0.0005/0.0005 | Train Loss 0.4772 | Valid Loss 0.4361 | Train Acc 75.8607 | Valid Acc 80.3722
2026-07-10 10:55:23 | Validation loss decreased (0.436128 --> 0.436094) in epoch (82). Saving model ...
2026-07-10 10:55:29 | TestSub: S16 | Epoch 83/100 Finsh | Now_lr 0.0005/0.0005 | Train Loss 0.4790 | Valid Loss 0.4328 | Train Acc 75.6785 | Valid Acc 80.1966
2026-07-10 10:55:29 | Validation loss decreased (0.436094 --> 0.432817) in epoch (83). Saving model ...
2026-07-10 10:55:34 | TestSub: S16 | Epoch 84/100 Finsh | Now_lr 0.0005/0.0005 | Train Loss 0.4847 | Valid Loss 0.4350 | Train Acc 75.4536 | Valid Acc 79.7753
2026-07-10 10:55:40 | TestSub: S16 | Epoch 85/100 Finsh | Now_lr 0.0005/0.0005 | Train Loss 0.4784 | Valid Loss 0.4314 | Train Acc 76.1244 | Valid Acc 80.6180
2026-07-10 10:55:40 | Validation loss decreased (0.432817 --> 0.431433) in epoch (85). Saving model ...
2026-07-10 10:55:45 | TestSub: S16 | Epoch 86/100 Finsh | Now_lr 0.0005/0.0005 | Train Loss 0.4793 | Valid Loss 0.4328 | Train Acc 75.8452 | Valid Acc 80.5829
2026-07-10 10:55:51 | TestSub: S16 | Epoch 87/100 Finsh | Now_lr 0.0005/0.0005 | Train Loss 0.4767 | Valid Loss 0.4307 | Train Acc 75.8491 | Valid Acc 80.8989
2026-07-10 10:55:51 | Validation loss decreased (0.431433 --> 0.430670) in epoch (87). Saving model ...
2026-07-10 10:55:56 | TestSub: S16 | Epoch 88/100 Finsh | Now_lr 0.0005/0.0005 | Train Loss 0.4749 | Valid Loss 0.4285 | Train Acc 75.7056 | Valid Acc 80.6882
2026-07-10 10:55:56 | Validation loss decreased (0.430670 --> 0.428479) in epoch (88). Saving model ...
2026-07-10 10:56:02 | TestSub: S16 | Epoch 89/100 Finsh | Now_lr 0.0005/0.0005 | Train Loss 0.4733 | Valid Loss 0.4327 | Train Acc 76.1748 | Valid Acc 80.3371
2026-07-10 10:56:07 | TestSub: S16 | Epoch 90/100 Finsh | Now_lr 0.0005/0.0005 | Train Loss 0.4774 | Valid Loss 0.4332 | Train Acc 76.0197 | Valid Acc 80.2669
2026-07-10 10:56:13 | TestSub: S16 | Epoch 91/100 Finsh | Now_lr 0.0005/0.0005 | Train Loss 0.4725 | Valid Loss 0.4316 | Train Acc 76.1283 | Valid Acc 80.2669
2026-07-10 10:56:18 | TestSub: S16 | Epoch 92/100 Finsh | Now_lr 0.0005/0.0005 | Train Loss 0.4768 | Valid Loss 0.4273 | Train Acc 76.2446 | Valid Acc 81.1096
2026-07-10 10:56:18 | Validation loss decreased (0.428479 --> 0.427274) in epoch (92). Saving model ...
2026-07-10 10:56:24 | TestSub: S16 | Epoch 93/100 Finsh | Now_lr 0.0005/0.0005 | Train Loss 0.4785 | Valid Loss 0.4341 | Train Acc 76.1011 | Valid Acc 80.4424
2026-07-10 10:56:29 | TestSub: S16 | Epoch 94/100 Finsh | Now_lr 0.0005/0.0005 | Train Loss 0.4784 | Valid Loss 0.4316 | Train Acc 75.6940 | Valid Acc 80.6531
2026-07-10 10:56:35 | TestSub: S16 | Epoch 95/100 Finsh | Now_lr 0.0005/0.0005 | Train Loss 0.4763 | Valid Loss 0.4291 | Train Acc 76.1787 | Valid Acc 80.6180
2026-07-10 10:56:40 | TestSub: S16 | Epoch 96/100 Finsh | Now_lr 0.0005/0.0005 | Train Loss 0.4758 | Valid Loss 0.4350 | Train Acc 75.9305 | Valid Acc 80.3371
2026-07-10 10:56:46 | TestSub: S16 | Epoch 97/100 Finsh | Now_lr 0.0005/0.0005 | Train Loss 0.4779 | Valid Loss 0.4327 | Train Acc 75.9073 | Valid Acc 80.6180
2026-07-10 10:56:51 | TestSub: S16 | Epoch 98/100 Finsh | Now_lr 0.0005/0.0005 | Train Loss 0.4721 | Valid Loss 0.4282 | Train Acc 76.1593 | Valid Acc 80.8287
2026-07-10 10:56:57 | TestSub: S16 | Epoch 99/100 Finsh | Now_lr 0.0005/0.0005 | Train Loss 0.4762 | Valid Loss 0.4277 | Train Acc 75.8569 | Valid Acc 80.8989
2026-07-10 10:57:02 | TestSub: S16 | Epoch 100/100 Finsh | Now_lr 0.0005/0.0005 | Train Loss 0.4782 | Valid Loss 0.4305 | Train Acc 76.0779 | Valid Acc 80.4424
2026-07-10 10:57:03 | --------------------------------------------------
2026-07-10 10:57:03 | Test_Subject :S16 | Best epoch:92 | Test Loss:0.5802 | Savemodel Acc 70.5136
2026-07-10 10:57:03 | --------------------------------------------------
2026-07-10 10:57:03 | Best epoch: 92 | Test acc: 70.5136
