2026-07-10 09:29:20 | Logging started: ./writer/Subject_dependent_AAD/DTU/0.1s/result//Train0.1s_sub8.log
2026-07-10 09:29:20 | Sub_id: 8
2026-07-10 09:29:28 | TestSub: S8 | Epoch  1/100 Finsh | Now_lr 0.0005/0.0005 | Train Loss 0.6196 | Valid Loss 0.5254 | Train Acc 65.8731 | Valid Acc 76.0534
2026-07-10 09:29:28 | Validation loss decreased (inf --> 0.525437) in epoch (1). Saving model ...
2026-07-10 09:29:34 | TestSub: S8 | Epoch  2/100 Finsh | Now_lr 0.0005/0.0005 | Train Loss 0.5310 | Valid Loss 0.4643 | Train Acc 73.7477 | Valid Acc 78.8624
2026-07-10 09:29:34 | Validation loss decreased (0.525437 --> 0.464321) in epoch (2). Saving model ...
2026-07-10 09:29:39 | TestSub: S8 | Epoch  3/100 Finsh | Now_lr 0.0005/0.0005 | Train Loss 0.4924 | Valid Loss 0.4335 | Train Acc 76.2678 | Valid Acc 81.1096
2026-07-10 09:29:39 | Validation loss decreased (0.464321 --> 0.433458) in epoch (3). Saving model ...
2026-07-10 09:29:45 | TestSub: S8 | Epoch  4/100 Finsh | Now_lr 0.0005/0.0005 | Train Loss 0.4759 | Valid Loss 0.4123 | Train Acc 77.2681 | Valid Acc 83.1461
2026-07-10 09:29:45 | Validation loss decreased (0.433458 --> 0.412263) in epoch (4). Saving model ...
2026-07-10 09:29:51 | TestSub: S8 | Epoch  5/100 Finsh | Now_lr 0.0005/0.0005 | Train Loss 0.4627 | Valid Loss 0.3952 | Train Acc 78.0552 | Valid Acc 83.5674
2026-07-10 09:29:51 | Validation loss decreased (0.412263 --> 0.395239) in epoch (5). Saving model ...
2026-07-10 09:29:57 | TestSub: S8 | Epoch  6/100 Finsh | Now_lr 0.0005/0.0005 | Train Loss 0.4566 | Valid Loss 0.3891 | Train Acc 78.0281 | Valid Acc 83.7430
2026-07-10 09:29:57 | Validation loss decreased (0.395239 --> 0.389091) in epoch (6). Saving model ...
2026-07-10 09:30:04 | TestSub: S8 | Epoch  7/100 Finsh | Now_lr 0.0005/0.0005 | Train Loss 0.4525 | Valid Loss 0.3774 | Train Acc 78.3421 | Valid Acc 84.8315
2026-07-10 09:30:04 | Validation loss decreased (0.389091 --> 0.377438) in epoch (7). Saving model ...
2026-07-10 09:30:11 | TestSub: S8 | Epoch  8/100 Finsh | Now_lr 0.0005/0.0005 | Train Loss 0.4471 | Valid Loss 0.3668 | Train Acc 79.0167 | Valid Acc 85.2177
2026-07-10 09:30:11 | Validation loss decreased (0.377438 --> 0.366762) in epoch (8). Saving model ...
2026-07-10 09:30:17 | TestSub: S8 | Epoch  9/100 Finsh | Now_lr 0.0005/0.0005 | Train Loss 0.4383 | Valid Loss 0.3644 | Train Acc 79.5751 | Valid Acc 84.6910
2026-07-10 09:30:17 | Validation loss decreased (0.366762 --> 0.364362) in epoch (9). Saving model ...
2026-07-10 09:30:23 | TestSub: S8 | Epoch 10/100 Finsh | Now_lr 0.0005/0.0005 | Train Loss 0.4340 | Valid Loss 0.3582 | Train Acc 79.7301 | Valid Acc 86.1306
2026-07-10 09:30:23 | Validation loss decreased (0.364362 --> 0.358238) in epoch (10). Saving model ...
2026-07-10 09:30:29 | TestSub: S8 | Epoch 11/100 Finsh | Now_lr 0.0005/0.0005 | Train Loss 0.4274 | Valid Loss 0.3566 | Train Acc 80.1062 | Valid Acc 86.3764
2026-07-10 09:30:29 | Validation loss decreased (0.358238 --> 0.356560) in epoch (11). Saving model ...
2026-07-10 09:30:35 | TestSub: S8 | Epoch 12/100 Finsh | Now_lr 0.0005/0.0005 | Train Loss 0.4256 | Valid Loss 0.3481 | Train Acc 80.0946 | Valid Acc 86.5520
2026-07-10 09:30:35 | Validation loss decreased (0.356560 --> 0.348075) in epoch (12). Saving model ...
2026-07-10 09:30:41 | TestSub: S8 | Epoch 13/100 Finsh | Now_lr 0.0005/0.0005 | Train Loss 0.4176 | Valid Loss 0.3442 | Train Acc 80.7460 | Valid Acc 86.5520
2026-07-10 09:30:41 | Validation loss decreased (0.348075 --> 0.344223) in epoch (13). Saving model ...
2026-07-10 09:30:47 | TestSub: S8 | Epoch 14/100 Finsh | Now_lr 0.0005/0.0005 | Train Loss 0.4187 | Valid Loss 0.3407 | Train Acc 80.4978 | Valid Acc 86.7978
2026-07-10 09:30:47 | Validation loss decreased (0.344223 --> 0.340677) in epoch (14). Saving model ...
2026-07-10 09:30:54 | TestSub: S8 | Epoch 15/100 Finsh | Now_lr 0.0005/0.0005 | Train Loss 0.4149 | Valid Loss 0.3359 | Train Acc 80.9398 | Valid Acc 86.5520
2026-07-10 09:30:54 | Validation loss decreased (0.340677 --> 0.335919) in epoch (15). Saving model ...
2026-07-10 09:31:01 | TestSub: S8 | Epoch 16/100 Finsh | Now_lr 0.0005/0.0005 | Train Loss 0.4124 | Valid Loss 0.3323 | Train Acc 81.0251 | Valid Acc 86.4817
2026-07-10 09:31:01 | Validation loss decreased (0.335919 --> 0.332295) in epoch (16). Saving model ...
2026-07-10 09:31:07 | TestSub: S8 | Epoch 17/100 Finsh | Now_lr 0.0005/0.0005 | Train Loss 0.4064 | Valid Loss 0.3258 | Train Acc 81.3779 | Valid Acc 87.7458
2026-07-10 09:31:07 | Validation loss decreased (0.332295 --> 0.325776) in epoch (17). Saving model ...
2026-07-10 09:31:14 | TestSub: S8 | Epoch 18/100 Finsh | Now_lr 0.0005/0.0005 | Train Loss 0.4067 | Valid Loss 0.3292 | Train Acc 81.2655 | Valid Acc 87.1489
2026-07-10 09:31:20 | TestSub: S8 | Epoch 19/100 Finsh | Now_lr 0.0005/0.0005 | Train Loss 0.4002 | Valid Loss 0.3177 | Train Acc 81.7269 | Valid Acc 87.9213
2026-07-10 09:31:20 | Validation loss decreased (0.325776 --> 0.317747) in epoch (19). Saving model ...
2026-07-10 09:31:27 | TestSub: S8 | Epoch 20/100 Finsh | Now_lr 0.0005/0.0005 | Train Loss 0.3995 | Valid Loss 0.3241 | Train Acc 81.7502 | Valid Acc 87.1138
2026-07-10 09:31:33 | TestSub: S8 | Epoch 21/100 Finsh | Now_lr 0.0005/0.0005 | Train Loss 0.3978 | Valid Loss 0.3235 | Train Acc 81.6261 | Valid Acc 86.9031
2026-07-10 09:31:40 | TestSub: S8 | Epoch 22/100 Finsh | Now_lr 0.0005/0.0005 | Train Loss 0.3935 | Valid Loss 0.3190 | Train Acc 82.1417 | Valid Acc 87.7809
2026-07-10 09:31:46 | TestSub: S8 | Epoch 23/100 Finsh | Now_lr 0.0005/0.0005 | Train Loss 0.3942 | Valid Loss 0.3125 | Train Acc 81.9983 | Valid Acc 88.3427
2026-07-10 09:31:46 | Validation loss decreased (0.317747 --> 0.312535) in epoch (23). Saving model ...
2026-07-10 09:31:53 | TestSub: S8 | Epoch 24/100 Finsh | Now_lr 0.0005/0.0005 | Train Loss 0.3917 | Valid Loss 0.3053 | Train Acc 82.1573 | Valid Acc 87.9916
2026-07-10 09:31:53 | Validation loss decreased (0.312535 --> 0.305316) in epoch (24). Saving model ...
2026-07-10 09:31:59 | TestSub: S8 | Epoch 25/100 Finsh | Now_lr 0.0005/0.0005 | Train Loss 0.3906 | Valid Loss 0.3054 | Train Acc 82.1107 | Valid Acc 87.8511
2026-07-10 09:32:06 | TestSub: S8 | Epoch 26/100 Finsh | Now_lr 0.0005/0.0005 | Train Loss 0.3905 | Valid Loss 0.3019 | Train Acc 81.9479 | Valid Acc 88.4480
2026-07-10 09:32:06 | Validation loss decreased (0.305316 --> 0.301882) in epoch (26). Saving model ...
2026-07-10 09:32:13 | TestSub: S8 | Epoch 27/100 Finsh | Now_lr 0.0005/0.0005 | Train Loss 0.3865 | Valid Loss 0.3021 | Train Acc 82.5140 | Valid Acc 88.3076
2026-07-10 09:32:19 | TestSub: S8 | Epoch 28/100 Finsh | Now_lr 0.0005/0.0005 | Train Loss 0.3862 | Valid Loss 0.3006 | Train Acc 82.2464 | Valid Acc 88.5534
2026-07-10 09:32:19 | Validation loss decreased (0.301882 --> 0.300607) in epoch (28). Saving model ...
2026-07-10 09:32:26 | TestSub: S8 | Epoch 29/100 Finsh | Now_lr 0.0005/0.0005 | Train Loss 0.3836 | Valid Loss 0.2952 | Train Acc 82.6342 | Valid Acc 88.6587
2026-07-10 09:32:26 | Validation loss decreased (0.300607 --> 0.295227) in epoch (29). Saving model ...
2026-07-10 09:32:32 | TestSub: S8 | Epoch 30/100 Finsh | Now_lr 0.0005/0.0005 | Train Loss 0.3785 | Valid Loss 0.2974 | Train Acc 82.7001 | Valid Acc 88.8343
2026-07-10 09:32:37 | TestSub: S8 | Epoch 31/100 Finsh | Now_lr 0.0005/0.0005 | Train Loss 0.3797 | Valid Loss 0.2976 | Train Acc 82.4946 | Valid Acc 87.7458
2026-07-10 09:32:43 | TestSub: S8 | Epoch 32/100 Finsh | Now_lr 0.0005/0.0005 | Train Loss 0.3806 | Valid Loss 0.2955 | Train Acc 82.5178 | Valid Acc 88.3076
2026-07-10 09:32:49 | TestSub: S8 | Epoch 33/100 Finsh | Now_lr 0.0005/0.0005 | Train Loss 0.3764 | Valid Loss 0.2981 | Train Acc 82.9637 | Valid Acc 87.9213
2026-07-10 09:32:56 | TestSub: S8 | Epoch 34/100 Finsh | Now_lr 0.0005/0.0005 | Train Loss 0.3756 | Valid Loss 0.2923 | Train Acc 82.7699 | Valid Acc 88.4480
2026-07-10 09:32:56 | Validation loss decreased (0.295227 --> 0.292301) in epoch (34). Saving model ...
2026-07-10 09:33:02 | TestSub: S8 | Epoch 35/100 Finsh | Now_lr 0.0005/0.0005 | Train Loss 0.3781 | Valid Loss 0.2901 | Train Acc 82.7854 | Valid Acc 89.1503
2026-07-10 09:33:02 | Validation loss decreased (0.292301 --> 0.290120) in epoch (35). Saving model ...
2026-07-10 09:33:09 | TestSub: S8 | Epoch 36/100 Finsh | Now_lr 0.0005/0.0005 | Train Loss 0.3750 | Valid Loss 0.2876 | Train Acc 82.8551 | Valid Acc 89.3258
2026-07-10 09:33:09 | Validation loss decreased (0.290120 --> 0.287631) in epoch (36). Saving model ...
2026-07-10 09:33:15 | TestSub: S8 | Epoch 37/100 Finsh | Now_lr 0.0005/0.0005 | Train Loss 0.3729 | Valid Loss 0.2831 | Train Acc 83.2661 | Valid Acc 89.4663
2026-07-10 09:33:15 | Validation loss decreased (0.287631 --> 0.283123) in epoch (37). Saving model ...
2026-07-10 09:33:22 | TestSub: S8 | Epoch 38/100 Finsh | Now_lr 0.0005/0.0005 | Train Loss 0.3671 | Valid Loss 0.2778 | Train Acc 83.3747 | Valid Acc 89.6419
2026-07-10 09:33:22 | Validation loss decreased (0.283123 --> 0.277772) in epoch (38). Saving model ...
2026-07-10 09:33:29 | TestSub: S8 | Epoch 39/100 Finsh | Now_lr 0.0005/0.0005 | Train Loss 0.3736 | Valid Loss 0.2825 | Train Acc 83.1692 | Valid Acc 89.9228
2026-07-10 09:33:34 | TestSub: S8 | Epoch 40/100 Finsh | Now_lr 0.0005/0.0005 | Train Loss 0.3739 | Valid Loss 0.2799 | Train Acc 82.9870 | Valid Acc 89.6067
2026-07-10 09:33:40 | TestSub: S8 | Epoch 41/100 Finsh | Now_lr 0.0005/0.0005 | Train Loss 0.3694 | Valid Loss 0.2767 | Train Acc 83.1266 | Valid Acc 89.2205
2026-07-10 09:33:40 | Validation loss decreased (0.277772 --> 0.276719) in epoch (41). Saving model ...
2026-07-10 09:33:45 | TestSub: S8 | Epoch 42/100 Finsh | Now_lr 0.0005/0.0005 | Train Loss 0.3673 | Valid Loss 0.2790 | Train Acc 83.4484 | Valid Acc 89.6419
2026-07-10 09:33:51 | TestSub: S8 | Epoch 43/100 Finsh | Now_lr 0.0005/0.0005 | Train Loss 0.3668 | Valid Loss 0.2718 | Train Acc 83.3088 | Valid Acc 89.9579
2026-07-10 09:33:51 | Validation loss decreased (0.276719 --> 0.271787) in epoch (43). Saving model ...
2026-07-10 09:33:57 | TestSub: S8 | Epoch 44/100 Finsh | Now_lr 0.0005/0.0005 | Train Loss 0.3670 | Valid Loss 0.2773 | Train Acc 83.5259 | Valid Acc 89.6067
2026-07-10 09:34:04 | TestSub: S8 | Epoch 45/100 Finsh | Now_lr 0.0005/0.0005 | Train Loss 0.3672 | Valid Loss 0.2762 | Train Acc 83.4096 | Valid Acc 89.8174
2026-07-10 09:34:10 | TestSub: S8 | Epoch 46/100 Finsh | Now_lr 0.0005/0.0005 | Train Loss 0.3684 | Valid Loss 0.2749 | Train Acc 83.3708 | Valid Acc 90.0281
2026-07-10 09:34:17 | TestSub: S8 | Epoch 47/100 Finsh | Now_lr 0.0005/0.0005 | Train Loss 0.3649 | Valid Loss 0.2735 | Train Acc 83.4600 | Valid Acc 90.0632
2026-07-10 09:34:23 | TestSub: S8 | Epoch 48/100 Finsh | Now_lr 0.0005/0.0005 | Train Loss 0.3691 | Valid Loss 0.2742 | Train Acc 83.3669 | Valid Acc 90.2739
2026-07-10 09:34:30 | TestSub: S8 | Epoch 49/100 Finsh | Now_lr 0.0005/0.0005 | Train Loss 0.3624 | Valid Loss 0.2719 | Train Acc 83.8748 | Valid Acc 89.7823
2026-07-10 09:34:36 | TestSub: S8 | Epoch 50/100 Finsh | Now_lr 0.0005/0.0005 | Train Loss 0.3606 | Valid Loss 0.2679 | Train Acc 83.7547 | Valid Acc 89.7121
2026-07-10 09:34:36 | Validation loss decreased (0.271787 --> 0.267856) in epoch (50). Saving model ...
2026-07-10 09:34:43 | TestSub: S8 | Epoch 51/100 Finsh | Now_lr 0.0005/0.0005 | Train Loss 0.3617 | Valid Loss 0.2717 | Train Acc 83.7585 | Valid Acc 89.4663
2026-07-10 09:34:49 | TestSub: S8 | Epoch 52/100 Finsh | Now_lr 0.0005/0.0005 | Train Loss 0.3638 | Valid Loss 0.2668 | Train Acc 83.4445 | Valid Acc 90.3441
2026-07-10 09:34:49 | Validation loss decreased (0.267856 --> 0.266829) in epoch (52). Saving model ...
2026-07-10 09:34:56 | TestSub: S8 | Epoch 53/100 Finsh | Now_lr 0.0005/0.0005 | Train Loss 0.3597 | Valid Loss 0.2662 | Train Acc 83.5841 | Valid Acc 89.8174
2026-07-10 09:34:56 | Validation loss decreased (0.266829 --> 0.266151) in epoch (53). Saving model ...
2026-07-10 09:35:03 | TestSub: S8 | Epoch 54/100 Finsh | Now_lr 0.0005/0.0005 | Train Loss 0.3584 | Valid Loss 0.2714 | Train Acc 83.7547 | Valid Acc 89.9930
2026-07-10 09:35:09 | TestSub: S8 | Epoch 55/100 Finsh | Now_lr 0.0005/0.0005 | Train Loss 0.3536 | Valid Loss 0.2626 | Train Acc 83.9950 | Valid Acc 90.4494
2026-07-10 09:35:09 | Validation loss decreased (0.266151 --> 0.262606) in epoch (55). Saving model ...
2026-07-10 09:35:16 | TestSub: S8 | Epoch 56/100 Finsh | Now_lr 0.0005/0.0005 | Train Loss 0.3580 | Valid Loss 0.2596 | Train Acc 83.7740 | Valid Acc 90.8006
2026-07-10 09:35:16 | Validation loss decreased (0.262606 --> 0.259614) in epoch (56). Saving model ...
2026-07-10 09:35:22 | TestSub: S8 | Epoch 57/100 Finsh | Now_lr 0.0005/0.0005 | Train Loss 0.3612 | Valid Loss 0.2634 | Train Acc 83.7236 | Valid Acc 90.0632
2026-07-10 09:35:27 | TestSub: S8 | Epoch 58/100 Finsh | Now_lr 0.0005/0.0005 | Train Loss 0.3597 | Valid Loss 0.2619 | Train Acc 84.1307 | Valid Acc 90.6601
2026-07-10 09:35:33 | TestSub: S8 | Epoch 59/100 Finsh | Now_lr 0.0005/0.0005 | Train Loss 0.3607 | Valid Loss 0.2656 | Train Acc 83.5918 | Valid Acc 90.2388
2026-07-10 09:35:39 | TestSub: S8 | Epoch 60/100 Finsh | Now_lr 0.0005/0.0005 | Train Loss 0.3571 | Valid Loss 0.2656 | Train Acc 83.8167 | Valid Acc 90.1685
2026-07-10 09:35:45 | TestSub: S8 | Epoch 61/100 Finsh | Now_lr 0.0005/0.0005 | Train Loss 0.3535 | Valid Loss 0.2597 | Train Acc 84.1385 | Valid Acc 90.4143
2026-07-10 09:35:52 | TestSub: S8 | Epoch 62/100 Finsh | Now_lr 0.0005/0.0005 | Train Loss 0.3552 | Valid Loss 0.2585 | Train Acc 84.0067 | Valid Acc 89.9930
2026-07-10 09:35:52 | Validation loss decreased (0.259614 --> 0.258517) in epoch (62). Saving model ...
2026-07-10 09:35:58 | TestSub: S8 | Epoch 63/100 Finsh | Now_lr 0.0005/0.0005 | Train Loss 0.3525 | Valid Loss 0.2649 | Train Acc 84.3595 | Valid Acc 90.0281
2026-07-10 09:36:04 | TestSub: S8 | Epoch 64/100 Finsh | Now_lr 0.0005/0.0005 | Train Loss 0.3533 | Valid Loss 0.2576 | Train Acc 84.1152 | Valid Acc 90.8006
2026-07-10 09:36:04 | Validation loss decreased (0.258517 --> 0.257642) in epoch (64). Saving model ...
2026-07-10 09:36:11 | TestSub: S8 | Epoch 65/100 Finsh | Now_lr 0.0005/0.0005 | Train Loss 0.3555 | Valid Loss 0.2601 | Train Acc 84.1734 | Valid Acc 90.3792
2026-07-10 09:36:17 | TestSub: S8 | Epoch 66/100 Finsh | Now_lr 0.0005/0.0005 | Train Loss 0.3514 | Valid Loss 0.2563 | Train Acc 84.1889 | Valid Acc 90.8006
2026-07-10 09:36:17 | Validation loss decreased (0.257642 --> 0.256346) in epoch (66). Saving model ...
2026-07-10 09:36:24 | TestSub: S8 | Epoch 67/100 Finsh | Now_lr 0.0005/0.0005 | Train Loss 0.3518 | Valid Loss 0.2522 | Train Acc 84.3362 | Valid Acc 90.8708
2026-07-10 09:36:24 | Validation loss decreased (0.256346 --> 0.252246) in epoch (67). Saving model ...
2026-07-10 09:36:30 | TestSub: S8 | Epoch 68/100 Finsh | Now_lr 0.0005/0.0005 | Train Loss 0.3507 | Valid Loss 0.2583 | Train Acc 84.3634 | Valid Acc 90.4846
2026-07-10 09:36:36 | TestSub: S8 | Epoch 69/100 Finsh | Now_lr 0.0005/0.0005 | Train Loss 0.3500 | Valid Loss 0.2597 | Train Acc 84.2664 | Valid Acc 90.8006
2026-07-10 09:36:42 | TestSub: S8 | Epoch 70/100 Finsh | Now_lr 0.0005/0.0005 | Train Loss 0.3569 | Valid Loss 0.2518 | Train Acc 83.9485 | Valid Acc 90.9059
2026-07-10 09:36:42 | Validation loss decreased (0.252246 --> 0.251848) in epoch (70). Saving model ...
2026-07-10 09:36:48 | TestSub: S8 | Epoch 71/100 Finsh | Now_lr 0.0005/0.0005 | Train Loss 0.3486 | Valid Loss 0.2575 | Train Acc 84.6813 | Valid Acc 90.4846
2026-07-10 09:36:54 | TestSub: S8 | Epoch 72/100 Finsh | Now_lr 0.0005/0.0005 | Train Loss 0.3477 | Valid Loss 0.2533 | Train Acc 84.2742 | Valid Acc 90.5197
2026-07-10 09:37:00 | TestSub: S8 | Epoch 73/100 Finsh | Now_lr 0.0005/0.0005 | Train Loss 0.3470 | Valid Loss 0.2486 | Train Acc 84.2315 | Valid Acc 90.8357
2026-07-10 09:37:00 | Validation loss decreased (0.251848 --> 0.248644) in epoch (73). Saving model ...
2026-07-10 09:37:07 | TestSub: S8 | Epoch 74/100 Finsh | Now_lr 0.0005/0.0005 | Train Loss 0.3518 | Valid Loss 0.2540 | Train Acc 84.3711 | Valid Acc 90.9410
2026-07-10 09:37:13 | TestSub: S8 | Epoch 75/100 Finsh | Now_lr 0.0005/0.0005 | Train Loss 0.3484 | Valid Loss 0.2557 | Train Acc 84.5301 | Valid Acc 90.4846
2026-07-10 09:37:19 | TestSub: S8 | Epoch 76/100 Finsh | Now_lr 0.0005/0.0005 | Train Loss 0.3440 | Valid Loss 0.2510 | Train Acc 84.6891 | Valid Acc 91.0815
2026-07-10 09:37:26 | TestSub: S8 | Epoch 77/100 Finsh | Now_lr 0.0005/0.0005 | Train Loss 0.3446 | Valid Loss 0.2546 | Train Acc 84.5921 | Valid Acc 90.4494
2026-07-10 09:37:32 | TestSub: S8 | Epoch 78/100 Finsh | Now_lr 0.0005/0.0005 | Train Loss 0.3466 | Valid Loss 0.2499 | Train Acc 84.6038 | Valid Acc 90.9761
2026-07-10 09:37:39 | TestSub: S8 | Epoch 79/100 Finsh | Now_lr 0.0005/0.0005 | Train Loss 0.3476 | Valid Loss 0.2562 | Train Acc 84.5146 | Valid Acc 90.9410
2026-07-10 09:37:45 | TestSub: S8 | Epoch 80/100 Finsh | Now_lr 0.0005/0.0005 | Train Loss 0.3441 | Valid Loss 0.2481 | Train Acc 84.5766 | Valid Acc 91.4326
2026-07-10 09:37:45 | Validation loss decreased (0.248644 --> 0.248122) in epoch (80). Saving model ...
2026-07-10 09:37:52 | TestSub: S8 | Epoch 81/100 Finsh | Now_lr 0.0005/0.0005 | Train Loss 0.3446 | Valid Loss 0.2466 | Train Acc 84.7278 | Valid Acc 91.4326
2026-07-10 09:37:52 | Validation loss decreased (0.248122 --> 0.246599) in epoch (81). Saving model ...
2026-07-10 09:37:58 | TestSub: S8 | Epoch 82/100 Finsh | Now_lr 0.0005/0.0005 | Train Loss 0.3455 | Valid Loss 0.2496 | Train Acc 84.4991 | Valid Acc 91.2921
2026-07-10 09:38:05 | TestSub: S8 | Epoch 83/100 Finsh | Now_lr 0.0005/0.0005 | Train Loss 0.3449 | Valid Loss 0.2575 | Train Acc 84.9062 | Valid Acc 90.5197
2026-07-10 09:38:11 | TestSub: S8 | Epoch 84/100 Finsh | Now_lr 0.0005/0.0005 | Train Loss 0.3457 | Valid Loss 0.2453 | Train Acc 84.5650 | Valid Acc 91.3624
2026-07-10 09:38:11 | Validation loss decreased (0.246599 --> 0.245255) in epoch (84). Saving model ...
2026-07-10 09:38:17 | TestSub: S8 | Epoch 85/100 Finsh | Now_lr 0.0005/0.0005 | Train Loss 0.3428 | Valid Loss 0.2432 | Train Acc 84.7588 | Valid Acc 91.5028
2026-07-10 09:38:17 | Validation loss decreased (0.245255 --> 0.243241) in epoch (85). Saving model ...
2026-07-10 09:38:24 | TestSub: S8 | Epoch 86/100 Finsh | Now_lr 0.0005/0.0005 | Train Loss 0.3456 | Valid Loss 0.2490 | Train Acc 84.5340 | Valid Acc 91.0112
2026-07-10 09:38:30 | TestSub: S8 | Epoch 87/100 Finsh | Now_lr 0.0005/0.0005 | Train Loss 0.3427 | Valid Loss 0.2450 | Train Acc 84.7201 | Valid Acc 91.7135
2026-07-10 09:38:37 | TestSub: S8 | Epoch 88/100 Finsh | Now_lr 0.0005/0.0005 | Train Loss 0.3410 | Valid Loss 0.2446 | Train Acc 84.5805 | Valid Acc 90.6952
2026-07-10 09:38:43 | TestSub: S8 | Epoch 89/100 Finsh | Now_lr 0.0005/0.0005 | Train Loss 0.3412 | Valid Loss 0.2450 | Train Acc 84.8519 | Valid Acc 91.1868
2026-07-10 09:38:50 | TestSub: S8 | Epoch 90/100 Finsh | Now_lr 0.0005/0.0005 | Train Loss 0.3445 | Valid Loss 0.2436 | Train Acc 84.7201 | Valid Acc 91.5379
2026-07-10 09:38:56 | TestSub: S8 | Epoch 91/100 Finsh | Now_lr 0.0005/0.0005 | Train Loss 0.3443 | Valid Loss 0.2404 | Train Acc 84.6542 | Valid Acc 91.6784
2026-07-10 09:38:56 | Validation loss decreased (0.243241 --> 0.240397) in epoch (91). Saving model ...
2026-07-10 09:39:03 | TestSub: S8 | Epoch 92/100 Finsh | Now_lr 0.0005/0.0005 | Train Loss 0.3429 | Valid Loss 0.2462 | Train Acc 84.6697 | Valid Acc 91.4677
2026-07-10 09:39:09 | TestSub: S8 | Epoch 93/100 Finsh | Now_lr 0.0005/0.0005 | Train Loss 0.3410 | Valid Loss 0.2417 | Train Acc 84.7162 | Valid Acc 90.9410
2026-07-10 09:39:16 | TestSub: S8 | Epoch 94/100 Finsh | Now_lr 0.0005/0.0005 | Train Loss 0.3459 | Valid Loss 0.2423 | Train Acc 84.7278 | Valid Acc 91.3975
2026-07-10 09:39:22 | TestSub: S8 | Epoch 95/100 Finsh | Now_lr 0.0005/0.0005 | Train Loss 0.3425 | Valid Loss 0.2458 | Train Acc 84.7162 | Valid Acc 91.5730
2026-07-10 09:39:28 | TestSub: S8 | Epoch 96/100 Finsh | Now_lr 0.0005/0.0005 | Train Loss 0.3395 | Valid Loss 0.2428 | Train Acc 84.6813 | Valid Acc 91.5028
2026-07-10 09:39:34 | TestSub: S8 | Epoch 97/100 Finsh | Now_lr 0.0005/0.0005 | Train Loss 0.3382 | Valid Loss 0.2417 | Train Acc 84.8248 | Valid Acc 91.2921
2026-07-10 09:39:39 | TestSub: S8 | Epoch 98/100 Finsh | Now_lr 0.0005/0.0005 | Train Loss 0.3413 | Valid Loss 0.2419 | Train Acc 84.6386 | Valid Acc 91.1868
2026-07-10 09:39:45 | TestSub: S8 | Epoch 99/100 Finsh | Now_lr 0.0005/0.0005 | Train Loss 0.3380 | Valid Loss 0.2414 | Train Acc 84.8790 | Valid Acc 91.7837
2026-07-10 09:39:50 | TestSub: S8 | Epoch 100/100 Finsh | Now_lr 0.0005/0.0005 | Train Loss 0.3428 | Valid Loss 0.2397 | Train Acc 84.5301 | Valid Acc 91.4677
2026-07-10 09:39:50 | Validation loss decreased (0.240397 --> 0.239728) in epoch (100). Saving model ...
2026-07-10 09:39:50 | --------------------------------------------------
2026-07-10 09:39:50 | Test_Subject :S8 | Best epoch:100 | Test Loss:0.4036 | Savemodel Acc 80.6931
2026-07-10 09:39:50 | --------------------------------------------------
2026-07-10 09:39:50 | Best epoch: 100 | Test acc: 80.6931
