2026-07-10 10:18:23 | Logging started: ./writer/Subject_dependent_AAD/DTU/0.1s/result//Train0.1s_sub13.log
2026-07-10 10:18:24 | Sub_id: 13
2026-07-10 10:18:31 | TestSub: S13 | Epoch  1/100 Finsh | Now_lr 0.0005/0.0005 | Train Loss 0.6553 | Valid Loss 0.5831 | Train Acc 60.6932 | Valid Acc 70.8919
2026-07-10 10:18:31 | Validation loss decreased (inf --> 0.583100) in epoch (1). Saving model ...
2026-07-10 10:18:37 | TestSub: S13 | Epoch  2/100 Finsh | Now_lr 0.0005/0.0005 | Train Loss 0.5956 | Valid Loss 0.5499 | Train Acc 67.4085 | Valid Acc 72.2612
2026-07-10 10:18:37 | Validation loss decreased (0.583100 --> 0.549916) in epoch (2). Saving model ...
2026-07-10 10:18:42 | TestSub: S13 | Epoch  3/100 Finsh | Now_lr 0.0005/0.0005 | Train Loss 0.5766 | Valid Loss 0.5359 | Train Acc 69.1881 | Valid Acc 73.8764
2026-07-10 10:18:42 | Validation loss decreased (0.549916 --> 0.535901) in epoch (3). Saving model ...
2026-07-10 10:18:49 | TestSub: S13 | Epoch  4/100 Finsh | Now_lr 0.0005/0.0005 | Train Loss 0.5662 | Valid Loss 0.5191 | Train Acc 69.8395 | Valid Acc 74.6138
2026-07-10 10:18:49 | Validation loss decreased (0.535901 --> 0.519070) in epoch (4). Saving model ...
2026-07-10 10:18:56 | TestSub: S13 | Epoch  5/100 Finsh | Now_lr 0.0005/0.0005 | Train Loss 0.5582 | Valid Loss 0.5111 | Train Acc 70.6847 | Valid Acc 75.1404
2026-07-10 10:18:56 | Validation loss decreased (0.519070 --> 0.511059) in epoch (5). Saving model ...
2026-07-10 10:19:02 | TestSub: S13 | Epoch  6/100 Finsh | Now_lr 0.0005/0.0005 | Train Loss 0.5501 | Valid Loss 0.5004 | Train Acc 71.1616 | Valid Acc 77.1067
2026-07-10 10:19:02 | Validation loss decreased (0.511059 --> 0.500438) in epoch (6). Saving model ...
2026-07-10 10:19:09 | TestSub: S13 | Epoch  7/100 Finsh | Now_lr 0.0005/0.0005 | Train Loss 0.5407 | Valid Loss 0.4918 | Train Acc 71.8285 | Valid Acc 77.3876
2026-07-10 10:19:09 | Validation loss decreased (0.500438 --> 0.491835) in epoch (7). Saving model ...
2026-07-10 10:19:16 | TestSub: S13 | Epoch  8/100 Finsh | Now_lr 0.0005/0.0005 | Train Loss 0.5327 | Valid Loss 0.4741 | Train Acc 72.5302 | Valid Acc 78.3708
2026-07-10 10:19:16 | Validation loss decreased (0.491835 --> 0.474143) in epoch (8). Saving model ...
2026-07-10 10:19:22 | TestSub: S13 | Epoch  9/100 Finsh | Now_lr 0.0005/0.0005 | Train Loss 0.5289 | Valid Loss 0.4734 | Train Acc 72.5109 | Valid Acc 79.1433
2026-07-10 10:19:22 | Validation loss decreased (0.474143 --> 0.473371) in epoch (9). Saving model ...
2026-07-10 10:19:29 | TestSub: S13 | Epoch 10/100 Finsh | Now_lr 0.0005/0.0005 | Train Loss 0.5197 | Valid Loss 0.4603 | Train Acc 73.1390 | Valid Acc 79.4593
2026-07-10 10:19:29 | Validation loss decreased (0.473371 --> 0.460334) in epoch (10). Saving model ...
2026-07-10 10:19:34 | TestSub: S13 | Epoch 11/100 Finsh | Now_lr 0.0005/0.0005 | Train Loss 0.5125 | Valid Loss 0.4516 | Train Acc 73.6624 | Valid Acc 80.2317
2026-07-10 10:19:34 | Validation loss decreased (0.460334 --> 0.451641) in epoch (11). Saving model ...
2026-07-10 10:19:40 | TestSub: S13 | Epoch 12/100 Finsh | Now_lr 0.0005/0.0005 | Train Loss 0.5067 | Valid Loss 0.4452 | Train Acc 73.9648 | Valid Acc 80.8638
2026-07-10 10:19:40 | Validation loss decreased (0.451641 --> 0.445219) in epoch (12). Saving model ...
2026-07-10 10:19:45 | TestSub: S13 | Epoch 13/100 Finsh | Now_lr 0.0005/0.0005 | Train Loss 0.5040 | Valid Loss 0.4376 | Train Acc 74.1199 | Valid Acc 80.9340
2026-07-10 10:19:45 | Validation loss decreased (0.445219 --> 0.437623) in epoch (13). Saving model ...
2026-07-10 10:19:51 | TestSub: S13 | Epoch 14/100 Finsh | Now_lr 0.0005/0.0005 | Train Loss 0.5038 | Valid Loss 0.4411 | Train Acc 74.1742 | Valid Acc 81.0744
2026-07-10 10:19:56 | TestSub: S13 | Epoch 15/100 Finsh | Now_lr 0.0005/0.0005 | Train Loss 0.5012 | Valid Loss 0.4315 | Train Acc 74.5309 | Valid Acc 81.3553
2026-07-10 10:19:56 | Validation loss decreased (0.437623 --> 0.431458) in epoch (15). Saving model ...
2026-07-10 10:20:02 | TestSub: S13 | Epoch 16/100 Finsh | Now_lr 0.0005/0.0005 | Train Loss 0.5007 | Valid Loss 0.4319 | Train Acc 74.5425 | Valid Acc 81.9874
2026-07-10 10:20:07 | TestSub: S13 | Epoch 17/100 Finsh | Now_lr 0.0005/0.0005 | Train Loss 0.4923 | Valid Loss 0.4253 | Train Acc 75.0504 | Valid Acc 82.6194
2026-07-10 10:20:07 | Validation loss decreased (0.431458 --> 0.425289) in epoch (17). Saving model ...
2026-07-10 10:20:13 | TestSub: S13 | Epoch 18/100 Finsh | Now_lr 0.0005/0.0005 | Train Loss 0.4939 | Valid Loss 0.4268 | Train Acc 75.1900 | Valid Acc 81.9874
2026-07-10 10:20:19 | TestSub: S13 | Epoch 19/100 Finsh | Now_lr 0.0005/0.0005 | Train Loss 0.4911 | Valid Loss 0.4214 | Train Acc 74.9845 | Valid Acc 82.1629
2026-07-10 10:20:19 | Validation loss decreased (0.425289 --> 0.421442) in epoch (19). Saving model ...
2026-07-10 10:20:25 | TestSub: S13 | Epoch 20/100 Finsh | Now_lr 0.0005/0.0005 | Train Loss 0.4887 | Valid Loss 0.4132 | Train Acc 75.3528 | Valid Acc 82.9354
2026-07-10 10:20:25 | Validation loss decreased (0.421442 --> 0.413159) in epoch (20). Saving model ...
2026-07-10 10:20:30 | TestSub: S13 | Epoch 21/100 Finsh | Now_lr 0.0005/0.0005 | Train Loss 0.4894 | Valid Loss 0.4149 | Train Acc 75.3489 | Valid Acc 82.1980
2026-07-10 10:20:36 | TestSub: S13 | Epoch 22/100 Finsh | Now_lr 0.0005/0.0005 | Train Loss 0.4806 | Valid Loss 0.4077 | Train Acc 75.9499 | Valid Acc 82.6896
2026-07-10 10:20:36 | Validation loss decreased (0.413159 --> 0.407746) in epoch (22). Saving model ...
2026-07-10 10:20:41 | TestSub: S13 | Epoch 23/100 Finsh | Now_lr 0.0005/0.0005 | Train Loss 0.4866 | Valid Loss 0.4111 | Train Acc 75.6552 | Valid Acc 83.0407
2026-07-10 10:20:47 | TestSub: S13 | Epoch 24/100 Finsh | Now_lr 0.0005/0.0005 | Train Loss 0.4840 | Valid Loss 0.4069 | Train Acc 75.8452 | Valid Acc 83.0758
2026-07-10 10:20:47 | Validation loss decreased (0.407746 --> 0.406853) in epoch (24). Saving model ...
2026-07-10 10:20:53 | TestSub: S13 | Epoch 25/100 Finsh | Now_lr 0.0005/0.0005 | Train Loss 0.4827 | Valid Loss 0.4083 | Train Acc 75.9034 | Valid Acc 83.0056
2026-07-10 10:20:59 | TestSub: S13 | Epoch 26/100 Finsh | Now_lr 0.0005/0.0005 | Train Loss 0.4802 | Valid Loss 0.4058 | Train Acc 75.9189 | Valid Acc 83.4621
2026-07-10 10:20:59 | Validation loss decreased (0.406853 --> 0.405758) in epoch (26). Saving model ...
2026-07-10 10:21:06 | TestSub: S13 | Epoch 27/100 Finsh | Now_lr 0.0005/0.0005 | Train Loss 0.4792 | Valid Loss 0.4008 | Train Acc 76.0895 | Valid Acc 83.6376
2026-07-10 10:21:07 | Validation loss decreased (0.405758 --> 0.400768) in epoch (27). Saving model ...
2026-07-10 10:21:14 | TestSub: S13 | Epoch 28/100 Finsh | Now_lr 0.0005/0.0005 | Train Loss 0.4780 | Valid Loss 0.4018 | Train Acc 76.2136 | Valid Acc 83.1461
2026-07-10 10:21:20 | TestSub: S13 | Epoch 29/100 Finsh | Now_lr 0.0005/0.0005 | Train Loss 0.4722 | Valid Loss 0.3974 | Train Acc 76.3725 | Valid Acc 83.3216
2026-07-10 10:21:20 | Validation loss decreased (0.400768 --> 0.397371) in epoch (29). Saving model ...
2026-07-10 10:21:26 | TestSub: S13 | Epoch 30/100 Finsh | Now_lr 0.0005/0.0005 | Train Loss 0.4755 | Valid Loss 0.3925 | Train Acc 76.3803 | Valid Acc 84.3048
2026-07-10 10:21:26 | Validation loss decreased (0.397371 --> 0.392492) in epoch (30). Saving model ...
2026-07-10 10:21:32 | TestSub: S13 | Epoch 31/100 Finsh | Now_lr 0.0005/0.0005 | Train Loss 0.4730 | Valid Loss 0.3938 | Train Acc 76.2562 | Valid Acc 83.3216
2026-07-10 10:21:37 | TestSub: S13 | Epoch 32/100 Finsh | Now_lr 0.0005/0.0005 | Train Loss 0.4671 | Valid Loss 0.3941 | Train Acc 76.6556 | Valid Acc 83.9185
2026-07-10 10:21:43 | TestSub: S13 | Epoch 33/100 Finsh | Now_lr 0.0005/0.0005 | Train Loss 0.4659 | Valid Loss 0.3934 | Train Acc 76.6439 | Valid Acc 84.1643
2026-07-10 10:21:48 | TestSub: S13 | Epoch 34/100 Finsh | Now_lr 0.0005/0.0005 | Train Loss 0.4680 | Valid Loss 0.3888 | Train Acc 76.5703 | Valid Acc 84.5154
2026-07-10 10:21:48 | Validation loss decreased (0.392492 --> 0.388795) in epoch (34). Saving model ...
2026-07-10 10:21:54 | TestSub: S13 | Epoch 35/100 Finsh | Now_lr 0.0005/0.0005 | Train Loss 0.4687 | Valid Loss 0.3891 | Train Acc 76.7757 | Valid Acc 84.0941
2026-07-10 10:21:59 | TestSub: S13 | Epoch 36/100 Finsh | Now_lr 0.0005/0.0005 | Train Loss 0.4671 | Valid Loss 0.3847 | Train Acc 76.4307 | Valid Acc 83.8132
2026-07-10 10:21:59 | Validation loss decreased (0.388795 --> 0.384721) in epoch (36). Saving model ...
2026-07-10 10:22:05 | TestSub: S13 | Epoch 37/100 Finsh | Now_lr 0.0005/0.0005 | Train Loss 0.4681 | Valid Loss 0.3843 | Train Acc 76.7098 | Valid Acc 84.4803
2026-07-10 10:22:05 | Validation loss decreased (0.384721 --> 0.384334) in epoch (37). Saving model ...
2026-07-10 10:22:11 | TestSub: S13 | Epoch 38/100 Finsh | Now_lr 0.0005/0.0005 | Train Loss 0.4633 | Valid Loss 0.3891 | Train Acc 77.0239 | Valid Acc 83.2865
2026-07-10 10:22:16 | TestSub: S13 | Epoch 39/100 Finsh | Now_lr 0.0005/0.0005 | Train Loss 0.4662 | Valid Loss 0.3823 | Train Acc 76.6090 | Valid Acc 84.2346
2026-07-10 10:22:16 | Validation loss decreased (0.384334 --> 0.382345) in epoch (39). Saving model ...
2026-07-10 10:22:22 | TestSub: S13 | Epoch 40/100 Finsh | Now_lr 0.0005/0.0005 | Train Loss 0.4579 | Valid Loss 0.3821 | Train Acc 77.5318 | Valid Acc 84.6910
2026-07-10 10:22:22 | Validation loss decreased (0.382345 --> 0.382143) in epoch (40). Saving model ...
2026-07-10 10:22:27 | TestSub: S13 | Epoch 41/100 Finsh | Now_lr 0.0005/0.0005 | Train Loss 0.4603 | Valid Loss 0.3771 | Train Acc 77.1131 | Valid Acc 84.9368
2026-07-10 10:22:27 | Validation loss decreased (0.382143 --> 0.377069) in epoch (41). Saving model ...
2026-07-10 10:22:33 | TestSub: S13 | Epoch 42/100 Finsh | Now_lr 0.0005/0.0005 | Train Loss 0.4651 | Valid Loss 0.3797 | Train Acc 77.1208 | Valid Acc 84.3750
2026-07-10 10:22:38 | TestSub: S13 | Epoch 43/100 Finsh | Now_lr 0.0005/0.0005 | Train Loss 0.4589 | Valid Loss 0.3779 | Train Acc 77.3069 | Valid Acc 84.6559
2026-07-10 10:22:44 | TestSub: S13 | Epoch 44/100 Finsh | Now_lr 0.0005/0.0005 | Train Loss 0.4586 | Valid Loss 0.3793 | Train Acc 77.3612 | Valid Acc 84.8666
2026-07-10 10:22:51 | TestSub: S13 | Epoch 45/100 Finsh | Now_lr 0.0005/0.0005 | Train Loss 0.4601 | Valid Loss 0.3775 | Train Acc 77.0239 | Valid Acc 84.8666
2026-07-10 10:22:58 | TestSub: S13 | Epoch 46/100 Finsh | Now_lr 0.0005/0.0005 | Train Loss 0.4509 | Valid Loss 0.3762 | Train Acc 77.9001 | Valid Acc 84.7612
2026-07-10 10:22:58 | Validation loss decreased (0.377069 --> 0.376249) in epoch (46). Saving model ...
2026-07-10 10:23:04 | TestSub: S13 | Epoch 47/100 Finsh | Now_lr 0.0005/0.0005 | Train Loss 0.4591 | Valid Loss 0.3759 | Train Acc 77.4620 | Valid Acc 84.7261
2026-07-10 10:23:04 | Validation loss decreased (0.376249 --> 0.375939) in epoch (47). Saving model ...
2026-07-10 10:23:11 | TestSub: S13 | Epoch 48/100 Finsh | Now_lr 0.0005/0.0005 | Train Loss 0.4569 | Valid Loss 0.3783 | Train Acc 77.3457 | Valid Acc 84.6208
2026-07-10 10:23:17 | TestSub: S13 | Epoch 49/100 Finsh | Now_lr 0.0005/0.0005 | Train Loss 0.4594 | Valid Loss 0.3782 | Train Acc 77.2526 | Valid Acc 84.5154
2026-07-10 10:23:24 | TestSub: S13 | Epoch 50/100 Finsh | Now_lr 0.0005/0.0005 | Train Loss 0.4617 | Valid Loss 0.3733 | Train Acc 77.1053 | Valid Acc 84.9719
2026-07-10 10:23:24 | Validation loss decreased (0.375939 --> 0.373250) in epoch (50). Saving model ...
2026-07-10 10:23:30 | TestSub: S13 | Epoch 51/100 Finsh | Now_lr 0.0005/0.0005 | Train Loss 0.4540 | Valid Loss 0.3728 | Train Acc 77.5047 | Valid Acc 84.5857
2026-07-10 10:23:30 | Validation loss decreased (0.373250 --> 0.372815) in epoch (51). Saving model ...
2026-07-10 10:23:37 | TestSub: S13 | Epoch 52/100 Finsh | Now_lr 0.0005/0.0005 | Train Loss 0.4553 | Valid Loss 0.3719 | Train Acc 77.7916 | Valid Acc 84.9017
2026-07-10 10:23:37 | Validation loss decreased (0.372815 --> 0.371917) in epoch (52). Saving model ...
2026-07-10 10:23:43 | TestSub: S13 | Epoch 53/100 Finsh | Now_lr 0.0005/0.0005 | Train Loss 0.4504 | Valid Loss 0.3717 | Train Acc 77.8536 | Valid Acc 84.5154
2026-07-10 10:23:43 | Validation loss decreased (0.371917 --> 0.371724) in epoch (53). Saving model ...
2026-07-10 10:23:50 | TestSub: S13 | Epoch 54/100 Finsh | Now_lr 0.0005/0.0005 | Train Loss 0.4530 | Valid Loss 0.3711 | Train Acc 77.3690 | Valid Acc 84.8315
2026-07-10 10:23:50 | Validation loss decreased (0.371724 --> 0.371144) in epoch (54). Saving model ...
2026-07-10 10:23:56 | TestSub: S13 | Epoch 55/100 Finsh | Now_lr 0.0005/0.0005 | Train Loss 0.4572 | Valid Loss 0.3731 | Train Acc 77.1286 | Valid Acc 84.8666
2026-07-10 10:24:03 | TestSub: S13 | Epoch 56/100 Finsh | Now_lr 0.0005/0.0005 | Train Loss 0.4505 | Valid Loss 0.3694 | Train Acc 77.7295 | Valid Acc 84.1643
2026-07-10 10:24:03 | Validation loss decreased (0.371144 --> 0.369440) in epoch (56). Saving model ...
2026-07-10 10:24:10 | TestSub: S13 | Epoch 57/100 Finsh | Now_lr 0.0005/0.0005 | Train Loss 0.4497 | Valid Loss 0.3694 | Train Acc 77.8226 | Valid Acc 84.9719
2026-07-10 10:24:16 | TestSub: S13 | Epoch 58/100 Finsh | Now_lr 0.0005/0.0005 | Train Loss 0.4486 | Valid Loss 0.3646 | Train Acc 78.0126 | Valid Acc 85.1826
2026-07-10 10:24:16 | Validation loss decreased (0.369440 --> 0.364551) in epoch (58). Saving model ...
2026-07-10 10:24:22 | TestSub: S13 | Epoch 59/100 Finsh | Now_lr 0.0005/0.0005 | Train Loss 0.4511 | Valid Loss 0.3640 | Train Acc 77.6636 | Valid Acc 85.1826
2026-07-10 10:24:22 | Validation loss decreased (0.364551 --> 0.363962) in epoch (59). Saving model ...
2026-07-10 10:24:29 | TestSub: S13 | Epoch 60/100 Finsh | Now_lr 0.0005/0.0005 | Train Loss 0.4551 | Valid Loss 0.3670 | Train Acc 77.6752 | Valid Acc 85.4284
2026-07-10 10:24:35 | TestSub: S13 | Epoch 61/100 Finsh | Now_lr 0.0005/0.0005 | Train Loss 0.4470 | Valid Loss 0.3690 | Train Acc 78.0824 | Valid Acc 84.3399
2026-07-10 10:24:40 | TestSub: S13 | Epoch 62/100 Finsh | Now_lr 0.0005/0.0005 | Train Loss 0.4476 | Valid Loss 0.3654 | Train Acc 77.9893 | Valid Acc 84.8666
2026-07-10 10:24:46 | TestSub: S13 | Epoch 63/100 Finsh | Now_lr 0.0005/0.0005 | Train Loss 0.4474 | Valid Loss 0.3695 | Train Acc 78.0552 | Valid Acc 85.3230
2026-07-10 10:24:51 | TestSub: S13 | Epoch 64/100 Finsh | Now_lr 0.0005/0.0005 | Train Loss 0.4521 | Valid Loss 0.3660 | Train Acc 77.5163 | Valid Acc 85.0421
2026-07-10 10:24:57 | TestSub: S13 | Epoch 65/100 Finsh | Now_lr 0.0005/0.0005 | Train Loss 0.4468 | Valid Loss 0.3617 | Train Acc 78.0126 | Valid Acc 85.2177
2026-07-10 10:24:57 | Validation loss decreased (0.363962 --> 0.361689) in epoch (65). Saving model ...
2026-07-10 10:25:02 | TestSub: S13 | Epoch 66/100 Finsh | Now_lr 0.0005/0.0005 | Train Loss 0.4455 | Valid Loss 0.3604 | Train Acc 78.3227 | Valid Acc 85.0070
2026-07-10 10:25:02 | Validation loss decreased (0.361689 --> 0.360395) in epoch (66). Saving model ...
2026-07-10 10:25:08 | TestSub: S13 | Epoch 67/100 Finsh | Now_lr 0.0005/0.0005 | Train Loss 0.4462 | Valid Loss 0.3601 | Train Acc 77.8109 | Valid Acc 85.1826
2026-07-10 10:25:08 | Validation loss decreased (0.360395 --> 0.360119) in epoch (67). Saving model ...
2026-07-10 10:25:13 | TestSub: S13 | Epoch 68/100 Finsh | Now_lr 0.0005/0.0005 | Train Loss 0.4428 | Valid Loss 0.3585 | Train Acc 78.3809 | Valid Acc 85.4284
2026-07-10 10:25:13 | Validation loss decreased (0.360119 --> 0.358520) in epoch (68). Saving model ...
2026-07-10 10:25:19 | TestSub: S13 | Epoch 69/100 Finsh | Now_lr 0.0005/0.0005 | Train Loss 0.4449 | Valid Loss 0.3576 | Train Acc 78.0630 | Valid Acc 85.9199
2026-07-10 10:25:19 | Validation loss decreased (0.358520 --> 0.357587) in epoch (69). Saving model ...
2026-07-10 10:25:24 | TestSub: S13 | Epoch 70/100 Finsh | Now_lr 0.0005/0.0005 | Train Loss 0.4426 | Valid Loss 0.3608 | Train Acc 78.4119 | Valid Acc 85.5688
2026-07-10 10:25:30 | TestSub: S13 | Epoch 71/100 Finsh | Now_lr 0.0005/0.0005 | Train Loss 0.4451 | Valid Loss 0.3616 | Train Acc 78.0475 | Valid Acc 85.5688
2026-07-10 10:25:35 | TestSub: S13 | Epoch 72/100 Finsh | Now_lr 0.0005/0.0005 | Train Loss 0.4438 | Valid Loss 0.3585 | Train Acc 78.2607 | Valid Acc 85.0772
2026-07-10 10:25:41 | TestSub: S13 | Epoch 73/100 Finsh | Now_lr 0.0005/0.0005 | Train Loss 0.4412 | Valid Loss 0.3579 | Train Acc 78.2646 | Valid Acc 85.4284
2026-07-10 10:25:46 | TestSub: S13 | Epoch 74/100 Finsh | Now_lr 0.0005/0.0005 | Train Loss 0.4446 | Valid Loss 0.3601 | Train Acc 78.0591 | Valid Acc 85.3581
2026-07-10 10:25:52 | TestSub: S13 | Epoch 75/100 Finsh | Now_lr 0.0005/0.0005 | Train Loss 0.4444 | Valid Loss 0.3563 | Train Acc 77.9699 | Valid Acc 85.8848
2026-07-10 10:25:52 | Validation loss decreased (0.357587 --> 0.356290) in epoch (75). Saving model ...
2026-07-10 10:25:57 | TestSub: S13 | Epoch 76/100 Finsh | Now_lr 0.0005/0.0005 | Train Loss 0.4468 | Valid Loss 0.3591 | Train Acc 77.9932 | Valid Acc 85.4986
2026-07-10 10:26:03 | TestSub: S13 | Epoch 77/100 Finsh | Now_lr 0.0005/0.0005 | Train Loss 0.4386 | Valid Loss 0.3566 | Train Acc 78.6794 | Valid Acc 85.1475
2026-07-10 10:26:08 | TestSub: S13 | Epoch 78/100 Finsh | Now_lr 0.0005/0.0005 | Train Loss 0.4446 | Valid Loss 0.3620 | Train Acc 78.0397 | Valid Acc 85.0772
2026-07-10 10:26:14 | TestSub: S13 | Epoch 79/100 Finsh | Now_lr 0.0005/0.0005 | Train Loss 0.4485 | Valid Loss 0.3561 | Train Acc 77.9932 | Valid Acc 85.6039
2026-07-10 10:26:14 | Validation loss decreased (0.356290 --> 0.356119) in epoch (79). Saving model ...
2026-07-10 10:26:20 | TestSub: S13 | Epoch 80/100 Finsh | Now_lr 0.0005/0.0005 | Train Loss 0.4390 | Valid Loss 0.3563 | Train Acc 78.5321 | Valid Acc 85.0070
2026-07-10 10:26:26 | TestSub: S13 | Epoch 81/100 Finsh | Now_lr 0.0005/0.0005 | Train Loss 0.4398 | Valid Loss 0.3532 | Train Acc 78.2607 | Valid Acc 85.9551
2026-07-10 10:26:26 | Validation loss decreased (0.356119 --> 0.353187) in epoch (81). Saving model ...
2026-07-10 10:26:33 | TestSub: S13 | Epoch 82/100 Finsh | Now_lr 0.0005/0.0005 | Train Loss 0.4426 | Valid Loss 0.3592 | Train Acc 78.0746 | Valid Acc 85.6742
2026-07-10 10:26:39 | TestSub: S13 | Epoch 83/100 Finsh | Now_lr 0.0005/0.0005 | Train Loss 0.4387 | Valid Loss 0.3522 | Train Acc 78.6833 | Valid Acc 85.6390
2026-07-10 10:26:39 | Validation loss decreased (0.353187 --> 0.352229) in epoch (83). Saving model ...
2026-07-10 10:26:46 | TestSub: S13 | Epoch 84/100 Finsh | Now_lr 0.0005/0.0005 | Train Loss 0.4400 | Valid Loss 0.3536 | Train Acc 78.2840 | Valid Acc 85.7795
2026-07-10 10:26:52 | TestSub: S13 | Epoch 85/100 Finsh | Now_lr 0.0005/0.0005 | Train Loss 0.4339 | Valid Loss 0.3541 | Train Acc 78.7066 | Valid Acc 85.4635
2026-07-10 10:26:59 | TestSub: S13 | Epoch 86/100 Finsh | Now_lr 0.0005/0.0005 | Train Loss 0.4409 | Valid Loss 0.3552 | Train Acc 78.5903 | Valid Acc 85.4635
2026-07-10 10:27:05 | TestSub: S13 | Epoch 87/100 Finsh | Now_lr 0.0005/0.0005 | Train Loss 0.4363 | Valid Loss 0.3539 | Train Acc 78.6252 | Valid Acc 85.9551
2026-07-10 10:27:10 | TestSub: S13 | Epoch 88/100 Finsh | Now_lr 0.0005/0.0005 | Train Loss 0.4387 | Valid Loss 0.3557 | Train Acc 78.4352 | Valid Acc 85.8497
2026-07-10 10:27:16 | TestSub: S13 | Epoch 89/100 Finsh | Now_lr 0.0005/0.0005 | Train Loss 0.4329 | Valid Loss 0.3509 | Train Acc 78.9159 | Valid Acc 85.6390
2026-07-10 10:27:16 | Validation loss decreased (0.352229 --> 0.350886) in epoch (89). Saving model ...
2026-07-10 10:27:21 | TestSub: S13 | Epoch 90/100 Finsh | Now_lr 0.0005/0.0005 | Train Loss 0.4387 | Valid Loss 0.3533 | Train Acc 78.4662 | Valid Acc 85.4635
2026-07-10 10:27:27 | TestSub: S13 | Epoch 91/100 Finsh | Now_lr 0.0005/0.0005 | Train Loss 0.4380 | Valid Loss 0.3531 | Train Acc 78.5670 | Valid Acc 86.1306
2026-07-10 10:27:32 | TestSub: S13 | Epoch 92/100 Finsh | Now_lr 0.0005/0.0005 | Train Loss 0.4397 | Valid Loss 0.3531 | Train Acc 78.5205 | Valid Acc 85.0070
2026-07-10 10:27:38 | TestSub: S13 | Epoch 93/100 Finsh | Now_lr 0.0005/0.0005 | Train Loss 0.4361 | Valid Loss 0.3478 | Train Acc 78.8268 | Valid Acc 85.7444
2026-07-10 10:27:38 | Validation loss decreased (0.350886 --> 0.347772) in epoch (93). Saving model ...
2026-07-10 10:27:43 | TestSub: S13 | Epoch 94/100 Finsh | Now_lr 0.0005/0.0005 | Train Loss 0.4396 | Valid Loss 0.3541 | Train Acc 78.6639 | Valid Acc 85.8146
2026-07-10 10:27:49 | TestSub: S13 | Epoch 95/100 Finsh | Now_lr 0.0005/0.0005 | Train Loss 0.4381 | Valid Loss 0.3499 | Train Acc 78.6562 | Valid Acc 86.1657
2026-07-10 10:27:55 | TestSub: S13 | Epoch 96/100 Finsh | Now_lr 0.0005/0.0005 | Train Loss 0.4369 | Valid Loss 0.3529 | Train Acc 78.5243 | Valid Acc 85.4986
2026-07-10 10:28:01 | TestSub: S13 | Epoch 97/100 Finsh | Now_lr 0.0005/0.0005 | Train Loss 0.4393 | Valid Loss 0.3540 | Train Acc 78.7531 | Valid Acc 85.5688
2026-07-10 10:28:08 | TestSub: S13 | Epoch 98/100 Finsh | Now_lr 0.0005/0.0005 | Train Loss 0.4422 | Valid Loss 0.3501 | Train Acc 78.0513 | Valid Acc 85.8146
2026-07-10 10:28:14 | TestSub: S13 | Epoch 99/100 Finsh | Now_lr 0.0005/0.0005 | Train Loss 0.4392 | Valid Loss 0.3488 | Train Acc 78.3150 | Valid Acc 86.1306
2026-07-10 10:28:21 | TestSub: S13 | Epoch 100/100 Finsh | Now_lr 0.0005/0.0005 | Train Loss 0.4344 | Valid Loss 0.3519 | Train Acc 78.8578 | Valid Acc 85.4635
2026-07-10 10:28:21 | --------------------------------------------------
2026-07-10 10:28:21 | Test_Subject :S13 | Best epoch:93 | Test Loss:0.6133 | Savemodel Acc 68.4715
2026-07-10 10:28:21 | --------------------------------------------------
2026-07-10 10:28:21 | Best epoch: 93 | Test acc: 68.4715
