2026-07-10 10:08:19 | Logging started: ./writer/Subject_dependent_AAD/DTU/0.1s/result//Train0.1s_sub12.log
2026-07-10 10:08:19 | Sub_id: 12
2026-07-10 10:08:27 | TestSub: S12 | Epoch  1/100 Finsh | Now_lr 0.0005/0.0005 | Train Loss 0.6748 | Valid Loss 0.6121 | Train Acc 57.0293 | Valid Acc 69.2767
2026-07-10 10:08:27 | Validation loss decreased (inf --> 0.612096) in epoch (1). Saving model ...
2026-07-10 10:08:34 | TestSub: S12 | Epoch  2/100 Finsh | Now_lr 0.0005/0.0005 | Train Loss 0.5860 | Valid Loss 0.5088 | Train Acc 69.1028 | Valid Acc 76.9663
2026-07-10 10:08:34 | Validation loss decreased (0.612096 --> 0.508762) in epoch (2). Saving model ...
2026-07-10 10:08:40 | TestSub: S12 | Epoch  3/100 Finsh | Now_lr 0.0005/0.0005 | Train Loss 0.5297 | Valid Loss 0.4695 | Train Acc 73.7477 | Valid Acc 80.0562
2026-07-10 10:08:40 | Validation loss decreased (0.508762 --> 0.469511) in epoch (3). Saving model ...
2026-07-10 10:08:45 | TestSub: S12 | Epoch  4/100 Finsh | Now_lr 0.0005/0.0005 | Train Loss 0.5071 | Valid Loss 0.4474 | Train Acc 75.4071 | Valid Acc 80.7935
2026-07-10 10:08:45 | Validation loss decreased (0.469511 --> 0.447387) in epoch (4). Saving model ...
2026-07-10 10:08:51 | TestSub: S12 | Epoch  5/100 Finsh | Now_lr 0.0005/0.0005 | Train Loss 0.4914 | Valid Loss 0.4495 | Train Acc 76.3531 | Valid Acc 79.5646
2026-07-10 10:08:56 | TestSub: S12 | Epoch  6/100 Finsh | Now_lr 0.0005/0.0005 | Train Loss 0.4829 | Valid Loss 0.4234 | Train Acc 77.0045 | Valid Acc 82.2331
2026-07-10 10:08:56 | Validation loss decreased (0.447387 --> 0.423415) in epoch (6). Saving model ...
2026-07-10 10:09:02 | TestSub: S12 | Epoch  7/100 Finsh | Now_lr 0.0005/0.0005 | Train Loss 0.4722 | Valid Loss 0.4171 | Train Acc 77.7567 | Valid Acc 81.8469
2026-07-10 10:09:02 | Validation loss decreased (0.423415 --> 0.417052) in epoch (7). Saving model ...
2026-07-10 10:09:08 | TestSub: S12 | Epoch  8/100 Finsh | Now_lr 0.0005/0.0005 | Train Loss 0.4636 | Valid Loss 0.4111 | Train Acc 78.0785 | Valid Acc 82.8301
2026-07-10 10:09:08 | Validation loss decreased (0.417052 --> 0.411130) in epoch (8). Saving model ...
2026-07-10 10:09:13 | TestSub: S12 | Epoch  9/100 Finsh | Now_lr 0.0005/0.0005 | Train Loss 0.4526 | Valid Loss 0.4027 | Train Acc 78.7143 | Valid Acc 83.0407
2026-07-10 10:09:13 | Validation loss decreased (0.411130 --> 0.402743) in epoch (9). Saving model ...
2026-07-10 10:09:19 | TestSub: S12 | Epoch 10/100 Finsh | Now_lr 0.0005/0.0005 | Train Loss 0.4483 | Valid Loss 0.3950 | Train Acc 79.2649 | Valid Acc 83.3216
2026-07-10 10:09:19 | Validation loss decreased (0.402743 --> 0.394977) in epoch (10). Saving model ...
2026-07-10 10:09:25 | TestSub: S12 | Epoch 11/100 Finsh | Now_lr 0.0005/0.0005 | Train Loss 0.4486 | Valid Loss 0.3839 | Train Acc 78.8655 | Valid Acc 84.3399
2026-07-10 10:09:25 | Validation loss decreased (0.394977 --> 0.383886) in epoch (11). Saving model ...
2026-07-10 10:09:30 | TestSub: S12 | Epoch 12/100 Finsh | Now_lr 0.0005/0.0005 | Train Loss 0.4415 | Valid Loss 0.3958 | Train Acc 79.5014 | Valid Acc 83.8483
2026-07-10 10:09:36 | TestSub: S12 | Epoch 13/100 Finsh | Now_lr 0.0005/0.0005 | Train Loss 0.4342 | Valid Loss 0.3788 | Train Acc 79.8736 | Valid Acc 84.6910
2026-07-10 10:09:36 | Validation loss decreased (0.383886 --> 0.378783) in epoch (13). Saving model ...
2026-07-10 10:09:41 | TestSub: S12 | Epoch 14/100 Finsh | Now_lr 0.0005/0.0005 | Train Loss 0.4329 | Valid Loss 0.3783 | Train Acc 79.9705 | Valid Acc 84.7963
2026-07-10 10:09:41 | Validation loss decreased (0.378783 --> 0.378260) in epoch (14). Saving model ...
2026-07-10 10:09:47 | TestSub: S12 | Epoch 15/100 Finsh | Now_lr 0.0005/0.0005 | Train Loss 0.4298 | Valid Loss 0.3706 | Train Acc 80.1683 | Valid Acc 84.1643
2026-07-10 10:09:47 | Validation loss decreased (0.378260 --> 0.370551) in epoch (15). Saving model ...
2026-07-10 10:09:52 | TestSub: S12 | Epoch 16/100 Finsh | Now_lr 0.0005/0.0005 | Train Loss 0.4266 | Valid Loss 0.3654 | Train Acc 80.3040 | Valid Acc 85.0421
2026-07-10 10:09:52 | Validation loss decreased (0.370551 --> 0.365360) in epoch (16). Saving model ...
2026-07-10 10:09:58 | TestSub: S12 | Epoch 17/100 Finsh | Now_lr 0.0005/0.0005 | Train Loss 0.4222 | Valid Loss 0.3623 | Train Acc 80.5095 | Valid Acc 85.5337
2026-07-10 10:09:58 | Validation loss decreased (0.365360 --> 0.362283) in epoch (17). Saving model ...
2026-07-10 10:10:03 | TestSub: S12 | Epoch 18/100 Finsh | Now_lr 0.0005/0.0005 | Train Loss 0.4192 | Valid Loss 0.3584 | Train Acc 80.7460 | Valid Acc 85.7444
2026-07-10 10:10:03 | Validation loss decreased (0.362283 --> 0.358439) in epoch (18). Saving model ...
2026-07-10 10:10:09 | TestSub: S12 | Epoch 19/100 Finsh | Now_lr 0.0005/0.0005 | Train Loss 0.4171 | Valid Loss 0.3563 | Train Acc 80.7886 | Valid Acc 85.3230
2026-07-10 10:10:09 | Validation loss decreased (0.358439 --> 0.356321) in epoch (19). Saving model ...
2026-07-10 10:10:14 | TestSub: S12 | Epoch 20/100 Finsh | Now_lr 0.0005/0.0005 | Train Loss 0.4140 | Valid Loss 0.3546 | Train Acc 81.0290 | Valid Acc 85.4986
2026-07-10 10:10:14 | Validation loss decreased (0.356321 --> 0.354599) in epoch (20). Saving model ...
2026-07-10 10:10:20 | TestSub: S12 | Epoch 21/100 Finsh | Now_lr 0.0005/0.0005 | Train Loss 0.4146 | Valid Loss 0.3525 | Train Acc 80.9592 | Valid Acc 85.8497
2026-07-10 10:10:20 | Validation loss decreased (0.354599 --> 0.352476) in epoch (21). Saving model ...
2026-07-10 10:10:25 | TestSub: S12 | Epoch 22/100 Finsh | Now_lr 0.0005/0.0005 | Train Loss 0.4142 | Valid Loss 0.3478 | Train Acc 80.7809 | Valid Acc 86.2711
2026-07-10 10:10:25 | Validation loss decreased (0.352476 --> 0.347758) in epoch (22). Saving model ...
2026-07-10 10:10:31 | TestSub: S12 | Epoch 23/100 Finsh | Now_lr 0.0005/0.0005 | Train Loss 0.4041 | Valid Loss 0.3403 | Train Acc 81.3275 | Valid Acc 86.8680
2026-07-10 10:10:31 | Validation loss decreased (0.347758 --> 0.340318) in epoch (23). Saving model ...
2026-07-10 10:10:36 | TestSub: S12 | Epoch 24/100 Finsh | Now_lr 0.0005/0.0005 | Train Loss 0.4074 | Valid Loss 0.3393 | Train Acc 81.2229 | Valid Acc 85.8497
2026-07-10 10:10:36 | Validation loss decreased (0.340318 --> 0.339263) in epoch (24). Saving model ...
2026-07-10 10:10:42 | TestSub: S12 | Epoch 25/100 Finsh | Now_lr 0.0005/0.0005 | Train Loss 0.4082 | Valid Loss 0.3397 | Train Acc 81.2151 | Valid Acc 86.7978
2026-07-10 10:10:48 | TestSub: S12 | Epoch 26/100 Finsh | Now_lr 0.0005/0.0005 | Train Loss 0.4008 | Valid Loss 0.3331 | Train Acc 81.6222 | Valid Acc 86.9733
2026-07-10 10:10:48 | Validation loss decreased (0.339263 --> 0.333065) in epoch (26). Saving model ...
2026-07-10 10:10:53 | TestSub: S12 | Epoch 27/100 Finsh | Now_lr 0.0005/0.0005 | Train Loss 0.4048 | Valid Loss 0.3333 | Train Acc 81.3741 | Valid Acc 86.8329
2026-07-10 10:10:59 | TestSub: S12 | Epoch 28/100 Finsh | Now_lr 0.0005/0.0005 | Train Loss 0.3996 | Valid Loss 0.3291 | Train Acc 81.6959 | Valid Acc 86.9733
2026-07-10 10:10:59 | Validation loss decreased (0.333065 --> 0.329109) in epoch (28). Saving model ...
2026-07-10 10:11:04 | TestSub: S12 | Epoch 29/100 Finsh | Now_lr 0.0005/0.0005 | Train Loss 0.3975 | Valid Loss 0.3323 | Train Acc 81.7773 | Valid Acc 86.3764
2026-07-10 10:11:10 | TestSub: S12 | Epoch 30/100 Finsh | Now_lr 0.0005/0.0005 | Train Loss 0.3955 | Valid Loss 0.3253 | Train Acc 81.9401 | Valid Acc 87.1840
2026-07-10 10:11:10 | Validation loss decreased (0.329109 --> 0.325267) in epoch (30). Saving model ...
2026-07-10 10:11:15 | TestSub: S12 | Epoch 31/100 Finsh | Now_lr 0.0005/0.0005 | Train Loss 0.3972 | Valid Loss 0.3323 | Train Acc 81.7114 | Valid Acc 86.5871
2026-07-10 10:11:21 | TestSub: S12 | Epoch 32/100 Finsh | Now_lr 0.0005/0.0005 | Train Loss 0.3914 | Valid Loss 0.3232 | Train Acc 82.2270 | Valid Acc 86.9031
2026-07-10 10:11:21 | Validation loss decreased (0.325267 --> 0.323225) in epoch (32). Saving model ...
2026-07-10 10:11:26 | TestSub: S12 | Epoch 33/100 Finsh | Now_lr 0.0005/0.0005 | Train Loss 0.3924 | Valid Loss 0.3232 | Train Acc 81.8781 | Valid Acc 87.5351
2026-07-10 10:11:26 | Validation loss decreased (0.323225 --> 0.323205) in epoch (33). Saving model ...
2026-07-10 10:11:32 | TestSub: S12 | Epoch 34/100 Finsh | Now_lr 0.0005/0.0005 | Train Loss 0.3942 | Valid Loss 0.3199 | Train Acc 82.0681 | Valid Acc 87.3596
2026-07-10 10:11:32 | Validation loss decreased (0.323205 --> 0.319908) in epoch (34). Saving model ...
2026-07-10 10:11:37 | TestSub: S12 | Epoch 35/100 Finsh | Now_lr 0.0005/0.0005 | Train Loss 0.3921 | Valid Loss 0.3175 | Train Acc 82.1805 | Valid Acc 87.5351
2026-07-10 10:11:37 | Validation loss decreased (0.319908 --> 0.317498) in epoch (35). Saving model ...
2026-07-10 10:11:43 | TestSub: S12 | Epoch 36/100 Finsh | Now_lr 0.0005/0.0005 | Train Loss 0.3953 | Valid Loss 0.3235 | Train Acc 82.0797 | Valid Acc 87.5702
2026-07-10 10:11:48 | TestSub: S12 | Epoch 37/100 Finsh | Now_lr 0.0005/0.0005 | Train Loss 0.3945 | Valid Loss 0.3179 | Train Acc 82.0913 | Valid Acc 87.6053
2026-07-10 10:11:54 | TestSub: S12 | Epoch 38/100 Finsh | Now_lr 0.0005/0.0005 | Train Loss 0.3882 | Valid Loss 0.3182 | Train Acc 82.6807 | Valid Acc 87.7107
2026-07-10 10:11:59 | TestSub: S12 | Epoch 39/100 Finsh | Now_lr 0.0005/0.0005 | Train Loss 0.3908 | Valid Loss 0.3167 | Train Acc 82.1146 | Valid Acc 87.0084
2026-07-10 10:11:59 | Validation loss decreased (0.317498 --> 0.316705) in epoch (39). Saving model ...
2026-07-10 10:12:06 | TestSub: S12 | Epoch 40/100 Finsh | Now_lr 0.0005/0.0005 | Train Loss 0.3846 | Valid Loss 0.3153 | Train Acc 82.4907 | Valid Acc 87.3947
2026-07-10 10:12:06 | Validation loss decreased (0.316705 --> 0.315339) in epoch (40). Saving model ...
2026-07-10 10:12:11 | TestSub: S12 | Epoch 41/100 Finsh | Now_lr 0.0005/0.0005 | Train Loss 0.3873 | Valid Loss 0.3230 | Train Acc 82.1456 | Valid Acc 86.6222
2026-07-10 10:12:17 | TestSub: S12 | Epoch 42/100 Finsh | Now_lr 0.0005/0.0005 | Train Loss 0.3842 | Valid Loss 0.3189 | Train Acc 82.4946 | Valid Acc 87.3596
2026-07-10 10:12:22 | TestSub: S12 | Epoch 43/100 Finsh | Now_lr 0.0005/0.0005 | Train Loss 0.3805 | Valid Loss 0.3283 | Train Acc 82.5760 | Valid Acc 87.0084
2026-07-10 10:12:28 | TestSub: S12 | Epoch 44/100 Finsh | Now_lr 0.0005/0.0005 | Train Loss 0.3854 | Valid Loss 0.3166 | Train Acc 82.3162 | Valid Acc 87.3596
2026-07-10 10:12:33 | TestSub: S12 | Epoch 45/100 Finsh | Now_lr 0.0005/0.0005 | Train Loss 0.3846 | Valid Loss 0.3157 | Train Acc 82.3007 | Valid Acc 87.2542
2026-07-10 10:12:39 | TestSub: S12 | Epoch 46/100 Finsh | Now_lr 0.0005/0.0005 | Train Loss 0.3808 | Valid Loss 0.3085 | Train Acc 82.7427 | Valid Acc 88.1671
2026-07-10 10:12:39 | Validation loss decreased (0.315339 --> 0.308541) in epoch (46). Saving model ...
2026-07-10 10:12:45 | TestSub: S12 | Epoch 47/100 Finsh | Now_lr 0.0005/0.0005 | Train Loss 0.3811 | Valid Loss 0.3111 | Train Acc 82.6186 | Valid Acc 88.1320
2026-07-10 10:12:51 | TestSub: S12 | Epoch 48/100 Finsh | Now_lr 0.0005/0.0005 | Train Loss 0.3819 | Valid Loss 0.3082 | Train Acc 82.6225 | Valid Acc 87.7107
2026-07-10 10:12:51 | Validation loss decreased (0.308541 --> 0.308165) in epoch (48). Saving model ...
2026-07-10 10:12:58 | TestSub: S12 | Epoch 49/100 Finsh | Now_lr 0.0005/0.0005 | Train Loss 0.3818 | Valid Loss 0.3091 | Train Acc 82.6497 | Valid Acc 87.6756
2026-07-10 10:13:04 | TestSub: S12 | Epoch 50/100 Finsh | Now_lr 0.0005/0.0005 | Train Loss 0.3793 | Valid Loss 0.3074 | Train Acc 82.8629 | Valid Acc 88.0267
2026-07-10 10:13:04 | Validation loss decreased (0.308165 --> 0.307422) in epoch (50). Saving model ...
2026-07-10 10:13:11 | TestSub: S12 | Epoch 51/100 Finsh | Now_lr 0.0005/0.0005 | Train Loss 0.3805 | Valid Loss 0.3072 | Train Acc 82.8203 | Valid Acc 87.7107
2026-07-10 10:13:11 | Validation loss decreased (0.307422 --> 0.307245) in epoch (51). Saving model ...
2026-07-10 10:13:18 | TestSub: S12 | Epoch 52/100 Finsh | Now_lr 0.0005/0.0005 | Train Loss 0.3800 | Valid Loss 0.3133 | Train Acc 82.9676 | Valid Acc 87.7458
2026-07-10 10:13:24 | TestSub: S12 | Epoch 53/100 Finsh | Now_lr 0.0005/0.0005 | Train Loss 0.3780 | Valid Loss 0.3098 | Train Acc 83.0800 | Valid Acc 87.6053
2026-07-10 10:13:31 | TestSub: S12 | Epoch 54/100 Finsh | Now_lr 0.0005/0.0005 | Train Loss 0.3817 | Valid Loss 0.3057 | Train Acc 82.6109 | Valid Acc 88.2374
2026-07-10 10:13:31 | Validation loss decreased (0.307245 --> 0.305711) in epoch (54). Saving model ...
2026-07-10 10:13:37 | TestSub: S12 | Epoch 55/100 Finsh | Now_lr 0.0005/0.0005 | Train Loss 0.3715 | Valid Loss 0.3010 | Train Acc 82.9172 | Valid Acc 88.1671
2026-07-10 10:13:37 | Validation loss decreased (0.305711 --> 0.301027) in epoch (55). Saving model ...
2026-07-10 10:13:44 | TestSub: S12 | Epoch 56/100 Finsh | Now_lr 0.0005/0.0005 | Train Loss 0.3787 | Valid Loss 0.3031 | Train Acc 82.8862 | Valid Acc 88.2725
2026-07-10 10:13:50 | TestSub: S12 | Epoch 57/100 Finsh | Now_lr 0.0005/0.0005 | Train Loss 0.3752 | Valid Loss 0.3010 | Train Acc 83.0413 | Valid Acc 87.9213
2026-07-10 10:13:50 | Validation loss decreased (0.301027 --> 0.300993) in epoch (57). Saving model ...
2026-07-10 10:13:57 | TestSub: S12 | Epoch 58/100 Finsh | Now_lr 0.0005/0.0005 | Train Loss 0.3809 | Valid Loss 0.3062 | Train Acc 82.5644 | Valid Acc 87.7458
2026-07-10 10:14:03 | TestSub: S12 | Epoch 59/100 Finsh | Now_lr 0.0005/0.0005 | Train Loss 0.3752 | Valid Loss 0.3007 | Train Acc 83.3088 | Valid Acc 88.7640
2026-07-10 10:14:03 | Validation loss decreased (0.300993 --> 0.300691) in epoch (59). Saving model ...
2026-07-10 10:14:10 | TestSub: S12 | Epoch 60/100 Finsh | Now_lr 0.0005/0.0005 | Train Loss 0.3741 | Valid Loss 0.2982 | Train Acc 83.2816 | Valid Acc 88.4831
2026-07-10 10:14:10 | Validation loss decreased (0.300691 --> 0.298245) in epoch (60). Saving model ...
2026-07-10 10:14:16 | TestSub: S12 | Epoch 61/100 Finsh | Now_lr 0.0005/0.0005 | Train Loss 0.3761 | Valid Loss 0.3016 | Train Acc 83.0257 | Valid Acc 88.3778
2026-07-10 10:14:23 | TestSub: S12 | Epoch 62/100 Finsh | Now_lr 0.0005/0.0005 | Train Loss 0.3773 | Valid Loss 0.3138 | Train Acc 82.9870 | Valid Acc 87.0435
2026-07-10 10:14:29 | TestSub: S12 | Epoch 63/100 Finsh | Now_lr 0.0005/0.0005 | Train Loss 0.3755 | Valid Loss 0.2996 | Train Acc 82.8862 | Valid Acc 88.4129
2026-07-10 10:14:36 | TestSub: S12 | Epoch 64/100 Finsh | Now_lr 0.0005/0.0005 | Train Loss 0.3703 | Valid Loss 0.2973 | Train Acc 83.1731 | Valid Acc 88.5534
2026-07-10 10:14:36 | Validation loss decreased (0.298245 --> 0.297273) in epoch (64). Saving model ...
2026-07-10 10:14:42 | TestSub: S12 | Epoch 65/100 Finsh | Now_lr 0.0005/0.0005 | Train Loss 0.3688 | Valid Loss 0.2960 | Train Acc 83.3010 | Valid Acc 88.0267
2026-07-10 10:14:42 | Validation loss decreased (0.297273 --> 0.296023) in epoch (65). Saving model ...
2026-07-10 10:14:49 | TestSub: S12 | Epoch 66/100 Finsh | Now_lr 0.0005/0.0005 | Train Loss 0.3682 | Valid Loss 0.3014 | Train Acc 83.2351 | Valid Acc 87.8160
2026-07-10 10:14:55 | TestSub: S12 | Epoch 67/100 Finsh | Now_lr 0.0005/0.0005 | Train Loss 0.3688 | Valid Loss 0.2997 | Train Acc 83.3980 | Valid Acc 87.8160
2026-07-10 10:15:02 | TestSub: S12 | Epoch 68/100 Finsh | Now_lr 0.0005/0.0005 | Train Loss 0.3715 | Valid Loss 0.2947 | Train Acc 82.9792 | Valid Acc 88.9045
2026-07-10 10:15:02 | Validation loss decreased (0.296023 --> 0.294703) in epoch (68). Saving model ...
2026-07-10 10:15:09 | TestSub: S12 | Epoch 69/100 Finsh | Now_lr 0.0005/0.0005 | Train Loss 0.3752 | Valid Loss 0.2997 | Train Acc 82.8862 | Valid Acc 88.3778
2026-07-10 10:15:15 | TestSub: S12 | Epoch 70/100 Finsh | Now_lr 0.0005/0.0005 | Train Loss 0.3703 | Valid Loss 0.2972 | Train Acc 83.1033 | Valid Acc 88.4129
2026-07-10 10:15:22 | TestSub: S12 | Epoch 71/100 Finsh | Now_lr 0.0005/0.0005 | Train Loss 0.3693 | Valid Loss 0.2930 | Train Acc 83.2196 | Valid Acc 88.3778
2026-07-10 10:15:22 | Validation loss decreased (0.294703 --> 0.292954) in epoch (71). Saving model ...
2026-07-10 10:15:28 | TestSub: S12 | Epoch 72/100 Finsh | Now_lr 0.0005/0.0005 | Train Loss 0.3696 | Valid Loss 0.2964 | Train Acc 83.1149 | Valid Acc 88.7289
2026-07-10 10:15:35 | TestSub: S12 | Epoch 73/100 Finsh | Now_lr 0.0005/0.0005 | Train Loss 0.3674 | Valid Loss 0.2938 | Train Acc 83.4522 | Valid Acc 88.7992
2026-07-10 10:15:41 | TestSub: S12 | Epoch 74/100 Finsh | Now_lr 0.0005/0.0005 | Train Loss 0.3714 | Valid Loss 0.2930 | Train Acc 83.0917 | Valid Acc 88.6236
2026-07-10 10:15:48 | TestSub: S12 | Epoch 75/100 Finsh | Now_lr 0.0005/0.0005 | Train Loss 0.3700 | Valid Loss 0.2934 | Train Acc 83.3204 | Valid Acc 88.0267
2026-07-10 10:15:54 | TestSub: S12 | Epoch 76/100 Finsh | Now_lr 0.0005/0.0005 | Train Loss 0.3663 | Valid Loss 0.2979 | Train Acc 83.3010 | Valid Acc 88.1671
2026-07-10 10:16:01 | TestSub: S12 | Epoch 77/100 Finsh | Now_lr 0.0005/0.0005 | Train Loss 0.3677 | Valid Loss 0.2884 | Train Acc 83.2157 | Valid Acc 88.8343
2026-07-10 10:16:01 | Validation loss decreased (0.292954 --> 0.288353) in epoch (77). Saving model ...
2026-07-10 10:16:07 | TestSub: S12 | Epoch 78/100 Finsh | Now_lr 0.0005/0.0005 | Train Loss 0.3674 | Valid Loss 0.2948 | Train Acc 83.2002 | Valid Acc 88.3778
2026-07-10 10:16:14 | TestSub: S12 | Epoch 79/100 Finsh | Now_lr 0.0005/0.0005 | Train Loss 0.3663 | Valid Loss 0.2954 | Train Acc 83.2467 | Valid Acc 88.3427
2026-07-10 10:16:20 | TestSub: S12 | Epoch 80/100 Finsh | Now_lr 0.0005/0.0005 | Train Loss 0.3608 | Valid Loss 0.2911 | Train Acc 83.8981 | Valid Acc 88.6938
2026-07-10 10:16:25 | TestSub: S12 | Epoch 81/100 Finsh | Now_lr 0.0005/0.0005 | Train Loss 0.3645 | Valid Loss 0.2876 | Train Acc 83.4600 | Valid Acc 88.8694
2026-07-10 10:16:25 | Validation loss decreased (0.288353 --> 0.287636) in epoch (81). Saving model ...
2026-07-10 10:16:31 | TestSub: S12 | Epoch 82/100 Finsh | Now_lr 0.0005/0.0005 | Train Loss 0.3638 | Valid Loss 0.2875 | Train Acc 83.5647 | Valid Acc 88.9045
2026-07-10 10:16:31 | Validation loss decreased (0.287636 --> 0.287517) in epoch (82). Saving model ...
2026-07-10 10:16:37 | TestSub: S12 | Epoch 83/100 Finsh | Now_lr 0.0005/0.0005 | Train Loss 0.3657 | Valid Loss 0.2951 | Train Acc 83.6810 | Valid Acc 87.7809
2026-07-10 10:16:44 | TestSub: S12 | Epoch 84/100 Finsh | Now_lr 0.0005/0.0005 | Train Loss 0.3691 | Valid Loss 0.2909 | Train Acc 83.2894 | Valid Acc 88.6938
2026-07-10 10:16:50 | TestSub: S12 | Epoch 85/100 Finsh | Now_lr 0.0005/0.0005 | Train Loss 0.3674 | Valid Loss 0.2874 | Train Acc 83.3553 | Valid Acc 88.5885
2026-07-10 10:16:50 | Validation loss decreased (0.287517 --> 0.287415) in epoch (85). Saving model ...
2026-07-10 10:16:57 | TestSub: S12 | Epoch 86/100 Finsh | Now_lr 0.0005/0.0005 | Train Loss 0.3606 | Valid Loss 0.2869 | Train Acc 83.4677 | Valid Acc 88.5885
2026-07-10 10:16:57 | Validation loss decreased (0.287415 --> 0.286911) in epoch (86). Saving model ...
2026-07-10 10:17:03 | TestSub: S12 | Epoch 87/100 Finsh | Now_lr 0.0005/0.0005 | Train Loss 0.3674 | Valid Loss 0.2923 | Train Acc 83.1266 | Valid Acc 88.5885
2026-07-10 10:17:10 | TestSub: S12 | Epoch 88/100 Finsh | Now_lr 0.0005/0.0005 | Train Loss 0.3641 | Valid Loss 0.3007 | Train Acc 83.4600 | Valid Acc 87.7809
2026-07-10 10:17:16 | TestSub: S12 | Epoch 89/100 Finsh | Now_lr 0.0005/0.0005 | Train Loss 0.3664 | Valid Loss 0.2890 | Train Acc 83.5143 | Valid Acc 88.7992
2026-07-10 10:17:23 | TestSub: S12 | Epoch 90/100 Finsh | Now_lr 0.0005/0.0005 | Train Loss 0.3678 | Valid Loss 0.2843 | Train Acc 83.1963 | Valid Acc 88.9396
2026-07-10 10:17:23 | Validation loss decreased (0.286911 --> 0.284325) in epoch (90). Saving model ...
2026-07-10 10:17:29 | TestSub: S12 | Epoch 91/100 Finsh | Now_lr 0.0005/0.0005 | Train Loss 0.3628 | Valid Loss 0.2887 | Train Acc 83.4057 | Valid Acc 88.7640
2026-07-10 10:17:36 | TestSub: S12 | Epoch 92/100 Finsh | Now_lr 0.0005/0.0005 | Train Loss 0.3642 | Valid Loss 0.2975 | Train Acc 83.2855 | Valid Acc 88.0267
2026-07-10 10:17:42 | TestSub: S12 | Epoch 93/100 Finsh | Now_lr 0.0005/0.0005 | Train Loss 0.3673 | Valid Loss 0.2854 | Train Acc 83.5608 | Valid Acc 89.0449
2026-07-10 10:17:49 | TestSub: S12 | Epoch 94/100 Finsh | Now_lr 0.0005/0.0005 | Train Loss 0.3598 | Valid Loss 0.2846 | Train Acc 83.7702 | Valid Acc 89.0801
2026-07-10 10:17:55 | TestSub: S12 | Epoch 95/100 Finsh | Now_lr 0.0005/0.0005 | Train Loss 0.3649 | Valid Loss 0.2842 | Train Acc 83.4484 | Valid Acc 89.2907
2026-07-10 10:17:55 | Validation loss decreased (0.284325 --> 0.284158) in epoch (95). Saving model ...
2026-07-10 10:18:01 | TestSub: S12 | Epoch 96/100 Finsh | Now_lr 0.0005/0.0005 | Train Loss 0.3658 | Valid Loss 0.2827 | Train Acc 83.4833 | Valid Acc 89.2205
2026-07-10 10:18:01 | Validation loss decreased (0.284158 --> 0.282698) in epoch (96). Saving model ...
2026-07-10 10:18:07 | TestSub: S12 | Epoch 97/100 Finsh | Now_lr 0.0005/0.0005 | Train Loss 0.3623 | Valid Loss 0.2844 | Train Acc 83.4096 | Valid Acc 89.0801
2026-07-10 10:18:12 | TestSub: S12 | Epoch 98/100 Finsh | Now_lr 0.0005/0.0005 | Train Loss 0.3623 | Valid Loss 0.2885 | Train Acc 83.4716 | Valid Acc 88.6938
2026-07-10 10:18:18 | TestSub: S12 | Epoch 99/100 Finsh | Now_lr 0.0005/0.0005 | Train Loss 0.3584 | Valid Loss 0.2818 | Train Acc 83.7198 | Valid Acc 89.1854
2026-07-10 10:18:18 | Validation loss decreased (0.282698 --> 0.281767) in epoch (99). Saving model ...
2026-07-10 10:18:23 | TestSub: S12 | Epoch 100/100 Finsh | Now_lr 0.0005/0.0005 | Train Loss 0.3624 | Valid Loss 0.2824 | Train Acc 83.5181 | Valid Acc 89.2556
2026-07-10 10:18:23 | --------------------------------------------------
2026-07-10 10:18:23 | Test_Subject :S12 | Best epoch:99 | Test Loss:0.3317 | Savemodel Acc 85.9530
2026-07-10 10:18:23 | --------------------------------------------------
2026-07-10 10:18:23 | Best epoch: 99 | Test acc: 85.9530
