2026-07-10 10:00:20 | Logging started: ./writer/Subject_dependent_AAD/DTU/0.1s/result//Train0.1s_sub11.log
2026-07-10 10:00:21 | Sub_id: 11
2026-07-10 10:00:28 | TestSub: S11 | Epoch  1/100 Finsh | Now_lr 0.0005/0.0005 | Train Loss 0.6535 | Valid Loss 0.6096 | Train Acc 62.6279 | Valid Acc 66.7837
2026-07-10 10:00:28 | Validation loss decreased (inf --> 0.609561) in epoch (1). Saving model ...
2026-07-10 10:00:34 | TestSub: S11 | Epoch  2/100 Finsh | Now_lr 0.0005/0.0005 | Train Loss 0.6085 | Valid Loss 0.5727 | Train Acc 67.4783 | Valid Acc 69.4874
2026-07-10 10:00:34 | Validation loss decreased (0.609561 --> 0.572700) in epoch (2). Saving model ...
2026-07-10 10:00:39 | TestSub: S11 | Epoch  3/100 Finsh | Now_lr 0.0005/0.0005 | Train Loss 0.5906 | Valid Loss 0.5713 | Train Acc 69.1300 | Valid Acc 70.2598
2026-07-10 10:00:39 | Validation loss decreased (0.572700 --> 0.571328) in epoch (3). Saving model ...
2026-07-10 10:00:45 | TestSub: S11 | Epoch  4/100 Finsh | Now_lr 0.0005/0.0005 | Train Loss 0.5753 | Valid Loss 0.5536 | Train Acc 70.1574 | Valid Acc 71.2781
2026-07-10 10:00:45 | Validation loss decreased (0.571328 --> 0.553583) in epoch (4). Saving model ...
2026-07-10 10:00:50 | TestSub: S11 | Epoch  5/100 Finsh | Now_lr 0.0005/0.0005 | Train Loss 0.5677 | Valid Loss 0.5495 | Train Acc 70.9057 | Valid Acc 70.9270
2026-07-10 10:00:50 | Validation loss decreased (0.553583 --> 0.549498) in epoch (5). Saving model ...
2026-07-10 10:00:56 | TestSub: S11 | Epoch  6/100 Finsh | Now_lr 0.0005/0.0005 | Train Loss 0.5586 | Valid Loss 0.5364 | Train Acc 71.5028 | Valid Acc 72.1559
2026-07-10 10:00:56 | Validation loss decreased (0.549498 --> 0.536410) in epoch (6). Saving model ...
2026-07-10 10:01:01 | TestSub: S11 | Epoch  7/100 Finsh | Now_lr 0.0005/0.0005 | Train Loss 0.5470 | Valid Loss 0.5176 | Train Acc 72.1891 | Valid Acc 73.8413
2026-07-10 10:01:01 | Validation loss decreased (0.536410 --> 0.517557) in epoch (7). Saving model ...
2026-07-10 10:01:07 | TestSub: S11 | Epoch  8/100 Finsh | Now_lr 0.0005/0.0005 | Train Loss 0.5425 | Valid Loss 0.5054 | Train Acc 72.7978 | Valid Acc 75.5267
2026-07-10 10:01:07 | Validation loss decreased (0.517557 --> 0.505440) in epoch (8). Saving model ...
2026-07-10 10:01:13 | TestSub: S11 | Epoch  9/100 Finsh | Now_lr 0.0005/0.0005 | Train Loss 0.5403 | Valid Loss 0.5071 | Train Acc 72.6155 | Valid Acc 76.0183
2026-07-10 10:01:18 | TestSub: S11 | Epoch 10/100 Finsh | Now_lr 0.0005/0.0005 | Train Loss 0.5310 | Valid Loss 0.4966 | Train Acc 73.5771 | Valid Acc 76.3343
2026-07-10 10:01:18 | Validation loss decreased (0.505440 --> 0.496593) in epoch (10). Saving model ...
2026-07-10 10:01:24 | TestSub: S11 | Epoch 11/100 Finsh | Now_lr 0.0005/0.0005 | Train Loss 0.5337 | Valid Loss 0.5198 | Train Acc 73.3328 | Valid Acc 74.2626
2026-07-10 10:01:29 | TestSub: S11 | Epoch 12/100 Finsh | Now_lr 0.0005/0.0005 | Train Loss 0.5266 | Valid Loss 0.4928 | Train Acc 73.6507 | Valid Acc 75.7725
2026-07-10 10:01:29 | Validation loss decreased (0.496593 --> 0.492835) in epoch (12). Saving model ...
2026-07-10 10:01:35 | TestSub: S11 | Epoch 13/100 Finsh | Now_lr 0.0005/0.0005 | Train Loss 0.5220 | Valid Loss 0.4924 | Train Acc 73.7050 | Valid Acc 76.1938
2026-07-10 10:01:35 | Validation loss decreased (0.492835 --> 0.492370) in epoch (13). Saving model ...
2026-07-10 10:01:40 | TestSub: S11 | Epoch 14/100 Finsh | Now_lr 0.0005/0.0005 | Train Loss 0.5189 | Valid Loss 0.4834 | Train Acc 74.0695 | Valid Acc 76.2992
2026-07-10 10:01:40 | Validation loss decreased (0.492370 --> 0.483385) in epoch (14). Saving model ...
2026-07-10 10:01:46 | TestSub: S11 | Epoch 15/100 Finsh | Now_lr 0.0005/0.0005 | Train Loss 0.5169 | Valid Loss 0.4909 | Train Acc 74.3215 | Valid Acc 76.1587
2026-07-10 10:01:51 | TestSub: S11 | Epoch 16/100 Finsh | Now_lr 0.0005/0.0005 | Train Loss 0.5142 | Valid Loss 0.4660 | Train Acc 74.2944 | Valid Acc 78.0899
2026-07-10 10:01:51 | Validation loss decreased (0.483385 --> 0.466015) in epoch (16). Saving model ...
2026-07-10 10:01:57 | TestSub: S11 | Epoch 17/100 Finsh | Now_lr 0.0005/0.0005 | Train Loss 0.5132 | Valid Loss 0.4713 | Train Acc 74.2323 | Valid Acc 77.5983
2026-07-10 10:02:03 | TestSub: S11 | Epoch 18/100 Finsh | Now_lr 0.0005/0.0005 | Train Loss 0.5096 | Valid Loss 0.4650 | Train Acc 74.8449 | Valid Acc 78.3006
2026-07-10 10:02:03 | Validation loss decreased (0.466015 --> 0.465029) in epoch (18). Saving model ...
2026-07-10 10:02:08 | TestSub: S11 | Epoch 19/100 Finsh | Now_lr 0.0005/0.0005 | Train Loss 0.5107 | Valid Loss 0.4820 | Train Acc 74.8372 | Valid Acc 76.0885
2026-07-10 10:02:14 | TestSub: S11 | Epoch 20/100 Finsh | Now_lr 0.0005/0.0005 | Train Loss 0.5061 | Valid Loss 0.4836 | Train Acc 74.9031 | Valid Acc 79.4944
2026-07-10 10:02:19 | TestSub: S11 | Epoch 21/100 Finsh | Now_lr 0.0005/0.0005 | Train Loss 0.5057 | Valid Loss 0.4707 | Train Acc 74.8914 | Valid Acc 77.9494
2026-07-10 10:02:25 | TestSub: S11 | Epoch 22/100 Finsh | Now_lr 0.0005/0.0005 | Train Loss 0.5022 | Valid Loss 0.4699 | Train Acc 74.9496 | Valid Acc 77.8441
2026-07-10 10:02:30 | TestSub: S11 | Epoch 23/100 Finsh | Now_lr 0.0005/0.0005 | Train Loss 0.5021 | Valid Loss 0.4827 | Train Acc 75.3916 | Valid Acc 76.6152
2026-07-10 10:02:36 | TestSub: S11 | Epoch 24/100 Finsh | Now_lr 0.0005/0.0005 | Train Loss 0.4991 | Valid Loss 0.4663 | Train Acc 75.4653 | Valid Acc 77.1067
2026-07-10 10:02:41 | TestSub: S11 | Epoch 25/100 Finsh | Now_lr 0.0005/0.0005 | Train Loss 0.5019 | Valid Loss 0.4643 | Train Acc 75.3606 | Valid Acc 79.9157
2026-07-10 10:02:41 | Validation loss decreased (0.465029 --> 0.464289) in epoch (25). Saving model ...
2026-07-10 10:02:47 | TestSub: S11 | Epoch 26/100 Finsh | Now_lr 0.0005/0.0005 | Train Loss 0.4945 | Valid Loss 0.4683 | Train Acc 75.5738 | Valid Acc 79.2135
2026-07-10 10:02:52 | TestSub: S11 | Epoch 27/100 Finsh | Now_lr 0.0005/0.0005 | Train Loss 0.4942 | Valid Loss 0.4569 | Train Acc 75.6669 | Valid Acc 78.7570
2026-07-10 10:02:52 | Validation loss decreased (0.464289 --> 0.456920) in epoch (27). Saving model ...
2026-07-10 10:02:58 | TestSub: S11 | Epoch 28/100 Finsh | Now_lr 0.0005/0.0005 | Train Loss 0.4883 | Valid Loss 0.4542 | Train Acc 76.1127 | Valid Acc 78.4059
2026-07-10 10:02:58 | Validation loss decreased (0.456920 --> 0.454188) in epoch (28). Saving model ...
2026-07-10 10:03:04 | TestSub: S11 | Epoch 29/100 Finsh | Now_lr 0.0005/0.0005 | Train Loss 0.4938 | Valid Loss 0.4625 | Train Acc 75.6048 | Valid Acc 77.4228
2026-07-10 10:03:10 | TestSub: S11 | Epoch 30/100 Finsh | Now_lr 0.0005/0.0005 | Train Loss 0.4915 | Valid Loss 0.4492 | Train Acc 76.0352 | Valid Acc 78.9326
2026-07-10 10:03:10 | Validation loss decreased (0.454188 --> 0.449220) in epoch (30). Saving model ...
2026-07-10 10:03:17 | TestSub: S11 | Epoch 31/100 Finsh | Now_lr 0.0005/0.0005 | Train Loss 0.4908 | Valid Loss 0.4570 | Train Acc 75.7560 | Valid Acc 78.0899
2026-07-10 10:03:23 | TestSub: S11 | Epoch 32/100 Finsh | Now_lr 0.0005/0.0005 | Train Loss 0.4901 | Valid Loss 0.4649 | Train Acc 75.5855 | Valid Acc 78.1250
2026-07-10 10:03:30 | TestSub: S11 | Epoch 33/100 Finsh | Now_lr 0.0005/0.0005 | Train Loss 0.4892 | Valid Loss 0.4559 | Train Acc 76.4190 | Valid Acc 80.6180
2026-07-10 10:03:36 | TestSub: S11 | Epoch 34/100 Finsh | Now_lr 0.0005/0.0005 | Train Loss 0.4927 | Valid Loss 0.4573 | Train Acc 76.0623 | Valid Acc 77.8792
2026-07-10 10:03:42 | TestSub: S11 | Epoch 35/100 Finsh | Now_lr 0.0005/0.0005 | Train Loss 0.4871 | Valid Loss 0.4441 | Train Acc 76.2678 | Valid Acc 79.0028
2026-07-10 10:03:42 | Validation loss decreased (0.449220 --> 0.444109) in epoch (35). Saving model ...
2026-07-10 10:03:48 | TestSub: S11 | Epoch 36/100 Finsh | Now_lr 0.0005/0.0005 | Train Loss 0.4832 | Valid Loss 0.4631 | Train Acc 76.0468 | Valid Acc 78.4410
2026-07-10 10:03:55 | TestSub: S11 | Epoch 37/100 Finsh | Now_lr 0.0005/0.0005 | Train Loss 0.4864 | Valid Loss 0.4519 | Train Acc 76.0391 | Valid Acc 79.3539
2026-07-10 10:04:02 | TestSub: S11 | Epoch 38/100 Finsh | Now_lr 0.0005/0.0005 | Train Loss 0.4829 | Valid Loss 0.4410 | Train Acc 76.2136 | Valid Acc 81.1447
2026-07-10 10:04:02 | Validation loss decreased (0.444109 --> 0.440985) in epoch (38). Saving model ...
2026-07-10 10:04:08 | TestSub: S11 | Epoch 39/100 Finsh | Now_lr 0.0005/0.0005 | Train Loss 0.4828 | Valid Loss 0.4374 | Train Acc 76.1476 | Valid Acc 79.9860
2026-07-10 10:04:08 | Validation loss decreased (0.440985 --> 0.437407) in epoch (39). Saving model ...
2026-07-10 10:04:15 | TestSub: S11 | Epoch 40/100 Finsh | Now_lr 0.0005/0.0005 | Train Loss 0.4804 | Valid Loss 0.4406 | Train Acc 76.5547 | Valid Acc 79.7051
2026-07-10 10:04:21 | TestSub: S11 | Epoch 41/100 Finsh | Now_lr 0.0005/0.0005 | Train Loss 0.4843 | Valid Loss 0.4477 | Train Acc 76.4927 | Valid Acc 80.5126
2026-07-10 10:04:27 | TestSub: S11 | Epoch 42/100 Finsh | Now_lr 0.0005/0.0005 | Train Loss 0.4802 | Valid Loss 0.4355 | Train Acc 76.4656 | Valid Acc 80.7584
2026-07-10 10:04:27 | Validation loss decreased (0.437407 --> 0.435530) in epoch (42). Saving model ...
2026-07-10 10:04:33 | TestSub: S11 | Epoch 43/100 Finsh | Now_lr 0.0005/0.0005 | Train Loss 0.4828 | Valid Loss 0.4578 | Train Acc 76.6517 | Valid Acc 77.3174
2026-07-10 10:04:40 | TestSub: S11 | Epoch 44/100 Finsh | Now_lr 0.0005/0.0005 | Train Loss 0.4793 | Valid Loss 0.4431 | Train Acc 76.9192 | Valid Acc 79.5646
2026-07-10 10:04:47 | TestSub: S11 | Epoch 45/100 Finsh | Now_lr 0.0005/0.0005 | Train Loss 0.4814 | Valid Loss 0.4357 | Train Acc 76.3415 | Valid Acc 81.2500
2026-07-10 10:04:53 | TestSub: S11 | Epoch 46/100 Finsh | Now_lr 0.0005/0.0005 | Train Loss 0.4776 | Valid Loss 0.4380 | Train Acc 76.8804 | Valid Acc 80.9691
2026-07-10 10:05:00 | TestSub: S11 | Epoch 47/100 Finsh | Now_lr 0.0005/0.0005 | Train Loss 0.4776 | Valid Loss 0.4447 | Train Acc 76.6788 | Valid Acc 79.2135
2026-07-10 10:05:06 | TestSub: S11 | Epoch 48/100 Finsh | Now_lr 0.0005/0.0005 | Train Loss 0.4779 | Valid Loss 0.4371 | Train Acc 76.4966 | Valid Acc 80.6531
2026-07-10 10:05:13 | TestSub: S11 | Epoch 49/100 Finsh | Now_lr 0.0005/0.0005 | Train Loss 0.4748 | Valid Loss 0.4381 | Train Acc 76.7060 | Valid Acc 80.4775
2026-07-10 10:05:19 | TestSub: S11 | Epoch 50/100 Finsh | Now_lr 0.0005/0.0005 | Train Loss 0.4768 | Valid Loss 0.4390 | Train Acc 76.7835 | Valid Acc 80.3722
2026-07-10 10:05:26 | TestSub: S11 | Epoch 51/100 Finsh | Now_lr 0.0005/0.0005 | Train Loss 0.4735 | Valid Loss 0.4414 | Train Acc 76.9851 | Valid Acc 81.4607
2026-07-10 10:05:32 | TestSub: S11 | Epoch 52/100 Finsh | Now_lr 0.0005/0.0005 | Train Loss 0.4748 | Valid Loss 0.4278 | Train Acc 77.0084 | Valid Acc 80.9691
2026-07-10 10:05:32 | Validation loss decreased (0.435530 --> 0.427836) in epoch (52). Saving model ...
2026-07-10 10:05:39 | TestSub: S11 | Epoch 53/100 Finsh | Now_lr 0.0005/0.0005 | Train Loss 0.4761 | Valid Loss 0.4345 | Train Acc 76.8610 | Valid Acc 80.6882
2026-07-10 10:05:45 | TestSub: S11 | Epoch 54/100 Finsh | Now_lr 0.0005/0.0005 | Train Loss 0.4691 | Valid Loss 0.4423 | Train Acc 76.9851 | Valid Acc 79.0730
2026-07-10 10:05:52 | TestSub: S11 | Epoch 55/100 Finsh | Now_lr 0.0005/0.0005 | Train Loss 0.4743 | Valid Loss 0.4465 | Train Acc 77.3379 | Valid Acc 79.6348
2026-07-10 10:05:58 | TestSub: S11 | Epoch 56/100 Finsh | Now_lr 0.0005/0.0005 | Train Loss 0.4709 | Valid Loss 0.4544 | Train Acc 77.2953 | Valid Acc 80.4073
2026-07-10 10:06:05 | TestSub: S11 | Epoch 57/100 Finsh | Now_lr 0.0005/0.0005 | Train Loss 0.4737 | Valid Loss 0.4196 | Train Acc 76.8106 | Valid Acc 81.3904
2026-07-10 10:06:05 | Validation loss decreased (0.427836 --> 0.419585) in epoch (57). Saving model ...
2026-07-10 10:06:11 | TestSub: S11 | Epoch 58/100 Finsh | Now_lr 0.0005/0.0005 | Train Loss 0.4735 | Valid Loss 0.4302 | Train Acc 77.2410 | Valid Acc 80.4775
2026-07-10 10:06:18 | TestSub: S11 | Epoch 59/100 Finsh | Now_lr 0.0005/0.0005 | Train Loss 0.4710 | Valid Loss 0.4399 | Train Acc 77.2255 | Valid Acc 80.5829
2026-07-10 10:06:24 | TestSub: S11 | Epoch 60/100 Finsh | Now_lr 0.0005/0.0005 | Train Loss 0.4723 | Valid Loss 0.4452 | Train Acc 76.9425 | Valid Acc 78.9326
2026-07-10 10:06:30 | TestSub: S11 | Epoch 61/100 Finsh | Now_lr 0.0005/0.0005 | Train Loss 0.4714 | Valid Loss 0.4329 | Train Acc 77.0433 | Valid Acc 79.7051
2026-07-10 10:06:37 | TestSub: S11 | Epoch 62/100 Finsh | Now_lr 0.0005/0.0005 | Train Loss 0.4673 | Valid Loss 0.4320 | Train Acc 77.4077 | Valid Acc 80.6180
2026-07-10 10:06:43 | TestSub: S11 | Epoch 63/100 Finsh | Now_lr 0.0005/0.0005 | Train Loss 0.4645 | Valid Loss 0.4382 | Train Acc 77.4038 | Valid Acc 79.4593
2026-07-10 10:06:50 | TestSub: S11 | Epoch 64/100 Finsh | Now_lr 0.0005/0.0005 | Train Loss 0.4696 | Valid Loss 0.4330 | Train Acc 77.3418 | Valid Acc 80.4073
2026-07-10 10:06:56 | TestSub: S11 | Epoch 65/100 Finsh | Now_lr 0.0005/0.0005 | Train Loss 0.4711 | Valid Loss 0.4294 | Train Acc 77.3612 | Valid Acc 80.0562
2026-07-10 10:07:03 | TestSub: S11 | Epoch 66/100 Finsh | Now_lr 0.0005/0.0005 | Train Loss 0.4648 | Valid Loss 0.4329 | Train Acc 77.5551 | Valid Acc 80.6180
2026-07-10 10:07:09 | TestSub: S11 | Epoch 67/100 Finsh | Now_lr 0.0005/0.0005 | Train Loss 0.4694 | Valid Loss 0.4385 | Train Acc 77.1014 | Valid Acc 80.5478
2026-07-10 10:07:16 | TestSub: S11 | Epoch 68/100 Finsh | Now_lr 0.0005/0.0005 | Train Loss 0.4635 | Valid Loss 0.4234 | Train Acc 77.5783 | Valid Acc 81.8118
2026-07-10 10:07:22 | TestSub: S11 | Epoch 69/100 Finsh | Now_lr 0.0005/0.0005 | Train Loss 0.4625 | Valid Loss 0.4429 | Train Acc 77.4969 | Valid Acc 79.4242
2026-07-10 10:07:28 | TestSub: S11 | Epoch 70/100 Finsh | Now_lr 0.0005/0.0005 | Train Loss 0.4624 | Valid Loss 0.4318 | Train Acc 77.7644 | Valid Acc 80.0211
2026-07-10 10:07:35 | TestSub: S11 | Epoch 71/100 Finsh | Now_lr 0.0005/0.0005 | Train Loss 0.4692 | Valid Loss 0.4354 | Train Acc 77.1324 | Valid Acc 80.7935
2026-07-10 10:07:41 | TestSub: S11 | Epoch 72/100 Finsh | Now_lr 0.0005/0.0005 | Train Loss 0.4653 | Valid Loss 0.4275 | Train Acc 77.7450 | Valid Acc 81.0393
2026-07-10 10:07:48 | TestSub: S11 | Epoch 73/100 Finsh | Now_lr 0.0005/0.0005 | Train Loss 0.4676 | Valid Loss 0.4258 | Train Acc 77.3341 | Valid Acc 80.0562
2026-07-10 10:07:54 | TestSub: S11 | Epoch 74/100 Finsh | Now_lr 0.0005/0.0005 | Train Loss 0.4582 | Valid Loss 0.4236 | Train Acc 77.4349 | Valid Acc 82.0225
2026-07-10 10:08:01 | TestSub: S11 | Epoch 75/100 Finsh | Now_lr 0.0005/0.0005 | Train Loss 0.4625 | Valid Loss 0.4325 | Train Acc 77.6248 | Valid Acc 81.2149
2026-07-10 10:08:07 | TestSub: S11 | Epoch 76/100 Finsh | Now_lr 0.0005/0.0005 | Train Loss 0.4628 | Valid Loss 0.4336 | Train Acc 77.5783 | Valid Acc 81.9874
2026-07-10 10:08:13 | TestSub: S11 | Epoch 77/100 Finsh | Now_lr 0.0005/0.0005 | Train Loss 0.4642 | Valid Loss 0.4220 | Train Acc 77.4504 | Valid Acc 81.3202
2026-07-10 10:08:19 | TestSub: S11 | Epoch 78/100 Finsh | Now_lr 0.0005/0.0005 | Train Loss 0.4605 | Valid Loss 0.4259 | Train Acc 77.4232 | Valid Acc 81.1798
2026-07-10 10:08:19 | Early stopping at epoch 78!
2026-07-10 10:08:19 | --------------------------------------------------
2026-07-10 10:08:19 | Test_Subject :S11 | Best epoch:57 | Test Loss:0.5944 | Savemodel Acc 70.3589
2026-07-10 10:08:19 | --------------------------------------------------
2026-07-10 10:08:19 | Best epoch: 57 | Test acc: 70.3589
