2026-07-15 06:21:49 | Logging started: ./writer/Subject_independent_AAD/KUL/5.0s/result//Train5.0s_sub6.log
2026-07-15 06:23:44 | TestSub: S6 | Epoch  1/100 Finsh | Now_lr 0.0005/0.0005 | Train Loss 0.6092 | Valid Loss 0.7967 | Train Acc 66.3696 | Valid Acc 61.5513
2026-07-15 06:24:17 | TestSub: S6 | Epoch  2/100 Finsh | Now_lr 0.0005/0.0005 | Train Loss 0.5398 | Valid Loss 1.0154 | Train Acc 72.4985 | Valid Acc 61.1607
2026-07-15 06:24:46 | TestSub: S6 | Epoch  3/100 Finsh | Now_lr 0.0005/0.0005 | Train Loss 0.5174 | Valid Loss 0.9489 | Train Acc 73.9767 | Valid Acc 58.3147
2026-07-15 06:25:18 | TestSub: S6 | Epoch  4/100 Finsh | Now_lr 0.0005/0.0005 | Train Loss 0.5020 | Valid Loss 1.1693 | Train Acc 74.9303 | Valid Acc 61.4955
2026-07-15 06:25:48 | TestSub: S6 | Epoch  5/100 Finsh | Now_lr 0.0005/0.0005 | Train Loss 0.4859 | Valid Loss 1.1211 | Train Acc 75.8253 | Valid Acc 59.3750
2026-07-15 06:26:19 | TestSub: S6 | Epoch  6/100 Finsh | Now_lr 0.0005/0.0005 | Train Loss 0.4716 | Valid Loss 1.0118 | Train Acc 76.8413 | Valid Acc 60.9933
2026-07-15 06:26:52 | TestSub: S6 | Epoch  7/100 Finsh | Now_lr 0.0005/0.0005 | Train Loss 0.4614 | Valid Loss 1.1085 | Train Acc 77.3474 | Valid Acc 60.3795
2026-07-15 06:27:21 | TestSub: S6 | Epoch  8/100 Finsh | Now_lr 0.0005/0.0005 | Train Loss 0.4510 | Valid Loss 1.4170 | Train Acc 78.1910 | Valid Acc 60.0446
2026-07-15 06:27:50 | TestSub: S6 | Epoch  9/100 Finsh | Now_lr 0.0005/0.0005 | Train Loss 0.4440 | Valid Loss 1.3888 | Train Acc 78.5285 | Valid Acc 58.8170
2026-07-15 06:28:30 | TestSub: S6 | Epoch 10/100 Finsh | Now_lr 0.0005/0.0005 | Train Loss 0.4357 | Valid Loss 1.3585 | Train Acc 79.0383 | Valid Acc 57.8683
2026-07-15 06:29:00 | TestSub: S6 | Epoch 11/100 Finsh | Now_lr 0.0005/0.0005 | Train Loss 0.4306 | Valid Loss 1.1748 | Train Acc 79.2070 | Valid Acc 60.5469
2026-07-15 06:29:31 | TestSub: S6 | Epoch 12/100 Finsh | Now_lr 0.0005/0.0005 | Train Loss 0.4240 | Valid Loss 1.2757 | Train Acc 79.8636 | Valid Acc 61.2165
2026-07-15 06:30:00 | TestSub: S6 | Epoch 13/100 Finsh | Now_lr 0.0005/0.0005 | Train Loss 0.4144 | Valid Loss 1.2788 | Train Acc 80.2780 | Valid Acc 61.8304
2026-07-15 06:30:28 | TestSub: S6 | Epoch 14/100 Finsh | Now_lr 0.0005/0.0005 | Train Loss 0.4085 | Valid Loss 1.2558 | Train Acc 80.8502 | Valid Acc 61.8862
2026-07-15 06:30:58 | TestSub: S6 | Epoch 15/100 Finsh | Now_lr 0.0005/0.0005 | Train Loss 0.4032 | Valid Loss 1.4061 | Train Acc 81.1656 | Valid Acc 60.6585
2026-07-15 06:31:28 | TestSub: S6 | Epoch 16/100 Finsh | Now_lr 0.0005/0.0005 | Train Loss 0.3980 | Valid Loss 1.3888 | Train Acc 81.6351 | Valid Acc 60.4911
2026-07-15 06:32:04 | TestSub: S6 | Epoch 17/100 Finsh | Now_lr 0.0005/0.0005 | Train Loss 0.4000 | Valid Loss 1.3380 | Train Acc 81.4407 | Valid Acc 60.0446
2026-07-15 06:32:38 | TestSub: S6 | Epoch 18/100 Finsh | Now_lr 0.0005/0.0005 | Train Loss 0.3928 | Valid Loss 1.4445 | Train Acc 81.5361 | Valid Acc 57.8683
2026-07-15 06:33:10 | TestSub: S6 | Epoch 19/100 Finsh | Now_lr 0.0005/0.0005 | Train Loss 0.3933 | Valid Loss 1.3426 | Train Acc 81.4811 | Valid Acc 60.3237
2026-07-15 06:33:44 | TestSub: S6 | Epoch 20/100 Finsh | Now_lr 0.0005/0.0005 | Train Loss 0.3857 | Valid Loss 1.5434 | Train Acc 82.0863 | Valid Acc 59.6540
2026-07-15 06:34:17 | TestSub: S6 | Epoch 21/100 Finsh | Now_lr 0.0005/0.0005 | Train Loss 0.3797 | Valid Loss 1.6411 | Train Acc 82.4310 | Valid Acc 59.3192
2026-07-15 06:34:46 | TestSub: S6 | Epoch 22/100 Finsh | Now_lr 0.0005/0.0005 | Train Loss 0.3790 | Valid Loss 1.7125 | Train Acc 82.5814 | Valid Acc 58.2031
2026-07-15 06:35:14 | TestSub: S6 | Epoch 23/100 Finsh | Now_lr 0.0005/0.0005 | Train Loss 0.3759 | Valid Loss 1.6407 | Train Acc 82.6915 | Valid Acc 59.8772
2026-07-15 06:35:48 | TestSub: S6 | Epoch 24/100 Finsh | Now_lr 0.0005/0.0005 | Train Loss 0.3736 | Valid Loss 1.6022 | Train Acc 82.7722 | Valid Acc 54.4085
2026-07-15 06:36:18 | TestSub: S6 | Epoch 25/100 Finsh | Now_lr 0.0005/0.0005 | Train Loss 0.3712 | Valid Loss 1.6779 | Train Acc 83.1646 | Valid Acc 58.0915
2026-07-15 06:36:51 | TestSub: S6 | Epoch 26/100 Finsh | Now_lr 0.0005/0.0005 | Train Loss 0.3675 | Valid Loss 1.5771 | Train Acc 83.2123 | Valid Acc 53.5714
2026-07-15 06:37:22 | TestSub: S6 | Epoch 27/100 Finsh | Now_lr 0.0005/0.0005 | Train Loss 0.3666 | Valid Loss 1.7020 | Train Acc 83.4727 | Valid Acc 50.8929
2026-07-15 06:38:03 | TestSub: S6 | Epoch 28/100 Finsh | Now_lr 0.0005/0.0005 | Train Loss 0.3590 | Valid Loss 1.6181 | Train Acc 83.7771 | Valid Acc 53.3482
2026-07-15 06:38:31 | TestSub: S6 | Epoch 29/100 Finsh | Now_lr 0.0005/0.0005 | Train Loss 0.3585 | Valid Loss 1.7128 | Train Acc 83.7185 | Valid Acc 52.4554
2026-07-15 06:39:01 | TestSub: S6 | Epoch 30/100 Finsh | Now_lr 0.0005/0.0005 | Train Loss 0.3554 | Valid Loss 1.6989 | Train Acc 84.0266 | Valid Acc 55.6920
2026-07-15 06:39:38 | TestSub: S6 | Epoch 31/100 Finsh | Now_lr 0.0005/0.0005 | Train Loss 0.3542 | Valid Loss 1.7606 | Train Acc 83.9275 | Valid Acc 53.0692
2026-07-15 06:40:13 | TestSub: S6 | Epoch 32/100 Finsh | Now_lr 0.0005/0.0005 | Train Loss 0.3560 | Valid Loss 1.7964 | Train Acc 83.7295 | Valid Acc 55.5804
2026-07-15 06:40:45 | TestSub: S6 | Epoch 33/100 Finsh | Now_lr 0.0005/0.0005 | Train Loss 0.3546 | Valid Loss 1.8209 | Train Acc 83.9679 | Valid Acc 57.0871
2026-07-15 06:41:18 | TestSub: S6 | Epoch 34/100 Finsh | Now_lr 0.0005/0.0005 | Train Loss 0.3505 | Valid Loss 1.8466 | Train Acc 84.0559 | Valid Acc 56.3616
2026-07-15 06:41:47 | TestSub: S6 | Epoch 35/100 Finsh | Now_lr 0.0005/0.0005 | Train Loss 0.3488 | Valid Loss 1.8016 | Train Acc 84.3640 | Valid Acc 50.7254
2026-07-15 06:41:48 | --------------------------------------------------
2026-07-15 06:41:48 | Test_Subject :S6 | Best epoch:14 | Test Loss:1.2558 | Savemodel Acc 61.8862
2026-07-15 06:41:48 | --------------------------------------------------
2026-07-15 06:41:48 | Best epoch: 14 | Test acc: 61.8862
