2026-07-15 08:45:23 | Logging started: ./writer/Subject_independent_AAD/KUL/5.0s/result//Train5.0s_sub15.log
2026-07-15 08:47:18 | TestSub: S15 | Epoch  1/100 Finsh | Now_lr 0.0005/0.0005 | Train Loss 0.6165 | Valid Loss 0.7843 | Train Acc 65.9368 | Valid Acc 52.9018
2026-07-15 08:47:52 | TestSub: S15 | Epoch  2/100 Finsh | Now_lr 0.0005/0.0005 | Train Loss 0.5513 | Valid Loss 0.9278 | Train Acc 72.0437 | Valid Acc 52.9576
2026-07-15 08:48:23 | TestSub: S15 | Epoch  3/100 Finsh | Now_lr 0.0005/0.0005 | Train Loss 0.5237 | Valid Loss 0.9028 | Train Acc 73.6612 | Valid Acc 54.1295
2026-07-15 08:48:52 | TestSub: S15 | Epoch  4/100 Finsh | Now_lr 0.0005/0.0005 | Train Loss 0.5058 | Valid Loss 1.2875 | Train Acc 74.8423 | Valid Acc 47.2098
2026-07-15 08:49:25 | TestSub: S15 | Epoch  5/100 Finsh | Now_lr 0.0005/0.0005 | Train Loss 0.4906 | Valid Loss 1.1542 | Train Acc 75.9280 | Valid Acc 51.7857
2026-07-15 08:49:57 | TestSub: S15 | Epoch  6/100 Finsh | Now_lr 0.0005/0.0005 | Train Loss 0.4823 | Valid Loss 1.1542 | Train Acc 76.4341 | Valid Acc 53.2366
2026-07-15 08:50:26 | TestSub: S15 | Epoch  7/100 Finsh | Now_lr 0.0005/0.0005 | Train Loss 0.4688 | Valid Loss 1.2358 | Train Acc 77.3034 | Valid Acc 51.7857
2026-07-15 08:50:57 | TestSub: S15 | Epoch  8/100 Finsh | Now_lr 0.0005/0.0005 | Train Loss 0.4586 | Valid Loss 1.2391 | Train Acc 77.8793 | Valid Acc 54.1853
2026-07-15 08:51:26 | TestSub: S15 | Epoch  9/100 Finsh | Now_lr 0.0005/0.0005 | Train Loss 0.4503 | Valid Loss 1.2848 | Train Acc 78.4478 | Valid Acc 50.9487
2026-07-15 08:51:59 | TestSub: S15 | Epoch 10/100 Finsh | Now_lr 0.0005/0.0005 | Train Loss 0.4436 | Valid Loss 1.3876 | Train Acc 78.5541 | Valid Acc 49.9442
2026-07-15 08:52:29 | TestSub: S15 | Epoch 11/100 Finsh | Now_lr 0.0005/0.0005 | Train Loss 0.4336 | Valid Loss 1.3112 | Train Acc 78.9466 | Valid Acc 52.1205
2026-07-15 08:53:13 | TestSub: S15 | Epoch 12/100 Finsh | Now_lr 0.0005/0.0005 | Train Loss 0.4319 | Valid Loss 1.4719 | Train Acc 79.3317 | Valid Acc 47.3772
2026-07-15 08:53:44 | TestSub: S15 | Epoch 13/100 Finsh | Now_lr 0.0005/0.0005 | Train Loss 0.4224 | Valid Loss 1.5327 | Train Acc 79.9332 | Valid Acc 49.7210
2026-07-15 08:54:16 | TestSub: S15 | Epoch 14/100 Finsh | Now_lr 0.0005/0.0005 | Train Loss 0.4158 | Valid Loss 1.6609 | Train Acc 80.3367 | Valid Acc 48.2143
2026-07-15 08:54:45 | TestSub: S15 | Epoch 15/100 Finsh | Now_lr 0.0005/0.0005 | Train Loss 0.4130 | Valid Loss 1.7340 | Train Acc 80.3917 | Valid Acc 43.4152
2026-07-15 08:55:15 | TestSub: S15 | Epoch 16/100 Finsh | Now_lr 0.0005/0.0005 | Train Loss 0.4079 | Valid Loss 1.8864 | Train Acc 80.9566 | Valid Acc 45.3683
2026-07-15 08:55:52 | TestSub: S15 | Epoch 17/100 Finsh | Now_lr 0.0005/0.0005 | Train Loss 0.4036 | Valid Loss 1.7346 | Train Acc 80.8942 | Valid Acc 47.0982
2026-07-15 08:56:36 | TestSub: S15 | Epoch 18/100 Finsh | Now_lr 0.0005/0.0005 | Train Loss 0.4023 | Valid Loss 1.5511 | Train Acc 80.9602 | Valid Acc 46.8750
2026-07-15 08:57:05 | TestSub: S15 | Epoch 19/100 Finsh | Now_lr 0.0005/0.0005 | Train Loss 0.3910 | Valid Loss 2.0438 | Train Acc 81.7415 | Valid Acc 43.9732
2026-07-15 08:57:42 | TestSub: S15 | Epoch 20/100 Finsh | Now_lr 0.0005/0.0005 | Train Loss 0.3940 | Valid Loss 1.9266 | Train Acc 81.5984 | Valid Acc 45.0893
2026-07-15 08:58:24 | TestSub: S15 | Epoch 21/100 Finsh | Now_lr 0.0005/0.0005 | Train Loss 0.3886 | Valid Loss 2.2620 | Train Acc 81.8589 | Valid Acc 41.1830
2026-07-15 08:59:08 | TestSub: S15 | Epoch 22/100 Finsh | Now_lr 0.0005/0.0005 | Train Loss 0.3912 | Valid Loss 1.9394 | Train Acc 81.9029 | Valid Acc 44.6429
2026-07-15 08:59:42 | TestSub: S15 | Epoch 23/100 Finsh | Now_lr 0.0005/0.0005 | Train Loss 0.3852 | Valid Loss 2.0266 | Train Acc 82.0349 | Valid Acc 45.1451
2026-07-15 09:00:31 | TestSub: S15 | Epoch 24/100 Finsh | Now_lr 0.0005/0.0005 | Train Loss 0.3822 | Valid Loss 1.8118 | Train Acc 82.1926 | Valid Acc 43.4710
2026-07-15 09:01:04 | TestSub: S15 | Epoch 25/100 Finsh | Now_lr 0.0005/0.0005 | Train Loss 0.3817 | Valid Loss 1.8880 | Train Acc 82.1853 | Valid Acc 41.5179
2026-07-15 09:01:34 | TestSub: S15 | Epoch 26/100 Finsh | Now_lr 0.0005/0.0005 | Train Loss 0.3774 | Valid Loss 1.9261 | Train Acc 82.4824 | Valid Acc 44.3080
2026-07-15 09:02:03 | TestSub: S15 | Epoch 27/100 Finsh | Now_lr 0.0005/0.0005 | Train Loss 0.3708 | Valid Loss 2.2721 | Train Acc 83.0179 | Valid Acc 43.9174
2026-07-15 09:02:38 | TestSub: S15 | Epoch 28/100 Finsh | Now_lr 0.0005/0.0005 | Train Loss 0.3719 | Valid Loss 1.7086 | Train Acc 82.9886 | Valid Acc 47.4888
2026-07-15 09:03:08 | TestSub: S15 | Epoch 29/100 Finsh | Now_lr 0.0005/0.0005 | Train Loss 0.3718 | Valid Loss 2.0818 | Train Acc 83.0032 | Valid Acc 47.8237
2026-07-15 09:03:08 | --------------------------------------------------
2026-07-15 09:03:08 | Test_Subject :S15 | Best epoch:8 | Test Loss:1.2391 | Savemodel Acc 54.1853
2026-07-15 09:03:08 | --------------------------------------------------
2026-07-15 09:03:08 | Best epoch: 8 | Test acc: 54.1853
