2026-07-15 09:03:08 | Logging started: ./writer/Subject_independent_AAD/KUL/5.0s/result//Train5.0s_sub16.log
2026-07-15 09:04:56 | TestSub: S16 | Epoch  1/100 Finsh | Now_lr 0.0005/0.0005 | Train Loss 0.6135 | Valid Loss 0.6873 | Train Acc 66.2632 | Valid Acc 60.4353
2026-07-15 09:05:29 | TestSub: S16 | Epoch  2/100 Finsh | Now_lr 0.0005/0.0005 | Train Loss 0.5446 | Valid Loss 0.8092 | Train Acc 72.1758 | Valid Acc 46.9308
2026-07-15 09:06:01 | TestSub: S16 | Epoch  3/100 Finsh | Now_lr 0.0005/0.0005 | Train Loss 0.5184 | Valid Loss 0.7521 | Train Acc 73.8043 | Valid Acc 53.1250
2026-07-15 09:06:34 | TestSub: S16 | Epoch  4/100 Finsh | Now_lr 0.0005/0.0005 | Train Loss 0.4992 | Valid Loss 0.7429 | Train Acc 74.9707 | Valid Acc 53.5156
2026-07-15 09:07:11 | TestSub: S16 | Epoch  5/100 Finsh | Now_lr 0.0005/0.0005 | Train Loss 0.4786 | Valid Loss 0.7832 | Train Acc 76.5845 | Valid Acc 52.7344
2026-07-15 09:07:49 | TestSub: S16 | Epoch  6/100 Finsh | Now_lr 0.0005/0.0005 | Train Loss 0.4642 | Valid Loss 0.8132 | Train Acc 77.2337 | Valid Acc 52.3438
2026-07-15 09:08:23 | TestSub: S16 | Epoch  7/100 Finsh | Now_lr 0.0005/0.0005 | Train Loss 0.4545 | Valid Loss 0.7973 | Train Acc 77.9196 | Valid Acc 53.0134
2026-07-15 09:08:58 | TestSub: S16 | Epoch  8/100 Finsh | Now_lr 0.0005/0.0005 | Train Loss 0.4453 | Valid Loss 0.7880 | Train Acc 78.6385 | Valid Acc 53.0692
2026-07-15 09:09:31 | TestSub: S16 | Epoch  9/100 Finsh | Now_lr 0.0005/0.0005 | Train Loss 0.4374 | Valid Loss 0.7966 | Train Acc 79.0786 | Valid Acc 54.6875
2026-07-15 09:10:03 | TestSub: S16 | Epoch 10/100 Finsh | Now_lr 0.0005/0.0005 | Train Loss 0.4293 | Valid Loss 0.7777 | Train Acc 79.4968 | Valid Acc 53.5156
2026-07-15 09:10:37 | TestSub: S16 | Epoch 11/100 Finsh | Now_lr 0.0005/0.0005 | Train Loss 0.4281 | Valid Loss 0.7857 | Train Acc 79.4124 | Valid Acc 54.1853
2026-07-15 09:11:06 | TestSub: S16 | Epoch 12/100 Finsh | Now_lr 0.0005/0.0005 | Train Loss 0.4147 | Valid Loss 0.8367 | Train Acc 80.1717 | Valid Acc 53.1250
2026-07-15 09:11:38 | TestSub: S16 | Epoch 13/100 Finsh | Now_lr 0.0005/0.0005 | Train Loss 0.4113 | Valid Loss 0.8199 | Train Acc 80.3550 | Valid Acc 54.2411
2026-07-15 09:12:06 | TestSub: S16 | Epoch 14/100 Finsh | Now_lr 0.0005/0.0005 | Train Loss 0.4097 | Valid Loss 0.8446 | Train Acc 80.8612 | Valid Acc 52.5112
2026-07-15 09:12:43 | TestSub: S16 | Epoch 15/100 Finsh | Now_lr 0.0005/0.0005 | Train Loss 0.4062 | Valid Loss 0.8725 | Train Acc 80.8539 | Valid Acc 52.4554
2026-07-15 09:13:20 | TestSub: S16 | Epoch 16/100 Finsh | Now_lr 0.0005/0.0005 | Train Loss 0.4029 | Valid Loss 0.8521 | Train Acc 80.9639 | Valid Acc 52.4554
2026-07-15 09:13:57 | TestSub: S16 | Epoch 17/100 Finsh | Now_lr 0.0005/0.0005 | Train Loss 0.3921 | Valid Loss 0.8909 | Train Acc 81.6058 | Valid Acc 52.3996
2026-07-15 09:14:31 | TestSub: S16 | Epoch 18/100 Finsh | Now_lr 0.0005/0.0005 | Train Loss 0.3941 | Valid Loss 0.9139 | Train Acc 81.8185 | Valid Acc 50.3348
2026-07-15 09:15:01 | TestSub: S16 | Epoch 19/100 Finsh | Now_lr 0.0005/0.0005 | Train Loss 0.3915 | Valid Loss 0.9638 | Train Acc 81.7708 | Valid Acc 47.7679
2026-07-15 09:15:30 | TestSub: S16 | Epoch 20/100 Finsh | Now_lr 0.0005/0.0005 | Train Loss 0.3854 | Valid Loss 0.8644 | Train Acc 82.1926 | Valid Acc 53.1808
2026-07-15 09:16:09 | TestSub: S16 | Epoch 21/100 Finsh | Now_lr 0.0005/0.0005 | Train Loss 0.3847 | Valid Loss 0.9692 | Train Acc 82.0312 | Valid Acc 49.3862
2026-07-15 09:16:37 | TestSub: S16 | Epoch 22/100 Finsh | Now_lr 0.0005/0.0005 | Train Loss 0.3815 | Valid Loss 0.9219 | Train Acc 82.2073 | Valid Acc 51.0045
2026-07-15 09:16:37 | --------------------------------------------------
2026-07-15 09:16:37 | Test_Subject :S16 | Best epoch:1 | Test Loss:0.6873 | Savemodel Acc 60.4353
2026-07-15 09:16:37 | --------------------------------------------------
2026-07-15 09:16:37 | Best epoch: 1 | Test acc: 60.4353
