2026-07-15 07:14:20 | Logging started: ./writer/Subject_independent_AAD/KUL/5.0s/result//Train5.0s_sub9.log
2026-07-15 07:16:23 | TestSub: S9 | Epoch  1/100 Finsh | Now_lr 0.0005/0.0005 | Train Loss 0.6120 | Valid Loss 0.7046 | Train Acc 66.3476 | Valid Acc 66.7969
2026-07-15 07:16:55 | TestSub: S9 | Epoch  2/100 Finsh | Now_lr 0.0005/0.0005 | Train Loss 0.5437 | Valid Loss 0.7568 | Train Acc 72.0364 | Valid Acc 68.5268
2026-07-15 07:17:26 | TestSub: S9 | Epoch  3/100 Finsh | Now_lr 0.0005/0.0005 | Train Loss 0.5159 | Valid Loss 0.7187 | Train Acc 73.8080 | Valid Acc 69.9777
2026-07-15 07:17:55 | TestSub: S9 | Epoch  4/100 Finsh | Now_lr 0.0005/0.0005 | Train Loss 0.4969 | Valid Loss 0.7206 | Train Acc 75.1907 | Valid Acc 71.0938
2026-07-15 07:18:25 | TestSub: S9 | Epoch  5/100 Finsh | Now_lr 0.0005/0.0005 | Train Loss 0.4828 | Valid Loss 0.6760 | Train Acc 75.8143 | Valid Acc 71.9866
2026-07-15 07:18:54 | TestSub: S9 | Epoch  6/100 Finsh | Now_lr 0.0005/0.0005 | Train Loss 0.4714 | Valid Loss 0.6424 | Train Acc 76.6285 | Valid Acc 71.3728
2026-07-15 07:19:24 | TestSub: S9 | Epoch  7/100 Finsh | Now_lr 0.0005/0.0005 | Train Loss 0.4582 | Valid Loss 0.6400 | Train Acc 77.6005 | Valid Acc 71.5960
2026-07-15 07:19:58 | TestSub: S9 | Epoch  8/100 Finsh | Now_lr 0.0005/0.0005 | Train Loss 0.4474 | Valid Loss 0.7077 | Train Acc 78.3781 | Valid Acc 72.4888
2026-07-15 07:20:32 | TestSub: S9 | Epoch  9/100 Finsh | Now_lr 0.0005/0.0005 | Train Loss 0.4416 | Valid Loss 0.7079 | Train Acc 78.4698 | Valid Acc 70.8147
2026-07-15 07:21:02 | TestSub: S9 | Epoch 10/100 Finsh | Now_lr 0.0005/0.0005 | Train Loss 0.4314 | Valid Loss 0.8066 | Train Acc 79.1923 | Valid Acc 71.1496
2026-07-15 07:21:30 | TestSub: S9 | Epoch 11/100 Finsh | Now_lr 0.0005/0.0005 | Train Loss 0.4254 | Valid Loss 0.7124 | Train Acc 79.8159 | Valid Acc 71.7076
2026-07-15 07:22:09 | TestSub: S9 | Epoch 12/100 Finsh | Now_lr 0.0005/0.0005 | Train Loss 0.4184 | Valid Loss 0.7539 | Train Acc 80.3367 | Valid Acc 72.2098
2026-07-15 07:22:50 | TestSub: S9 | Epoch 13/100 Finsh | Now_lr 0.0005/0.0005 | Train Loss 0.4141 | Valid Loss 0.7754 | Train Acc 80.3330 | Valid Acc 71.9866
2026-07-15 07:23:20 | TestSub: S9 | Epoch 14/100 Finsh | Now_lr 0.0005/0.0005 | Train Loss 0.4103 | Valid Loss 0.8932 | Train Acc 80.5861 | Valid Acc 73.3817
2026-07-15 07:23:49 | TestSub: S9 | Epoch 15/100 Finsh | Now_lr 0.0005/0.0005 | Train Loss 0.4089 | Valid Loss 0.7338 | Train Acc 80.9382 | Valid Acc 72.7679
2026-07-15 07:24:32 | TestSub: S9 | Epoch 16/100 Finsh | Now_lr 0.0005/0.0005 | Train Loss 0.4021 | Valid Loss 0.8080 | Train Acc 81.1070 | Valid Acc 71.6518
2026-07-15 07:25:05 | TestSub: S9 | Epoch 17/100 Finsh | Now_lr 0.0005/0.0005 | Train Loss 0.3995 | Valid Loss 0.7031 | Train Acc 81.1730 | Valid Acc 71.8750
2026-07-15 07:25:38 | TestSub: S9 | Epoch 18/100 Finsh | Now_lr 0.0005/0.0005 | Train Loss 0.3966 | Valid Loss 0.7382 | Train Acc 81.4224 | Valid Acc 72.2656
2026-07-15 07:26:06 | TestSub: S9 | Epoch 19/100 Finsh | Now_lr 0.0005/0.0005 | Train Loss 0.3934 | Valid Loss 0.7904 | Train Acc 81.6241 | Valid Acc 72.6562
2026-07-15 07:26:45 | TestSub: S9 | Epoch 20/100 Finsh | Now_lr 0.0005/0.0005 | Train Loss 0.3904 | Valid Loss 0.8196 | Train Acc 81.6645 | Valid Acc 70.9821
2026-07-15 07:27:15 | TestSub: S9 | Epoch 21/100 Finsh | Now_lr 0.0005/0.0005 | Train Loss 0.3918 | Valid Loss 0.7529 | Train Acc 81.8038 | Valid Acc 72.4330
2026-07-15 07:27:46 | TestSub: S9 | Epoch 22/100 Finsh | Now_lr 0.0005/0.0005 | Train Loss 0.3803 | Valid Loss 0.8894 | Train Acc 82.2183 | Valid Acc 71.9866
2026-07-15 07:28:34 | TestSub: S9 | Epoch 23/100 Finsh | Now_lr 0.0005/0.0005 | Train Loss 0.3825 | Valid Loss 0.8787 | Train Acc 82.4274 | Valid Acc 72.8237
2026-07-15 07:29:14 | TestSub: S9 | Epoch 24/100 Finsh | Now_lr 0.0005/0.0005 | Train Loss 0.3848 | Valid Loss 0.8613 | Train Acc 82.0606 | Valid Acc 71.5402
2026-07-15 07:29:57 | TestSub: S9 | Epoch 25/100 Finsh | Now_lr 0.0005/0.0005 | Train Loss 0.3742 | Valid Loss 0.8009 | Train Acc 82.5521 | Valid Acc 71.0938
2026-07-15 07:30:27 | TestSub: S9 | Epoch 26/100 Finsh | Now_lr 0.0005/0.0005 | Train Loss 0.3759 | Valid Loss 0.8110 | Train Acc 82.6291 | Valid Acc 72.1540
2026-07-15 07:30:56 | TestSub: S9 | Epoch 27/100 Finsh | Now_lr 0.0005/0.0005 | Train Loss 0.3734 | Valid Loss 0.7936 | Train Acc 82.7942 | Valid Acc 70.7589
2026-07-15 07:31:24 | TestSub: S9 | Epoch 28/100 Finsh | Now_lr 0.0005/0.0005 | Train Loss 0.3682 | Valid Loss 0.8171 | Train Acc 82.9409 | Valid Acc 72.3214
2026-07-15 07:31:55 | TestSub: S9 | Epoch 29/100 Finsh | Now_lr 0.0005/0.0005 | Train Loss 0.3651 | Valid Loss 0.7491 | Train Acc 83.3957 | Valid Acc 69.4754
2026-07-15 07:32:55 | TestSub: S9 | Epoch 30/100 Finsh | Now_lr 0.0005/0.0005 | Train Loss 0.3653 | Valid Loss 0.8694 | Train Acc 83.3407 | Valid Acc 71.2612
2026-07-15 07:33:32 | TestSub: S9 | Epoch 31/100 Finsh | Now_lr 0.0005/0.0005 | Train Loss 0.3630 | Valid Loss 0.7285 | Train Acc 83.2453 | Valid Acc 69.2522
2026-07-15 07:34:03 | TestSub: S9 | Epoch 32/100 Finsh | Now_lr 0.0005/0.0005 | Train Loss 0.3614 | Valid Loss 0.7295 | Train Acc 83.4911 | Valid Acc 71.6518
2026-07-15 07:34:34 | TestSub: S9 | Epoch 33/100 Finsh | Now_lr 0.0005/0.0005 | Train Loss 0.3594 | Valid Loss 0.8155 | Train Acc 83.2967 | Valid Acc 72.0424
2026-07-15 07:35:05 | TestSub: S9 | Epoch 34/100 Finsh | Now_lr 0.0005/0.0005 | Train Loss 0.3598 | Valid Loss 0.7324 | Train Acc 83.6891 | Valid Acc 70.9263
2026-07-15 07:35:34 | TestSub: S9 | Epoch 35/100 Finsh | Now_lr 0.0005/0.0005 | Train Loss 0.3523 | Valid Loss 0.7584 | Train Acc 84.0999 | Valid Acc 70.0893
2026-07-15 07:35:35 | --------------------------------------------------
2026-07-15 07:35:35 | Test_Subject :S9 | Best epoch:14 | Test Loss:0.8932 | Savemodel Acc 73.3817
2026-07-15 07:35:35 | --------------------------------------------------
2026-07-15 07:35:35 | Best epoch: 14 | Test acc: 73.3817
