2026-07-10 09:17:54 | Logging started: ./writer/Subject_dependent_AAD/DTU/3.0s/result//Train3.0s_sub11.log
2026-07-10 09:17:54 | Sub_id: 11
2026-07-10 09:17:56 | TestSub: S11 | Epoch  1/100 Finsh | Now_lr 0.0005/0.0005 | Train Loss 0.6800 | Valid Loss 0.7266 | Train Acc 61.6071 | Valid Acc 51.5625
2026-07-10 09:17:56 | Validation loss decreased (inf --> 0.726636) in epoch (1). Saving model ...
2026-07-10 09:17:56 | TestSub: S11 | Epoch  2/100 Finsh | Now_lr 0.0005/0.0005 | Train Loss 0.6345 | Valid Loss 0.7953 | Train Acc 67.5595 | Valid Acc 51.5625
2026-07-10 09:17:57 | TestSub: S11 | Epoch  3/100 Finsh | Now_lr 0.0005/0.0005 | Train Loss 0.6082 | Valid Loss 0.7086 | Train Acc 68.3036 | Valid Acc 53.1250
2026-07-10 09:17:57 | Validation loss decreased (0.726636 --> 0.708637) in epoch (3). Saving model ...
2026-07-10 09:17:57 | TestSub: S11 | Epoch  4/100 Finsh | Now_lr 0.0005/0.0005 | Train Loss 0.5962 | Valid Loss 0.6139 | Train Acc 69.9405 | Valid Acc 70.3125
2026-07-10 09:17:57 | Validation loss decreased (0.708637 --> 0.613887) in epoch (4). Saving model ...
2026-07-10 09:17:58 | TestSub: S11 | Epoch  5/100 Finsh | Now_lr 0.0005/0.0005 | Train Loss 0.5893 | Valid Loss 0.5856 | Train Acc 70.9821 | Valid Acc 64.0625
2026-07-10 09:17:58 | Validation loss decreased (0.613887 --> 0.585623) in epoch (5). Saving model ...
2026-07-10 09:17:58 | TestSub: S11 | Epoch  6/100 Finsh | Now_lr 0.0005/0.0005 | Train Loss 0.5586 | Valid Loss 0.5646 | Train Acc 72.3214 | Valid Acc 60.9375
2026-07-10 09:17:58 | Validation loss decreased (0.585623 --> 0.564629) in epoch (6). Saving model ...
2026-07-10 09:17:59 | TestSub: S11 | Epoch  7/100 Finsh | Now_lr 0.0005/0.0005 | Train Loss 0.5452 | Valid Loss 0.5406 | Train Acc 72.7679 | Valid Acc 75.0000
2026-07-10 09:17:59 | Validation loss decreased (0.564629 --> 0.540641) in epoch (7). Saving model ...
2026-07-10 09:17:59 | TestSub: S11 | Epoch  8/100 Finsh | Now_lr 0.0005/0.0005 | Train Loss 0.5051 | Valid Loss 0.5169 | Train Acc 78.2738 | Valid Acc 78.1250
2026-07-10 09:17:59 | Validation loss decreased (0.540641 --> 0.516906) in epoch (8). Saving model ...
2026-07-10 09:18:00 | TestSub: S11 | Epoch  9/100 Finsh | Now_lr 0.0005/0.0005 | Train Loss 0.4886 | Valid Loss 0.4815 | Train Acc 78.7202 | Valid Acc 81.2500
2026-07-10 09:18:00 | Validation loss decreased (0.516906 --> 0.481464) in epoch (9). Saving model ...
2026-07-10 09:18:00 | TestSub: S11 | Epoch 10/100 Finsh | Now_lr 0.0005/0.0005 | Train Loss 0.4690 | Valid Loss 0.4716 | Train Acc 79.1667 | Valid Acc 79.6875
2026-07-10 09:18:00 | Validation loss decreased (0.481464 --> 0.471639) in epoch (10). Saving model ...
2026-07-10 09:18:01 | TestSub: S11 | Epoch 11/100 Finsh | Now_lr 0.0005/0.0005 | Train Loss 0.4475 | Valid Loss 0.4347 | Train Acc 82.1429 | Valid Acc 82.8125
2026-07-10 09:18:01 | Validation loss decreased (0.471639 --> 0.434707) in epoch (11). Saving model ...
2026-07-10 09:18:01 | TestSub: S11 | Epoch 12/100 Finsh | Now_lr 0.0005/0.0005 | Train Loss 0.4211 | Valid Loss 0.4269 | Train Acc 82.2917 | Valid Acc 79.6875
2026-07-10 09:18:01 | Validation loss decreased (0.434707 --> 0.426937) in epoch (12). Saving model ...
2026-07-10 09:18:02 | TestSub: S11 | Epoch 13/100 Finsh | Now_lr 0.0005/0.0005 | Train Loss 0.3890 | Valid Loss 0.4162 | Train Acc 84.9702 | Valid Acc 81.2500
2026-07-10 09:18:02 | Validation loss decreased (0.426937 --> 0.416205) in epoch (13). Saving model ...
2026-07-10 09:18:02 | TestSub: S11 | Epoch 14/100 Finsh | Now_lr 0.0005/0.0005 | Train Loss 0.3892 | Valid Loss 0.4101 | Train Acc 85.7143 | Valid Acc 81.2500
2026-07-10 09:18:02 | Validation loss decreased (0.416205 --> 0.410087) in epoch (14). Saving model ...
2026-07-10 09:18:03 | TestSub: S11 | Epoch 15/100 Finsh | Now_lr 0.0005/0.0005 | Train Loss 0.3579 | Valid Loss 0.3942 | Train Acc 86.6071 | Valid Acc 84.3750
2026-07-10 09:18:03 | Validation loss decreased (0.410087 --> 0.394198) in epoch (15). Saving model ...
2026-07-10 09:18:03 | TestSub: S11 | Epoch 16/100 Finsh | Now_lr 0.0005/0.0005 | Train Loss 0.3617 | Valid Loss 0.3838 | Train Acc 86.6071 | Valid Acc 84.3750
2026-07-10 09:18:03 | Validation loss decreased (0.394198 --> 0.383832) in epoch (16). Saving model ...
2026-07-10 09:18:04 | TestSub: S11 | Epoch 17/100 Finsh | Now_lr 0.0005/0.0005 | Train Loss 0.3408 | Valid Loss 0.3778 | Train Acc 88.2440 | Valid Acc 82.8125
2026-07-10 09:18:04 | Validation loss decreased (0.383832 --> 0.377799) in epoch (17). Saving model ...
2026-07-10 09:18:04 | TestSub: S11 | Epoch 18/100 Finsh | Now_lr 0.0005/0.0005 | Train Loss 0.3364 | Valid Loss 0.3728 | Train Acc 87.0536 | Valid Acc 84.3750
2026-07-10 09:18:04 | Validation loss decreased (0.377799 --> 0.372796) in epoch (18). Saving model ...
2026-07-10 09:18:05 | TestSub: S11 | Epoch 19/100 Finsh | Now_lr 0.0005/0.0005 | Train Loss 0.3083 | Valid Loss 0.3659 | Train Acc 89.1369 | Valid Acc 82.8125
2026-07-10 09:18:05 | Validation loss decreased (0.372796 --> 0.365924) in epoch (19). Saving model ...
2026-07-10 09:18:05 | TestSub: S11 | Epoch 20/100 Finsh | Now_lr 0.0005/0.0005 | Train Loss 0.2938 | Valid Loss 0.3579 | Train Acc 89.8810 | Valid Acc 84.3750
2026-07-10 09:18:05 | Validation loss decreased (0.365924 --> 0.357883) in epoch (20). Saving model ...
2026-07-10 09:18:06 | TestSub: S11 | Epoch 21/100 Finsh | Now_lr 0.0005/0.0005 | Train Loss 0.3090 | Valid Loss 0.3927 | Train Acc 88.9881 | Valid Acc 79.6875
2026-07-10 09:18:07 | TestSub: S11 | Epoch 22/100 Finsh | Now_lr 0.0005/0.0005 | Train Loss 0.2912 | Valid Loss 0.3865 | Train Acc 88.3929 | Valid Acc 82.8125
2026-07-10 09:18:07 | TestSub: S11 | Epoch 23/100 Finsh | Now_lr 0.0005/0.0005 | Train Loss 0.2830 | Valid Loss 0.3832 | Train Acc 90.4762 | Valid Acc 81.2500
2026-07-10 09:18:08 | TestSub: S11 | Epoch 24/100 Finsh | Now_lr 0.0005/0.0005 | Train Loss 0.2624 | Valid Loss 0.3527 | Train Acc 90.6250 | Valid Acc 84.3750
2026-07-10 09:18:08 | Validation loss decreased (0.357883 --> 0.352729) in epoch (24). Saving model ...
2026-07-10 09:18:08 | TestSub: S11 | Epoch 25/100 Finsh | Now_lr 0.0005/0.0005 | Train Loss 0.2508 | Valid Loss 0.3519 | Train Acc 91.3690 | Valid Acc 84.3750
2026-07-10 09:18:08 | Validation loss decreased (0.352729 --> 0.351926) in epoch (25). Saving model ...
2026-07-10 09:18:09 | TestSub: S11 | Epoch 26/100 Finsh | Now_lr 0.0005/0.0005 | Train Loss 0.2546 | Valid Loss 0.3609 | Train Acc 90.9226 | Valid Acc 81.2500
2026-07-10 09:18:09 | TestSub: S11 | Epoch 27/100 Finsh | Now_lr 0.0005/0.0005 | Train Loss 0.2341 | Valid Loss 0.3475 | Train Acc 92.4107 | Valid Acc 84.3750
2026-07-10 09:18:09 | Validation loss decreased (0.351926 --> 0.347497) in epoch (27). Saving model ...
2026-07-10 09:18:10 | TestSub: S11 | Epoch 28/100 Finsh | Now_lr 0.0005/0.0005 | Train Loss 0.2370 | Valid Loss 0.3399 | Train Acc 92.1131 | Valid Acc 84.3750
2026-07-10 09:18:10 | Validation loss decreased (0.347497 --> 0.339911) in epoch (28). Saving model ...
2026-07-10 09:18:10 | TestSub: S11 | Epoch 29/100 Finsh | Now_lr 0.0005/0.0005 | Train Loss 0.2264 | Valid Loss 0.3532 | Train Acc 93.1548 | Valid Acc 81.2500
2026-07-10 09:18:11 | TestSub: S11 | Epoch 30/100 Finsh | Now_lr 0.0005/0.0005 | Train Loss 0.2157 | Valid Loss 0.3797 | Train Acc 93.7500 | Valid Acc 81.2500
2026-07-10 09:18:11 | TestSub: S11 | Epoch 31/100 Finsh | Now_lr 0.0005/0.0005 | Train Loss 0.2119 | Valid Loss 0.3709 | Train Acc 93.6012 | Valid Acc 81.2500
2026-07-10 09:18:12 | TestSub: S11 | Epoch 32/100 Finsh | Now_lr 0.0005/0.0005 | Train Loss 0.2076 | Valid Loss 0.3273 | Train Acc 93.0060 | Valid Acc 81.2500
2026-07-10 09:18:12 | Validation loss decreased (0.339911 --> 0.327263) in epoch (32). Saving model ...
2026-07-10 09:18:12 | TestSub: S11 | Epoch 33/100 Finsh | Now_lr 0.0005/0.0005 | Train Loss 0.2071 | Valid Loss 0.3167 | Train Acc 93.0060 | Valid Acc 82.8125
2026-07-10 09:18:12 | Validation loss decreased (0.327263 --> 0.316747) in epoch (33). Saving model ...
2026-07-10 09:18:13 | TestSub: S11 | Epoch 34/100 Finsh | Now_lr 0.0005/0.0005 | Train Loss 0.2147 | Valid Loss 0.3170 | Train Acc 93.8988 | Valid Acc 82.8125
2026-07-10 09:18:13 | TestSub: S11 | Epoch 35/100 Finsh | Now_lr 0.0005/0.0005 | Train Loss 0.1968 | Valid Loss 0.3531 | Train Acc 93.6012 | Valid Acc 81.2500
2026-07-10 09:18:13 | TestSub: S11 | Epoch 36/100 Finsh | Now_lr 0.0005/0.0005 | Train Loss 0.1943 | Valid Loss 0.3303 | Train Acc 93.7500 | Valid Acc 81.2500
2026-07-10 09:18:14 | TestSub: S11 | Epoch 37/100 Finsh | Now_lr 0.0005/0.0005 | Train Loss 0.1799 | Valid Loss 0.3339 | Train Acc 94.6429 | Valid Acc 81.2500
2026-07-10 09:18:14 | TestSub: S11 | Epoch 38/100 Finsh | Now_lr 0.0005/0.0005 | Train Loss 0.1691 | Valid Loss 0.2997 | Train Acc 95.5357 | Valid Acc 85.9375
2026-07-10 09:18:14 | Validation loss decreased (0.316747 --> 0.299720) in epoch (38). Saving model ...
2026-07-10 09:18:15 | TestSub: S11 | Epoch 39/100 Finsh | Now_lr 0.0005/0.0005 | Train Loss 0.1711 | Valid Loss 0.3157 | Train Acc 96.1310 | Valid Acc 82.8125
2026-07-10 09:18:15 | TestSub: S11 | Epoch 40/100 Finsh | Now_lr 0.0005/0.0005 | Train Loss 0.1827 | Valid Loss 0.3419 | Train Acc 95.3869 | Valid Acc 81.2500
2026-07-10 09:18:16 | TestSub: S11 | Epoch 41/100 Finsh | Now_lr 0.0005/0.0005 | Train Loss 0.1688 | Valid Loss 0.3205 | Train Acc 94.1964 | Valid Acc 84.3750
2026-07-10 09:18:16 | TestSub: S11 | Epoch 42/100 Finsh | Now_lr 0.0005/0.0005 | Train Loss 0.1773 | Valid Loss 0.3352 | Train Acc 94.4940 | Valid Acc 81.2500
2026-07-10 09:18:17 | TestSub: S11 | Epoch 43/100 Finsh | Now_lr 0.0005/0.0005 | Train Loss 0.1434 | Valid Loss 0.3131 | Train Acc 96.2798 | Valid Acc 82.8125
2026-07-10 09:18:17 | TestSub: S11 | Epoch 44/100 Finsh | Now_lr 0.0005/0.0005 | Train Loss 0.1523 | Valid Loss 0.3153 | Train Acc 96.4286 | Valid Acc 82.8125
2026-07-10 09:18:17 | TestSub: S11 | Epoch 45/100 Finsh | Now_lr 0.0005/0.0005 | Train Loss 0.1500 | Valid Loss 0.3080 | Train Acc 95.3869 | Valid Acc 84.3750
2026-07-10 09:18:18 | TestSub: S11 | Epoch 46/100 Finsh | Now_lr 0.0005/0.0005 | Train Loss 0.1729 | Valid Loss 0.3470 | Train Acc 94.4940 | Valid Acc 82.8125
2026-07-10 09:18:18 | TestSub: S11 | Epoch 47/100 Finsh | Now_lr 0.0005/0.0005 | Train Loss 0.1698 | Valid Loss 0.2909 | Train Acc 94.9405 | Valid Acc 87.5000
2026-07-10 09:18:18 | Validation loss decreased (0.299720 --> 0.290915) in epoch (47). Saving model ...
2026-07-10 09:18:19 | TestSub: S11 | Epoch 48/100 Finsh | Now_lr 0.0005/0.0005 | Train Loss 0.1581 | Valid Loss 0.2956 | Train Acc 95.2381 | Valid Acc 89.0625
2026-07-10 09:18:19 | TestSub: S11 | Epoch 49/100 Finsh | Now_lr 0.0005/0.0005 | Train Loss 0.1613 | Valid Loss 0.2756 | Train Acc 95.2381 | Valid Acc 89.0625
2026-07-10 09:18:19 | Validation loss decreased (0.290915 --> 0.275591) in epoch (49). Saving model ...
2026-07-10 09:18:20 | TestSub: S11 | Epoch 50/100 Finsh | Now_lr 0.0005/0.0005 | Train Loss 0.1434 | Valid Loss 0.3070 | Train Acc 96.2798 | Valid Acc 87.5000
2026-07-10 09:18:20 | TestSub: S11 | Epoch 51/100 Finsh | Now_lr 0.0005/0.0005 | Train Loss 0.1294 | Valid Loss 0.3244 | Train Acc 96.1310 | Valid Acc 85.9375
2026-07-10 09:18:21 | TestSub: S11 | Epoch 52/100 Finsh | Now_lr 0.0005/0.0005 | Train Loss 0.1469 | Valid Loss 0.3086 | Train Acc 94.9405 | Valid Acc 87.5000
2026-07-10 09:18:21 | TestSub: S11 | Epoch 53/100 Finsh | Now_lr 0.0005/0.0005 | Train Loss 0.1532 | Valid Loss 0.2714 | Train Acc 95.0893 | Valid Acc 92.1875
2026-07-10 09:18:21 | Validation loss decreased (0.275591 --> 0.271422) in epoch (53). Saving model ...
2026-07-10 09:18:22 | TestSub: S11 | Epoch 54/100 Finsh | Now_lr 0.0005/0.0005 | Train Loss 0.1889 | Valid Loss 0.2913 | Train Acc 93.6012 | Valid Acc 90.6250
2026-07-10 09:18:22 | TestSub: S11 | Epoch 55/100 Finsh | Now_lr 0.0005/0.0005 | Train Loss 0.1315 | Valid Loss 0.2843 | Train Acc 95.6845 | Valid Acc 87.5000
2026-07-10 09:18:22 | TestSub: S11 | Epoch 56/100 Finsh | Now_lr 0.0005/0.0005 | Train Loss 0.1330 | Valid Loss 0.3001 | Train Acc 96.1310 | Valid Acc 85.9375
2026-07-10 09:18:23 | TestSub: S11 | Epoch 57/100 Finsh | Now_lr 0.0005/0.0005 | Train Loss 0.1424 | Valid Loss 0.2858 | Train Acc 95.8333 | Valid Acc 85.9375
2026-07-10 09:18:23 | TestSub: S11 | Epoch 58/100 Finsh | Now_lr 0.0005/0.0005 | Train Loss 0.1319 | Valid Loss 0.2729 | Train Acc 96.5774 | Valid Acc 89.0625
2026-07-10 09:18:24 | TestSub: S11 | Epoch 59/100 Finsh | Now_lr 0.0005/0.0005 | Train Loss 0.1438 | Valid Loss 0.2744 | Train Acc 95.6845 | Valid Acc 89.0625
2026-07-10 09:18:24 | TestSub: S11 | Epoch 60/100 Finsh | Now_lr 0.0005/0.0005 | Train Loss 0.1347 | Valid Loss 0.2389 | Train Acc 96.2798 | Valid Acc 92.1875
2026-07-10 09:18:24 | Validation loss decreased (0.271422 --> 0.238913) in epoch (60). Saving model ...
2026-07-10 09:18:25 | TestSub: S11 | Epoch 61/100 Finsh | Now_lr 0.0005/0.0005 | Train Loss 0.1258 | Valid Loss 0.2521 | Train Acc 96.2798 | Valid Acc 93.7500
2026-07-10 09:18:25 | TestSub: S11 | Epoch 62/100 Finsh | Now_lr 0.0005/0.0005 | Train Loss 0.1386 | Valid Loss 0.3045 | Train Acc 95.5357 | Valid Acc 87.5000
2026-07-10 09:18:26 | TestSub: S11 | Epoch 63/100 Finsh | Now_lr 0.0005/0.0005 | Train Loss 0.1150 | Valid Loss 0.2574 | Train Acc 97.0238 | Valid Acc 92.1875
2026-07-10 09:18:26 | TestSub: S11 | Epoch 64/100 Finsh | Now_lr 0.0005/0.0005 | Train Loss 0.1120 | Valid Loss 0.2799 | Train Acc 97.1726 | Valid Acc 90.6250
2026-07-10 09:18:26 | TestSub: S11 | Epoch 65/100 Finsh | Now_lr 0.0005/0.0005 | Train Loss 0.1165 | Valid Loss 0.2666 | Train Acc 97.0238 | Valid Acc 90.6250
2026-07-10 09:18:27 | TestSub: S11 | Epoch 66/100 Finsh | Now_lr 0.0005/0.0005 | Train Loss 0.1298 | Valid Loss 0.2817 | Train Acc 95.9821 | Valid Acc 90.6250
2026-07-10 09:18:27 | TestSub: S11 | Epoch 67/100 Finsh | Now_lr 0.0005/0.0005 | Train Loss 0.1432 | Valid Loss 0.2680 | Train Acc 95.2381 | Valid Acc 90.6250
2026-07-10 09:18:28 | TestSub: S11 | Epoch 68/100 Finsh | Now_lr 0.0005/0.0005 | Train Loss 0.1143 | Valid Loss 0.3238 | Train Acc 97.0238 | Valid Acc 87.5000
2026-07-10 09:18:28 | TestSub: S11 | Epoch 69/100 Finsh | Now_lr 0.0005/0.0005 | Train Loss 0.1172 | Valid Loss 0.3544 | Train Acc 96.1310 | Valid Acc 84.3750
2026-07-10 09:18:29 | TestSub: S11 | Epoch 70/100 Finsh | Now_lr 0.0005/0.0005 | Train Loss 0.1168 | Valid Loss 0.2852 | Train Acc 95.8333 | Valid Acc 90.6250
2026-07-10 09:18:29 | TestSub: S11 | Epoch 71/100 Finsh | Now_lr 0.0005/0.0005 | Train Loss 0.1094 | Valid Loss 0.3118 | Train Acc 96.5774 | Valid Acc 87.5000
2026-07-10 09:18:29 | TestSub: S11 | Epoch 72/100 Finsh | Now_lr 0.0005/0.0005 | Train Loss 0.1144 | Valid Loss 0.2666 | Train Acc 96.8750 | Valid Acc 90.6250
2026-07-10 09:18:30 | TestSub: S11 | Epoch 73/100 Finsh | Now_lr 0.0005/0.0005 | Train Loss 0.1265 | Valid Loss 0.2802 | Train Acc 96.4286 | Valid Acc 92.1875
2026-07-10 09:18:30 | TestSub: S11 | Epoch 74/100 Finsh | Now_lr 0.0005/0.0005 | Train Loss 0.1131 | Valid Loss 0.2864 | Train Acc 96.4286 | Valid Acc 92.1875
2026-07-10 09:18:31 | TestSub: S11 | Epoch 75/100 Finsh | Now_lr 0.0005/0.0005 | Train Loss 0.1146 | Valid Loss 0.2694 | Train Acc 96.7262 | Valid Acc 92.1875
2026-07-10 09:18:31 | TestSub: S11 | Epoch 76/100 Finsh | Now_lr 0.0005/0.0005 | Train Loss 0.1174 | Valid Loss 0.2619 | Train Acc 95.9821 | Valid Acc 92.1875
2026-07-10 09:18:32 | TestSub: S11 | Epoch 77/100 Finsh | Now_lr 0.0005/0.0005 | Train Loss 0.1442 | Valid Loss 0.2635 | Train Acc 94.6429 | Valid Acc 87.5000
2026-07-10 09:18:32 | TestSub: S11 | Epoch 78/100 Finsh | Now_lr 0.0005/0.0005 | Train Loss 0.1181 | Valid Loss 0.2860 | Train Acc 95.5357 | Valid Acc 89.0625
2026-07-10 09:18:32 | TestSub: S11 | Epoch 79/100 Finsh | Now_lr 0.0005/0.0005 | Train Loss 0.1047 | Valid Loss 0.3611 | Train Acc 96.5774 | Valid Acc 84.3750
2026-07-10 09:18:33 | TestSub: S11 | Epoch 80/100 Finsh | Now_lr 0.0005/0.0005 | Train Loss 0.1268 | Valid Loss 0.3048 | Train Acc 95.3869 | Valid Acc 92.1875
2026-07-10 09:18:33 | TestSub: S11 | Epoch 81/100 Finsh | Now_lr 0.0005/0.0005 | Train Loss 0.0994 | Valid Loss 0.3120 | Train Acc 97.6190 | Valid Acc 92.1875
2026-07-10 09:18:33 | Early stopping at epoch 81!
2026-07-10 09:18:33 | --------------------------------------------------
2026-07-10 09:18:33 | Test_Subject :S11 | Best epoch:60 | Test Loss:0.4325 | Savemodel Acc 83.3333
2026-07-10 09:18:33 | --------------------------------------------------
2026-07-10 09:18:33 | Best epoch: 60 | Test acc: 83.3333
