2026-07-10 09:10:42 | Logging started: ./writer/Subject_dependent_AAD/DTU/3.0s/result//Train3.0s_sub2.log
2026-07-10 09:10:42 | Sub_id: 2
2026-07-10 09:10:45 | TestSub: S2 | Epoch  1/100 Finsh | Now_lr 0.0005/0.0005 | Train Loss 0.6928 | Valid Loss 0.7551 | Train Acc 57.2917 | Valid Acc 45.3125
2026-07-10 09:10:45 | Validation loss decreased (inf --> 0.755050) in epoch (1). Saving model ...
2026-07-10 09:10:45 | TestSub: S2 | Epoch  2/100 Finsh | Now_lr 0.0005/0.0005 | Train Loss 0.6356 | Valid Loss 0.8434 | Train Acc 64.8810 | Valid Acc 45.3125
2026-07-10 09:10:45 | TestSub: S2 | Epoch  3/100 Finsh | Now_lr 0.0005/0.0005 | Train Loss 0.5846 | Valid Loss 0.7390 | Train Acc 70.5357 | Valid Acc 46.8750
2026-07-10 09:10:45 | Validation loss decreased (0.755050 --> 0.739031) in epoch (3). Saving model ...
2026-07-10 09:10:46 | TestSub: S2 | Epoch  4/100 Finsh | Now_lr 0.0005/0.0005 | Train Loss 0.5120 | Valid Loss 0.5481 | Train Acc 79.0179 | Valid Acc 71.8750
2026-07-10 09:10:46 | Validation loss decreased (0.739031 --> 0.548101) in epoch (4). Saving model ...
2026-07-10 09:10:46 | TestSub: S2 | Epoch  5/100 Finsh | Now_lr 0.0005/0.0005 | Train Loss 0.4376 | Valid Loss 0.4393 | Train Acc 85.4167 | Valid Acc 82.8125
2026-07-10 09:10:46 | Validation loss decreased (0.548101 --> 0.439336) in epoch (5). Saving model ...
2026-07-10 09:10:47 | TestSub: S2 | Epoch  6/100 Finsh | Now_lr 0.0005/0.0005 | Train Loss 0.3735 | Valid Loss 0.3812 | Train Acc 89.2857 | Valid Acc 85.9375
2026-07-10 09:10:47 | Validation loss decreased (0.439336 --> 0.381227) in epoch (6). Saving model ...
2026-07-10 09:10:47 | TestSub: S2 | Epoch  7/100 Finsh | Now_lr 0.0005/0.0005 | Train Loss 0.3237 | Valid Loss 0.3702 | Train Acc 89.8810 | Valid Acc 84.3750
2026-07-10 09:10:47 | Validation loss decreased (0.381227 --> 0.370157) in epoch (7). Saving model ...
2026-07-10 09:10:48 | TestSub: S2 | Epoch  8/100 Finsh | Now_lr 0.0005/0.0005 | Train Loss 0.2780 | Valid Loss 0.3201 | Train Acc 91.8155 | Valid Acc 85.9375
2026-07-10 09:10:48 | Validation loss decreased (0.370157 --> 0.320094) in epoch (8). Saving model ...
2026-07-10 09:10:48 | TestSub: S2 | Epoch  9/100 Finsh | Now_lr 0.0005/0.0005 | Train Loss 0.2449 | Valid Loss 0.3002 | Train Acc 92.4107 | Valid Acc 85.9375
2026-07-10 09:10:48 | Validation loss decreased (0.320094 --> 0.300237) in epoch (9). Saving model ...
2026-07-10 09:10:49 | TestSub: S2 | Epoch 10/100 Finsh | Now_lr 0.0005/0.0005 | Train Loss 0.2118 | Valid Loss 0.2812 | Train Acc 94.7917 | Valid Acc 87.5000
2026-07-10 09:10:49 | Validation loss decreased (0.300237 --> 0.281176) in epoch (10). Saving model ...
2026-07-10 09:10:49 | TestSub: S2 | Epoch 11/100 Finsh | Now_lr 0.0005/0.0005 | Train Loss 0.1911 | Valid Loss 0.2760 | Train Acc 95.2381 | Valid Acc 89.0625
2026-07-10 09:10:49 | Validation loss decreased (0.281176 --> 0.275959) in epoch (11). Saving model ...
2026-07-10 09:10:50 | TestSub: S2 | Epoch 12/100 Finsh | Now_lr 0.0005/0.0005 | Train Loss 0.1846 | Valid Loss 0.2661 | Train Acc 94.7917 | Valid Acc 90.6250
2026-07-10 09:10:50 | Validation loss decreased (0.275959 --> 0.266119) in epoch (12). Saving model ...
2026-07-10 09:10:50 | TestSub: S2 | Epoch 13/100 Finsh | Now_lr 0.0005/0.0005 | Train Loss 0.1656 | Valid Loss 0.2417 | Train Acc 95.8333 | Valid Acc 90.6250
2026-07-10 09:10:50 | Validation loss decreased (0.266119 --> 0.241747) in epoch (13). Saving model ...
2026-07-10 09:10:51 | TestSub: S2 | Epoch 14/100 Finsh | Now_lr 0.0005/0.0005 | Train Loss 0.1436 | Valid Loss 0.2480 | Train Acc 96.4286 | Valid Acc 90.6250
2026-07-10 09:10:51 | TestSub: S2 | Epoch 15/100 Finsh | Now_lr 0.0005/0.0005 | Train Loss 0.1367 | Valid Loss 0.2407 | Train Acc 96.7262 | Valid Acc 90.6250
2026-07-10 09:10:51 | Validation loss decreased (0.241747 --> 0.240710) in epoch (15). Saving model ...
2026-07-10 09:10:52 | TestSub: S2 | Epoch 16/100 Finsh | Now_lr 0.0005/0.0005 | Train Loss 0.1488 | Valid Loss 0.2305 | Train Acc 95.3869 | Valid Acc 90.6250
2026-07-10 09:10:52 | Validation loss decreased (0.240710 --> 0.230507) in epoch (16). Saving model ...
2026-07-10 09:10:52 | TestSub: S2 | Epoch 17/100 Finsh | Now_lr 0.0005/0.0005 | Train Loss 0.1266 | Valid Loss 0.2102 | Train Acc 97.0238 | Valid Acc 90.6250
2026-07-10 09:10:52 | Validation loss decreased (0.230507 --> 0.210244) in epoch (17). Saving model ...
2026-07-10 09:10:52 | TestSub: S2 | Epoch 18/100 Finsh | Now_lr 0.0005/0.0005 | Train Loss 0.1224 | Valid Loss 0.2065 | Train Acc 97.3214 | Valid Acc 90.6250
2026-07-10 09:10:52 | Validation loss decreased (0.210244 --> 0.206542) in epoch (18). Saving model ...
2026-07-10 09:10:53 | TestSub: S2 | Epoch 19/100 Finsh | Now_lr 0.0005/0.0005 | Train Loss 0.1119 | Valid Loss 0.2039 | Train Acc 96.7262 | Valid Acc 90.6250
2026-07-10 09:10:53 | Validation loss decreased (0.206542 --> 0.203929) in epoch (19). Saving model ...
2026-07-10 09:10:54 | TestSub: S2 | Epoch 20/100 Finsh | Now_lr 0.0005/0.0005 | Train Loss 0.1051 | Valid Loss 0.1930 | Train Acc 97.6190 | Valid Acc 90.6250
2026-07-10 09:10:54 | Validation loss decreased (0.203929 --> 0.192979) in epoch (20). Saving model ...
2026-07-10 09:10:54 | TestSub: S2 | Epoch 21/100 Finsh | Now_lr 0.0005/0.0005 | Train Loss 0.1013 | Valid Loss 0.1904 | Train Acc 97.3214 | Valid Acc 93.7500
2026-07-10 09:10:54 | Validation loss decreased (0.192979 --> 0.190424) in epoch (21). Saving model ...
2026-07-10 09:10:55 | TestSub: S2 | Epoch 22/100 Finsh | Now_lr 0.0005/0.0005 | Train Loss 0.1001 | Valid Loss 0.2235 | Train Acc 98.0655 | Valid Acc 92.1875
2026-07-10 09:10:55 | TestSub: S2 | Epoch 23/100 Finsh | Now_lr 0.0005/0.0005 | Train Loss 0.0950 | Valid Loss 0.1769 | Train Acc 98.0655 | Valid Acc 90.6250
2026-07-10 09:10:55 | Validation loss decreased (0.190424 --> 0.176931) in epoch (23). Saving model ...
2026-07-10 09:10:56 | TestSub: S2 | Epoch 24/100 Finsh | Now_lr 0.0005/0.0005 | Train Loss 0.0777 | Valid Loss 0.1742 | Train Acc 98.3631 | Valid Acc 89.0625
2026-07-10 09:10:56 | Validation loss decreased (0.176931 --> 0.174214) in epoch (24). Saving model ...
2026-07-10 09:10:56 | TestSub: S2 | Epoch 25/100 Finsh | Now_lr 0.0005/0.0005 | Train Loss 0.0845 | Valid Loss 0.1677 | Train Acc 97.9167 | Valid Acc 90.6250
2026-07-10 09:10:56 | Validation loss decreased (0.174214 --> 0.167735) in epoch (25). Saving model ...
2026-07-10 09:10:57 | TestSub: S2 | Epoch 26/100 Finsh | Now_lr 0.0005/0.0005 | Train Loss 0.0837 | Valid Loss 0.1626 | Train Acc 98.0655 | Valid Acc 92.1875
2026-07-10 09:10:57 | Validation loss decreased (0.167735 --> 0.162576) in epoch (26). Saving model ...
2026-07-10 09:10:58 | TestSub: S2 | Epoch 27/100 Finsh | Now_lr 0.0005/0.0005 | Train Loss 0.0979 | Valid Loss 0.1682 | Train Acc 97.4702 | Valid Acc 93.7500
2026-07-10 09:10:58 | TestSub: S2 | Epoch 28/100 Finsh | Now_lr 0.0005/0.0005 | Train Loss 0.0757 | Valid Loss 0.1528 | Train Acc 98.0655 | Valid Acc 92.1875
2026-07-10 09:10:58 | Validation loss decreased (0.162576 --> 0.152811) in epoch (28). Saving model ...
2026-07-10 09:10:58 | TestSub: S2 | Epoch 29/100 Finsh | Now_lr 0.0005/0.0005 | Train Loss 0.0769 | Valid Loss 0.1550 | Train Acc 97.6190 | Valid Acc 92.1875
2026-07-10 09:10:59 | TestSub: S2 | Epoch 30/100 Finsh | Now_lr 0.0005/0.0005 | Train Loss 0.0795 | Valid Loss 0.1564 | Train Acc 98.0655 | Valid Acc 93.7500
2026-07-10 09:10:59 | TestSub: S2 | Epoch 31/100 Finsh | Now_lr 0.0005/0.0005 | Train Loss 0.0723 | Valid Loss 0.1518 | Train Acc 98.2143 | Valid Acc 92.1875
2026-07-10 09:10:59 | Validation loss decreased (0.152811 --> 0.151815) in epoch (31). Saving model ...
2026-07-10 09:11:00 | TestSub: S2 | Epoch 32/100 Finsh | Now_lr 0.0005/0.0005 | Train Loss 0.0511 | Valid Loss 0.1372 | Train Acc 99.4048 | Valid Acc 92.1875
2026-07-10 09:11:00 | Validation loss decreased (0.151815 --> 0.137229) in epoch (32). Saving model ...
2026-07-10 09:11:00 | TestSub: S2 | Epoch 33/100 Finsh | Now_lr 0.0005/0.0005 | Train Loss 0.0592 | Valid Loss 0.1398 | Train Acc 98.8095 | Valid Acc 93.7500
2026-07-10 09:11:01 | TestSub: S2 | Epoch 34/100 Finsh | Now_lr 0.0005/0.0005 | Train Loss 0.0485 | Valid Loss 0.1246 | Train Acc 99.5536 | Valid Acc 92.1875
2026-07-10 09:11:01 | Validation loss decreased (0.137229 --> 0.124624) in epoch (34). Saving model ...
2026-07-10 09:11:01 | TestSub: S2 | Epoch 35/100 Finsh | Now_lr 0.0005/0.0005 | Train Loss 0.0485 | Valid Loss 0.1279 | Train Acc 99.4048 | Valid Acc 95.3125
2026-07-10 09:11:02 | TestSub: S2 | Epoch 36/100 Finsh | Now_lr 0.0005/0.0005 | Train Loss 0.0558 | Valid Loss 0.1308 | Train Acc 98.8095 | Valid Acc 95.3125
2026-07-10 09:11:02 | TestSub: S2 | Epoch 37/100 Finsh | Now_lr 0.0005/0.0005 | Train Loss 0.0491 | Valid Loss 0.1148 | Train Acc 98.9583 | Valid Acc 92.1875
2026-07-10 09:11:02 | Validation loss decreased (0.124624 --> 0.114801) in epoch (37). Saving model ...
2026-07-10 09:11:03 | TestSub: S2 | Epoch 38/100 Finsh | Now_lr 0.0005/0.0005 | Train Loss 0.0552 | Valid Loss 0.1133 | Train Acc 98.8095 | Valid Acc 95.3125
2026-07-10 09:11:03 | Validation loss decreased (0.114801 --> 0.113325) in epoch (38). Saving model ...
2026-07-10 09:11:04 | TestSub: S2 | Epoch 39/100 Finsh | Now_lr 0.0005/0.0005 | Train Loss 0.0616 | Valid Loss 0.1330 | Train Acc 98.0655 | Valid Acc 95.3125
2026-07-10 09:11:04 | TestSub: S2 | Epoch 40/100 Finsh | Now_lr 0.0005/0.0005 | Train Loss 0.0594 | Valid Loss 0.1562 | Train Acc 98.6607 | Valid Acc 92.1875
2026-07-10 09:11:04 | TestSub: S2 | Epoch 41/100 Finsh | Now_lr 0.0005/0.0005 | Train Loss 0.0404 | Valid Loss 0.1107 | Train Acc 99.2560 | Valid Acc 95.3125
2026-07-10 09:11:04 | Validation loss decreased (0.113325 --> 0.110725) in epoch (41). Saving model ...
2026-07-10 09:11:05 | TestSub: S2 | Epoch 42/100 Finsh | Now_lr 0.0005/0.0005 | Train Loss 0.0466 | Valid Loss 0.1295 | Train Acc 98.8095 | Valid Acc 93.7500
2026-07-10 09:11:05 | TestSub: S2 | Epoch 43/100 Finsh | Now_lr 0.0005/0.0005 | Train Loss 0.0381 | Valid Loss 0.1137 | Train Acc 99.1071 | Valid Acc 92.1875
2026-07-10 09:11:06 | TestSub: S2 | Epoch 44/100 Finsh | Now_lr 0.0005/0.0005 | Train Loss 0.0427 | Valid Loss 0.1134 | Train Acc 98.8095 | Valid Acc 93.7500
2026-07-10 09:11:06 | TestSub: S2 | Epoch 45/100 Finsh | Now_lr 0.0005/0.0005 | Train Loss 0.0385 | Valid Loss 0.1175 | Train Acc 99.5536 | Valid Acc 92.1875
2026-07-10 09:11:07 | TestSub: S2 | Epoch 46/100 Finsh | Now_lr 0.0005/0.0005 | Train Loss 0.0355 | Valid Loss 0.1392 | Train Acc 99.5536 | Valid Acc 92.1875
2026-07-10 09:11:07 | TestSub: S2 | Epoch 47/100 Finsh | Now_lr 0.0005/0.0005 | Train Loss 0.0327 | Valid Loss 0.1036 | Train Acc 99.8512 | Valid Acc 96.8750
2026-07-10 09:11:07 | Validation loss decreased (0.110725 --> 0.103576) in epoch (47). Saving model ...
2026-07-10 09:11:08 | TestSub: S2 | Epoch 48/100 Finsh | Now_lr 0.0005/0.0005 | Train Loss 0.0291 | Valid Loss 0.1230 | Train Acc 99.7024 | Valid Acc 93.7500
2026-07-10 09:11:08 | TestSub: S2 | Epoch 49/100 Finsh | Now_lr 0.0005/0.0005 | Train Loss 0.0320 | Valid Loss 0.1331 | Train Acc 99.5536 | Valid Acc 96.8750
2026-07-10 09:11:09 | TestSub: S2 | Epoch 50/100 Finsh | Now_lr 0.0005/0.0005 | Train Loss 0.0346 | Valid Loss 0.0959 | Train Acc 99.8512 | Valid Acc 96.8750
2026-07-10 09:11:09 | Validation loss decreased (0.103576 --> 0.095880) in epoch (50). Saving model ...
2026-07-10 09:11:09 | TestSub: S2 | Epoch 51/100 Finsh | Now_lr 0.0005/0.0005 | Train Loss 0.0343 | Valid Loss 0.1198 | Train Acc 99.8512 | Valid Acc 93.7500
2026-07-10 09:11:10 | TestSub: S2 | Epoch 52/100 Finsh | Now_lr 0.0005/0.0005 | Train Loss 0.0328 | Valid Loss 0.1020 | Train Acc 99.5536 | Valid Acc 96.8750
2026-07-10 09:11:10 | TestSub: S2 | Epoch 53/100 Finsh | Now_lr 0.0005/0.0005 | Train Loss 0.0268 | Valid Loss 0.1069 | Train Acc 99.7024 | Valid Acc 95.3125
2026-07-10 09:11:10 | TestSub: S2 | Epoch 54/100 Finsh | Now_lr 0.0005/0.0005 | Train Loss 0.0258 | Valid Loss 0.0987 | Train Acc 99.8512 | Valid Acc 96.8750
2026-07-10 09:11:11 | TestSub: S2 | Epoch 55/100 Finsh | Now_lr 0.0005/0.0005 | Train Loss 0.0236 | Valid Loss 0.0970 | Train Acc 99.8512 | Valid Acc 96.8750
2026-07-10 09:11:11 | TestSub: S2 | Epoch 56/100 Finsh | Now_lr 0.0005/0.0005 | Train Loss 0.0310 | Valid Loss 0.1060 | Train Acc 99.5536 | Valid Acc 93.7500
2026-07-10 09:11:12 | TestSub: S2 | Epoch 57/100 Finsh | Now_lr 0.0005/0.0005 | Train Loss 0.0317 | Valid Loss 0.0943 | Train Acc 99.5536 | Valid Acc 95.3125
2026-07-10 09:11:12 | Validation loss decreased (0.095880 --> 0.094292) in epoch (57). Saving model ...
2026-07-10 09:11:12 | TestSub: S2 | Epoch 58/100 Finsh | Now_lr 0.0005/0.0005 | Train Loss 0.0222 | Valid Loss 0.1266 | Train Acc 99.8512 | Valid Acc 95.3125
2026-07-10 09:11:13 | TestSub: S2 | Epoch 59/100 Finsh | Now_lr 0.0005/0.0005 | Train Loss 0.0522 | Valid Loss 0.0995 | Train Acc 98.2143 | Valid Acc 95.3125
2026-07-10 09:11:13 | TestSub: S2 | Epoch 60/100 Finsh | Now_lr 0.0005/0.0005 | Train Loss 0.0208 | Valid Loss 0.0811 | Train Acc 99.8512 | Valid Acc 96.8750
2026-07-10 09:11:13 | Validation loss decreased (0.094292 --> 0.081135) in epoch (60). Saving model ...
2026-07-10 09:11:13 | TestSub: S2 | Epoch 61/100 Finsh | Now_lr 0.0005/0.0005 | Train Loss 0.0201 | Valid Loss 0.0864 | Train Acc 100.0000 | Valid Acc 96.8750
2026-07-10 09:11:14 | TestSub: S2 | Epoch 62/100 Finsh | Now_lr 0.0005/0.0005 | Train Loss 0.0251 | Valid Loss 0.0883 | Train Acc 99.4048 | Valid Acc 95.3125
2026-07-10 09:11:14 | TestSub: S2 | Epoch 63/100 Finsh | Now_lr 0.0005/0.0005 | Train Loss 0.0210 | Valid Loss 0.0958 | Train Acc 100.0000 | Valid Acc 96.8750
2026-07-10 09:11:15 | TestSub: S2 | Epoch 64/100 Finsh | Now_lr 0.0005/0.0005 | Train Loss 0.0234 | Valid Loss 0.0726 | Train Acc 99.8512 | Valid Acc 96.8750
2026-07-10 09:11:15 | Validation loss decreased (0.081135 --> 0.072644) in epoch (64). Saving model ...
2026-07-10 09:11:15 | TestSub: S2 | Epoch 65/100 Finsh | Now_lr 0.0005/0.0005 | Train Loss 0.0266 | Valid Loss 0.1041 | Train Acc 99.5536 | Valid Acc 93.7500
2026-07-10 09:11:16 | TestSub: S2 | Epoch 66/100 Finsh | Now_lr 0.0005/0.0005 | Train Loss 0.0190 | Valid Loss 0.0942 | Train Acc 99.8512 | Valid Acc 93.7500
2026-07-10 09:11:16 | TestSub: S2 | Epoch 67/100 Finsh | Now_lr 0.0005/0.0005 | Train Loss 0.0232 | Valid Loss 0.0805 | Train Acc 99.8512 | Valid Acc 96.8750
2026-07-10 09:11:16 | TestSub: S2 | Epoch 68/100 Finsh | Now_lr 0.0005/0.0005 | Train Loss 0.0195 | Valid Loss 0.0909 | Train Acc 100.0000 | Valid Acc 95.3125
2026-07-10 09:11:17 | TestSub: S2 | Epoch 69/100 Finsh | Now_lr 0.0005/0.0005 | Train Loss 0.0251 | Valid Loss 0.0897 | Train Acc 99.4048 | Valid Acc 96.8750
2026-07-10 09:11:17 | TestSub: S2 | Epoch 70/100 Finsh | Now_lr 0.0005/0.0005 | Train Loss 0.0344 | Valid Loss 0.0495 | Train Acc 98.9583 | Valid Acc 98.4375
2026-07-10 09:11:17 | Validation loss decreased (0.072644 --> 0.049461) in epoch (70). Saving model ...
2026-07-10 09:11:18 | TestSub: S2 | Epoch 71/100 Finsh | Now_lr 0.0005/0.0005 | Train Loss 0.0280 | Valid Loss 0.1078 | Train Acc 99.4048 | Valid Acc 96.8750
2026-07-10 09:11:18 | TestSub: S2 | Epoch 72/100 Finsh | Now_lr 0.0005/0.0005 | Train Loss 0.0197 | Valid Loss 0.0628 | Train Acc 99.8512 | Valid Acc 98.4375
2026-07-10 09:11:19 | TestSub: S2 | Epoch 73/100 Finsh | Now_lr 0.0005/0.0005 | Train Loss 0.0174 | Valid Loss 0.0658 | Train Acc 99.8512 | Valid Acc 98.4375
2026-07-10 09:11:19 | TestSub: S2 | Epoch 74/100 Finsh | Now_lr 0.0005/0.0005 | Train Loss 0.0216 | Valid Loss 0.0820 | Train Acc 99.5536 | Valid Acc 95.3125
2026-07-10 09:11:20 | TestSub: S2 | Epoch 75/100 Finsh | Now_lr 0.0005/0.0005 | Train Loss 0.0170 | Valid Loss 0.0877 | Train Acc 100.0000 | Valid Acc 96.8750
2026-07-10 09:11:20 | TestSub: S2 | Epoch 76/100 Finsh | Now_lr 0.0005/0.0005 | Train Loss 0.0201 | Valid Loss 0.0634 | Train Acc 99.7024 | Valid Acc 98.4375
2026-07-10 09:11:20 | TestSub: S2 | Epoch 77/100 Finsh | Now_lr 0.0005/0.0005 | Train Loss 0.0140 | Valid Loss 0.0660 | Train Acc 99.8512 | Valid Acc 95.3125
2026-07-10 09:11:21 | TestSub: S2 | Epoch 78/100 Finsh | Now_lr 0.0005/0.0005 | Train Loss 0.0188 | Valid Loss 0.0800 | Train Acc 99.7024 | Valid Acc 96.8750
2026-07-10 09:11:21 | TestSub: S2 | Epoch 79/100 Finsh | Now_lr 0.0005/0.0005 | Train Loss 0.0261 | Valid Loss 0.0997 | Train Acc 99.4048 | Valid Acc 95.3125
2026-07-10 09:11:22 | TestSub: S2 | Epoch 80/100 Finsh | Now_lr 0.0005/0.0005 | Train Loss 0.0188 | Valid Loss 0.0612 | Train Acc 99.7024 | Valid Acc 98.4375
2026-07-10 09:11:22 | TestSub: S2 | Epoch 81/100 Finsh | Now_lr 0.0005/0.0005 | Train Loss 0.0217 | Valid Loss 0.0629 | Train Acc 99.7024 | Valid Acc 95.3125
2026-07-10 09:11:23 | TestSub: S2 | Epoch 82/100 Finsh | Now_lr 0.0005/0.0005 | Train Loss 0.0189 | Valid Loss 0.1130 | Train Acc 100.0000 | Valid Acc 96.8750
2026-07-10 09:11:23 | TestSub: S2 | Epoch 83/100 Finsh | Now_lr 0.0005/0.0005 | Train Loss 0.0166 | Valid Loss 0.0647 | Train Acc 99.7024 | Valid Acc 96.8750
2026-07-10 09:11:23 | TestSub: S2 | Epoch 84/100 Finsh | Now_lr 0.0005/0.0005 | Train Loss 0.0237 | Valid Loss 0.1165 | Train Acc 99.5536 | Valid Acc 95.3125
2026-07-10 09:11:24 | TestSub: S2 | Epoch 85/100 Finsh | Now_lr 0.0005/0.0005 | Train Loss 0.0177 | Valid Loss 0.0911 | Train Acc 99.7024 | Valid Acc 96.8750
2026-07-10 09:11:24 | TestSub: S2 | Epoch 86/100 Finsh | Now_lr 0.0005/0.0005 | Train Loss 0.0155 | Valid Loss 0.0775 | Train Acc 100.0000 | Valid Acc 96.8750
2026-07-10 09:11:25 | TestSub: S2 | Epoch 87/100 Finsh | Now_lr 0.0005/0.0005 | Train Loss 0.0193 | Valid Loss 0.0794 | Train Acc 99.5536 | Valid Acc 96.8750
2026-07-10 09:11:25 | TestSub: S2 | Epoch 88/100 Finsh | Now_lr 0.0005/0.0005 | Train Loss 0.0104 | Valid Loss 0.0664 | Train Acc 100.0000 | Valid Acc 98.4375
2026-07-10 09:11:26 | TestSub: S2 | Epoch 89/100 Finsh | Now_lr 0.0005/0.0005 | Train Loss 0.0094 | Valid Loss 0.0676 | Train Acc 100.0000 | Valid Acc 98.4375
2026-07-10 09:11:27 | TestSub: S2 | Epoch 90/100 Finsh | Now_lr 0.0005/0.0005 | Train Loss 0.0136 | Valid Loss 0.0667 | Train Acc 99.8512 | Valid Acc 98.4375
2026-07-10 09:11:27 | TestSub: S2 | Epoch 91/100 Finsh | Now_lr 0.0005/0.0005 | Train Loss 0.0085 | Valid Loss 0.0703 | Train Acc 100.0000 | Valid Acc 98.4375
2026-07-10 09:11:27 | Early stopping at epoch 91!
2026-07-10 09:11:27 | --------------------------------------------------
2026-07-10 09:11:27 | Test_Subject :S2 | Best epoch:70 | Test Loss:0.1578 | Savemodel Acc 92.7083
2026-07-10 09:11:27 | --------------------------------------------------
2026-07-10 09:11:27 | Best epoch: 70 | Test acc: 92.7083
