2026-07-10 09:18:34 | Logging started: ./writer/Subject_dependent_AAD/DTU/3.0s/result//Train3.0s_sub12.log
2026-07-10 09:18:34 | Sub_id: 12
2026-07-10 09:18:36 | TestSub: S12 | Epoch  1/100 Finsh | Now_lr 0.0005/0.0005 | Train Loss 0.7054 | Valid Loss 0.7159 | Train Acc 48.9583 | Valid Acc 37.5000
2026-07-10 09:18:36 | Validation loss decreased (inf --> 0.715859) in epoch (1). Saving model ...
2026-07-10 09:18:36 | TestSub: S12 | Epoch  2/100 Finsh | Now_lr 0.0005/0.0005 | Train Loss 0.6789 | Valid Loss 0.7777 | Train Acc 56.3988 | Valid Acc 37.5000
2026-07-10 09:18:37 | TestSub: S12 | Epoch  3/100 Finsh | Now_lr 0.0005/0.0005 | Train Loss 0.6575 | Valid Loss 0.7540 | Train Acc 59.3750 | Valid Acc 37.5000
2026-07-10 09:18:37 | TestSub: S12 | Epoch  4/100 Finsh | Now_lr 0.0005/0.0005 | Train Loss 0.6351 | Valid Loss 0.7204 | Train Acc 63.0952 | Valid Acc 40.6250
2026-07-10 09:18:38 | TestSub: S12 | Epoch  5/100 Finsh | Now_lr 0.0005/0.0005 | Train Loss 0.6187 | Valid Loss 0.6686 | Train Acc 66.6667 | Valid Acc 51.5625
2026-07-10 09:18:38 | Validation loss decreased (0.715859 --> 0.668595) in epoch (5). Saving model ...
2026-07-10 09:18:38 | TestSub: S12 | Epoch  6/100 Finsh | Now_lr 0.0005/0.0005 | Train Loss 0.5887 | Valid Loss 0.6329 | Train Acc 70.9821 | Valid Acc 59.3750
2026-07-10 09:18:38 | Validation loss decreased (0.668595 --> 0.632893) in epoch (6). Saving model ...
2026-07-10 09:18:39 | TestSub: S12 | Epoch  7/100 Finsh | Now_lr 0.0005/0.0005 | Train Loss 0.5558 | Valid Loss 0.6307 | Train Acc 74.1071 | Valid Acc 62.5000
2026-07-10 09:18:39 | Validation loss decreased (0.632893 --> 0.630743) in epoch (7). Saving model ...
2026-07-10 09:18:39 | TestSub: S12 | Epoch  8/100 Finsh | Now_lr 0.0005/0.0005 | Train Loss 0.5159 | Valid Loss 0.5945 | Train Acc 78.8690 | Valid Acc 68.7500
2026-07-10 09:18:39 | Validation loss decreased (0.630743 --> 0.594478) in epoch (8). Saving model ...
2026-07-10 09:18:40 | TestSub: S12 | Epoch  9/100 Finsh | Now_lr 0.0005/0.0005 | Train Loss 0.4732 | Valid Loss 0.5249 | Train Acc 81.8452 | Valid Acc 73.4375
2026-07-10 09:18:40 | Validation loss decreased (0.594478 --> 0.524850) in epoch (9). Saving model ...
2026-07-10 09:18:40 | TestSub: S12 | Epoch 10/100 Finsh | Now_lr 0.0005/0.0005 | Train Loss 0.4439 | Valid Loss 0.4932 | Train Acc 83.6310 | Valid Acc 76.5625
2026-07-10 09:18:40 | Validation loss decreased (0.524850 --> 0.493171) in epoch (10). Saving model ...
2026-07-10 09:18:40 | TestSub: S12 | Epoch 11/100 Finsh | Now_lr 0.0005/0.0005 | Train Loss 0.4003 | Valid Loss 0.5075 | Train Acc 85.5655 | Valid Acc 73.4375
2026-07-10 09:18:41 | TestSub: S12 | Epoch 12/100 Finsh | Now_lr 0.0005/0.0005 | Train Loss 0.3681 | Valid Loss 0.4292 | Train Acc 89.5833 | Valid Acc 79.6875
2026-07-10 09:18:41 | Validation loss decreased (0.493171 --> 0.429160) in epoch (12). Saving model ...
2026-07-10 09:18:41 | TestSub: S12 | Epoch 13/100 Finsh | Now_lr 0.0005/0.0005 | Train Loss 0.3616 | Valid Loss 0.4278 | Train Acc 87.5000 | Valid Acc 81.2500
2026-07-10 09:18:41 | Validation loss decreased (0.429160 --> 0.427787) in epoch (13). Saving model ...
2026-07-10 09:18:42 | TestSub: S12 | Epoch 14/100 Finsh | Now_lr 0.0005/0.0005 | Train Loss 0.3121 | Valid Loss 0.4141 | Train Acc 89.8810 | Valid Acc 81.2500
2026-07-10 09:18:42 | Validation loss decreased (0.427787 --> 0.414095) in epoch (14). Saving model ...
2026-07-10 09:18:42 | TestSub: S12 | Epoch 15/100 Finsh | Now_lr 0.0005/0.0005 | Train Loss 0.2984 | Valid Loss 0.3646 | Train Acc 89.2857 | Valid Acc 82.8125
2026-07-10 09:18:42 | Validation loss decreased (0.414095 --> 0.364554) in epoch (15). Saving model ...
2026-07-10 09:18:43 | TestSub: S12 | Epoch 16/100 Finsh | Now_lr 0.0005/0.0005 | Train Loss 0.2824 | Valid Loss 0.4081 | Train Acc 91.5179 | Valid Acc 79.6875
2026-07-10 09:18:43 | TestSub: S12 | Epoch 17/100 Finsh | Now_lr 0.0005/0.0005 | Train Loss 0.2528 | Valid Loss 0.3242 | Train Acc 92.7083 | Valid Acc 89.0625
2026-07-10 09:18:43 | Validation loss decreased (0.364554 --> 0.324179) in epoch (17). Saving model ...
2026-07-10 09:18:44 | TestSub: S12 | Epoch 18/100 Finsh | Now_lr 0.0005/0.0005 | Train Loss 0.2569 | Valid Loss 0.3536 | Train Acc 91.6667 | Valid Acc 84.3750
2026-07-10 09:18:44 | TestSub: S12 | Epoch 19/100 Finsh | Now_lr 0.0005/0.0005 | Train Loss 0.2327 | Valid Loss 0.3179 | Train Acc 93.6012 | Valid Acc 89.0625
2026-07-10 09:18:44 | Validation loss decreased (0.324179 --> 0.317912) in epoch (19). Saving model ...
2026-07-10 09:18:45 | TestSub: S12 | Epoch 20/100 Finsh | Now_lr 0.0005/0.0005 | Train Loss 0.2201 | Valid Loss 0.2909 | Train Acc 94.1964 | Valid Acc 92.1875
2026-07-10 09:18:45 | Validation loss decreased (0.317912 --> 0.290890) in epoch (20). Saving model ...
2026-07-10 09:18:45 | TestSub: S12 | Epoch 21/100 Finsh | Now_lr 0.0005/0.0005 | Train Loss 0.2173 | Valid Loss 0.2860 | Train Acc 93.8988 | Valid Acc 90.6250
2026-07-10 09:18:45 | Validation loss decreased (0.290890 --> 0.285974) in epoch (21). Saving model ...
2026-07-10 09:18:46 | TestSub: S12 | Epoch 22/100 Finsh | Now_lr 0.0005/0.0005 | Train Loss 0.1983 | Valid Loss 0.3005 | Train Acc 93.4524 | Valid Acc 90.6250
2026-07-10 09:18:46 | TestSub: S12 | Epoch 23/100 Finsh | Now_lr 0.0005/0.0005 | Train Loss 0.1950 | Valid Loss 0.2922 | Train Acc 94.3452 | Valid Acc 90.6250
2026-07-10 09:18:46 | TestSub: S12 | Epoch 24/100 Finsh | Now_lr 0.0005/0.0005 | Train Loss 0.1864 | Valid Loss 0.2728 | Train Acc 94.1964 | Valid Acc 90.6250
2026-07-10 09:18:46 | Validation loss decreased (0.285974 --> 0.272753) in epoch (24). Saving model ...
2026-07-10 09:18:47 | TestSub: S12 | Epoch 25/100 Finsh | Now_lr 0.0005/0.0005 | Train Loss 0.1714 | Valid Loss 0.2770 | Train Acc 96.7262 | Valid Acc 92.1875
2026-07-10 09:18:47 | TestSub: S12 | Epoch 26/100 Finsh | Now_lr 0.0005/0.0005 | Train Loss 0.1611 | Valid Loss 0.2575 | Train Acc 96.2798 | Valid Acc 92.1875
2026-07-10 09:18:47 | Validation loss decreased (0.272753 --> 0.257527) in epoch (26). Saving model ...
2026-07-10 09:18:48 | TestSub: S12 | Epoch 27/100 Finsh | Now_lr 0.0005/0.0005 | Train Loss 0.1601 | Valid Loss 0.2444 | Train Acc 97.0238 | Valid Acc 90.6250
2026-07-10 09:18:48 | Validation loss decreased (0.257527 --> 0.244353) in epoch (27). Saving model ...
2026-07-10 09:18:48 | TestSub: S12 | Epoch 28/100 Finsh | Now_lr 0.0005/0.0005 | Train Loss 0.1595 | Valid Loss 0.2420 | Train Acc 96.1310 | Valid Acc 90.6250
2026-07-10 09:18:48 | Validation loss decreased (0.244353 --> 0.242023) in epoch (28). Saving model ...
2026-07-10 09:18:49 | TestSub: S12 | Epoch 29/100 Finsh | Now_lr 0.0005/0.0005 | Train Loss 0.1565 | Valid Loss 0.2394 | Train Acc 95.8333 | Valid Acc 93.7500
2026-07-10 09:18:49 | Validation loss decreased (0.242023 --> 0.239415) in epoch (29). Saving model ...
2026-07-10 09:18:50 | TestSub: S12 | Epoch 30/100 Finsh | Now_lr 0.0005/0.0005 | Train Loss 0.1526 | Valid Loss 0.2287 | Train Acc 96.2798 | Valid Acc 92.1875
2026-07-10 09:18:50 | Validation loss decreased (0.239415 --> 0.228726) in epoch (30). Saving model ...
2026-07-10 09:18:50 | TestSub: S12 | Epoch 31/100 Finsh | Now_lr 0.0005/0.0005 | Train Loss 0.1341 | Valid Loss 0.2197 | Train Acc 96.5774 | Valid Acc 93.7500
2026-07-10 09:18:50 | Validation loss decreased (0.228726 --> 0.219728) in epoch (31). Saving model ...
2026-07-10 09:18:51 | TestSub: S12 | Epoch 32/100 Finsh | Now_lr 0.0005/0.0005 | Train Loss 0.1374 | Valid Loss 0.2449 | Train Acc 97.1726 | Valid Acc 92.1875
2026-07-10 09:18:51 | TestSub: S12 | Epoch 33/100 Finsh | Now_lr 0.0005/0.0005 | Train Loss 0.1292 | Valid Loss 0.2199 | Train Acc 97.0238 | Valid Acc 93.7500
2026-07-10 09:18:52 | TestSub: S12 | Epoch 34/100 Finsh | Now_lr 0.0005/0.0005 | Train Loss 0.1308 | Valid Loss 0.2168 | Train Acc 97.1726 | Valid Acc 93.7500
2026-07-10 09:18:52 | Validation loss decreased (0.219728 --> 0.216781) in epoch (34). Saving model ...
2026-07-10 09:18:52 | TestSub: S12 | Epoch 35/100 Finsh | Now_lr 0.0005/0.0005 | Train Loss 0.1223 | Valid Loss 0.2019 | Train Acc 96.8750 | Valid Acc 93.7500
2026-07-10 09:18:52 | Validation loss decreased (0.216781 --> 0.201925) in epoch (35). Saving model ...
2026-07-10 09:18:52 | TestSub: S12 | Epoch 36/100 Finsh | Now_lr 0.0005/0.0005 | Train Loss 0.1233 | Valid Loss 0.2045 | Train Acc 97.3214 | Valid Acc 90.6250
2026-07-10 09:18:53 | TestSub: S12 | Epoch 37/100 Finsh | Now_lr 0.0005/0.0005 | Train Loss 0.1222 | Valid Loss 0.2072 | Train Acc 96.8750 | Valid Acc 93.7500
2026-07-10 09:18:53 | TestSub: S12 | Epoch 38/100 Finsh | Now_lr 0.0005/0.0005 | Train Loss 0.1180 | Valid Loss 0.2010 | Train Acc 97.3214 | Valid Acc 95.3125
2026-07-10 09:18:53 | Validation loss decreased (0.201925 --> 0.200989) in epoch (38). Saving model ...
2026-07-10 09:18:54 | TestSub: S12 | Epoch 39/100 Finsh | Now_lr 0.0005/0.0005 | Train Loss 0.1015 | Valid Loss 0.1858 | Train Acc 97.9167 | Valid Acc 96.8750
2026-07-10 09:18:54 | Validation loss decreased (0.200989 --> 0.185787) in epoch (39). Saving model ...
2026-07-10 09:18:55 | TestSub: S12 | Epoch 40/100 Finsh | Now_lr 0.0005/0.0005 | Train Loss 0.1201 | Valid Loss 0.1845 | Train Acc 96.7262 | Valid Acc 95.3125
2026-07-10 09:18:55 | Validation loss decreased (0.185787 --> 0.184511) in epoch (40). Saving model ...
2026-07-10 09:18:55 | TestSub: S12 | Epoch 41/100 Finsh | Now_lr 0.0005/0.0005 | Train Loss 0.0994 | Valid Loss 0.1820 | Train Acc 98.2143 | Valid Acc 93.7500
2026-07-10 09:18:55 | Validation loss decreased (0.184511 --> 0.182046) in epoch (41). Saving model ...
2026-07-10 09:18:56 | TestSub: S12 | Epoch 42/100 Finsh | Now_lr 0.0005/0.0005 | Train Loss 0.1071 | Valid Loss 0.1902 | Train Acc 97.0238 | Valid Acc 92.1875
2026-07-10 09:18:56 | TestSub: S12 | Epoch 43/100 Finsh | Now_lr 0.0005/0.0005 | Train Loss 0.0890 | Valid Loss 0.1697 | Train Acc 98.3631 | Valid Acc 96.8750
2026-07-10 09:18:56 | Validation loss decreased (0.182046 --> 0.169658) in epoch (43). Saving model ...
2026-07-10 09:18:57 | TestSub: S12 | Epoch 44/100 Finsh | Now_lr 0.0005/0.0005 | Train Loss 0.0823 | Valid Loss 0.1650 | Train Acc 99.4048 | Valid Acc 96.8750
2026-07-10 09:18:57 | Validation loss decreased (0.169658 --> 0.165001) in epoch (44). Saving model ...
2026-07-10 09:18:57 | TestSub: S12 | Epoch 45/100 Finsh | Now_lr 0.0005/0.0005 | Train Loss 0.0935 | Valid Loss 0.1688 | Train Acc 97.9167 | Valid Acc 93.7500
2026-07-10 09:18:58 | TestSub: S12 | Epoch 46/100 Finsh | Now_lr 0.0005/0.0005 | Train Loss 0.0852 | Valid Loss 0.1612 | Train Acc 98.2143 | Valid Acc 96.8750
2026-07-10 09:18:58 | Validation loss decreased (0.165001 --> 0.161200) in epoch (46). Saving model ...
2026-07-10 09:18:58 | TestSub: S12 | Epoch 47/100 Finsh | Now_lr 0.0005/0.0005 | Train Loss 0.0768 | Valid Loss 0.1530 | Train Acc 98.9583 | Valid Acc 96.8750
2026-07-10 09:18:58 | Validation loss decreased (0.161200 --> 0.153017) in epoch (47). Saving model ...
2026-07-10 09:18:59 | TestSub: S12 | Epoch 48/100 Finsh | Now_lr 0.0005/0.0005 | Train Loss 0.0888 | Valid Loss 0.2409 | Train Acc 97.3214 | Valid Acc 90.6250
2026-07-10 09:18:59 | TestSub: S12 | Epoch 49/100 Finsh | Now_lr 0.0005/0.0005 | Train Loss 0.1018 | Valid Loss 0.1615 | Train Acc 97.0238 | Valid Acc 96.8750
2026-07-10 09:19:00 | TestSub: S12 | Epoch 50/100 Finsh | Now_lr 0.0005/0.0005 | Train Loss 0.0778 | Valid Loss 0.1512 | Train Acc 98.6607 | Valid Acc 95.3125
2026-07-10 09:19:00 | Validation loss decreased (0.153017 --> 0.151184) in epoch (50). Saving model ...
2026-07-10 09:19:00 | TestSub: S12 | Epoch 51/100 Finsh | Now_lr 0.0005/0.0005 | Train Loss 0.0657 | Valid Loss 0.1503 | Train Acc 99.2560 | Valid Acc 96.8750
2026-07-10 09:19:00 | Validation loss decreased (0.151184 --> 0.150338) in epoch (51). Saving model ...
2026-07-10 09:19:01 | TestSub: S12 | Epoch 52/100 Finsh | Now_lr 0.0005/0.0005 | Train Loss 0.0690 | Valid Loss 0.1414 | Train Acc 98.5119 | Valid Acc 96.8750
2026-07-10 09:19:01 | Validation loss decreased (0.150338 --> 0.141351) in epoch (52). Saving model ...
2026-07-10 09:19:02 | TestSub: S12 | Epoch 53/100 Finsh | Now_lr 0.0005/0.0005 | Train Loss 0.0738 | Valid Loss 0.1397 | Train Acc 98.2143 | Valid Acc 96.8750
2026-07-10 09:19:02 | Validation loss decreased (0.141351 --> 0.139666) in epoch (53). Saving model ...
2026-07-10 09:19:03 | TestSub: S12 | Epoch 54/100 Finsh | Now_lr 0.0005/0.0005 | Train Loss 0.0678 | Valid Loss 0.1401 | Train Acc 98.9583 | Valid Acc 95.3125
2026-07-10 09:19:04 | TestSub: S12 | Epoch 55/100 Finsh | Now_lr 0.0005/0.0005 | Train Loss 0.0766 | Valid Loss 0.1580 | Train Acc 98.3631 | Valid Acc 95.3125
2026-07-10 09:19:04 | TestSub: S12 | Epoch 56/100 Finsh | Now_lr 0.0005/0.0005 | Train Loss 0.0746 | Valid Loss 0.1453 | Train Acc 98.6607 | Valid Acc 96.8750
2026-07-10 09:19:04 | TestSub: S12 | Epoch 57/100 Finsh | Now_lr 0.0005/0.0005 | Train Loss 0.0643 | Valid Loss 0.1348 | Train Acc 98.8095 | Valid Acc 98.4375
2026-07-10 09:19:04 | Validation loss decreased (0.139666 --> 0.134845) in epoch (57). Saving model ...
2026-07-10 09:19:05 | TestSub: S12 | Epoch 58/100 Finsh | Now_lr 0.0005/0.0005 | Train Loss 0.0627 | Valid Loss 0.1293 | Train Acc 98.6607 | Valid Acc 96.8750
2026-07-10 09:19:05 | Validation loss decreased (0.134845 --> 0.129329) in epoch (58). Saving model ...
2026-07-10 09:19:05 | TestSub: S12 | Epoch 59/100 Finsh | Now_lr 0.0005/0.0005 | Train Loss 0.0494 | Valid Loss 0.1367 | Train Acc 99.1071 | Valid Acc 96.8750
2026-07-10 09:19:06 | TestSub: S12 | Epoch 60/100 Finsh | Now_lr 0.0005/0.0005 | Train Loss 0.0652 | Valid Loss 0.1236 | Train Acc 99.1071 | Valid Acc 98.4375
2026-07-10 09:19:06 | Validation loss decreased (0.129329 --> 0.123645) in epoch (60). Saving model ...
2026-07-10 09:19:06 | TestSub: S12 | Epoch 61/100 Finsh | Now_lr 0.0005/0.0005 | Train Loss 0.0560 | Valid Loss 0.1338 | Train Acc 98.5119 | Valid Acc 95.3125
2026-07-10 09:19:07 | TestSub: S12 | Epoch 62/100 Finsh | Now_lr 0.0005/0.0005 | Train Loss 0.0561 | Valid Loss 0.1552 | Train Acc 99.1071 | Valid Acc 93.7500
2026-07-10 09:19:07 | TestSub: S12 | Epoch 63/100 Finsh | Now_lr 0.0005/0.0005 | Train Loss 0.0620 | Valid Loss 0.1319 | Train Acc 98.9583 | Valid Acc 98.4375
2026-07-10 09:19:07 | TestSub: S12 | Epoch 64/100 Finsh | Now_lr 0.0005/0.0005 | Train Loss 0.0530 | Valid Loss 0.1295 | Train Acc 99.2560 | Valid Acc 96.8750
2026-07-10 09:19:08 | TestSub: S12 | Epoch 65/100 Finsh | Now_lr 0.0005/0.0005 | Train Loss 0.0461 | Valid Loss 0.1216 | Train Acc 99.4048 | Valid Acc 98.4375
2026-07-10 09:19:08 | Validation loss decreased (0.123645 --> 0.121551) in epoch (65). Saving model ...
2026-07-10 09:19:08 | TestSub: S12 | Epoch 66/100 Finsh | Now_lr 0.0005/0.0005 | Train Loss 0.0390 | Valid Loss 0.1225 | Train Acc 99.8512 | Valid Acc 98.4375
2026-07-10 09:19:09 | TestSub: S12 | Epoch 67/100 Finsh | Now_lr 0.0005/0.0005 | Train Loss 0.0399 | Valid Loss 0.1173 | Train Acc 99.2560 | Valid Acc 98.4375
2026-07-10 09:19:09 | Validation loss decreased (0.121551 --> 0.117287) in epoch (67). Saving model ...
2026-07-10 09:19:09 | TestSub: S12 | Epoch 68/100 Finsh | Now_lr 0.0005/0.0005 | Train Loss 0.0531 | Valid Loss 0.1140 | Train Acc 99.1071 | Valid Acc 98.4375
2026-07-10 09:19:09 | Validation loss decreased (0.117287 --> 0.113995) in epoch (68). Saving model ...
2026-07-10 09:19:10 | TestSub: S12 | Epoch 69/100 Finsh | Now_lr 0.0005/0.0005 | Train Loss 0.0396 | Valid Loss 0.1155 | Train Acc 99.7024 | Valid Acc 98.4375
2026-07-10 09:19:10 | TestSub: S12 | Epoch 70/100 Finsh | Now_lr 0.0005/0.0005 | Train Loss 0.0397 | Valid Loss 0.1224 | Train Acc 99.8512 | Valid Acc 98.4375
2026-07-10 09:19:11 | TestSub: S12 | Epoch 71/100 Finsh | Now_lr 0.0005/0.0005 | Train Loss 0.0590 | Valid Loss 0.2229 | Train Acc 98.5119 | Valid Acc 92.1875
2026-07-10 09:19:11 | TestSub: S12 | Epoch 72/100 Finsh | Now_lr 0.0005/0.0005 | Train Loss 0.0574 | Valid Loss 0.1176 | Train Acc 98.3631 | Valid Acc 98.4375
2026-07-10 09:19:12 | TestSub: S12 | Epoch 73/100 Finsh | Now_lr 0.0005/0.0005 | Train Loss 0.0499 | Valid Loss 0.1406 | Train Acc 99.1071 | Valid Acc 95.3125
2026-07-10 09:19:12 | TestSub: S12 | Epoch 74/100 Finsh | Now_lr 0.0005/0.0005 | Train Loss 0.0517 | Valid Loss 0.1230 | Train Acc 98.6607 | Valid Acc 98.4375
2026-07-10 09:19:13 | TestSub: S12 | Epoch 75/100 Finsh | Now_lr 0.0005/0.0005 | Train Loss 0.0505 | Valid Loss 0.1339 | Train Acc 98.9583 | Valid Acc 93.7500
2026-07-10 09:19:13 | TestSub: S12 | Epoch 76/100 Finsh | Now_lr 0.0005/0.0005 | Train Loss 0.0433 | Valid Loss 0.1272 | Train Acc 99.2560 | Valid Acc 93.7500
2026-07-10 09:19:13 | TestSub: S12 | Epoch 77/100 Finsh | Now_lr 0.0005/0.0005 | Train Loss 0.0365 | Valid Loss 0.1366 | Train Acc 99.4048 | Valid Acc 95.3125
2026-07-10 09:19:14 | TestSub: S12 | Epoch 78/100 Finsh | Now_lr 0.0005/0.0005 | Train Loss 0.0344 | Valid Loss 0.1171 | Train Acc 99.7024 | Valid Acc 96.8750
2026-07-10 09:19:14 | TestSub: S12 | Epoch 79/100 Finsh | Now_lr 0.0005/0.0005 | Train Loss 0.0368 | Valid Loss 0.1312 | Train Acc 99.8512 | Valid Acc 93.7500
2026-07-10 09:19:15 | TestSub: S12 | Epoch 80/100 Finsh | Now_lr 0.0005/0.0005 | Train Loss 0.0277 | Valid Loss 0.1199 | Train Acc 99.8512 | Valid Acc 98.4375
2026-07-10 09:19:15 | TestSub: S12 | Epoch 81/100 Finsh | Now_lr 0.0005/0.0005 | Train Loss 0.0409 | Valid Loss 0.1385 | Train Acc 99.5536 | Valid Acc 93.7500
2026-07-10 09:19:16 | TestSub: S12 | Epoch 82/100 Finsh | Now_lr 0.0005/0.0005 | Train Loss 0.0525 | Valid Loss 0.1361 | Train Acc 98.8095 | Valid Acc 93.7500
2026-07-10 09:19:16 | TestSub: S12 | Epoch 83/100 Finsh | Now_lr 0.0005/0.0005 | Train Loss 0.0334 | Valid Loss 0.1139 | Train Acc 100.0000 | Valid Acc 98.4375
2026-07-10 09:19:16 | Validation loss decreased (0.113995 --> 0.113862) in epoch (83). Saving model ...
2026-07-10 09:19:17 | TestSub: S12 | Epoch 84/100 Finsh | Now_lr 0.0005/0.0005 | Train Loss 0.0363 | Valid Loss 0.1173 | Train Acc 99.5536 | Valid Acc 98.4375
2026-07-10 09:19:17 | TestSub: S12 | Epoch 85/100 Finsh | Now_lr 0.0005/0.0005 | Train Loss 0.0319 | Valid Loss 0.1108 | Train Acc 99.8512 | Valid Acc 98.4375
2026-07-10 09:19:17 | Validation loss decreased (0.113862 --> 0.110770) in epoch (85). Saving model ...
2026-07-10 09:19:18 | TestSub: S12 | Epoch 86/100 Finsh | Now_lr 0.0005/0.0005 | Train Loss 0.0511 | Valid Loss 0.1502 | Train Acc 98.8095 | Valid Acc 92.1875
2026-07-10 09:19:18 | TestSub: S12 | Epoch 87/100 Finsh | Now_lr 0.0005/0.0005 | Train Loss 0.0278 | Valid Loss 0.1135 | Train Acc 100.0000 | Valid Acc 96.8750
2026-07-10 09:19:19 | TestSub: S12 | Epoch 88/100 Finsh | Now_lr 0.0005/0.0005 | Train Loss 0.0341 | Valid Loss 0.1133 | Train Acc 99.5536 | Valid Acc 96.8750
2026-07-10 09:19:19 | TestSub: S12 | Epoch 89/100 Finsh | Now_lr 0.0005/0.0005 | Train Loss 0.0334 | Valid Loss 0.1129 | Train Acc 99.4048 | Valid Acc 96.8750
2026-07-10 09:19:19 | TestSub: S12 | Epoch 90/100 Finsh | Now_lr 0.0005/0.0005 | Train Loss 0.0327 | Valid Loss 0.1114 | Train Acc 99.4048 | Valid Acc 96.8750
2026-07-10 09:19:20 | TestSub: S12 | Epoch 91/100 Finsh | Now_lr 0.0005/0.0005 | Train Loss 0.0448 | Valid Loss 0.1108 | Train Acc 98.6607 | Valid Acc 98.4375
2026-07-10 09:19:20 | Validation loss decreased (0.110770 --> 0.110753) in epoch (91). Saving model ...
2026-07-10 09:19:20 | TestSub: S12 | Epoch 92/100 Finsh | Now_lr 0.0005/0.0005 | Train Loss 0.0444 | Valid Loss 0.1203 | Train Acc 99.2560 | Valid Acc 96.8750
2026-07-10 09:19:21 | TestSub: S12 | Epoch 93/100 Finsh | Now_lr 0.0005/0.0005 | Train Loss 0.0415 | Valid Loss 0.1272 | Train Acc 98.9583 | Valid Acc 95.3125
2026-07-10 09:19:21 | TestSub: S12 | Epoch 94/100 Finsh | Now_lr 0.0005/0.0005 | Train Loss 0.0233 | Valid Loss 0.1116 | Train Acc 99.8512 | Valid Acc 98.4375
2026-07-10 09:19:22 | TestSub: S12 | Epoch 95/100 Finsh | Now_lr 0.0005/0.0005 | Train Loss 0.0389 | Valid Loss 0.1046 | Train Acc 99.4048 | Valid Acc 98.4375
2026-07-10 09:19:22 | Validation loss decreased (0.110753 --> 0.104563) in epoch (95). Saving model ...
2026-07-10 09:19:22 | TestSub: S12 | Epoch 96/100 Finsh | Now_lr 0.0005/0.0005 | Train Loss 0.0302 | Valid Loss 0.1188 | Train Acc 99.4048 | Valid Acc 98.4375
2026-07-10 09:19:23 | TestSub: S12 | Epoch 97/100 Finsh | Now_lr 0.0005/0.0005 | Train Loss 0.0521 | Valid Loss 0.1133 | Train Acc 98.5119 | Valid Acc 98.4375
2026-07-10 09:19:23 | TestSub: S12 | Epoch 98/100 Finsh | Now_lr 0.0005/0.0005 | Train Loss 0.0354 | Valid Loss 0.1219 | Train Acc 99.5536 | Valid Acc 96.8750
2026-07-10 09:19:23 | TestSub: S12 | Epoch 99/100 Finsh | Now_lr 0.0005/0.0005 | Train Loss 0.0356 | Valid Loss 0.1213 | Train Acc 99.4048 | Valid Acc 96.8750
2026-07-10 09:19:24 | TestSub: S12 | Epoch 100/100 Finsh | Now_lr 0.0005/0.0005 | Train Loss 0.0314 | Valid Loss 0.1225 | Train Acc 99.2560 | Valid Acc 98.4375
2026-07-10 09:19:24 | --------------------------------------------------
2026-07-10 09:19:24 | Test_Subject :S12 | Best epoch:95 | Test Loss:0.0744 | Savemodel Acc 97.9167
2026-07-10 09:19:24 | --------------------------------------------------
2026-07-10 09:19:24 | Best epoch: 95 | Test acc: 97.9167
