2026-07-10 09:13:51 | Logging started: ./writer/Subject_dependent_AAD/DTU/3.0s/result//Train3.0s_sub6.log
2026-07-10 09:13:51 | Sub_id: 6
2026-07-10 09:13:53 | TestSub: S6 | Epoch  1/100 Finsh | Now_lr 0.0005/0.0005 | Train Loss 0.6988 | Valid Loss 0.6921 | Train Acc 50.5952 | Valid Acc 51.5625
2026-07-10 09:13:53 | Validation loss decreased (inf --> 0.692095) in epoch (1). Saving model ...
2026-07-10 09:13:53 | TestSub: S6 | Epoch  2/100 Finsh | Now_lr 0.0005/0.0005 | Train Loss 0.6800 | Valid Loss 0.6964 | Train Acc 56.1012 | Valid Acc 51.5625
2026-07-10 09:13:53 | TestSub: S6 | Epoch  3/100 Finsh | Now_lr 0.0005/0.0005 | Train Loss 0.6638 | Valid Loss 0.6990 | Train Acc 60.7143 | Valid Acc 51.5625
2026-07-10 09:13:54 | TestSub: S6 | Epoch  4/100 Finsh | Now_lr 0.0005/0.0005 | Train Loss 0.6475 | Valid Loss 0.6760 | Train Acc 63.3929 | Valid Acc 57.8125
2026-07-10 09:13:54 | Validation loss decreased (0.692095 --> 0.676047) in epoch (4). Saving model ...
2026-07-10 09:13:54 | TestSub: S6 | Epoch  5/100 Finsh | Now_lr 0.0005/0.0005 | Train Loss 0.6270 | Valid Loss 0.6673 | Train Acc 66.2202 | Valid Acc 59.3750
2026-07-10 09:13:54 | Validation loss decreased (0.676047 --> 0.667307) in epoch (5). Saving model ...
2026-07-10 09:13:55 | TestSub: S6 | Epoch  6/100 Finsh | Now_lr 0.0005/0.0005 | Train Loss 0.6067 | Valid Loss 0.6549 | Train Acc 68.7500 | Valid Acc 62.5000
2026-07-10 09:13:55 | Validation loss decreased (0.667307 --> 0.654932) in epoch (6). Saving model ...
2026-07-10 09:13:55 | TestSub: S6 | Epoch  7/100 Finsh | Now_lr 0.0005/0.0005 | Train Loss 0.5842 | Valid Loss 0.6332 | Train Acc 70.9821 | Valid Acc 67.1875
2026-07-10 09:13:55 | Validation loss decreased (0.654932 --> 0.633235) in epoch (7). Saving model ...
2026-07-10 09:13:56 | TestSub: S6 | Epoch  8/100 Finsh | Now_lr 0.0005/0.0005 | Train Loss 0.5297 | Valid Loss 0.6044 | Train Acc 75.8929 | Valid Acc 68.7500
2026-07-10 09:13:56 | Validation loss decreased (0.633235 --> 0.604432) in epoch (8). Saving model ...
2026-07-10 09:13:57 | TestSub: S6 | Epoch  9/100 Finsh | Now_lr 0.0005/0.0005 | Train Loss 0.4964 | Valid Loss 0.5839 | Train Acc 79.4643 | Valid Acc 76.5625
2026-07-10 09:13:57 | Validation loss decreased (0.604432 --> 0.583941) in epoch (9). Saving model ...
2026-07-10 09:13:57 | TestSub: S6 | Epoch 10/100 Finsh | Now_lr 0.0005/0.0005 | Train Loss 0.4781 | Valid Loss 0.5724 | Train Acc 79.1667 | Valid Acc 75.0000
2026-07-10 09:13:57 | Validation loss decreased (0.583941 --> 0.572383) in epoch (10). Saving model ...
2026-07-10 09:13:57 | TestSub: S6 | Epoch 11/100 Finsh | Now_lr 0.0005/0.0005 | Train Loss 0.4535 | Valid Loss 0.5597 | Train Acc 79.6131 | Valid Acc 76.5625
2026-07-10 09:13:57 | Validation loss decreased (0.572383 --> 0.559716) in epoch (11). Saving model ...
2026-07-10 09:13:58 | TestSub: S6 | Epoch 12/100 Finsh | Now_lr 0.0005/0.0005 | Train Loss 0.4338 | Valid Loss 0.5465 | Train Acc 79.0179 | Valid Acc 75.0000
2026-07-10 09:13:58 | Validation loss decreased (0.559716 --> 0.546519) in epoch (12). Saving model ...
2026-07-10 09:13:58 | TestSub: S6 | Epoch 13/100 Finsh | Now_lr 0.0005/0.0005 | Train Loss 0.4188 | Valid Loss 0.5460 | Train Acc 82.1429 | Valid Acc 73.4375
2026-07-10 09:13:58 | Validation loss decreased (0.546519 --> 0.546024) in epoch (13). Saving model ...
2026-07-10 09:13:59 | TestSub: S6 | Epoch 14/100 Finsh | Now_lr 0.0005/0.0005 | Train Loss 0.4066 | Valid Loss 0.5488 | Train Acc 81.1012 | Valid Acc 81.2500
2026-07-10 09:14:00 | TestSub: S6 | Epoch 15/100 Finsh | Now_lr 0.0005/0.0005 | Train Loss 0.3833 | Valid Loss 0.5488 | Train Acc 83.6310 | Valid Acc 81.2500
2026-07-10 09:14:00 | TestSub: S6 | Epoch 16/100 Finsh | Now_lr 0.0005/0.0005 | Train Loss 0.3458 | Valid Loss 0.5461 | Train Acc 86.3095 | Valid Acc 75.0000
2026-07-10 09:14:00 | TestSub: S6 | Epoch 17/100 Finsh | Now_lr 0.0005/0.0005 | Train Loss 0.3581 | Valid Loss 0.5477 | Train Acc 84.0774 | Valid Acc 82.8125
2026-07-10 09:14:01 | TestSub: S6 | Epoch 18/100 Finsh | Now_lr 0.0005/0.0005 | Train Loss 0.3567 | Valid Loss 0.5692 | Train Acc 85.2679 | Valid Acc 70.3125
2026-07-10 09:14:01 | TestSub: S6 | Epoch 19/100 Finsh | Now_lr 0.0005/0.0005 | Train Loss 0.3266 | Valid Loss 0.5498 | Train Acc 87.9464 | Valid Acc 81.2500
2026-07-10 09:14:02 | TestSub: S6 | Epoch 20/100 Finsh | Now_lr 0.0005/0.0005 | Train Loss 0.3278 | Valid Loss 0.5564 | Train Acc 86.1607 | Valid Acc 73.4375
2026-07-10 09:14:02 | TestSub: S6 | Epoch 21/100 Finsh | Now_lr 0.0005/0.0005 | Train Loss 0.3049 | Valid Loss 0.5507 | Train Acc 89.1369 | Valid Acc 84.3750
2026-07-10 09:14:03 | TestSub: S6 | Epoch 22/100 Finsh | Now_lr 0.0005/0.0005 | Train Loss 0.2952 | Valid Loss 0.5613 | Train Acc 88.5417 | Valid Acc 75.0000
2026-07-10 09:14:03 | TestSub: S6 | Epoch 23/100 Finsh | Now_lr 0.0005/0.0005 | Train Loss 0.2841 | Valid Loss 0.5583 | Train Acc 89.2857 | Valid Acc 81.2500
2026-07-10 09:14:03 | TestSub: S6 | Epoch 24/100 Finsh | Now_lr 0.0005/0.0005 | Train Loss 0.2921 | Valid Loss 0.5480 | Train Acc 90.1786 | Valid Acc 79.6875
2026-07-10 09:14:04 | TestSub: S6 | Epoch 25/100 Finsh | Now_lr 0.0005/0.0005 | Train Loss 0.2674 | Valid Loss 0.5476 | Train Acc 89.5833 | Valid Acc 78.1250
2026-07-10 09:14:04 | TestSub: S6 | Epoch 26/100 Finsh | Now_lr 0.0005/0.0005 | Train Loss 0.2613 | Valid Loss 0.5334 | Train Acc 89.4345 | Valid Acc 79.6875
2026-07-10 09:14:04 | Validation loss decreased (0.546024 --> 0.533385) in epoch (26). Saving model ...
2026-07-10 09:14:05 | TestSub: S6 | Epoch 27/100 Finsh | Now_lr 0.0005/0.0005 | Train Loss 0.2686 | Valid Loss 0.5395 | Train Acc 88.6905 | Valid Acc 76.5625
2026-07-10 09:14:05 | TestSub: S6 | Epoch 28/100 Finsh | Now_lr 0.0005/0.0005 | Train Loss 0.2415 | Valid Loss 0.5382 | Train Acc 91.0714 | Valid Acc 79.6875
2026-07-10 09:14:06 | TestSub: S6 | Epoch 29/100 Finsh | Now_lr 0.0005/0.0005 | Train Loss 0.2243 | Valid Loss 0.5316 | Train Acc 92.8571 | Valid Acc 78.1250
2026-07-10 09:14:06 | Validation loss decreased (0.533385 --> 0.531584) in epoch (29). Saving model ...
2026-07-10 09:14:06 | TestSub: S6 | Epoch 30/100 Finsh | Now_lr 0.0005/0.0005 | Train Loss 0.2388 | Valid Loss 0.5402 | Train Acc 90.4762 | Valid Acc 81.2500
2026-07-10 09:14:06 | TestSub: S6 | Epoch 31/100 Finsh | Now_lr 0.0005/0.0005 | Train Loss 0.2184 | Valid Loss 0.5776 | Train Acc 91.5179 | Valid Acc 76.5625
2026-07-10 09:14:07 | TestSub: S6 | Epoch 32/100 Finsh | Now_lr 0.0005/0.0005 | Train Loss 0.2063 | Valid Loss 0.5431 | Train Acc 93.6012 | Valid Acc 79.6875
2026-07-10 09:14:07 | TestSub: S6 | Epoch 33/100 Finsh | Now_lr 0.0005/0.0005 | Train Loss 0.2084 | Valid Loss 0.5433 | Train Acc 93.6012 | Valid Acc 79.6875
2026-07-10 09:14:08 | TestSub: S6 | Epoch 34/100 Finsh | Now_lr 0.0005/0.0005 | Train Loss 0.2221 | Valid Loss 0.5224 | Train Acc 92.1131 | Valid Acc 82.8125
2026-07-10 09:14:08 | Validation loss decreased (0.531584 --> 0.522426) in epoch (34). Saving model ...
2026-07-10 09:14:08 | TestSub: S6 | Epoch 35/100 Finsh | Now_lr 0.0005/0.0005 | Train Loss 0.2101 | Valid Loss 0.5275 | Train Acc 93.4524 | Valid Acc 79.6875
2026-07-10 09:14:09 | TestSub: S6 | Epoch 36/100 Finsh | Now_lr 0.0005/0.0005 | Train Loss 0.2105 | Valid Loss 0.5211 | Train Acc 92.1131 | Valid Acc 79.6875
2026-07-10 09:14:09 | Validation loss decreased (0.522426 --> 0.521115) in epoch (36). Saving model ...
2026-07-10 09:14:09 | TestSub: S6 | Epoch 37/100 Finsh | Now_lr 0.0005/0.0005 | Train Loss 0.2074 | Valid Loss 0.5200 | Train Acc 93.6012 | Valid Acc 82.8125
2026-07-10 09:14:09 | Validation loss decreased (0.521115 --> 0.519981) in epoch (37). Saving model ...
2026-07-10 09:14:10 | TestSub: S6 | Epoch 38/100 Finsh | Now_lr 0.0005/0.0005 | Train Loss 0.1869 | Valid Loss 0.5279 | Train Acc 94.3452 | Valid Acc 79.6875
2026-07-10 09:14:10 | TestSub: S6 | Epoch 39/100 Finsh | Now_lr 0.0005/0.0005 | Train Loss 0.1709 | Valid Loss 0.5232 | Train Acc 95.5357 | Valid Acc 81.2500
2026-07-10 09:14:10 | TestSub: S6 | Epoch 40/100 Finsh | Now_lr 0.0005/0.0005 | Train Loss 0.1741 | Valid Loss 0.5091 | Train Acc 94.9405 | Valid Acc 78.1250
2026-07-10 09:14:10 | Validation loss decreased (0.519981 --> 0.509147) in epoch (40). Saving model ...
2026-07-10 09:14:11 | TestSub: S6 | Epoch 41/100 Finsh | Now_lr 0.0005/0.0005 | Train Loss 0.1576 | Valid Loss 0.5078 | Train Acc 95.8333 | Valid Acc 79.6875
2026-07-10 09:14:11 | Validation loss decreased (0.509147 --> 0.507766) in epoch (41). Saving model ...
2026-07-10 09:14:12 | TestSub: S6 | Epoch 42/100 Finsh | Now_lr 0.0005/0.0005 | Train Loss 0.1605 | Valid Loss 0.5103 | Train Acc 94.6429 | Valid Acc 81.2500
2026-07-10 09:14:12 | TestSub: S6 | Epoch 43/100 Finsh | Now_lr 0.0005/0.0005 | Train Loss 0.1620 | Valid Loss 0.4935 | Train Acc 94.7917 | Valid Acc 82.8125
2026-07-10 09:14:12 | Validation loss decreased (0.507766 --> 0.493451) in epoch (43). Saving model ...
2026-07-10 09:14:13 | TestSub: S6 | Epoch 44/100 Finsh | Now_lr 0.0005/0.0005 | Train Loss 0.1665 | Valid Loss 0.4896 | Train Acc 94.9405 | Valid Acc 84.3750
2026-07-10 09:14:13 | Validation loss decreased (0.493451 --> 0.489614) in epoch (44). Saving model ...
2026-07-10 09:14:13 | TestSub: S6 | Epoch 45/100 Finsh | Now_lr 0.0005/0.0005 | Train Loss 0.1514 | Valid Loss 0.5242 | Train Acc 95.6845 | Valid Acc 79.6875
2026-07-10 09:14:14 | TestSub: S6 | Epoch 46/100 Finsh | Now_lr 0.0005/0.0005 | Train Loss 0.1428 | Valid Loss 0.4891 | Train Acc 95.9821 | Valid Acc 85.9375
2026-07-10 09:14:14 | Validation loss decreased (0.489614 --> 0.489077) in epoch (46). Saving model ...
2026-07-10 09:14:14 | TestSub: S6 | Epoch 47/100 Finsh | Now_lr 0.0005/0.0005 | Train Loss 0.1384 | Valid Loss 0.4962 | Train Acc 96.4286 | Valid Acc 82.8125
2026-07-10 09:14:15 | TestSub: S6 | Epoch 48/100 Finsh | Now_lr 0.0005/0.0005 | Train Loss 0.1442 | Valid Loss 0.4852 | Train Acc 96.1310 | Valid Acc 81.2500
2026-07-10 09:14:15 | Validation loss decreased (0.489077 --> 0.485234) in epoch (48). Saving model ...
2026-07-10 09:14:15 | TestSub: S6 | Epoch 49/100 Finsh | Now_lr 0.0005/0.0005 | Train Loss 0.1265 | Valid Loss 0.4895 | Train Acc 96.7262 | Valid Acc 85.9375
2026-07-10 09:14:16 | TestSub: S6 | Epoch 50/100 Finsh | Now_lr 0.0005/0.0005 | Train Loss 0.1353 | Valid Loss 0.5234 | Train Acc 96.4286 | Valid Acc 78.1250
2026-07-10 09:14:16 | TestSub: S6 | Epoch 51/100 Finsh | Now_lr 0.0005/0.0005 | Train Loss 0.1405 | Valid Loss 0.5179 | Train Acc 95.5357 | Valid Acc 79.6875
2026-07-10 09:14:16 | TestSub: S6 | Epoch 52/100 Finsh | Now_lr 0.0005/0.0005 | Train Loss 0.1292 | Valid Loss 0.5107 | Train Acc 96.1310 | Valid Acc 82.8125
2026-07-10 09:14:17 | TestSub: S6 | Epoch 53/100 Finsh | Now_lr 0.0005/0.0005 | Train Loss 0.1278 | Valid Loss 0.5023 | Train Acc 97.0238 | Valid Acc 78.1250
2026-07-10 09:14:17 | TestSub: S6 | Epoch 54/100 Finsh | Now_lr 0.0005/0.0005 | Train Loss 0.1357 | Valid Loss 0.4860 | Train Acc 96.7262 | Valid Acc 82.8125
2026-07-10 09:14:18 | TestSub: S6 | Epoch 55/100 Finsh | Now_lr 0.0005/0.0005 | Train Loss 0.1186 | Valid Loss 0.4928 | Train Acc 96.7262 | Valid Acc 82.8125
2026-07-10 09:14:18 | TestSub: S6 | Epoch 56/100 Finsh | Now_lr 0.0005/0.0005 | Train Loss 0.1228 | Valid Loss 0.4640 | Train Acc 96.5774 | Valid Acc 84.3750
2026-07-10 09:14:18 | Validation loss decreased (0.485234 --> 0.464014) in epoch (56). Saving model ...
2026-07-10 09:14:19 | TestSub: S6 | Epoch 57/100 Finsh | Now_lr 0.0005/0.0005 | Train Loss 0.1142 | Valid Loss 0.4719 | Train Acc 97.9167 | Valid Acc 82.8125
2026-07-10 09:14:19 | TestSub: S6 | Epoch 58/100 Finsh | Now_lr 0.0005/0.0005 | Train Loss 0.1050 | Valid Loss 0.4726 | Train Acc 97.4702 | Valid Acc 84.3750
2026-07-10 09:14:19 | TestSub: S6 | Epoch 59/100 Finsh | Now_lr 0.0005/0.0005 | Train Loss 0.1243 | Valid Loss 0.4732 | Train Acc 96.2798 | Valid Acc 81.2500
2026-07-10 09:14:20 | TestSub: S6 | Epoch 60/100 Finsh | Now_lr 0.0005/0.0005 | Train Loss 0.1151 | Valid Loss 0.4856 | Train Acc 96.7262 | Valid Acc 78.1250
2026-07-10 09:14:20 | TestSub: S6 | Epoch 61/100 Finsh | Now_lr 0.0005/0.0005 | Train Loss 0.1431 | Valid Loss 0.4835 | Train Acc 95.9821 | Valid Acc 81.2500
2026-07-10 09:14:21 | TestSub: S6 | Epoch 62/100 Finsh | Now_lr 0.0005/0.0005 | Train Loss 0.1012 | Valid Loss 0.4755 | Train Acc 98.3631 | Valid Acc 82.8125
2026-07-10 09:14:21 | TestSub: S6 | Epoch 63/100 Finsh | Now_lr 0.0005/0.0005 | Train Loss 0.0966 | Valid Loss 0.4984 | Train Acc 98.2143 | Valid Acc 81.2500
2026-07-10 09:14:22 | TestSub: S6 | Epoch 64/100 Finsh | Now_lr 0.0005/0.0005 | Train Loss 0.1160 | Valid Loss 0.4891 | Train Acc 97.0238 | Valid Acc 79.6875
2026-07-10 09:14:22 | TestSub: S6 | Epoch 65/100 Finsh | Now_lr 0.0005/0.0005 | Train Loss 0.0979 | Valid Loss 0.5118 | Train Acc 97.9167 | Valid Acc 79.6875
2026-07-10 09:14:22 | TestSub: S6 | Epoch 66/100 Finsh | Now_lr 0.0005/0.0005 | Train Loss 0.0914 | Valid Loss 0.4863 | Train Acc 98.2143 | Valid Acc 81.2500
2026-07-10 09:14:23 | TestSub: S6 | Epoch 67/100 Finsh | Now_lr 0.0005/0.0005 | Train Loss 0.0893 | Valid Loss 0.4770 | Train Acc 98.6607 | Valid Acc 82.8125
2026-07-10 09:14:23 | TestSub: S6 | Epoch 68/100 Finsh | Now_lr 0.0005/0.0005 | Train Loss 0.0933 | Valid Loss 0.4724 | Train Acc 97.1726 | Valid Acc 81.2500
2026-07-10 09:14:24 | TestSub: S6 | Epoch 69/100 Finsh | Now_lr 0.0005/0.0005 | Train Loss 0.1037 | Valid Loss 0.4574 | Train Acc 96.5774 | Valid Acc 82.8125
2026-07-10 09:14:24 | Validation loss decreased (0.464014 --> 0.457375) in epoch (69). Saving model ...
2026-07-10 09:14:24 | TestSub: S6 | Epoch 70/100 Finsh | Now_lr 0.0005/0.0005 | Train Loss 0.0787 | Valid Loss 0.4657 | Train Acc 98.3631 | Valid Acc 81.2500
2026-07-10 09:14:25 | TestSub: S6 | Epoch 71/100 Finsh | Now_lr 0.0005/0.0005 | Train Loss 0.0903 | Valid Loss 0.4493 | Train Acc 97.9167 | Valid Acc 85.9375
2026-07-10 09:14:25 | Validation loss decreased (0.457375 --> 0.449281) in epoch (71). Saving model ...
2026-07-10 09:14:25 | TestSub: S6 | Epoch 72/100 Finsh | Now_lr 0.0005/0.0005 | Train Loss 0.0800 | Valid Loss 0.4703 | Train Acc 98.8095 | Valid Acc 85.9375
2026-07-10 09:14:26 | TestSub: S6 | Epoch 73/100 Finsh | Now_lr 0.0005/0.0005 | Train Loss 0.0783 | Valid Loss 0.4663 | Train Acc 98.5119 | Valid Acc 82.8125
2026-07-10 09:14:26 | TestSub: S6 | Epoch 74/100 Finsh | Now_lr 0.0005/0.0005 | Train Loss 0.0837 | Valid Loss 0.4296 | Train Acc 98.6607 | Valid Acc 85.9375
2026-07-10 09:14:26 | Validation loss decreased (0.449281 --> 0.429552) in epoch (74). Saving model ...
2026-07-10 09:14:27 | TestSub: S6 | Epoch 75/100 Finsh | Now_lr 0.0005/0.0005 | Train Loss 0.0921 | Valid Loss 0.4443 | Train Acc 97.9167 | Valid Acc 89.0625
2026-07-10 09:14:27 | TestSub: S6 | Epoch 76/100 Finsh | Now_lr 0.0005/0.0005 | Train Loss 0.0907 | Valid Loss 0.4406 | Train Acc 97.4702 | Valid Acc 89.0625
2026-07-10 09:14:27 | TestSub: S6 | Epoch 77/100 Finsh | Now_lr 0.0005/0.0005 | Train Loss 0.0913 | Valid Loss 0.4599 | Train Acc 98.0655 | Valid Acc 81.2500
2026-07-10 09:14:28 | TestSub: S6 | Epoch 78/100 Finsh | Now_lr 0.0005/0.0005 | Train Loss 0.0641 | Valid Loss 0.4721 | Train Acc 98.8095 | Valid Acc 81.2500
2026-07-10 09:14:28 | TestSub: S6 | Epoch 79/100 Finsh | Now_lr 0.0005/0.0005 | Train Loss 0.0789 | Valid Loss 0.4511 | Train Acc 98.2143 | Valid Acc 84.3750
2026-07-10 09:14:29 | TestSub: S6 | Epoch 80/100 Finsh | Now_lr 0.0005/0.0005 | Train Loss 0.0884 | Valid Loss 0.4477 | Train Acc 97.1726 | Valid Acc 82.8125
2026-07-10 09:14:29 | TestSub: S6 | Epoch 81/100 Finsh | Now_lr 0.0005/0.0005 | Train Loss 0.0697 | Valid Loss 0.4499 | Train Acc 98.5119 | Valid Acc 82.8125
2026-07-10 09:14:30 | TestSub: S6 | Epoch 82/100 Finsh | Now_lr 0.0005/0.0005 | Train Loss 0.0709 | Valid Loss 0.4429 | Train Acc 98.3631 | Valid Acc 79.6875
2026-07-10 09:14:30 | TestSub: S6 | Epoch 83/100 Finsh | Now_lr 0.0005/0.0005 | Train Loss 0.0805 | Valid Loss 0.4435 | Train Acc 97.7679 | Valid Acc 84.3750
2026-07-10 09:14:30 | TestSub: S6 | Epoch 84/100 Finsh | Now_lr 0.0005/0.0005 | Train Loss 0.0766 | Valid Loss 0.4429 | Train Acc 97.6190 | Valid Acc 79.6875
2026-07-10 09:14:31 | TestSub: S6 | Epoch 85/100 Finsh | Now_lr 0.0005/0.0005 | Train Loss 0.0692 | Valid Loss 0.4528 | Train Acc 98.9583 | Valid Acc 81.2500
2026-07-10 09:14:31 | TestSub: S6 | Epoch 86/100 Finsh | Now_lr 0.0005/0.0005 | Train Loss 0.0764 | Valid Loss 0.4205 | Train Acc 98.3631 | Valid Acc 84.3750
2026-07-10 09:14:31 | Validation loss decreased (0.429552 --> 0.420456) in epoch (86). Saving model ...
2026-07-10 09:14:32 | TestSub: S6 | Epoch 87/100 Finsh | Now_lr 0.0005/0.0005 | Train Loss 0.0657 | Valid Loss 0.4552 | Train Acc 98.6607 | Valid Acc 79.6875
2026-07-10 09:14:32 | TestSub: S6 | Epoch 88/100 Finsh | Now_lr 0.0005/0.0005 | Train Loss 0.0719 | Valid Loss 0.4125 | Train Acc 97.7679 | Valid Acc 84.3750
2026-07-10 09:14:32 | Validation loss decreased (0.420456 --> 0.412473) in epoch (88). Saving model ...
2026-07-10 09:14:33 | TestSub: S6 | Epoch 89/100 Finsh | Now_lr 0.0005/0.0005 | Train Loss 0.0595 | Valid Loss 0.4539 | Train Acc 99.1071 | Valid Acc 81.2500
2026-07-10 09:14:33 | TestSub: S6 | Epoch 90/100 Finsh | Now_lr 0.0005/0.0005 | Train Loss 0.0604 | Valid Loss 0.4073 | Train Acc 98.8095 | Valid Acc 85.9375
2026-07-10 09:14:33 | Validation loss decreased (0.412473 --> 0.407302) in epoch (90). Saving model ...
2026-07-10 09:14:34 | TestSub: S6 | Epoch 91/100 Finsh | Now_lr 0.0005/0.0005 | Train Loss 0.0683 | Valid Loss 0.4061 | Train Acc 98.6607 | Valid Acc 85.9375
2026-07-10 09:14:34 | Validation loss decreased (0.407302 --> 0.406147) in epoch (91). Saving model ...
2026-07-10 09:14:34 | TestSub: S6 | Epoch 92/100 Finsh | Now_lr 0.0005/0.0005 | Train Loss 0.0562 | Valid Loss 0.3937 | Train Acc 99.4048 | Valid Acc 85.9375
2026-07-10 09:14:34 | Validation loss decreased (0.406147 --> 0.393665) in epoch (92). Saving model ...
2026-07-10 09:14:34 | TestSub: S6 | Epoch 93/100 Finsh | Now_lr 0.0005/0.0005 | Train Loss 0.0654 | Valid Loss 0.3680 | Train Acc 98.8095 | Valid Acc 92.1875
2026-07-10 09:14:34 | Validation loss decreased (0.393665 --> 0.368035) in epoch (93). Saving model ...
2026-07-10 09:14:35 | TestSub: S6 | Epoch 94/100 Finsh | Now_lr 0.0005/0.0005 | Train Loss 0.0629 | Valid Loss 0.4148 | Train Acc 99.1071 | Valid Acc 82.8125
2026-07-10 09:14:35 | TestSub: S6 | Epoch 95/100 Finsh | Now_lr 0.0005/0.0005 | Train Loss 0.0725 | Valid Loss 0.3930 | Train Acc 98.3631 | Valid Acc 85.9375
2026-07-10 09:14:36 | TestSub: S6 | Epoch 96/100 Finsh | Now_lr 0.0005/0.0005 | Train Loss 0.0692 | Valid Loss 0.3930 | Train Acc 98.3631 | Valid Acc 85.9375
2026-07-10 09:14:36 | TestSub: S6 | Epoch 97/100 Finsh | Now_lr 0.0005/0.0005 | Train Loss 0.0501 | Valid Loss 0.3841 | Train Acc 99.1071 | Valid Acc 89.0625
2026-07-10 09:14:37 | TestSub: S6 | Epoch 98/100 Finsh | Now_lr 0.0005/0.0005 | Train Loss 0.0572 | Valid Loss 0.3868 | Train Acc 99.1071 | Valid Acc 85.9375
2026-07-10 09:14:37 | TestSub: S6 | Epoch 99/100 Finsh | Now_lr 0.0005/0.0005 | Train Loss 0.0551 | Valid Loss 0.4247 | Train Acc 99.2560 | Valid Acc 81.2500
2026-07-10 09:14:38 | TestSub: S6 | Epoch 100/100 Finsh | Now_lr 0.0005/0.0005 | Train Loss 0.0691 | Valid Loss 0.4095 | Train Acc 98.0655 | Valid Acc 85.9375
2026-07-10 09:14:38 | --------------------------------------------------
2026-07-10 09:14:38 | Test_Subject :S6 | Best epoch:93 | Test Loss:0.5669 | Savemodel Acc 77.0833
2026-07-10 09:14:38 | --------------------------------------------------
2026-07-10 09:14:38 | Best epoch: 93 | Test acc: 77.0833
