2026-07-19 22:07:49 | Logging started: ./writer/Subject_independent_AAD/KUL/0.1s/result//Train0.1s_sub16.log
2026-07-19 22:14:48 | TestSub: S16 | Epoch  1/100 Finsh | Now_lr 0.0005/0.0005 | Train Loss 0.5895 | Valid Loss 0.6657 | Train Acc 68.9624 | Valid Acc 62.6440
2026-07-19 22:19:56 | TestSub: S16 | Epoch  2/100 Finsh | Now_lr 0.0005/0.0005 | Train Loss 0.5722 | Valid Loss 0.6644 | Train Acc 70.2437 | Valid Acc 62.2698
2026-07-19 22:25:25 | TestSub: S16 | Epoch  3/100 Finsh | Now_lr 0.0005/0.0005 | Train Loss 0.5688 | Valid Loss 0.6711 | Train Acc 70.4704 | Valid Acc 61.9939
2026-07-19 22:31:23 | TestSub: S16 | Epoch  4/100 Finsh | Now_lr 0.0005/0.0005 | Train Loss 0.5664 | Valid Loss 0.6601 | Train Acc 70.6296 | Valid Acc 63.2648
2026-07-19 22:37:38 | TestSub: S16 | Epoch  5/100 Finsh | Now_lr 0.0005/0.0005 | Train Loss 0.5636 | Valid Loss 0.6620 | Train Acc 70.7874 | Valid Acc 62.8570
2026-07-19 22:44:20 | TestSub: S16 | Epoch  6/100 Finsh | Now_lr 0.0005/0.0005 | Train Loss 0.5623 | Valid Loss 0.6516 | Train Acc 70.8379 | Valid Acc 64.0164
2026-07-19 22:51:03 | TestSub: S16 | Epoch  7/100 Finsh | Now_lr 0.0005/0.0005 | Train Loss 0.5610 | Valid Loss 0.6617 | Train Acc 70.9019 | Valid Acc 62.8611
2026-07-19 22:57:46 | TestSub: S16 | Epoch  8/100 Finsh | Now_lr 0.0005/0.0005 | Train Loss 0.5610 | Valid Loss 0.6651 | Train Acc 70.8681 | Valid Acc 62.5882
2026-07-19 23:04:29 | TestSub: S16 | Epoch  9/100 Finsh | Now_lr 0.0005/0.0005 | Train Loss 0.5602 | Valid Loss 0.6599 | Train Acc 70.9794 | Valid Acc 63.3368
2026-07-19 23:10:18 | TestSub: S16 | Epoch 10/100 Finsh | Now_lr 0.0005/0.0005 | Train Loss 0.5582 | Valid Loss 0.6663 | Train Acc 71.1023 | Valid Acc 62.9737
2026-07-19 23:15:27 | TestSub: S16 | Epoch 11/100 Finsh | Now_lr 0.0005/0.0005 | Train Loss 0.5576 | Valid Loss 0.6641 | Train Acc 71.1875 | Valid Acc 63.0771
2026-07-19 23:20:36 | TestSub: S16 | Epoch 12/100 Finsh | Now_lr 0.0005/0.0005 | Train Loss 0.5558 | Valid Loss 0.6695 | Train Acc 71.3363 | Valid Acc 62.0608
2026-07-19 23:26:12 | TestSub: S16 | Epoch 13/100 Finsh | Now_lr 0.0005/0.0005 | Train Loss 0.5544 | Valid Loss 0.6588 | Train Acc 71.4423 | Valid Acc 63.8054
2026-07-19 23:32:05 | TestSub: S16 | Epoch 14/100 Finsh | Now_lr 0.0005/0.0005 | Train Loss 0.5526 | Valid Loss 0.6678 | Train Acc 71.5928 | Valid Acc 62.3874
2026-07-19 23:38:25 | TestSub: S16 | Epoch 15/100 Finsh | Now_lr 0.0005/0.0005 | Train Loss 0.5502 | Valid Loss 0.6657 | Train Acc 71.7769 | Valid Acc 62.8824
2026-07-19 23:45:09 | TestSub: S16 | Epoch 16/100 Finsh | Now_lr 0.0005/0.0005 | Train Loss 0.5483 | Valid Loss 0.6732 | Train Acc 71.9094 | Valid Acc 62.2860
2026-07-19 23:51:51 | TestSub: S16 | Epoch 17/100 Finsh | Now_lr 0.0005/0.0005 | Train Loss 0.5454 | Valid Loss 0.6647 | Train Acc 72.1556 | Valid Acc 62.5193
2026-07-19 23:58:37 | TestSub: S16 | Epoch 18/100 Finsh | Now_lr 0.0005/0.0005 | Train Loss 0.5430 | Valid Loss 0.6782 | Train Acc 72.3360 | Valid Acc 61.5608
2026-07-20 00:05:22 | TestSub: S16 | Epoch 19/100 Finsh | Now_lr 0.0005/0.0005 | Train Loss 0.5406 | Valid Loss 0.6776 | Train Acc 72.5433 | Valid Acc 61.7383
2026-07-20 00:10:51 | TestSub: S16 | Epoch 20/100 Finsh | Now_lr 0.0005/0.0005 | Train Loss 0.5383 | Valid Loss 0.6805 | Train Acc 72.7254 | Valid Acc 61.8072
2026-07-20 00:15:59 | TestSub: S16 | Epoch 21/100 Finsh | Now_lr 0.0005/0.0005 | Train Loss 0.5365 | Valid Loss 0.6952 | Train Acc 72.8794 | Valid Acc 59.8406
2026-07-20 00:21:08 | TestSub: S16 | Epoch 22/100 Finsh | Now_lr 0.0005/0.0005 | Train Loss 0.5353 | Valid Loss 0.6984 | Train Acc 72.9595 | Valid Acc 59.6803
2026-07-20 00:26:33 | TestSub: S16 | Epoch 23/100 Finsh | Now_lr 0.0005/0.0005 | Train Loss 0.5340 | Valid Loss 0.6843 | Train Acc 73.0292 | Valid Acc 61.4654
2026-07-20 00:32:38 | TestSub: S16 | Epoch 24/100 Finsh | Now_lr 0.0005/0.0005 | Train Loss 0.5330 | Valid Loss 0.7004 | Train Acc 73.0902 | Valid Acc 60.1296
2026-07-20 00:38:49 | TestSub: S16 | Epoch 25/100 Finsh | Now_lr 0.0005/0.0005 | Train Loss 0.5321 | Valid Loss 0.7000 | Train Acc 73.2209 | Valid Acc 60.4613
2026-07-20 00:45:30 | TestSub: S16 | Epoch 26/100 Finsh | Now_lr 0.0005/0.0005 | Train Loss 0.5316 | Valid Loss 0.7053 | Train Acc 73.1822 | Valid Acc 59.8953
2026-07-20 00:52:15 | TestSub: S16 | Epoch 27/100 Finsh | Now_lr 0.0005/0.0005 | Train Loss 0.5308 | Valid Loss 0.7019 | Train Acc 73.3028 | Valid Acc 59.8710
2026-07-20 00:52:25 | --------------------------------------------------
2026-07-20 00:52:25 | Test_Subject :S16 | Best epoch:6 | Test Loss:0.6516 | Savemodel Acc 64.0164
2026-07-20 00:52:25 | --------------------------------------------------
2026-07-20 00:52:25 | Best epoch: 6 | Test acc: 64.0164
