2026-07-18 20:49:55 | Logging started: ./writer/Subject_independent_AAD/KUL/0.1s/result//Train0.1s_sub5.log
2026-07-18 20:57:52 | TestSub: S5 | Epoch  1/100 Finsh | Now_lr 0.0005/0.0005 | Train Loss 0.5920 | Valid Loss 0.5978 | Train Acc 68.7102 | Valid Acc 64.5894
2026-07-18 21:03:56 | TestSub: S5 | Epoch  2/100 Finsh | Now_lr 0.0005/0.0005 | Train Loss 0.5704 | Valid Loss 0.5940 | Train Acc 70.2299 | Valid Acc 65.1889
2026-07-18 21:10:01 | TestSub: S5 | Epoch  3/100 Finsh | Now_lr 0.0005/0.0005 | Train Loss 0.5560 | Valid Loss 0.6095 | Train Acc 71.2205 | Valid Acc 64.7071
2026-07-18 21:16:04 | TestSub: S5 | Epoch  4/100 Finsh | Now_lr 0.0005/0.0005 | Train Loss 0.5418 | Valid Loss 0.6154 | Train Acc 72.2595 | Valid Acc 64.5641
2026-07-18 21:22:08 | TestSub: S5 | Epoch  5/100 Finsh | Now_lr 0.0005/0.0005 | Train Loss 0.5308 | Valid Loss 0.6175 | Train Acc 73.1172 | Valid Acc 64.9525
2026-07-18 21:28:22 | TestSub: S5 | Epoch  6/100 Finsh | Now_lr 0.0005/0.0005 | Train Loss 0.5249 | Valid Loss 0.6132 | Train Acc 73.5922 | Valid Acc 65.7538
2026-07-18 21:34:43 | TestSub: S5 | Epoch  7/100 Finsh | Now_lr 0.0005/0.0005 | Train Loss 0.5214 | Valid Loss 0.6192 | Train Acc 73.8981 | Valid Acc 65.5499
2026-07-18 21:41:03 | TestSub: S5 | Epoch  8/100 Finsh | Now_lr 0.0005/0.0005 | Train Loss 0.5182 | Valid Loss 0.6241 | Train Acc 74.1145 | Valid Acc 65.2903
2026-07-18 21:46:58 | TestSub: S5 | Epoch  9/100 Finsh | Now_lr 0.0005/0.0005 | Train Loss 0.5161 | Valid Loss 0.6413 | Train Acc 74.3211 | Valid Acc 63.5711
2026-07-18 21:52:54 | TestSub: S5 | Epoch 10/100 Finsh | Now_lr 0.0005/0.0005 | Train Loss 0.5137 | Valid Loss 0.6372 | Train Acc 74.4785 | Valid Acc 64.2040
2026-07-18 21:58:43 | TestSub: S5 | Epoch 11/100 Finsh | Now_lr 0.0005/0.0005 | Train Loss 0.5126 | Valid Loss 0.6514 | Train Acc 74.5495 | Valid Acc 63.0508
2026-07-18 22:04:48 | TestSub: S5 | Epoch 12/100 Finsh | Now_lr 0.0005/0.0005 | Train Loss 0.5112 | Valid Loss 0.6372 | Train Acc 74.6062 | Valid Acc 63.8815
2026-07-18 22:10:53 | TestSub: S5 | Epoch 13/100 Finsh | Now_lr 0.0005/0.0005 | Train Loss 0.5103 | Valid Loss 0.6400 | Train Acc 74.6957 | Valid Acc 63.5295
2026-07-18 22:16:56 | TestSub: S5 | Epoch 14/100 Finsh | Now_lr 0.0005/0.0005 | Train Loss 0.5096 | Valid Loss 0.6426 | Train Acc 74.7410 | Valid Acc 63.4108
2026-07-18 22:23:00 | TestSub: S5 | Epoch 15/100 Finsh | Now_lr 0.0005/0.0005 | Train Loss 0.5085 | Valid Loss 0.6510 | Train Acc 74.8129 | Valid Acc 62.5517
2026-07-18 22:29:05 | TestSub: S5 | Epoch 16/100 Finsh | Now_lr 0.0005/0.0005 | Train Loss 0.5078 | Valid Loss 0.6389 | Train Acc 74.8371 | Valid Acc 63.2820
2026-07-18 22:35:11 | TestSub: S5 | Epoch 17/100 Finsh | Now_lr 0.0005/0.0005 | Train Loss 0.5067 | Valid Loss 0.6532 | Train Acc 74.9450 | Valid Acc 62.6187
2026-07-18 22:41:17 | TestSub: S5 | Epoch 18/100 Finsh | Now_lr 0.0005/0.0005 | Train Loss 0.5063 | Valid Loss 0.6456 | Train Acc 74.9695 | Valid Acc 62.8560
2026-07-18 22:47:23 | TestSub: S5 | Epoch 19/100 Finsh | Now_lr 0.0005/0.0005 | Train Loss 0.5058 | Valid Loss 0.6480 | Train Acc 74.9767 | Valid Acc 63.2810
2026-07-18 22:53:26 | TestSub: S5 | Epoch 20/100 Finsh | Now_lr 0.0005/0.0005 | Train Loss 0.5050 | Valid Loss 0.6531 | Train Acc 75.0048 | Valid Acc 62.8347
2026-07-18 22:59:24 | TestSub: S5 | Epoch 21/100 Finsh | Now_lr 0.0005/0.0005 | Train Loss 0.5050 | Valid Loss 0.6539 | Train Acc 75.0087 | Valid Acc 63.0193
2026-07-18 23:05:32 | TestSub: S5 | Epoch 22/100 Finsh | Now_lr 0.0005/0.0005 | Train Loss 0.5041 | Valid Loss 0.6479 | Train Acc 75.0886 | Valid Acc 63.7192
2026-07-18 23:11:29 | TestSub: S5 | Epoch 23/100 Finsh | Now_lr 0.0005/0.0005 | Train Loss 0.5039 | Valid Loss 0.6592 | Train Acc 75.0603 | Valid Acc 62.8459
2026-07-18 23:17:31 | TestSub: S5 | Epoch 24/100 Finsh | Now_lr 0.0005/0.0005 | Train Loss 0.5029 | Valid Loss 0.6648 | Train Acc 75.1447 | Valid Acc 62.8185
2026-07-18 23:23:44 | TestSub: S5 | Epoch 25/100 Finsh | Now_lr 0.0005/0.0005 | Train Loss 0.5031 | Valid Loss 0.6669 | Train Acc 75.1081 | Valid Acc 62.6055
2026-07-18 23:29:57 | TestSub: S5 | Epoch 26/100 Finsh | Now_lr 0.0005/0.0005 | Train Loss 0.5020 | Valid Loss 0.6625 | Train Acc 75.1841 | Valid Acc 63.0558
2026-07-18 23:35:33 | TestSub: S5 | Epoch 27/100 Finsh | Now_lr 0.0005/0.0005 | Train Loss 0.5025 | Valid Loss 0.6885 | Train Acc 75.1687 | Valid Acc 61.7738
2026-07-18 23:35:41 | --------------------------------------------------
2026-07-18 23:35:41 | Test_Subject :S5 | Best epoch:6 | Test Loss:0.6132 | Savemodel Acc 65.7538
2026-07-18 23:35:41 | --------------------------------------------------
2026-07-18 23:35:41 | Best epoch: 6 | Test acc: 65.7538
