2026-07-15 04:12:48 | Logging started: ./writer/Subject_independent_AAD/KUL/0.1s/result//Train0.1s_sub1.log
2026-07-15 04:20:01 | TestSub: S1 | Epoch  1/100 Finsh | Now_lr 0.0005/0.0005 | Train Loss 0.5932 | Valid Loss 0.6282 | Train Acc 68.4669 | Valid Acc 66.4253
2026-07-15 04:25:39 | TestSub: S1 | Epoch  2/100 Finsh | Now_lr 0.0005/0.0005 | Train Loss 0.5705 | Valid Loss 0.6437 | Train Acc 70.0134 | Valid Acc 66.0155
2026-07-15 04:30:53 | TestSub: S1 | Epoch  3/100 Finsh | Now_lr 0.0005/0.0005 | Train Loss 0.5502 | Valid Loss 0.6441 | Train Acc 71.7567 | Valid Acc 65.9313
2026-07-15 04:36:04 | TestSub: S1 | Epoch  4/100 Finsh | Now_lr 0.0005/0.0005 | Train Loss 0.5391 | Valid Loss 0.6376 | Train Acc 72.7192 | Valid Acc 65.8654
2026-07-15 04:41:46 | TestSub: S1 | Epoch  5/100 Finsh | Now_lr 0.0005/0.0005 | Train Loss 0.5319 | Valid Loss 0.6533 | Train Acc 73.2587 | Valid Acc 65.0418
2026-07-15 04:46:58 | TestSub: S1 | Epoch  6/100 Finsh | Now_lr 0.0005/0.0005 | Train Loss 0.5263 | Valid Loss 0.6658 | Train Acc 73.6560 | Valid Acc 64.9302
2026-07-15 04:52:10 | TestSub: S1 | Epoch  7/100 Finsh | Now_lr 0.0005/0.0005 | Train Loss 0.5228 | Valid Loss 0.6565 | Train Acc 73.9194 | Valid Acc 65.8096
2026-07-15 04:57:21 | TestSub: S1 | Epoch  8/100 Finsh | Now_lr 0.0005/0.0005 | Train Loss 0.5205 | Valid Loss 0.6544 | Train Acc 74.0450 | Valid Acc 64.8136
2026-07-15 05:02:33 | TestSub: S1 | Epoch  9/100 Finsh | Now_lr 0.0005/0.0005 | Train Loss 0.5182 | Valid Loss 0.6800 | Train Acc 74.2053 | Valid Acc 63.2242
2026-07-15 05:07:45 | TestSub: S1 | Epoch 10/100 Finsh | Now_lr 0.0005/0.0005 | Train Loss 0.5164 | Valid Loss 0.6702 | Train Acc 74.3532 | Valid Acc 64.3997
2026-07-15 05:13:01 | TestSub: S1 | Epoch 11/100 Finsh | Now_lr 0.0005/0.0005 | Train Loss 0.5154 | Valid Loss 0.6556 | Train Acc 74.4096 | Valid Acc 64.3632
2026-07-15 05:18:14 | TestSub: S1 | Epoch 12/100 Finsh | Now_lr 0.0005/0.0005 | Train Loss 0.5144 | Valid Loss 0.6647 | Train Acc 74.4586 | Valid Acc 64.5468
2026-07-15 05:23:55 | TestSub: S1 | Epoch 13/100 Finsh | Now_lr 0.0005/0.0005 | Train Loss 0.5140 | Valid Loss 0.6753 | Train Acc 74.5321 | Valid Acc 62.9686
2026-07-15 05:29:37 | TestSub: S1 | Epoch 14/100 Finsh | Now_lr 0.0005/0.0005 | Train Loss 0.5131 | Valid Loss 0.6736 | Train Acc 74.5642 | Valid Acc 63.2181
2026-07-15 05:35:09 | TestSub: S1 | Epoch 15/100 Finsh | Now_lr 0.0005/0.0005 | Train Loss 0.5146 | Valid Loss 0.6621 | Train Acc 74.4727 | Valid Acc 64.0955
2026-07-15 05:40:25 | TestSub: S1 | Epoch 16/100 Finsh | Now_lr 0.0005/0.0005 | Train Loss 0.5138 | Valid Loss 0.6742 | Train Acc 74.5435 | Valid Acc 63.1207
2026-07-15 05:45:56 | TestSub: S1 | Epoch 17/100 Finsh | Now_lr 0.0005/0.0005 | Train Loss 0.5120 | Valid Loss 0.6869 | Train Acc 74.6535 | Valid Acc 62.0963
2026-07-15 05:51:39 | TestSub: S1 | Epoch 18/100 Finsh | Now_lr 0.0005/0.0005 | Train Loss 0.5116 | Valid Loss 0.6691 | Train Acc 74.6798 | Valid Acc 63.2161
2026-07-15 05:57:15 | TestSub: S1 | Epoch 19/100 Finsh | Now_lr 0.0005/0.0005 | Train Loss 0.5108 | Valid Loss 0.6752 | Train Acc 74.7284 | Valid Acc 63.6502
2026-07-15 06:02:54 | TestSub: S1 | Epoch 20/100 Finsh | Now_lr 0.0005/0.0005 | Train Loss 0.5106 | Valid Loss 0.6901 | Train Acc 74.7320 | Valid Acc 62.5091
2026-07-15 06:08:16 | TestSub: S1 | Epoch 21/100 Finsh | Now_lr 0.0005/0.0005 | Train Loss 0.5100 | Valid Loss 0.7115 | Train Acc 74.7320 | Valid Acc 62.0497
2026-07-15 06:13:38 | TestSub: S1 | Epoch 22/100 Finsh | Now_lr 0.0005/0.0005 | Train Loss 0.5103 | Valid Loss 0.6693 | Train Acc 74.7949 | Valid Acc 62.6643
2026-07-15 06:13:46 | --------------------------------------------------
2026-07-15 06:13:46 | Test_Subject :S1 | Best epoch:1 | Test Loss:0.6282 | Savemodel Acc 66.4253
2026-07-15 06:13:46 | --------------------------------------------------
2026-07-15 06:13:46 | Best epoch: 1 | Test acc: 66.4253
