2026-07-13 09:22:12 | Logging started: ./writer/Subject_dependent_AAD/AVEDao/2.0s/result//Train2.0s_sub2.log
2026-07-13 09:22:15 | Sub_id: 2
2026-07-13 09:22:16 | TestSub: S2 | Epoch  1/100 Finsh | Now_lr 0.0005/0.0005 | Train Loss 0.7044 | Valid Loss 0.6935 | Train Acc 51.6146 | Valid Acc 53.6458
2026-07-13 09:22:16 | Validation loss decreased (inf --> 0.693491) in epoch (1). Saving model ...
2026-07-13 09:22:17 | TestSub: S2 | Epoch  2/100 Finsh | Now_lr 0.0005/0.0005 | Train Loss 0.6960 | Valid Loss 0.6637 | Train Acc 53.6458 | Valid Acc 59.3750
2026-07-13 09:22:17 | Validation loss decreased (0.693491 --> 0.663708) in epoch (2). Saving model ...
2026-07-13 09:22:17 | TestSub: S2 | Epoch  3/100 Finsh | Now_lr 0.0005/0.0005 | Train Loss 0.6868 | Valid Loss 0.6605 | Train Acc 54.4792 | Valid Acc 61.9792
2026-07-13 09:22:17 | Validation loss decreased (0.663708 --> 0.660454) in epoch (3). Saving model ...
2026-07-13 09:22:18 | TestSub: S2 | Epoch  4/100 Finsh | Now_lr 0.0005/0.0005 | Train Loss 0.6805 | Valid Loss 0.6616 | Train Acc 55.8854 | Valid Acc 62.5000
2026-07-13 09:22:18 | TestSub: S2 | Epoch  5/100 Finsh | Now_lr 0.0005/0.0005 | Train Loss 0.6712 | Valid Loss 0.6600 | Train Acc 58.5938 | Valid Acc 63.5417
2026-07-13 09:22:18 | Validation loss decreased (0.660454 --> 0.659975) in epoch (5). Saving model ...
2026-07-13 09:22:19 | TestSub: S2 | Epoch  6/100 Finsh | Now_lr 0.0005/0.0005 | Train Loss 0.6629 | Valid Loss 0.6618 | Train Acc 59.5833 | Valid Acc 65.6250
2026-07-13 09:22:19 | TestSub: S2 | Epoch  7/100 Finsh | Now_lr 0.0005/0.0005 | Train Loss 0.6562 | Valid Loss 0.6508 | Train Acc 61.6667 | Valid Acc 65.6250
2026-07-13 09:22:19 | Validation loss decreased (0.659975 --> 0.650806) in epoch (7). Saving model ...
2026-07-13 09:22:20 | TestSub: S2 | Epoch  8/100 Finsh | Now_lr 0.0005/0.0005 | Train Loss 0.6468 | Valid Loss 0.6509 | Train Acc 65.0000 | Valid Acc 66.1458
2026-07-13 09:22:20 | TestSub: S2 | Epoch  9/100 Finsh | Now_lr 0.0005/0.0005 | Train Loss 0.6344 | Valid Loss 0.6316 | Train Acc 66.2500 | Valid Acc 69.2708
2026-07-13 09:22:20 | Validation loss decreased (0.650806 --> 0.631556) in epoch (9). Saving model ...
2026-07-13 09:22:21 | TestSub: S2 | Epoch 10/100 Finsh | Now_lr 0.0005/0.0005 | Train Loss 0.6190 | Valid Loss 0.6247 | Train Acc 67.2917 | Valid Acc 67.1875
2026-07-13 09:22:21 | Validation loss decreased (0.631556 --> 0.624693) in epoch (10). Saving model ...
2026-07-13 09:22:22 | TestSub: S2 | Epoch 11/100 Finsh | Now_lr 0.0005/0.0005 | Train Loss 0.6163 | Valid Loss 0.6195 | Train Acc 68.9583 | Valid Acc 71.3542
2026-07-13 09:22:22 | Validation loss decreased (0.624693 --> 0.619464) in epoch (11). Saving model ...
2026-07-13 09:22:22 | TestSub: S2 | Epoch 12/100 Finsh | Now_lr 0.0005/0.0005 | Train Loss 0.5994 | Valid Loss 0.6138 | Train Acc 69.7917 | Valid Acc 69.2708
2026-07-13 09:22:22 | Validation loss decreased (0.619464 --> 0.613768) in epoch (12). Saving model ...
2026-07-13 09:22:23 | TestSub: S2 | Epoch 13/100 Finsh | Now_lr 0.0005/0.0005 | Train Loss 0.5866 | Valid Loss 0.6082 | Train Acc 72.7604 | Valid Acc 72.3958
2026-07-13 09:22:23 | Validation loss decreased (0.613768 --> 0.608237) in epoch (13). Saving model ...
2026-07-13 09:22:23 | TestSub: S2 | Epoch 14/100 Finsh | Now_lr 0.0005/0.0005 | Train Loss 0.5801 | Valid Loss 0.6010 | Train Acc 71.1979 | Valid Acc 73.9583
2026-07-13 09:22:23 | Validation loss decreased (0.608237 --> 0.601010) in epoch (14). Saving model ...
2026-07-13 09:22:24 | TestSub: S2 | Epoch 15/100 Finsh | Now_lr 0.0005/0.0005 | Train Loss 0.5740 | Valid Loss 0.5877 | Train Acc 72.0833 | Valid Acc 73.4375
2026-07-13 09:22:24 | Validation loss decreased (0.601010 --> 0.587681) in epoch (15). Saving model ...
2026-07-13 09:22:24 | TestSub: S2 | Epoch 16/100 Finsh | Now_lr 0.0005/0.0005 | Train Loss 0.5515 | Valid Loss 0.5812 | Train Acc 74.9479 | Valid Acc 77.0833
2026-07-13 09:22:24 | Validation loss decreased (0.587681 --> 0.581195) in epoch (16). Saving model ...
2026-07-13 09:22:25 | TestSub: S2 | Epoch 17/100 Finsh | Now_lr 0.0005/0.0005 | Train Loss 0.5477 | Valid Loss 0.5751 | Train Acc 74.4271 | Valid Acc 78.6458
2026-07-13 09:22:25 | Validation loss decreased (0.581195 --> 0.575132) in epoch (17). Saving model ...
2026-07-13 09:22:26 | TestSub: S2 | Epoch 18/100 Finsh | Now_lr 0.0005/0.0005 | Train Loss 0.5302 | Valid Loss 0.5634 | Train Acc 77.2396 | Valid Acc 77.0833
2026-07-13 09:22:26 | Validation loss decreased (0.575132 --> 0.563411) in epoch (18). Saving model ...
2026-07-13 09:22:26 | TestSub: S2 | Epoch 19/100 Finsh | Now_lr 0.0005/0.0005 | Train Loss 0.5210 | Valid Loss 0.5679 | Train Acc 77.0312 | Valid Acc 75.0000
2026-07-13 09:22:27 | TestSub: S2 | Epoch 20/100 Finsh | Now_lr 0.0005/0.0005 | Train Loss 0.5121 | Valid Loss 0.5463 | Train Acc 77.9167 | Valid Acc 78.6458
2026-07-13 09:22:27 | Validation loss decreased (0.563411 --> 0.546258) in epoch (20). Saving model ...
2026-07-13 09:22:27 | TestSub: S2 | Epoch 21/100 Finsh | Now_lr 0.0005/0.0005 | Train Loss 0.5049 | Valid Loss 0.5395 | Train Acc 78.2812 | Valid Acc 78.6458
2026-07-13 09:22:27 | Validation loss decreased (0.546258 --> 0.539469) in epoch (21). Saving model ...
2026-07-13 09:22:28 | TestSub: S2 | Epoch 22/100 Finsh | Now_lr 0.0005/0.0005 | Train Loss 0.5035 | Valid Loss 0.5397 | Train Acc 78.6979 | Valid Acc 78.6458
2026-07-13 09:22:28 | TestSub: S2 | Epoch 23/100 Finsh | Now_lr 0.0005/0.0005 | Train Loss 0.4820 | Valid Loss 0.5277 | Train Acc 80.1562 | Valid Acc 79.1667
2026-07-13 09:22:28 | Validation loss decreased (0.539469 --> 0.527692) in epoch (23). Saving model ...
2026-07-13 09:22:29 | TestSub: S2 | Epoch 24/100 Finsh | Now_lr 0.0005/0.0005 | Train Loss 0.4662 | Valid Loss 0.5205 | Train Acc 81.1979 | Valid Acc 80.7292
2026-07-13 09:22:29 | Validation loss decreased (0.527692 --> 0.520463) in epoch (24). Saving model ...
2026-07-13 09:22:29 | TestSub: S2 | Epoch 25/100 Finsh | Now_lr 0.0005/0.0005 | Train Loss 0.4733 | Valid Loss 0.5081 | Train Acc 79.5833 | Valid Acc 76.5625
2026-07-13 09:22:29 | Validation loss decreased (0.520463 --> 0.508084) in epoch (25). Saving model ...
2026-07-13 09:22:30 | TestSub: S2 | Epoch 26/100 Finsh | Now_lr 0.0005/0.0005 | Train Loss 0.4620 | Valid Loss 0.5245 | Train Acc 80.5729 | Valid Acc 74.4792
2026-07-13 09:22:31 | TestSub: S2 | Epoch 27/100 Finsh | Now_lr 0.0005/0.0005 | Train Loss 0.4610 | Valid Loss 0.5034 | Train Acc 80.8854 | Valid Acc 82.2917
2026-07-13 09:22:31 | Validation loss decreased (0.508084 --> 0.503372) in epoch (27). Saving model ...
2026-07-13 09:22:31 | TestSub: S2 | Epoch 28/100 Finsh | Now_lr 0.0005/0.0005 | Train Loss 0.4477 | Valid Loss 0.4959 | Train Acc 81.9271 | Valid Acc 81.2500
2026-07-13 09:22:31 | Validation loss decreased (0.503372 --> 0.495852) in epoch (28). Saving model ...
2026-07-13 09:22:32 | TestSub: S2 | Epoch 29/100 Finsh | Now_lr 0.0005/0.0005 | Train Loss 0.4450 | Valid Loss 0.4973 | Train Acc 82.5000 | Valid Acc 80.2083
2026-07-13 09:22:32 | TestSub: S2 | Epoch 30/100 Finsh | Now_lr 0.0005/0.0005 | Train Loss 0.4418 | Valid Loss 0.4832 | Train Acc 82.0312 | Valid Acc 79.6875
2026-07-13 09:22:32 | Validation loss decreased (0.495852 --> 0.483186) in epoch (30). Saving model ...
2026-07-13 09:22:33 | TestSub: S2 | Epoch 31/100 Finsh | Now_lr 0.0005/0.0005 | Train Loss 0.4431 | Valid Loss 0.4909 | Train Acc 82.3958 | Valid Acc 81.2500
2026-07-13 09:22:33 | TestSub: S2 | Epoch 32/100 Finsh | Now_lr 0.0005/0.0005 | Train Loss 0.4328 | Valid Loss 0.4749 | Train Acc 82.6042 | Valid Acc 82.8125
2026-07-13 09:22:33 | Validation loss decreased (0.483186 --> 0.474948) in epoch (32). Saving model ...
2026-07-13 09:22:34 | TestSub: S2 | Epoch 33/100 Finsh | Now_lr 0.0005/0.0005 | Train Loss 0.4139 | Valid Loss 0.4691 | Train Acc 83.6458 | Valid Acc 82.8125
2026-07-13 09:22:34 | Validation loss decreased (0.474948 --> 0.469138) in epoch (33). Saving model ...
2026-07-13 09:22:34 | TestSub: S2 | Epoch 34/100 Finsh | Now_lr 0.0005/0.0005 | Train Loss 0.4205 | Valid Loss 0.4586 | Train Acc 84.3750 | Valid Acc 80.7292
2026-07-13 09:22:34 | Validation loss decreased (0.469138 --> 0.458596) in epoch (34). Saving model ...
2026-07-13 09:22:35 | TestSub: S2 | Epoch 35/100 Finsh | Now_lr 0.0005/0.0005 | Train Loss 0.4098 | Valid Loss 0.4548 | Train Acc 84.5312 | Valid Acc 85.4167
2026-07-13 09:22:35 | Validation loss decreased (0.458596 --> 0.454779) in epoch (35). Saving model ...
2026-07-13 09:22:35 | TestSub: S2 | Epoch 36/100 Finsh | Now_lr 0.0005/0.0005 | Train Loss 0.3937 | Valid Loss 0.4621 | Train Acc 84.7396 | Valid Acc 81.7708
2026-07-13 09:22:36 | TestSub: S2 | Epoch 37/100 Finsh | Now_lr 0.0005/0.0005 | Train Loss 0.4151 | Valid Loss 0.4448 | Train Acc 82.9167 | Valid Acc 83.8542
2026-07-13 09:22:36 | Validation loss decreased (0.454779 --> 0.444811) in epoch (37). Saving model ...
2026-07-13 09:22:37 | TestSub: S2 | Epoch 38/100 Finsh | Now_lr 0.0005/0.0005 | Train Loss 0.3986 | Valid Loss 0.4438 | Train Acc 84.6354 | Valid Acc 85.9375
2026-07-13 09:22:37 | Validation loss decreased (0.444811 --> 0.443844) in epoch (38). Saving model ...
2026-07-13 09:22:37 | TestSub: S2 | Epoch 39/100 Finsh | Now_lr 0.0005/0.0005 | Train Loss 0.3839 | Valid Loss 0.4280 | Train Acc 85.9375 | Valid Acc 84.8958
2026-07-13 09:22:37 | Validation loss decreased (0.443844 --> 0.427986) in epoch (39). Saving model ...
2026-07-13 09:22:38 | TestSub: S2 | Epoch 40/100 Finsh | Now_lr 0.0005/0.0005 | Train Loss 0.3843 | Valid Loss 0.4298 | Train Acc 85.0521 | Valid Acc 85.9375
2026-07-13 09:22:38 | TestSub: S2 | Epoch 41/100 Finsh | Now_lr 0.0005/0.0005 | Train Loss 0.3840 | Valid Loss 0.4248 | Train Acc 84.3229 | Valid Acc 85.4167
2026-07-13 09:22:38 | Validation loss decreased (0.427986 --> 0.424836) in epoch (41). Saving model ...
2026-07-13 09:22:39 | TestSub: S2 | Epoch 42/100 Finsh | Now_lr 0.0005/0.0005 | Train Loss 0.3801 | Valid Loss 0.4183 | Train Acc 86.2500 | Valid Acc 85.4167
2026-07-13 09:22:39 | Validation loss decreased (0.424836 --> 0.418301) in epoch (42). Saving model ...
2026-07-13 09:22:39 | TestSub: S2 | Epoch 43/100 Finsh | Now_lr 0.0005/0.0005 | Train Loss 0.3739 | Valid Loss 0.4073 | Train Acc 85.0000 | Valid Acc 82.8125
2026-07-13 09:22:39 | Validation loss decreased (0.418301 --> 0.407273) in epoch (43). Saving model ...
2026-07-13 09:22:40 | TestSub: S2 | Epoch 44/100 Finsh | Now_lr 0.0005/0.0005 | Train Loss 0.3655 | Valid Loss 0.4064 | Train Acc 85.2604 | Valid Acc 85.4167
2026-07-13 09:22:40 | Validation loss decreased (0.407273 --> 0.406425) in epoch (44). Saving model ...
2026-07-13 09:22:40 | TestSub: S2 | Epoch 45/100 Finsh | Now_lr 0.0005/0.0005 | Train Loss 0.3783 | Valid Loss 0.4013 | Train Acc 84.7396 | Valid Acc 84.8958
2026-07-13 09:22:40 | Validation loss decreased (0.406425 --> 0.401314) in epoch (45). Saving model ...
2026-07-13 09:22:41 | TestSub: S2 | Epoch 46/100 Finsh | Now_lr 0.0005/0.0005 | Train Loss 0.3594 | Valid Loss 0.4094 | Train Acc 86.2500 | Valid Acc 85.9375
2026-07-13 09:22:42 | TestSub: S2 | Epoch 47/100 Finsh | Now_lr 0.0005/0.0005 | Train Loss 0.3596 | Valid Loss 0.3966 | Train Acc 86.5625 | Valid Acc 83.3333
2026-07-13 09:22:42 | Validation loss decreased (0.401314 --> 0.396550) in epoch (47). Saving model ...
2026-07-13 09:22:42 | TestSub: S2 | Epoch 48/100 Finsh | Now_lr 0.0005/0.0005 | Train Loss 0.3561 | Valid Loss 0.3925 | Train Acc 86.6146 | Valid Acc 84.3750
2026-07-13 09:22:42 | Validation loss decreased (0.396550 --> 0.392463) in epoch (48). Saving model ...
2026-07-13 09:22:43 | TestSub: S2 | Epoch 49/100 Finsh | Now_lr 0.0005/0.0005 | Train Loss 0.3556 | Valid Loss 0.3875 | Train Acc 86.9271 | Valid Acc 85.4167
2026-07-13 09:22:43 | Validation loss decreased (0.392463 --> 0.387537) in epoch (49). Saving model ...
2026-07-13 09:22:43 | TestSub: S2 | Epoch 50/100 Finsh | Now_lr 0.0005/0.0005 | Train Loss 0.3425 | Valid Loss 0.3933 | Train Acc 86.9271 | Valid Acc 84.3750
2026-07-13 09:22:44 | TestSub: S2 | Epoch 51/100 Finsh | Now_lr 0.0005/0.0005 | Train Loss 0.3336 | Valid Loss 0.3859 | Train Acc 87.6042 | Valid Acc 89.0625
2026-07-13 09:22:44 | Validation loss decreased (0.387537 --> 0.385932) in epoch (51). Saving model ...
2026-07-13 09:22:44 | TestSub: S2 | Epoch 52/100 Finsh | Now_lr 0.0005/0.0005 | Train Loss 0.3447 | Valid Loss 0.3823 | Train Acc 87.5521 | Valid Acc 85.9375
2026-07-13 09:22:44 | Validation loss decreased (0.385932 --> 0.382303) in epoch (52). Saving model ...
2026-07-13 09:22:45 | TestSub: S2 | Epoch 53/100 Finsh | Now_lr 0.0005/0.0005 | Train Loss 0.3389 | Valid Loss 0.3684 | Train Acc 87.3958 | Valid Acc 86.4583
2026-07-13 09:22:45 | Validation loss decreased (0.382303 --> 0.368436) in epoch (53). Saving model ...
2026-07-13 09:22:45 | TestSub: S2 | Epoch 54/100 Finsh | Now_lr 0.0005/0.0005 | Train Loss 0.3330 | Valid Loss 0.3655 | Train Acc 88.1771 | Valid Acc 86.4583
2026-07-13 09:22:45 | Validation loss decreased (0.368436 --> 0.365464) in epoch (54). Saving model ...
2026-07-13 09:22:46 | TestSub: S2 | Epoch 55/100 Finsh | Now_lr 0.0005/0.0005 | Train Loss 0.3196 | Valid Loss 0.3599 | Train Acc 87.8646 | Valid Acc 87.5000
2026-07-13 09:22:46 | Validation loss decreased (0.365464 --> 0.359922) in epoch (55). Saving model ...
2026-07-13 09:22:46 | TestSub: S2 | Epoch 56/100 Finsh | Now_lr 0.0005/0.0005 | Train Loss 0.3213 | Valid Loss 0.3556 | Train Acc 89.0104 | Valid Acc 86.9792
2026-07-13 09:22:46 | Validation loss decreased (0.359922 --> 0.355594) in epoch (56). Saving model ...
2026-07-13 09:22:47 | TestSub: S2 | Epoch 57/100 Finsh | Now_lr 0.0005/0.0005 | Train Loss 0.3234 | Valid Loss 0.3478 | Train Acc 88.1771 | Valid Acc 88.0208
2026-07-13 09:22:47 | Validation loss decreased (0.355594 --> 0.347781) in epoch (57). Saving model ...
2026-07-13 09:22:48 | TestSub: S2 | Epoch 58/100 Finsh | Now_lr 0.0005/0.0005 | Train Loss 0.3300 | Valid Loss 0.3465 | Train Acc 87.6042 | Valid Acc 88.5417
2026-07-13 09:22:48 | Validation loss decreased (0.347781 --> 0.346543) in epoch (58). Saving model ...
2026-07-13 09:22:48 | TestSub: S2 | Epoch 59/100 Finsh | Now_lr 0.0005/0.0005 | Train Loss 0.3401 | Valid Loss 0.3426 | Train Acc 85.7812 | Valid Acc 89.0625
2026-07-13 09:22:48 | Validation loss decreased (0.346543 --> 0.342593) in epoch (59). Saving model ...
2026-07-13 09:22:49 | TestSub: S2 | Epoch 60/100 Finsh | Now_lr 0.0005/0.0005 | Train Loss 0.3254 | Valid Loss 0.3428 | Train Acc 88.1250 | Valid Acc 86.9792
2026-07-13 09:22:49 | TestSub: S2 | Epoch 61/100 Finsh | Now_lr 0.0005/0.0005 | Train Loss 0.3213 | Valid Loss 0.3394 | Train Acc 88.2292 | Valid Acc 88.0208
2026-07-13 09:22:49 | Validation loss decreased (0.342593 --> 0.339387) in epoch (61). Saving model ...
2026-07-13 09:22:50 | TestSub: S2 | Epoch 62/100 Finsh | Now_lr 0.0005/0.0005 | Train Loss 0.3197 | Valid Loss 0.3372 | Train Acc 87.6042 | Valid Acc 88.0208
2026-07-13 09:22:50 | Validation loss decreased (0.339387 --> 0.337244) in epoch (62). Saving model ...
2026-07-13 09:22:50 | TestSub: S2 | Epoch 63/100 Finsh | Now_lr 0.0005/0.0005 | Train Loss 0.3182 | Valid Loss 0.3342 | Train Acc 87.1875 | Valid Acc 90.6250
2026-07-13 09:22:50 | Validation loss decreased (0.337244 --> 0.334223) in epoch (63). Saving model ...
2026-07-13 09:22:51 | TestSub: S2 | Epoch 64/100 Finsh | Now_lr 0.0005/0.0005 | Train Loss 0.3263 | Valid Loss 0.3503 | Train Acc 87.4479 | Valid Acc 89.5833
2026-07-13 09:22:52 | TestSub: S2 | Epoch 65/100 Finsh | Now_lr 0.0005/0.0005 | Train Loss 0.3119 | Valid Loss 0.3360 | Train Acc 88.3333 | Valid Acc 90.1042
2026-07-13 09:22:52 | TestSub: S2 | Epoch 66/100 Finsh | Now_lr 0.0005/0.0005 | Train Loss 0.3156 | Valid Loss 0.3251 | Train Acc 87.7083 | Valid Acc 90.1042
2026-07-13 09:22:52 | Validation loss decreased (0.334223 --> 0.325066) in epoch (66). Saving model ...
2026-07-13 09:22:53 | TestSub: S2 | Epoch 67/100 Finsh | Now_lr 0.0005/0.0005 | Train Loss 0.3103 | Valid Loss 0.3297 | Train Acc 88.4375 | Valid Acc 90.6250
2026-07-13 09:22:53 | TestSub: S2 | Epoch 68/100 Finsh | Now_lr 0.0005/0.0005 | Train Loss 0.3006 | Valid Loss 0.3206 | Train Acc 89.4271 | Valid Acc 90.1042
2026-07-13 09:22:53 | Validation loss decreased (0.325066 --> 0.320593) in epoch (68). Saving model ...
2026-07-13 09:22:54 | TestSub: S2 | Epoch 69/100 Finsh | Now_lr 0.0005/0.0005 | Train Loss 0.2963 | Valid Loss 0.3269 | Train Acc 89.1146 | Valid Acc 89.0625
2026-07-13 09:22:55 | TestSub: S2 | Epoch 70/100 Finsh | Now_lr 0.0005/0.0005 | Train Loss 0.3088 | Valid Loss 0.3231 | Train Acc 87.8125 | Valid Acc 92.1875
2026-07-13 09:22:55 | TestSub: S2 | Epoch 71/100 Finsh | Now_lr 0.0005/0.0005 | Train Loss 0.3113 | Valid Loss 0.3240 | Train Acc 89.1667 | Valid Acc 92.7083
2026-07-13 09:22:56 | TestSub: S2 | Epoch 72/100 Finsh | Now_lr 0.0005/0.0005 | Train Loss 0.2953 | Valid Loss 0.3131 | Train Acc 89.1667 | Valid Acc 91.1458
2026-07-13 09:22:56 | Validation loss decreased (0.320593 --> 0.313067) in epoch (72). Saving model ...
2026-07-13 09:22:56 | TestSub: S2 | Epoch 73/100 Finsh | Now_lr 0.0005/0.0005 | Train Loss 0.3074 | Valid Loss 0.3050 | Train Acc 87.9167 | Valid Acc 91.1458
2026-07-13 09:22:56 | Validation loss decreased (0.313067 --> 0.304989) in epoch (73). Saving model ...
2026-07-13 09:22:57 | TestSub: S2 | Epoch 74/100 Finsh | Now_lr 0.0005/0.0005 | Train Loss 0.2961 | Valid Loss 0.2989 | Train Acc 89.0104 | Valid Acc 91.6667
2026-07-13 09:22:57 | Validation loss decreased (0.304989 --> 0.298853) in epoch (74). Saving model ...
2026-07-13 09:22:57 | TestSub: S2 | Epoch 75/100 Finsh | Now_lr 0.0005/0.0005 | Train Loss 0.2905 | Valid Loss 0.3028 | Train Acc 88.4375 | Valid Acc 94.2708
2026-07-13 09:22:58 | TestSub: S2 | Epoch 76/100 Finsh | Now_lr 0.0005/0.0005 | Train Loss 0.2920 | Valid Loss 0.3002 | Train Acc 89.3229 | Valid Acc 93.7500
2026-07-13 09:22:59 | TestSub: S2 | Epoch 77/100 Finsh | Now_lr 0.0005/0.0005 | Train Loss 0.2928 | Valid Loss 0.2956 | Train Acc 88.9583 | Valid Acc 92.7083
2026-07-13 09:22:59 | Validation loss decreased (0.298853 --> 0.295621) in epoch (77). Saving model ...
2026-07-13 09:22:59 | TestSub: S2 | Epoch 78/100 Finsh | Now_lr 0.0005/0.0005 | Train Loss 0.2895 | Valid Loss 0.2960 | Train Acc 89.0104 | Valid Acc 93.2292
2026-07-13 09:23:00 | TestSub: S2 | Epoch 79/100 Finsh | Now_lr 0.0005/0.0005 | Train Loss 0.2818 | Valid Loss 0.2947 | Train Acc 89.6875 | Valid Acc 90.6250
2026-07-13 09:23:00 | Validation loss decreased (0.295621 --> 0.294703) in epoch (79). Saving model ...
2026-07-13 09:23:00 | TestSub: S2 | Epoch 80/100 Finsh | Now_lr 0.0005/0.0005 | Train Loss 0.2804 | Valid Loss 0.2968 | Train Acc 89.0625 | Valid Acc 92.1875
2026-07-13 09:23:01 | TestSub: S2 | Epoch 81/100 Finsh | Now_lr 0.0005/0.0005 | Train Loss 0.2826 | Valid Loss 0.2938 | Train Acc 89.9479 | Valid Acc 91.6667
2026-07-13 09:23:01 | Validation loss decreased (0.294703 --> 0.293755) in epoch (81). Saving model ...
2026-07-13 09:23:01 | TestSub: S2 | Epoch 82/100 Finsh | Now_lr 0.0005/0.0005 | Train Loss 0.2845 | Valid Loss 0.2950 | Train Acc 89.8958 | Valid Acc 91.1458
2026-07-13 09:23:02 | TestSub: S2 | Epoch 83/100 Finsh | Now_lr 0.0005/0.0005 | Train Loss 0.2806 | Valid Loss 0.3006 | Train Acc 89.5833 | Valid Acc 90.6250
2026-07-13 09:23:02 | TestSub: S2 | Epoch 84/100 Finsh | Now_lr 0.0005/0.0005 | Train Loss 0.2822 | Valid Loss 0.2913 | Train Acc 89.1146 | Valid Acc 91.1458
2026-07-13 09:23:02 | Validation loss decreased (0.293755 --> 0.291318) in epoch (84). Saving model ...
2026-07-13 09:23:03 | TestSub: S2 | Epoch 85/100 Finsh | Now_lr 0.0005/0.0005 | Train Loss 0.2795 | Valid Loss 0.2833 | Train Acc 89.5312 | Valid Acc 90.6250
2026-07-13 09:23:03 | Validation loss decreased (0.291318 --> 0.283288) in epoch (85). Saving model ...
2026-07-13 09:23:03 | TestSub: S2 | Epoch 86/100 Finsh | Now_lr 0.0005/0.0005 | Train Loss 0.2745 | Valid Loss 0.2832 | Train Acc 90.2083 | Valid Acc 91.6667
2026-07-13 09:23:03 | Validation loss decreased (0.283288 --> 0.283205) in epoch (86). Saving model ...
2026-07-13 09:23:04 | TestSub: S2 | Epoch 87/100 Finsh | Now_lr 0.0005/0.0005 | Train Loss 0.2796 | Valid Loss 0.2735 | Train Acc 89.5833 | Valid Acc 92.7083
2026-07-13 09:23:04 | Validation loss decreased (0.283205 --> 0.273472) in epoch (87). Saving model ...
2026-07-13 09:23:04 | TestSub: S2 | Epoch 88/100 Finsh | Now_lr 0.0005/0.0005 | Train Loss 0.2677 | Valid Loss 0.2751 | Train Acc 90.1042 | Valid Acc 93.2292
2026-07-13 09:23:05 | TestSub: S2 | Epoch 89/100 Finsh | Now_lr 0.0005/0.0005 | Train Loss 0.2734 | Valid Loss 0.2750 | Train Acc 90.5729 | Valid Acc 92.7083
2026-07-13 09:23:05 | TestSub: S2 | Epoch 90/100 Finsh | Now_lr 0.0005/0.0005 | Train Loss 0.2582 | Valid Loss 0.2751 | Train Acc 90.2604 | Valid Acc 92.1875
2026-07-13 09:23:06 | TestSub: S2 | Epoch 91/100 Finsh | Now_lr 0.0005/0.0005 | Train Loss 0.2641 | Valid Loss 0.2743 | Train Acc 90.6771 | Valid Acc 92.1875
2026-07-13 09:23:06 | TestSub: S2 | Epoch 92/100 Finsh | Now_lr 0.0005/0.0005 | Train Loss 0.2726 | Valid Loss 0.2958 | Train Acc 90.1042 | Valid Acc 91.1458
2026-07-13 09:23:07 | TestSub: S2 | Epoch 93/100 Finsh | Now_lr 0.0005/0.0005 | Train Loss 0.2748 | Valid Loss 0.2741 | Train Acc 89.6875 | Valid Acc 90.6250
2026-07-13 09:23:08 | TestSub: S2 | Epoch 94/100 Finsh | Now_lr 0.0005/0.0005 | Train Loss 0.2483 | Valid Loss 0.2753 | Train Acc 91.0938 | Valid Acc 92.7083
2026-07-13 09:23:08 | TestSub: S2 | Epoch 95/100 Finsh | Now_lr 0.0005/0.0005 | Train Loss 0.2543 | Valid Loss 0.2710 | Train Acc 91.3021 | Valid Acc 90.6250
2026-07-13 09:23:08 | Validation loss decreased (0.273472 --> 0.271042) in epoch (95). Saving model ...
2026-07-13 09:23:09 | TestSub: S2 | Epoch 96/100 Finsh | Now_lr 0.0005/0.0005 | Train Loss 0.2647 | Valid Loss 0.2725 | Train Acc 90.4688 | Valid Acc 92.1875
2026-07-13 09:23:09 | TestSub: S2 | Epoch 97/100 Finsh | Now_lr 0.0005/0.0005 | Train Loss 0.2562 | Valid Loss 0.2719 | Train Acc 90.3125 | Valid Acc 92.7083
2026-07-13 09:23:10 | TestSub: S2 | Epoch 98/100 Finsh | Now_lr 0.0005/0.0005 | Train Loss 0.2681 | Valid Loss 0.2675 | Train Acc 89.7917 | Valid Acc 93.2292
2026-07-13 09:23:10 | Validation loss decreased (0.271042 --> 0.267537) in epoch (98). Saving model ...
2026-07-13 09:23:10 | TestSub: S2 | Epoch 99/100 Finsh | Now_lr 0.0005/0.0005 | Train Loss 0.2674 | Valid Loss 0.2698 | Train Acc 90.2604 | Valid Acc 94.2708
2026-07-13 09:23:11 | TestSub: S2 | Epoch 100/100 Finsh | Now_lr 0.0005/0.0005 | Train Loss 0.2533 | Valid Loss 0.2738 | Train Acc 90.3125 | Valid Acc 93.2292
2026-07-13 09:23:11 | --------------------------------------------------
2026-07-13 09:23:11 | Test_Subject :S2 | Best epoch:98 | Test Loss:0.4150 | Savemodel Acc 80.8594
2026-07-13 09:23:11 | --------------------------------------------------
2026-07-13 09:23:11 | Best epoch: 98 | Test acc: 80.8594
