2026-07-13 09:21:10 | Logging started: ./writer/Subject_dependent_AAD/AVEDao/2.0s/result//Train2.0s_sub1.log
2026-07-13 09:21:13 | Sub_id: 1
2026-07-13 09:21:18 | TestSub: S1 | Epoch  1/100 Finsh | Now_lr 0.0005/0.0005 | Train Loss 0.7019 | Valid Loss 0.7131 | Train Acc 51.8750 | Valid Acc 44.2708
2026-07-13 09:21:18 | Validation loss decreased (inf --> 0.713149) in epoch (1). Saving model ...
2026-07-13 09:21:18 | TestSub: S1 | Epoch  2/100 Finsh | Now_lr 0.0005/0.0005 | Train Loss 0.6924 | Valid Loss 0.7039 | Train Acc 53.4896 | Valid Acc 44.2708
2026-07-13 09:21:18 | Validation loss decreased (0.713149 --> 0.703919) in epoch (2). Saving model ...
2026-07-13 09:21:19 | TestSub: S1 | Epoch  3/100 Finsh | Now_lr 0.0005/0.0005 | Train Loss 0.6940 | Valid Loss 0.7022 | Train Acc 53.0729 | Valid Acc 44.7917
2026-07-13 09:21:19 | Validation loss decreased (0.703919 --> 0.702230) in epoch (3). Saving model ...
2026-07-13 09:21:20 | TestSub: S1 | Epoch  4/100 Finsh | Now_lr 0.0005/0.0005 | Train Loss 0.6843 | Valid Loss 0.7091 | Train Acc 55.1042 | Valid Acc 48.4375
2026-07-13 09:21:20 | TestSub: S1 | Epoch  5/100 Finsh | Now_lr 0.0005/0.0005 | Train Loss 0.6810 | Valid Loss 0.6936 | Train Acc 56.5625 | Valid Acc 53.6458
2026-07-13 09:21:20 | Validation loss decreased (0.702230 --> 0.693623) in epoch (5). Saving model ...
2026-07-13 09:21:21 | TestSub: S1 | Epoch  6/100 Finsh | Now_lr 0.0005/0.0005 | Train Loss 0.6743 | Valid Loss 0.6936 | Train Acc 58.8021 | Valid Acc 49.4792
2026-07-13 09:21:21 | Validation loss decreased (0.693623 --> 0.693621) in epoch (6). Saving model ...
2026-07-13 09:21:21 | TestSub: S1 | Epoch  7/100 Finsh | Now_lr 0.0005/0.0005 | Train Loss 0.6654 | Valid Loss 0.6895 | Train Acc 60.9896 | Valid Acc 56.2500
2026-07-13 09:21:21 | Validation loss decreased (0.693621 --> 0.689536) in epoch (7). Saving model ...
2026-07-13 09:21:22 | TestSub: S1 | Epoch  8/100 Finsh | Now_lr 0.0005/0.0005 | Train Loss 0.6533 | Valid Loss 0.6843 | Train Acc 62.9167 | Valid Acc 52.6042
2026-07-13 09:21:22 | Validation loss decreased (0.689536 --> 0.684348) in epoch (8). Saving model ...
2026-07-13 09:21:22 | TestSub: S1 | Epoch  9/100 Finsh | Now_lr 0.0005/0.0005 | Train Loss 0.6524 | Valid Loss 0.6830 | Train Acc 63.1771 | Valid Acc 57.8125
2026-07-13 09:21:22 | Validation loss decreased (0.684348 --> 0.683032) in epoch (9). Saving model ...
2026-07-13 09:21:23 | TestSub: S1 | Epoch 10/100 Finsh | Now_lr 0.0005/0.0005 | Train Loss 0.6430 | Valid Loss 0.6773 | Train Acc 65.6250 | Valid Acc 58.3333
2026-07-13 09:21:23 | Validation loss decreased (0.683032 --> 0.677309) in epoch (10). Saving model ...
2026-07-13 09:21:24 | TestSub: S1 | Epoch 11/100 Finsh | Now_lr 0.0005/0.0005 | Train Loss 0.6326 | Valid Loss 0.6694 | Train Acc 66.8750 | Valid Acc 58.8542
2026-07-13 09:21:24 | Validation loss decreased (0.677309 --> 0.669357) in epoch (11). Saving model ...
2026-07-13 09:21:24 | TestSub: S1 | Epoch 12/100 Finsh | Now_lr 0.0005/0.0005 | Train Loss 0.6169 | Valid Loss 0.6631 | Train Acc 69.0625 | Valid Acc 60.9375
2026-07-13 09:21:24 | Validation loss decreased (0.669357 --> 0.663105) in epoch (12). Saving model ...
2026-07-13 09:21:25 | TestSub: S1 | Epoch 13/100 Finsh | Now_lr 0.0005/0.0005 | Train Loss 0.6164 | Valid Loss 0.6496 | Train Acc 67.9167 | Valid Acc 64.0625
2026-07-13 09:21:25 | Validation loss decreased (0.663105 --> 0.649552) in epoch (13). Saving model ...
2026-07-13 09:21:25 | TestSub: S1 | Epoch 14/100 Finsh | Now_lr 0.0005/0.0005 | Train Loss 0.6002 | Valid Loss 0.6394 | Train Acc 70.7812 | Valid Acc 66.1458
2026-07-13 09:21:25 | Validation loss decreased (0.649552 --> 0.639358) in epoch (14). Saving model ...
2026-07-13 09:21:26 | TestSub: S1 | Epoch 15/100 Finsh | Now_lr 0.0005/0.0005 | Train Loss 0.5970 | Valid Loss 0.6361 | Train Acc 70.2083 | Valid Acc 67.7083
2026-07-13 09:21:26 | Validation loss decreased (0.639358 --> 0.636094) in epoch (15). Saving model ...
2026-07-13 09:21:26 | TestSub: S1 | Epoch 16/100 Finsh | Now_lr 0.0005/0.0005 | Train Loss 0.5811 | Valid Loss 0.6401 | Train Acc 72.0833 | Valid Acc 65.6250
2026-07-13 09:21:27 | TestSub: S1 | Epoch 17/100 Finsh | Now_lr 0.0005/0.0005 | Train Loss 0.5821 | Valid Loss 0.6217 | Train Acc 71.4583 | Valid Acc 71.3542
2026-07-13 09:21:27 | Validation loss decreased (0.636094 --> 0.621676) in epoch (17). Saving model ...
2026-07-13 09:21:27 | TestSub: S1 | Epoch 18/100 Finsh | Now_lr 0.0005/0.0005 | Train Loss 0.5693 | Valid Loss 0.6274 | Train Acc 73.3854 | Valid Acc 68.2292
2026-07-13 09:21:28 | TestSub: S1 | Epoch 19/100 Finsh | Now_lr 0.0005/0.0005 | Train Loss 0.5575 | Valid Loss 0.6286 | Train Acc 74.1667 | Valid Acc 67.1875
2026-07-13 09:21:28 | TestSub: S1 | Epoch 20/100 Finsh | Now_lr 0.0005/0.0005 | Train Loss 0.5484 | Valid Loss 0.6071 | Train Acc 74.6354 | Valid Acc 68.2292
2026-07-13 09:21:28 | Validation loss decreased (0.621676 --> 0.607147) in epoch (20). Saving model ...
2026-07-13 09:21:29 | TestSub: S1 | Epoch 21/100 Finsh | Now_lr 0.0005/0.0005 | Train Loss 0.5489 | Valid Loss 0.6092 | Train Acc 75.0000 | Valid Acc 69.7917
2026-07-13 09:21:29 | TestSub: S1 | Epoch 22/100 Finsh | Now_lr 0.0005/0.0005 | Train Loss 0.5333 | Valid Loss 0.5936 | Train Acc 76.4062 | Valid Acc 73.4375
2026-07-13 09:21:29 | Validation loss decreased (0.607147 --> 0.593579) in epoch (22). Saving model ...
2026-07-13 09:21:30 | TestSub: S1 | Epoch 23/100 Finsh | Now_lr 0.0005/0.0005 | Train Loss 0.5198 | Valid Loss 0.5878 | Train Acc 76.4062 | Valid Acc 71.3542
2026-07-13 09:21:30 | Validation loss decreased (0.593579 --> 0.587785) in epoch (23). Saving model ...
2026-07-13 09:21:30 | TestSub: S1 | Epoch 24/100 Finsh | Now_lr 0.0005/0.0005 | Train Loss 0.5173 | Valid Loss 0.5836 | Train Acc 77.4479 | Valid Acc 73.9583
2026-07-13 09:21:30 | Validation loss decreased (0.587785 --> 0.583574) in epoch (24). Saving model ...
2026-07-13 09:21:31 | TestSub: S1 | Epoch 25/100 Finsh | Now_lr 0.0005/0.0005 | Train Loss 0.5069 | Valid Loss 0.5743 | Train Acc 77.7604 | Valid Acc 75.5208
2026-07-13 09:21:31 | Validation loss decreased (0.583574 --> 0.574287) in epoch (25). Saving model ...
2026-07-13 09:21:32 | TestSub: S1 | Epoch 26/100 Finsh | Now_lr 0.0005/0.0005 | Train Loss 0.4999 | Valid Loss 0.5698 | Train Acc 78.0729 | Valid Acc 74.4792
2026-07-13 09:21:32 | Validation loss decreased (0.574287 --> 0.569786) in epoch (26). Saving model ...
2026-07-13 09:21:32 | TestSub: S1 | Epoch 27/100 Finsh | Now_lr 0.0005/0.0005 | Train Loss 0.5031 | Valid Loss 0.5499 | Train Acc 78.2812 | Valid Acc 78.1250
2026-07-13 09:21:32 | Validation loss decreased (0.569786 --> 0.549942) in epoch (27). Saving model ...
2026-07-13 09:21:33 | TestSub: S1 | Epoch 28/100 Finsh | Now_lr 0.0005/0.0005 | Train Loss 0.4827 | Valid Loss 0.5480 | Train Acc 78.5938 | Valid Acc 76.0417
2026-07-13 09:21:33 | Validation loss decreased (0.549942 --> 0.548010) in epoch (28). Saving model ...
2026-07-13 09:21:34 | TestSub: S1 | Epoch 29/100 Finsh | Now_lr 0.0005/0.0005 | Train Loss 0.4843 | Valid Loss 0.5493 | Train Acc 79.5833 | Valid Acc 73.9583
2026-07-13 09:21:34 | TestSub: S1 | Epoch 30/100 Finsh | Now_lr 0.0005/0.0005 | Train Loss 0.4697 | Valid Loss 0.5400 | Train Acc 80.2083 | Valid Acc 77.6042
2026-07-13 09:21:34 | Validation loss decreased (0.548010 --> 0.540034) in epoch (30). Saving model ...
2026-07-13 09:21:35 | TestSub: S1 | Epoch 31/100 Finsh | Now_lr 0.0005/0.0005 | Train Loss 0.4659 | Valid Loss 0.5293 | Train Acc 80.8854 | Valid Acc 79.1667
2026-07-13 09:21:35 | Validation loss decreased (0.540034 --> 0.529285) in epoch (31). Saving model ...
2026-07-13 09:21:35 | TestSub: S1 | Epoch 32/100 Finsh | Now_lr 0.0005/0.0005 | Train Loss 0.4554 | Valid Loss 0.5184 | Train Acc 82.5000 | Valid Acc 80.2083
2026-07-13 09:21:35 | Validation loss decreased (0.529285 --> 0.518399) in epoch (32). Saving model ...
2026-07-13 09:21:36 | TestSub: S1 | Epoch 33/100 Finsh | Now_lr 0.0005/0.0005 | Train Loss 0.4599 | Valid Loss 0.5245 | Train Acc 80.7292 | Valid Acc 77.6042
2026-07-13 09:21:36 | TestSub: S1 | Epoch 34/100 Finsh | Now_lr 0.0005/0.0005 | Train Loss 0.4573 | Valid Loss 0.5111 | Train Acc 80.3125 | Valid Acc 79.6875
2026-07-13 09:21:36 | Validation loss decreased (0.518399 --> 0.511121) in epoch (34). Saving model ...
2026-07-13 09:21:37 | TestSub: S1 | Epoch 35/100 Finsh | Now_lr 0.0005/0.0005 | Train Loss 0.4455 | Valid Loss 0.4980 | Train Acc 81.8750 | Valid Acc 80.7292
2026-07-13 09:21:37 | Validation loss decreased (0.511121 --> 0.497992) in epoch (35). Saving model ...
2026-07-13 09:21:37 | TestSub: S1 | Epoch 36/100 Finsh | Now_lr 0.0005/0.0005 | Train Loss 0.4504 | Valid Loss 0.4923 | Train Acc 81.7188 | Valid Acc 79.6875
2026-07-13 09:21:37 | Validation loss decreased (0.497992 --> 0.492323) in epoch (36). Saving model ...
2026-07-13 09:21:38 | TestSub: S1 | Epoch 37/100 Finsh | Now_lr 0.0005/0.0005 | Train Loss 0.4385 | Valid Loss 0.4945 | Train Acc 82.4479 | Valid Acc 79.6875
2026-07-13 09:21:38 | TestSub: S1 | Epoch 38/100 Finsh | Now_lr 0.0005/0.0005 | Train Loss 0.4311 | Valid Loss 0.4868 | Train Acc 82.2396 | Valid Acc 81.7708
2026-07-13 09:21:38 | Validation loss decreased (0.492323 --> 0.486849) in epoch (38). Saving model ...
2026-07-13 09:21:39 | TestSub: S1 | Epoch 39/100 Finsh | Now_lr 0.0005/0.0005 | Train Loss 0.4166 | Valid Loss 0.4801 | Train Acc 82.7604 | Valid Acc 80.7292
2026-07-13 09:21:39 | Validation loss decreased (0.486849 --> 0.480056) in epoch (39). Saving model ...
2026-07-13 09:21:39 | TestSub: S1 | Epoch 40/100 Finsh | Now_lr 0.0005/0.0005 | Train Loss 0.4202 | Valid Loss 0.4686 | Train Acc 83.1250 | Valid Acc 80.7292
2026-07-13 09:21:39 | Validation loss decreased (0.480056 --> 0.468569) in epoch (40). Saving model ...
2026-07-13 09:21:40 | TestSub: S1 | Epoch 41/100 Finsh | Now_lr 0.0005/0.0005 | Train Loss 0.4231 | Valid Loss 0.4662 | Train Acc 82.2396 | Valid Acc 82.2917
2026-07-13 09:21:40 | Validation loss decreased (0.468569 --> 0.466228) in epoch (41). Saving model ...
2026-07-13 09:21:41 | TestSub: S1 | Epoch 42/100 Finsh | Now_lr 0.0005/0.0005 | Train Loss 0.4251 | Valid Loss 0.4701 | Train Acc 82.2396 | Valid Acc 80.2083
2026-07-13 09:21:41 | TestSub: S1 | Epoch 43/100 Finsh | Now_lr 0.0005/0.0005 | Train Loss 0.4235 | Valid Loss 0.4683 | Train Acc 82.0833 | Valid Acc 83.3333
2026-07-13 09:21:42 | TestSub: S1 | Epoch 44/100 Finsh | Now_lr 0.0005/0.0005 | Train Loss 0.4120 | Valid Loss 0.4626 | Train Acc 83.1771 | Valid Acc 82.8125
2026-07-13 09:21:42 | Validation loss decreased (0.466228 --> 0.462635) in epoch (44). Saving model ...
2026-07-13 09:21:42 | TestSub: S1 | Epoch 45/100 Finsh | Now_lr 0.0005/0.0005 | Train Loss 0.4166 | Valid Loss 0.4569 | Train Acc 83.7500 | Valid Acc 82.8125
2026-07-13 09:21:42 | Validation loss decreased (0.462635 --> 0.456880) in epoch (45). Saving model ...
2026-07-13 09:21:43 | TestSub: S1 | Epoch 46/100 Finsh | Now_lr 0.0005/0.0005 | Train Loss 0.3963 | Valid Loss 0.4536 | Train Acc 84.5833 | Valid Acc 83.3333
2026-07-13 09:21:43 | Validation loss decreased (0.456880 --> 0.453607) in epoch (46). Saving model ...
2026-07-13 09:21:43 | TestSub: S1 | Epoch 47/100 Finsh | Now_lr 0.0005/0.0005 | Train Loss 0.3923 | Valid Loss 0.4415 | Train Acc 84.4271 | Valid Acc 82.8125
2026-07-13 09:21:43 | Validation loss decreased (0.453607 --> 0.441518) in epoch (47). Saving model ...
2026-07-13 09:21:44 | TestSub: S1 | Epoch 48/100 Finsh | Now_lr 0.0005/0.0005 | Train Loss 0.3998 | Valid Loss 0.4417 | Train Acc 83.4896 | Valid Acc 84.3750
2026-07-13 09:21:44 | TestSub: S1 | Epoch 49/100 Finsh | Now_lr 0.0005/0.0005 | Train Loss 0.3961 | Valid Loss 0.4402 | Train Acc 84.6875 | Valid Acc 83.8542
2026-07-13 09:21:44 | Validation loss decreased (0.441518 --> 0.440157) in epoch (49). Saving model ...
2026-07-13 09:21:45 | TestSub: S1 | Epoch 50/100 Finsh | Now_lr 0.0005/0.0005 | Train Loss 0.3779 | Valid Loss 0.4696 | Train Acc 85.4688 | Valid Acc 80.7292
2026-07-13 09:21:45 | TestSub: S1 | Epoch 51/100 Finsh | Now_lr 0.0005/0.0005 | Train Loss 0.4040 | Valid Loss 0.4318 | Train Acc 83.0208 | Valid Acc 84.8958
2026-07-13 09:21:45 | Validation loss decreased (0.440157 --> 0.431844) in epoch (51). Saving model ...
2026-07-13 09:21:46 | TestSub: S1 | Epoch 52/100 Finsh | Now_lr 0.0005/0.0005 | Train Loss 0.3815 | Valid Loss 0.4389 | Train Acc 85.1042 | Valid Acc 83.3333
2026-07-13 09:21:46 | TestSub: S1 | Epoch 53/100 Finsh | Now_lr 0.0005/0.0005 | Train Loss 0.3933 | Valid Loss 0.4341 | Train Acc 84.1146 | Valid Acc 85.4167
2026-07-13 09:21:47 | TestSub: S1 | Epoch 54/100 Finsh | Now_lr 0.0005/0.0005 | Train Loss 0.3829 | Valid Loss 0.4255 | Train Acc 83.6979 | Valid Acc 82.8125
2026-07-13 09:21:47 | Validation loss decreased (0.431844 --> 0.425463) in epoch (54). Saving model ...
2026-07-13 09:21:48 | TestSub: S1 | Epoch 55/100 Finsh | Now_lr 0.0005/0.0005 | Train Loss 0.3788 | Valid Loss 0.4115 | Train Acc 84.5833 | Valid Acc 84.3750
2026-07-13 09:21:48 | Validation loss decreased (0.425463 --> 0.411494) in epoch (55). Saving model ...
2026-07-13 09:21:48 | TestSub: S1 | Epoch 56/100 Finsh | Now_lr 0.0005/0.0005 | Train Loss 0.3773 | Valid Loss 0.4154 | Train Acc 85.0000 | Valid Acc 84.8958
2026-07-13 09:21:49 | TestSub: S1 | Epoch 57/100 Finsh | Now_lr 0.0005/0.0005 | Train Loss 0.3813 | Valid Loss 0.4157 | Train Acc 84.2188 | Valid Acc 86.4583
2026-07-13 09:21:49 | TestSub: S1 | Epoch 58/100 Finsh | Now_lr 0.0005/0.0005 | Train Loss 0.3630 | Valid Loss 0.4015 | Train Acc 85.3646 | Valid Acc 85.9375
2026-07-13 09:21:49 | Validation loss decreased (0.411494 --> 0.401486) in epoch (58). Saving model ...
2026-07-13 09:21:50 | TestSub: S1 | Epoch 59/100 Finsh | Now_lr 0.0005/0.0005 | Train Loss 0.3823 | Valid Loss 0.3961 | Train Acc 83.8021 | Valid Acc 87.5000
2026-07-13 09:21:50 | Validation loss decreased (0.401486 --> 0.396071) in epoch (59). Saving model ...
2026-07-13 09:21:50 | TestSub: S1 | Epoch 60/100 Finsh | Now_lr 0.0005/0.0005 | Train Loss 0.3733 | Valid Loss 0.4058 | Train Acc 84.0104 | Valid Acc 85.4167
2026-07-13 09:21:51 | TestSub: S1 | Epoch 61/100 Finsh | Now_lr 0.0005/0.0005 | Train Loss 0.3761 | Valid Loss 0.3959 | Train Acc 84.0104 | Valid Acc 87.5000
2026-07-13 09:21:51 | Validation loss decreased (0.396071 --> 0.395906) in epoch (61). Saving model ...
2026-07-13 09:21:51 | TestSub: S1 | Epoch 62/100 Finsh | Now_lr 0.0005/0.0005 | Train Loss 0.3700 | Valid Loss 0.4044 | Train Acc 85.4688 | Valid Acc 83.8542
2026-07-13 09:21:52 | TestSub: S1 | Epoch 63/100 Finsh | Now_lr 0.0005/0.0005 | Train Loss 0.3489 | Valid Loss 0.3890 | Train Acc 85.9375 | Valid Acc 84.8958
2026-07-13 09:21:52 | Validation loss decreased (0.395906 --> 0.389023) in epoch (63). Saving model ...
2026-07-13 09:21:52 | TestSub: S1 | Epoch 64/100 Finsh | Now_lr 0.0005/0.0005 | Train Loss 0.3556 | Valid Loss 0.3851 | Train Acc 87.0833 | Valid Acc 86.9792
2026-07-13 09:21:52 | Validation loss decreased (0.389023 --> 0.385106) in epoch (64). Saving model ...
2026-07-13 09:21:53 | TestSub: S1 | Epoch 65/100 Finsh | Now_lr 0.0005/0.0005 | Train Loss 0.3666 | Valid Loss 0.3847 | Train Acc 84.7917 | Valid Acc 85.4167
2026-07-13 09:21:53 | Validation loss decreased (0.385106 --> 0.384683) in epoch (65). Saving model ...
2026-07-13 09:21:53 | TestSub: S1 | Epoch 66/100 Finsh | Now_lr 0.0005/0.0005 | Train Loss 0.3554 | Valid Loss 0.3913 | Train Acc 85.0000 | Valid Acc 82.8125
2026-07-13 09:21:54 | TestSub: S1 | Epoch 67/100 Finsh | Now_lr 0.0005/0.0005 | Train Loss 0.3566 | Valid Loss 0.3731 | Train Acc 86.2500 | Valid Acc 85.9375
2026-07-13 09:21:54 | Validation loss decreased (0.384683 --> 0.373142) in epoch (67). Saving model ...
2026-07-13 09:21:54 | TestSub: S1 | Epoch 68/100 Finsh | Now_lr 0.0005/0.0005 | Train Loss 0.3507 | Valid Loss 0.3692 | Train Acc 86.7708 | Valid Acc 88.5417
2026-07-13 09:21:54 | Validation loss decreased (0.373142 --> 0.369236) in epoch (68). Saving model ...
2026-07-13 09:21:55 | TestSub: S1 | Epoch 69/100 Finsh | Now_lr 0.0005/0.0005 | Train Loss 0.3441 | Valid Loss 0.3689 | Train Acc 86.7708 | Valid Acc 88.0208
2026-07-13 09:21:55 | Validation loss decreased (0.369236 --> 0.368895) in epoch (69). Saving model ...
2026-07-13 09:21:56 | TestSub: S1 | Epoch 70/100 Finsh | Now_lr 0.0005/0.0005 | Train Loss 0.3383 | Valid Loss 0.3741 | Train Acc 86.7188 | Valid Acc 86.4583
2026-07-13 09:21:56 | TestSub: S1 | Epoch 71/100 Finsh | Now_lr 0.0005/0.0005 | Train Loss 0.3425 | Valid Loss 0.3619 | Train Acc 87.0312 | Valid Acc 87.5000
2026-07-13 09:21:56 | Validation loss decreased (0.368895 --> 0.361948) in epoch (71). Saving model ...
2026-07-13 09:21:57 | TestSub: S1 | Epoch 72/100 Finsh | Now_lr 0.0005/0.0005 | Train Loss 0.3245 | Valid Loss 0.3649 | Train Acc 87.4479 | Valid Acc 86.9792
2026-07-13 09:21:57 | TestSub: S1 | Epoch 73/100 Finsh | Now_lr 0.0005/0.0005 | Train Loss 0.3425 | Valid Loss 0.3631 | Train Acc 86.7708 | Valid Acc 88.5417
2026-07-13 09:21:58 | TestSub: S1 | Epoch 74/100 Finsh | Now_lr 0.0005/0.0005 | Train Loss 0.3394 | Valid Loss 0.3557 | Train Acc 85.8333 | Valid Acc 88.5417
2026-07-13 09:21:58 | Validation loss decreased (0.361948 --> 0.355686) in epoch (74). Saving model ...
2026-07-13 09:21:58 | TestSub: S1 | Epoch 75/100 Finsh | Now_lr 0.0005/0.0005 | Train Loss 0.3351 | Valid Loss 0.3613 | Train Acc 86.9792 | Valid Acc 86.9792
2026-07-13 09:21:59 | TestSub: S1 | Epoch 76/100 Finsh | Now_lr 0.0005/0.0005 | Train Loss 0.3373 | Valid Loss 0.3658 | Train Acc 87.2917 | Valid Acc 90.1042
2026-07-13 09:21:59 | TestSub: S1 | Epoch 77/100 Finsh | Now_lr 0.0005/0.0005 | Train Loss 0.3159 | Valid Loss 0.3589 | Train Acc 87.6042 | Valid Acc 86.9792
2026-07-13 09:22:00 | TestSub: S1 | Epoch 78/100 Finsh | Now_lr 0.0005/0.0005 | Train Loss 0.3355 | Valid Loss 0.3546 | Train Acc 86.7708 | Valid Acc 90.1042
2026-07-13 09:22:00 | Validation loss decreased (0.355686 --> 0.354584) in epoch (78). Saving model ...
2026-07-13 09:22:00 | TestSub: S1 | Epoch 79/100 Finsh | Now_lr 0.0005/0.0005 | Train Loss 0.3219 | Valid Loss 0.3546 | Train Acc 88.3854 | Valid Acc 88.5417
2026-07-13 09:22:00 | Validation loss decreased (0.354584 --> 0.354575) in epoch (79). Saving model ...
2026-07-13 09:22:01 | TestSub: S1 | Epoch 80/100 Finsh | Now_lr 0.0005/0.0005 | Train Loss 0.3178 | Valid Loss 0.3427 | Train Acc 86.8229 | Valid Acc 89.0625
2026-07-13 09:22:01 | Validation loss decreased (0.354575 --> 0.342700) in epoch (80). Saving model ...
2026-07-13 09:22:02 | TestSub: S1 | Epoch 81/100 Finsh | Now_lr 0.0005/0.0005 | Train Loss 0.3270 | Valid Loss 0.3480 | Train Acc 87.5000 | Valid Acc 89.5833
2026-07-13 09:22:02 | TestSub: S1 | Epoch 82/100 Finsh | Now_lr 0.0005/0.0005 | Train Loss 0.3290 | Valid Loss 0.3530 | Train Acc 86.5104 | Valid Acc 88.5417
2026-07-13 09:22:03 | TestSub: S1 | Epoch 83/100 Finsh | Now_lr 0.0005/0.0005 | Train Loss 0.3139 | Valid Loss 0.3477 | Train Acc 87.8125 | Valid Acc 87.5000
2026-07-13 09:22:03 | TestSub: S1 | Epoch 84/100 Finsh | Now_lr 0.0005/0.0005 | Train Loss 0.3250 | Valid Loss 0.3387 | Train Acc 87.2917 | Valid Acc 90.1042
2026-07-13 09:22:03 | Validation loss decreased (0.342700 --> 0.338658) in epoch (84). Saving model ...
2026-07-13 09:22:04 | TestSub: S1 | Epoch 85/100 Finsh | Now_lr 0.0005/0.0005 | Train Loss 0.3100 | Valid Loss 0.3503 | Train Acc 87.9688 | Valid Acc 90.1042
2026-07-13 09:22:04 | TestSub: S1 | Epoch 86/100 Finsh | Now_lr 0.0005/0.0005 | Train Loss 0.3189 | Valid Loss 0.3532 | Train Acc 87.1875 | Valid Acc 88.0208
2026-07-13 09:22:05 | TestSub: S1 | Epoch 87/100 Finsh | Now_lr 0.0005/0.0005 | Train Loss 0.3177 | Valid Loss 0.3429 | Train Acc 87.9167 | Valid Acc 88.5417
2026-07-13 09:22:05 | TestSub: S1 | Epoch 88/100 Finsh | Now_lr 0.0005/0.0005 | Train Loss 0.3156 | Valid Loss 0.3328 | Train Acc 87.8646 | Valid Acc 88.5417
2026-07-13 09:22:05 | Validation loss decreased (0.338658 --> 0.332779) in epoch (88). Saving model ...
2026-07-13 09:22:06 | TestSub: S1 | Epoch 89/100 Finsh | Now_lr 0.0005/0.0005 | Train Loss 0.3184 | Valid Loss 0.3307 | Train Acc 86.8750 | Valid Acc 90.1042
2026-07-13 09:22:06 | Validation loss decreased (0.332779 --> 0.330688) in epoch (89). Saving model ...
2026-07-13 09:22:06 | TestSub: S1 | Epoch 90/100 Finsh | Now_lr 0.0005/0.0005 | Train Loss 0.3249 | Valid Loss 0.3457 | Train Acc 86.1979 | Valid Acc 88.0208
2026-07-13 09:22:07 | TestSub: S1 | Epoch 91/100 Finsh | Now_lr 0.0005/0.0005 | Train Loss 0.3185 | Valid Loss 0.3343 | Train Acc 87.6042 | Valid Acc 88.5417
2026-07-13 09:22:07 | TestSub: S1 | Epoch 92/100 Finsh | Now_lr 0.0005/0.0005 | Train Loss 0.3252 | Valid Loss 0.3277 | Train Acc 86.9271 | Valid Acc 91.1458
2026-07-13 09:22:07 | Validation loss decreased (0.330688 --> 0.327673) in epoch (92). Saving model ...
2026-07-13 09:22:08 | TestSub: S1 | Epoch 93/100 Finsh | Now_lr 0.0005/0.0005 | Train Loss 0.3236 | Valid Loss 0.3299 | Train Acc 86.9792 | Valid Acc 90.6250
2026-07-13 09:22:08 | TestSub: S1 | Epoch 94/100 Finsh | Now_lr 0.0005/0.0005 | Train Loss 0.3202 | Valid Loss 0.3278 | Train Acc 87.5000 | Valid Acc 91.1458
2026-07-13 09:22:09 | TestSub: S1 | Epoch 95/100 Finsh | Now_lr 0.0005/0.0005 | Train Loss 0.3116 | Valid Loss 0.3284 | Train Acc 87.5000 | Valid Acc 91.1458
2026-07-13 09:22:10 | TestSub: S1 | Epoch 96/100 Finsh | Now_lr 0.0005/0.0005 | Train Loss 0.2990 | Valid Loss 0.3313 | Train Acc 88.1771 | Valid Acc 90.6250
2026-07-13 09:22:10 | TestSub: S1 | Epoch 97/100 Finsh | Now_lr 0.0005/0.0005 | Train Loss 0.3004 | Valid Loss 0.3255 | Train Acc 88.2812 | Valid Acc 91.1458
2026-07-13 09:22:10 | Validation loss decreased (0.327673 --> 0.325463) in epoch (97). Saving model ...
2026-07-13 09:22:11 | TestSub: S1 | Epoch 98/100 Finsh | Now_lr 0.0005/0.0005 | Train Loss 0.3000 | Valid Loss 0.3268 | Train Acc 88.4896 | Valid Acc 90.6250
2026-07-13 09:22:11 | TestSub: S1 | Epoch 99/100 Finsh | Now_lr 0.0005/0.0005 | Train Loss 0.3095 | Valid Loss 0.3217 | Train Acc 87.1354 | Valid Acc 89.5833
2026-07-13 09:22:11 | Validation loss decreased (0.325463 --> 0.321666) in epoch (99). Saving model ...
2026-07-13 09:22:12 | TestSub: S1 | Epoch 100/100 Finsh | Now_lr 0.0005/0.0005 | Train Loss 0.3045 | Valid Loss 0.3247 | Train Acc 87.5000 | Valid Acc 91.1458
2026-07-13 09:22:12 | --------------------------------------------------
2026-07-13 09:22:12 | Test_Subject :S1 | Best epoch:99 | Test Loss:0.5136 | Savemodel Acc 74.2188
2026-07-13 09:22:12 | --------------------------------------------------
2026-07-13 09:22:12 | Best epoch: 99 | Test acc: 74.2188
