2026-07-13 09:26:07 | Logging started: ./writer/Subject_dependent_AAD/AVEDao/2.0s/result//Train2.0s_sub6.log
2026-07-13 09:26:10 | Sub_id: 6
2026-07-13 09:26:11 | TestSub: S6 | Epoch  1/100 Finsh | Now_lr 0.0005/0.0005 | Train Loss 0.7057 | Valid Loss 0.6871 | Train Acc 50.4687 | Valid Acc 53.1250
2026-07-13 09:26:11 | Validation loss decreased (inf --> 0.687107) in epoch (1). Saving model ...
2026-07-13 09:26:12 | TestSub: S6 | Epoch  2/100 Finsh | Now_lr 0.0005/0.0005 | Train Loss 0.6889 | Valid Loss 0.6889 | Train Acc 53.5417 | Valid Acc 55.7292
2026-07-13 09:26:13 | TestSub: S6 | Epoch  3/100 Finsh | Now_lr 0.0005/0.0005 | Train Loss 0.6910 | Valid Loss 0.6873 | Train Acc 52.8125 | Valid Acc 56.2500
2026-07-13 09:26:13 | TestSub: S6 | Epoch  4/100 Finsh | Now_lr 0.0005/0.0005 | Train Loss 0.6834 | Valid Loss 0.6861 | Train Acc 55.0521 | Valid Acc 53.6458
2026-07-13 09:26:13 | Validation loss decreased (0.687107 --> 0.686093) in epoch (4). Saving model ...
2026-07-13 09:26:14 | TestSub: S6 | Epoch  5/100 Finsh | Now_lr 0.0005/0.0005 | Train Loss 0.6798 | Valid Loss 0.6846 | Train Acc 56.1979 | Valid Acc 57.8125
2026-07-13 09:26:14 | Validation loss decreased (0.686093 --> 0.684615) in epoch (5). Saving model ...
2026-07-13 09:26:14 | TestSub: S6 | Epoch  6/100 Finsh | Now_lr 0.0005/0.0005 | Train Loss 0.6685 | Valid Loss 0.6827 | Train Acc 58.4375 | Valid Acc 57.8125
2026-07-13 09:26:14 | Validation loss decreased (0.684615 --> 0.682671) in epoch (6). Saving model ...
2026-07-13 09:26:15 | TestSub: S6 | Epoch  7/100 Finsh | Now_lr 0.0005/0.0005 | Train Loss 0.6635 | Valid Loss 0.6820 | Train Acc 60.0000 | Valid Acc 61.4583
2026-07-13 09:26:15 | Validation loss decreased (0.682671 --> 0.681992) in epoch (7). Saving model ...
2026-07-13 09:26:15 | TestSub: S6 | Epoch  8/100 Finsh | Now_lr 0.0005/0.0005 | Train Loss 0.6603 | Valid Loss 0.6789 | Train Acc 61.7188 | Valid Acc 61.4583
2026-07-13 09:26:15 | Validation loss decreased (0.681992 --> 0.678869) in epoch (8). Saving model ...
2026-07-13 09:26:16 | TestSub: S6 | Epoch  9/100 Finsh | Now_lr 0.0005/0.0005 | Train Loss 0.6527 | Valid Loss 0.6740 | Train Acc 61.4062 | Valid Acc 59.8958
2026-07-13 09:26:16 | Validation loss decreased (0.678869 --> 0.674019) in epoch (9). Saving model ...
2026-07-13 09:26:16 | TestSub: S6 | Epoch 10/100 Finsh | Now_lr 0.0005/0.0005 | Train Loss 0.6436 | Valid Loss 0.6728 | Train Acc 65.0000 | Valid Acc 63.5417
2026-07-13 09:26:16 | Validation loss decreased (0.674019 --> 0.672833) in epoch (10). Saving model ...
2026-07-13 09:26:17 | TestSub: S6 | Epoch 11/100 Finsh | Now_lr 0.0005/0.0005 | Train Loss 0.6404 | Valid Loss 0.6681 | Train Acc 64.1146 | Valid Acc 62.5000
2026-07-13 09:26:17 | Validation loss decreased (0.672833 --> 0.668057) in epoch (11). Saving model ...
2026-07-13 09:26:18 | TestSub: S6 | Epoch 12/100 Finsh | Now_lr 0.0005/0.0005 | Train Loss 0.6317 | Valid Loss 0.6639 | Train Acc 65.9375 | Valid Acc 63.5417
2026-07-13 09:26:18 | Validation loss decreased (0.668057 --> 0.663896) in epoch (12). Saving model ...
2026-07-13 09:26:18 | TestSub: S6 | Epoch 13/100 Finsh | Now_lr 0.0005/0.0005 | Train Loss 0.6212 | Valid Loss 0.6578 | Train Acc 66.4062 | Valid Acc 66.1458
2026-07-13 09:26:18 | Validation loss decreased (0.663896 --> 0.657788) in epoch (13). Saving model ...
2026-07-13 09:26:19 | TestSub: S6 | Epoch 14/100 Finsh | Now_lr 0.0005/0.0005 | Train Loss 0.6083 | Valid Loss 0.6479 | Train Acc 68.9583 | Valid Acc 66.1458
2026-07-13 09:26:19 | Validation loss decreased (0.657788 --> 0.647904) in epoch (14). Saving model ...
2026-07-13 09:26:20 | TestSub: S6 | Epoch 15/100 Finsh | Now_lr 0.0005/0.0005 | Train Loss 0.6007 | Valid Loss 0.6426 | Train Acc 68.7500 | Valid Acc 67.1875
2026-07-13 09:26:20 | Validation loss decreased (0.647904 --> 0.642639) in epoch (15). Saving model ...
2026-07-13 09:26:20 | TestSub: S6 | Epoch 16/100 Finsh | Now_lr 0.0005/0.0005 | Train Loss 0.5872 | Valid Loss 0.6327 | Train Acc 70.7292 | Valid Acc 68.2292
2026-07-13 09:26:20 | Validation loss decreased (0.642639 --> 0.632733) in epoch (16). Saving model ...
2026-07-13 09:26:21 | TestSub: S6 | Epoch 17/100 Finsh | Now_lr 0.0005/0.0005 | Train Loss 0.5853 | Valid Loss 0.6303 | Train Acc 70.7812 | Valid Acc 63.5417
2026-07-13 09:26:21 | Validation loss decreased (0.632733 --> 0.630290) in epoch (17). Saving model ...
2026-07-13 09:26:22 | TestSub: S6 | Epoch 18/100 Finsh | Now_lr 0.0005/0.0005 | Train Loss 0.5723 | Valid Loss 0.6200 | Train Acc 72.2396 | Valid Acc 68.2292
2026-07-13 09:26:22 | Validation loss decreased (0.630290 --> 0.619976) in epoch (18). Saving model ...
2026-07-13 09:26:22 | TestSub: S6 | Epoch 19/100 Finsh | Now_lr 0.0005/0.0005 | Train Loss 0.5749 | Valid Loss 0.6123 | Train Acc 71.9792 | Valid Acc 69.2708
2026-07-13 09:26:22 | Validation loss decreased (0.619976 --> 0.612344) in epoch (19). Saving model ...
2026-07-13 09:26:23 | TestSub: S6 | Epoch 20/100 Finsh | Now_lr 0.0005/0.0005 | Train Loss 0.5680 | Valid Loss 0.6100 | Train Acc 71.7708 | Valid Acc 68.7500
2026-07-13 09:26:23 | Validation loss decreased (0.612344 --> 0.610002) in epoch (20). Saving model ...
2026-07-13 09:26:23 | TestSub: S6 | Epoch 21/100 Finsh | Now_lr 0.0005/0.0005 | Train Loss 0.5487 | Valid Loss 0.5945 | Train Acc 74.3229 | Valid Acc 71.8750
2026-07-13 09:26:23 | Validation loss decreased (0.610002 --> 0.594508) in epoch (21). Saving model ...
2026-07-13 09:26:24 | TestSub: S6 | Epoch 22/100 Finsh | Now_lr 0.0005/0.0005 | Train Loss 0.5465 | Valid Loss 0.5849 | Train Acc 73.1771 | Valid Acc 72.9167
2026-07-13 09:26:24 | Validation loss decreased (0.594508 --> 0.584936) in epoch (22). Saving model ...
2026-07-13 09:26:25 | TestSub: S6 | Epoch 23/100 Finsh | Now_lr 0.0005/0.0005 | Train Loss 0.5382 | Valid Loss 0.5858 | Train Acc 74.5312 | Valid Acc 70.3125
2026-07-13 09:26:25 | TestSub: S6 | Epoch 24/100 Finsh | Now_lr 0.0005/0.0005 | Train Loss 0.5244 | Valid Loss 0.5662 | Train Acc 76.1458 | Valid Acc 75.0000
2026-07-13 09:26:25 | Validation loss decreased (0.584936 --> 0.566219) in epoch (24). Saving model ...
2026-07-13 09:26:26 | TestSub: S6 | Epoch 25/100 Finsh | Now_lr 0.0005/0.0005 | Train Loss 0.5180 | Valid Loss 0.5609 | Train Acc 75.4688 | Valid Acc 73.9583
2026-07-13 09:26:26 | Validation loss decreased (0.566219 --> 0.560917) in epoch (25). Saving model ...
2026-07-13 09:26:26 | TestSub: S6 | Epoch 26/100 Finsh | Now_lr 0.0005/0.0005 | Train Loss 0.5150 | Valid Loss 0.5486 | Train Acc 76.8229 | Valid Acc 71.8750
2026-07-13 09:26:26 | Validation loss decreased (0.560917 --> 0.548563) in epoch (26). Saving model ...
2026-07-13 09:26:27 | TestSub: S6 | Epoch 27/100 Finsh | Now_lr 0.0005/0.0005 | Train Loss 0.5117 | Valid Loss 0.5401 | Train Acc 77.2917 | Valid Acc 75.5208
2026-07-13 09:26:27 | Validation loss decreased (0.548563 --> 0.540085) in epoch (27). Saving model ...
2026-07-13 09:26:27 | TestSub: S6 | Epoch 28/100 Finsh | Now_lr 0.0005/0.0005 | Train Loss 0.5121 | Valid Loss 0.5353 | Train Acc 76.4062 | Valid Acc 74.4792
2026-07-13 09:26:27 | Validation loss decreased (0.540085 --> 0.535299) in epoch (28). Saving model ...
2026-07-13 09:26:28 | TestSub: S6 | Epoch 29/100 Finsh | Now_lr 0.0005/0.0005 | Train Loss 0.4902 | Valid Loss 0.5264 | Train Acc 77.9688 | Valid Acc 75.5208
2026-07-13 09:26:28 | Validation loss decreased (0.535299 --> 0.526414) in epoch (29). Saving model ...
2026-07-13 09:26:28 | TestSub: S6 | Epoch 30/100 Finsh | Now_lr 0.0005/0.0005 | Train Loss 0.4988 | Valid Loss 0.5281 | Train Acc 76.6667 | Valid Acc 75.5208
2026-07-13 09:26:29 | TestSub: S6 | Epoch 31/100 Finsh | Now_lr 0.0005/0.0005 | Train Loss 0.4883 | Valid Loss 0.5132 | Train Acc 78.3854 | Valid Acc 81.2500
2026-07-13 09:26:29 | Validation loss decreased (0.526414 --> 0.513235) in epoch (31). Saving model ...
2026-07-13 09:26:30 | TestSub: S6 | Epoch 32/100 Finsh | Now_lr 0.0005/0.0005 | Train Loss 0.4885 | Valid Loss 0.5055 | Train Acc 78.7500 | Valid Acc 78.1250
2026-07-13 09:26:30 | Validation loss decreased (0.513235 --> 0.505514) in epoch (32). Saving model ...
2026-07-13 09:26:30 | TestSub: S6 | Epoch 33/100 Finsh | Now_lr 0.0005/0.0005 | Train Loss 0.4679 | Valid Loss 0.4998 | Train Acc 80.7812 | Valid Acc 77.6042
2026-07-13 09:26:30 | Validation loss decreased (0.505514 --> 0.499849) in epoch (33). Saving model ...
2026-07-13 09:26:31 | TestSub: S6 | Epoch 34/100 Finsh | Now_lr 0.0005/0.0005 | Train Loss 0.4742 | Valid Loss 0.5002 | Train Acc 78.7500 | Valid Acc 77.6042
2026-07-13 09:26:32 | TestSub: S6 | Epoch 35/100 Finsh | Now_lr 0.0005/0.0005 | Train Loss 0.4611 | Valid Loss 0.5035 | Train Acc 80.1562 | Valid Acc 78.1250
2026-07-13 09:26:32 | TestSub: S6 | Epoch 36/100 Finsh | Now_lr 0.0005/0.0005 | Train Loss 0.4604 | Valid Loss 0.4844 | Train Acc 79.5312 | Valid Acc 80.2083
2026-07-13 09:26:32 | Validation loss decreased (0.499849 --> 0.484412) in epoch (36). Saving model ...
2026-07-13 09:26:33 | TestSub: S6 | Epoch 37/100 Finsh | Now_lr 0.0005/0.0005 | Train Loss 0.4640 | Valid Loss 0.4956 | Train Acc 79.2708 | Valid Acc 77.0833
2026-07-13 09:26:33 | TestSub: S6 | Epoch 38/100 Finsh | Now_lr 0.0005/0.0005 | Train Loss 0.4491 | Valid Loss 0.4829 | Train Acc 80.5729 | Valid Acc 81.2500
2026-07-13 09:26:33 | Validation loss decreased (0.484412 --> 0.482950) in epoch (38). Saving model ...
2026-07-13 09:26:34 | TestSub: S6 | Epoch 39/100 Finsh | Now_lr 0.0005/0.0005 | Train Loss 0.4520 | Valid Loss 0.4812 | Train Acc 80.5729 | Valid Acc 82.8125
2026-07-13 09:26:34 | Validation loss decreased (0.482950 --> 0.481202) in epoch (39). Saving model ...
2026-07-13 09:26:35 | TestSub: S6 | Epoch 40/100 Finsh | Now_lr 0.0005/0.0005 | Train Loss 0.4413 | Valid Loss 0.4902 | Train Acc 80.7812 | Valid Acc 76.0417
2026-07-13 09:26:35 | TestSub: S6 | Epoch 41/100 Finsh | Now_lr 0.0005/0.0005 | Train Loss 0.4443 | Valid Loss 0.4693 | Train Acc 80.3646 | Valid Acc 82.8125
2026-07-13 09:26:35 | Validation loss decreased (0.481202 --> 0.469272) in epoch (41). Saving model ...
2026-07-13 09:26:36 | TestSub: S6 | Epoch 42/100 Finsh | Now_lr 0.0005/0.0005 | Train Loss 0.4359 | Valid Loss 0.4704 | Train Acc 81.4583 | Valid Acc 78.1250
2026-07-13 09:26:36 | TestSub: S6 | Epoch 43/100 Finsh | Now_lr 0.0005/0.0005 | Train Loss 0.4281 | Valid Loss 0.4632 | Train Acc 81.4583 | Valid Acc 80.2083
2026-07-13 09:26:36 | Validation loss decreased (0.469272 --> 0.463222) in epoch (43). Saving model ...
2026-07-13 09:26:37 | TestSub: S6 | Epoch 44/100 Finsh | Now_lr 0.0005/0.0005 | Train Loss 0.4231 | Valid Loss 0.4780 | Train Acc 82.6562 | Valid Acc 78.6458
2026-07-13 09:26:37 | TestSub: S6 | Epoch 45/100 Finsh | Now_lr 0.0005/0.0005 | Train Loss 0.4236 | Valid Loss 0.4472 | Train Acc 83.2812 | Valid Acc 83.3333
2026-07-13 09:26:37 | Validation loss decreased (0.463222 --> 0.447155) in epoch (45). Saving model ...
2026-07-13 09:26:38 | TestSub: S6 | Epoch 46/100 Finsh | Now_lr 0.0005/0.0005 | Train Loss 0.4364 | Valid Loss 0.4445 | Train Acc 81.3542 | Valid Acc 82.2917
2026-07-13 09:26:38 | Validation loss decreased (0.447155 --> 0.444491) in epoch (46). Saving model ...
2026-07-13 09:26:38 | TestSub: S6 | Epoch 47/100 Finsh | Now_lr 0.0005/0.0005 | Train Loss 0.4248 | Valid Loss 0.4432 | Train Acc 81.6667 | Valid Acc 81.2500
2026-07-13 09:26:38 | Validation loss decreased (0.444491 --> 0.443180) in epoch (47). Saving model ...
2026-07-13 09:26:39 | TestSub: S6 | Epoch 48/100 Finsh | Now_lr 0.0005/0.0005 | Train Loss 0.4319 | Valid Loss 0.4367 | Train Acc 81.2500 | Valid Acc 83.3333
2026-07-13 09:26:39 | Validation loss decreased (0.443180 --> 0.436692) in epoch (48). Saving model ...
2026-07-13 09:26:40 | TestSub: S6 | Epoch 49/100 Finsh | Now_lr 0.0005/0.0005 | Train Loss 0.4159 | Valid Loss 0.4394 | Train Acc 81.9792 | Valid Acc 83.3333
2026-07-13 09:26:40 | TestSub: S6 | Epoch 50/100 Finsh | Now_lr 0.0005/0.0005 | Train Loss 0.4179 | Valid Loss 0.4481 | Train Acc 82.3958 | Valid Acc 82.2917
2026-07-13 09:26:41 | TestSub: S6 | Epoch 51/100 Finsh | Now_lr 0.0005/0.0005 | Train Loss 0.4105 | Valid Loss 0.4360 | Train Acc 83.5938 | Valid Acc 82.8125
2026-07-13 09:26:41 | Validation loss decreased (0.436692 --> 0.435984) in epoch (51). Saving model ...
2026-07-13 09:26:41 | TestSub: S6 | Epoch 52/100 Finsh | Now_lr 0.0005/0.0005 | Train Loss 0.4210 | Valid Loss 0.4371 | Train Acc 81.6146 | Valid Acc 81.7708
2026-07-13 09:26:42 | TestSub: S6 | Epoch 53/100 Finsh | Now_lr 0.0005/0.0005 | Train Loss 0.4098 | Valid Loss 0.4268 | Train Acc 81.4062 | Valid Acc 80.7292
2026-07-13 09:26:42 | Validation loss decreased (0.435984 --> 0.426772) in epoch (53). Saving model ...
2026-07-13 09:26:42 | TestSub: S6 | Epoch 54/100 Finsh | Now_lr 0.0005/0.0005 | Train Loss 0.4093 | Valid Loss 0.4235 | Train Acc 82.6562 | Valid Acc 82.2917
2026-07-13 09:26:42 | Validation loss decreased (0.426772 --> 0.423510) in epoch (54). Saving model ...
2026-07-13 09:26:43 | TestSub: S6 | Epoch 55/100 Finsh | Now_lr 0.0005/0.0005 | Train Loss 0.3911 | Valid Loss 0.4210 | Train Acc 84.7396 | Valid Acc 83.3333
2026-07-13 09:26:43 | Validation loss decreased (0.423510 --> 0.420959) in epoch (55). Saving model ...
2026-07-13 09:26:43 | TestSub: S6 | Epoch 56/100 Finsh | Now_lr 0.0005/0.0005 | Train Loss 0.3916 | Valid Loss 0.4252 | Train Acc 84.4271 | Valid Acc 84.3750
2026-07-13 09:26:44 | TestSub: S6 | Epoch 57/100 Finsh | Now_lr 0.0005/0.0005 | Train Loss 0.3932 | Valid Loss 0.4142 | Train Acc 83.2812 | Valid Acc 82.8125
2026-07-13 09:26:44 | Validation loss decreased (0.420959 --> 0.414211) in epoch (57). Saving model ...
2026-07-13 09:26:44 | TestSub: S6 | Epoch 58/100 Finsh | Now_lr 0.0005/0.0005 | Train Loss 0.3962 | Valid Loss 0.4154 | Train Acc 83.3854 | Valid Acc 84.3750
2026-07-13 09:26:45 | TestSub: S6 | Epoch 59/100 Finsh | Now_lr 0.0005/0.0005 | Train Loss 0.3925 | Valid Loss 0.4218 | Train Acc 84.4271 | Valid Acc 81.7708
2026-07-13 09:26:45 | TestSub: S6 | Epoch 60/100 Finsh | Now_lr 0.0005/0.0005 | Train Loss 0.3830 | Valid Loss 0.4136 | Train Acc 83.9583 | Valid Acc 82.2917
2026-07-13 09:26:45 | Validation loss decreased (0.414211 --> 0.413591) in epoch (60). Saving model ...
2026-07-13 09:26:46 | TestSub: S6 | Epoch 61/100 Finsh | Now_lr 0.0005/0.0005 | Train Loss 0.3859 | Valid Loss 0.4121 | Train Acc 83.5417 | Valid Acc 85.4167
2026-07-13 09:26:46 | Validation loss decreased (0.413591 --> 0.412110) in epoch (61). Saving model ...
2026-07-13 09:26:47 | TestSub: S6 | Epoch 62/100 Finsh | Now_lr 0.0005/0.0005 | Train Loss 0.3829 | Valid Loss 0.4113 | Train Acc 83.8021 | Valid Acc 84.8958
2026-07-13 09:26:47 | Validation loss decreased (0.412110 --> 0.411263) in epoch (62). Saving model ...
2026-07-13 09:26:47 | TestSub: S6 | Epoch 63/100 Finsh | Now_lr 0.0005/0.0005 | Train Loss 0.3833 | Valid Loss 0.4023 | Train Acc 83.5938 | Valid Acc 85.4167
2026-07-13 09:26:47 | Validation loss decreased (0.411263 --> 0.402301) in epoch (63). Saving model ...
2026-07-13 09:26:48 | TestSub: S6 | Epoch 64/100 Finsh | Now_lr 0.0005/0.0005 | Train Loss 0.3793 | Valid Loss 0.4069 | Train Acc 84.5312 | Valid Acc 85.9375
2026-07-13 09:26:48 | TestSub: S6 | Epoch 65/100 Finsh | Now_lr 0.0005/0.0005 | Train Loss 0.3729 | Valid Loss 0.3994 | Train Acc 85.6771 | Valid Acc 84.3750
2026-07-13 09:26:48 | Validation loss decreased (0.402301 --> 0.399433) in epoch (65). Saving model ...
2026-07-13 09:26:49 | TestSub: S6 | Epoch 66/100 Finsh | Now_lr 0.0005/0.0005 | Train Loss 0.3802 | Valid Loss 0.3970 | Train Acc 84.1667 | Valid Acc 86.4583
2026-07-13 09:26:49 | Validation loss decreased (0.399433 --> 0.397007) in epoch (66). Saving model ...
2026-07-13 09:26:50 | TestSub: S6 | Epoch 67/100 Finsh | Now_lr 0.0005/0.0005 | Train Loss 0.3862 | Valid Loss 0.4090 | Train Acc 83.4375 | Valid Acc 85.4167
2026-07-13 09:26:50 | TestSub: S6 | Epoch 68/100 Finsh | Now_lr 0.0005/0.0005 | Train Loss 0.3682 | Valid Loss 0.4017 | Train Acc 84.9479 | Valid Acc 84.8958
2026-07-13 09:26:51 | TestSub: S6 | Epoch 69/100 Finsh | Now_lr 0.0005/0.0005 | Train Loss 0.3786 | Valid Loss 0.3973 | Train Acc 84.0625 | Valid Acc 84.8958
2026-07-13 09:26:51 | TestSub: S6 | Epoch 70/100 Finsh | Now_lr 0.0005/0.0005 | Train Loss 0.3659 | Valid Loss 0.3925 | Train Acc 85.1042 | Valid Acc 84.3750
2026-07-13 09:26:51 | Validation loss decreased (0.397007 --> 0.392498) in epoch (70). Saving model ...
2026-07-13 09:26:52 | TestSub: S6 | Epoch 71/100 Finsh | Now_lr 0.0005/0.0005 | Train Loss 0.3682 | Valid Loss 0.3940 | Train Acc 85.1042 | Valid Acc 82.8125
2026-07-13 09:26:52 | TestSub: S6 | Epoch 72/100 Finsh | Now_lr 0.0005/0.0005 | Train Loss 0.3681 | Valid Loss 0.3910 | Train Acc 84.3750 | Valid Acc 84.8958
2026-07-13 09:26:52 | Validation loss decreased (0.392498 --> 0.390969) in epoch (72). Saving model ...
2026-07-13 09:26:53 | TestSub: S6 | Epoch 73/100 Finsh | Now_lr 0.0005/0.0005 | Train Loss 0.3529 | Valid Loss 0.4004 | Train Acc 86.1979 | Valid Acc 83.3333
2026-07-13 09:26:53 | TestSub: S6 | Epoch 74/100 Finsh | Now_lr 0.0005/0.0005 | Train Loss 0.3610 | Valid Loss 0.3878 | Train Acc 85.6771 | Valid Acc 84.3750
2026-07-13 09:26:53 | Validation loss decreased (0.390969 --> 0.387780) in epoch (74). Saving model ...
2026-07-13 09:26:54 | TestSub: S6 | Epoch 75/100 Finsh | Now_lr 0.0005/0.0005 | Train Loss 0.3705 | Valid Loss 0.3794 | Train Acc 85.4167 | Valid Acc 86.4583
2026-07-13 09:26:54 | Validation loss decreased (0.387780 --> 0.379386) in epoch (75). Saving model ...
2026-07-13 09:26:54 | TestSub: S6 | Epoch 76/100 Finsh | Now_lr 0.0005/0.0005 | Train Loss 0.3554 | Valid Loss 0.3827 | Train Acc 85.1562 | Valid Acc 85.9375
2026-07-13 09:26:55 | TestSub: S6 | Epoch 77/100 Finsh | Now_lr 0.0005/0.0005 | Train Loss 0.3602 | Valid Loss 0.3721 | Train Acc 84.3750 | Valid Acc 86.4583
2026-07-13 09:26:55 | Validation loss decreased (0.379386 --> 0.372102) in epoch (77). Saving model ...
2026-07-13 09:26:56 | TestSub: S6 | Epoch 78/100 Finsh | Now_lr 0.0005/0.0005 | Train Loss 0.3623 | Valid Loss 0.3665 | Train Acc 84.8438 | Valid Acc 83.3333
2026-07-13 09:26:56 | Validation loss decreased (0.372102 --> 0.366529) in epoch (78). Saving model ...
2026-07-13 09:26:56 | TestSub: S6 | Epoch 79/100 Finsh | Now_lr 0.0005/0.0005 | Train Loss 0.3443 | Valid Loss 0.3726 | Train Acc 86.5104 | Valid Acc 85.4167
2026-07-13 09:26:57 | TestSub: S6 | Epoch 80/100 Finsh | Now_lr 0.0005/0.0005 | Train Loss 0.3478 | Valid Loss 0.3720 | Train Acc 86.2500 | Valid Acc 83.3333
2026-07-13 09:26:57 | TestSub: S6 | Epoch 81/100 Finsh | Now_lr 0.0005/0.0005 | Train Loss 0.3643 | Valid Loss 0.3685 | Train Acc 84.8438 | Valid Acc 81.7708
2026-07-13 09:26:58 | TestSub: S6 | Epoch 82/100 Finsh | Now_lr 0.0005/0.0005 | Train Loss 0.3422 | Valid Loss 0.3745 | Train Acc 85.7812 | Valid Acc 83.8542
2026-07-13 09:26:58 | TestSub: S6 | Epoch 83/100 Finsh | Now_lr 0.0005/0.0005 | Train Loss 0.3499 | Valid Loss 0.3711 | Train Acc 85.5208 | Valid Acc 84.8958
2026-07-13 09:26:59 | TestSub: S6 | Epoch 84/100 Finsh | Now_lr 0.0005/0.0005 | Train Loss 0.3399 | Valid Loss 0.3701 | Train Acc 87.3438 | Valid Acc 85.9375
2026-07-13 09:26:59 | TestSub: S6 | Epoch 85/100 Finsh | Now_lr 0.0005/0.0005 | Train Loss 0.3480 | Valid Loss 0.3667 | Train Acc 85.5208 | Valid Acc 84.3750
2026-07-13 09:27:00 | TestSub: S6 | Epoch 86/100 Finsh | Now_lr 0.0005/0.0005 | Train Loss 0.3363 | Valid Loss 0.3671 | Train Acc 85.9375 | Valid Acc 86.9792
2026-07-13 09:27:00 | TestSub: S6 | Epoch 87/100 Finsh | Now_lr 0.0005/0.0005 | Train Loss 0.3305 | Valid Loss 0.3626 | Train Acc 86.6146 | Valid Acc 88.0208
2026-07-13 09:27:00 | Validation loss decreased (0.366529 --> 0.362617) in epoch (87). Saving model ...
2026-07-13 09:27:01 | TestSub: S6 | Epoch 88/100 Finsh | Now_lr 0.0005/0.0005 | Train Loss 0.3498 | Valid Loss 0.3603 | Train Acc 85.2083 | Valid Acc 86.9792
2026-07-13 09:27:01 | Validation loss decreased (0.362617 --> 0.360291) in epoch (88). Saving model ...
2026-07-13 09:27:02 | TestSub: S6 | Epoch 89/100 Finsh | Now_lr 0.0005/0.0005 | Train Loss 0.3383 | Valid Loss 0.3567 | Train Acc 86.6146 | Valid Acc 86.4583
2026-07-13 09:27:02 | Validation loss decreased (0.360291 --> 0.356731) in epoch (89). Saving model ...
2026-07-13 09:27:02 | TestSub: S6 | Epoch 90/100 Finsh | Now_lr 0.0005/0.0005 | Train Loss 0.3449 | Valid Loss 0.3569 | Train Acc 85.8333 | Valid Acc 88.0208
2026-07-13 09:27:03 | TestSub: S6 | Epoch 91/100 Finsh | Now_lr 0.0005/0.0005 | Train Loss 0.3317 | Valid Loss 0.3619 | Train Acc 86.7708 | Valid Acc 86.9792
2026-07-13 09:27:03 | TestSub: S6 | Epoch 92/100 Finsh | Now_lr 0.0005/0.0005 | Train Loss 0.3352 | Valid Loss 0.3592 | Train Acc 86.6667 | Valid Acc 86.4583
2026-07-13 09:27:04 | TestSub: S6 | Epoch 93/100 Finsh | Now_lr 0.0005/0.0005 | Train Loss 0.3433 | Valid Loss 0.3535 | Train Acc 84.9479 | Valid Acc 87.5000
2026-07-13 09:27:04 | Validation loss decreased (0.356731 --> 0.353541) in epoch (93). Saving model ...
2026-07-13 09:27:04 | TestSub: S6 | Epoch 94/100 Finsh | Now_lr 0.0005/0.0005 | Train Loss 0.3535 | Valid Loss 0.3504 | Train Acc 85.5729 | Valid Acc 88.0208
2026-07-13 09:27:04 | Validation loss decreased (0.353541 --> 0.350353) in epoch (94). Saving model ...
2026-07-13 09:27:05 | TestSub: S6 | Epoch 95/100 Finsh | Now_lr 0.0005/0.0005 | Train Loss 0.3375 | Valid Loss 0.3528 | Train Acc 85.4688 | Valid Acc 88.0208
2026-07-13 09:27:05 | TestSub: S6 | Epoch 96/100 Finsh | Now_lr 0.0005/0.0005 | Train Loss 0.3395 | Valid Loss 0.3465 | Train Acc 86.2500 | Valid Acc 89.0625
2026-07-13 09:27:05 | Validation loss decreased (0.350353 --> 0.346507) in epoch (96). Saving model ...
2026-07-13 09:27:06 | TestSub: S6 | Epoch 97/100 Finsh | Now_lr 0.0005/0.0005 | Train Loss 0.3444 | Valid Loss 0.3517 | Train Acc 85.9375 | Valid Acc 88.5417
2026-07-13 09:27:06 | TestSub: S6 | Epoch 98/100 Finsh | Now_lr 0.0005/0.0005 | Train Loss 0.3134 | Valid Loss 0.3557 | Train Acc 88.2812 | Valid Acc 85.9375
2026-07-13 09:27:07 | TestSub: S6 | Epoch 99/100 Finsh | Now_lr 0.0005/0.0005 | Train Loss 0.3329 | Valid Loss 0.3658 | Train Acc 86.0938 | Valid Acc 86.9792
2026-07-13 09:27:07 | TestSub: S6 | Epoch 100/100 Finsh | Now_lr 0.0005/0.0005 | Train Loss 0.3249 | Valid Loss 0.3532 | Train Acc 86.9792 | Valid Acc 86.9792
2026-07-13 09:27:07 | --------------------------------------------------
2026-07-13 09:27:07 | Test_Subject :S6 | Best epoch:96 | Test Loss:0.5901 | Savemodel Acc 66.7969
2026-07-13 09:27:07 | --------------------------------------------------
2026-07-13 09:27:07 | Best epoch: 96 | Test acc: 66.7969
