2026-07-13 09:25:08 | Logging started: ./writer/Subject_dependent_AAD/AVEDao/2.0s/result//Train2.0s_sub5.log
2026-07-13 09:25:11 | Sub_id: 5
2026-07-13 09:25:13 | TestSub: S5 | Epoch  1/100 Finsh | Now_lr 0.0005/0.0005 | Train Loss 0.6980 | Valid Loss 0.6926 | Train Acc 50.5729 | Valid Acc 53.1250
2026-07-13 09:25:13 | Validation loss decreased (inf --> 0.692604) in epoch (1). Saving model ...
2026-07-13 09:25:13 | TestSub: S5 | Epoch  2/100 Finsh | Now_lr 0.0005/0.0005 | Train Loss 0.6956 | Valid Loss 0.6855 | Train Acc 52.5000 | Valid Acc 55.7292
2026-07-13 09:25:13 | Validation loss decreased (0.692604 --> 0.685480) in epoch (2). Saving model ...
2026-07-13 09:25:14 | TestSub: S5 | Epoch  3/100 Finsh | Now_lr 0.0005/0.0005 | Train Loss 0.6888 | Valid Loss 0.6848 | Train Acc 53.5937 | Valid Acc 58.3333
2026-07-13 09:25:14 | Validation loss decreased (0.685480 --> 0.684849) in epoch (3). Saving model ...
2026-07-13 09:25:14 | TestSub: S5 | Epoch  4/100 Finsh | Now_lr 0.0005/0.0005 | Train Loss 0.6860 | Valid Loss 0.6856 | Train Acc 53.9583 | Valid Acc 56.2500
2026-07-13 09:25:15 | TestSub: S5 | Epoch  5/100 Finsh | Now_lr 0.0005/0.0005 | Train Loss 0.6782 | Valid Loss 0.6827 | Train Acc 56.8750 | Valid Acc 59.3750
2026-07-13 09:25:15 | Validation loss decreased (0.684849 --> 0.682687) in epoch (5). Saving model ...
2026-07-13 09:25:16 | TestSub: S5 | Epoch  6/100 Finsh | Now_lr 0.0005/0.0005 | Train Loss 0.6733 | Valid Loss 0.6833 | Train Acc 59.6875 | Valid Acc 58.3333
2026-07-13 09:25:16 | TestSub: S5 | Epoch  7/100 Finsh | Now_lr 0.0005/0.0005 | Train Loss 0.6706 | Valid Loss 0.6841 | Train Acc 60.5208 | Valid Acc 58.3333
2026-07-13 09:25:17 | TestSub: S5 | Epoch  8/100 Finsh | Now_lr 0.0005/0.0005 | Train Loss 0.6625 | Valid Loss 0.6829 | Train Acc 60.8854 | Valid Acc 58.3333
2026-07-13 09:25:17 | TestSub: S5 | Epoch  9/100 Finsh | Now_lr 0.0005/0.0005 | Train Loss 0.6585 | Valid Loss 0.6842 | Train Acc 62.5000 | Valid Acc 59.3750
2026-07-13 09:25:18 | TestSub: S5 | Epoch 10/100 Finsh | Now_lr 0.0005/0.0005 | Train Loss 0.6575 | Valid Loss 0.6827 | Train Acc 63.4896 | Valid Acc 59.3750
2026-07-13 09:25:18 | Validation loss decreased (0.682687 --> 0.682665) in epoch (10). Saving model ...
2026-07-13 09:25:18 | TestSub: S5 | Epoch 11/100 Finsh | Now_lr 0.0005/0.0005 | Train Loss 0.6482 | Valid Loss 0.6791 | Train Acc 63.7500 | Valid Acc 60.9375
2026-07-13 09:25:18 | Validation loss decreased (0.682665 --> 0.679131) in epoch (11). Saving model ...
2026-07-13 09:25:19 | TestSub: S5 | Epoch 12/100 Finsh | Now_lr 0.0005/0.0005 | Train Loss 0.6409 | Valid Loss 0.6844 | Train Acc 64.8958 | Valid Acc 55.7292
2026-07-13 09:25:19 | TestSub: S5 | Epoch 13/100 Finsh | Now_lr 0.0005/0.0005 | Train Loss 0.6398 | Valid Loss 0.6718 | Train Acc 65.3646 | Valid Acc 62.5000
2026-07-13 09:25:19 | Validation loss decreased (0.679131 --> 0.671839) in epoch (13). Saving model ...
2026-07-13 09:25:20 | TestSub: S5 | Epoch 14/100 Finsh | Now_lr 0.0005/0.0005 | Train Loss 0.6293 | Valid Loss 0.6742 | Train Acc 67.2917 | Valid Acc 57.8125
2026-07-13 09:25:20 | TestSub: S5 | Epoch 15/100 Finsh | Now_lr 0.0005/0.0005 | Train Loss 0.6232 | Valid Loss 0.6763 | Train Acc 68.0208 | Valid Acc 58.3333
2026-07-13 09:25:21 | TestSub: S5 | Epoch 16/100 Finsh | Now_lr 0.0005/0.0005 | Train Loss 0.6193 | Valid Loss 0.6602 | Train Acc 67.9688 | Valid Acc 65.1042
2026-07-13 09:25:21 | Validation loss decreased (0.671839 --> 0.660165) in epoch (16). Saving model ...
2026-07-13 09:25:22 | TestSub: S5 | Epoch 17/100 Finsh | Now_lr 0.0005/0.0005 | Train Loss 0.6192 | Valid Loss 0.6516 | Train Acc 67.3438 | Valid Acc 65.6250
2026-07-13 09:25:22 | Validation loss decreased (0.660165 --> 0.651636) in epoch (17). Saving model ...
2026-07-13 09:25:22 | TestSub: S5 | Epoch 18/100 Finsh | Now_lr 0.0005/0.0005 | Train Loss 0.6068 | Valid Loss 0.6454 | Train Acc 68.9583 | Valid Acc 66.6667
2026-07-13 09:25:22 | Validation loss decreased (0.651636 --> 0.645394) in epoch (18). Saving model ...
2026-07-13 09:25:23 | TestSub: S5 | Epoch 19/100 Finsh | Now_lr 0.0005/0.0005 | Train Loss 0.5917 | Valid Loss 0.6442 | Train Acc 70.2083 | Valid Acc 65.1042
2026-07-13 09:25:23 | Validation loss decreased (0.645394 --> 0.644217) in epoch (19). Saving model ...
2026-07-13 09:25:23 | TestSub: S5 | Epoch 20/100 Finsh | Now_lr 0.0005/0.0005 | Train Loss 0.5894 | Valid Loss 0.6411 | Train Acc 70.9896 | Valid Acc 66.1458
2026-07-13 09:25:23 | Validation loss decreased (0.644217 --> 0.641079) in epoch (20). Saving model ...
2026-07-13 09:25:24 | TestSub: S5 | Epoch 21/100 Finsh | Now_lr 0.0005/0.0005 | Train Loss 0.5784 | Valid Loss 0.6295 | Train Acc 71.4583 | Valid Acc 70.3125
2026-07-13 09:25:24 | Validation loss decreased (0.641079 --> 0.629458) in epoch (21). Saving model ...
2026-07-13 09:25:24 | TestSub: S5 | Epoch 22/100 Finsh | Now_lr 0.0005/0.0005 | Train Loss 0.5692 | Valid Loss 0.6275 | Train Acc 72.0833 | Valid Acc 68.7500
2026-07-13 09:25:24 | Validation loss decreased (0.629458 --> 0.627451) in epoch (22). Saving model ...
2026-07-13 09:25:25 | TestSub: S5 | Epoch 23/100 Finsh | Now_lr 0.0005/0.0005 | Train Loss 0.5521 | Valid Loss 0.6266 | Train Acc 75.1042 | Valid Acc 69.7917
2026-07-13 09:25:25 | Validation loss decreased (0.627451 --> 0.626642) in epoch (23). Saving model ...
2026-07-13 09:25:26 | TestSub: S5 | Epoch 24/100 Finsh | Now_lr 0.0005/0.0005 | Train Loss 0.5474 | Valid Loss 0.6165 | Train Acc 74.4271 | Valid Acc 69.2708
2026-07-13 09:25:26 | Validation loss decreased (0.626642 --> 0.616500) in epoch (24). Saving model ...
2026-07-13 09:25:26 | TestSub: S5 | Epoch 25/100 Finsh | Now_lr 0.0005/0.0005 | Train Loss 0.5471 | Valid Loss 0.5996 | Train Acc 73.8542 | Valid Acc 70.3125
2026-07-13 09:25:26 | Validation loss decreased (0.616500 --> 0.599639) in epoch (25). Saving model ...
2026-07-13 09:25:27 | TestSub: S5 | Epoch 26/100 Finsh | Now_lr 0.0005/0.0005 | Train Loss 0.5326 | Valid Loss 0.5970 | Train Acc 76.2500 | Valid Acc 72.9167
2026-07-13 09:25:27 | Validation loss decreased (0.599639 --> 0.597042) in epoch (26). Saving model ...
2026-07-13 09:25:27 | TestSub: S5 | Epoch 27/100 Finsh | Now_lr 0.0005/0.0005 | Train Loss 0.5466 | Valid Loss 0.5896 | Train Acc 73.4896 | Valid Acc 73.4375
2026-07-13 09:25:27 | Validation loss decreased (0.597042 --> 0.589611) in epoch (27). Saving model ...
2026-07-13 09:25:28 | TestSub: S5 | Epoch 28/100 Finsh | Now_lr 0.0005/0.0005 | Train Loss 0.5199 | Valid Loss 0.5811 | Train Acc 76.5625 | Valid Acc 76.5625
2026-07-13 09:25:28 | Validation loss decreased (0.589611 --> 0.581120) in epoch (28). Saving model ...
2026-07-13 09:25:28 | TestSub: S5 | Epoch 29/100 Finsh | Now_lr 0.0005/0.0005 | Train Loss 0.5171 | Valid Loss 0.5739 | Train Acc 76.1458 | Valid Acc 76.5625
2026-07-13 09:25:28 | Validation loss decreased (0.581120 --> 0.573893) in epoch (29). Saving model ...
2026-07-13 09:25:29 | TestSub: S5 | Epoch 30/100 Finsh | Now_lr 0.0005/0.0005 | Train Loss 0.5210 | Valid Loss 0.5691 | Train Acc 74.8958 | Valid Acc 77.0833
2026-07-13 09:25:29 | Validation loss decreased (0.573893 --> 0.569055) in epoch (30). Saving model ...
2026-07-13 09:25:29 | TestSub: S5 | Epoch 31/100 Finsh | Now_lr 0.0005/0.0005 | Train Loss 0.5026 | Valid Loss 0.5538 | Train Acc 79.3229 | Valid Acc 77.6042
2026-07-13 09:25:29 | Validation loss decreased (0.569055 --> 0.553760) in epoch (31). Saving model ...
2026-07-13 09:25:30 | TestSub: S5 | Epoch 32/100 Finsh | Now_lr 0.0005/0.0005 | Train Loss 0.4986 | Valid Loss 0.5522 | Train Acc 77.7083 | Valid Acc 76.0417
2026-07-13 09:25:30 | Validation loss decreased (0.553760 --> 0.552191) in epoch (32). Saving model ...
2026-07-13 09:25:31 | TestSub: S5 | Epoch 33/100 Finsh | Now_lr 0.0005/0.0005 | Train Loss 0.4809 | Valid Loss 0.5491 | Train Acc 79.1146 | Valid Acc 76.0417
2026-07-13 09:25:31 | Validation loss decreased (0.552191 --> 0.549083) in epoch (33). Saving model ...
2026-07-13 09:25:31 | TestSub: S5 | Epoch 34/100 Finsh | Now_lr 0.0005/0.0005 | Train Loss 0.4894 | Valid Loss 0.5387 | Train Acc 77.8646 | Valid Acc 79.1667
2026-07-13 09:25:31 | Validation loss decreased (0.549083 --> 0.538696) in epoch (34). Saving model ...
2026-07-13 09:25:32 | TestSub: S5 | Epoch 35/100 Finsh | Now_lr 0.0005/0.0005 | Train Loss 0.4825 | Valid Loss 0.5527 | Train Acc 79.5312 | Valid Acc 73.9583
2026-07-13 09:25:32 | TestSub: S5 | Epoch 36/100 Finsh | Now_lr 0.0005/0.0005 | Train Loss 0.4720 | Valid Loss 0.5346 | Train Acc 78.1250 | Valid Acc 76.0417
2026-07-13 09:25:32 | Validation loss decreased (0.538696 --> 0.534590) in epoch (36). Saving model ...
2026-07-13 09:25:33 | TestSub: S5 | Epoch 37/100 Finsh | Now_lr 0.0005/0.0005 | Train Loss 0.4759 | Valid Loss 0.5358 | Train Acc 79.0104 | Valid Acc 75.0000
2026-07-13 09:25:33 | TestSub: S5 | Epoch 38/100 Finsh | Now_lr 0.0005/0.0005 | Train Loss 0.4601 | Valid Loss 0.5230 | Train Acc 80.4688 | Valid Acc 76.5625
2026-07-13 09:25:33 | Validation loss decreased (0.534590 --> 0.522953) in epoch (38). Saving model ...
2026-07-13 09:25:34 | TestSub: S5 | Epoch 39/100 Finsh | Now_lr 0.0005/0.0005 | Train Loss 0.4511 | Valid Loss 0.5168 | Train Acc 81.2500 | Valid Acc 79.1667
2026-07-13 09:25:34 | Validation loss decreased (0.522953 --> 0.516775) in epoch (39). Saving model ...
2026-07-13 09:25:34 | TestSub: S5 | Epoch 40/100 Finsh | Now_lr 0.0005/0.0005 | Train Loss 0.4612 | Valid Loss 0.5181 | Train Acc 79.1146 | Valid Acc 80.2083
2026-07-13 09:25:35 | TestSub: S5 | Epoch 41/100 Finsh | Now_lr 0.0005/0.0005 | Train Loss 0.4550 | Valid Loss 0.5161 | Train Acc 80.8854 | Valid Acc 77.6042
2026-07-13 09:25:35 | Validation loss decreased (0.516775 --> 0.516067) in epoch (41). Saving model ...
2026-07-13 09:25:35 | TestSub: S5 | Epoch 42/100 Finsh | Now_lr 0.0005/0.0005 | Train Loss 0.4501 | Valid Loss 0.5062 | Train Acc 80.2083 | Valid Acc 80.2083
2026-07-13 09:25:35 | Validation loss decreased (0.516067 --> 0.506203) in epoch (42). Saving model ...
2026-07-13 09:25:36 | TestSub: S5 | Epoch 43/100 Finsh | Now_lr 0.0005/0.0005 | Train Loss 0.4529 | Valid Loss 0.5308 | Train Acc 80.4688 | Valid Acc 75.0000
2026-07-13 09:25:37 | TestSub: S5 | Epoch 44/100 Finsh | Now_lr 0.0005/0.0005 | Train Loss 0.4527 | Valid Loss 0.5044 | Train Acc 79.3750 | Valid Acc 77.6042
2026-07-13 09:25:37 | Validation loss decreased (0.506203 --> 0.504422) in epoch (44). Saving model ...
2026-07-13 09:25:37 | TestSub: S5 | Epoch 45/100 Finsh | Now_lr 0.0005/0.0005 | Train Loss 0.4479 | Valid Loss 0.5041 | Train Acc 81.3021 | Valid Acc 80.7292
2026-07-13 09:25:37 | Validation loss decreased (0.504422 --> 0.504107) in epoch (45). Saving model ...
2026-07-13 09:25:38 | TestSub: S5 | Epoch 46/100 Finsh | Now_lr 0.0005/0.0005 | Train Loss 0.4258 | Valid Loss 0.5017 | Train Acc 81.7708 | Valid Acc 79.6875
2026-07-13 09:25:38 | Validation loss decreased (0.504107 --> 0.501724) in epoch (46). Saving model ...
2026-07-13 09:25:38 | TestSub: S5 | Epoch 47/100 Finsh | Now_lr 0.0005/0.0005 | Train Loss 0.4209 | Valid Loss 0.5007 | Train Acc 83.1771 | Valid Acc 80.7292
2026-07-13 09:25:38 | Validation loss decreased (0.501724 --> 0.500712) in epoch (47). Saving model ...
2026-07-13 09:25:39 | TestSub: S5 | Epoch 48/100 Finsh | Now_lr 0.0005/0.0005 | Train Loss 0.4299 | Valid Loss 0.5000 | Train Acc 82.1354 | Valid Acc 78.6458
2026-07-13 09:25:39 | Validation loss decreased (0.500712 --> 0.499975) in epoch (48). Saving model ...
2026-07-13 09:25:39 | TestSub: S5 | Epoch 49/100 Finsh | Now_lr 0.0005/0.0005 | Train Loss 0.4288 | Valid Loss 0.4999 | Train Acc 81.8229 | Valid Acc 78.1250
2026-07-13 09:25:39 | Validation loss decreased (0.499975 --> 0.499861) in epoch (49). Saving model ...
2026-07-13 09:25:40 | TestSub: S5 | Epoch 50/100 Finsh | Now_lr 0.0005/0.0005 | Train Loss 0.4256 | Valid Loss 0.4958 | Train Acc 81.8750 | Valid Acc 78.1250
2026-07-13 09:25:40 | Validation loss decreased (0.499861 --> 0.495800) in epoch (50). Saving model ...
2026-07-13 09:25:41 | TestSub: S5 | Epoch 51/100 Finsh | Now_lr 0.0005/0.0005 | Train Loss 0.4371 | Valid Loss 0.5095 | Train Acc 80.5208 | Valid Acc 76.5625
2026-07-13 09:25:41 | TestSub: S5 | Epoch 52/100 Finsh | Now_lr 0.0005/0.0005 | Train Loss 0.4298 | Valid Loss 0.4850 | Train Acc 81.1979 | Valid Acc 82.2917
2026-07-13 09:25:41 | Validation loss decreased (0.495800 --> 0.485011) in epoch (52). Saving model ...
2026-07-13 09:25:42 | TestSub: S5 | Epoch 53/100 Finsh | Now_lr 0.0005/0.0005 | Train Loss 0.4321 | Valid Loss 0.4785 | Train Acc 81.4583 | Valid Acc 82.2917
2026-07-13 09:25:42 | Validation loss decreased (0.485011 --> 0.478550) in epoch (53). Saving model ...
2026-07-13 09:25:42 | TestSub: S5 | Epoch 54/100 Finsh | Now_lr 0.0005/0.0005 | Train Loss 0.4049 | Valid Loss 0.4780 | Train Acc 83.1771 | Valid Acc 80.2083
2026-07-13 09:25:42 | Validation loss decreased (0.478550 --> 0.478021) in epoch (54). Saving model ...
2026-07-13 09:25:43 | TestSub: S5 | Epoch 55/100 Finsh | Now_lr 0.0005/0.0005 | Train Loss 0.4174 | Valid Loss 0.4713 | Train Acc 82.3958 | Valid Acc 84.8958
2026-07-13 09:25:43 | Validation loss decreased (0.478021 --> 0.471334) in epoch (55). Saving model ...
2026-07-13 09:25:44 | TestSub: S5 | Epoch 56/100 Finsh | Now_lr 0.0005/0.0005 | Train Loss 0.4106 | Valid Loss 0.4712 | Train Acc 82.1354 | Valid Acc 77.6042
2026-07-13 09:25:44 | Validation loss decreased (0.471334 --> 0.471187) in epoch (56). Saving model ...
2026-07-13 09:25:44 | TestSub: S5 | Epoch 57/100 Finsh | Now_lr 0.0005/0.0005 | Train Loss 0.4071 | Valid Loss 0.4718 | Train Acc 83.0208 | Valid Acc 82.2917
2026-07-13 09:25:45 | TestSub: S5 | Epoch 58/100 Finsh | Now_lr 0.0005/0.0005 | Train Loss 0.4207 | Valid Loss 0.4648 | Train Acc 82.0312 | Valid Acc 84.3750
2026-07-13 09:25:45 | Validation loss decreased (0.471187 --> 0.464781) in epoch (58). Saving model ...
2026-07-13 09:25:45 | TestSub: S5 | Epoch 59/100 Finsh | Now_lr 0.0005/0.0005 | Train Loss 0.4033 | Valid Loss 0.4637 | Train Acc 82.8125 | Valid Acc 81.7708
2026-07-13 09:25:45 | Validation loss decreased (0.464781 --> 0.463666) in epoch (59). Saving model ...
2026-07-13 09:25:46 | TestSub: S5 | Epoch 60/100 Finsh | Now_lr 0.0005/0.0005 | Train Loss 0.3950 | Valid Loss 0.4602 | Train Acc 83.8542 | Valid Acc 84.8958
2026-07-13 09:25:46 | Validation loss decreased (0.463666 --> 0.460153) in epoch (60). Saving model ...
2026-07-13 09:25:46 | TestSub: S5 | Epoch 61/100 Finsh | Now_lr 0.0005/0.0005 | Train Loss 0.3924 | Valid Loss 0.4610 | Train Acc 83.7500 | Valid Acc 84.8958
2026-07-13 09:25:47 | TestSub: S5 | Epoch 62/100 Finsh | Now_lr 0.0005/0.0005 | Train Loss 0.3824 | Valid Loss 0.4643 | Train Acc 85.3125 | Valid Acc 80.7292
2026-07-13 09:25:47 | TestSub: S5 | Epoch 63/100 Finsh | Now_lr 0.0005/0.0005 | Train Loss 0.3938 | Valid Loss 0.4602 | Train Acc 83.8021 | Valid Acc 81.7708
2026-07-13 09:25:48 | TestSub: S5 | Epoch 64/100 Finsh | Now_lr 0.0005/0.0005 | Train Loss 0.3915 | Valid Loss 0.4540 | Train Acc 82.9167 | Valid Acc 83.8542
2026-07-13 09:25:48 | Validation loss decreased (0.460153 --> 0.453995) in epoch (64). Saving model ...
2026-07-13 09:25:48 | TestSub: S5 | Epoch 65/100 Finsh | Now_lr 0.0005/0.0005 | Train Loss 0.3976 | Valid Loss 0.4562 | Train Acc 82.9688 | Valid Acc 80.2083
2026-07-13 09:25:49 | TestSub: S5 | Epoch 66/100 Finsh | Now_lr 0.0005/0.0005 | Train Loss 0.3845 | Valid Loss 0.4528 | Train Acc 84.5312 | Valid Acc 82.8125
2026-07-13 09:25:49 | Validation loss decreased (0.453995 --> 0.452769) in epoch (66). Saving model ...
2026-07-13 09:25:49 | TestSub: S5 | Epoch 67/100 Finsh | Now_lr 0.0005/0.0005 | Train Loss 0.3966 | Valid Loss 0.4479 | Train Acc 82.9688 | Valid Acc 84.3750
2026-07-13 09:25:49 | Validation loss decreased (0.452769 --> 0.447941) in epoch (67). Saving model ...
2026-07-13 09:25:50 | TestSub: S5 | Epoch 68/100 Finsh | Now_lr 0.0005/0.0005 | Train Loss 0.3917 | Valid Loss 0.4499 | Train Acc 83.2812 | Valid Acc 81.7708
2026-07-13 09:25:51 | TestSub: S5 | Epoch 69/100 Finsh | Now_lr 0.0005/0.0005 | Train Loss 0.3661 | Valid Loss 0.4489 | Train Acc 85.1562 | Valid Acc 80.7292
2026-07-13 09:25:51 | TestSub: S5 | Epoch 70/100 Finsh | Now_lr 0.0005/0.0005 | Train Loss 0.3798 | Valid Loss 0.4465 | Train Acc 84.8438 | Valid Acc 85.4167
2026-07-13 09:25:51 | Validation loss decreased (0.447941 --> 0.446510) in epoch (70). Saving model ...
2026-07-13 09:25:52 | TestSub: S5 | Epoch 71/100 Finsh | Now_lr 0.0005/0.0005 | Train Loss 0.3805 | Valid Loss 0.4401 | Train Acc 84.2708 | Valid Acc 87.5000
2026-07-13 09:25:52 | Validation loss decreased (0.446510 --> 0.440052) in epoch (71). Saving model ...
2026-07-13 09:25:52 | TestSub: S5 | Epoch 72/100 Finsh | Now_lr 0.0005/0.0005 | Train Loss 0.3871 | Valid Loss 0.4330 | Train Acc 83.7500 | Valid Acc 86.4583
2026-07-13 09:25:52 | Validation loss decreased (0.440052 --> 0.433043) in epoch (72). Saving model ...
2026-07-13 09:25:53 | TestSub: S5 | Epoch 73/100 Finsh | Now_lr 0.0005/0.0005 | Train Loss 0.3838 | Valid Loss 0.4458 | Train Acc 84.2708 | Valid Acc 79.1667
2026-07-13 09:25:53 | TestSub: S5 | Epoch 74/100 Finsh | Now_lr 0.0005/0.0005 | Train Loss 0.3756 | Valid Loss 0.4432 | Train Acc 84.4271 | Valid Acc 86.4583
2026-07-13 09:25:54 | TestSub: S5 | Epoch 75/100 Finsh | Now_lr 0.0005/0.0005 | Train Loss 0.3744 | Valid Loss 0.4466 | Train Acc 83.8021 | Valid Acc 82.2917
2026-07-13 09:25:54 | TestSub: S5 | Epoch 76/100 Finsh | Now_lr 0.0005/0.0005 | Train Loss 0.3733 | Valid Loss 0.4448 | Train Acc 84.6875 | Valid Acc 83.3333
2026-07-13 09:25:55 | TestSub: S5 | Epoch 77/100 Finsh | Now_lr 0.0005/0.0005 | Train Loss 0.3749 | Valid Loss 0.4366 | Train Acc 84.7917 | Valid Acc 85.9375
2026-07-13 09:25:55 | TestSub: S5 | Epoch 78/100 Finsh | Now_lr 0.0005/0.0005 | Train Loss 0.3745 | Valid Loss 0.4427 | Train Acc 84.5312 | Valid Acc 85.4167
2026-07-13 09:25:56 | TestSub: S5 | Epoch 79/100 Finsh | Now_lr 0.0005/0.0005 | Train Loss 0.3696 | Valid Loss 0.4320 | Train Acc 84.3750 | Valid Acc 86.4583
2026-07-13 09:25:56 | Validation loss decreased (0.433043 --> 0.432032) in epoch (79). Saving model ...
2026-07-13 09:25:56 | TestSub: S5 | Epoch 80/100 Finsh | Now_lr 0.0005/0.0005 | Train Loss 0.3631 | Valid Loss 0.4506 | Train Acc 84.3750 | Valid Acc 78.6458
2026-07-13 09:25:57 | TestSub: S5 | Epoch 81/100 Finsh | Now_lr 0.0005/0.0005 | Train Loss 0.3743 | Valid Loss 0.4335 | Train Acc 83.4375 | Valid Acc 85.9375
2026-07-13 09:25:57 | TestSub: S5 | Epoch 82/100 Finsh | Now_lr 0.0005/0.0005 | Train Loss 0.3771 | Valid Loss 0.4384 | Train Acc 84.5312 | Valid Acc 82.2917
2026-07-13 09:25:58 | TestSub: S5 | Epoch 83/100 Finsh | Now_lr 0.0005/0.0005 | Train Loss 0.3533 | Valid Loss 0.4344 | Train Acc 86.3542 | Valid Acc 85.4167
2026-07-13 09:25:59 | TestSub: S5 | Epoch 84/100 Finsh | Now_lr 0.0005/0.0005 | Train Loss 0.3606 | Valid Loss 0.4214 | Train Acc 84.6354 | Valid Acc 88.5417
2026-07-13 09:25:59 | Validation loss decreased (0.432032 --> 0.421368) in epoch (84). Saving model ...
2026-07-13 09:25:59 | TestSub: S5 | Epoch 85/100 Finsh | Now_lr 0.0005/0.0005 | Train Loss 0.3676 | Valid Loss 0.4213 | Train Acc 84.3750 | Valid Acc 88.0208
2026-07-13 09:25:59 | Validation loss decreased (0.421368 --> 0.421345) in epoch (85). Saving model ...
2026-07-13 09:26:00 | TestSub: S5 | Epoch 86/100 Finsh | Now_lr 0.0005/0.0005 | Train Loss 0.3595 | Valid Loss 0.4205 | Train Acc 85.6771 | Valid Acc 86.9792
2026-07-13 09:26:00 | Validation loss decreased (0.421345 --> 0.420464) in epoch (86). Saving model ...
2026-07-13 09:26:00 | TestSub: S5 | Epoch 87/100 Finsh | Now_lr 0.0005/0.0005 | Train Loss 0.3693 | Valid Loss 0.4401 | Train Acc 84.1146 | Valid Acc 81.2500
2026-07-13 09:26:01 | TestSub: S5 | Epoch 88/100 Finsh | Now_lr 0.0005/0.0005 | Train Loss 0.3605 | Valid Loss 0.4174 | Train Acc 85.0521 | Valid Acc 84.8958
2026-07-13 09:26:01 | Validation loss decreased (0.420464 --> 0.417386) in epoch (88). Saving model ...
2026-07-13 09:26:01 | TestSub: S5 | Epoch 89/100 Finsh | Now_lr 0.0005/0.0005 | Train Loss 0.3581 | Valid Loss 0.4215 | Train Acc 85.0521 | Valid Acc 87.5000
2026-07-13 09:26:02 | TestSub: S5 | Epoch 90/100 Finsh | Now_lr 0.0005/0.0005 | Train Loss 0.3435 | Valid Loss 0.4231 | Train Acc 85.8854 | Valid Acc 83.8542
2026-07-13 09:26:02 | TestSub: S5 | Epoch 91/100 Finsh | Now_lr 0.0005/0.0005 | Train Loss 0.3508 | Valid Loss 0.4248 | Train Acc 85.3646 | Valid Acc 82.2917
2026-07-13 09:26:03 | TestSub: S5 | Epoch 92/100 Finsh | Now_lr 0.0005/0.0005 | Train Loss 0.3573 | Valid Loss 0.4114 | Train Acc 84.9479 | Valid Acc 86.4583
2026-07-13 09:26:03 | Validation loss decreased (0.417386 --> 0.411355) in epoch (92). Saving model ...
2026-07-13 09:26:03 | TestSub: S5 | Epoch 93/100 Finsh | Now_lr 0.0005/0.0005 | Train Loss 0.3526 | Valid Loss 0.4396 | Train Acc 85.1042 | Valid Acc 81.2500
2026-07-13 09:26:04 | TestSub: S5 | Epoch 94/100 Finsh | Now_lr 0.0005/0.0005 | Train Loss 0.3561 | Valid Loss 0.4208 | Train Acc 85.4167 | Valid Acc 85.4167
2026-07-13 09:26:05 | TestSub: S5 | Epoch 95/100 Finsh | Now_lr 0.0005/0.0005 | Train Loss 0.3356 | Valid Loss 0.4241 | Train Acc 86.0938 | Valid Acc 86.4583
2026-07-13 09:26:05 | TestSub: S5 | Epoch 96/100 Finsh | Now_lr 0.0005/0.0005 | Train Loss 0.3512 | Valid Loss 0.4144 | Train Acc 85.5729 | Valid Acc 89.0625
2026-07-13 09:26:06 | TestSub: S5 | Epoch 97/100 Finsh | Now_lr 0.0005/0.0005 | Train Loss 0.3428 | Valid Loss 0.4121 | Train Acc 85.5208 | Valid Acc 86.9792
2026-07-13 09:26:06 | TestSub: S5 | Epoch 98/100 Finsh | Now_lr 0.0005/0.0005 | Train Loss 0.3415 | Valid Loss 0.4154 | Train Acc 85.8854 | Valid Acc 86.9792
2026-07-13 09:26:07 | TestSub: S5 | Epoch 99/100 Finsh | Now_lr 0.0005/0.0005 | Train Loss 0.3466 | Valid Loss 0.4082 | Train Acc 85.2083 | Valid Acc 85.4167
2026-07-13 09:26:07 | Validation loss decreased (0.411355 --> 0.408183) in epoch (99). Saving model ...
2026-07-13 09:26:07 | TestSub: S5 | Epoch 100/100 Finsh | Now_lr 0.0005/0.0005 | Train Loss 0.3471 | Valid Loss 0.4089 | Train Acc 86.0938 | Valid Acc 84.8958
2026-07-13 09:26:07 | --------------------------------------------------
2026-07-13 09:26:07 | Test_Subject :S5 | Best epoch:99 | Test Loss:0.5115 | Savemodel Acc 75.0000
2026-07-13 09:26:07 | --------------------------------------------------
2026-07-13 09:26:07 | Best epoch: 99 | Test acc: 75.0000
