2026-07-10 07:35:03 | Logging started: ./writer/Subject_dependent_AAD/KUL/2.0s/result//Train2.0s_sub8.log
2026-07-10 07:35:08 | Sub_id: 8
2026-07-10 07:35:12 | TestSub: S8 | Epoch  1/100 Finsh | Now_lr 0.0005/0.0005 | Train Loss 0.6837 | Valid Loss 0.6604 | Train Acc 56.2934 | Valid Acc 62.8906
2026-07-10 07:35:12 | Validation loss decreased (inf --> 0.660374) in epoch (1). Saving model ...
2026-07-10 07:35:13 | TestSub: S8 | Epoch  2/100 Finsh | Now_lr 0.0005/0.0005 | Train Loss 0.5012 | Valid Loss 0.3996 | Train Acc 79.7743 | Valid Acc 87.5000
2026-07-10 07:35:13 | Validation loss decreased (0.660374 --> 0.399581) in epoch (2). Saving model ...
2026-07-10 07:35:14 | TestSub: S8 | Epoch  3/100 Finsh | Now_lr 0.0005/0.0005 | Train Loss 0.3278 | Valid Loss 0.2608 | Train Acc 89.1059 | Valid Acc 92.9688
2026-07-10 07:35:14 | Validation loss decreased (0.399581 --> 0.260779) in epoch (3). Saving model ...
2026-07-10 07:35:15 | TestSub: S8 | Epoch  4/100 Finsh | Now_lr 0.0005/0.0005 | Train Loss 0.2448 | Valid Loss 0.1999 | Train Acc 91.4497 | Valid Acc 95.3125
2026-07-10 07:35:15 | Validation loss decreased (0.260779 --> 0.199907) in epoch (4). Saving model ...
2026-07-10 07:35:16 | TestSub: S8 | Epoch  5/100 Finsh | Now_lr 0.0005/0.0005 | Train Loss 0.1907 | Valid Loss 0.1609 | Train Acc 93.4896 | Valid Acc 95.7031
2026-07-10 07:35:16 | Validation loss decreased (0.199907 --> 0.160930) in epoch (5). Saving model ...
2026-07-10 07:35:17 | TestSub: S8 | Epoch  6/100 Finsh | Now_lr 0.0005/0.0005 | Train Loss 0.1586 | Valid Loss 0.1356 | Train Acc 95.3559 | Valid Acc 96.8750
2026-07-10 07:35:17 | Validation loss decreased (0.160930 --> 0.135628) in epoch (6). Saving model ...
2026-07-10 07:35:18 | TestSub: S8 | Epoch  7/100 Finsh | Now_lr 0.0005/0.0005 | Train Loss 0.1424 | Valid Loss 0.1184 | Train Acc 95.0955 | Valid Acc 96.8750
2026-07-10 07:35:18 | Validation loss decreased (0.135628 --> 0.118446) in epoch (7). Saving model ...
2026-07-10 07:35:19 | TestSub: S8 | Epoch  8/100 Finsh | Now_lr 0.0005/0.0005 | Train Loss 0.1140 | Valid Loss 0.1020 | Train Acc 96.7014 | Valid Acc 97.6562
2026-07-10 07:35:19 | Validation loss decreased (0.118446 --> 0.101993) in epoch (8). Saving model ...
2026-07-10 07:35:20 | TestSub: S8 | Epoch  9/100 Finsh | Now_lr 0.0005/0.0005 | Train Loss 0.1006 | Valid Loss 0.0932 | Train Acc 97.0920 | Valid Acc 97.2656
2026-07-10 07:35:20 | Validation loss decreased (0.101993 --> 0.093193) in epoch (9). Saving model ...
2026-07-10 07:35:21 | TestSub: S8 | Epoch 10/100 Finsh | Now_lr 0.0005/0.0005 | Train Loss 0.0907 | Valid Loss 0.0774 | Train Acc 97.3958 | Valid Acc 98.0469
2026-07-10 07:35:21 | Validation loss decreased (0.093193 --> 0.077410) in epoch (10). Saving model ...
2026-07-10 07:35:23 | TestSub: S8 | Epoch 11/100 Finsh | Now_lr 0.0005/0.0005 | Train Loss 0.0851 | Valid Loss 0.0719 | Train Acc 97.4826 | Valid Acc 98.4375
2026-07-10 07:35:23 | Validation loss decreased (0.077410 --> 0.071861) in epoch (11). Saving model ...
2026-07-10 07:35:24 | TestSub: S8 | Epoch 12/100 Finsh | Now_lr 0.0005/0.0005 | Train Loss 0.0759 | Valid Loss 0.0624 | Train Acc 97.6997 | Valid Acc 99.2188
2026-07-10 07:35:24 | Validation loss decreased (0.071861 --> 0.062370) in epoch (12). Saving model ...
2026-07-10 07:35:25 | TestSub: S8 | Epoch 13/100 Finsh | Now_lr 0.0005/0.0005 | Train Loss 0.0614 | Valid Loss 0.0488 | Train Acc 98.6111 | Valid Acc 99.2188
2026-07-10 07:35:25 | Validation loss decreased (0.062370 --> 0.048797) in epoch (13). Saving model ...
2026-07-10 07:35:26 | TestSub: S8 | Epoch 14/100 Finsh | Now_lr 0.0005/0.0005 | Train Loss 0.0629 | Valid Loss 0.0519 | Train Acc 98.1337 | Valid Acc 98.8281
2026-07-10 07:35:27 | TestSub: S8 | Epoch 15/100 Finsh | Now_lr 0.0005/0.0005 | Train Loss 0.0510 | Valid Loss 0.0466 | Train Acc 98.9149 | Valid Acc 98.8281
2026-07-10 07:35:27 | Validation loss decreased (0.048797 --> 0.046641) in epoch (15). Saving model ...
2026-07-10 07:35:28 | TestSub: S8 | Epoch 16/100 Finsh | Now_lr 0.0005/0.0005 | Train Loss 0.0534 | Valid Loss 0.0368 | Train Acc 98.0903 | Valid Acc 99.6094
2026-07-10 07:35:28 | Validation loss decreased (0.046641 --> 0.036814) in epoch (16). Saving model ...
2026-07-10 07:35:29 | TestSub: S8 | Epoch 17/100 Finsh | Now_lr 0.0005/0.0005 | Train Loss 0.0561 | Valid Loss 0.0330 | Train Acc 98.1771 | Valid Acc 99.6094
2026-07-10 07:35:29 | Validation loss decreased (0.036814 --> 0.033017) in epoch (17). Saving model ...
2026-07-10 07:35:30 | TestSub: S8 | Epoch 18/100 Finsh | Now_lr 0.0005/0.0005 | Train Loss 0.0445 | Valid Loss 0.0282 | Train Acc 98.8281 | Valid Acc 99.6094
2026-07-10 07:35:30 | Validation loss decreased (0.033017 --> 0.028163) in epoch (18). Saving model ...
2026-07-10 07:35:31 | TestSub: S8 | Epoch 19/100 Finsh | Now_lr 0.0005/0.0005 | Train Loss 0.0423 | Valid Loss 0.0290 | Train Acc 98.9149 | Valid Acc 99.6094
2026-07-10 07:35:32 | TestSub: S8 | Epoch 20/100 Finsh | Now_lr 0.0005/0.0005 | Train Loss 0.0413 | Valid Loss 0.0255 | Train Acc 98.8281 | Valid Acc 99.6094
2026-07-10 07:35:32 | Validation loss decreased (0.028163 --> 0.025540) in epoch (20). Saving model ...
2026-07-10 07:35:34 | TestSub: S8 | Epoch 21/100 Finsh | Now_lr 0.0005/0.0005 | Train Loss 0.0392 | Valid Loss 0.0210 | Train Acc 98.9583 | Valid Acc 100.0000
2026-07-10 07:35:34 | Validation loss decreased (0.025540 --> 0.020976) in epoch (21). Saving model ...
2026-07-10 07:35:35 | TestSub: S8 | Epoch 22/100 Finsh | Now_lr 0.0005/0.0005 | Train Loss 0.0409 | Valid Loss 0.0215 | Train Acc 98.8715 | Valid Acc 100.0000
2026-07-10 07:35:36 | TestSub: S8 | Epoch 23/100 Finsh | Now_lr 0.0005/0.0005 | Train Loss 0.0394 | Valid Loss 0.0187 | Train Acc 98.7847 | Valid Acc 100.0000
2026-07-10 07:35:36 | Validation loss decreased (0.020976 --> 0.018745) in epoch (23). Saving model ...
2026-07-10 07:35:37 | TestSub: S8 | Epoch 24/100 Finsh | Now_lr 0.0005/0.0005 | Train Loss 0.0299 | Valid Loss 0.0178 | Train Acc 99.2622 | Valid Acc 99.6094
2026-07-10 07:35:37 | Validation loss decreased (0.018745 --> 0.017806) in epoch (24). Saving model ...
2026-07-10 07:35:38 | TestSub: S8 | Epoch 25/100 Finsh | Now_lr 0.0005/0.0005 | Train Loss 0.0373 | Valid Loss 0.0182 | Train Acc 98.7413 | Valid Acc 99.6094
2026-07-10 07:35:39 | TestSub: S8 | Epoch 26/100 Finsh | Now_lr 0.0005/0.0005 | Train Loss 0.0318 | Valid Loss 0.0164 | Train Acc 98.9149 | Valid Acc 99.6094
2026-07-10 07:35:39 | Validation loss decreased (0.017806 --> 0.016359) in epoch (26). Saving model ...
2026-07-10 07:35:40 | TestSub: S8 | Epoch 27/100 Finsh | Now_lr 0.0005/0.0005 | Train Loss 0.0288 | Valid Loss 0.0150 | Train Acc 99.2622 | Valid Acc 100.0000
2026-07-10 07:35:40 | Validation loss decreased (0.016359 --> 0.014985) in epoch (27). Saving model ...
2026-07-10 07:35:41 | TestSub: S8 | Epoch 28/100 Finsh | Now_lr 0.0005/0.0005 | Train Loss 0.0213 | Valid Loss 0.0140 | Train Acc 99.5226 | Valid Acc 100.0000
2026-07-10 07:35:41 | Validation loss decreased (0.014985 --> 0.014024) in epoch (28). Saving model ...
2026-07-10 07:35:42 | TestSub: S8 | Epoch 29/100 Finsh | Now_lr 0.0005/0.0005 | Train Loss 0.0251 | Valid Loss 0.0151 | Train Acc 99.4792 | Valid Acc 99.6094
2026-07-10 07:35:43 | TestSub: S8 | Epoch 30/100 Finsh | Now_lr 0.0005/0.0005 | Train Loss 0.0294 | Valid Loss 0.0129 | Train Acc 99.2188 | Valid Acc 99.6094
2026-07-10 07:35:43 | Validation loss decreased (0.014024 --> 0.012877) in epoch (30). Saving model ...
2026-07-10 07:35:44 | TestSub: S8 | Epoch 31/100 Finsh | Now_lr 0.0005/0.0005 | Train Loss 0.0387 | Valid Loss 0.0125 | Train Acc 98.6111 | Valid Acc 100.0000
2026-07-10 07:35:44 | Validation loss decreased (0.012877 --> 0.012527) in epoch (31). Saving model ...
2026-07-10 07:35:46 | TestSub: S8 | Epoch 32/100 Finsh | Now_lr 0.0005/0.0005 | Train Loss 0.0208 | Valid Loss 0.0125 | Train Acc 99.5660 | Valid Acc 100.0000
2026-07-10 07:35:46 | Validation loss decreased (0.012527 --> 0.012474) in epoch (32). Saving model ...
2026-07-10 07:35:47 | TestSub: S8 | Epoch 33/100 Finsh | Now_lr 0.0005/0.0005 | Train Loss 0.0249 | Valid Loss 0.0113 | Train Acc 99.3056 | Valid Acc 100.0000
2026-07-10 07:35:47 | Validation loss decreased (0.012474 --> 0.011275) in epoch (33). Saving model ...
2026-07-10 07:35:48 | TestSub: S8 | Epoch 34/100 Finsh | Now_lr 0.0005/0.0005 | Train Loss 0.0298 | Valid Loss 0.0105 | Train Acc 99.0451 | Valid Acc 100.0000
2026-07-10 07:35:48 | Validation loss decreased (0.011275 --> 0.010455) in epoch (34). Saving model ...
2026-07-10 07:35:51 | TestSub: S8 | Epoch 35/100 Finsh | Now_lr 0.0005/0.0005 | Train Loss 0.0228 | Valid Loss 0.0101 | Train Acc 99.2622 | Valid Acc 100.0000
2026-07-10 07:35:51 | Validation loss decreased (0.010455 --> 0.010100) in epoch (35). Saving model ...
2026-07-10 07:35:52 | TestSub: S8 | Epoch 36/100 Finsh | Now_lr 0.0005/0.0005 | Train Loss 0.0159 | Valid Loss 0.0109 | Train Acc 99.8698 | Valid Acc 99.6094
2026-07-10 07:35:53 | TestSub: S8 | Epoch 37/100 Finsh | Now_lr 0.0005/0.0005 | Train Loss 0.0194 | Valid Loss 0.0094 | Train Acc 99.5660 | Valid Acc 100.0000
2026-07-10 07:35:53 | Validation loss decreased (0.010100 --> 0.009380) in epoch (37). Saving model ...
2026-07-10 07:35:55 | TestSub: S8 | Epoch 38/100 Finsh | Now_lr 0.0005/0.0005 | Train Loss 0.0199 | Valid Loss 0.0082 | Train Acc 99.3924 | Valid Acc 100.0000
2026-07-10 07:35:55 | Validation loss decreased (0.009380 --> 0.008181) in epoch (38). Saving model ...
2026-07-10 07:35:57 | TestSub: S8 | Epoch 39/100 Finsh | Now_lr 0.0005/0.0005 | Train Loss 0.0219 | Valid Loss 0.0086 | Train Acc 99.3056 | Valid Acc 100.0000
2026-07-10 07:35:58 | TestSub: S8 | Epoch 40/100 Finsh | Now_lr 0.0005/0.0005 | Train Loss 0.0289 | Valid Loss 0.0096 | Train Acc 99.0451 | Valid Acc 99.6094
2026-07-10 07:35:59 | TestSub: S8 | Epoch 41/100 Finsh | Now_lr 0.0005/0.0005 | Train Loss 0.0162 | Valid Loss 0.0067 | Train Acc 99.6962 | Valid Acc 100.0000
2026-07-10 07:35:59 | Validation loss decreased (0.008181 --> 0.006716) in epoch (41). Saving model ...
2026-07-10 07:36:01 | TestSub: S8 | Epoch 42/100 Finsh | Now_lr 0.0005/0.0005 | Train Loss 0.0154 | Valid Loss 0.0056 | Train Acc 99.6962 | Valid Acc 100.0000
2026-07-10 07:36:01 | Validation loss decreased (0.006716 --> 0.005599) in epoch (42). Saving model ...
2026-07-10 07:36:03 | TestSub: S8 | Epoch 43/100 Finsh | Now_lr 0.0005/0.0005 | Train Loss 0.0203 | Valid Loss 0.0075 | Train Acc 99.5226 | Valid Acc 100.0000
2026-07-10 07:36:05 | TestSub: S8 | Epoch 44/100 Finsh | Now_lr 0.0005/0.0005 | Train Loss 0.0101 | Valid Loss 0.0088 | Train Acc 99.8698 | Valid Acc 100.0000
2026-07-10 07:36:06 | TestSub: S8 | Epoch 45/100 Finsh | Now_lr 0.0005/0.0005 | Train Loss 0.0190 | Valid Loss 0.0068 | Train Acc 99.4792 | Valid Acc 100.0000
2026-07-10 07:36:07 | TestSub: S8 | Epoch 46/100 Finsh | Now_lr 0.0005/0.0005 | Train Loss 0.0173 | Valid Loss 0.0058 | Train Acc 99.5226 | Valid Acc 100.0000
2026-07-10 07:36:08 | TestSub: S8 | Epoch 47/100 Finsh | Now_lr 0.0005/0.0005 | Train Loss 0.0148 | Valid Loss 0.0078 | Train Acc 99.6094 | Valid Acc 99.6094
2026-07-10 07:36:09 | TestSub: S8 | Epoch 48/100 Finsh | Now_lr 0.0005/0.0005 | Train Loss 0.0290 | Valid Loss 0.0153 | Train Acc 99.0451 | Valid Acc 100.0000
2026-07-10 07:36:10 | TestSub: S8 | Epoch 49/100 Finsh | Now_lr 0.0005/0.0005 | Train Loss 0.0223 | Valid Loss 0.0067 | Train Acc 99.4358 | Valid Acc 100.0000
2026-07-10 07:36:11 | TestSub: S8 | Epoch 50/100 Finsh | Now_lr 0.0005/0.0005 | Train Loss 0.0218 | Valid Loss 0.0085 | Train Acc 99.3924 | Valid Acc 100.0000
2026-07-10 07:36:12 | TestSub: S8 | Epoch 51/100 Finsh | Now_lr 0.0005/0.0005 | Train Loss 0.0158 | Valid Loss 0.0044 | Train Acc 99.6528 | Valid Acc 100.0000
2026-07-10 07:36:12 | Validation loss decreased (0.005599 --> 0.004417) in epoch (51). Saving model ...
2026-07-10 07:36:13 | TestSub: S8 | Epoch 52/100 Finsh | Now_lr 0.0005/0.0005 | Train Loss 0.0164 | Valid Loss 0.0046 | Train Acc 99.5660 | Valid Acc 100.0000
2026-07-10 07:36:14 | TestSub: S8 | Epoch 53/100 Finsh | Now_lr 0.0005/0.0005 | Train Loss 0.0142 | Valid Loss 0.0045 | Train Acc 99.7396 | Valid Acc 100.0000
2026-07-10 07:36:15 | TestSub: S8 | Epoch 54/100 Finsh | Now_lr 0.0005/0.0005 | Train Loss 0.0084 | Valid Loss 0.0059 | Train Acc 99.9566 | Valid Acc 100.0000
2026-07-10 07:36:16 | TestSub: S8 | Epoch 55/100 Finsh | Now_lr 0.0005/0.0005 | Train Loss 0.0268 | Valid Loss 0.0054 | Train Acc 98.8715 | Valid Acc 100.0000
2026-07-10 07:36:17 | TestSub: S8 | Epoch 56/100 Finsh | Now_lr 0.0005/0.0005 | Train Loss 0.0139 | Valid Loss 0.0043 | Train Acc 99.6094 | Valid Acc 100.0000
2026-07-10 07:36:17 | Validation loss decreased (0.004417 --> 0.004317) in epoch (56). Saving model ...
2026-07-10 07:36:20 | TestSub: S8 | Epoch 57/100 Finsh | Now_lr 0.0005/0.0005 | Train Loss 0.0104 | Valid Loss 0.0065 | Train Acc 99.7830 | Valid Acc 100.0000
2026-07-10 07:36:21 | TestSub: S8 | Epoch 58/100 Finsh | Now_lr 0.0005/0.0005 | Train Loss 0.0113 | Valid Loss 0.0041 | Train Acc 99.7396 | Valid Acc 100.0000
2026-07-10 07:36:21 | Validation loss decreased (0.004317 --> 0.004055) in epoch (58). Saving model ...
2026-07-10 07:36:22 | TestSub: S8 | Epoch 59/100 Finsh | Now_lr 0.0005/0.0005 | Train Loss 0.0113 | Valid Loss 0.0044 | Train Acc 99.6094 | Valid Acc 100.0000
2026-07-10 07:36:24 | TestSub: S8 | Epoch 60/100 Finsh | Now_lr 0.0005/0.0005 | Train Loss 0.0154 | Valid Loss 0.0032 | Train Acc 99.5660 | Valid Acc 100.0000
2026-07-10 07:36:24 | Validation loss decreased (0.004055 --> 0.003247) in epoch (60). Saving model ...
2026-07-10 07:36:25 | TestSub: S8 | Epoch 61/100 Finsh | Now_lr 0.0005/0.0005 | Train Loss 0.0110 | Valid Loss 0.0036 | Train Acc 99.8264 | Valid Acc 100.0000
2026-07-10 07:36:26 | TestSub: S8 | Epoch 62/100 Finsh | Now_lr 0.0005/0.0005 | Train Loss 0.0194 | Valid Loss 0.0042 | Train Acc 99.2188 | Valid Acc 100.0000
2026-07-10 07:36:27 | TestSub: S8 | Epoch 63/100 Finsh | Now_lr 0.0005/0.0005 | Train Loss 0.0102 | Valid Loss 0.0036 | Train Acc 99.7396 | Valid Acc 100.0000
2026-07-10 07:36:28 | TestSub: S8 | Epoch 64/100 Finsh | Now_lr 0.0005/0.0005 | Train Loss 0.0123 | Valid Loss 0.0038 | Train Acc 99.5660 | Valid Acc 100.0000
2026-07-10 07:36:29 | TestSub: S8 | Epoch 65/100 Finsh | Now_lr 0.0005/0.0005 | Train Loss 0.0124 | Valid Loss 0.0033 | Train Acc 99.6962 | Valid Acc 100.0000
2026-07-10 07:36:30 | TestSub: S8 | Epoch 66/100 Finsh | Now_lr 0.0005/0.0005 | Train Loss 0.0112 | Valid Loss 0.0037 | Train Acc 99.5226 | Valid Acc 100.0000
2026-07-10 07:36:31 | TestSub: S8 | Epoch 67/100 Finsh | Now_lr 0.0005/0.0005 | Train Loss 0.0138 | Valid Loss 0.0037 | Train Acc 99.6094 | Valid Acc 100.0000
2026-07-10 07:36:32 | TestSub: S8 | Epoch 68/100 Finsh | Now_lr 0.0005/0.0005 | Train Loss 0.0087 | Valid Loss 0.0029 | Train Acc 99.8264 | Valid Acc 100.0000
2026-07-10 07:36:32 | Validation loss decreased (0.003247 --> 0.002872) in epoch (68). Saving model ...
2026-07-10 07:36:33 | TestSub: S8 | Epoch 69/100 Finsh | Now_lr 0.0005/0.0005 | Train Loss 0.0115 | Valid Loss 0.0038 | Train Acc 99.5660 | Valid Acc 100.0000
2026-07-10 07:36:34 | TestSub: S8 | Epoch 70/100 Finsh | Now_lr 0.0005/0.0005 | Train Loss 0.0117 | Valid Loss 0.0035 | Train Acc 99.6962 | Valid Acc 100.0000
2026-07-10 07:36:35 | TestSub: S8 | Epoch 71/100 Finsh | Now_lr 0.0005/0.0005 | Train Loss 0.0114 | Valid Loss 0.0046 | Train Acc 99.6962 | Valid Acc 100.0000
2026-07-10 07:36:36 | TestSub: S8 | Epoch 72/100 Finsh | Now_lr 0.0005/0.0005 | Train Loss 0.0084 | Valid Loss 0.0041 | Train Acc 99.7830 | Valid Acc 100.0000
2026-07-10 07:36:37 | TestSub: S8 | Epoch 73/100 Finsh | Now_lr 0.0005/0.0005 | Train Loss 0.0140 | Valid Loss 0.0062 | Train Acc 99.6094 | Valid Acc 99.6094
2026-07-10 07:36:39 | TestSub: S8 | Epoch 74/100 Finsh | Now_lr 0.0005/0.0005 | Train Loss 0.0112 | Valid Loss 0.0057 | Train Acc 99.6962 | Valid Acc 99.6094
2026-07-10 07:36:40 | TestSub: S8 | Epoch 75/100 Finsh | Now_lr 0.0005/0.0005 | Train Loss 0.0143 | Valid Loss 0.0060 | Train Acc 99.5660 | Valid Acc 100.0000
2026-07-10 07:36:41 | TestSub: S8 | Epoch 76/100 Finsh | Now_lr 0.0005/0.0005 | Train Loss 0.0151 | Valid Loss 0.0040 | Train Acc 99.3924 | Valid Acc 100.0000
2026-07-10 07:36:42 | TestSub: S8 | Epoch 77/100 Finsh | Now_lr 0.0005/0.0005 | Train Loss 0.0155 | Valid Loss 0.0052 | Train Acc 99.4358 | Valid Acc 100.0000
2026-07-10 07:36:43 | TestSub: S8 | Epoch 78/100 Finsh | Now_lr 0.0005/0.0005 | Train Loss 0.0103 | Valid Loss 0.0022 | Train Acc 99.8264 | Valid Acc 100.0000
2026-07-10 07:36:43 | Validation loss decreased (0.002872 --> 0.002225) in epoch (78). Saving model ...
2026-07-10 07:36:47 | TestSub: S8 | Epoch 79/100 Finsh | Now_lr 0.0005/0.0005 | Train Loss 0.0079 | Valid Loss 0.0032 | Train Acc 99.9132 | Valid Acc 100.0000
2026-07-10 07:36:48 | TestSub: S8 | Epoch 80/100 Finsh | Now_lr 0.0005/0.0005 | Train Loss 0.0145 | Valid Loss 0.0027 | Train Acc 99.4792 | Valid Acc 100.0000
2026-07-10 07:36:49 | TestSub: S8 | Epoch 81/100 Finsh | Now_lr 0.0005/0.0005 | Train Loss 0.0172 | Valid Loss 0.0520 | Train Acc 99.2622 | Valid Acc 98.4375
2026-07-10 07:36:50 | TestSub: S8 | Epoch 82/100 Finsh | Now_lr 0.0005/0.0005 | Train Loss 0.0159 | Valid Loss 0.0028 | Train Acc 99.4358 | Valid Acc 100.0000
2026-07-10 07:36:51 | TestSub: S8 | Epoch 83/100 Finsh | Now_lr 0.0005/0.0005 | Train Loss 0.0106 | Valid Loss 0.0042 | Train Acc 99.6528 | Valid Acc 100.0000
2026-07-10 07:36:52 | TestSub: S8 | Epoch 84/100 Finsh | Now_lr 0.0005/0.0005 | Train Loss 0.0129 | Valid Loss 0.0029 | Train Acc 99.6528 | Valid Acc 100.0000
2026-07-10 07:36:54 | TestSub: S8 | Epoch 85/100 Finsh | Now_lr 0.0005/0.0005 | Train Loss 0.0056 | Valid Loss 0.0033 | Train Acc 99.9566 | Valid Acc 100.0000
2026-07-10 07:36:55 | TestSub: S8 | Epoch 86/100 Finsh | Now_lr 0.0005/0.0005 | Train Loss 0.0082 | Valid Loss 0.0025 | Train Acc 99.8698 | Valid Acc 100.0000
2026-07-10 07:36:56 | TestSub: S8 | Epoch 87/100 Finsh | Now_lr 0.0005/0.0005 | Train Loss 0.0062 | Valid Loss 0.0016 | Train Acc 99.8698 | Valid Acc 100.0000
2026-07-10 07:36:56 | Validation loss decreased (0.002225 --> 0.001594) in epoch (87). Saving model ...
2026-07-10 07:36:57 | TestSub: S8 | Epoch 88/100 Finsh | Now_lr 0.0005/0.0005 | Train Loss 0.0089 | Valid Loss 0.0020 | Train Acc 99.8264 | Valid Acc 100.0000
2026-07-10 07:36:58 | TestSub: S8 | Epoch 89/100 Finsh | Now_lr 0.0005/0.0005 | Train Loss 0.0071 | Valid Loss 0.0019 | Train Acc 99.9566 | Valid Acc 100.0000
2026-07-10 07:36:59 | TestSub: S8 | Epoch 90/100 Finsh | Now_lr 0.0005/0.0005 | Train Loss 0.0108 | Valid Loss 0.0036 | Train Acc 99.5660 | Valid Acc 100.0000
2026-07-10 07:37:00 | TestSub: S8 | Epoch 91/100 Finsh | Now_lr 0.0005/0.0005 | Train Loss 0.0075 | Valid Loss 0.0024 | Train Acc 99.8264 | Valid Acc 100.0000
2026-07-10 07:37:01 | TestSub: S8 | Epoch 92/100 Finsh | Now_lr 0.0005/0.0005 | Train Loss 0.0039 | Valid Loss 0.0025 | Train Acc 99.9566 | Valid Acc 100.0000
2026-07-10 07:37:02 | TestSub: S8 | Epoch 93/100 Finsh | Now_lr 0.0005/0.0005 | Train Loss 0.0056 | Valid Loss 0.0018 | Train Acc 99.9566 | Valid Acc 100.0000
2026-07-10 07:37:04 | TestSub: S8 | Epoch 94/100 Finsh | Now_lr 0.0005/0.0005 | Train Loss 0.0076 | Valid Loss 0.0037 | Train Acc 99.7830 | Valid Acc 100.0000
2026-07-10 07:37:05 | TestSub: S8 | Epoch 95/100 Finsh | Now_lr 0.0005/0.0005 | Train Loss 0.0035 | Valid Loss 0.0020 | Train Acc 100.0000 | Valid Acc 100.0000
2026-07-10 07:37:06 | TestSub: S8 | Epoch 96/100 Finsh | Now_lr 0.0005/0.0005 | Train Loss 0.0123 | Valid Loss 0.0131 | Train Acc 99.6094 | Valid Acc 99.6094
2026-07-10 07:37:07 | TestSub: S8 | Epoch 97/100 Finsh | Now_lr 0.0005/0.0005 | Train Loss 0.0077 | Valid Loss 0.0042 | Train Acc 99.6962 | Valid Acc 100.0000
2026-07-10 07:37:08 | TestSub: S8 | Epoch 98/100 Finsh | Now_lr 0.0005/0.0005 | Train Loss 0.0180 | Valid Loss 0.0028 | Train Acc 99.4358 | Valid Acc 100.0000
2026-07-10 07:37:09 | TestSub: S8 | Epoch 99/100 Finsh | Now_lr 0.0005/0.0005 | Train Loss 0.0146 | Valid Loss 0.0052 | Train Acc 99.5660 | Valid Acc 100.0000
2026-07-10 07:37:10 | TestSub: S8 | Epoch 100/100 Finsh | Now_lr 0.0005/0.0005 | Train Loss 0.0088 | Valid Loss 0.0062 | Train Acc 99.8264 | Valid Acc 100.0000
2026-07-10 07:37:10 | --------------------------------------------------
2026-07-10 07:37:10 | Test_Subject :S8 | Best epoch:87 | Test Loss:0.0389 | Savemodel Acc 99.3056
2026-07-10 07:37:10 | --------------------------------------------------
2026-07-10 07:37:10 | Best epoch: 87 | Test acc: 99.3056
