2026-07-10 07:41:40 | Logging started: ./writer/Subject_dependent_AAD/KUL/2.0s/result//Train2.0s_sub11.log
2026-07-10 07:41:45 | Sub_id: 11
2026-07-10 07:41:49 | TestSub: S11 | Epoch  1/100 Finsh | Now_lr 0.0005/0.0005 | Train Loss 0.6596 | Valid Loss 0.6792 | Train Acc 60.8941 | Valid Acc 55.8594
2026-07-10 07:41:49 | Validation loss decreased (inf --> 0.679219) in epoch (1). Saving model ...
2026-07-10 07:41:50 | TestSub: S11 | Epoch  2/100 Finsh | Now_lr 0.0005/0.0005 | Train Loss 0.5247 | Valid Loss 0.4872 | Train Acc 75.0434 | Valid Acc 78.5156
2026-07-10 07:41:50 | Validation loss decreased (0.679219 --> 0.487158) in epoch (2). Saving model ...
2026-07-10 07:41:51 | TestSub: S11 | Epoch  3/100 Finsh | Now_lr 0.0005/0.0005 | Train Loss 0.4339 | Valid Loss 0.4076 | Train Acc 80.6858 | Valid Acc 81.6406
2026-07-10 07:41:51 | Validation loss decreased (0.487158 --> 0.407642) in epoch (3). Saving model ...
2026-07-10 07:41:52 | TestSub: S11 | Epoch  4/100 Finsh | Now_lr 0.0005/0.0005 | Train Loss 0.3660 | Valid Loss 0.3346 | Train Acc 84.5920 | Valid Acc 87.1094
2026-07-10 07:41:52 | Validation loss decreased (0.407642 --> 0.334583) in epoch (4). Saving model ...
2026-07-10 07:41:54 | TestSub: S11 | Epoch  5/100 Finsh | Now_lr 0.0005/0.0005 | Train Loss 0.3174 | Valid Loss 0.2831 | Train Acc 86.5885 | Valid Acc 90.2344
2026-07-10 07:41:54 | Validation loss decreased (0.334583 --> 0.283066) in epoch (5). Saving model ...
2026-07-10 07:41:55 | TestSub: S11 | Epoch  6/100 Finsh | Now_lr 0.0005/0.0005 | Train Loss 0.2919 | Valid Loss 0.2552 | Train Acc 88.5417 | Valid Acc 91.0156
2026-07-10 07:41:55 | Validation loss decreased (0.283066 --> 0.255229) in epoch (6). Saving model ...
2026-07-10 07:41:56 | TestSub: S11 | Epoch  7/100 Finsh | Now_lr 0.0005/0.0005 | Train Loss 0.2546 | Valid Loss 0.2181 | Train Acc 90.5382 | Valid Acc 93.7500
2026-07-10 07:41:56 | Validation loss decreased (0.255229 --> 0.218132) in epoch (7). Saving model ...
2026-07-10 07:41:57 | TestSub: S11 | Epoch  8/100 Finsh | Now_lr 0.0005/0.0005 | Train Loss 0.2225 | Valid Loss 0.1964 | Train Acc 91.9271 | Valid Acc 95.3125
2026-07-10 07:41:57 | Validation loss decreased (0.218132 --> 0.196417) in epoch (8). Saving model ...
2026-07-10 07:41:58 | TestSub: S11 | Epoch  9/100 Finsh | Now_lr 0.0005/0.0005 | Train Loss 0.2018 | Valid Loss 0.1739 | Train Acc 92.3611 | Valid Acc 96.0938
2026-07-10 07:41:58 | Validation loss decreased (0.196417 --> 0.173887) in epoch (9). Saving model ...
2026-07-10 07:41:59 | TestSub: S11 | Epoch 10/100 Finsh | Now_lr 0.0005/0.0005 | Train Loss 0.1770 | Valid Loss 0.1649 | Train Acc 93.7066 | Valid Acc 94.5312
2026-07-10 07:41:59 | Validation loss decreased (0.173887 --> 0.164944) in epoch (10). Saving model ...
2026-07-10 07:42:01 | TestSub: S11 | Epoch 11/100 Finsh | Now_lr 0.0005/0.0005 | Train Loss 0.1891 | Valid Loss 0.1473 | Train Acc 93.0122 | Valid Acc 95.3125
2026-07-10 07:42:01 | Validation loss decreased (0.164944 --> 0.147314) in epoch (11). Saving model ...
2026-07-10 07:42:02 | TestSub: S11 | Epoch 12/100 Finsh | Now_lr 0.0005/0.0005 | Train Loss 0.1687 | Valid Loss 0.1399 | Train Acc 94.4010 | Valid Acc 96.0938
2026-07-10 07:42:02 | Validation loss decreased (0.147314 --> 0.139912) in epoch (12). Saving model ...
2026-07-10 07:42:03 | TestSub: S11 | Epoch 13/100 Finsh | Now_lr 0.0005/0.0005 | Train Loss 0.1599 | Valid Loss 0.1258 | Train Acc 94.4878 | Valid Acc 97.2656
2026-07-10 07:42:03 | Validation loss decreased (0.139912 --> 0.125814) in epoch (13). Saving model ...
2026-07-10 07:42:04 | TestSub: S11 | Epoch 14/100 Finsh | Now_lr 0.0005/0.0005 | Train Loss 0.1514 | Valid Loss 0.1201 | Train Acc 94.8785 | Valid Acc 96.8750
2026-07-10 07:42:04 | Validation loss decreased (0.125814 --> 0.120104) in epoch (14). Saving model ...
2026-07-10 07:42:05 | TestSub: S11 | Epoch 15/100 Finsh | Now_lr 0.0005/0.0005 | Train Loss 0.1358 | Valid Loss 0.1096 | Train Acc 94.7049 | Valid Acc 97.6562
2026-07-10 07:42:05 | Validation loss decreased (0.120104 --> 0.109585) in epoch (15). Saving model ...
2026-07-10 07:42:06 | TestSub: S11 | Epoch 16/100 Finsh | Now_lr 0.0005/0.0005 | Train Loss 0.1183 | Valid Loss 0.1088 | Train Acc 96.5712 | Valid Acc 96.8750
2026-07-10 07:42:06 | Validation loss decreased (0.109585 --> 0.108772) in epoch (16). Saving model ...
2026-07-10 07:42:08 | TestSub: S11 | Epoch 17/100 Finsh | Now_lr 0.0005/0.0005 | Train Loss 0.1248 | Valid Loss 0.0975 | Train Acc 95.8333 | Valid Acc 96.8750
2026-07-10 07:42:08 | Validation loss decreased (0.108772 --> 0.097496) in epoch (17). Saving model ...
2026-07-10 07:42:09 | TestSub: S11 | Epoch 18/100 Finsh | Now_lr 0.0005/0.0005 | Train Loss 0.1188 | Valid Loss 0.1029 | Train Acc 95.8767 | Valid Acc 97.2656
2026-07-10 07:42:10 | TestSub: S11 | Epoch 19/100 Finsh | Now_lr 0.0005/0.0005 | Train Loss 0.1225 | Valid Loss 0.1047 | Train Acc 95.6163 | Valid Acc 96.4844
2026-07-10 07:42:11 | TestSub: S11 | Epoch 20/100 Finsh | Now_lr 0.0005/0.0005 | Train Loss 0.1151 | Valid Loss 0.0827 | Train Acc 95.9635 | Valid Acc 98.0469
2026-07-10 07:42:11 | Validation loss decreased (0.097496 --> 0.082702) in epoch (20). Saving model ...
2026-07-10 07:42:12 | TestSub: S11 | Epoch 21/100 Finsh | Now_lr 0.0005/0.0005 | Train Loss 0.1065 | Valid Loss 0.0824 | Train Acc 96.0938 | Valid Acc 98.0469
2026-07-10 07:42:12 | Validation loss decreased (0.082702 --> 0.082417) in epoch (21). Saving model ...
2026-07-10 07:42:13 | TestSub: S11 | Epoch 22/100 Finsh | Now_lr 0.0005/0.0005 | Train Loss 0.1252 | Valid Loss 0.0753 | Train Acc 95.0087 | Valid Acc 98.4375
2026-07-10 07:42:13 | Validation loss decreased (0.082417 --> 0.075344) in epoch (22). Saving model ...
2026-07-10 07:42:14 | TestSub: S11 | Epoch 23/100 Finsh | Now_lr 0.0005/0.0005 | Train Loss 0.1133 | Valid Loss 0.0744 | Train Acc 95.7031 | Valid Acc 98.0469
2026-07-10 07:42:14 | Validation loss decreased (0.075344 --> 0.074406) in epoch (23). Saving model ...
2026-07-10 07:42:16 | TestSub: S11 | Epoch 24/100 Finsh | Now_lr 0.0005/0.0005 | Train Loss 0.0953 | Valid Loss 0.0715 | Train Acc 96.9618 | Valid Acc 98.0469
2026-07-10 07:42:16 | Validation loss decreased (0.074406 --> 0.071455) in epoch (24). Saving model ...
2026-07-10 07:42:18 | TestSub: S11 | Epoch 25/100 Finsh | Now_lr 0.0005/0.0005 | Train Loss 0.0894 | Valid Loss 0.0667 | Train Acc 97.5260 | Valid Acc 98.8281
2026-07-10 07:42:18 | Validation loss decreased (0.071455 --> 0.066657) in epoch (25). Saving model ...
2026-07-10 07:42:19 | TestSub: S11 | Epoch 26/100 Finsh | Now_lr 0.0005/0.0005 | Train Loss 0.0927 | Valid Loss 0.0619 | Train Acc 96.6146 | Valid Acc 98.4375
2026-07-10 07:42:19 | Validation loss decreased (0.066657 --> 0.061871) in epoch (26). Saving model ...
2026-07-10 07:42:20 | TestSub: S11 | Epoch 27/100 Finsh | Now_lr 0.0005/0.0005 | Train Loss 0.1075 | Valid Loss 0.0814 | Train Acc 96.1806 | Valid Acc 96.8750
2026-07-10 07:42:21 | TestSub: S11 | Epoch 28/100 Finsh | Now_lr 0.0005/0.0005 | Train Loss 0.0855 | Valid Loss 0.0598 | Train Acc 97.0052 | Valid Acc 98.4375
2026-07-10 07:42:21 | Validation loss decreased (0.061871 --> 0.059809) in epoch (28). Saving model ...
2026-07-10 07:42:22 | TestSub: S11 | Epoch 29/100 Finsh | Now_lr 0.0005/0.0005 | Train Loss 0.0790 | Valid Loss 0.0649 | Train Acc 97.2222 | Valid Acc 98.8281
2026-07-10 07:42:23 | TestSub: S11 | Epoch 30/100 Finsh | Now_lr 0.0005/0.0005 | Train Loss 0.0826 | Valid Loss 0.0588 | Train Acc 97.0920 | Valid Acc 98.0469
2026-07-10 07:42:23 | Validation loss decreased (0.059809 --> 0.058790) in epoch (30). Saving model ...
2026-07-10 07:42:24 | TestSub: S11 | Epoch 31/100 Finsh | Now_lr 0.0005/0.0005 | Train Loss 0.0805 | Valid Loss 0.0524 | Train Acc 97.3090 | Valid Acc 99.2188
2026-07-10 07:42:24 | Validation loss decreased (0.058790 --> 0.052410) in epoch (31). Saving model ...
2026-07-10 07:42:25 | TestSub: S11 | Epoch 32/100 Finsh | Now_lr 0.0005/0.0005 | Train Loss 0.0777 | Valid Loss 0.0573 | Train Acc 97.4826 | Valid Acc 99.2188
2026-07-10 07:42:27 | TestSub: S11 | Epoch 33/100 Finsh | Now_lr 0.0005/0.0005 | Train Loss 0.0968 | Valid Loss 0.0652 | Train Acc 96.3108 | Valid Acc 98.4375
2026-07-10 07:42:28 | TestSub: S11 | Epoch 34/100 Finsh | Now_lr 0.0005/0.0005 | Train Loss 0.0704 | Valid Loss 0.0543 | Train Acc 97.4826 | Valid Acc 98.8281
2026-07-10 07:42:30 | TestSub: S11 | Epoch 35/100 Finsh | Now_lr 0.0005/0.0005 | Train Loss 0.0768 | Valid Loss 0.0641 | Train Acc 97.2222 | Valid Acc 98.4375
2026-07-10 07:42:31 | TestSub: S11 | Epoch 36/100 Finsh | Now_lr 0.0005/0.0005 | Train Loss 0.0765 | Valid Loss 0.0878 | Train Acc 97.6128 | Valid Acc 96.0938
2026-07-10 07:42:32 | TestSub: S11 | Epoch 37/100 Finsh | Now_lr 0.0005/0.0005 | Train Loss 0.0784 | Valid Loss 0.0779 | Train Acc 96.9618 | Valid Acc 98.8281
2026-07-10 07:42:33 | TestSub: S11 | Epoch 38/100 Finsh | Now_lr 0.0005/0.0005 | Train Loss 0.0726 | Valid Loss 0.0573 | Train Acc 97.6997 | Valid Acc 98.8281
2026-07-10 07:42:34 | TestSub: S11 | Epoch 39/100 Finsh | Now_lr 0.0005/0.0005 | Train Loss 0.0686 | Valid Loss 0.0569 | Train Acc 97.8299 | Valid Acc 98.8281
2026-07-10 07:42:35 | TestSub: S11 | Epoch 40/100 Finsh | Now_lr 0.0005/0.0005 | Train Loss 0.0821 | Valid Loss 0.0554 | Train Acc 97.3090 | Valid Acc 98.8281
2026-07-10 07:42:36 | TestSub: S11 | Epoch 41/100 Finsh | Now_lr 0.0005/0.0005 | Train Loss 0.0617 | Valid Loss 0.0483 | Train Acc 98.1771 | Valid Acc 98.4375
2026-07-10 07:42:36 | Validation loss decreased (0.052410 --> 0.048290) in epoch (41). Saving model ...
2026-07-10 07:42:38 | TestSub: S11 | Epoch 42/100 Finsh | Now_lr 0.0005/0.0005 | Train Loss 0.0588 | Valid Loss 0.0521 | Train Acc 98.1337 | Valid Acc 98.8281
2026-07-10 07:42:39 | TestSub: S11 | Epoch 43/100 Finsh | Now_lr 0.0005/0.0005 | Train Loss 0.0643 | Valid Loss 0.0531 | Train Acc 97.7431 | Valid Acc 98.4375
2026-07-10 07:42:40 | TestSub: S11 | Epoch 44/100 Finsh | Now_lr 0.0005/0.0005 | Train Loss 0.0596 | Valid Loss 0.0501 | Train Acc 98.0903 | Valid Acc 98.8281
2026-07-10 07:42:41 | TestSub: S11 | Epoch 45/100 Finsh | Now_lr 0.0005/0.0005 | Train Loss 0.0712 | Valid Loss 0.0502 | Train Acc 97.3090 | Valid Acc 98.8281
2026-07-10 07:42:42 | TestSub: S11 | Epoch 46/100 Finsh | Now_lr 0.0005/0.0005 | Train Loss 0.0593 | Valid Loss 0.0490 | Train Acc 97.9167 | Valid Acc 98.0469
2026-07-10 07:42:43 | TestSub: S11 | Epoch 47/100 Finsh | Now_lr 0.0005/0.0005 | Train Loss 0.0488 | Valid Loss 0.0391 | Train Acc 98.4809 | Valid Acc 99.2188
2026-07-10 07:42:43 | Validation loss decreased (0.048290 --> 0.039078) in epoch (47). Saving model ...
2026-07-10 07:42:44 | TestSub: S11 | Epoch 48/100 Finsh | Now_lr 0.0005/0.0005 | Train Loss 0.0625 | Valid Loss 0.0438 | Train Acc 97.6128 | Valid Acc 98.4375
2026-07-10 07:42:45 | TestSub: S11 | Epoch 49/100 Finsh | Now_lr 0.0005/0.0005 | Train Loss 0.0575 | Valid Loss 0.0656 | Train Acc 98.1337 | Valid Acc 98.8281
2026-07-10 07:42:46 | TestSub: S11 | Epoch 50/100 Finsh | Now_lr 0.0005/0.0005 | Train Loss 0.0639 | Valid Loss 0.0471 | Train Acc 97.7431 | Valid Acc 98.0469
2026-07-10 07:42:47 | TestSub: S11 | Epoch 51/100 Finsh | Now_lr 0.0005/0.0005 | Train Loss 0.0783 | Valid Loss 0.0471 | Train Acc 96.9618 | Valid Acc 98.4375
2026-07-10 07:42:48 | TestSub: S11 | Epoch 52/100 Finsh | Now_lr 0.0005/0.0005 | Train Loss 0.0583 | Valid Loss 0.0558 | Train Acc 98.1771 | Valid Acc 98.4375
2026-07-10 07:42:49 | TestSub: S11 | Epoch 53/100 Finsh | Now_lr 0.0005/0.0005 | Train Loss 0.0432 | Valid Loss 0.0417 | Train Acc 98.8715 | Valid Acc 99.2188
2026-07-10 07:42:50 | TestSub: S11 | Epoch 54/100 Finsh | Now_lr 0.0005/0.0005 | Train Loss 0.0541 | Valid Loss 0.0512 | Train Acc 98.2205 | Valid Acc 98.4375
2026-07-10 07:42:51 | TestSub: S11 | Epoch 55/100 Finsh | Now_lr 0.0005/0.0005 | Train Loss 0.0568 | Valid Loss 0.0577 | Train Acc 98.0903 | Valid Acc 97.6562
2026-07-10 07:42:52 | TestSub: S11 | Epoch 56/100 Finsh | Now_lr 0.0005/0.0005 | Train Loss 0.0668 | Valid Loss 0.0546 | Train Acc 97.6128 | Valid Acc 98.4375
2026-07-10 07:42:54 | TestSub: S11 | Epoch 57/100 Finsh | Now_lr 0.0005/0.0005 | Train Loss 0.0585 | Valid Loss 0.0634 | Train Acc 97.9167 | Valid Acc 98.0469
2026-07-10 07:42:55 | TestSub: S11 | Epoch 58/100 Finsh | Now_lr 0.0005/0.0005 | Train Loss 0.0532 | Valid Loss 0.0477 | Train Acc 98.0903 | Valid Acc 98.8281
2026-07-10 07:42:56 | TestSub: S11 | Epoch 59/100 Finsh | Now_lr 0.0005/0.0005 | Train Loss 0.0529 | Valid Loss 0.0406 | Train Acc 97.8299 | Valid Acc 98.8281
2026-07-10 07:42:57 | TestSub: S11 | Epoch 60/100 Finsh | Now_lr 0.0005/0.0005 | Train Loss 0.0585 | Valid Loss 0.0416 | Train Acc 97.7431 | Valid Acc 98.8281
2026-07-10 07:42:58 | TestSub: S11 | Epoch 61/100 Finsh | Now_lr 0.0005/0.0005 | Train Loss 0.0456 | Valid Loss 0.0459 | Train Acc 98.6545 | Valid Acc 98.8281
2026-07-10 07:42:59 | TestSub: S11 | Epoch 62/100 Finsh | Now_lr 0.0005/0.0005 | Train Loss 0.0550 | Valid Loss 0.0424 | Train Acc 97.9601 | Valid Acc 98.4375
2026-07-10 07:43:00 | TestSub: S11 | Epoch 63/100 Finsh | Now_lr 0.0005/0.0005 | Train Loss 0.0423 | Valid Loss 0.0488 | Train Acc 98.6979 | Valid Acc 98.8281
2026-07-10 07:43:01 | TestSub: S11 | Epoch 64/100 Finsh | Now_lr 0.0005/0.0005 | Train Loss 0.0487 | Valid Loss 0.0360 | Train Acc 98.3941 | Valid Acc 98.8281
2026-07-10 07:43:01 | Validation loss decreased (0.039078 --> 0.035984) in epoch (64). Saving model ...
2026-07-10 07:43:02 | TestSub: S11 | Epoch 65/100 Finsh | Now_lr 0.0005/0.0005 | Train Loss 0.0445 | Valid Loss 0.0326 | Train Acc 98.5243 | Valid Acc 99.2188
2026-07-10 07:43:02 | Validation loss decreased (0.035984 --> 0.032558) in epoch (65). Saving model ...
2026-07-10 07:43:03 | TestSub: S11 | Epoch 66/100 Finsh | Now_lr 0.0005/0.0005 | Train Loss 0.0448 | Valid Loss 0.0305 | Train Acc 98.5677 | Valid Acc 99.2188
2026-07-10 07:43:03 | Validation loss decreased (0.032558 --> 0.030508) in epoch (66). Saving model ...
2026-07-10 07:43:04 | TestSub: S11 | Epoch 67/100 Finsh | Now_lr 0.0005/0.0005 | Train Loss 0.0443 | Valid Loss 0.0452 | Train Acc 98.6979 | Valid Acc 99.2188
2026-07-10 07:43:05 | TestSub: S11 | Epoch 68/100 Finsh | Now_lr 0.0005/0.0005 | Train Loss 0.0637 | Valid Loss 0.0375 | Train Acc 97.5260 | Valid Acc 98.4375
2026-07-10 07:43:07 | TestSub: S11 | Epoch 69/100 Finsh | Now_lr 0.0005/0.0005 | Train Loss 0.0531 | Valid Loss 0.0445 | Train Acc 98.0903 | Valid Acc 98.8281
2026-07-10 07:43:08 | TestSub: S11 | Epoch 70/100 Finsh | Now_lr 0.0005/0.0005 | Train Loss 0.0488 | Valid Loss 0.0416 | Train Acc 98.2639 | Valid Acc 99.2188
2026-07-10 07:43:09 | TestSub: S11 | Epoch 71/100 Finsh | Now_lr 0.0005/0.0005 | Train Loss 0.0652 | Valid Loss 0.0371 | Train Acc 97.9167 | Valid Acc 98.8281
2026-07-10 07:43:10 | TestSub: S11 | Epoch 72/100 Finsh | Now_lr 0.0005/0.0005 | Train Loss 0.0534 | Valid Loss 0.0424 | Train Acc 98.3507 | Valid Acc 98.8281
2026-07-10 07:43:11 | TestSub: S11 | Epoch 73/100 Finsh | Now_lr 0.0005/0.0005 | Train Loss 0.0593 | Valid Loss 0.0626 | Train Acc 97.7865 | Valid Acc 98.0469
2026-07-10 07:43:12 | TestSub: S11 | Epoch 74/100 Finsh | Now_lr 0.0005/0.0005 | Train Loss 0.0516 | Valid Loss 0.0389 | Train Acc 98.3507 | Valid Acc 98.8281
2026-07-10 07:43:13 | TestSub: S11 | Epoch 75/100 Finsh | Now_lr 0.0005/0.0005 | Train Loss 0.0499 | Valid Loss 0.0359 | Train Acc 98.3507 | Valid Acc 98.8281
2026-07-10 07:43:14 | TestSub: S11 | Epoch 76/100 Finsh | Now_lr 0.0005/0.0005 | Train Loss 0.0428 | Valid Loss 0.0416 | Train Acc 98.6979 | Valid Acc 98.8281
2026-07-10 07:43:15 | TestSub: S11 | Epoch 77/100 Finsh | Now_lr 0.0005/0.0005 | Train Loss 0.0422 | Valid Loss 0.1188 | Train Acc 98.5243 | Valid Acc 94.9219
2026-07-10 07:43:16 | TestSub: S11 | Epoch 78/100 Finsh | Now_lr 0.0005/0.0005 | Train Loss 0.0516 | Valid Loss 0.0441 | Train Acc 98.4809 | Valid Acc 98.4375
2026-07-10 07:43:17 | TestSub: S11 | Epoch 79/100 Finsh | Now_lr 0.0005/0.0005 | Train Loss 0.0337 | Valid Loss 0.0317 | Train Acc 99.0017 | Valid Acc 99.2188
2026-07-10 07:43:18 | TestSub: S11 | Epoch 80/100 Finsh | Now_lr 0.0005/0.0005 | Train Loss 0.0444 | Valid Loss 0.0396 | Train Acc 98.4809 | Valid Acc 98.0469
2026-07-10 07:43:19 | TestSub: S11 | Epoch 81/100 Finsh | Now_lr 0.0005/0.0005 | Train Loss 0.0486 | Valid Loss 0.0432 | Train Acc 98.3941 | Valid Acc 98.8281
2026-07-10 07:43:20 | TestSub: S11 | Epoch 82/100 Finsh | Now_lr 0.0005/0.0005 | Train Loss 0.0343 | Valid Loss 0.0450 | Train Acc 99.0451 | Valid Acc 98.4375
2026-07-10 07:43:21 | TestSub: S11 | Epoch 83/100 Finsh | Now_lr 0.0005/0.0005 | Train Loss 0.0394 | Valid Loss 0.0442 | Train Acc 98.6545 | Valid Acc 98.8281
2026-07-10 07:43:22 | TestSub: S11 | Epoch 84/100 Finsh | Now_lr 0.0005/0.0005 | Train Loss 0.0423 | Valid Loss 0.0292 | Train Acc 98.5243 | Valid Acc 99.2188
2026-07-10 07:43:22 | Validation loss decreased (0.030508 --> 0.029188) in epoch (84). Saving model ...
2026-07-10 07:43:24 | TestSub: S11 | Epoch 85/100 Finsh | Now_lr 0.0005/0.0005 | Train Loss 0.0364 | Valid Loss 0.0347 | Train Acc 98.6545 | Valid Acc 99.2188
2026-07-10 07:43:25 | TestSub: S11 | Epoch 86/100 Finsh | Now_lr 0.0005/0.0005 | Train Loss 0.0475 | Valid Loss 0.0349 | Train Acc 98.1771 | Valid Acc 98.8281
2026-07-10 07:43:26 | TestSub: S11 | Epoch 87/100 Finsh | Now_lr 0.0005/0.0005 | Train Loss 0.0456 | Valid Loss 0.0409 | Train Acc 98.3941 | Valid Acc 98.4375
2026-07-10 07:43:27 | TestSub: S11 | Epoch 88/100 Finsh | Now_lr 0.0005/0.0005 | Train Loss 0.0516 | Valid Loss 0.0406 | Train Acc 98.1771 | Valid Acc 98.8281
2026-07-10 07:43:28 | TestSub: S11 | Epoch 89/100 Finsh | Now_lr 0.0005/0.0005 | Train Loss 0.0472 | Valid Loss 0.0414 | Train Acc 98.4375 | Valid Acc 98.8281
2026-07-10 07:43:29 | TestSub: S11 | Epoch 90/100 Finsh | Now_lr 0.0005/0.0005 | Train Loss 0.0587 | Valid Loss 0.0334 | Train Acc 97.4826 | Valid Acc 98.8281
2026-07-10 07:43:30 | TestSub: S11 | Epoch 91/100 Finsh | Now_lr 0.0005/0.0005 | Train Loss 0.0668 | Valid Loss 0.0347 | Train Acc 97.3958 | Valid Acc 98.8281
2026-07-10 07:43:31 | TestSub: S11 | Epoch 92/100 Finsh | Now_lr 0.0005/0.0005 | Train Loss 0.0458 | Valid Loss 0.0410 | Train Acc 98.4375 | Valid Acc 98.8281
2026-07-10 07:43:32 | TestSub: S11 | Epoch 93/100 Finsh | Now_lr 0.0005/0.0005 | Train Loss 0.0497 | Valid Loss 0.0414 | Train Acc 98.4809 | Valid Acc 98.8281
2026-07-10 07:43:33 | TestSub: S11 | Epoch 94/100 Finsh | Now_lr 0.0005/0.0005 | Train Loss 0.0465 | Valid Loss 0.0424 | Train Acc 98.3941 | Valid Acc 98.8281
2026-07-10 07:43:34 | TestSub: S11 | Epoch 95/100 Finsh | Now_lr 0.0005/0.0005 | Train Loss 0.0407 | Valid Loss 0.0295 | Train Acc 98.8281 | Valid Acc 98.8281
2026-07-10 07:43:35 | TestSub: S11 | Epoch 96/100 Finsh | Now_lr 0.0005/0.0005 | Train Loss 0.0441 | Valid Loss 0.0351 | Train Acc 98.4809 | Valid Acc 98.8281
2026-07-10 07:43:36 | TestSub: S11 | Epoch 97/100 Finsh | Now_lr 0.0005/0.0005 | Train Loss 0.0382 | Valid Loss 0.0356 | Train Acc 98.3941 | Valid Acc 98.4375
2026-07-10 07:43:37 | TestSub: S11 | Epoch 98/100 Finsh | Now_lr 0.0005/0.0005 | Train Loss 0.0527 | Valid Loss 0.0330 | Train Acc 97.9601 | Valid Acc 98.8281
2026-07-10 07:43:38 | TestSub: S11 | Epoch 99/100 Finsh | Now_lr 0.0005/0.0005 | Train Loss 0.0432 | Valid Loss 0.0350 | Train Acc 98.3507 | Valid Acc 98.4375
2026-07-10 07:43:39 | TestSub: S11 | Epoch 100/100 Finsh | Now_lr 0.0005/0.0005 | Train Loss 0.0364 | Valid Loss 0.0292 | Train Acc 98.8281 | Valid Acc 99.2188
2026-07-10 07:43:39 | --------------------------------------------------
2026-07-10 07:43:39 | Test_Subject :S11 | Best epoch:84 | Test Loss:0.0456 | Savemodel Acc 98.2639
2026-07-10 07:43:39 | --------------------------------------------------
2026-07-10 07:43:39 | Best epoch: 84 | Test acc: 98.2639
