2026-07-10 07:31:43 | Logging started: ./writer/Subject_dependent_AAD/KUL/2.0s/result//Train2.0s_sub6.log
2026-07-10 07:31:48 | Sub_id: 6
2026-07-10 07:31:52 | TestSub: S6 | Epoch  1/100 Finsh | Now_lr 0.0005/0.0005 | Train Loss 0.6798 | Valid Loss 0.6678 | Train Acc 56.3368 | Valid Acc 57.4219
2026-07-10 07:31:52 | Validation loss decreased (inf --> 0.667755) in epoch (1). Saving model ...
2026-07-10 07:31:53 | TestSub: S6 | Epoch  2/100 Finsh | Now_lr 0.0005/0.0005 | Train Loss 0.5515 | Valid Loss 0.4731 | Train Acc 75.8681 | Valid Acc 85.1562
2026-07-10 07:31:53 | Validation loss decreased (0.667755 --> 0.473128) in epoch (2). Saving model ...
2026-07-10 07:31:54 | TestSub: S6 | Epoch  3/100 Finsh | Now_lr 0.0005/0.0005 | Train Loss 0.3789 | Valid Loss 0.3436 | Train Acc 86.5017 | Valid Acc 89.0625
2026-07-10 07:31:54 | Validation loss decreased (0.473128 --> 0.343554) in epoch (3). Saving model ...
2026-07-10 07:31:55 | TestSub: S6 | Epoch  4/100 Finsh | Now_lr 0.0005/0.0005 | Train Loss 0.2783 | Valid Loss 0.2682 | Train Acc 91.5365 | Valid Acc 92.1875
2026-07-10 07:31:55 | Validation loss decreased (0.343554 --> 0.268211) in epoch (4). Saving model ...
2026-07-10 07:31:56 | TestSub: S6 | Epoch  5/100 Finsh | Now_lr 0.0005/0.0005 | Train Loss 0.2247 | Valid Loss 0.2201 | Train Acc 92.5781 | Valid Acc 94.1406
2026-07-10 07:31:56 | Validation loss decreased (0.268211 --> 0.220142) in epoch (5). Saving model ...
2026-07-10 07:31:58 | TestSub: S6 | Epoch  6/100 Finsh | Now_lr 0.0005/0.0005 | Train Loss 0.1971 | Valid Loss 0.2010 | Train Acc 93.1858 | Valid Acc 94.9219
2026-07-10 07:31:58 | Validation loss decreased (0.220142 --> 0.201046) in epoch (6). Saving model ...
2026-07-10 07:31:59 | TestSub: S6 | Epoch  7/100 Finsh | Now_lr 0.0005/0.0005 | Train Loss 0.1681 | Valid Loss 0.1743 | Train Acc 94.7049 | Valid Acc 95.7031
2026-07-10 07:31:59 | Validation loss decreased (0.201046 --> 0.174267) in epoch (7). Saving model ...
2026-07-10 07:32:00 | TestSub: S6 | Epoch  8/100 Finsh | Now_lr 0.0005/0.0005 | Train Loss 0.1584 | Valid Loss 0.1588 | Train Acc 94.6615 | Valid Acc 96.4844
2026-07-10 07:32:00 | Validation loss decreased (0.174267 --> 0.158846) in epoch (8). Saving model ...
2026-07-10 07:32:01 | TestSub: S6 | Epoch  9/100 Finsh | Now_lr 0.0005/0.0005 | Train Loss 0.1436 | Valid Loss 0.1855 | Train Acc 95.2257 | Valid Acc 93.3594
2026-07-10 07:32:02 | TestSub: S6 | Epoch 10/100 Finsh | Now_lr 0.0005/0.0005 | Train Loss 0.1457 | Valid Loss 0.1314 | Train Acc 95.0087 | Valid Acc 97.2656
2026-07-10 07:32:02 | Validation loss decreased (0.158846 --> 0.131416) in epoch (10). Saving model ...
2026-07-10 07:32:04 | TestSub: S6 | Epoch 11/100 Finsh | Now_lr 0.0005/0.0005 | Train Loss 0.1293 | Valid Loss 0.1355 | Train Acc 95.5295 | Valid Acc 96.4844
2026-07-10 07:32:05 | TestSub: S6 | Epoch 12/100 Finsh | Now_lr 0.0005/0.0005 | Train Loss 0.1227 | Valid Loss 0.1302 | Train Acc 96.0938 | Valid Acc 96.4844
2026-07-10 07:32:05 | Validation loss decreased (0.131416 --> 0.130166) in epoch (12). Saving model ...
2026-07-10 07:32:06 | TestSub: S6 | Epoch 13/100 Finsh | Now_lr 0.0005/0.0005 | Train Loss 0.1152 | Valid Loss 0.1110 | Train Acc 95.7465 | Valid Acc 96.8750
2026-07-10 07:32:06 | Validation loss decreased (0.130166 --> 0.111007) in epoch (13). Saving model ...
2026-07-10 07:32:07 | TestSub: S6 | Epoch 14/100 Finsh | Now_lr 0.0005/0.0005 | Train Loss 0.0996 | Valid Loss 0.1226 | Train Acc 96.5278 | Valid Acc 95.7031
2026-07-10 07:32:08 | TestSub: S6 | Epoch 15/100 Finsh | Now_lr 0.0005/0.0005 | Train Loss 0.1050 | Valid Loss 0.1027 | Train Acc 96.5278 | Valid Acc 97.6562
2026-07-10 07:32:08 | Validation loss decreased (0.111007 --> 0.102690) in epoch (15). Saving model ...
2026-07-10 07:32:09 | TestSub: S6 | Epoch 16/100 Finsh | Now_lr 0.0005/0.0005 | Train Loss 0.1059 | Valid Loss 0.1483 | Train Acc 96.3108 | Valid Acc 93.3594
2026-07-10 07:32:10 | TestSub: S6 | Epoch 17/100 Finsh | Now_lr 0.0005/0.0005 | Train Loss 0.1018 | Valid Loss 0.1037 | Train Acc 96.3542 | Valid Acc 96.8750
2026-07-10 07:32:11 | TestSub: S6 | Epoch 18/100 Finsh | Now_lr 0.0005/0.0005 | Train Loss 0.0832 | Valid Loss 0.0958 | Train Acc 97.4392 | Valid Acc 96.8750
2026-07-10 07:32:11 | Validation loss decreased (0.102690 --> 0.095778) in epoch (18). Saving model ...
2026-07-10 07:32:12 | TestSub: S6 | Epoch 19/100 Finsh | Now_lr 0.0005/0.0005 | Train Loss 0.0852 | Valid Loss 0.1011 | Train Acc 97.1788 | Valid Acc 97.6562
2026-07-10 07:32:13 | TestSub: S6 | Epoch 20/100 Finsh | Now_lr 0.0005/0.0005 | Train Loss 0.0842 | Valid Loss 0.0884 | Train Acc 97.0052 | Valid Acc 98.0469
2026-07-10 07:32:13 | Validation loss decreased (0.095778 --> 0.088381) in epoch (20). Saving model ...
2026-07-10 07:32:14 | TestSub: S6 | Epoch 21/100 Finsh | Now_lr 0.0005/0.0005 | Train Loss 0.0763 | Valid Loss 0.0941 | Train Acc 97.2222 | Valid Acc 96.8750
2026-07-10 07:32:15 | TestSub: S6 | Epoch 22/100 Finsh | Now_lr 0.0005/0.0005 | Train Loss 0.0807 | Valid Loss 0.1109 | Train Acc 97.0052 | Valid Acc 96.8750
2026-07-10 07:32:17 | TestSub: S6 | Epoch 23/100 Finsh | Now_lr 0.0005/0.0005 | Train Loss 0.0695 | Valid Loss 0.1275 | Train Acc 97.9167 | Valid Acc 94.9219
2026-07-10 07:32:18 | TestSub: S6 | Epoch 24/100 Finsh | Now_lr 0.0005/0.0005 | Train Loss 0.0779 | Valid Loss 0.1037 | Train Acc 97.2222 | Valid Acc 97.2656
2026-07-10 07:32:19 | TestSub: S6 | Epoch 25/100 Finsh | Now_lr 0.0005/0.0005 | Train Loss 0.0771 | Valid Loss 0.0833 | Train Acc 97.3090 | Valid Acc 97.6562
2026-07-10 07:32:19 | Validation loss decreased (0.088381 --> 0.083296) in epoch (25). Saving model ...
2026-07-10 07:32:20 | TestSub: S6 | Epoch 26/100 Finsh | Now_lr 0.0005/0.0005 | Train Loss 0.0605 | Valid Loss 0.0914 | Train Acc 98.0469 | Valid Acc 97.2656
2026-07-10 07:32:21 | TestSub: S6 | Epoch 27/100 Finsh | Now_lr 0.0005/0.0005 | Train Loss 0.0617 | Valid Loss 0.0962 | Train Acc 98.0035 | Valid Acc 97.6562
2026-07-10 07:32:22 | TestSub: S6 | Epoch 28/100 Finsh | Now_lr 0.0005/0.0005 | Train Loss 0.0582 | Valid Loss 0.0938 | Train Acc 98.3073 | Valid Acc 98.0469
2026-07-10 07:32:23 | TestSub: S6 | Epoch 29/100 Finsh | Now_lr 0.0005/0.0005 | Train Loss 0.0580 | Valid Loss 0.0841 | Train Acc 98.1771 | Valid Acc 97.6562
2026-07-10 07:32:24 | TestSub: S6 | Epoch 30/100 Finsh | Now_lr 0.0005/0.0005 | Train Loss 0.0743 | Valid Loss 0.0851 | Train Acc 97.0920 | Valid Acc 97.6562
2026-07-10 07:32:25 | TestSub: S6 | Epoch 31/100 Finsh | Now_lr 0.0005/0.0005 | Train Loss 0.0809 | Valid Loss 0.1311 | Train Acc 96.9184 | Valid Acc 95.3125
2026-07-10 07:32:26 | TestSub: S6 | Epoch 32/100 Finsh | Now_lr 0.0005/0.0005 | Train Loss 0.0655 | Valid Loss 0.0794 | Train Acc 97.6997 | Valid Acc 98.0469
2026-07-10 07:32:26 | Validation loss decreased (0.083296 --> 0.079405) in epoch (32). Saving model ...
2026-07-10 07:32:27 | TestSub: S6 | Epoch 33/100 Finsh | Now_lr 0.0005/0.0005 | Train Loss 0.0531 | Valid Loss 0.0831 | Train Acc 98.3073 | Valid Acc 98.0469
2026-07-10 07:32:28 | TestSub: S6 | Epoch 34/100 Finsh | Now_lr 0.0005/0.0005 | Train Loss 0.0680 | Valid Loss 0.1158 | Train Acc 97.7865 | Valid Acc 96.0938
2026-07-10 07:32:29 | TestSub: S6 | Epoch 35/100 Finsh | Now_lr 0.0005/0.0005 | Train Loss 0.0577 | Valid Loss 0.1287 | Train Acc 98.2639 | Valid Acc 95.7031
2026-07-10 07:32:31 | TestSub: S6 | Epoch 36/100 Finsh | Now_lr 0.0005/0.0005 | Train Loss 0.0613 | Valid Loss 0.1308 | Train Acc 97.5694 | Valid Acc 95.3125
2026-07-10 07:32:32 | TestSub: S6 | Epoch 37/100 Finsh | Now_lr 0.0005/0.0005 | Train Loss 0.0674 | Valid Loss 0.1174 | Train Acc 97.6128 | Valid Acc 97.2656
2026-07-10 07:32:33 | TestSub: S6 | Epoch 38/100 Finsh | Now_lr 0.0005/0.0005 | Train Loss 0.0682 | Valid Loss 0.0997 | Train Acc 97.5260 | Valid Acc 97.2656
2026-07-10 07:32:34 | TestSub: S6 | Epoch 39/100 Finsh | Now_lr 0.0005/0.0005 | Train Loss 0.0443 | Valid Loss 0.1137 | Train Acc 98.7413 | Valid Acc 96.0938
2026-07-10 07:32:35 | TestSub: S6 | Epoch 40/100 Finsh | Now_lr 0.0005/0.0005 | Train Loss 0.0479 | Valid Loss 0.0815 | Train Acc 98.4809 | Valid Acc 98.0469
2026-07-10 07:32:36 | TestSub: S6 | Epoch 41/100 Finsh | Now_lr 0.0005/0.0005 | Train Loss 0.0761 | Valid Loss 0.0792 | Train Acc 96.9184 | Valid Acc 98.0469
2026-07-10 07:32:36 | Validation loss decreased (0.079405 --> 0.079151) in epoch (41). Saving model ...
2026-07-10 07:32:37 | TestSub: S6 | Epoch 42/100 Finsh | Now_lr 0.0005/0.0005 | Train Loss 0.0511 | Valid Loss 0.0737 | Train Acc 98.0035 | Valid Acc 97.6562
2026-07-10 07:32:37 | Validation loss decreased (0.079151 --> 0.073665) in epoch (42). Saving model ...
2026-07-10 07:32:38 | TestSub: S6 | Epoch 43/100 Finsh | Now_lr 0.0005/0.0005 | Train Loss 0.0482 | Valid Loss 0.0907 | Train Acc 98.5243 | Valid Acc 97.6562
2026-07-10 07:32:39 | TestSub: S6 | Epoch 44/100 Finsh | Now_lr 0.0005/0.0005 | Train Loss 0.0470 | Valid Loss 0.0793 | Train Acc 98.3507 | Valid Acc 98.0469
2026-07-10 07:32:40 | TestSub: S6 | Epoch 45/100 Finsh | Now_lr 0.0005/0.0005 | Train Loss 0.0467 | Valid Loss 0.0784 | Train Acc 98.3507 | Valid Acc 97.6562
2026-07-10 07:32:41 | TestSub: S6 | Epoch 46/100 Finsh | Now_lr 0.0005/0.0005 | Train Loss 0.0418 | Valid Loss 0.0995 | Train Acc 98.7413 | Valid Acc 97.6562
2026-07-10 07:32:42 | TestSub: S6 | Epoch 47/100 Finsh | Now_lr 0.0005/0.0005 | Train Loss 0.0437 | Valid Loss 0.0736 | Train Acc 98.3507 | Valid Acc 97.6562
2026-07-10 07:32:42 | Validation loss decreased (0.073665 --> 0.073641) in epoch (47). Saving model ...
2026-07-10 07:32:44 | TestSub: S6 | Epoch 48/100 Finsh | Now_lr 0.0005/0.0005 | Train Loss 0.0553 | Valid Loss 0.0796 | Train Acc 97.8733 | Valid Acc 97.6562
2026-07-10 07:32:45 | TestSub: S6 | Epoch 49/100 Finsh | Now_lr 0.0005/0.0005 | Train Loss 0.0464 | Valid Loss 0.1148 | Train Acc 98.2205 | Valid Acc 96.4844
2026-07-10 07:32:46 | TestSub: S6 | Epoch 50/100 Finsh | Now_lr 0.0005/0.0005 | Train Loss 0.0509 | Valid Loss 0.0935 | Train Acc 98.1337 | Valid Acc 97.6562
2026-07-10 07:32:47 | TestSub: S6 | Epoch 51/100 Finsh | Now_lr 0.0005/0.0005 | Train Loss 0.0563 | Valid Loss 0.1047 | Train Acc 97.8299 | Valid Acc 98.0469
2026-07-10 07:32:48 | TestSub: S6 | Epoch 52/100 Finsh | Now_lr 0.0005/0.0005 | Train Loss 0.0373 | Valid Loss 0.0806 | Train Acc 98.9583 | Valid Acc 97.2656
2026-07-10 07:32:49 | TestSub: S6 | Epoch 53/100 Finsh | Now_lr 0.0005/0.0005 | Train Loss 0.0388 | Valid Loss 0.0803 | Train Acc 98.6111 | Valid Acc 97.2656
2026-07-10 07:32:50 | TestSub: S6 | Epoch 54/100 Finsh | Now_lr 0.0005/0.0005 | Train Loss 0.0472 | Valid Loss 0.0647 | Train Acc 98.2639 | Valid Acc 98.0469
2026-07-10 07:32:50 | Validation loss decreased (0.073641 --> 0.064740) in epoch (54). Saving model ...
2026-07-10 07:32:51 | TestSub: S6 | Epoch 55/100 Finsh | Now_lr 0.0005/0.0005 | Train Loss 0.0499 | Valid Loss 0.0802 | Train Acc 98.1337 | Valid Acc 98.0469
2026-07-10 07:32:52 | TestSub: S6 | Epoch 56/100 Finsh | Now_lr 0.0005/0.0005 | Train Loss 0.0448 | Valid Loss 0.0737 | Train Acc 98.4809 | Valid Acc 98.0469
2026-07-10 07:32:53 | TestSub: S6 | Epoch 57/100 Finsh | Now_lr 0.0005/0.0005 | Train Loss 0.0313 | Valid Loss 0.0765 | Train Acc 99.0885 | Valid Acc 98.0469
2026-07-10 07:32:54 | TestSub: S6 | Epoch 58/100 Finsh | Now_lr 0.0005/0.0005 | Train Loss 0.0421 | Valid Loss 0.0703 | Train Acc 98.5677 | Valid Acc 98.0469
2026-07-10 07:32:55 | TestSub: S6 | Epoch 59/100 Finsh | Now_lr 0.0005/0.0005 | Train Loss 0.0369 | Valid Loss 0.0615 | Train Acc 98.8715 | Valid Acc 98.4375
2026-07-10 07:32:55 | Validation loss decreased (0.064740 --> 0.061543) in epoch (59). Saving model ...
2026-07-10 07:32:56 | TestSub: S6 | Epoch 60/100 Finsh | Now_lr 0.0005/0.0005 | Train Loss 0.0448 | Valid Loss 0.0960 | Train Acc 98.0469 | Valid Acc 96.4844
2026-07-10 07:32:58 | TestSub: S6 | Epoch 61/100 Finsh | Now_lr 0.0005/0.0005 | Train Loss 0.0436 | Valid Loss 0.0589 | Train Acc 98.3507 | Valid Acc 98.4375
2026-07-10 07:32:58 | Validation loss decreased (0.061543 --> 0.058935) in epoch (61). Saving model ...
2026-07-10 07:32:59 | TestSub: S6 | Epoch 62/100 Finsh | Now_lr 0.0005/0.0005 | Train Loss 0.0307 | Valid Loss 0.0722 | Train Acc 98.7847 | Valid Acc 98.0469
2026-07-10 07:33:00 | TestSub: S6 | Epoch 63/100 Finsh | Now_lr 0.0005/0.0005 | Train Loss 0.0379 | Valid Loss 0.0660 | Train Acc 98.9583 | Valid Acc 98.8281
2026-07-10 07:33:01 | TestSub: S6 | Epoch 64/100 Finsh | Now_lr 0.0005/0.0005 | Train Loss 0.0372 | Valid Loss 0.0743 | Train Acc 98.6111 | Valid Acc 97.6562
2026-07-10 07:33:02 | TestSub: S6 | Epoch 65/100 Finsh | Now_lr 0.0005/0.0005 | Train Loss 0.0384 | Valid Loss 0.0843 | Train Acc 98.4809 | Valid Acc 98.4375
2026-07-10 07:33:03 | TestSub: S6 | Epoch 66/100 Finsh | Now_lr 0.0005/0.0005 | Train Loss 0.0231 | Valid Loss 0.0702 | Train Acc 99.4792 | Valid Acc 98.4375
2026-07-10 07:33:04 | TestSub: S6 | Epoch 67/100 Finsh | Now_lr 0.0005/0.0005 | Train Loss 0.0482 | Valid Loss 0.0722 | Train Acc 97.8733 | Valid Acc 97.6562
2026-07-10 07:33:05 | TestSub: S6 | Epoch 68/100 Finsh | Now_lr 0.0005/0.0005 | Train Loss 0.0382 | Valid Loss 0.0734 | Train Acc 98.7847 | Valid Acc 98.4375
2026-07-10 07:33:06 | TestSub: S6 | Epoch 69/100 Finsh | Now_lr 0.0005/0.0005 | Train Loss 0.0512 | Valid Loss 0.0638 | Train Acc 98.1771 | Valid Acc 97.2656
2026-07-10 07:33:07 | TestSub: S6 | Epoch 70/100 Finsh | Now_lr 0.0005/0.0005 | Train Loss 0.0325 | Valid Loss 0.0750 | Train Acc 98.7413 | Valid Acc 98.0469
2026-07-10 07:33:08 | TestSub: S6 | Epoch 71/100 Finsh | Now_lr 0.0005/0.0005 | Train Loss 0.0413 | Valid Loss 0.0778 | Train Acc 98.5243 | Valid Acc 98.4375
2026-07-10 07:33:09 | TestSub: S6 | Epoch 72/100 Finsh | Now_lr 0.0005/0.0005 | Train Loss 0.0353 | Valid Loss 0.1260 | Train Acc 98.8715 | Valid Acc 95.3125
2026-07-10 07:33:10 | TestSub: S6 | Epoch 73/100 Finsh | Now_lr 0.0005/0.0005 | Train Loss 0.0279 | Valid Loss 0.0831 | Train Acc 98.9583 | Valid Acc 97.6562
2026-07-10 07:33:12 | TestSub: S6 | Epoch 74/100 Finsh | Now_lr 0.0005/0.0005 | Train Loss 0.0336 | Valid Loss 0.0889 | Train Acc 98.8715 | Valid Acc 98.0469
2026-07-10 07:33:13 | TestSub: S6 | Epoch 75/100 Finsh | Now_lr 0.0005/0.0005 | Train Loss 0.0453 | Valid Loss 0.1059 | Train Acc 98.3507 | Valid Acc 98.0469
2026-07-10 07:33:14 | TestSub: S6 | Epoch 76/100 Finsh | Now_lr 0.0005/0.0005 | Train Loss 0.0306 | Valid Loss 0.0691 | Train Acc 99.0885 | Valid Acc 98.4375
2026-07-10 07:33:15 | TestSub: S6 | Epoch 77/100 Finsh | Now_lr 0.0005/0.0005 | Train Loss 0.0360 | Valid Loss 0.0634 | Train Acc 98.6111 | Valid Acc 98.4375
2026-07-10 07:33:16 | TestSub: S6 | Epoch 78/100 Finsh | Now_lr 0.0005/0.0005 | Train Loss 0.0292 | Valid Loss 0.0696 | Train Acc 98.8715 | Valid Acc 98.0469
2026-07-10 07:33:17 | TestSub: S6 | Epoch 79/100 Finsh | Now_lr 0.0005/0.0005 | Train Loss 0.0251 | Valid Loss 0.0684 | Train Acc 99.2622 | Valid Acc 97.6562
2026-07-10 07:33:18 | TestSub: S6 | Epoch 80/100 Finsh | Now_lr 0.0005/0.0005 | Train Loss 0.0280 | Valid Loss 0.0861 | Train Acc 99.1753 | Valid Acc 97.6562
2026-07-10 07:33:19 | TestSub: S6 | Epoch 81/100 Finsh | Now_lr 0.0005/0.0005 | Train Loss 0.0279 | Valid Loss 0.0707 | Train Acc 99.0451 | Valid Acc 97.6562
2026-07-10 07:33:20 | TestSub: S6 | Epoch 82/100 Finsh | Now_lr 0.0005/0.0005 | Train Loss 0.0408 | Valid Loss 0.0714 | Train Acc 98.6545 | Valid Acc 98.0469
2026-07-10 07:33:20 | Early stopping at epoch 82!
2026-07-10 07:33:20 | --------------------------------------------------
2026-07-10 07:33:20 | Test_Subject :S6 | Best epoch:61 | Test Loss:0.1110 | Savemodel Acc 94.4444
2026-07-10 07:33:20 | --------------------------------------------------
2026-07-10 07:33:20 | Best epoch: 61 | Test acc: 94.4444
