2026-07-10 07:51:41 | Logging started: ./writer/Subject_dependent_AAD/KUL/2.0s/result//Train2.0s_sub16.log
2026-07-10 07:51:46 | Sub_id: 16
2026-07-10 07:51:50 | TestSub: S16 | Epoch  1/100 Finsh | Now_lr 0.0005/0.0005 | Train Loss 0.6069 | Valid Loss 0.5497 | Train Acc 70.9635 | Valid Acc 79.2969
2026-07-10 07:51:50 | Validation loss decreased (inf --> 0.549652) in epoch (1). Saving model ...
2026-07-10 07:51:51 | TestSub: S16 | Epoch  2/100 Finsh | Now_lr 0.0005/0.0005 | Train Loss 0.3313 | Valid Loss 0.2345 | Train Acc 91.5365 | Valid Acc 96.4844
2026-07-10 07:51:51 | Validation loss decreased (0.549652 --> 0.234511) in epoch (2). Saving model ...
2026-07-10 07:51:52 | TestSub: S16 | Epoch  3/100 Finsh | Now_lr 0.0005/0.0005 | Train Loss 0.1801 | Valid Loss 0.1451 | Train Acc 95.7899 | Valid Acc 98.0469
2026-07-10 07:51:52 | Validation loss decreased (0.234511 --> 0.145137) in epoch (3). Saving model ...
2026-07-10 07:51:53 | TestSub: S16 | Epoch  4/100 Finsh | Now_lr 0.0005/0.0005 | Train Loss 0.1201 | Valid Loss 0.1072 | Train Acc 97.7431 | Valid Acc 98.8281
2026-07-10 07:51:53 | Validation loss decreased (0.145137 --> 0.107221) in epoch (4). Saving model ...
2026-07-10 07:51:54 | TestSub: S16 | Epoch  5/100 Finsh | Now_lr 0.0005/0.0005 | Train Loss 0.1000 | Valid Loss 0.0723 | Train Acc 98.0903 | Valid Acc 99.6094
2026-07-10 07:51:54 | Validation loss decreased (0.107221 --> 0.072318) in epoch (5). Saving model ...
2026-07-10 07:51:55 | TestSub: S16 | Epoch  6/100 Finsh | Now_lr 0.0005/0.0005 | Train Loss 0.0845 | Valid Loss 0.0618 | Train Acc 98.1771 | Valid Acc 99.6094
2026-07-10 07:51:55 | Validation loss decreased (0.072318 --> 0.061757) in epoch (6). Saving model ...
2026-07-10 07:51:57 | TestSub: S16 | Epoch  7/100 Finsh | Now_lr 0.0005/0.0005 | Train Loss 0.0744 | Valid Loss 0.0476 | Train Acc 97.8299 | Valid Acc 99.6094
2026-07-10 07:51:57 | Validation loss decreased (0.061757 --> 0.047643) in epoch (7). Saving model ...
2026-07-10 07:51:58 | TestSub: S16 | Epoch  8/100 Finsh | Now_lr 0.0005/0.0005 | Train Loss 0.0544 | Valid Loss 0.0407 | Train Acc 98.9583 | Valid Acc 99.6094
2026-07-10 07:51:58 | Validation loss decreased (0.047643 --> 0.040668) in epoch (8). Saving model ...
2026-07-10 07:51:59 | TestSub: S16 | Epoch  9/100 Finsh | Now_lr 0.0005/0.0005 | Train Loss 0.0531 | Valid Loss 0.0342 | Train Acc 98.4809 | Valid Acc 99.6094
2026-07-10 07:51:59 | Validation loss decreased (0.040668 --> 0.034207) in epoch (9). Saving model ...
2026-07-10 07:52:00 | TestSub: S16 | Epoch 10/100 Finsh | Now_lr 0.0005/0.0005 | Train Loss 0.0528 | Valid Loss 0.0350 | Train Acc 98.5677 | Valid Acc 99.6094
2026-07-10 07:52:01 | TestSub: S16 | Epoch 11/100 Finsh | Now_lr 0.0005/0.0005 | Train Loss 0.0306 | Valid Loss 0.0315 | Train Acc 99.6094 | Valid Acc 99.6094
2026-07-10 07:52:01 | Validation loss decreased (0.034207 --> 0.031531) in epoch (11). Saving model ...
2026-07-10 07:52:02 | TestSub: S16 | Epoch 12/100 Finsh | Now_lr 0.0005/0.0005 | Train Loss 0.0307 | Valid Loss 0.0254 | Train Acc 99.4792 | Valid Acc 99.6094
2026-07-10 07:52:02 | Validation loss decreased (0.031531 --> 0.025396) in epoch (12). Saving model ...
2026-07-10 07:52:03 | TestSub: S16 | Epoch 13/100 Finsh | Now_lr 0.0005/0.0005 | Train Loss 0.0315 | Valid Loss 0.0296 | Train Acc 99.3490 | Valid Acc 99.6094
2026-07-10 07:52:04 | TestSub: S16 | Epoch 14/100 Finsh | Now_lr 0.0005/0.0005 | Train Loss 0.0319 | Valid Loss 0.0223 | Train Acc 99.2188 | Valid Acc 99.2188
2026-07-10 07:52:04 | Validation loss decreased (0.025396 --> 0.022286) in epoch (14). Saving model ...
2026-07-10 07:52:05 | TestSub: S16 | Epoch 15/100 Finsh | Now_lr 0.0005/0.0005 | Train Loss 0.0260 | Valid Loss 0.0261 | Train Acc 99.4358 | Valid Acc 99.6094
2026-07-10 07:52:06 | TestSub: S16 | Epoch 16/100 Finsh | Now_lr 0.0005/0.0005 | Train Loss 0.0338 | Valid Loss 0.0223 | Train Acc 99.0885 | Valid Acc 99.6094
2026-07-10 07:52:07 | TestSub: S16 | Epoch 17/100 Finsh | Now_lr 0.0005/0.0005 | Train Loss 0.0296 | Valid Loss 0.0172 | Train Acc 99.0451 | Valid Acc 99.6094
2026-07-10 07:52:07 | Validation loss decreased (0.022286 --> 0.017184) in epoch (17). Saving model ...
2026-07-10 07:52:08 | TestSub: S16 | Epoch 18/100 Finsh | Now_lr 0.0005/0.0005 | Train Loss 0.0187 | Valid Loss 0.0135 | Train Acc 99.6094 | Valid Acc 99.6094
2026-07-10 07:52:08 | Validation loss decreased (0.017184 --> 0.013482) in epoch (18). Saving model ...
2026-07-10 07:52:10 | TestSub: S16 | Epoch 19/100 Finsh | Now_lr 0.0005/0.0005 | Train Loss 0.0325 | Valid Loss 0.0156 | Train Acc 98.9149 | Valid Acc 99.6094
2026-07-10 07:52:11 | TestSub: S16 | Epoch 20/100 Finsh | Now_lr 0.0005/0.0005 | Train Loss 0.0218 | Valid Loss 0.0138 | Train Acc 99.2622 | Valid Acc 99.6094
2026-07-10 07:52:12 | TestSub: S16 | Epoch 21/100 Finsh | Now_lr 0.0005/0.0005 | Train Loss 0.0215 | Valid Loss 0.0194 | Train Acc 99.4792 | Valid Acc 99.6094
2026-07-10 07:52:13 | TestSub: S16 | Epoch 22/100 Finsh | Now_lr 0.0005/0.0005 | Train Loss 0.0237 | Valid Loss 0.0148 | Train Acc 99.3490 | Valid Acc 99.6094
2026-07-10 07:52:14 | TestSub: S16 | Epoch 23/100 Finsh | Now_lr 0.0005/0.0005 | Train Loss 0.0219 | Valid Loss 0.0143 | Train Acc 99.4358 | Valid Acc 99.6094
2026-07-10 07:52:15 | TestSub: S16 | Epoch 24/100 Finsh | Now_lr 0.0005/0.0005 | Train Loss 0.0140 | Valid Loss 0.0142 | Train Acc 99.7830 | Valid Acc 99.6094
2026-07-10 07:52:16 | TestSub: S16 | Epoch 25/100 Finsh | Now_lr 0.0005/0.0005 | Train Loss 0.0116 | Valid Loss 0.0109 | Train Acc 99.7830 | Valid Acc 99.6094
2026-07-10 07:52:16 | Validation loss decreased (0.013482 --> 0.010859) in epoch (25). Saving model ...
2026-07-10 07:52:17 | TestSub: S16 | Epoch 26/100 Finsh | Now_lr 0.0005/0.0005 | Train Loss 0.0094 | Valid Loss 0.0097 | Train Acc 99.8264 | Valid Acc 99.6094
2026-07-10 07:52:17 | Validation loss decreased (0.010859 --> 0.009713) in epoch (26). Saving model ...
2026-07-10 07:52:18 | TestSub: S16 | Epoch 27/100 Finsh | Now_lr 0.0005/0.0005 | Train Loss 0.0243 | Valid Loss 0.0291 | Train Acc 99.1753 | Valid Acc 99.2188
2026-07-10 07:52:19 | TestSub: S16 | Epoch 28/100 Finsh | Now_lr 0.0005/0.0005 | Train Loss 0.0168 | Valid Loss 0.0150 | Train Acc 99.5660 | Valid Acc 99.6094
2026-07-10 07:52:20 | TestSub: S16 | Epoch 29/100 Finsh | Now_lr 0.0005/0.0005 | Train Loss 0.0142 | Valid Loss 0.0111 | Train Acc 99.6962 | Valid Acc 99.6094
2026-07-10 07:52:21 | TestSub: S16 | Epoch 30/100 Finsh | Now_lr 0.0005/0.0005 | Train Loss 0.0157 | Valid Loss 0.0131 | Train Acc 99.4358 | Valid Acc 99.6094
2026-07-10 07:52:22 | TestSub: S16 | Epoch 31/100 Finsh | Now_lr 0.0005/0.0005 | Train Loss 0.0122 | Valid Loss 0.0114 | Train Acc 99.7396 | Valid Acc 99.6094
2026-07-10 07:52:23 | TestSub: S16 | Epoch 32/100 Finsh | Now_lr 0.0005/0.0005 | Train Loss 0.0092 | Valid Loss 0.0104 | Train Acc 99.8264 | Valid Acc 99.6094
2026-07-10 07:52:24 | TestSub: S16 | Epoch 33/100 Finsh | Now_lr 0.0005/0.0005 | Train Loss 0.0148 | Valid Loss 0.0095 | Train Acc 99.6094 | Valid Acc 99.6094
2026-07-10 07:52:24 | Validation loss decreased (0.009713 --> 0.009529) in epoch (33). Saving model ...
2026-07-10 07:52:26 | TestSub: S16 | Epoch 34/100 Finsh | Now_lr 0.0005/0.0005 | Train Loss 0.0094 | Valid Loss 0.0135 | Train Acc 99.8264 | Valid Acc 99.6094
2026-07-10 07:52:27 | TestSub: S16 | Epoch 35/100 Finsh | Now_lr 0.0005/0.0005 | Train Loss 0.0156 | Valid Loss 0.0154 | Train Acc 99.4792 | Valid Acc 99.6094
2026-07-10 07:52:28 | TestSub: S16 | Epoch 36/100 Finsh | Now_lr 0.0005/0.0005 | Train Loss 0.0130 | Valid Loss 0.0064 | Train Acc 99.6962 | Valid Acc 99.6094
2026-07-10 07:52:28 | Validation loss decreased (0.009529 --> 0.006406) in epoch (36). Saving model ...
2026-07-10 07:52:29 | TestSub: S16 | Epoch 37/100 Finsh | Now_lr 0.0005/0.0005 | Train Loss 0.0072 | Valid Loss 0.0071 | Train Acc 99.9132 | Valid Acc 99.6094
2026-07-10 07:52:30 | TestSub: S16 | Epoch 38/100 Finsh | Now_lr 0.0005/0.0005 | Train Loss 0.0155 | Valid Loss 0.0162 | Train Acc 99.5660 | Valid Acc 99.6094
2026-07-10 07:52:31 | TestSub: S16 | Epoch 39/100 Finsh | Now_lr 0.0005/0.0005 | Train Loss 0.0158 | Valid Loss 0.0112 | Train Acc 99.3490 | Valid Acc 99.6094
2026-07-10 07:52:32 | TestSub: S16 | Epoch 40/100 Finsh | Now_lr 0.0005/0.0005 | Train Loss 0.0098 | Valid Loss 0.0080 | Train Acc 99.8264 | Valid Acc 99.6094
2026-07-10 07:52:33 | TestSub: S16 | Epoch 41/100 Finsh | Now_lr 0.0005/0.0005 | Train Loss 0.0097 | Valid Loss 0.0117 | Train Acc 99.7830 | Valid Acc 99.6094
2026-07-10 07:52:34 | TestSub: S16 | Epoch 42/100 Finsh | Now_lr 0.0005/0.0005 | Train Loss 0.0058 | Valid Loss 0.0071 | Train Acc 99.8698 | Valid Acc 99.6094
2026-07-10 07:52:36 | TestSub: S16 | Epoch 43/100 Finsh | Now_lr 0.0005/0.0005 | Train Loss 0.0071 | Valid Loss 0.0043 | Train Acc 99.8264 | Valid Acc 99.6094
2026-07-10 07:52:36 | Validation loss decreased (0.006406 --> 0.004292) in epoch (43). Saving model ...
2026-07-10 07:52:37 | TestSub: S16 | Epoch 44/100 Finsh | Now_lr 0.0005/0.0005 | Train Loss 0.0086 | Valid Loss 0.0085 | Train Acc 99.8264 | Valid Acc 99.6094
2026-07-10 07:52:38 | TestSub: S16 | Epoch 45/100 Finsh | Now_lr 0.0005/0.0005 | Train Loss 0.0102 | Valid Loss 0.0103 | Train Acc 99.6528 | Valid Acc 99.6094
2026-07-10 07:52:39 | TestSub: S16 | Epoch 46/100 Finsh | Now_lr 0.0005/0.0005 | Train Loss 0.0088 | Valid Loss 0.0102 | Train Acc 99.7396 | Valid Acc 99.6094
2026-07-10 07:52:40 | TestSub: S16 | Epoch 47/100 Finsh | Now_lr 0.0005/0.0005 | Train Loss 0.0173 | Valid Loss 0.0094 | Train Acc 99.5660 | Valid Acc 99.6094
2026-07-10 07:52:41 | TestSub: S16 | Epoch 48/100 Finsh | Now_lr 0.0005/0.0005 | Train Loss 0.0158 | Valid Loss 0.0059 | Train Acc 99.4792 | Valid Acc 99.6094
2026-07-10 07:52:42 | TestSub: S16 | Epoch 49/100 Finsh | Now_lr 0.0005/0.0005 | Train Loss 0.0077 | Valid Loss 0.0038 | Train Acc 99.7830 | Valid Acc 100.0000
2026-07-10 07:52:42 | Validation loss decreased (0.004292 --> 0.003838) in epoch (49). Saving model ...
2026-07-10 07:52:45 | TestSub: S16 | Epoch 50/100 Finsh | Now_lr 0.0005/0.0005 | Train Loss 0.0069 | Valid Loss 0.0032 | Train Acc 99.7830 | Valid Acc 100.0000
2026-07-10 07:52:45 | Validation loss decreased (0.003838 --> 0.003190) in epoch (50). Saving model ...
2026-07-10 07:52:48 | TestSub: S16 | Epoch 51/100 Finsh | Now_lr 0.0005/0.0005 | Train Loss 0.0119 | Valid Loss 0.0055 | Train Acc 99.5660 | Valid Acc 99.6094
2026-07-10 07:52:49 | TestSub: S16 | Epoch 52/100 Finsh | Now_lr 0.0005/0.0005 | Train Loss 0.0107 | Valid Loss 0.0055 | Train Acc 99.6962 | Valid Acc 99.6094
2026-07-10 07:52:50 | TestSub: S16 | Epoch 53/100 Finsh | Now_lr 0.0005/0.0005 | Train Loss 0.0063 | Valid Loss 0.0063 | Train Acc 99.8264 | Valid Acc 99.6094
2026-07-10 07:52:51 | TestSub: S16 | Epoch 54/100 Finsh | Now_lr 0.0005/0.0005 | Train Loss 0.0045 | Valid Loss 0.0056 | Train Acc 99.8698 | Valid Acc 99.6094
2026-07-10 07:52:52 | TestSub: S16 | Epoch 55/100 Finsh | Now_lr 0.0005/0.0005 | Train Loss 0.0058 | Valid Loss 0.0154 | Train Acc 99.8698 | Valid Acc 99.6094
2026-07-10 07:52:53 | TestSub: S16 | Epoch 56/100 Finsh | Now_lr 0.0005/0.0005 | Train Loss 0.0060 | Valid Loss 0.0052 | Train Acc 99.8264 | Valid Acc 99.6094
2026-07-10 07:52:54 | TestSub: S16 | Epoch 57/100 Finsh | Now_lr 0.0005/0.0005 | Train Loss 0.0080 | Valid Loss 0.0037 | Train Acc 99.7396 | Valid Acc 100.0000
2026-07-10 07:52:55 | TestSub: S16 | Epoch 58/100 Finsh | Now_lr 0.0005/0.0005 | Train Loss 0.0113 | Valid Loss 0.0041 | Train Acc 99.6528 | Valid Acc 99.6094
2026-07-10 07:52:56 | TestSub: S16 | Epoch 59/100 Finsh | Now_lr 0.0005/0.0005 | Train Loss 0.0071 | Valid Loss 0.0085 | Train Acc 99.7830 | Valid Acc 99.6094
2026-07-10 07:52:57 | TestSub: S16 | Epoch 60/100 Finsh | Now_lr 0.0005/0.0005 | Train Loss 0.0090 | Valid Loss 0.0045 | Train Acc 99.8264 | Valid Acc 99.6094
2026-07-10 07:52:58 | TestSub: S16 | Epoch 61/100 Finsh | Now_lr 0.0005/0.0005 | Train Loss 0.0168 | Valid Loss 0.0195 | Train Acc 99.3490 | Valid Acc 99.6094
2026-07-10 07:52:59 | TestSub: S16 | Epoch 62/100 Finsh | Now_lr 0.0005/0.0005 | Train Loss 0.0192 | Valid Loss 0.0137 | Train Acc 99.5226 | Valid Acc 99.6094
2026-07-10 07:53:00 | TestSub: S16 | Epoch 63/100 Finsh | Now_lr 0.0005/0.0005 | Train Loss 0.0250 | Valid Loss 0.0060 | Train Acc 99.1319 | Valid Acc 100.0000
2026-07-10 07:53:01 | TestSub: S16 | Epoch 64/100 Finsh | Now_lr 0.0005/0.0005 | Train Loss 0.0103 | Valid Loss 0.0048 | Train Acc 99.5226 | Valid Acc 100.0000
2026-07-10 07:53:02 | TestSub: S16 | Epoch 65/100 Finsh | Now_lr 0.0005/0.0005 | Train Loss 0.0120 | Valid Loss 0.0119 | Train Acc 99.5660 | Valid Acc 99.6094
2026-07-10 07:53:04 | TestSub: S16 | Epoch 66/100 Finsh | Now_lr 0.0005/0.0005 | Train Loss 0.0097 | Valid Loss 0.0096 | Train Acc 99.6962 | Valid Acc 99.6094
2026-07-10 07:53:05 | TestSub: S16 | Epoch 67/100 Finsh | Now_lr 0.0005/0.0005 | Train Loss 0.0055 | Valid Loss 0.0066 | Train Acc 99.9132 | Valid Acc 99.6094
2026-07-10 07:53:06 | TestSub: S16 | Epoch 68/100 Finsh | Now_lr 0.0005/0.0005 | Train Loss 0.0069 | Valid Loss 0.0091 | Train Acc 99.7830 | Valid Acc 99.6094
2026-07-10 07:53:07 | TestSub: S16 | Epoch 69/100 Finsh | Now_lr 0.0005/0.0005 | Train Loss 0.0095 | Valid Loss 0.0056 | Train Acc 99.7830 | Valid Acc 99.6094
2026-07-10 07:53:08 | TestSub: S16 | Epoch 70/100 Finsh | Now_lr 0.0005/0.0005 | Train Loss 0.0099 | Valid Loss 0.0040 | Train Acc 99.8264 | Valid Acc 100.0000
2026-07-10 07:53:09 | TestSub: S16 | Epoch 71/100 Finsh | Now_lr 0.0005/0.0005 | Train Loss 0.0078 | Valid Loss 0.0027 | Train Acc 99.7830 | Valid Acc 100.0000
2026-07-10 07:53:09 | Validation loss decreased (0.003190 --> 0.002651) in epoch (71). Saving model ...
2026-07-10 07:53:12 | TestSub: S16 | Epoch 72/100 Finsh | Now_lr 0.0005/0.0005 | Train Loss 0.0085 | Valid Loss 0.0047 | Train Acc 99.6094 | Valid Acc 99.6094
2026-07-10 07:53:13 | TestSub: S16 | Epoch 73/100 Finsh | Now_lr 0.0005/0.0005 | Train Loss 0.0067 | Valid Loss 0.0040 | Train Acc 99.7830 | Valid Acc 99.6094
2026-07-10 07:53:14 | TestSub: S16 | Epoch 74/100 Finsh | Now_lr 0.0005/0.0005 | Train Loss 0.0062 | Valid Loss 0.0070 | Train Acc 99.9132 | Valid Acc 99.6094
2026-07-10 07:53:15 | TestSub: S16 | Epoch 75/100 Finsh | Now_lr 0.0005/0.0005 | Train Loss 0.0082 | Valid Loss 0.0042 | Train Acc 99.6962 | Valid Acc 100.0000
2026-07-10 07:53:16 | TestSub: S16 | Epoch 76/100 Finsh | Now_lr 0.0005/0.0005 | Train Loss 0.0077 | Valid Loss 0.0052 | Train Acc 99.7396 | Valid Acc 99.6094
2026-07-10 07:53:17 | TestSub: S16 | Epoch 77/100 Finsh | Now_lr 0.0005/0.0005 | Train Loss 0.0056 | Valid Loss 0.0057 | Train Acc 99.9132 | Valid Acc 99.6094
2026-07-10 07:53:18 | TestSub: S16 | Epoch 78/100 Finsh | Now_lr 0.0005/0.0005 | Train Loss 0.0053 | Valid Loss 0.0064 | Train Acc 99.9132 | Valid Acc 99.6094
2026-07-10 07:53:19 | TestSub: S16 | Epoch 79/100 Finsh | Now_lr 0.0005/0.0005 | Train Loss 0.0082 | Valid Loss 0.0097 | Train Acc 99.7830 | Valid Acc 99.6094
2026-07-10 07:53:20 | TestSub: S16 | Epoch 80/100 Finsh | Now_lr 0.0005/0.0005 | Train Loss 0.0066 | Valid Loss 0.0062 | Train Acc 99.9132 | Valid Acc 99.6094
2026-07-10 07:53:21 | TestSub: S16 | Epoch 81/100 Finsh | Now_lr 0.0005/0.0005 | Train Loss 0.0088 | Valid Loss 0.0064 | Train Acc 99.8264 | Valid Acc 99.6094
2026-07-10 07:53:22 | TestSub: S16 | Epoch 82/100 Finsh | Now_lr 0.0005/0.0005 | Train Loss 0.0134 | Valid Loss 0.0029 | Train Acc 99.6528 | Valid Acc 100.0000
2026-07-10 07:53:23 | TestSub: S16 | Epoch 83/100 Finsh | Now_lr 0.0005/0.0005 | Train Loss 0.0088 | Valid Loss 0.0041 | Train Acc 99.8264 | Valid Acc 99.6094
2026-07-10 07:53:24 | TestSub: S16 | Epoch 84/100 Finsh | Now_lr 0.0005/0.0005 | Train Loss 0.0104 | Valid Loss 0.0086 | Train Acc 99.6094 | Valid Acc 99.6094
2026-07-10 07:53:26 | TestSub: S16 | Epoch 85/100 Finsh | Now_lr 0.0005/0.0005 | Train Loss 0.0079 | Valid Loss 0.0068 | Train Acc 99.7396 | Valid Acc 99.6094
2026-07-10 07:53:27 | TestSub: S16 | Epoch 86/100 Finsh | Now_lr 0.0005/0.0005 | Train Loss 0.0145 | Valid Loss 0.0143 | Train Acc 99.6528 | Valid Acc 99.6094
2026-07-10 07:53:28 | TestSub: S16 | Epoch 87/100 Finsh | Now_lr 0.0005/0.0005 | Train Loss 0.0084 | Valid Loss 0.0052 | Train Acc 99.8264 | Valid Acc 99.6094
2026-07-10 07:53:29 | TestSub: S16 | Epoch 88/100 Finsh | Now_lr 0.0005/0.0005 | Train Loss 0.0052 | Valid Loss 0.0056 | Train Acc 99.8698 | Valid Acc 99.6094
2026-07-10 07:53:30 | TestSub: S16 | Epoch 89/100 Finsh | Now_lr 0.0005/0.0005 | Train Loss 0.0032 | Valid Loss 0.0057 | Train Acc 99.9566 | Valid Acc 99.6094
2026-07-10 07:53:31 | TestSub: S16 | Epoch 90/100 Finsh | Now_lr 0.0005/0.0005 | Train Loss 0.0082 | Valid Loss 0.0110 | Train Acc 99.7830 | Valid Acc 99.6094
2026-07-10 07:53:32 | TestSub: S16 | Epoch 91/100 Finsh | Now_lr 0.0005/0.0005 | Train Loss 0.0060 | Valid Loss 0.0091 | Train Acc 99.8264 | Valid Acc 99.6094
2026-07-10 07:53:33 | TestSub: S16 | Epoch 92/100 Finsh | Now_lr 0.0005/0.0005 | Train Loss 0.0093 | Valid Loss 0.0082 | Train Acc 99.6528 | Valid Acc 99.6094
2026-07-10 07:53:33 | Early stopping at epoch 92!
2026-07-10 07:53:33 | --------------------------------------------------
2026-07-10 07:53:33 | Test_Subject :S16 | Best epoch:71 | Test Loss:0.0041 | Savemodel Acc 100.0000
2026-07-10 07:53:33 | --------------------------------------------------
2026-07-10 07:53:33 | Best epoch: 71 | Test acc: 100.0000
