2026-07-10 09:17:06 | Logging started: ./writer/Subject_dependent_AAD/DTU/5.0s/result//Train5.0s_sub10.log
2026-07-10 09:17:06 | Sub_id: 10
2026-07-10 09:17:08 | TestSub: S10 | Epoch  1/100 Finsh | Now_lr 0.0005/0.0005 | Train Loss 0.7465 | Valid Loss 0.6915 | Train Acc 50.9615 | Valid Acc 53.1250
2026-07-10 09:17:08 | Validation loss decreased (inf --> 0.691458) in epoch (1). Saving model ...
2026-07-10 09:17:08 | TestSub: S10 | Epoch  2/100 Finsh | Now_lr 0.0005/0.0005 | Train Loss 0.6837 | Valid Loss 0.6988 | Train Acc 58.6538 | Valid Acc 53.1250
2026-07-10 09:17:09 | TestSub: S10 | Epoch  3/100 Finsh | Now_lr 0.0005/0.0005 | Train Loss 0.6260 | Valid Loss 0.7082 | Train Acc 65.6250 | Valid Acc 53.1250
2026-07-10 09:17:09 | TestSub: S10 | Epoch  4/100 Finsh | Now_lr 0.0005/0.0005 | Train Loss 0.6046 | Valid Loss 0.6959 | Train Acc 66.8269 | Valid Acc 53.1250
2026-07-10 09:17:09 | TestSub: S10 | Epoch  5/100 Finsh | Now_lr 0.0005/0.0005 | Train Loss 0.5827 | Valid Loss 0.6706 | Train Acc 70.1923 | Valid Acc 56.2500
2026-07-10 09:17:09 | Validation loss decreased (0.691458 --> 0.670638) in epoch (5). Saving model ...
2026-07-10 09:17:10 | TestSub: S10 | Epoch  6/100 Finsh | Now_lr 0.0005/0.0005 | Train Loss 0.5414 | Valid Loss 0.6131 | Train Acc 71.8750 | Valid Acc 62.5000
2026-07-10 09:17:10 | Validation loss decreased (0.670638 --> 0.613055) in epoch (6). Saving model ...
2026-07-10 09:17:11 | TestSub: S10 | Epoch  7/100 Finsh | Now_lr 0.0005/0.0005 | Train Loss 0.5178 | Valid Loss 0.5560 | Train Acc 74.7596 | Valid Acc 71.8750
2026-07-10 09:17:11 | Validation loss decreased (0.613055 --> 0.556009) in epoch (7). Saving model ...
2026-07-10 09:17:11 | TestSub: S10 | Epoch  8/100 Finsh | Now_lr 0.0005/0.0005 | Train Loss 0.4592 | Valid Loss 0.5059 | Train Acc 81.7308 | Valid Acc 71.8750
2026-07-10 09:17:11 | Validation loss decreased (0.556009 --> 0.505936) in epoch (8). Saving model ...
2026-07-10 09:17:12 | TestSub: S10 | Epoch  9/100 Finsh | Now_lr 0.0005/0.0005 | Train Loss 0.4510 | Valid Loss 0.4718 | Train Acc 81.0096 | Valid Acc 71.8750
2026-07-10 09:17:12 | Validation loss decreased (0.505936 --> 0.471834) in epoch (9). Saving model ...
2026-07-10 09:17:12 | TestSub: S10 | Epoch 10/100 Finsh | Now_lr 0.0005/0.0005 | Train Loss 0.4122 | Valid Loss 0.4552 | Train Acc 83.8942 | Valid Acc 71.8750
2026-07-10 09:17:12 | Validation loss decreased (0.471834 --> 0.455233) in epoch (10). Saving model ...
2026-07-10 09:17:13 | TestSub: S10 | Epoch 11/100 Finsh | Now_lr 0.0005/0.0005 | Train Loss 0.4048 | Valid Loss 0.4452 | Train Acc 80.2885 | Valid Acc 71.8750
2026-07-10 09:17:13 | Validation loss decreased (0.455233 --> 0.445171) in epoch (11). Saving model ...
2026-07-10 09:17:13 | TestSub: S10 | Epoch 12/100 Finsh | Now_lr 0.0005/0.0005 | Train Loss 0.3733 | Valid Loss 0.4392 | Train Acc 84.6154 | Valid Acc 71.8750
2026-07-10 09:17:13 | Validation loss decreased (0.445171 --> 0.439214) in epoch (12). Saving model ...
2026-07-10 09:17:14 | TestSub: S10 | Epoch 13/100 Finsh | Now_lr 0.0005/0.0005 | Train Loss 0.3432 | Valid Loss 0.4371 | Train Acc 85.5769 | Valid Acc 75.0000
2026-07-10 09:17:14 | Validation loss decreased (0.439214 --> 0.437087) in epoch (13). Saving model ...
2026-07-10 09:17:14 | TestSub: S10 | Epoch 14/100 Finsh | Now_lr 0.0005/0.0005 | Train Loss 0.3237 | Valid Loss 0.4332 | Train Acc 87.9808 | Valid Acc 78.1250
2026-07-10 09:17:14 | Validation loss decreased (0.437087 --> 0.433220) in epoch (14). Saving model ...
2026-07-10 09:17:15 | TestSub: S10 | Epoch 15/100 Finsh | Now_lr 0.0005/0.0005 | Train Loss 0.2970 | Valid Loss 0.4208 | Train Acc 90.6250 | Valid Acc 78.1250
2026-07-10 09:17:15 | Validation loss decreased (0.433220 --> 0.420775) in epoch (15). Saving model ...
2026-07-10 09:17:16 | TestSub: S10 | Epoch 16/100 Finsh | Now_lr 0.0005/0.0005 | Train Loss 0.2752 | Valid Loss 0.4194 | Train Acc 90.3846 | Valid Acc 78.1250
2026-07-10 09:17:16 | Validation loss decreased (0.420775 --> 0.419374) in epoch (16). Saving model ...
2026-07-10 09:17:16 | TestSub: S10 | Epoch 17/100 Finsh | Now_lr 0.0005/0.0005 | Train Loss 0.2660 | Valid Loss 0.4112 | Train Acc 92.0673 | Valid Acc 78.1250
2026-07-10 09:17:16 | Validation loss decreased (0.419374 --> 0.411244) in epoch (17). Saving model ...
2026-07-10 09:17:17 | TestSub: S10 | Epoch 18/100 Finsh | Now_lr 0.0005/0.0005 | Train Loss 0.2394 | Valid Loss 0.4047 | Train Acc 92.7885 | Valid Acc 81.2500
2026-07-10 09:17:17 | Validation loss decreased (0.411244 --> 0.404734) in epoch (18). Saving model ...
2026-07-10 09:17:17 | TestSub: S10 | Epoch 19/100 Finsh | Now_lr 0.0005/0.0005 | Train Loss 0.2284 | Valid Loss 0.3939 | Train Acc 94.9519 | Valid Acc 81.2500
2026-07-10 09:17:17 | Validation loss decreased (0.404734 --> 0.393900) in epoch (19). Saving model ...
2026-07-10 09:17:18 | TestSub: S10 | Epoch 20/100 Finsh | Now_lr 0.0005/0.0005 | Train Loss 0.2138 | Valid Loss 0.3937 | Train Acc 92.7885 | Valid Acc 81.2500
2026-07-10 09:17:18 | Validation loss decreased (0.393900 --> 0.393657) in epoch (20). Saving model ...
2026-07-10 09:17:18 | TestSub: S10 | Epoch 21/100 Finsh | Now_lr 0.0005/0.0005 | Train Loss 0.2201 | Valid Loss 0.3939 | Train Acc 92.7885 | Valid Acc 81.2500
2026-07-10 09:17:19 | TestSub: S10 | Epoch 22/100 Finsh | Now_lr 0.0005/0.0005 | Train Loss 0.1879 | Valid Loss 0.3945 | Train Acc 95.9135 | Valid Acc 81.2500
2026-07-10 09:17:19 | TestSub: S10 | Epoch 23/100 Finsh | Now_lr 0.0005/0.0005 | Train Loss 0.1924 | Valid Loss 0.4026 | Train Acc 95.6731 | Valid Acc 84.3750
2026-07-10 09:17:20 | TestSub: S10 | Epoch 24/100 Finsh | Now_lr 0.0005/0.0005 | Train Loss 0.1580 | Valid Loss 0.4055 | Train Acc 96.8750 | Valid Acc 84.3750
2026-07-10 09:17:20 | TestSub: S10 | Epoch 25/100 Finsh | Now_lr 0.0005/0.0005 | Train Loss 0.1611 | Valid Loss 0.4126 | Train Acc 96.6346 | Valid Acc 84.3750
2026-07-10 09:17:20 | TestSub: S10 | Epoch 26/100 Finsh | Now_lr 0.0005/0.0005 | Train Loss 0.1710 | Valid Loss 0.3954 | Train Acc 95.4327 | Valid Acc 84.3750
2026-07-10 09:17:21 | TestSub: S10 | Epoch 27/100 Finsh | Now_lr 0.0005/0.0005 | Train Loss 0.1652 | Valid Loss 0.3953 | Train Acc 96.8750 | Valid Acc 84.3750
2026-07-10 09:17:21 | TestSub: S10 | Epoch 28/100 Finsh | Now_lr 0.0005/0.0005 | Train Loss 0.1352 | Valid Loss 0.4090 | Train Acc 97.5962 | Valid Acc 84.3750
2026-07-10 09:17:22 | TestSub: S10 | Epoch 29/100 Finsh | Now_lr 0.0005/0.0005 | Train Loss 0.1350 | Valid Loss 0.3962 | Train Acc 96.6346 | Valid Acc 84.3750
2026-07-10 09:17:22 | TestSub: S10 | Epoch 30/100 Finsh | Now_lr 0.0005/0.0005 | Train Loss 0.1389 | Valid Loss 0.4012 | Train Acc 96.6346 | Valid Acc 84.3750
2026-07-10 09:17:23 | TestSub: S10 | Epoch 31/100 Finsh | Now_lr 0.0005/0.0005 | Train Loss 0.1320 | Valid Loss 0.4171 | Train Acc 97.3558 | Valid Acc 84.3750
2026-07-10 09:17:23 | TestSub: S10 | Epoch 32/100 Finsh | Now_lr 0.0005/0.0005 | Train Loss 0.1025 | Valid Loss 0.3960 | Train Acc 98.7981 | Valid Acc 84.3750
2026-07-10 09:17:24 | TestSub: S10 | Epoch 33/100 Finsh | Now_lr 0.0005/0.0005 | Train Loss 0.1055 | Valid Loss 0.3837 | Train Acc 98.5577 | Valid Acc 84.3750
2026-07-10 09:17:24 | Validation loss decreased (0.393657 --> 0.383669) in epoch (33). Saving model ...
2026-07-10 09:17:25 | TestSub: S10 | Epoch 34/100 Finsh | Now_lr 0.0005/0.0005 | Train Loss 0.0979 | Valid Loss 0.3986 | Train Acc 99.0385 | Valid Acc 84.3750
2026-07-10 09:17:25 | TestSub: S10 | Epoch 35/100 Finsh | Now_lr 0.0005/0.0005 | Train Loss 0.0963 | Valid Loss 0.4244 | Train Acc 99.2788 | Valid Acc 84.3750
2026-07-10 09:17:25 | TestSub: S10 | Epoch 36/100 Finsh | Now_lr 0.0005/0.0005 | Train Loss 0.0945 | Valid Loss 0.4154 | Train Acc 98.5577 | Valid Acc 84.3750
2026-07-10 09:17:26 | TestSub: S10 | Epoch 37/100 Finsh | Now_lr 0.0005/0.0005 | Train Loss 0.0849 | Valid Loss 0.3957 | Train Acc 99.0385 | Valid Acc 84.3750
2026-07-10 09:17:26 | TestSub: S10 | Epoch 38/100 Finsh | Now_lr 0.0005/0.0005 | Train Loss 0.0834 | Valid Loss 0.3877 | Train Acc 99.2788 | Valid Acc 84.3750
2026-07-10 09:17:27 | TestSub: S10 | Epoch 39/100 Finsh | Now_lr 0.0005/0.0005 | Train Loss 0.0886 | Valid Loss 0.4134 | Train Acc 98.3173 | Valid Acc 84.3750
2026-07-10 09:17:27 | TestSub: S10 | Epoch 40/100 Finsh | Now_lr 0.0005/0.0005 | Train Loss 0.0751 | Valid Loss 0.3858 | Train Acc 98.7981 | Valid Acc 84.3750
2026-07-10 09:17:27 | TestSub: S10 | Epoch 41/100 Finsh | Now_lr 0.0005/0.0005 | Train Loss 0.0852 | Valid Loss 0.4123 | Train Acc 98.7981 | Valid Acc 84.3750
2026-07-10 09:17:28 | TestSub: S10 | Epoch 42/100 Finsh | Now_lr 0.0005/0.0005 | Train Loss 0.0791 | Valid Loss 0.4149 | Train Acc 99.5192 | Valid Acc 84.3750
2026-07-10 09:17:28 | TestSub: S10 | Epoch 43/100 Finsh | Now_lr 0.0005/0.0005 | Train Loss 0.0725 | Valid Loss 0.4092 | Train Acc 99.5192 | Valid Acc 84.3750
2026-07-10 09:17:29 | TestSub: S10 | Epoch 44/100 Finsh | Now_lr 0.0005/0.0005 | Train Loss 0.0697 | Valid Loss 0.4411 | Train Acc 99.5192 | Valid Acc 84.3750
2026-07-10 09:17:29 | TestSub: S10 | Epoch 45/100 Finsh | Now_lr 0.0005/0.0005 | Train Loss 0.0810 | Valid Loss 0.4018 | Train Acc 98.7981 | Valid Acc 84.3750
2026-07-10 09:17:30 | TestSub: S10 | Epoch 46/100 Finsh | Now_lr 0.0005/0.0005 | Train Loss 0.0591 | Valid Loss 0.4146 | Train Acc 99.7596 | Valid Acc 84.3750
2026-07-10 09:17:30 | TestSub: S10 | Epoch 47/100 Finsh | Now_lr 0.0005/0.0005 | Train Loss 0.0623 | Valid Loss 0.4178 | Train Acc 99.0385 | Valid Acc 84.3750
2026-07-10 09:17:31 | TestSub: S10 | Epoch 48/100 Finsh | Now_lr 0.0005/0.0005 | Train Loss 0.0594 | Valid Loss 0.4248 | Train Acc 99.7596 | Valid Acc 84.3750
2026-07-10 09:17:31 | TestSub: S10 | Epoch 49/100 Finsh | Now_lr 0.0005/0.0005 | Train Loss 0.0582 | Valid Loss 0.4239 | Train Acc 99.5192 | Valid Acc 84.3750
2026-07-10 09:17:32 | TestSub: S10 | Epoch 50/100 Finsh | Now_lr 0.0005/0.0005 | Train Loss 0.0593 | Valid Loss 0.4170 | Train Acc 99.5192 | Valid Acc 84.3750
2026-07-10 09:17:32 | TestSub: S10 | Epoch 51/100 Finsh | Now_lr 0.0005/0.0005 | Train Loss 0.0480 | Valid Loss 0.4154 | Train Acc 99.7596 | Valid Acc 81.2500
2026-07-10 09:17:32 | TestSub: S10 | Epoch 52/100 Finsh | Now_lr 0.0005/0.0005 | Train Loss 0.0498 | Valid Loss 0.4262 | Train Acc 99.5192 | Valid Acc 81.2500
2026-07-10 09:17:33 | TestSub: S10 | Epoch 53/100 Finsh | Now_lr 0.0005/0.0005 | Train Loss 0.0593 | Valid Loss 0.4512 | Train Acc 99.5192 | Valid Acc 81.2500
2026-07-10 09:17:33 | TestSub: S10 | Epoch 54/100 Finsh | Now_lr 0.0005/0.0005 | Train Loss 0.0486 | Valid Loss 0.4405 | Train Acc 99.7596 | Valid Acc 81.2500
2026-07-10 09:17:33 | Early stopping at epoch 54!
2026-07-10 09:17:33 | --------------------------------------------------
2026-07-10 09:17:33 | Test_Subject :S10 | Best epoch:33 | Test Loss:0.2599 | Savemodel Acc 81.2500
2026-07-10 09:17:33 | --------------------------------------------------
2026-07-10 09:17:33 | Best epoch: 33 | Test acc: 81.2500
