2026-07-10 09:16:15 | Logging started: ./writer/Subject_dependent_AAD/DTU/5.0s/result//Train5.0s_sub9.log
2026-07-10 09:16:16 | Sub_id: 9
2026-07-10 09:16:18 | TestSub: S9 | Epoch  1/100 Finsh | Now_lr 0.0005/0.0005 | Train Loss 0.7314 | Valid Loss 0.6375 | Train Acc 49.5192 | Valid Acc 75.0000
2026-07-10 09:16:18 | Validation loss decreased (inf --> 0.637528) in epoch (1). Saving model ...
2026-07-10 09:16:18 | TestSub: S9 | Epoch  2/100 Finsh | Now_lr 0.0005/0.0005 | Train Loss 0.7006 | Valid Loss 0.5928 | Train Acc 53.3654 | Valid Acc 75.0000
2026-07-10 09:16:18 | Validation loss decreased (0.637528 --> 0.592781) in epoch (2). Saving model ...
2026-07-10 09:16:18 | TestSub: S9 | Epoch  3/100 Finsh | Now_lr 0.0005/0.0005 | Train Loss 0.6613 | Valid Loss 0.5784 | Train Acc 61.7788 | Valid Acc 75.0000
2026-07-10 09:16:18 | Validation loss decreased (0.592781 --> 0.578368) in epoch (3). Saving model ...
2026-07-10 09:16:19 | TestSub: S9 | Epoch  4/100 Finsh | Now_lr 0.0005/0.0005 | Train Loss 0.6195 | Valid Loss 0.5723 | Train Acc 66.3462 | Valid Acc 75.0000
2026-07-10 09:16:19 | Validation loss decreased (0.578368 --> 0.572256) in epoch (4). Saving model ...
2026-07-10 09:16:19 | TestSub: S9 | Epoch  5/100 Finsh | Now_lr 0.0005/0.0005 | Train Loss 0.6103 | Valid Loss 0.5802 | Train Acc 66.5865 | Valid Acc 75.0000
2026-07-10 09:16:21 | TestSub: S9 | Epoch  6/100 Finsh | Now_lr 0.0005/0.0005 | Train Loss 0.5489 | Valid Loss 0.5981 | Train Acc 74.7596 | Valid Acc 75.0000
2026-07-10 09:16:21 | TestSub: S9 | Epoch  7/100 Finsh | Now_lr 0.0005/0.0005 | Train Loss 0.5191 | Valid Loss 0.6458 | Train Acc 77.4038 | Valid Acc 62.5000
2026-07-10 09:16:22 | TestSub: S9 | Epoch  8/100 Finsh | Now_lr 0.0005/0.0005 | Train Loss 0.4869 | Valid Loss 0.6525 | Train Acc 80.2885 | Valid Acc 59.3750
2026-07-10 09:16:22 | TestSub: S9 | Epoch  9/100 Finsh | Now_lr 0.0005/0.0005 | Train Loss 0.4613 | Valid Loss 0.6151 | Train Acc 81.4904 | Valid Acc 65.6250
2026-07-10 09:16:23 | TestSub: S9 | Epoch 10/100 Finsh | Now_lr 0.0005/0.0005 | Train Loss 0.4167 | Valid Loss 0.5656 | Train Acc 82.6923 | Valid Acc 71.8750
2026-07-10 09:16:23 | Validation loss decreased (0.572256 --> 0.565603) in epoch (10). Saving model ...
2026-07-10 09:16:23 | TestSub: S9 | Epoch 11/100 Finsh | Now_lr 0.0005/0.0005 | Train Loss 0.3708 | Valid Loss 0.5746 | Train Acc 86.7788 | Valid Acc 71.8750
2026-07-10 09:16:23 | TestSub: S9 | Epoch 12/100 Finsh | Now_lr 0.0005/0.0005 | Train Loss 0.3554 | Valid Loss 0.5409 | Train Acc 86.2981 | Valid Acc 75.0000
2026-07-10 09:16:23 | Validation loss decreased (0.565603 --> 0.540889) in epoch (12). Saving model ...
2026-07-10 09:16:24 | TestSub: S9 | Epoch 13/100 Finsh | Now_lr 0.0005/0.0005 | Train Loss 0.3099 | Valid Loss 0.5625 | Train Acc 88.9423 | Valid Acc 75.0000
2026-07-10 09:16:25 | TestSub: S9 | Epoch 14/100 Finsh | Now_lr 0.0005/0.0005 | Train Loss 0.2965 | Valid Loss 0.6166 | Train Acc 88.9423 | Valid Acc 62.5000
2026-07-10 09:16:25 | TestSub: S9 | Epoch 15/100 Finsh | Now_lr 0.0005/0.0005 | Train Loss 0.2941 | Valid Loss 0.4760 | Train Acc 88.2212 | Valid Acc 75.0000
2026-07-10 09:16:25 | Validation loss decreased (0.540889 --> 0.476014) in epoch (15). Saving model ...
2026-07-10 09:16:26 | TestSub: S9 | Epoch 16/100 Finsh | Now_lr 0.0005/0.0005 | Train Loss 0.2468 | Valid Loss 0.4618 | Train Acc 92.0673 | Valid Acc 78.1250
2026-07-10 09:16:26 | Validation loss decreased (0.476014 --> 0.461835) in epoch (16). Saving model ...
2026-07-10 09:16:26 | TestSub: S9 | Epoch 17/100 Finsh | Now_lr 0.0005/0.0005 | Train Loss 0.2388 | Valid Loss 0.4421 | Train Acc 93.0288 | Valid Acc 75.0000
2026-07-10 09:16:26 | Validation loss decreased (0.461835 --> 0.442118) in epoch (17). Saving model ...
2026-07-10 09:16:27 | TestSub: S9 | Epoch 18/100 Finsh | Now_lr 0.0005/0.0005 | Train Loss 0.2226 | Valid Loss 0.4599 | Train Acc 94.7115 | Valid Acc 81.2500
2026-07-10 09:16:27 | TestSub: S9 | Epoch 19/100 Finsh | Now_lr 0.0005/0.0005 | Train Loss 0.2097 | Valid Loss 0.4177 | Train Acc 93.7500 | Valid Acc 75.0000
2026-07-10 09:16:27 | Validation loss decreased (0.442118 --> 0.417728) in epoch (19). Saving model ...
2026-07-10 09:16:28 | TestSub: S9 | Epoch 20/100 Finsh | Now_lr 0.0005/0.0005 | Train Loss 0.2114 | Valid Loss 0.4321 | Train Acc 93.7500 | Valid Acc 81.2500
2026-07-10 09:16:28 | TestSub: S9 | Epoch 21/100 Finsh | Now_lr 0.0005/0.0005 | Train Loss 0.1745 | Valid Loss 0.4116 | Train Acc 96.1538 | Valid Acc 81.2500
2026-07-10 09:16:28 | Validation loss decreased (0.417728 --> 0.411645) in epoch (21). Saving model ...
2026-07-10 09:16:28 | TestSub: S9 | Epoch 22/100 Finsh | Now_lr 0.0005/0.0005 | Train Loss 0.1620 | Valid Loss 0.3965 | Train Acc 96.3942 | Valid Acc 81.2500
2026-07-10 09:16:28 | Validation loss decreased (0.411645 --> 0.396504) in epoch (22). Saving model ...
2026-07-10 09:16:29 | TestSub: S9 | Epoch 23/100 Finsh | Now_lr 0.0005/0.0005 | Train Loss 0.1435 | Valid Loss 0.3923 | Train Acc 97.1154 | Valid Acc 81.2500
2026-07-10 09:16:29 | Validation loss decreased (0.396504 --> 0.392315) in epoch (23). Saving model ...
2026-07-10 09:16:29 | TestSub: S9 | Epoch 24/100 Finsh | Now_lr 0.0005/0.0005 | Train Loss 0.1372 | Valid Loss 0.4316 | Train Acc 97.1154 | Valid Acc 78.1250
2026-07-10 09:16:30 | TestSub: S9 | Epoch 25/100 Finsh | Now_lr 0.0005/0.0005 | Train Loss 0.1380 | Valid Loss 0.3923 | Train Acc 96.8750 | Valid Acc 78.1250
2026-07-10 09:16:30 | TestSub: S9 | Epoch 26/100 Finsh | Now_lr 0.0005/0.0005 | Train Loss 0.1363 | Valid Loss 0.3869 | Train Acc 96.8750 | Valid Acc 81.2500
2026-07-10 09:16:30 | Validation loss decreased (0.392315 --> 0.386872) in epoch (26). Saving model ...
2026-07-10 09:16:31 | TestSub: S9 | Epoch 27/100 Finsh | Now_lr 0.0005/0.0005 | Train Loss 0.1294 | Valid Loss 0.3462 | Train Acc 97.3558 | Valid Acc 84.3750
2026-07-10 09:16:31 | Validation loss decreased (0.386872 --> 0.346168) in epoch (27). Saving model ...
2026-07-10 09:16:31 | TestSub: S9 | Epoch 28/100 Finsh | Now_lr 0.0005/0.0005 | Train Loss 0.1171 | Valid Loss 0.3793 | Train Acc 97.3558 | Valid Acc 81.2500
2026-07-10 09:16:32 | TestSub: S9 | Epoch 29/100 Finsh | Now_lr 0.0005/0.0005 | Train Loss 0.1033 | Valid Loss 0.3531 | Train Acc 98.3173 | Valid Acc 81.2500
2026-07-10 09:16:32 | TestSub: S9 | Epoch 30/100 Finsh | Now_lr 0.0005/0.0005 | Train Loss 0.0980 | Valid Loss 0.3703 | Train Acc 99.0385 | Valid Acc 81.2500
2026-07-10 09:16:32 | TestSub: S9 | Epoch 31/100 Finsh | Now_lr 0.0005/0.0005 | Train Loss 0.0958 | Valid Loss 0.4020 | Train Acc 99.0385 | Valid Acc 75.0000
2026-07-10 09:16:33 | TestSub: S9 | Epoch 32/100 Finsh | Now_lr 0.0005/0.0005 | Train Loss 0.0811 | Valid Loss 0.3132 | Train Acc 99.7596 | Valid Acc 84.3750
2026-07-10 09:16:33 | Validation loss decreased (0.346168 --> 0.313167) in epoch (32). Saving model ...
2026-07-10 09:16:33 | TestSub: S9 | Epoch 33/100 Finsh | Now_lr 0.0005/0.0005 | Train Loss 0.0866 | Valid Loss 0.3536 | Train Acc 98.7981 | Valid Acc 81.2500
2026-07-10 09:16:34 | TestSub: S9 | Epoch 34/100 Finsh | Now_lr 0.0005/0.0005 | Train Loss 0.0930 | Valid Loss 0.2711 | Train Acc 98.3173 | Valid Acc 84.3750
2026-07-10 09:16:34 | Validation loss decreased (0.313167 --> 0.271127) in epoch (34). Saving model ...
2026-07-10 09:16:34 | TestSub: S9 | Epoch 35/100 Finsh | Now_lr 0.0005/0.0005 | Train Loss 0.0697 | Valid Loss 0.3086 | Train Acc 98.7981 | Valid Acc 84.3750
2026-07-10 09:16:35 | TestSub: S9 | Epoch 36/100 Finsh | Now_lr 0.0005/0.0005 | Train Loss 0.0867 | Valid Loss 0.2736 | Train Acc 98.5577 | Valid Acc 84.3750
2026-07-10 09:16:35 | TestSub: S9 | Epoch 37/100 Finsh | Now_lr 0.0005/0.0005 | Train Loss 0.0756 | Valid Loss 0.2630 | Train Acc 99.0385 | Valid Acc 87.5000
2026-07-10 09:16:35 | Validation loss decreased (0.271127 --> 0.262987) in epoch (37). Saving model ...
2026-07-10 09:16:36 | TestSub: S9 | Epoch 38/100 Finsh | Now_lr 0.0005/0.0005 | Train Loss 0.0854 | Valid Loss 0.2988 | Train Acc 98.3173 | Valid Acc 84.3750
2026-07-10 09:16:36 | TestSub: S9 | Epoch 39/100 Finsh | Now_lr 0.0005/0.0005 | Train Loss 0.0646 | Valid Loss 0.3222 | Train Acc 99.5192 | Valid Acc 81.2500
2026-07-10 09:16:36 | TestSub: S9 | Epoch 40/100 Finsh | Now_lr 0.0005/0.0005 | Train Loss 0.0695 | Valid Loss 0.2721 | Train Acc 99.5192 | Valid Acc 87.5000
2026-07-10 09:16:37 | TestSub: S9 | Epoch 41/100 Finsh | Now_lr 0.0005/0.0005 | Train Loss 0.0585 | Valid Loss 0.2819 | Train Acc 99.7596 | Valid Acc 90.6250
2026-07-10 09:16:37 | TestSub: S9 | Epoch 42/100 Finsh | Now_lr 0.0005/0.0005 | Train Loss 0.0651 | Valid Loss 0.2551 | Train Acc 99.5192 | Valid Acc 87.5000
2026-07-10 09:16:37 | Validation loss decreased (0.262987 --> 0.255077) in epoch (42). Saving model ...
2026-07-10 09:16:38 | TestSub: S9 | Epoch 43/100 Finsh | Now_lr 0.0005/0.0005 | Train Loss 0.0483 | Valid Loss 0.2715 | Train Acc 99.7596 | Valid Acc 90.6250
2026-07-10 09:16:39 | TestSub: S9 | Epoch 44/100 Finsh | Now_lr 0.0005/0.0005 | Train Loss 0.0577 | Valid Loss 0.2577 | Train Acc 99.0385 | Valid Acc 90.6250
2026-07-10 09:16:39 | TestSub: S9 | Epoch 45/100 Finsh | Now_lr 0.0005/0.0005 | Train Loss 0.0547 | Valid Loss 0.3059 | Train Acc 99.7596 | Valid Acc 87.5000
2026-07-10 09:16:40 | TestSub: S9 | Epoch 46/100 Finsh | Now_lr 0.0005/0.0005 | Train Loss 0.0450 | Valid Loss 0.2530 | Train Acc 100.0000 | Valid Acc 90.6250
2026-07-10 09:16:40 | Validation loss decreased (0.255077 --> 0.253031) in epoch (46). Saving model ...
2026-07-10 09:16:40 | TestSub: S9 | Epoch 47/100 Finsh | Now_lr 0.0005/0.0005 | Train Loss 0.0464 | Valid Loss 0.2343 | Train Acc 99.7596 | Valid Acc 87.5000
2026-07-10 09:16:40 | Validation loss decreased (0.253031 --> 0.234326) in epoch (47). Saving model ...
2026-07-10 09:16:41 | TestSub: S9 | Epoch 48/100 Finsh | Now_lr 0.0005/0.0005 | Train Loss 0.0437 | Valid Loss 0.2300 | Train Acc 100.0000 | Valid Acc 90.6250
2026-07-10 09:16:41 | Validation loss decreased (0.234326 --> 0.230048) in epoch (48). Saving model ...
2026-07-10 09:16:41 | TestSub: S9 | Epoch 49/100 Finsh | Now_lr 0.0005/0.0005 | Train Loss 0.0443 | Valid Loss 0.2319 | Train Acc 99.7596 | Valid Acc 84.3750
2026-07-10 09:16:42 | TestSub: S9 | Epoch 50/100 Finsh | Now_lr 0.0005/0.0005 | Train Loss 0.0480 | Valid Loss 0.2254 | Train Acc 99.5192 | Valid Acc 90.6250
2026-07-10 09:16:42 | Validation loss decreased (0.230048 --> 0.225435) in epoch (50). Saving model ...
2026-07-10 09:16:42 | TestSub: S9 | Epoch 51/100 Finsh | Now_lr 0.0005/0.0005 | Train Loss 0.0590 | Valid Loss 0.2354 | Train Acc 99.0385 | Valid Acc 90.6250
2026-07-10 09:16:43 | TestSub: S9 | Epoch 52/100 Finsh | Now_lr 0.0005/0.0005 | Train Loss 0.0414 | Valid Loss 0.2253 | Train Acc 100.0000 | Valid Acc 90.6250
2026-07-10 09:16:43 | Validation loss decreased (0.225435 --> 0.225337) in epoch (52). Saving model ...
2026-07-10 09:16:43 | TestSub: S9 | Epoch 53/100 Finsh | Now_lr 0.0005/0.0005 | Train Loss 0.0373 | Valid Loss 0.2399 | Train Acc 100.0000 | Valid Acc 90.6250
2026-07-10 09:16:43 | TestSub: S9 | Epoch 54/100 Finsh | Now_lr 0.0005/0.0005 | Train Loss 0.0318 | Valid Loss 0.2602 | Train Acc 100.0000 | Valid Acc 90.6250
2026-07-10 09:16:44 | TestSub: S9 | Epoch 55/100 Finsh | Now_lr 0.0005/0.0005 | Train Loss 0.0389 | Valid Loss 0.2180 | Train Acc 100.0000 | Valid Acc 90.6250
2026-07-10 09:16:44 | Validation loss decreased (0.225337 --> 0.218003) in epoch (55). Saving model ...
2026-07-10 09:16:44 | TestSub: S9 | Epoch 56/100 Finsh | Now_lr 0.0005/0.0005 | Train Loss 0.0345 | Valid Loss 0.2196 | Train Acc 100.0000 | Valid Acc 87.5000
2026-07-10 09:16:45 | TestSub: S9 | Epoch 57/100 Finsh | Now_lr 0.0005/0.0005 | Train Loss 0.0331 | Valid Loss 0.2229 | Train Acc 99.7596 | Valid Acc 90.6250
2026-07-10 09:16:45 | TestSub: S9 | Epoch 58/100 Finsh | Now_lr 0.0005/0.0005 | Train Loss 0.0342 | Valid Loss 0.2343 | Train Acc 99.7596 | Valid Acc 90.6250
2026-07-10 09:16:46 | TestSub: S9 | Epoch 59/100 Finsh | Now_lr 0.0005/0.0005 | Train Loss 0.0381 | Valid Loss 0.2258 | Train Acc 99.7596 | Valid Acc 87.5000
2026-07-10 09:16:46 | TestSub: S9 | Epoch 60/100 Finsh | Now_lr 0.0005/0.0005 | Train Loss 0.0331 | Valid Loss 0.2368 | Train Acc 100.0000 | Valid Acc 90.6250
2026-07-10 09:16:47 | TestSub: S9 | Epoch 61/100 Finsh | Now_lr 0.0005/0.0005 | Train Loss 0.0352 | Valid Loss 0.2262 | Train Acc 99.7596 | Valid Acc 90.6250
2026-07-10 09:16:47 | TestSub: S9 | Epoch 62/100 Finsh | Now_lr 0.0005/0.0005 | Train Loss 0.0381 | Valid Loss 0.2134 | Train Acc 99.7596 | Valid Acc 93.7500
2026-07-10 09:16:47 | Validation loss decreased (0.218003 --> 0.213361) in epoch (62). Saving model ...
2026-07-10 09:16:47 | TestSub: S9 | Epoch 63/100 Finsh | Now_lr 0.0005/0.0005 | Train Loss 0.0293 | Valid Loss 0.2395 | Train Acc 100.0000 | Valid Acc 90.6250
2026-07-10 09:16:48 | TestSub: S9 | Epoch 64/100 Finsh | Now_lr 0.0005/0.0005 | Train Loss 0.0324 | Valid Loss 0.2267 | Train Acc 99.7596 | Valid Acc 90.6250
2026-07-10 09:16:48 | TestSub: S9 | Epoch 65/100 Finsh | Now_lr 0.0005/0.0005 | Train Loss 0.0246 | Valid Loss 0.2219 | Train Acc 100.0000 | Valid Acc 93.7500
2026-07-10 09:16:49 | TestSub: S9 | Epoch 66/100 Finsh | Now_lr 0.0005/0.0005 | Train Loss 0.0272 | Valid Loss 0.2199 | Train Acc 100.0000 | Valid Acc 90.6250
2026-07-10 09:16:49 | TestSub: S9 | Epoch 67/100 Finsh | Now_lr 0.0005/0.0005 | Train Loss 0.0231 | Valid Loss 0.2262 | Train Acc 100.0000 | Valid Acc 90.6250
2026-07-10 09:16:50 | TestSub: S9 | Epoch 68/100 Finsh | Now_lr 0.0005/0.0005 | Train Loss 0.0297 | Valid Loss 0.2136 | Train Acc 99.5192 | Valid Acc 90.6250
2026-07-10 09:16:50 | TestSub: S9 | Epoch 69/100 Finsh | Now_lr 0.0005/0.0005 | Train Loss 0.0341 | Valid Loss 0.2036 | Train Acc 99.7596 | Valid Acc 90.6250
2026-07-10 09:16:50 | Validation loss decreased (0.213361 --> 0.203604) in epoch (69). Saving model ...
2026-07-10 09:16:50 | TestSub: S9 | Epoch 70/100 Finsh | Now_lr 0.0005/0.0005 | Train Loss 0.0240 | Valid Loss 0.2045 | Train Acc 100.0000 | Valid Acc 90.6250
2026-07-10 09:16:51 | TestSub: S9 | Epoch 71/100 Finsh | Now_lr 0.0005/0.0005 | Train Loss 0.0319 | Valid Loss 0.2108 | Train Acc 99.7596 | Valid Acc 90.6250
2026-07-10 09:16:51 | TestSub: S9 | Epoch 72/100 Finsh | Now_lr 0.0005/0.0005 | Train Loss 0.0226 | Valid Loss 0.1937 | Train Acc 100.0000 | Valid Acc 93.7500
2026-07-10 09:16:51 | Validation loss decreased (0.203604 --> 0.193750) in epoch (72). Saving model ...
2026-07-10 09:16:52 | TestSub: S9 | Epoch 73/100 Finsh | Now_lr 0.0005/0.0005 | Train Loss 0.0237 | Valid Loss 0.1947 | Train Acc 100.0000 | Valid Acc 90.6250
2026-07-10 09:16:52 | TestSub: S9 | Epoch 74/100 Finsh | Now_lr 0.0005/0.0005 | Train Loss 0.0296 | Valid Loss 0.1837 | Train Acc 100.0000 | Valid Acc 93.7500
2026-07-10 09:16:52 | Validation loss decreased (0.193750 --> 0.183739) in epoch (74). Saving model ...
2026-07-10 09:16:53 | TestSub: S9 | Epoch 75/100 Finsh | Now_lr 0.0005/0.0005 | Train Loss 0.0261 | Valid Loss 0.1839 | Train Acc 99.5192 | Valid Acc 93.7500
2026-07-10 09:16:53 | TestSub: S9 | Epoch 76/100 Finsh | Now_lr 0.0005/0.0005 | Train Loss 0.0172 | Valid Loss 0.1792 | Train Acc 100.0000 | Valid Acc 90.6250
2026-07-10 09:16:53 | Validation loss decreased (0.183739 --> 0.179176) in epoch (76). Saving model ...
2026-07-10 09:16:54 | TestSub: S9 | Epoch 77/100 Finsh | Now_lr 0.0005/0.0005 | Train Loss 0.0212 | Valid Loss 0.1886 | Train Acc 100.0000 | Valid Acc 90.6250
2026-07-10 09:16:54 | TestSub: S9 | Epoch 78/100 Finsh | Now_lr 0.0005/0.0005 | Train Loss 0.0187 | Valid Loss 0.1848 | Train Acc 99.7596 | Valid Acc 90.6250
2026-07-10 09:16:55 | TestSub: S9 | Epoch 79/100 Finsh | Now_lr 0.0005/0.0005 | Train Loss 0.0238 | Valid Loss 0.1679 | Train Acc 99.7596 | Valid Acc 96.8750
2026-07-10 09:16:55 | Validation loss decreased (0.179176 --> 0.167945) in epoch (79). Saving model ...
2026-07-10 09:16:56 | TestSub: S9 | Epoch 80/100 Finsh | Now_lr 0.0005/0.0005 | Train Loss 0.0230 | Valid Loss 0.1623 | Train Acc 100.0000 | Valid Acc 93.7500
2026-07-10 09:16:56 | Validation loss decreased (0.167945 --> 0.162346) in epoch (80). Saving model ...
2026-07-10 09:16:56 | TestSub: S9 | Epoch 81/100 Finsh | Now_lr 0.0005/0.0005 | Train Loss 0.0183 | Valid Loss 0.1649 | Train Acc 100.0000 | Valid Acc 90.6250
2026-07-10 09:16:57 | TestSub: S9 | Epoch 82/100 Finsh | Now_lr 0.0005/0.0005 | Train Loss 0.0217 | Valid Loss 0.1624 | Train Acc 99.7596 | Valid Acc 96.8750
2026-07-10 09:16:57 | TestSub: S9 | Epoch 83/100 Finsh | Now_lr 0.0005/0.0005 | Train Loss 0.0187 | Valid Loss 0.1666 | Train Acc 100.0000 | Valid Acc 93.7500
2026-07-10 09:16:58 | TestSub: S9 | Epoch 84/100 Finsh | Now_lr 0.0005/0.0005 | Train Loss 0.0201 | Valid Loss 0.1648 | Train Acc 100.0000 | Valid Acc 90.6250
2026-07-10 09:16:58 | TestSub: S9 | Epoch 85/100 Finsh | Now_lr 0.0005/0.0005 | Train Loss 0.0231 | Valid Loss 0.1705 | Train Acc 99.7596 | Valid Acc 93.7500
2026-07-10 09:16:58 | TestSub: S9 | Epoch 86/100 Finsh | Now_lr 0.0005/0.0005 | Train Loss 0.0149 | Valid Loss 0.1650 | Train Acc 100.0000 | Valid Acc 90.6250
2026-07-10 09:16:59 | TestSub: S9 | Epoch 87/100 Finsh | Now_lr 0.0005/0.0005 | Train Loss 0.0237 | Valid Loss 0.1670 | Train Acc 99.7596 | Valid Acc 90.6250
2026-07-10 09:16:59 | TestSub: S9 | Epoch 88/100 Finsh | Now_lr 0.0005/0.0005 | Train Loss 0.0162 | Valid Loss 0.1713 | Train Acc 100.0000 | Valid Acc 93.7500
2026-07-10 09:17:00 | TestSub: S9 | Epoch 89/100 Finsh | Now_lr 0.0005/0.0005 | Train Loss 0.0204 | Valid Loss 0.1809 | Train Acc 100.0000 | Valid Acc 93.7500
2026-07-10 09:17:01 | TestSub: S9 | Epoch 90/100 Finsh | Now_lr 0.0005/0.0005 | Train Loss 0.0155 | Valid Loss 0.1870 | Train Acc 100.0000 | Valid Acc 90.6250
2026-07-10 09:17:02 | TestSub: S9 | Epoch 91/100 Finsh | Now_lr 0.0005/0.0005 | Train Loss 0.0141 | Valid Loss 0.1899 | Train Acc 100.0000 | Valid Acc 96.8750
2026-07-10 09:17:02 | TestSub: S9 | Epoch 92/100 Finsh | Now_lr 0.0005/0.0005 | Train Loss 0.0186 | Valid Loss 0.1856 | Train Acc 100.0000 | Valid Acc 93.7500
2026-07-10 09:17:03 | TestSub: S9 | Epoch 93/100 Finsh | Now_lr 0.0005/0.0005 | Train Loss 0.0217 | Valid Loss 0.2040 | Train Acc 99.5192 | Valid Acc 87.5000
2026-07-10 09:17:03 | TestSub: S9 | Epoch 94/100 Finsh | Now_lr 0.0005/0.0005 | Train Loss 0.0276 | Valid Loss 0.1854 | Train Acc 99.7596 | Valid Acc 90.6250
2026-07-10 09:17:03 | TestSub: S9 | Epoch 95/100 Finsh | Now_lr 0.0005/0.0005 | Train Loss 0.0137 | Valid Loss 0.1912 | Train Acc 100.0000 | Valid Acc 90.6250
2026-07-10 09:17:04 | TestSub: S9 | Epoch 96/100 Finsh | Now_lr 0.0005/0.0005 | Train Loss 0.0167 | Valid Loss 0.1933 | Train Acc 100.0000 | Valid Acc 90.6250
2026-07-10 09:17:04 | TestSub: S9 | Epoch 97/100 Finsh | Now_lr 0.0005/0.0005 | Train Loss 0.0211 | Valid Loss 0.1904 | Train Acc 99.7596 | Valid Acc 90.6250
2026-07-10 09:17:05 | TestSub: S9 | Epoch 98/100 Finsh | Now_lr 0.0005/0.0005 | Train Loss 0.0173 | Valid Loss 0.1882 | Train Acc 100.0000 | Valid Acc 93.7500
2026-07-10 09:17:05 | TestSub: S9 | Epoch 99/100 Finsh | Now_lr 0.0005/0.0005 | Train Loss 0.0127 | Valid Loss 0.1835 | Train Acc 100.0000 | Valid Acc 93.7500
2026-07-10 09:17:06 | TestSub: S9 | Epoch 100/100 Finsh | Now_lr 0.0005/0.0005 | Train Loss 0.0165 | Valid Loss 0.1864 | Train Acc 100.0000 | Valid Acc 90.6250
2026-07-10 09:17:06 | --------------------------------------------------
2026-07-10 09:17:06 | Test_Subject :S9 | Best epoch:80 | Test Loss:0.2966 | Savemodel Acc 87.5000
2026-07-10 09:17:06 | --------------------------------------------------
2026-07-10 09:17:06 | Best epoch: 80 | Test acc: 87.5000
