2026-07-10 09:10:31 | Logging started: ./writer/Subject_dependent_AAD/DTU/5.0s/result//Train5.0s_sub1.log
2026-07-10 09:10:31 | Sub_id: 1
2026-07-10 09:10:39 | TestSub: S1 | Epoch  1/100 Finsh | Now_lr 0.0005/0.0005 | Train Loss 0.7024 | Valid Loss 0.7184 | Train Acc 56.0096 | Valid Acc 46.8750
2026-07-10 09:10:39 | Validation loss decreased (inf --> 0.718413) in epoch (1). Saving model ...
2026-07-10 09:10:40 | TestSub: S1 | Epoch  2/100 Finsh | Now_lr 0.0005/0.0005 | Train Loss 0.6359 | Valid Loss 0.8187 | Train Acc 63.2212 | Valid Acc 46.8750
2026-07-10 09:10:40 | TestSub: S1 | Epoch  3/100 Finsh | Now_lr 0.0005/0.0005 | Train Loss 0.6032 | Valid Loss 0.9682 | Train Acc 66.5865 | Valid Acc 46.8750
2026-07-10 09:10:40 | TestSub: S1 | Epoch  4/100 Finsh | Now_lr 0.0005/0.0005 | Train Loss 0.5585 | Valid Loss 1.0033 | Train Acc 71.1538 | Valid Acc 46.8750
2026-07-10 09:10:41 | TestSub: S1 | Epoch  5/100 Finsh | Now_lr 0.0005/0.0005 | Train Loss 0.5277 | Valid Loss 0.8341 | Train Acc 75.2404 | Valid Acc 46.8750
2026-07-10 09:10:41 | TestSub: S1 | Epoch  6/100 Finsh | Now_lr 0.0005/0.0005 | Train Loss 0.5273 | Valid Loss 0.6308 | Train Acc 74.0385 | Valid Acc 50.0000
2026-07-10 09:10:41 | Validation loss decreased (0.718413 --> 0.630848) in epoch (6). Saving model ...
2026-07-10 09:10:42 | TestSub: S1 | Epoch  7/100 Finsh | Now_lr 0.0005/0.0005 | Train Loss 0.4876 | Valid Loss 0.5370 | Train Acc 76.9231 | Valid Acc 81.2500
2026-07-10 09:10:42 | Validation loss decreased (0.630848 --> 0.536975) in epoch (7). Saving model ...
2026-07-10 09:10:42 | TestSub: S1 | Epoch  8/100 Finsh | Now_lr 0.0005/0.0005 | Train Loss 0.4410 | Valid Loss 0.5095 | Train Acc 80.2885 | Valid Acc 84.3750
2026-07-10 09:10:42 | Validation loss decreased (0.536975 --> 0.509491) in epoch (8). Saving model ...
2026-07-10 09:10:43 | TestSub: S1 | Epoch  9/100 Finsh | Now_lr 0.0005/0.0005 | Train Loss 0.4147 | Valid Loss 0.4835 | Train Acc 83.1731 | Valid Acc 87.5000
2026-07-10 09:10:43 | Validation loss decreased (0.509491 --> 0.483458) in epoch (9). Saving model ...
2026-07-10 09:10:43 | TestSub: S1 | Epoch 10/100 Finsh | Now_lr 0.0005/0.0005 | Train Loss 0.4006 | Valid Loss 0.4612 | Train Acc 82.2115 | Valid Acc 87.5000
2026-07-10 09:10:43 | Validation loss decreased (0.483458 --> 0.461246) in epoch (10). Saving model ...
2026-07-10 09:10:44 | TestSub: S1 | Epoch 11/100 Finsh | Now_lr 0.0005/0.0005 | Train Loss 0.3543 | Valid Loss 0.4421 | Train Acc 87.0192 | Valid Acc 87.5000
2026-07-10 09:10:44 | Validation loss decreased (0.461246 --> 0.442050) in epoch (11). Saving model ...
2026-07-10 09:10:44 | TestSub: S1 | Epoch 12/100 Finsh | Now_lr 0.0005/0.0005 | Train Loss 0.3217 | Valid Loss 0.4282 | Train Acc 88.7019 | Valid Acc 87.5000
2026-07-10 09:10:44 | Validation loss decreased (0.442050 --> 0.428158) in epoch (12). Saving model ...
2026-07-10 09:10:45 | TestSub: S1 | Epoch 13/100 Finsh | Now_lr 0.0005/0.0005 | Train Loss 0.2747 | Valid Loss 0.4176 | Train Acc 92.3077 | Valid Acc 87.5000
2026-07-10 09:10:45 | Validation loss decreased (0.428158 --> 0.417616) in epoch (13). Saving model ...
2026-07-10 09:10:46 | TestSub: S1 | Epoch 14/100 Finsh | Now_lr 0.0005/0.0005 | Train Loss 0.2714 | Valid Loss 0.4051 | Train Acc 91.1058 | Valid Acc 87.5000
2026-07-10 09:10:46 | Validation loss decreased (0.417616 --> 0.405079) in epoch (14). Saving model ...
2026-07-10 09:10:46 | TestSub: S1 | Epoch 15/100 Finsh | Now_lr 0.0005/0.0005 | Train Loss 0.2256 | Valid Loss 0.3940 | Train Acc 93.9904 | Valid Acc 87.5000
2026-07-10 09:10:46 | Validation loss decreased (0.405079 --> 0.393989) in epoch (15). Saving model ...
2026-07-10 09:10:47 | TestSub: S1 | Epoch 16/100 Finsh | Now_lr 0.0005/0.0005 | Train Loss 0.2118 | Valid Loss 0.3732 | Train Acc 94.7115 | Valid Acc 87.5000
2026-07-10 09:10:47 | Validation loss decreased (0.393989 --> 0.373222) in epoch (16). Saving model ...
2026-07-10 09:10:47 | TestSub: S1 | Epoch 17/100 Finsh | Now_lr 0.0005/0.0005 | Train Loss 0.1769 | Valid Loss 0.3568 | Train Acc 97.3558 | Valid Acc 87.5000
2026-07-10 09:10:47 | Validation loss decreased (0.373222 --> 0.356787) in epoch (17). Saving model ...
2026-07-10 09:10:48 | TestSub: S1 | Epoch 18/100 Finsh | Now_lr 0.0005/0.0005 | Train Loss 0.1923 | Valid Loss 0.3527 | Train Acc 94.2308 | Valid Acc 87.5000
2026-07-10 09:10:48 | Validation loss decreased (0.356787 --> 0.352682) in epoch (18). Saving model ...
2026-07-10 09:10:49 | TestSub: S1 | Epoch 19/100 Finsh | Now_lr 0.0005/0.0005 | Train Loss 0.1636 | Valid Loss 0.3423 | Train Acc 96.3942 | Valid Acc 87.5000
2026-07-10 09:10:49 | Validation loss decreased (0.352682 --> 0.342348) in epoch (19). Saving model ...
2026-07-10 09:10:49 | TestSub: S1 | Epoch 20/100 Finsh | Now_lr 0.0005/0.0005 | Train Loss 0.1386 | Valid Loss 0.3435 | Train Acc 97.8365 | Valid Acc 87.5000
2026-07-10 09:10:50 | TestSub: S1 | Epoch 21/100 Finsh | Now_lr 0.0005/0.0005 | Train Loss 0.1276 | Valid Loss 0.3289 | Train Acc 97.5962 | Valid Acc 87.5000
2026-07-10 09:10:50 | Validation loss decreased (0.342348 --> 0.328936) in epoch (21). Saving model ...
2026-07-10 09:10:50 | TestSub: S1 | Epoch 22/100 Finsh | Now_lr 0.0005/0.0005 | Train Loss 0.1185 | Valid Loss 0.3343 | Train Acc 98.3173 | Valid Acc 87.5000
2026-07-10 09:10:51 | TestSub: S1 | Epoch 23/100 Finsh | Now_lr 0.0005/0.0005 | Train Loss 0.1164 | Valid Loss 0.3214 | Train Acc 97.3558 | Valid Acc 87.5000
2026-07-10 09:10:51 | Validation loss decreased (0.328936 --> 0.321392) in epoch (23). Saving model ...
2026-07-10 09:10:51 | TestSub: S1 | Epoch 24/100 Finsh | Now_lr 0.0005/0.0005 | Train Loss 0.1006 | Valid Loss 0.3103 | Train Acc 98.7981 | Valid Acc 87.5000
2026-07-10 09:10:51 | Validation loss decreased (0.321392 --> 0.310322) in epoch (24). Saving model ...
2026-07-10 09:10:52 | TestSub: S1 | Epoch 25/100 Finsh | Now_lr 0.0005/0.0005 | Train Loss 0.1005 | Valid Loss 0.2880 | Train Acc 98.3173 | Valid Acc 90.6250
2026-07-10 09:10:52 | Validation loss decreased (0.310322 --> 0.287951) in epoch (25). Saving model ...
2026-07-10 09:10:52 | TestSub: S1 | Epoch 26/100 Finsh | Now_lr 0.0005/0.0005 | Train Loss 0.1037 | Valid Loss 0.2932 | Train Acc 98.0769 | Valid Acc 90.6250
2026-07-10 09:10:52 | TestSub: S1 | Epoch 27/100 Finsh | Now_lr 0.0005/0.0005 | Train Loss 0.0745 | Valid Loss 0.3075 | Train Acc 99.5192 | Valid Acc 87.5000
2026-07-10 09:10:53 | TestSub: S1 | Epoch 28/100 Finsh | Now_lr 0.0005/0.0005 | Train Loss 0.0664 | Valid Loss 0.2828 | Train Acc 99.7596 | Valid Acc 90.6250
2026-07-10 09:10:53 | Validation loss decreased (0.287951 --> 0.282817) in epoch (28). Saving model ...
2026-07-10 09:10:53 | TestSub: S1 | Epoch 29/100 Finsh | Now_lr 0.0005/0.0005 | Train Loss 0.0861 | Valid Loss 0.2762 | Train Acc 98.5577 | Valid Acc 90.6250
2026-07-10 09:10:53 | Validation loss decreased (0.282817 --> 0.276234) in epoch (29). Saving model ...
2026-07-10 09:10:54 | TestSub: S1 | Epoch 30/100 Finsh | Now_lr 0.0005/0.0005 | Train Loss 0.0796 | Valid Loss 0.2836 | Train Acc 98.7981 | Valid Acc 90.6250
2026-07-10 09:10:54 | TestSub: S1 | Epoch 31/100 Finsh | Now_lr 0.0005/0.0005 | Train Loss 0.0689 | Valid Loss 0.2681 | Train Acc 99.0385 | Valid Acc 90.6250
2026-07-10 09:10:54 | Validation loss decreased (0.276234 --> 0.268110) in epoch (31). Saving model ...
2026-07-10 09:10:55 | TestSub: S1 | Epoch 32/100 Finsh | Now_lr 0.0005/0.0005 | Train Loss 0.0646 | Valid Loss 0.2470 | Train Acc 99.0385 | Valid Acc 90.6250
2026-07-10 09:10:55 | Validation loss decreased (0.268110 --> 0.247034) in epoch (32). Saving model ...
2026-07-10 09:10:55 | TestSub: S1 | Epoch 33/100 Finsh | Now_lr 0.0005/0.0005 | Train Loss 0.0550 | Valid Loss 0.2592 | Train Acc 100.0000 | Valid Acc 90.6250
2026-07-10 09:10:56 | TestSub: S1 | Epoch 34/100 Finsh | Now_lr 0.0005/0.0005 | Train Loss 0.0578 | Valid Loss 0.2444 | Train Acc 99.2788 | Valid Acc 90.6250
2026-07-10 09:10:56 | Validation loss decreased (0.247034 --> 0.244377) in epoch (34). Saving model ...
2026-07-10 09:10:56 | TestSub: S1 | Epoch 35/100 Finsh | Now_lr 0.0005/0.0005 | Train Loss 0.0565 | Valid Loss 0.2642 | Train Acc 99.7596 | Valid Acc 90.6250
2026-07-10 09:10:57 | TestSub: S1 | Epoch 36/100 Finsh | Now_lr 0.0005/0.0005 | Train Loss 0.0517 | Valid Loss 0.2624 | Train Acc 99.7596 | Valid Acc 90.6250
2026-07-10 09:10:57 | TestSub: S1 | Epoch 37/100 Finsh | Now_lr 0.0005/0.0005 | Train Loss 0.0493 | Valid Loss 0.2380 | Train Acc 99.5192 | Valid Acc 90.6250
2026-07-10 09:10:57 | Validation loss decreased (0.244377 --> 0.238033) in epoch (37). Saving model ...
2026-07-10 09:10:58 | TestSub: S1 | Epoch 38/100 Finsh | Now_lr 0.0005/0.0005 | Train Loss 0.0446 | Valid Loss 0.2583 | Train Acc 99.5192 | Valid Acc 90.6250
2026-07-10 09:10:58 | TestSub: S1 | Epoch 39/100 Finsh | Now_lr 0.0005/0.0005 | Train Loss 0.0476 | Valid Loss 0.2516 | Train Acc 99.0385 | Valid Acc 90.6250
2026-07-10 09:10:59 | TestSub: S1 | Epoch 40/100 Finsh | Now_lr 0.0005/0.0005 | Train Loss 0.0424 | Valid Loss 0.2306 | Train Acc 99.7596 | Valid Acc 90.6250
2026-07-10 09:10:59 | Validation loss decreased (0.238033 --> 0.230554) in epoch (40). Saving model ...
2026-07-10 09:10:59 | TestSub: S1 | Epoch 41/100 Finsh | Now_lr 0.0005/0.0005 | Train Loss 0.0419 | Valid Loss 0.2266 | Train Acc 99.5192 | Valid Acc 90.6250
2026-07-10 09:10:59 | Validation loss decreased (0.230554 --> 0.226634) in epoch (41). Saving model ...
2026-07-10 09:11:00 | TestSub: S1 | Epoch 42/100 Finsh | Now_lr 0.0005/0.0005 | Train Loss 0.0446 | Valid Loss 0.2198 | Train Acc 99.7596 | Valid Acc 90.6250
2026-07-10 09:11:00 | Validation loss decreased (0.226634 --> 0.219821) in epoch (42). Saving model ...
2026-07-10 09:11:00 | TestSub: S1 | Epoch 43/100 Finsh | Now_lr 0.0005/0.0005 | Train Loss 0.0391 | Valid Loss 0.2288 | Train Acc 100.0000 | Valid Acc 93.7500
2026-07-10 09:11:01 | TestSub: S1 | Epoch 44/100 Finsh | Now_lr 0.0005/0.0005 | Train Loss 0.0376 | Valid Loss 0.2207 | Train Acc 99.7596 | Valid Acc 93.7500
2026-07-10 09:11:01 | TestSub: S1 | Epoch 45/100 Finsh | Now_lr 0.0005/0.0005 | Train Loss 0.0351 | Valid Loss 0.2233 | Train Acc 99.7596 | Valid Acc 93.7500
2026-07-10 09:11:02 | TestSub: S1 | Epoch 46/100 Finsh | Now_lr 0.0005/0.0005 | Train Loss 0.0351 | Valid Loss 0.2205 | Train Acc 99.7596 | Valid Acc 93.7500
2026-07-10 09:11:02 | TestSub: S1 | Epoch 47/100 Finsh | Now_lr 0.0005/0.0005 | Train Loss 0.0441 | Valid Loss 0.2135 | Train Acc 99.5192 | Valid Acc 93.7500
2026-07-10 09:11:02 | Validation loss decreased (0.219821 --> 0.213453) in epoch (47). Saving model ...
2026-07-10 09:11:03 | TestSub: S1 | Epoch 48/100 Finsh | Now_lr 0.0005/0.0005 | Train Loss 0.0351 | Valid Loss 0.2219 | Train Acc 99.2788 | Valid Acc 93.7500
2026-07-10 09:11:04 | TestSub: S1 | Epoch 49/100 Finsh | Now_lr 0.0005/0.0005 | Train Loss 0.0272 | Valid Loss 0.2288 | Train Acc 99.7596 | Valid Acc 93.7500
2026-07-10 09:11:04 | TestSub: S1 | Epoch 50/100 Finsh | Now_lr 0.0005/0.0005 | Train Loss 0.0231 | Valid Loss 0.2399 | Train Acc 100.0000 | Valid Acc 93.7500
2026-07-10 09:11:04 | TestSub: S1 | Epoch 51/100 Finsh | Now_lr 0.0005/0.0005 | Train Loss 0.0314 | Valid Loss 0.2360 | Train Acc 99.7596 | Valid Acc 93.7500
2026-07-10 09:11:05 | TestSub: S1 | Epoch 52/100 Finsh | Now_lr 0.0005/0.0005 | Train Loss 0.0272 | Valid Loss 0.2290 | Train Acc 99.7596 | Valid Acc 93.7500
2026-07-10 09:11:05 | TestSub: S1 | Epoch 53/100 Finsh | Now_lr 0.0005/0.0005 | Train Loss 0.0275 | Valid Loss 0.2064 | Train Acc 99.7596 | Valid Acc 93.7500
2026-07-10 09:11:05 | Validation loss decreased (0.213453 --> 0.206391) in epoch (53). Saving model ...
2026-07-10 09:11:06 | TestSub: S1 | Epoch 54/100 Finsh | Now_lr 0.0005/0.0005 | Train Loss 0.0252 | Valid Loss 0.2097 | Train Acc 100.0000 | Valid Acc 93.7500
2026-07-10 09:11:06 | TestSub: S1 | Epoch 55/100 Finsh | Now_lr 0.0005/0.0005 | Train Loss 0.0245 | Valid Loss 0.2124 | Train Acc 100.0000 | Valid Acc 93.7500
2026-07-10 09:11:07 | TestSub: S1 | Epoch 56/100 Finsh | Now_lr 0.0005/0.0005 | Train Loss 0.0238 | Valid Loss 0.2199 | Train Acc 100.0000 | Valid Acc 93.7500
2026-07-10 09:11:07 | TestSub: S1 | Epoch 57/100 Finsh | Now_lr 0.0005/0.0005 | Train Loss 0.0290 | Valid Loss 0.2142 | Train Acc 99.7596 | Valid Acc 93.7500
2026-07-10 09:11:08 | TestSub: S1 | Epoch 58/100 Finsh | Now_lr 0.0005/0.0005 | Train Loss 0.0191 | Valid Loss 0.2078 | Train Acc 100.0000 | Valid Acc 93.7500
2026-07-10 09:11:08 | TestSub: S1 | Epoch 59/100 Finsh | Now_lr 0.0005/0.0005 | Train Loss 0.0313 | Valid Loss 0.2165 | Train Acc 100.0000 | Valid Acc 90.6250
2026-07-10 09:11:08 | TestSub: S1 | Epoch 60/100 Finsh | Now_lr 0.0005/0.0005 | Train Loss 0.0213 | Valid Loss 0.2304 | Train Acc 100.0000 | Valid Acc 93.7500
2026-07-10 09:11:09 | TestSub: S1 | Epoch 61/100 Finsh | Now_lr 0.0005/0.0005 | Train Loss 0.0229 | Valid Loss 0.2044 | Train Acc 100.0000 | Valid Acc 93.7500
2026-07-10 09:11:09 | Validation loss decreased (0.206391 --> 0.204427) in epoch (61). Saving model ...
2026-07-10 09:11:09 | TestSub: S1 | Epoch 62/100 Finsh | Now_lr 0.0005/0.0005 | Train Loss 0.0208 | Valid Loss 0.1956 | Train Acc 100.0000 | Valid Acc 90.6250
2026-07-10 09:11:09 | Validation loss decreased (0.204427 --> 0.195571) in epoch (62). Saving model ...
2026-07-10 09:11:10 | TestSub: S1 | Epoch 63/100 Finsh | Now_lr 0.0005/0.0005 | Train Loss 0.0177 | Valid Loss 0.2166 | Train Acc 100.0000 | Valid Acc 90.6250
2026-07-10 09:11:10 | TestSub: S1 | Epoch 64/100 Finsh | Now_lr 0.0005/0.0005 | Train Loss 0.0216 | Valid Loss 0.2120 | Train Acc 99.7596 | Valid Acc 93.7500
2026-07-10 09:11:10 | TestSub: S1 | Epoch 65/100 Finsh | Now_lr 0.0005/0.0005 | Train Loss 0.0167 | Valid Loss 0.2155 | Train Acc 100.0000 | Valid Acc 93.7500
2026-07-10 09:11:11 | TestSub: S1 | Epoch 66/100 Finsh | Now_lr 0.0005/0.0005 | Train Loss 0.0203 | Valid Loss 0.2201 | Train Acc 100.0000 | Valid Acc 93.7500
2026-07-10 09:11:11 | TestSub: S1 | Epoch 67/100 Finsh | Now_lr 0.0005/0.0005 | Train Loss 0.0227 | Valid Loss 0.2041 | Train Acc 100.0000 | Valid Acc 90.6250
2026-07-10 09:11:12 | TestSub: S1 | Epoch 68/100 Finsh | Now_lr 0.0005/0.0005 | Train Loss 0.0154 | Valid Loss 0.2144 | Train Acc 100.0000 | Valid Acc 90.6250
2026-07-10 09:11:12 | TestSub: S1 | Epoch 69/100 Finsh | Now_lr 0.0005/0.0005 | Train Loss 0.0148 | Valid Loss 0.2275 | Train Acc 100.0000 | Valid Acc 93.7500
2026-07-10 09:11:13 | TestSub: S1 | Epoch 70/100 Finsh | Now_lr 0.0005/0.0005 | Train Loss 0.0143 | Valid Loss 0.2123 | Train Acc 100.0000 | Valid Acc 90.6250
2026-07-10 09:11:13 | TestSub: S1 | Epoch 71/100 Finsh | Now_lr 0.0005/0.0005 | Train Loss 0.0152 | Valid Loss 0.2025 | Train Acc 100.0000 | Valid Acc 90.6250
2026-07-10 09:11:13 | TestSub: S1 | Epoch 72/100 Finsh | Now_lr 0.0005/0.0005 | Train Loss 0.0132 | Valid Loss 0.1779 | Train Acc 100.0000 | Valid Acc 87.5000
2026-07-10 09:11:13 | Validation loss decreased (0.195571 --> 0.177857) in epoch (72). Saving model ...
2026-07-10 09:11:14 | TestSub: S1 | Epoch 73/100 Finsh | Now_lr 0.0005/0.0005 | Train Loss 0.0144 | Valid Loss 0.1792 | Train Acc 100.0000 | Valid Acc 87.5000
2026-07-10 09:11:14 | TestSub: S1 | Epoch 74/100 Finsh | Now_lr 0.0005/0.0005 | Train Loss 0.0182 | Valid Loss 0.1863 | Train Acc 100.0000 | Valid Acc 93.7500
2026-07-10 09:11:15 | TestSub: S1 | Epoch 75/100 Finsh | Now_lr 0.0005/0.0005 | Train Loss 0.0130 | Valid Loss 0.1989 | Train Acc 100.0000 | Valid Acc 93.7500
2026-07-10 09:11:15 | TestSub: S1 | Epoch 76/100 Finsh | Now_lr 0.0005/0.0005 | Train Loss 0.0162 | Valid Loss 0.1979 | Train Acc 100.0000 | Valid Acc 93.7500
2026-07-10 09:11:16 | TestSub: S1 | Epoch 77/100 Finsh | Now_lr 0.0005/0.0005 | Train Loss 0.0144 | Valid Loss 0.1887 | Train Acc 100.0000 | Valid Acc 93.7500
2026-07-10 09:11:16 | TestSub: S1 | Epoch 78/100 Finsh | Now_lr 0.0005/0.0005 | Train Loss 0.0162 | Valid Loss 0.1877 | Train Acc 100.0000 | Valid Acc 93.7500
2026-07-10 09:11:16 | TestSub: S1 | Epoch 79/100 Finsh | Now_lr 0.0005/0.0005 | Train Loss 0.0148 | Valid Loss 0.1937 | Train Acc 100.0000 | Valid Acc 93.7500
2026-07-10 09:11:17 | TestSub: S1 | Epoch 80/100 Finsh | Now_lr 0.0005/0.0005 | Train Loss 0.0206 | Valid Loss 0.2082 | Train Acc 99.7596 | Valid Acc 90.6250
2026-07-10 09:11:17 | TestSub: S1 | Epoch 81/100 Finsh | Now_lr 0.0005/0.0005 | Train Loss 0.0148 | Valid Loss 0.1968 | Train Acc 100.0000 | Valid Acc 87.5000
2026-07-10 09:11:18 | TestSub: S1 | Epoch 82/100 Finsh | Now_lr 0.0005/0.0005 | Train Loss 0.0094 | Valid Loss 0.1928 | Train Acc 100.0000 | Valid Acc 90.6250
2026-07-10 09:11:18 | TestSub: S1 | Epoch 83/100 Finsh | Now_lr 0.0005/0.0005 | Train Loss 0.0166 | Valid Loss 0.2163 | Train Acc 100.0000 | Valid Acc 90.6250
2026-07-10 09:11:18 | TestSub: S1 | Epoch 84/100 Finsh | Now_lr 0.0005/0.0005 | Train Loss 0.0098 | Valid Loss 0.2415 | Train Acc 100.0000 | Valid Acc 90.6250
2026-07-10 09:11:19 | TestSub: S1 | Epoch 85/100 Finsh | Now_lr 0.0005/0.0005 | Train Loss 0.0155 | Valid Loss 0.2266 | Train Acc 100.0000 | Valid Acc 90.6250
2026-07-10 09:11:19 | TestSub: S1 | Epoch 86/100 Finsh | Now_lr 0.0005/0.0005 | Train Loss 0.0132 | Valid Loss 0.1946 | Train Acc 100.0000 | Valid Acc 87.5000
2026-07-10 09:11:20 | TestSub: S1 | Epoch 87/100 Finsh | Now_lr 0.0005/0.0005 | Train Loss 0.0140 | Valid Loss 0.1756 | Train Acc 99.7596 | Valid Acc 90.6250
2026-07-10 09:11:20 | Validation loss decreased (0.177857 --> 0.175557) in epoch (87). Saving model ...
2026-07-10 09:11:20 | TestSub: S1 | Epoch 88/100 Finsh | Now_lr 0.0005/0.0005 | Train Loss 0.0085 | Valid Loss 0.1635 | Train Acc 100.0000 | Valid Acc 90.6250
2026-07-10 09:11:20 | Validation loss decreased (0.175557 --> 0.163510) in epoch (88). Saving model ...
2026-07-10 09:11:21 | TestSub: S1 | Epoch 89/100 Finsh | Now_lr 0.0005/0.0005 | Train Loss 0.0105 | Valid Loss 0.1903 | Train Acc 100.0000 | Valid Acc 90.6250
2026-07-10 09:11:21 | TestSub: S1 | Epoch 90/100 Finsh | Now_lr 0.0005/0.0005 | Train Loss 0.0188 | Valid Loss 0.2115 | Train Acc 100.0000 | Valid Acc 93.7500
2026-07-10 09:11:22 | TestSub: S1 | Epoch 91/100 Finsh | Now_lr 0.0005/0.0005 | Train Loss 0.0078 | Valid Loss 0.2045 | Train Acc 100.0000 | Valid Acc 87.5000
2026-07-10 09:11:22 | TestSub: S1 | Epoch 92/100 Finsh | Now_lr 0.0005/0.0005 | Train Loss 0.0074 | Valid Loss 0.2051 | Train Acc 100.0000 | Valid Acc 87.5000
2026-07-10 09:11:22 | TestSub: S1 | Epoch 93/100 Finsh | Now_lr 0.0005/0.0005 | Train Loss 0.0093 | Valid Loss 0.2081 | Train Acc 100.0000 | Valid Acc 90.6250
2026-07-10 09:11:23 | TestSub: S1 | Epoch 94/100 Finsh | Now_lr 0.0005/0.0005 | Train Loss 0.0089 | Valid Loss 0.2004 | Train Acc 100.0000 | Valid Acc 87.5000
2026-07-10 09:11:23 | TestSub: S1 | Epoch 95/100 Finsh | Now_lr 0.0005/0.0005 | Train Loss 0.0102 | Valid Loss 0.2032 | Train Acc 100.0000 | Valid Acc 87.5000
2026-07-10 09:11:24 | TestSub: S1 | Epoch 96/100 Finsh | Now_lr 0.0005/0.0005 | Train Loss 0.0066 | Valid Loss 0.1962 | Train Acc 100.0000 | Valid Acc 87.5000
2026-07-10 09:11:24 | TestSub: S1 | Epoch 97/100 Finsh | Now_lr 0.0005/0.0005 | Train Loss 0.0089 | Valid Loss 0.1980 | Train Acc 100.0000 | Valid Acc 87.5000
2026-07-10 09:11:25 | TestSub: S1 | Epoch 98/100 Finsh | Now_lr 0.0005/0.0005 | Train Loss 0.0114 | Valid Loss 0.1908 | Train Acc 100.0000 | Valid Acc 87.5000
2026-07-10 09:11:27 | TestSub: S1 | Epoch 99/100 Finsh | Now_lr 0.0005/0.0005 | Train Loss 0.0060 | Valid Loss 0.1973 | Train Acc 100.0000 | Valid Acc 90.6250
2026-07-10 09:11:27 | TestSub: S1 | Epoch 100/100 Finsh | Now_lr 0.0005/0.0005 | Train Loss 0.0128 | Valid Loss 0.2042 | Train Acc 100.0000 | Valid Acc 87.5000
2026-07-10 09:11:27 | --------------------------------------------------
2026-07-10 09:11:27 | Test_Subject :S1 | Best epoch:88 | Test Loss:0.1847 | Savemodel Acc 90.6250
2026-07-10 09:11:27 | --------------------------------------------------
2026-07-10 09:11:27 | Best epoch: 88 | Test acc: 90.6250
