2026-07-10 09:19:52 | Logging started: ./writer/Subject_dependent_AAD/DTU/5.0s/result//Train5.0s_sub15.log
2026-07-10 09:19:52 | Sub_id: 15
2026-07-10 09:19:54 | TestSub: S15 | Epoch  1/100 Finsh | Now_lr 0.0005/0.0005 | Train Loss 0.7113 | Valid Loss 0.6859 | Train Acc 52.8846 | Valid Acc 56.2500
2026-07-10 09:19:54 | Validation loss decreased (inf --> 0.685921) in epoch (1). Saving model ...
2026-07-10 09:19:54 | TestSub: S15 | Epoch  2/100 Finsh | Now_lr 0.0005/0.0005 | Train Loss 0.6586 | Valid Loss 0.7098 | Train Acc 58.8942 | Valid Acc 56.2500
2026-07-10 09:19:55 | TestSub: S15 | Epoch  3/100 Finsh | Now_lr 0.0005/0.0005 | Train Loss 0.6440 | Valid Loss 0.7245 | Train Acc 63.2212 | Valid Acc 56.2500
2026-07-10 09:19:55 | TestSub: S15 | Epoch  4/100 Finsh | Now_lr 0.0005/0.0005 | Train Loss 0.5831 | Valid Loss 0.7295 | Train Acc 73.5577 | Valid Acc 56.2500
2026-07-10 09:19:55 | TestSub: S15 | Epoch  5/100 Finsh | Now_lr 0.0005/0.0005 | Train Loss 0.5284 | Valid Loss 0.6912 | Train Acc 78.1250 | Valid Acc 56.2500
2026-07-10 09:19:56 | TestSub: S15 | Epoch  6/100 Finsh | Now_lr 0.0005/0.0005 | Train Loss 0.4709 | Valid Loss 0.5811 | Train Acc 82.9327 | Valid Acc 62.5000
2026-07-10 09:19:56 | Validation loss decreased (0.685921 --> 0.581060) in epoch (6). Saving model ...
2026-07-10 09:19:56 | TestSub: S15 | Epoch  7/100 Finsh | Now_lr 0.0005/0.0005 | Train Loss 0.4201 | Valid Loss 0.4278 | Train Acc 85.5769 | Valid Acc 87.5000
2026-07-10 09:19:56 | Validation loss decreased (0.581060 --> 0.427843) in epoch (7). Saving model ...
2026-07-10 09:19:57 | TestSub: S15 | Epoch  8/100 Finsh | Now_lr 0.0005/0.0005 | Train Loss 0.3514 | Valid Loss 0.3511 | Train Acc 89.9038 | Valid Acc 90.6250
2026-07-10 09:19:57 | Validation loss decreased (0.427843 --> 0.351111) in epoch (8). Saving model ...
2026-07-10 09:19:57 | TestSub: S15 | Epoch  9/100 Finsh | Now_lr 0.0005/0.0005 | Train Loss 0.3127 | Valid Loss 0.3097 | Train Acc 88.9423 | Valid Acc 93.7500
2026-07-10 09:19:57 | Validation loss decreased (0.351111 --> 0.309659) in epoch (9). Saving model ...
2026-07-10 09:19:58 | TestSub: S15 | Epoch 10/100 Finsh | Now_lr 0.0005/0.0005 | Train Loss 0.2840 | Valid Loss 0.2783 | Train Acc 90.1442 | Valid Acc 93.7500
2026-07-10 09:19:58 | Validation loss decreased (0.309659 --> 0.278294) in epoch (10). Saving model ...
2026-07-10 09:19:59 | TestSub: S15 | Epoch 11/100 Finsh | Now_lr 0.0005/0.0005 | Train Loss 0.2472 | Valid Loss 0.2580 | Train Acc 92.5481 | Valid Acc 90.6250
2026-07-10 09:19:59 | Validation loss decreased (0.278294 --> 0.257953) in epoch (11). Saving model ...
2026-07-10 09:19:59 | TestSub: S15 | Epoch 12/100 Finsh | Now_lr 0.0005/0.0005 | Train Loss 0.2149 | Valid Loss 0.2302 | Train Acc 93.2692 | Valid Acc 90.6250
2026-07-10 09:19:59 | Validation loss decreased (0.257953 --> 0.230156) in epoch (12). Saving model ...
2026-07-10 09:20:00 | TestSub: S15 | Epoch 13/100 Finsh | Now_lr 0.0005/0.0005 | Train Loss 0.2032 | Valid Loss 0.2233 | Train Acc 94.2308 | Valid Acc 87.5000
2026-07-10 09:20:00 | Validation loss decreased (0.230156 --> 0.223251) in epoch (13). Saving model ...
2026-07-10 09:20:01 | TestSub: S15 | Epoch 14/100 Finsh | Now_lr 0.0005/0.0005 | Train Loss 0.1895 | Valid Loss 0.2041 | Train Acc 95.4327 | Valid Acc 90.6250
2026-07-10 09:20:01 | Validation loss decreased (0.223251 --> 0.204117) in epoch (14). Saving model ...
2026-07-10 09:20:02 | TestSub: S15 | Epoch 15/100 Finsh | Now_lr 0.0005/0.0005 | Train Loss 0.1687 | Valid Loss 0.1942 | Train Acc 95.4327 | Valid Acc 87.5000
2026-07-10 09:20:02 | Validation loss decreased (0.204117 --> 0.194180) in epoch (15). Saving model ...
2026-07-10 09:20:02 | TestSub: S15 | Epoch 16/100 Finsh | Now_lr 0.0005/0.0005 | Train Loss 0.1628 | Valid Loss 0.2004 | Train Acc 95.1923 | Valid Acc 90.6250
2026-07-10 09:20:02 | TestSub: S15 | Epoch 17/100 Finsh | Now_lr 0.0005/0.0005 | Train Loss 0.1406 | Valid Loss 0.1739 | Train Acc 95.6731 | Valid Acc 93.7500
2026-07-10 09:20:02 | Validation loss decreased (0.194180 --> 0.173877) in epoch (17). Saving model ...
2026-07-10 09:20:03 | TestSub: S15 | Epoch 18/100 Finsh | Now_lr 0.0005/0.0005 | Train Loss 0.1410 | Valid Loss 0.1667 | Train Acc 95.9135 | Valid Acc 96.8750
2026-07-10 09:20:03 | Validation loss decreased (0.173877 --> 0.166749) in epoch (18). Saving model ...
2026-07-10 09:20:03 | TestSub: S15 | Epoch 19/100 Finsh | Now_lr 0.0005/0.0005 | Train Loss 0.1186 | Valid Loss 0.1653 | Train Acc 98.0769 | Valid Acc 93.7500
2026-07-10 09:20:03 | Validation loss decreased (0.166749 --> 0.165290) in epoch (19). Saving model ...
2026-07-10 09:20:04 | TestSub: S15 | Epoch 20/100 Finsh | Now_lr 0.0005/0.0005 | Train Loss 0.1124 | Valid Loss 0.1706 | Train Acc 99.5192 | Valid Acc 96.8750
2026-07-10 09:20:05 | TestSub: S15 | Epoch 21/100 Finsh | Now_lr 0.0005/0.0005 | Train Loss 0.1013 | Valid Loss 0.1677 | Train Acc 99.0385 | Valid Acc 93.7500
2026-07-10 09:20:05 | TestSub: S15 | Epoch 22/100 Finsh | Now_lr 0.0005/0.0005 | Train Loss 0.1003 | Valid Loss 0.1680 | Train Acc 98.5577 | Valid Acc 93.7500
2026-07-10 09:20:06 | TestSub: S15 | Epoch 23/100 Finsh | Now_lr 0.0005/0.0005 | Train Loss 0.0912 | Valid Loss 0.1575 | Train Acc 98.7981 | Valid Acc 93.7500
2026-07-10 09:20:06 | Validation loss decreased (0.165290 --> 0.157461) in epoch (23). Saving model ...
2026-07-10 09:20:06 | TestSub: S15 | Epoch 24/100 Finsh | Now_lr 0.0005/0.0005 | Train Loss 0.0762 | Valid Loss 0.1566 | Train Acc 99.5192 | Valid Acc 93.7500
2026-07-10 09:20:06 | Validation loss decreased (0.157461 --> 0.156581) in epoch (24). Saving model ...
2026-07-10 09:20:07 | TestSub: S15 | Epoch 25/100 Finsh | Now_lr 0.0005/0.0005 | Train Loss 0.0757 | Valid Loss 0.1592 | Train Acc 99.0385 | Valid Acc 93.7500
2026-07-10 09:20:07 | TestSub: S15 | Epoch 26/100 Finsh | Now_lr 0.0005/0.0005 | Train Loss 0.0708 | Valid Loss 0.1608 | Train Acc 99.7596 | Valid Acc 93.7500
2026-07-10 09:20:07 | TestSub: S15 | Epoch 27/100 Finsh | Now_lr 0.0005/0.0005 | Train Loss 0.0731 | Valid Loss 0.1607 | Train Acc 99.0385 | Valid Acc 93.7500
2026-07-10 09:20:08 | TestSub: S15 | Epoch 28/100 Finsh | Now_lr 0.0005/0.0005 | Train Loss 0.0637 | Valid Loss 0.1616 | Train Acc 99.5192 | Valid Acc 93.7500
2026-07-10 09:20:08 | TestSub: S15 | Epoch 29/100 Finsh | Now_lr 0.0005/0.0005 | Train Loss 0.0614 | Valid Loss 0.1653 | Train Acc 99.5192 | Valid Acc 93.7500
2026-07-10 09:20:09 | TestSub: S15 | Epoch 30/100 Finsh | Now_lr 0.0005/0.0005 | Train Loss 0.0624 | Valid Loss 0.1656 | Train Acc 100.0000 | Valid Acc 93.7500
2026-07-10 09:20:09 | TestSub: S15 | Epoch 31/100 Finsh | Now_lr 0.0005/0.0005 | Train Loss 0.0493 | Valid Loss 0.1587 | Train Acc 100.0000 | Valid Acc 93.7500
2026-07-10 09:20:09 | TestSub: S15 | Epoch 32/100 Finsh | Now_lr 0.0005/0.0005 | Train Loss 0.0612 | Valid Loss 0.1751 | Train Acc 99.2788 | Valid Acc 87.5000
2026-07-10 09:20:10 | TestSub: S15 | Epoch 33/100 Finsh | Now_lr 0.0005/0.0005 | Train Loss 0.0470 | Valid Loss 0.1489 | Train Acc 100.0000 | Valid Acc 93.7500
2026-07-10 09:20:10 | Validation loss decreased (0.156581 --> 0.148851) in epoch (33). Saving model ...
2026-07-10 09:20:10 | TestSub: S15 | Epoch 34/100 Finsh | Now_lr 0.0005/0.0005 | Train Loss 0.0668 | Valid Loss 0.1509 | Train Acc 99.2788 | Valid Acc 96.8750
2026-07-10 09:20:11 | TestSub: S15 | Epoch 35/100 Finsh | Now_lr 0.0005/0.0005 | Train Loss 0.0545 | Valid Loss 0.1505 | Train Acc 99.5192 | Valid Acc 93.7500
2026-07-10 09:20:11 | TestSub: S15 | Epoch 36/100 Finsh | Now_lr 0.0005/0.0005 | Train Loss 0.0436 | Valid Loss 0.1472 | Train Acc 100.0000 | Valid Acc 93.7500
2026-07-10 09:20:11 | Validation loss decreased (0.148851 --> 0.147198) in epoch (36). Saving model ...
2026-07-10 09:20:12 | TestSub: S15 | Epoch 37/100 Finsh | Now_lr 0.0005/0.0005 | Train Loss 0.0408 | Valid Loss 0.1477 | Train Acc 99.7596 | Valid Acc 96.8750
2026-07-10 09:20:12 | TestSub: S15 | Epoch 38/100 Finsh | Now_lr 0.0005/0.0005 | Train Loss 0.0511 | Valid Loss 0.1370 | Train Acc 99.5192 | Valid Acc 96.8750
2026-07-10 09:20:12 | Validation loss decreased (0.147198 --> 0.137022) in epoch (38). Saving model ...
2026-07-10 09:20:12 | TestSub: S15 | Epoch 39/100 Finsh | Now_lr 0.0005/0.0005 | Train Loss 0.0469 | Valid Loss 0.1447 | Train Acc 100.0000 | Valid Acc 93.7500
2026-07-10 09:20:13 | TestSub: S15 | Epoch 40/100 Finsh | Now_lr 0.0005/0.0005 | Train Loss 0.0415 | Valid Loss 0.1424 | Train Acc 100.0000 | Valid Acc 93.7500
2026-07-10 09:20:13 | TestSub: S15 | Epoch 41/100 Finsh | Now_lr 0.0005/0.0005 | Train Loss 0.0425 | Valid Loss 0.1437 | Train Acc 99.7596 | Valid Acc 96.8750
2026-07-10 09:20:14 | TestSub: S15 | Epoch 42/100 Finsh | Now_lr 0.0005/0.0005 | Train Loss 0.0391 | Valid Loss 0.1424 | Train Acc 99.7596 | Valid Acc 96.8750
2026-07-10 09:20:14 | TestSub: S15 | Epoch 43/100 Finsh | Now_lr 0.0005/0.0005 | Train Loss 0.0379 | Valid Loss 0.1356 | Train Acc 99.5192 | Valid Acc 93.7500
2026-07-10 09:20:14 | Validation loss decreased (0.137022 --> 0.135637) in epoch (43). Saving model ...
2026-07-10 09:20:15 | TestSub: S15 | Epoch 44/100 Finsh | Now_lr 0.0005/0.0005 | Train Loss 0.0329 | Valid Loss 0.1393 | Train Acc 99.7596 | Valid Acc 96.8750
2026-07-10 09:20:15 | TestSub: S15 | Epoch 45/100 Finsh | Now_lr 0.0005/0.0005 | Train Loss 0.0479 | Valid Loss 0.1318 | Train Acc 99.2788 | Valid Acc 93.7500
2026-07-10 09:20:15 | Validation loss decreased (0.135637 --> 0.131819) in epoch (45). Saving model ...
2026-07-10 09:20:16 | TestSub: S15 | Epoch 46/100 Finsh | Now_lr 0.0005/0.0005 | Train Loss 0.0280 | Valid Loss 0.1317 | Train Acc 100.0000 | Valid Acc 96.8750
2026-07-10 09:20:16 | Validation loss decreased (0.131819 --> 0.131653) in epoch (46). Saving model ...
2026-07-10 09:20:16 | TestSub: S15 | Epoch 47/100 Finsh | Now_lr 0.0005/0.0005 | Train Loss 0.0390 | Valid Loss 0.1290 | Train Acc 99.5192 | Valid Acc 96.8750
2026-07-10 09:20:16 | Validation loss decreased (0.131653 --> 0.128970) in epoch (47). Saving model ...
2026-07-10 09:20:17 | TestSub: S15 | Epoch 48/100 Finsh | Now_lr 0.0005/0.0005 | Train Loss 0.0358 | Valid Loss 0.1275 | Train Acc 99.7596 | Valid Acc 96.8750
2026-07-10 09:20:17 | Validation loss decreased (0.128970 --> 0.127475) in epoch (48). Saving model ...
2026-07-10 09:20:17 | TestSub: S15 | Epoch 49/100 Finsh | Now_lr 0.0005/0.0005 | Train Loss 0.0232 | Valid Loss 0.1211 | Train Acc 100.0000 | Valid Acc 96.8750
2026-07-10 09:20:17 | Validation loss decreased (0.127475 --> 0.121145) in epoch (49). Saving model ...
2026-07-10 09:20:18 | TestSub: S15 | Epoch 50/100 Finsh | Now_lr 0.0005/0.0005 | Train Loss 0.0224 | Valid Loss 0.1167 | Train Acc 100.0000 | Valid Acc 96.8750
2026-07-10 09:20:18 | Validation loss decreased (0.121145 --> 0.116652) in epoch (50). Saving model ...
2026-07-10 09:20:18 | TestSub: S15 | Epoch 51/100 Finsh | Now_lr 0.0005/0.0005 | Train Loss 0.0401 | Valid Loss 0.1209 | Train Acc 99.7596 | Valid Acc 93.7500
2026-07-10 09:20:19 | TestSub: S15 | Epoch 52/100 Finsh | Now_lr 0.0005/0.0005 | Train Loss 0.0229 | Valid Loss 0.1188 | Train Acc 100.0000 | Valid Acc 96.8750
2026-07-10 09:20:19 | TestSub: S15 | Epoch 53/100 Finsh | Now_lr 0.0005/0.0005 | Train Loss 0.0272 | Valid Loss 0.1206 | Train Acc 99.7596 | Valid Acc 96.8750
2026-07-10 09:20:20 | TestSub: S15 | Epoch 54/100 Finsh | Now_lr 0.0005/0.0005 | Train Loss 0.0220 | Valid Loss 0.1227 | Train Acc 100.0000 | Valid Acc 96.8750
2026-07-10 09:20:20 | TestSub: S15 | Epoch 55/100 Finsh | Now_lr 0.0005/0.0005 | Train Loss 0.0232 | Valid Loss 0.1319 | Train Acc 99.7596 | Valid Acc 96.8750
2026-07-10 09:20:21 | TestSub: S15 | Epoch 56/100 Finsh | Now_lr 0.0005/0.0005 | Train Loss 0.0236 | Valid Loss 0.1223 | Train Acc 99.7596 | Valid Acc 93.7500
2026-07-10 09:20:21 | TestSub: S15 | Epoch 57/100 Finsh | Now_lr 0.0005/0.0005 | Train Loss 0.0234 | Valid Loss 0.1276 | Train Acc 99.7596 | Valid Acc 96.8750
2026-07-10 09:20:21 | TestSub: S15 | Epoch 58/100 Finsh | Now_lr 0.0005/0.0005 | Train Loss 0.0211 | Valid Loss 0.1289 | Train Acc 100.0000 | Valid Acc 96.8750
2026-07-10 09:20:22 | TestSub: S15 | Epoch 59/100 Finsh | Now_lr 0.0005/0.0005 | Train Loss 0.0220 | Valid Loss 0.1207 | Train Acc 100.0000 | Valid Acc 96.8750
2026-07-10 09:20:22 | TestSub: S15 | Epoch 60/100 Finsh | Now_lr 0.0005/0.0005 | Train Loss 0.0213 | Valid Loss 0.1179 | Train Acc 99.7596 | Valid Acc 96.8750
2026-07-10 09:20:23 | TestSub: S15 | Epoch 61/100 Finsh | Now_lr 0.0005/0.0005 | Train Loss 0.0212 | Valid Loss 0.1256 | Train Acc 99.7596 | Valid Acc 96.8750
2026-07-10 09:20:23 | TestSub: S15 | Epoch 62/100 Finsh | Now_lr 0.0005/0.0005 | Train Loss 0.0204 | Valid Loss 0.1127 | Train Acc 99.7596 | Valid Acc 96.8750
2026-07-10 09:20:23 | Validation loss decreased (0.116652 --> 0.112675) in epoch (62). Saving model ...
2026-07-10 09:20:24 | TestSub: S15 | Epoch 63/100 Finsh | Now_lr 0.0005/0.0005 | Train Loss 0.0268 | Valid Loss 0.1176 | Train Acc 100.0000 | Valid Acc 96.8750
2026-07-10 09:20:24 | TestSub: S15 | Epoch 64/100 Finsh | Now_lr 0.0005/0.0005 | Train Loss 0.0186 | Valid Loss 0.1278 | Train Acc 99.7596 | Valid Acc 96.8750
2026-07-10 09:20:24 | TestSub: S15 | Epoch 65/100 Finsh | Now_lr 0.0005/0.0005 | Train Loss 0.0157 | Valid Loss 0.1200 | Train Acc 100.0000 | Valid Acc 96.8750
2026-07-10 09:20:25 | TestSub: S15 | Epoch 66/100 Finsh | Now_lr 0.0005/0.0005 | Train Loss 0.0153 | Valid Loss 0.1141 | Train Acc 100.0000 | Valid Acc 96.8750
2026-07-10 09:20:25 | TestSub: S15 | Epoch 67/100 Finsh | Now_lr 0.0005/0.0005 | Train Loss 0.0154 | Valid Loss 0.1145 | Train Acc 100.0000 | Valid Acc 96.8750
2026-07-10 09:20:26 | TestSub: S15 | Epoch 68/100 Finsh | Now_lr 0.0005/0.0005 | Train Loss 0.0204 | Valid Loss 0.1209 | Train Acc 99.7596 | Valid Acc 96.8750
2026-07-10 09:20:26 | TestSub: S15 | Epoch 69/100 Finsh | Now_lr 0.0005/0.0005 | Train Loss 0.0219 | Valid Loss 0.1084 | Train Acc 99.7596 | Valid Acc 96.8750
2026-07-10 09:20:26 | Validation loss decreased (0.112675 --> 0.108381) in epoch (69). Saving model ...
2026-07-10 09:20:26 | TestSub: S15 | Epoch 70/100 Finsh | Now_lr 0.0005/0.0005 | Train Loss 0.0173 | Valid Loss 0.1125 | Train Acc 100.0000 | Valid Acc 96.8750
2026-07-10 09:20:27 | TestSub: S15 | Epoch 71/100 Finsh | Now_lr 0.0005/0.0005 | Train Loss 0.0221 | Valid Loss 0.1183 | Train Acc 99.7596 | Valid Acc 96.8750
2026-07-10 09:20:27 | TestSub: S15 | Epoch 72/100 Finsh | Now_lr 0.0005/0.0005 | Train Loss 0.0172 | Valid Loss 0.1033 | Train Acc 100.0000 | Valid Acc 96.8750
2026-07-10 09:20:27 | Validation loss decreased (0.108381 --> 0.103329) in epoch (72). Saving model ...
2026-07-10 09:20:28 | TestSub: S15 | Epoch 73/100 Finsh | Now_lr 0.0005/0.0005 | Train Loss 0.0181 | Valid Loss 0.1110 | Train Acc 100.0000 | Valid Acc 96.8750
2026-07-10 09:20:28 | TestSub: S15 | Epoch 74/100 Finsh | Now_lr 0.0005/0.0005 | Train Loss 0.0113 | Valid Loss 0.1158 | Train Acc 100.0000 | Valid Acc 96.8750
2026-07-10 09:20:29 | TestSub: S15 | Epoch 75/100 Finsh | Now_lr 0.0005/0.0005 | Train Loss 0.0106 | Valid Loss 0.1098 | Train Acc 100.0000 | Valid Acc 96.8750
2026-07-10 09:20:29 | TestSub: S15 | Epoch 76/100 Finsh | Now_lr 0.0005/0.0005 | Train Loss 0.0126 | Valid Loss 0.1037 | Train Acc 100.0000 | Valid Acc 96.8750
2026-07-10 09:20:29 | TestSub: S15 | Epoch 77/100 Finsh | Now_lr 0.0005/0.0005 | Train Loss 0.0090 | Valid Loss 0.1022 | Train Acc 100.0000 | Valid Acc 96.8750
2026-07-10 09:20:29 | Validation loss decreased (0.103329 --> 0.102190) in epoch (77). Saving model ...
2026-07-10 09:20:30 | TestSub: S15 | Epoch 78/100 Finsh | Now_lr 0.0005/0.0005 | Train Loss 0.0111 | Valid Loss 0.1086 | Train Acc 100.0000 | Valid Acc 96.8750
2026-07-10 09:20:30 | TestSub: S15 | Epoch 79/100 Finsh | Now_lr 0.0005/0.0005 | Train Loss 0.0136 | Valid Loss 0.1095 | Train Acc 100.0000 | Valid Acc 96.8750
2026-07-10 09:20:31 | TestSub: S15 | Epoch 80/100 Finsh | Now_lr 0.0005/0.0005 | Train Loss 0.0125 | Valid Loss 0.1096 | Train Acc 100.0000 | Valid Acc 96.8750
2026-07-10 09:20:31 | TestSub: S15 | Epoch 81/100 Finsh | Now_lr 0.0005/0.0005 | Train Loss 0.0118 | Valid Loss 0.1072 | Train Acc 100.0000 | Valid Acc 96.8750
2026-07-10 09:20:32 | TestSub: S15 | Epoch 82/100 Finsh | Now_lr 0.0005/0.0005 | Train Loss 0.0161 | Valid Loss 0.1116 | Train Acc 100.0000 | Valid Acc 96.8750
2026-07-10 09:20:32 | TestSub: S15 | Epoch 83/100 Finsh | Now_lr 0.0005/0.0005 | Train Loss 0.0114 | Valid Loss 0.1031 | Train Acc 100.0000 | Valid Acc 96.8750
2026-07-10 09:20:33 | TestSub: S15 | Epoch 84/100 Finsh | Now_lr 0.0005/0.0005 | Train Loss 0.0168 | Valid Loss 0.1194 | Train Acc 100.0000 | Valid Acc 96.8750
2026-07-10 09:20:33 | TestSub: S15 | Epoch 85/100 Finsh | Now_lr 0.0005/0.0005 | Train Loss 0.0115 | Valid Loss 0.0931 | Train Acc 100.0000 | Valid Acc 96.8750
2026-07-10 09:20:33 | Validation loss decreased (0.102190 --> 0.093088) in epoch (85). Saving model ...
2026-07-10 09:20:33 | TestSub: S15 | Epoch 86/100 Finsh | Now_lr 0.0005/0.0005 | Train Loss 0.0150 | Valid Loss 0.0998 | Train Acc 100.0000 | Valid Acc 96.8750
2026-07-10 09:20:34 | TestSub: S15 | Epoch 87/100 Finsh | Now_lr 0.0005/0.0005 | Train Loss 0.0128 | Valid Loss 0.1078 | Train Acc 100.0000 | Valid Acc 96.8750
2026-07-10 09:20:34 | TestSub: S15 | Epoch 88/100 Finsh | Now_lr 0.0005/0.0005 | Train Loss 0.0125 | Valid Loss 0.0987 | Train Acc 100.0000 | Valid Acc 96.8750
2026-07-10 09:20:35 | TestSub: S15 | Epoch 89/100 Finsh | Now_lr 0.0005/0.0005 | Train Loss 0.0109 | Valid Loss 0.0842 | Train Acc 100.0000 | Valid Acc 96.8750
2026-07-10 09:20:35 | Validation loss decreased (0.093088 --> 0.084192) in epoch (89). Saving model ...
2026-07-10 09:20:35 | TestSub: S15 | Epoch 90/100 Finsh | Now_lr 0.0005/0.0005 | Train Loss 0.0061 | Valid Loss 0.0864 | Train Acc 100.0000 | Valid Acc 96.8750
2026-07-10 09:20:35 | TestSub: S15 | Epoch 91/100 Finsh | Now_lr 0.0005/0.0005 | Train Loss 0.0108 | Valid Loss 0.0963 | Train Acc 100.0000 | Valid Acc 96.8750
2026-07-10 09:20:36 | TestSub: S15 | Epoch 92/100 Finsh | Now_lr 0.0005/0.0005 | Train Loss 0.0092 | Valid Loss 0.0828 | Train Acc 100.0000 | Valid Acc 96.8750
2026-07-10 09:20:36 | Validation loss decreased (0.084192 --> 0.082811) in epoch (92). Saving model ...
2026-07-10 09:20:36 | TestSub: S15 | Epoch 93/100 Finsh | Now_lr 0.0005/0.0005 | Train Loss 0.0085 | Valid Loss 0.0809 | Train Acc 100.0000 | Valid Acc 96.8750
2026-07-10 09:20:36 | Validation loss decreased (0.082811 --> 0.080923) in epoch (93). Saving model ...
2026-07-10 09:20:37 | TestSub: S15 | Epoch 94/100 Finsh | Now_lr 0.0005/0.0005 | Train Loss 0.0053 | Valid Loss 0.0905 | Train Acc 100.0000 | Valid Acc 96.8750
2026-07-10 09:20:37 | TestSub: S15 | Epoch 95/100 Finsh | Now_lr 0.0005/0.0005 | Train Loss 0.0076 | Valid Loss 0.0811 | Train Acc 100.0000 | Valid Acc 96.8750
2026-07-10 09:20:38 | TestSub: S15 | Epoch 96/100 Finsh | Now_lr 0.0005/0.0005 | Train Loss 0.0069 | Valid Loss 0.0977 | Train Acc 100.0000 | Valid Acc 96.8750
2026-07-10 09:20:38 | TestSub: S15 | Epoch 97/100 Finsh | Now_lr 0.0005/0.0005 | Train Loss 0.0051 | Valid Loss 0.0980 | Train Acc 100.0000 | Valid Acc 96.8750
2026-07-10 09:20:39 | TestSub: S15 | Epoch 98/100 Finsh | Now_lr 0.0005/0.0005 | Train Loss 0.0047 | Valid Loss 0.0910 | Train Acc 100.0000 | Valid Acc 96.8750
2026-07-10 09:20:39 | TestSub: S15 | Epoch 99/100 Finsh | Now_lr 0.0005/0.0005 | Train Loss 0.0058 | Valid Loss 0.0868 | Train Acc 100.0000 | Valid Acc 96.8750
2026-07-10 09:20:40 | TestSub: S15 | Epoch 100/100 Finsh | Now_lr 0.0005/0.0005 | Train Loss 0.0074 | Valid Loss 0.0859 | Train Acc 100.0000 | Valid Acc 96.8750
2026-07-10 09:20:40 | --------------------------------------------------
2026-07-10 09:20:40 | Test_Subject :S15 | Best epoch:93 | Test Loss:0.2760 | Savemodel Acc 87.5000
2026-07-10 09:20:40 | --------------------------------------------------
2026-07-10 09:20:40 | Best epoch: 93 | Test acc: 87.5000
