2026-07-10 09:15:04 | Logging started: ./writer/Subject_dependent_AAD/DTU/5.0s/result//Train5.0s_sub7.log
2026-07-10 09:15:04 | Sub_id: 7
2026-07-10 09:15:05 | TestSub: S7 | Epoch  1/100 Finsh | Now_lr 0.0005/0.0005 | Train Loss 0.7404 | Valid Loss 0.6689 | Train Acc 51.9231 | Valid Acc 62.5000
2026-07-10 09:15:05 | Validation loss decreased (inf --> 0.668943) in epoch (1). Saving model ...
2026-07-10 09:15:06 | TestSub: S7 | Epoch  2/100 Finsh | Now_lr 0.0005/0.0005 | Train Loss 0.6821 | Valid Loss 0.6669 | Train Acc 58.4135 | Valid Acc 62.5000
2026-07-10 09:15:06 | Validation loss decreased (0.668943 --> 0.666930) in epoch (2). Saving model ...
2026-07-10 09:15:07 | TestSub: S7 | Epoch  3/100 Finsh | Now_lr 0.0005/0.0005 | Train Loss 0.6245 | Valid Loss 0.6659 | Train Acc 64.9038 | Valid Acc 62.5000
2026-07-10 09:15:07 | Validation loss decreased (0.666930 --> 0.665860) in epoch (3). Saving model ...
2026-07-10 09:15:07 | TestSub: S7 | Epoch  4/100 Finsh | Now_lr 0.0005/0.0005 | Train Loss 0.6100 | Valid Loss 0.6564 | Train Acc 70.1923 | Valid Acc 62.5000
2026-07-10 09:15:07 | Validation loss decreased (0.665860 --> 0.656397) in epoch (4). Saving model ...
2026-07-10 09:15:08 | TestSub: S7 | Epoch  5/100 Finsh | Now_lr 0.0005/0.0005 | Train Loss 0.5438 | Valid Loss 0.6318 | Train Acc 75.2404 | Valid Acc 68.7500
2026-07-10 09:15:08 | Validation loss decreased (0.656397 --> 0.631813) in epoch (5). Saving model ...
2026-07-10 09:15:08 | TestSub: S7 | Epoch  6/100 Finsh | Now_lr 0.0005/0.0005 | Train Loss 0.4948 | Valid Loss 0.5844 | Train Acc 79.8077 | Valid Acc 71.8750
2026-07-10 09:15:08 | Validation loss decreased (0.631813 --> 0.584423) in epoch (6). Saving model ...
2026-07-10 09:15:09 | TestSub: S7 | Epoch  7/100 Finsh | Now_lr 0.0005/0.0005 | Train Loss 0.4427 | Valid Loss 0.5197 | Train Acc 85.5769 | Valid Acc 81.2500
2026-07-10 09:15:09 | Validation loss decreased (0.584423 --> 0.519681) in epoch (7). Saving model ...
2026-07-10 09:15:09 | TestSub: S7 | Epoch  8/100 Finsh | Now_lr 0.0005/0.0005 | Train Loss 0.3889 | Valid Loss 0.4516 | Train Acc 85.8173 | Valid Acc 81.2500
2026-07-10 09:15:09 | Validation loss decreased (0.519681 --> 0.451590) in epoch (8). Saving model ...
2026-07-10 09:15:10 | TestSub: S7 | Epoch  9/100 Finsh | Now_lr 0.0005/0.0005 | Train Loss 0.3616 | Valid Loss 0.4049 | Train Acc 87.0192 | Valid Acc 87.5000
2026-07-10 09:15:10 | Validation loss decreased (0.451590 --> 0.404943) in epoch (9). Saving model ...
2026-07-10 09:15:10 | TestSub: S7 | Epoch 10/100 Finsh | Now_lr 0.0005/0.0005 | Train Loss 0.3344 | Valid Loss 0.3664 | Train Acc 88.7019 | Valid Acc 84.3750
2026-07-10 09:15:10 | Validation loss decreased (0.404943 --> 0.366352) in epoch (10). Saving model ...
2026-07-10 09:15:10 | TestSub: S7 | Epoch 11/100 Finsh | Now_lr 0.0005/0.0005 | Train Loss 0.3038 | Valid Loss 0.3430 | Train Acc 89.4231 | Valid Acc 87.5000
2026-07-10 09:15:10 | Validation loss decreased (0.366352 --> 0.342963) in epoch (11). Saving model ...
2026-07-10 09:15:11 | TestSub: S7 | Epoch 12/100 Finsh | Now_lr 0.0005/0.0005 | Train Loss 0.2853 | Valid Loss 0.3179 | Train Acc 89.4231 | Valid Acc 90.6250
2026-07-10 09:15:11 | Validation loss decreased (0.342963 --> 0.317882) in epoch (12). Saving model ...
2026-07-10 09:15:12 | TestSub: S7 | Epoch 13/100 Finsh | Now_lr 0.0005/0.0005 | Train Loss 0.2561 | Valid Loss 0.2965 | Train Acc 92.5481 | Valid Acc 93.7500
2026-07-10 09:15:12 | Validation loss decreased (0.317882 --> 0.296549) in epoch (13). Saving model ...
2026-07-10 09:15:12 | TestSub: S7 | Epoch 14/100 Finsh | Now_lr 0.0005/0.0005 | Train Loss 0.2467 | Valid Loss 0.2838 | Train Acc 90.6250 | Valid Acc 93.7500
2026-07-10 09:15:12 | Validation loss decreased (0.296549 --> 0.283841) in epoch (14). Saving model ...
2026-07-10 09:15:13 | TestSub: S7 | Epoch 15/100 Finsh | Now_lr 0.0005/0.0005 | Train Loss 0.2259 | Valid Loss 0.2702 | Train Acc 92.3077 | Valid Acc 93.7500
2026-07-10 09:15:13 | Validation loss decreased (0.283841 --> 0.270244) in epoch (15). Saving model ...
2026-07-10 09:15:13 | TestSub: S7 | Epoch 16/100 Finsh | Now_lr 0.0005/0.0005 | Train Loss 0.2189 | Valid Loss 0.2635 | Train Acc 91.3462 | Valid Acc 93.7500
2026-07-10 09:15:13 | Validation loss decreased (0.270244 --> 0.263462) in epoch (16). Saving model ...
2026-07-10 09:15:14 | TestSub: S7 | Epoch 17/100 Finsh | Now_lr 0.0005/0.0005 | Train Loss 0.2106 | Valid Loss 0.2633 | Train Acc 91.3462 | Valid Acc 90.6250
2026-07-10 09:15:14 | Validation loss decreased (0.263462 --> 0.263330) in epoch (17). Saving model ...
2026-07-10 09:15:14 | TestSub: S7 | Epoch 18/100 Finsh | Now_lr 0.0005/0.0005 | Train Loss 0.2100 | Valid Loss 0.2687 | Train Acc 92.5481 | Valid Acc 90.6250
2026-07-10 09:15:15 | TestSub: S7 | Epoch 19/100 Finsh | Now_lr 0.0005/0.0005 | Train Loss 0.1745 | Valid Loss 0.2389 | Train Acc 95.4327 | Valid Acc 93.7500
2026-07-10 09:15:15 | Validation loss decreased (0.263330 --> 0.238897) in epoch (19). Saving model ...
2026-07-10 09:15:15 | TestSub: S7 | Epoch 20/100 Finsh | Now_lr 0.0005/0.0005 | Train Loss 0.1661 | Valid Loss 0.2470 | Train Acc 94.7115 | Valid Acc 90.6250
2026-07-10 09:15:16 | TestSub: S7 | Epoch 21/100 Finsh | Now_lr 0.0005/0.0005 | Train Loss 0.1520 | Valid Loss 0.2393 | Train Acc 95.6731 | Valid Acc 90.6250
2026-07-10 09:15:16 | TestSub: S7 | Epoch 22/100 Finsh | Now_lr 0.0005/0.0005 | Train Loss 0.1644 | Valid Loss 0.2503 | Train Acc 95.1923 | Valid Acc 90.6250
2026-07-10 09:15:16 | TestSub: S7 | Epoch 23/100 Finsh | Now_lr 0.0005/0.0005 | Train Loss 0.1420 | Valid Loss 0.2208 | Train Acc 96.1538 | Valid Acc 93.7500
2026-07-10 09:15:16 | Validation loss decreased (0.238897 --> 0.220847) in epoch (23). Saving model ...
2026-07-10 09:15:17 | TestSub: S7 | Epoch 24/100 Finsh | Now_lr 0.0005/0.0005 | Train Loss 0.1355 | Valid Loss 0.2183 | Train Acc 96.6346 | Valid Acc 93.7500
2026-07-10 09:15:17 | Validation loss decreased (0.220847 --> 0.218291) in epoch (24). Saving model ...
2026-07-10 09:15:18 | TestSub: S7 | Epoch 25/100 Finsh | Now_lr 0.0005/0.0005 | Train Loss 0.1285 | Valid Loss 0.2170 | Train Acc 95.9135 | Valid Acc 90.6250
2026-07-10 09:15:18 | Validation loss decreased (0.218291 --> 0.216976) in epoch (25). Saving model ...
2026-07-10 09:15:18 | TestSub: S7 | Epoch 26/100 Finsh | Now_lr 0.0005/0.0005 | Train Loss 0.1235 | Valid Loss 0.2137 | Train Acc 97.1154 | Valid Acc 93.7500
2026-07-10 09:15:18 | Validation loss decreased (0.216976 --> 0.213741) in epoch (26). Saving model ...
2026-07-10 09:15:18 | TestSub: S7 | Epoch 27/100 Finsh | Now_lr 0.0005/0.0005 | Train Loss 0.1216 | Valid Loss 0.2166 | Train Acc 97.3558 | Valid Acc 90.6250
2026-07-10 09:15:19 | TestSub: S7 | Epoch 28/100 Finsh | Now_lr 0.0005/0.0005 | Train Loss 0.1003 | Valid Loss 0.2145 | Train Acc 98.5577 | Valid Acc 90.6250
2026-07-10 09:15:20 | TestSub: S7 | Epoch 29/100 Finsh | Now_lr 0.0005/0.0005 | Train Loss 0.1091 | Valid Loss 0.2321 | Train Acc 97.3558 | Valid Acc 90.6250
2026-07-10 09:15:20 | TestSub: S7 | Epoch 30/100 Finsh | Now_lr 0.0005/0.0005 | Train Loss 0.1040 | Valid Loss 0.2052 | Train Acc 97.3558 | Valid Acc 93.7500
2026-07-10 09:15:20 | Validation loss decreased (0.213741 --> 0.205198) in epoch (30). Saving model ...
2026-07-10 09:15:21 | TestSub: S7 | Epoch 31/100 Finsh | Now_lr 0.0005/0.0005 | Train Loss 0.1209 | Valid Loss 0.2243 | Train Acc 96.8750 | Valid Acc 90.6250
2026-07-10 09:15:21 | TestSub: S7 | Epoch 32/100 Finsh | Now_lr 0.0005/0.0005 | Train Loss 0.0986 | Valid Loss 0.2194 | Train Acc 97.8365 | Valid Acc 90.6250
2026-07-10 09:15:22 | TestSub: S7 | Epoch 33/100 Finsh | Now_lr 0.0005/0.0005 | Train Loss 0.0884 | Valid Loss 0.2038 | Train Acc 98.5577 | Valid Acc 90.6250
2026-07-10 09:15:22 | Validation loss decreased (0.205198 --> 0.203754) in epoch (33). Saving model ...
2026-07-10 09:15:22 | TestSub: S7 | Epoch 34/100 Finsh | Now_lr 0.0005/0.0005 | Train Loss 0.1000 | Valid Loss 0.2126 | Train Acc 96.6346 | Valid Acc 90.6250
2026-07-10 09:15:22 | TestSub: S7 | Epoch 35/100 Finsh | Now_lr 0.0005/0.0005 | Train Loss 0.0858 | Valid Loss 0.2034 | Train Acc 98.3173 | Valid Acc 93.7500
2026-07-10 09:15:22 | Validation loss decreased (0.203754 --> 0.203394) in epoch (35). Saving model ...
2026-07-10 09:15:23 | TestSub: S7 | Epoch 36/100 Finsh | Now_lr 0.0005/0.0005 | Train Loss 0.0804 | Valid Loss 0.2191 | Train Acc 99.0385 | Valid Acc 90.6250
2026-07-10 09:15:24 | TestSub: S7 | Epoch 37/100 Finsh | Now_lr 0.0005/0.0005 | Train Loss 0.0829 | Valid Loss 0.1987 | Train Acc 98.5577 | Valid Acc 93.7500
2026-07-10 09:15:24 | Validation loss decreased (0.203394 --> 0.198745) in epoch (37). Saving model ...
2026-07-10 09:15:24 | TestSub: S7 | Epoch 38/100 Finsh | Now_lr 0.0005/0.0005 | Train Loss 0.0802 | Valid Loss 0.2187 | Train Acc 99.0385 | Valid Acc 90.6250
2026-07-10 09:15:25 | TestSub: S7 | Epoch 39/100 Finsh | Now_lr 0.0005/0.0005 | Train Loss 0.0820 | Valid Loss 0.2252 | Train Acc 97.8365 | Valid Acc 90.6250
2026-07-10 09:15:25 | TestSub: S7 | Epoch 40/100 Finsh | Now_lr 0.0005/0.0005 | Train Loss 0.0712 | Valid Loss 0.2108 | Train Acc 98.5577 | Valid Acc 90.6250
2026-07-10 09:15:25 | TestSub: S7 | Epoch 41/100 Finsh | Now_lr 0.0005/0.0005 | Train Loss 0.0604 | Valid Loss 0.2105 | Train Acc 99.5192 | Valid Acc 90.6250
2026-07-10 09:15:26 | TestSub: S7 | Epoch 42/100 Finsh | Now_lr 0.0005/0.0005 | Train Loss 0.0603 | Valid Loss 0.2005 | Train Acc 99.7596 | Valid Acc 93.7500
2026-07-10 09:15:26 | TestSub: S7 | Epoch 43/100 Finsh | Now_lr 0.0005/0.0005 | Train Loss 0.0639 | Valid Loss 0.2162 | Train Acc 99.2788 | Valid Acc 93.7500
2026-07-10 09:15:27 | TestSub: S7 | Epoch 44/100 Finsh | Now_lr 0.0005/0.0005 | Train Loss 0.0550 | Valid Loss 0.1924 | Train Acc 99.2788 | Valid Acc 93.7500
2026-07-10 09:15:27 | Validation loss decreased (0.198745 --> 0.192397) in epoch (44). Saving model ...
2026-07-10 09:15:27 | TestSub: S7 | Epoch 45/100 Finsh | Now_lr 0.0005/0.0005 | Train Loss 0.0545 | Valid Loss 0.1963 | Train Acc 99.2788 | Valid Acc 93.7500
2026-07-10 09:15:27 | TestSub: S7 | Epoch 46/100 Finsh | Now_lr 0.0005/0.0005 | Train Loss 0.0696 | Valid Loss 0.2092 | Train Acc 98.3173 | Valid Acc 96.8750
2026-07-10 09:15:28 | TestSub: S7 | Epoch 47/100 Finsh | Now_lr 0.0005/0.0005 | Train Loss 0.0656 | Valid Loss 0.2006 | Train Acc 98.7981 | Valid Acc 96.8750
2026-07-10 09:15:28 | TestSub: S7 | Epoch 48/100 Finsh | Now_lr 0.0005/0.0005 | Train Loss 0.0606 | Valid Loss 0.1815 | Train Acc 98.5577 | Valid Acc 96.8750
2026-07-10 09:15:28 | Validation loss decreased (0.192397 --> 0.181454) in epoch (48). Saving model ...
2026-07-10 09:15:31 | TestSub: S7 | Epoch 49/100 Finsh | Now_lr 0.0005/0.0005 | Train Loss 0.0581 | Valid Loss 0.1767 | Train Acc 98.5577 | Valid Acc 96.8750
2026-07-10 09:15:31 | Validation loss decreased (0.181454 --> 0.176696) in epoch (49). Saving model ...
2026-07-10 09:15:31 | TestSub: S7 | Epoch 50/100 Finsh | Now_lr 0.0005/0.0005 | Train Loss 0.0457 | Valid Loss 0.1881 | Train Acc 99.7596 | Valid Acc 96.8750
2026-07-10 09:15:31 | TestSub: S7 | Epoch 51/100 Finsh | Now_lr 0.0005/0.0005 | Train Loss 0.0536 | Valid Loss 0.1667 | Train Acc 99.5192 | Valid Acc 96.8750
2026-07-10 09:15:31 | Validation loss decreased (0.176696 --> 0.166677) in epoch (51). Saving model ...
2026-07-10 09:15:33 | TestSub: S7 | Epoch 52/100 Finsh | Now_lr 0.0005/0.0005 | Train Loss 0.0569 | Valid Loss 0.2089 | Train Acc 99.0385 | Valid Acc 93.7500
2026-07-10 09:15:34 | TestSub: S7 | Epoch 53/100 Finsh | Now_lr 0.0005/0.0005 | Train Loss 0.0549 | Valid Loss 0.1814 | Train Acc 99.0385 | Valid Acc 96.8750
2026-07-10 09:15:34 | TestSub: S7 | Epoch 54/100 Finsh | Now_lr 0.0005/0.0005 | Train Loss 0.0705 | Valid Loss 0.2293 | Train Acc 98.5577 | Valid Acc 93.7500
2026-07-10 09:15:35 | TestSub: S7 | Epoch 55/100 Finsh | Now_lr 0.0005/0.0005 | Train Loss 0.0669 | Valid Loss 0.1845 | Train Acc 98.5577 | Valid Acc 96.8750
2026-07-10 09:15:35 | TestSub: S7 | Epoch 56/100 Finsh | Now_lr 0.0005/0.0005 | Train Loss 0.0583 | Valid Loss 0.1876 | Train Acc 98.3173 | Valid Acc 96.8750
2026-07-10 09:15:36 | TestSub: S7 | Epoch 57/100 Finsh | Now_lr 0.0005/0.0005 | Train Loss 0.0452 | Valid Loss 0.1877 | Train Acc 99.5192 | Valid Acc 96.8750
2026-07-10 09:15:36 | TestSub: S7 | Epoch 58/100 Finsh | Now_lr 0.0005/0.0005 | Train Loss 0.0394 | Valid Loss 0.1916 | Train Acc 99.5192 | Valid Acc 96.8750
2026-07-10 09:15:36 | TestSub: S7 | Epoch 59/100 Finsh | Now_lr 0.0005/0.0005 | Train Loss 0.0441 | Valid Loss 0.2054 | Train Acc 99.5192 | Valid Acc 96.8750
2026-07-10 09:15:37 | TestSub: S7 | Epoch 60/100 Finsh | Now_lr 0.0005/0.0005 | Train Loss 0.0406 | Valid Loss 0.1690 | Train Acc 99.7596 | Valid Acc 96.8750
2026-07-10 09:15:37 | TestSub: S7 | Epoch 61/100 Finsh | Now_lr 0.0005/0.0005 | Train Loss 0.0375 | Valid Loss 0.1890 | Train Acc 99.7596 | Valid Acc 96.8750
2026-07-10 09:15:38 | TestSub: S7 | Epoch 62/100 Finsh | Now_lr 0.0005/0.0005 | Train Loss 0.0412 | Valid Loss 0.1819 | Train Acc 99.5192 | Valid Acc 96.8750
2026-07-10 09:15:38 | TestSub: S7 | Epoch 63/100 Finsh | Now_lr 0.0005/0.0005 | Train Loss 0.0465 | Valid Loss 0.1906 | Train Acc 99.5192 | Valid Acc 96.8750
2026-07-10 09:15:38 | TestSub: S7 | Epoch 64/100 Finsh | Now_lr 0.0005/0.0005 | Train Loss 0.0392 | Valid Loss 0.1776 | Train Acc 99.5192 | Valid Acc 96.8750
2026-07-10 09:15:39 | TestSub: S7 | Epoch 65/100 Finsh | Now_lr 0.0005/0.0005 | Train Loss 0.0434 | Valid Loss 0.1844 | Train Acc 99.7596 | Valid Acc 96.8750
2026-07-10 09:15:39 | TestSub: S7 | Epoch 66/100 Finsh | Now_lr 0.0005/0.0005 | Train Loss 0.0352 | Valid Loss 0.1736 | Train Acc 100.0000 | Valid Acc 96.8750
2026-07-10 09:15:40 | TestSub: S7 | Epoch 67/100 Finsh | Now_lr 0.0005/0.0005 | Train Loss 0.0397 | Valid Loss 0.1947 | Train Acc 99.5192 | Valid Acc 96.8750
2026-07-10 09:15:40 | TestSub: S7 | Epoch 68/100 Finsh | Now_lr 0.0005/0.0005 | Train Loss 0.0337 | Valid Loss 0.1795 | Train Acc 99.7596 | Valid Acc 96.8750
2026-07-10 09:15:41 | TestSub: S7 | Epoch 69/100 Finsh | Now_lr 0.0005/0.0005 | Train Loss 0.0409 | Valid Loss 0.1880 | Train Acc 99.5192 | Valid Acc 96.8750
2026-07-10 09:15:41 | TestSub: S7 | Epoch 70/100 Finsh | Now_lr 0.0005/0.0005 | Train Loss 0.0546 | Valid Loss 0.1597 | Train Acc 98.5577 | Valid Acc 96.8750
2026-07-10 09:15:41 | Validation loss decreased (0.166677 --> 0.159677) in epoch (70). Saving model ...
2026-07-10 09:15:42 | TestSub: S7 | Epoch 71/100 Finsh | Now_lr 0.0005/0.0005 | Train Loss 0.0361 | Valid Loss 0.1866 | Train Acc 99.7596 | Valid Acc 96.8750
2026-07-10 09:15:42 | TestSub: S7 | Epoch 72/100 Finsh | Now_lr 0.0005/0.0005 | Train Loss 0.0329 | Valid Loss 0.1883 | Train Acc 99.5192 | Valid Acc 96.8750
2026-07-10 09:15:43 | TestSub: S7 | Epoch 73/100 Finsh | Now_lr 0.0005/0.0005 | Train Loss 0.0384 | Valid Loss 0.1795 | Train Acc 99.7596 | Valid Acc 96.8750
2026-07-10 09:15:43 | TestSub: S7 | Epoch 74/100 Finsh | Now_lr 0.0005/0.0005 | Train Loss 0.0365 | Valid Loss 0.1926 | Train Acc 99.2788 | Valid Acc 96.8750
2026-07-10 09:15:43 | TestSub: S7 | Epoch 75/100 Finsh | Now_lr 0.0005/0.0005 | Train Loss 0.0349 | Valid Loss 0.1860 | Train Acc 100.0000 | Valid Acc 96.8750
2026-07-10 09:15:44 | TestSub: S7 | Epoch 76/100 Finsh | Now_lr 0.0005/0.0005 | Train Loss 0.0257 | Valid Loss 0.1879 | Train Acc 99.7596 | Valid Acc 96.8750
2026-07-10 09:15:44 | TestSub: S7 | Epoch 77/100 Finsh | Now_lr 0.0005/0.0005 | Train Loss 0.0233 | Valid Loss 0.1896 | Train Acc 100.0000 | Valid Acc 96.8750
2026-07-10 09:15:45 | TestSub: S7 | Epoch 78/100 Finsh | Now_lr 0.0005/0.0005 | Train Loss 0.0388 | Valid Loss 0.2079 | Train Acc 99.2788 | Valid Acc 96.8750
2026-07-10 09:15:45 | TestSub: S7 | Epoch 79/100 Finsh | Now_lr 0.0005/0.0005 | Train Loss 0.0326 | Valid Loss 0.1731 | Train Acc 100.0000 | Valid Acc 96.8750
2026-07-10 09:15:45 | TestSub: S7 | Epoch 80/100 Finsh | Now_lr 0.0005/0.0005 | Train Loss 0.0266 | Valid Loss 0.2097 | Train Acc 99.7596 | Valid Acc 96.8750
2026-07-10 09:15:46 | TestSub: S7 | Epoch 81/100 Finsh | Now_lr 0.0005/0.0005 | Train Loss 0.0294 | Valid Loss 0.1803 | Train Acc 99.5192 | Valid Acc 96.8750
2026-07-10 09:15:46 | TestSub: S7 | Epoch 82/100 Finsh | Now_lr 0.0005/0.0005 | Train Loss 0.0246 | Valid Loss 0.1843 | Train Acc 99.7596 | Valid Acc 96.8750
2026-07-10 09:15:47 | TestSub: S7 | Epoch 83/100 Finsh | Now_lr 0.0005/0.0005 | Train Loss 0.0284 | Valid Loss 0.1845 | Train Acc 99.7596 | Valid Acc 96.8750
2026-07-10 09:15:48 | TestSub: S7 | Epoch 84/100 Finsh | Now_lr 0.0005/0.0005 | Train Loss 0.0220 | Valid Loss 0.1977 | Train Acc 100.0000 | Valid Acc 96.8750
2026-07-10 09:15:48 | TestSub: S7 | Epoch 85/100 Finsh | Now_lr 0.0005/0.0005 | Train Loss 0.0221 | Valid Loss 0.1931 | Train Acc 99.7596 | Valid Acc 96.8750
2026-07-10 09:15:49 | TestSub: S7 | Epoch 86/100 Finsh | Now_lr 0.0005/0.0005 | Train Loss 0.0328 | Valid Loss 0.1976 | Train Acc 99.5192 | Valid Acc 96.8750
2026-07-10 09:15:49 | TestSub: S7 | Epoch 87/100 Finsh | Now_lr 0.0005/0.0005 | Train Loss 0.0347 | Valid Loss 0.1764 | Train Acc 98.7981 | Valid Acc 96.8750
2026-07-10 09:15:50 | TestSub: S7 | Epoch 88/100 Finsh | Now_lr 0.0005/0.0005 | Train Loss 0.0278 | Valid Loss 0.1733 | Train Acc 99.7596 | Valid Acc 96.8750
2026-07-10 09:15:50 | TestSub: S7 | Epoch 89/100 Finsh | Now_lr 0.0005/0.0005 | Train Loss 0.0196 | Valid Loss 0.1812 | Train Acc 100.0000 | Valid Acc 96.8750
2026-07-10 09:15:50 | TestSub: S7 | Epoch 90/100 Finsh | Now_lr 0.0005/0.0005 | Train Loss 0.0197 | Valid Loss 0.1703 | Train Acc 100.0000 | Valid Acc 96.8750
2026-07-10 09:15:51 | TestSub: S7 | Epoch 91/100 Finsh | Now_lr 0.0005/0.0005 | Train Loss 0.0234 | Valid Loss 0.2044 | Train Acc 99.5192 | Valid Acc 96.8750
2026-07-10 09:15:51 | Early stopping at epoch 91!
2026-07-10 09:15:51 | --------------------------------------------------
2026-07-10 09:15:51 | Test_Subject :S7 | Best epoch:70 | Test Loss:0.5217 | Savemodel Acc 71.8750
2026-07-10 09:15:51 | --------------------------------------------------
2026-07-10 09:15:51 | Best epoch: 70 | Test acc: 71.8750
