2026-07-10 09:11:27 | Logging started: ./writer/Subject_dependent_AAD/DTU/5.0s/result//Train5.0s_sub2.log
2026-07-10 09:11:27 | Sub_id: 2
2026-07-10 09:11:29 | TestSub: S2 | Epoch  1/100 Finsh | Now_lr 0.0005/0.0005 | Train Loss 0.7146 | Valid Loss 0.7182 | Train Acc 54.5673 | Valid Acc 43.7500
2026-07-10 09:11:29 | Validation loss decreased (inf --> 0.718168) in epoch (1). Saving model ...
2026-07-10 09:11:30 | TestSub: S2 | Epoch  2/100 Finsh | Now_lr 0.0005/0.0005 | Train Loss 0.6467 | Valid Loss 0.7945 | Train Acc 62.5000 | Valid Acc 43.7500
2026-07-10 09:11:30 | TestSub: S2 | Epoch  3/100 Finsh | Now_lr 0.0005/0.0005 | Train Loss 0.6138 | Valid Loss 0.9212 | Train Acc 67.5481 | Valid Acc 43.7500
2026-07-10 09:11:31 | TestSub: S2 | Epoch  4/100 Finsh | Now_lr 0.0005/0.0005 | Train Loss 0.5653 | Valid Loss 0.9301 | Train Acc 72.1154 | Valid Acc 43.7500
2026-07-10 09:11:31 | TestSub: S2 | Epoch  5/100 Finsh | Now_lr 0.0005/0.0005 | Train Loss 0.5237 | Valid Loss 0.8541 | Train Acc 76.9231 | Valid Acc 43.7500
2026-07-10 09:11:32 | TestSub: S2 | Epoch  6/100 Finsh | Now_lr 0.0005/0.0005 | Train Loss 0.4438 | Valid Loss 0.6700 | Train Acc 82.4519 | Valid Acc 56.2500
2026-07-10 09:11:32 | Validation loss decreased (0.718168 --> 0.669955) in epoch (6). Saving model ...
2026-07-10 09:11:32 | TestSub: S2 | Epoch  7/100 Finsh | Now_lr 0.0005/0.0005 | Train Loss 0.3804 | Valid Loss 0.4917 | Train Acc 89.1827 | Valid Acc 75.0000
2026-07-10 09:11:32 | Validation loss decreased (0.669955 --> 0.491735) in epoch (7). Saving model ...
2026-07-10 09:11:32 | TestSub: S2 | Epoch  8/100 Finsh | Now_lr 0.0005/0.0005 | Train Loss 0.3405 | Valid Loss 0.3723 | Train Acc 89.1827 | Valid Acc 81.2500
2026-07-10 09:11:32 | Validation loss decreased (0.491735 --> 0.372304) in epoch (8). Saving model ...
2026-07-10 09:11:33 | TestSub: S2 | Epoch  9/100 Finsh | Now_lr 0.0005/0.0005 | Train Loss 0.2967 | Valid Loss 0.3053 | Train Acc 93.7500 | Valid Acc 87.5000
2026-07-10 09:11:33 | Validation loss decreased (0.372304 --> 0.305304) in epoch (9). Saving model ...
2026-07-10 09:11:34 | TestSub: S2 | Epoch 10/100 Finsh | Now_lr 0.0005/0.0005 | Train Loss 0.2702 | Valid Loss 0.2680 | Train Acc 94.2308 | Valid Acc 90.6250
2026-07-10 09:11:34 | Validation loss decreased (0.305304 --> 0.267987) in epoch (10). Saving model ...
2026-07-10 09:11:34 | TestSub: S2 | Epoch 11/100 Finsh | Now_lr 0.0005/0.0005 | Train Loss 0.2420 | Valid Loss 0.2349 | Train Acc 92.7885 | Valid Acc 93.7500
2026-07-10 09:11:34 | Validation loss decreased (0.267987 --> 0.234908) in epoch (11). Saving model ...
2026-07-10 09:11:35 | TestSub: S2 | Epoch 12/100 Finsh | Now_lr 0.0005/0.0005 | Train Loss 0.2197 | Valid Loss 0.2179 | Train Acc 94.2308 | Valid Acc 90.6250
2026-07-10 09:11:35 | Validation loss decreased (0.234908 --> 0.217921) in epoch (12). Saving model ...
2026-07-10 09:11:35 | TestSub: S2 | Epoch 13/100 Finsh | Now_lr 0.0005/0.0005 | Train Loss 0.2079 | Valid Loss 0.1989 | Train Acc 94.4712 | Valid Acc 90.6250
2026-07-10 09:11:35 | Validation loss decreased (0.217921 --> 0.198870) in epoch (13). Saving model ...
2026-07-10 09:11:35 | TestSub: S2 | Epoch 14/100 Finsh | Now_lr 0.0005/0.0005 | Train Loss 0.1905 | Valid Loss 0.1944 | Train Acc 95.6731 | Valid Acc 90.6250
2026-07-10 09:11:35 | Validation loss decreased (0.198870 --> 0.194423) in epoch (14). Saving model ...
2026-07-10 09:11:36 | TestSub: S2 | Epoch 15/100 Finsh | Now_lr 0.0005/0.0005 | Train Loss 0.1572 | Valid Loss 0.1784 | Train Acc 97.3558 | Valid Acc 93.7500
2026-07-10 09:11:36 | Validation loss decreased (0.194423 --> 0.178407) in epoch (15). Saving model ...
2026-07-10 09:11:37 | TestSub: S2 | Epoch 16/100 Finsh | Now_lr 0.0005/0.0005 | Train Loss 0.1506 | Valid Loss 0.1579 | Train Acc 97.5962 | Valid Acc 93.7500
2026-07-10 09:11:37 | Validation loss decreased (0.178407 --> 0.157850) in epoch (16). Saving model ...
2026-07-10 09:11:37 | TestSub: S2 | Epoch 17/100 Finsh | Now_lr 0.0005/0.0005 | Train Loss 0.1412 | Valid Loss 0.1516 | Train Acc 96.8750 | Valid Acc 93.7500
2026-07-10 09:11:37 | Validation loss decreased (0.157850 --> 0.151627) in epoch (17). Saving model ...
2026-07-10 09:11:37 | TestSub: S2 | Epoch 18/100 Finsh | Now_lr 0.0005/0.0005 | Train Loss 0.1359 | Valid Loss 0.1498 | Train Acc 98.3173 | Valid Acc 93.7500
2026-07-10 09:11:37 | Validation loss decreased (0.151627 --> 0.149838) in epoch (18). Saving model ...
2026-07-10 09:11:38 | TestSub: S2 | Epoch 19/100 Finsh | Now_lr 0.0005/0.0005 | Train Loss 0.1253 | Valid Loss 0.1389 | Train Acc 98.5577 | Valid Acc 93.7500
2026-07-10 09:11:38 | Validation loss decreased (0.149838 --> 0.138934) in epoch (19). Saving model ...
2026-07-10 09:11:39 | TestSub: S2 | Epoch 20/100 Finsh | Now_lr 0.0005/0.0005 | Train Loss 0.1214 | Valid Loss 0.1339 | Train Acc 97.8365 | Valid Acc 93.7500
2026-07-10 09:11:39 | Validation loss decreased (0.138934 --> 0.133858) in epoch (20). Saving model ...
2026-07-10 09:11:39 | TestSub: S2 | Epoch 21/100 Finsh | Now_lr 0.0005/0.0005 | Train Loss 0.1246 | Valid Loss 0.1244 | Train Acc 97.5962 | Valid Acc 93.7500
2026-07-10 09:11:39 | Validation loss decreased (0.133858 --> 0.124391) in epoch (21). Saving model ...
2026-07-10 09:11:40 | TestSub: S2 | Epoch 22/100 Finsh | Now_lr 0.0005/0.0005 | Train Loss 0.1090 | Valid Loss 0.1055 | Train Acc 97.5962 | Valid Acc 100.0000
2026-07-10 09:11:40 | Validation loss decreased (0.124391 --> 0.105487) in epoch (22). Saving model ...
2026-07-10 09:11:40 | TestSub: S2 | Epoch 23/100 Finsh | Now_lr 0.0005/0.0005 | Train Loss 0.0910 | Valid Loss 0.1121 | Train Acc 99.5192 | Valid Acc 96.8750
2026-07-10 09:11:40 | TestSub: S2 | Epoch 24/100 Finsh | Now_lr 0.0005/0.0005 | Train Loss 0.0873 | Valid Loss 0.1057 | Train Acc 99.2788 | Valid Acc 96.8750
2026-07-10 09:11:41 | TestSub: S2 | Epoch 25/100 Finsh | Now_lr 0.0005/0.0005 | Train Loss 0.0907 | Valid Loss 0.1063 | Train Acc 98.5577 | Valid Acc 96.8750
2026-07-10 09:11:41 | TestSub: S2 | Epoch 26/100 Finsh | Now_lr 0.0005/0.0005 | Train Loss 0.0829 | Valid Loss 0.0944 | Train Acc 99.2788 | Valid Acc 100.0000
2026-07-10 09:11:41 | Validation loss decreased (0.105487 --> 0.094415) in epoch (26). Saving model ...
2026-07-10 09:11:42 | TestSub: S2 | Epoch 27/100 Finsh | Now_lr 0.0005/0.0005 | Train Loss 0.0678 | Valid Loss 0.0910 | Train Acc 99.7596 | Valid Acc 100.0000
2026-07-10 09:11:42 | Validation loss decreased (0.094415 --> 0.090992) in epoch (27). Saving model ...
2026-07-10 09:11:42 | TestSub: S2 | Epoch 28/100 Finsh | Now_lr 0.0005/0.0005 | Train Loss 0.0707 | Valid Loss 0.1031 | Train Acc 99.0385 | Valid Acc 96.8750
2026-07-10 09:11:43 | TestSub: S2 | Epoch 29/100 Finsh | Now_lr 0.0005/0.0005 | Train Loss 0.0820 | Valid Loss 0.0883 | Train Acc 98.5577 | Valid Acc 100.0000
2026-07-10 09:11:43 | Validation loss decreased (0.090992 --> 0.088270) in epoch (29). Saving model ...
2026-07-10 09:11:43 | TestSub: S2 | Epoch 30/100 Finsh | Now_lr 0.0005/0.0005 | Train Loss 0.0668 | Valid Loss 0.0776 | Train Acc 99.0385 | Valid Acc 100.0000
2026-07-10 09:11:43 | Validation loss decreased (0.088270 --> 0.077558) in epoch (30). Saving model ...
2026-07-10 09:11:44 | TestSub: S2 | Epoch 31/100 Finsh | Now_lr 0.0005/0.0005 | Train Loss 0.0615 | Valid Loss 0.0811 | Train Acc 99.5192 | Valid Acc 100.0000
2026-07-10 09:11:44 | TestSub: S2 | Epoch 32/100 Finsh | Now_lr 0.0005/0.0005 | Train Loss 0.0699 | Valid Loss 0.0939 | Train Acc 98.7981 | Valid Acc 96.8750
2026-07-10 09:11:44 | TestSub: S2 | Epoch 33/100 Finsh | Now_lr 0.0005/0.0005 | Train Loss 0.0540 | Valid Loss 0.0792 | Train Acc 99.5192 | Valid Acc 96.8750
2026-07-10 09:11:45 | TestSub: S2 | Epoch 34/100 Finsh | Now_lr 0.0005/0.0005 | Train Loss 0.0599 | Valid Loss 0.0822 | Train Acc 99.2788 | Valid Acc 96.8750
2026-07-10 09:11:45 | TestSub: S2 | Epoch 35/100 Finsh | Now_lr 0.0005/0.0005 | Train Loss 0.0489 | Valid Loss 0.0820 | Train Acc 99.7596 | Valid Acc 96.8750
2026-07-10 09:11:46 | TestSub: S2 | Epoch 36/100 Finsh | Now_lr 0.0005/0.0005 | Train Loss 0.0513 | Valid Loss 0.0675 | Train Acc 99.7596 | Valid Acc 100.0000
2026-07-10 09:11:46 | Validation loss decreased (0.077558 --> 0.067484) in epoch (36). Saving model ...
2026-07-10 09:11:46 | TestSub: S2 | Epoch 37/100 Finsh | Now_lr 0.0005/0.0005 | Train Loss 0.0586 | Valid Loss 0.0820 | Train Acc 99.0385 | Valid Acc 96.8750
2026-07-10 09:11:47 | TestSub: S2 | Epoch 38/100 Finsh | Now_lr 0.0005/0.0005 | Train Loss 0.0408 | Valid Loss 0.0723 | Train Acc 100.0000 | Valid Acc 100.0000
2026-07-10 09:11:47 | TestSub: S2 | Epoch 39/100 Finsh | Now_lr 0.0005/0.0005 | Train Loss 0.0513 | Valid Loss 0.0730 | Train Acc 99.5192 | Valid Acc 100.0000
2026-07-10 09:11:47 | TestSub: S2 | Epoch 40/100 Finsh | Now_lr 0.0005/0.0005 | Train Loss 0.0659 | Valid Loss 0.0832 | Train Acc 98.5577 | Valid Acc 96.8750
2026-07-10 09:11:48 | TestSub: S2 | Epoch 41/100 Finsh | Now_lr 0.0005/0.0005 | Train Loss 0.0428 | Valid Loss 0.0637 | Train Acc 99.7596 | Valid Acc 96.8750
2026-07-10 09:11:48 | Validation loss decreased (0.067484 --> 0.063684) in epoch (41). Saving model ...
2026-07-10 09:11:48 | TestSub: S2 | Epoch 42/100 Finsh | Now_lr 0.0005/0.0005 | Train Loss 0.0401 | Valid Loss 0.0636 | Train Acc 99.7596 | Valid Acc 100.0000
2026-07-10 09:11:48 | Validation loss decreased (0.063684 --> 0.063625) in epoch (42). Saving model ...
2026-07-10 09:11:49 | TestSub: S2 | Epoch 43/100 Finsh | Now_lr 0.0005/0.0005 | Train Loss 0.0493 | Valid Loss 0.0734 | Train Acc 99.2788 | Valid Acc 96.8750
2026-07-10 09:11:49 | TestSub: S2 | Epoch 44/100 Finsh | Now_lr 0.0005/0.0005 | Train Loss 0.0275 | Valid Loss 0.0732 | Train Acc 99.7596 | Valid Acc 96.8750
2026-07-10 09:11:50 | TestSub: S2 | Epoch 45/100 Finsh | Now_lr 0.0005/0.0005 | Train Loss 0.0379 | Valid Loss 0.0699 | Train Acc 99.5192 | Valid Acc 96.8750
2026-07-10 09:11:50 | TestSub: S2 | Epoch 46/100 Finsh | Now_lr 0.0005/0.0005 | Train Loss 0.0466 | Valid Loss 0.0504 | Train Acc 99.7596 | Valid Acc 100.0000
2026-07-10 09:11:50 | Validation loss decreased (0.063625 --> 0.050429) in epoch (46). Saving model ...
2026-07-10 09:11:51 | TestSub: S2 | Epoch 47/100 Finsh | Now_lr 0.0005/0.0005 | Train Loss 0.0281 | Valid Loss 0.0507 | Train Acc 100.0000 | Valid Acc 100.0000
2026-07-10 09:11:51 | TestSub: S2 | Epoch 48/100 Finsh | Now_lr 0.0005/0.0005 | Train Loss 0.0262 | Valid Loss 0.0717 | Train Acc 100.0000 | Valid Acc 96.8750
2026-07-10 09:11:52 | TestSub: S2 | Epoch 49/100 Finsh | Now_lr 0.0005/0.0005 | Train Loss 0.0379 | Valid Loss 0.0607 | Train Acc 99.7596 | Valid Acc 100.0000
2026-07-10 09:11:52 | TestSub: S2 | Epoch 50/100 Finsh | Now_lr 0.0005/0.0005 | Train Loss 0.0211 | Valid Loss 0.0591 | Train Acc 100.0000 | Valid Acc 100.0000
2026-07-10 09:11:52 | TestSub: S2 | Epoch 51/100 Finsh | Now_lr 0.0005/0.0005 | Train Loss 0.0296 | Valid Loss 0.0523 | Train Acc 100.0000 | Valid Acc 100.0000
2026-07-10 09:11:53 | TestSub: S2 | Epoch 52/100 Finsh | Now_lr 0.0005/0.0005 | Train Loss 0.0251 | Valid Loss 0.0514 | Train Acc 100.0000 | Valid Acc 100.0000
2026-07-10 09:11:53 | TestSub: S2 | Epoch 53/100 Finsh | Now_lr 0.0005/0.0005 | Train Loss 0.0247 | Valid Loss 0.0504 | Train Acc 99.7596 | Valid Acc 100.0000
2026-07-10 09:11:53 | Validation loss decreased (0.050429 --> 0.050350) in epoch (53). Saving model ...
2026-07-10 09:11:55 | TestSub: S2 | Epoch 54/100 Finsh | Now_lr 0.0005/0.0005 | Train Loss 0.0347 | Valid Loss 0.0673 | Train Acc 99.5192 | Valid Acc 96.8750
2026-07-10 09:11:56 | TestSub: S2 | Epoch 55/100 Finsh | Now_lr 0.0005/0.0005 | Train Loss 0.0301 | Valid Loss 0.0548 | Train Acc 100.0000 | Valid Acc 100.0000
2026-07-10 09:11:57 | TestSub: S2 | Epoch 56/100 Finsh | Now_lr 0.0005/0.0005 | Train Loss 0.0251 | Valid Loss 0.0624 | Train Acc 99.7596 | Valid Acc 96.8750
2026-07-10 09:11:57 | TestSub: S2 | Epoch 57/100 Finsh | Now_lr 0.0005/0.0005 | Train Loss 0.0367 | Valid Loss 0.0452 | Train Acc 99.2788 | Valid Acc 100.0000
2026-07-10 09:11:57 | Validation loss decreased (0.050350 --> 0.045229) in epoch (57). Saving model ...
2026-07-10 09:11:57 | TestSub: S2 | Epoch 58/100 Finsh | Now_lr 0.0005/0.0005 | Train Loss 0.0299 | Valid Loss 0.0553 | Train Acc 99.5192 | Valid Acc 100.0000
2026-07-10 09:11:58 | TestSub: S2 | Epoch 59/100 Finsh | Now_lr 0.0005/0.0005 | Train Loss 0.0215 | Valid Loss 0.0676 | Train Acc 100.0000 | Valid Acc 100.0000
2026-07-10 09:11:58 | TestSub: S2 | Epoch 60/100 Finsh | Now_lr 0.0005/0.0005 | Train Loss 0.0219 | Valid Loss 0.0502 | Train Acc 100.0000 | Valid Acc 100.0000
2026-07-10 09:11:59 | TestSub: S2 | Epoch 61/100 Finsh | Now_lr 0.0005/0.0005 | Train Loss 0.0184 | Valid Loss 0.0429 | Train Acc 100.0000 | Valid Acc 100.0000
2026-07-10 09:11:59 | Validation loss decreased (0.045229 --> 0.042877) in epoch (61). Saving model ...
2026-07-10 09:11:59 | TestSub: S2 | Epoch 62/100 Finsh | Now_lr 0.0005/0.0005 | Train Loss 0.0155 | Valid Loss 0.0447 | Train Acc 100.0000 | Valid Acc 100.0000
2026-07-10 09:12:00 | TestSub: S2 | Epoch 63/100 Finsh | Now_lr 0.0005/0.0005 | Train Loss 0.0196 | Valid Loss 0.0410 | Train Acc 100.0000 | Valid Acc 100.0000
2026-07-10 09:12:00 | Validation loss decreased (0.042877 --> 0.041048) in epoch (63). Saving model ...
2026-07-10 09:12:00 | TestSub: S2 | Epoch 64/100 Finsh | Now_lr 0.0005/0.0005 | Train Loss 0.0176 | Valid Loss 0.0429 | Train Acc 100.0000 | Valid Acc 100.0000
2026-07-10 09:12:01 | TestSub: S2 | Epoch 65/100 Finsh | Now_lr 0.0005/0.0005 | Train Loss 0.0258 | Valid Loss 0.0545 | Train Acc 99.5192 | Valid Acc 100.0000
2026-07-10 09:12:01 | TestSub: S2 | Epoch 66/100 Finsh | Now_lr 0.0005/0.0005 | Train Loss 0.0204 | Valid Loss 0.0393 | Train Acc 100.0000 | Valid Acc 100.0000
2026-07-10 09:12:01 | Validation loss decreased (0.041048 --> 0.039311) in epoch (66). Saving model ...
2026-07-10 09:12:01 | TestSub: S2 | Epoch 67/100 Finsh | Now_lr 0.0005/0.0005 | Train Loss 0.0145 | Valid Loss 0.0376 | Train Acc 100.0000 | Valid Acc 100.0000
2026-07-10 09:12:01 | Validation loss decreased (0.039311 --> 0.037562) in epoch (67). Saving model ...
2026-07-10 09:12:02 | TestSub: S2 | Epoch 68/100 Finsh | Now_lr 0.0005/0.0005 | Train Loss 0.0205 | Valid Loss 0.0351 | Train Acc 100.0000 | Valid Acc 100.0000
2026-07-10 09:12:02 | Validation loss decreased (0.037562 --> 0.035101) in epoch (68). Saving model ...
2026-07-10 09:12:02 | TestSub: S2 | Epoch 69/100 Finsh | Now_lr 0.0005/0.0005 | Train Loss 0.0172 | Valid Loss 0.0419 | Train Acc 99.7596 | Valid Acc 100.0000
2026-07-10 09:12:03 | TestSub: S2 | Epoch 70/100 Finsh | Now_lr 0.0005/0.0005 | Train Loss 0.0136 | Valid Loss 0.0436 | Train Acc 100.0000 | Valid Acc 100.0000
2026-07-10 09:12:03 | TestSub: S2 | Epoch 71/100 Finsh | Now_lr 0.0005/0.0005 | Train Loss 0.0117 | Valid Loss 0.0420 | Train Acc 100.0000 | Valid Acc 100.0000
2026-07-10 09:12:04 | TestSub: S2 | Epoch 72/100 Finsh | Now_lr 0.0005/0.0005 | Train Loss 0.0136 | Valid Loss 0.0370 | Train Acc 100.0000 | Valid Acc 100.0000
2026-07-10 09:12:04 | TestSub: S2 | Epoch 73/100 Finsh | Now_lr 0.0005/0.0005 | Train Loss 0.0107 | Valid Loss 0.0383 | Train Acc 100.0000 | Valid Acc 100.0000
2026-07-10 09:12:04 | TestSub: S2 | Epoch 74/100 Finsh | Now_lr 0.0005/0.0005 | Train Loss 0.0117 | Valid Loss 0.0392 | Train Acc 100.0000 | Valid Acc 100.0000
2026-07-10 09:12:05 | TestSub: S2 | Epoch 75/100 Finsh | Now_lr 0.0005/0.0005 | Train Loss 0.0120 | Valid Loss 0.0368 | Train Acc 100.0000 | Valid Acc 100.0000
2026-07-10 09:12:05 | TestSub: S2 | Epoch 76/100 Finsh | Now_lr 0.0005/0.0005 | Train Loss 0.0105 | Valid Loss 0.0318 | Train Acc 100.0000 | Valid Acc 100.0000
2026-07-10 09:12:05 | Validation loss decreased (0.035101 --> 0.031815) in epoch (76). Saving model ...
2026-07-10 09:12:06 | TestSub: S2 | Epoch 77/100 Finsh | Now_lr 0.0005/0.0005 | Train Loss 0.0135 | Valid Loss 0.0375 | Train Acc 100.0000 | Valid Acc 100.0000
2026-07-10 09:12:06 | TestSub: S2 | Epoch 78/100 Finsh | Now_lr 0.0005/0.0005 | Train Loss 0.0123 | Valid Loss 0.0345 | Train Acc 100.0000 | Valid Acc 100.0000
2026-07-10 09:12:07 | TestSub: S2 | Epoch 79/100 Finsh | Now_lr 0.0005/0.0005 | Train Loss 0.0103 | Valid Loss 0.0335 | Train Acc 100.0000 | Valid Acc 100.0000
2026-07-10 09:12:07 | TestSub: S2 | Epoch 80/100 Finsh | Now_lr 0.0005/0.0005 | Train Loss 0.0102 | Valid Loss 0.0392 | Train Acc 100.0000 | Valid Acc 100.0000
2026-07-10 09:12:08 | TestSub: S2 | Epoch 81/100 Finsh | Now_lr 0.0005/0.0005 | Train Loss 0.0129 | Valid Loss 0.0322 | Train Acc 100.0000 | Valid Acc 100.0000
2026-07-10 09:12:08 | TestSub: S2 | Epoch 82/100 Finsh | Now_lr 0.0005/0.0005 | Train Loss 0.0115 | Valid Loss 0.0331 | Train Acc 100.0000 | Valid Acc 100.0000
2026-07-10 09:12:09 | TestSub: S2 | Epoch 83/100 Finsh | Now_lr 0.0005/0.0005 | Train Loss 0.0112 | Valid Loss 0.0338 | Train Acc 100.0000 | Valid Acc 100.0000
2026-07-10 09:12:09 | TestSub: S2 | Epoch 84/100 Finsh | Now_lr 0.0005/0.0005 | Train Loss 0.0156 | Valid Loss 0.0565 | Train Acc 99.5192 | Valid Acc 100.0000
2026-07-10 09:12:09 | TestSub: S2 | Epoch 85/100 Finsh | Now_lr 0.0005/0.0005 | Train Loss 0.0127 | Valid Loss 0.0413 | Train Acc 100.0000 | Valid Acc 100.0000
2026-07-10 09:12:10 | TestSub: S2 | Epoch 86/100 Finsh | Now_lr 0.0005/0.0005 | Train Loss 0.0083 | Valid Loss 0.0244 | Train Acc 100.0000 | Valid Acc 100.0000
2026-07-10 09:12:10 | Validation loss decreased (0.031815 --> 0.024438) in epoch (86). Saving model ...
2026-07-10 09:12:10 | TestSub: S2 | Epoch 87/100 Finsh | Now_lr 0.0005/0.0005 | Train Loss 0.0132 | Valid Loss 0.0547 | Train Acc 99.7596 | Valid Acc 100.0000
2026-07-10 09:12:11 | TestSub: S2 | Epoch 88/100 Finsh | Now_lr 0.0005/0.0005 | Train Loss 0.0151 | Valid Loss 0.0353 | Train Acc 100.0000 | Valid Acc 100.0000
2026-07-10 09:12:11 | TestSub: S2 | Epoch 89/100 Finsh | Now_lr 0.0005/0.0005 | Train Loss 0.0080 | Valid Loss 0.0265 | Train Acc 100.0000 | Valid Acc 100.0000
2026-07-10 09:12:12 | TestSub: S2 | Epoch 90/100 Finsh | Now_lr 0.0005/0.0005 | Train Loss 0.0108 | Valid Loss 0.0283 | Train Acc 100.0000 | Valid Acc 100.0000
2026-07-10 09:12:12 | TestSub: S2 | Epoch 91/100 Finsh | Now_lr 0.0005/0.0005 | Train Loss 0.0121 | Valid Loss 0.0366 | Train Acc 100.0000 | Valid Acc 100.0000
2026-07-10 09:12:12 | TestSub: S2 | Epoch 92/100 Finsh | Now_lr 0.0005/0.0005 | Train Loss 0.0066 | Valid Loss 0.0361 | Train Acc 100.0000 | Valid Acc 100.0000
2026-07-10 09:12:13 | TestSub: S2 | Epoch 93/100 Finsh | Now_lr 0.0005/0.0005 | Train Loss 0.0090 | Valid Loss 0.0288 | Train Acc 100.0000 | Valid Acc 100.0000
2026-07-10 09:12:13 | TestSub: S2 | Epoch 94/100 Finsh | Now_lr 0.0005/0.0005 | Train Loss 0.0083 | Valid Loss 0.0249 | Train Acc 100.0000 | Valid Acc 100.0000
2026-07-10 09:12:14 | TestSub: S2 | Epoch 95/100 Finsh | Now_lr 0.0005/0.0005 | Train Loss 0.0066 | Valid Loss 0.0269 | Train Acc 100.0000 | Valid Acc 100.0000
2026-07-10 09:12:14 | TestSub: S2 | Epoch 96/100 Finsh | Now_lr 0.0005/0.0005 | Train Loss 0.0073 | Valid Loss 0.0276 | Train Acc 100.0000 | Valid Acc 100.0000
2026-07-10 09:12:15 | TestSub: S2 | Epoch 97/100 Finsh | Now_lr 0.0005/0.0005 | Train Loss 0.0073 | Valid Loss 0.0276 | Train Acc 100.0000 | Valid Acc 100.0000
2026-07-10 09:12:15 | TestSub: S2 | Epoch 98/100 Finsh | Now_lr 0.0005/0.0005 | Train Loss 0.0066 | Valid Loss 0.0273 | Train Acc 100.0000 | Valid Acc 100.0000
2026-07-10 09:12:15 | TestSub: S2 | Epoch 99/100 Finsh | Now_lr 0.0005/0.0005 | Train Loss 0.0091 | Valid Loss 0.0337 | Train Acc 100.0000 | Valid Acc 100.0000
2026-07-10 09:12:16 | TestSub: S2 | Epoch 100/100 Finsh | Now_lr 0.0005/0.0005 | Train Loss 0.0065 | Valid Loss 0.0413 | Train Acc 100.0000 | Valid Acc 100.0000
2026-07-10 09:12:16 | --------------------------------------------------
2026-07-10 09:12:16 | Test_Subject :S2 | Best epoch:86 | Test Loss:0.1245 | Savemodel Acc 93.7500
2026-07-10 09:12:16 | --------------------------------------------------
2026-07-10 09:12:16 | Best epoch: 86 | Test acc: 93.7500
