2026-07-15 23:53:06 | Logging started: ./writer/Subject_independent_AAD/AVEDao/5.0s/result//Train5.0s_sub10.log
2026-07-15 23:53:19 | TestSub: S10 | Epoch  1/100 Finsh | Now_lr 0.0005/0.0005 | Train Loss 0.6967 | Valid Loss 0.6915 | Train Acc 50.6486 | Valid Acc 51.1853
2026-07-15 23:53:24 | TestSub: S10 | Epoch  2/100 Finsh | Now_lr 0.0005/0.0005 | Train Loss 0.6902 | Valid Loss 0.6928 | Train Acc 53.4198 | Valid Acc 50.6466
2026-07-15 23:53:28 | TestSub: S10 | Epoch  3/100 Finsh | Now_lr 0.0005/0.0005 | Train Loss 0.6873 | Valid Loss 0.6924 | Train Acc 54.4575 | Valid Acc 50.5388
2026-07-15 23:53:33 | TestSub: S10 | Epoch  4/100 Finsh | Now_lr 0.0005/0.0005 | Train Loss 0.6823 | Valid Loss 0.6954 | Train Acc 55.9552 | Valid Acc 48.9224
2026-07-15 23:53:37 | TestSub: S10 | Epoch  5/100 Finsh | Now_lr 0.0005/0.0005 | Train Loss 0.6812 | Valid Loss 0.6904 | Train Acc 56.0613 | Valid Acc 53.1250
2026-07-15 23:53:42 | TestSub: S10 | Epoch  6/100 Finsh | Now_lr 0.0005/0.0005 | Train Loss 0.6779 | Valid Loss 0.6972 | Train Acc 57.5943 | Valid Acc 50.1078
2026-07-15 23:53:46 | TestSub: S10 | Epoch  7/100 Finsh | Now_lr 0.0005/0.0005 | Train Loss 0.6741 | Valid Loss 0.6896 | Train Acc 58.3844 | Valid Acc 52.6940
2026-07-15 23:53:51 | TestSub: S10 | Epoch  8/100 Finsh | Now_lr 0.0005/0.0005 | Train Loss 0.6704 | Valid Loss 0.6918 | Train Acc 58.7028 | Valid Acc 53.3405
2026-07-15 23:53:56 | TestSub: S10 | Epoch  9/100 Finsh | Now_lr 0.0005/0.0005 | Train Loss 0.6670 | Valid Loss 0.6973 | Train Acc 59.9292 | Valid Acc 50.7543
2026-07-15 23:54:00 | TestSub: S10 | Epoch 10/100 Finsh | Now_lr 0.0005/0.0005 | Train Loss 0.6641 | Valid Loss 0.6951 | Train Acc 60.0118 | Valid Acc 50.8621
2026-07-15 23:54:05 | TestSub: S10 | Epoch 11/100 Finsh | Now_lr 0.0005/0.0005 | Train Loss 0.6611 | Valid Loss 0.7020 | Train Acc 60.3066 | Valid Acc 51.1853
2026-07-15 23:54:09 | TestSub: S10 | Epoch 12/100 Finsh | Now_lr 0.0005/0.0005 | Train Loss 0.6582 | Valid Loss 0.6965 | Train Acc 61.2972 | Valid Acc 50.8621
2026-07-15 23:54:14 | TestSub: S10 | Epoch 13/100 Finsh | Now_lr 0.0005/0.0005 | Train Loss 0.6569 | Valid Loss 0.6989 | Train Acc 61.0731 | Valid Acc 50.4310
2026-07-15 23:54:18 | TestSub: S10 | Epoch 14/100 Finsh | Now_lr 0.0005/0.0005 | Train Loss 0.6513 | Valid Loss 0.6999 | Train Acc 62.3467 | Valid Acc 52.2629
2026-07-15 23:54:23 | TestSub: S10 | Epoch 15/100 Finsh | Now_lr 0.0005/0.0005 | Train Loss 0.6482 | Valid Loss 0.6960 | Train Acc 62.1108 | Valid Acc 51.8319
2026-07-15 23:54:27 | TestSub: S10 | Epoch 16/100 Finsh | Now_lr 0.0005/0.0005 | Train Loss 0.6451 | Valid Loss 0.6942 | Train Acc 63.1250 | Valid Acc 51.5086
2026-07-15 23:54:32 | TestSub: S10 | Epoch 17/100 Finsh | Now_lr 0.0005/0.0005 | Train Loss 0.6425 | Valid Loss 0.6917 | Train Acc 63.2901 | Valid Acc 52.3707
2026-07-15 23:54:36 | TestSub: S10 | Epoch 18/100 Finsh | Now_lr 0.0005/0.0005 | Train Loss 0.6407 | Valid Loss 0.6959 | Train Acc 63.6439 | Valid Acc 50.7543
2026-07-15 23:54:41 | TestSub: S10 | Epoch 19/100 Finsh | Now_lr 0.0005/0.0005 | Train Loss 0.6386 | Valid Loss 0.6909 | Train Acc 63.2901 | Valid Acc 52.6940
2026-07-15 23:54:46 | TestSub: S10 | Epoch 20/100 Finsh | Now_lr 0.0005/0.0005 | Train Loss 0.6327 | Valid Loss 0.6979 | Train Acc 64.2453 | Valid Acc 51.1853
2026-07-15 23:54:50 | TestSub: S10 | Epoch 21/100 Finsh | Now_lr 0.0005/0.0005 | Train Loss 0.6318 | Valid Loss 0.7032 | Train Acc 64.0684 | Valid Acc 49.3534
2026-07-15 23:54:55 | TestSub: S10 | Epoch 22/100 Finsh | Now_lr 0.0005/0.0005 | Train Loss 0.6284 | Valid Loss 0.6972 | Train Acc 64.7759 | Valid Acc 51.4009
2026-07-15 23:54:59 | TestSub: S10 | Epoch 23/100 Finsh | Now_lr 0.0005/0.0005 | Train Loss 0.6268 | Valid Loss 0.6932 | Train Acc 64.9646 | Valid Acc 52.8017
2026-07-15 23:55:04 | TestSub: S10 | Epoch 24/100 Finsh | Now_lr 0.0005/0.0005 | Train Loss 0.6265 | Valid Loss 0.6994 | Train Acc 64.6934 | Valid Acc 51.4009
2026-07-15 23:55:08 | TestSub: S10 | Epoch 25/100 Finsh | Now_lr 0.0005/0.0005 | Train Loss 0.6173 | Valid Loss 0.7008 | Train Acc 66.1321 | Valid Acc 51.7241
2026-07-15 23:55:13 | TestSub: S10 | Epoch 26/100 Finsh | Now_lr 0.0005/0.0005 | Train Loss 0.6229 | Valid Loss 0.7001 | Train Acc 65.5896 | Valid Acc 51.6164
2026-07-15 23:55:17 | TestSub: S10 | Epoch 27/100 Finsh | Now_lr 0.0005/0.0005 | Train Loss 0.6215 | Valid Loss 0.7015 | Train Acc 65.1533 | Valid Acc 51.5086
2026-07-15 23:55:22 | TestSub: S10 | Epoch 28/100 Finsh | Now_lr 0.0005/0.0005 | Train Loss 0.6152 | Valid Loss 0.7036 | Train Acc 66.0613 | Valid Acc 52.6940
2026-07-15 23:55:27 | TestSub: S10 | Epoch 29/100 Finsh | Now_lr 0.0005/0.0005 | Train Loss 0.6117 | Valid Loss 0.7077 | Train Acc 66.6392 | Valid Acc 52.1552
2026-07-15 23:55:27 | --------------------------------------------------
2026-07-15 23:55:27 | Test_Subject :S10 | Best epoch:8 | Test Loss:0.6918 | Savemodel Acc 53.3405
2026-07-15 23:55:27 | --------------------------------------------------
2026-07-15 23:55:27 | Best epoch: 8 | Test acc: 53.3405
