2026-07-15 09:50:56 | Logging started: ./writer/Subject_independent_AAD/DTU/10.0s/result//Train10.0s_sub3.log
2026-07-15 09:51:28 | TestSub: S3 | Epoch  1/100 Finsh | Now_lr 0.0005/0.0005 | Train Loss 0.7175 | Valid Loss 0.7097 | Train Acc 52.7313 | Valid Acc 47.3214
2026-07-15 09:51:36 | TestSub: S3 | Epoch  2/100 Finsh | Now_lr 0.0005/0.0005 | Train Loss 0.6779 | Valid Loss 0.7174 | Train Acc 58.2431 | Valid Acc 49.1071
2026-07-15 09:51:44 | TestSub: S3 | Epoch  3/100 Finsh | Now_lr 0.0005/0.0005 | Train Loss 0.6529 | Valid Loss 0.7270 | Train Acc 61.2451 | Valid Acc 52.2321
2026-07-15 09:51:52 | TestSub: S3 | Epoch  4/100 Finsh | Now_lr 0.0005/0.0005 | Train Loss 0.6275 | Valid Loss 0.7842 | Train Acc 64.5423 | Valid Acc 54.9107
2026-07-15 09:52:00 | TestSub: S3 | Epoch  5/100 Finsh | Now_lr 0.0005/0.0005 | Train Loss 0.6219 | Valid Loss 0.8898 | Train Acc 65.0591 | Valid Acc 54.4643
2026-07-15 09:52:09 | TestSub: S3 | Epoch  6/100 Finsh | Now_lr 0.0005/0.0005 | Train Loss 0.5914 | Valid Loss 0.8729 | Train Acc 68.3317 | Valid Acc 58.0357
2026-07-15 09:52:17 | TestSub: S3 | Epoch  7/100 Finsh | Now_lr 0.0005/0.0005 | Train Loss 0.5761 | Valid Loss 1.0263 | Train Acc 68.7254 | Valid Acc 56.2500
2026-07-15 09:52:25 | TestSub: S3 | Epoch  8/100 Finsh | Now_lr 0.0005/0.0005 | Train Loss 0.5609 | Valid Loss 0.9746 | Train Acc 69.5128 | Valid Acc 56.6964
2026-07-15 09:52:33 | TestSub: S3 | Epoch  9/100 Finsh | Now_lr 0.0005/0.0005 | Train Loss 0.5587 | Valid Loss 1.0944 | Train Acc 69.9065 | Valid Acc 56.2500
2026-07-15 09:52:41 | TestSub: S3 | Epoch 10/100 Finsh | Now_lr 0.0005/0.0005 | Train Loss 0.5457 | Valid Loss 1.1027 | Train Acc 71.1368 | Valid Acc 57.1429
2026-07-15 09:52:49 | TestSub: S3 | Epoch 11/100 Finsh | Now_lr 0.0005/0.0005 | Train Loss 0.5294 | Valid Loss 1.1468 | Train Acc 72.4902 | Valid Acc 56.2500
2026-07-15 09:52:59 | TestSub: S3 | Epoch 12/100 Finsh | Now_lr 0.0005/0.0005 | Train Loss 0.5201 | Valid Loss 1.2639 | Train Acc 73.1053 | Valid Acc 57.1429
2026-07-15 09:53:08 | TestSub: S3 | Epoch 13/100 Finsh | Now_lr 0.0005/0.0005 | Train Loss 0.5197 | Valid Loss 1.1978 | Train Acc 74.3848 | Valid Acc 57.1429
2026-07-15 09:53:16 | TestSub: S3 | Epoch 14/100 Finsh | Now_lr 0.0005/0.0005 | Train Loss 0.5093 | Valid Loss 1.1896 | Train Acc 74.4587 | Valid Acc 57.5893
2026-07-15 09:53:25 | TestSub: S3 | Epoch 15/100 Finsh | Now_lr 0.0005/0.0005 | Train Loss 0.5078 | Valid Loss 1.1812 | Train Acc 74.0157 | Valid Acc 57.1429
2026-07-15 09:53:34 | TestSub: S3 | Epoch 16/100 Finsh | Now_lr 0.0005/0.0005 | Train Loss 0.4915 | Valid Loss 1.5258 | Train Acc 75.5413 | Valid Acc 56.6964
2026-07-15 09:53:42 | TestSub: S3 | Epoch 17/100 Finsh | Now_lr 0.0005/0.0005 | Train Loss 0.4924 | Valid Loss 1.3472 | Train Acc 75.4183 | Valid Acc 56.6964
2026-07-15 09:53:51 | TestSub: S3 | Epoch 18/100 Finsh | Now_lr 0.0005/0.0005 | Train Loss 0.4836 | Valid Loss 1.3750 | Train Acc 75.8120 | Valid Acc 57.1429
2026-07-15 09:53:59 | TestSub: S3 | Epoch 19/100 Finsh | Now_lr 0.0005/0.0005 | Train Loss 0.4785 | Valid Loss 1.4142 | Train Acc 76.0335 | Valid Acc 57.1429
2026-07-15 09:54:12 | TestSub: S3 | Epoch 20/100 Finsh | Now_lr 0.0005/0.0005 | Train Loss 0.4806 | Valid Loss 1.3250 | Train Acc 75.4183 | Valid Acc 57.1429
2026-07-15 09:54:20 | TestSub: S3 | Epoch 21/100 Finsh | Now_lr 0.0005/0.0005 | Train Loss 0.4720 | Valid Loss 1.6700 | Train Acc 76.2057 | Valid Acc 56.2500
2026-07-15 09:54:28 | TestSub: S3 | Epoch 22/100 Finsh | Now_lr 0.0005/0.0005 | Train Loss 0.4708 | Valid Loss 1.3452 | Train Acc 76.4026 | Valid Acc 57.5893
2026-07-15 09:54:37 | TestSub: S3 | Epoch 23/100 Finsh | Now_lr 0.0005/0.0005 | Train Loss 0.4554 | Valid Loss 1.5929 | Train Acc 77.9774 | Valid Acc 56.6964
2026-07-15 09:54:49 | TestSub: S3 | Epoch 24/100 Finsh | Now_lr 0.0005/0.0005 | Train Loss 0.4619 | Valid Loss 1.6622 | Train Acc 76.7963 | Valid Acc 55.8036
2026-07-15 09:55:01 | TestSub: S3 | Epoch 25/100 Finsh | Now_lr 0.0005/0.0005 | Train Loss 0.4562 | Valid Loss 1.4460 | Train Acc 76.8209 | Valid Acc 56.6964
2026-07-15 09:55:09 | TestSub: S3 | Epoch 26/100 Finsh | Now_lr 0.0005/0.0005 | Train Loss 0.4591 | Valid Loss 1.7534 | Train Acc 77.0915 | Valid Acc 56.6964
2026-07-15 09:55:17 | TestSub: S3 | Epoch 27/100 Finsh | Now_lr 0.0005/0.0005 | Train Loss 0.4424 | Valid Loss 1.6703 | Train Acc 78.3711 | Valid Acc 57.1429
2026-07-15 09:55:18 | --------------------------------------------------
2026-07-15 09:55:18 | Test_Subject :S3 | Best epoch:6 | Test Loss:0.8729 | Savemodel Acc 58.0357
2026-07-15 09:55:18 | --------------------------------------------------
2026-07-15 09:55:18 | Best epoch: 6 | Test acc: 58.0357
