2026-07-15 10:11:59 | Logging started: ./writer/Subject_independent_AAD/DTU/10.0s/result//Train10.0s_sub6.log
2026-07-15 10:12:32 | TestSub: S6 | Epoch  1/100 Finsh | Now_lr 0.0005/0.0005 | Train Loss 0.7002 | Valid Loss 0.6881 | Train Acc 51.2057 | Valid Acc 53.5714
2026-07-15 10:12:40 | TestSub: S6 | Epoch  2/100 Finsh | Now_lr 0.0005/0.0005 | Train Loss 0.6599 | Valid Loss 0.6579 | Train Acc 60.3100 | Valid Acc 58.9286
2026-07-15 10:12:48 | TestSub: S6 | Epoch  3/100 Finsh | Now_lr 0.0005/0.0005 | Train Loss 0.6318 | Valid Loss 0.6669 | Train Acc 63.8780 | Valid Acc 56.6964
2026-07-15 10:12:56 | TestSub: S6 | Epoch  4/100 Finsh | Now_lr 0.0005/0.0005 | Train Loss 0.6084 | Valid Loss 0.6828 | Train Acc 66.3386 | Valid Acc 57.5893
2026-07-15 10:13:09 | TestSub: S6 | Epoch  5/100 Finsh | Now_lr 0.0005/0.0005 | Train Loss 0.6008 | Valid Loss 0.7446 | Train Acc 66.5108 | Valid Acc 57.5893
2026-07-15 10:13:17 | TestSub: S6 | Epoch  6/100 Finsh | Now_lr 0.0005/0.0005 | Train Loss 0.5799 | Valid Loss 0.7069 | Train Acc 68.8730 | Valid Acc 59.8214
2026-07-15 10:13:25 | TestSub: S6 | Epoch  7/100 Finsh | Now_lr 0.0005/0.0005 | Train Loss 0.5686 | Valid Loss 0.8088 | Train Acc 69.6850 | Valid Acc 57.1429
2026-07-15 10:13:33 | TestSub: S6 | Epoch  8/100 Finsh | Now_lr 0.0005/0.0005 | Train Loss 0.5569 | Valid Loss 0.9362 | Train Acc 70.9154 | Valid Acc 57.5893
2026-07-15 10:13:40 | TestSub: S6 | Epoch  9/100 Finsh | Now_lr 0.0005/0.0005 | Train Loss 0.5442 | Valid Loss 0.9275 | Train Acc 71.6043 | Valid Acc 57.5893
2026-07-15 10:13:48 | TestSub: S6 | Epoch 10/100 Finsh | Now_lr 0.0005/0.0005 | Train Loss 0.5428 | Valid Loss 0.9444 | Train Acc 71.4567 | Valid Acc 56.6964
2026-07-15 10:13:57 | TestSub: S6 | Epoch 11/100 Finsh | Now_lr 0.0005/0.0005 | Train Loss 0.5242 | Valid Loss 0.9750 | Train Acc 73.7451 | Valid Acc 57.1429
2026-07-15 10:14:09 | TestSub: S6 | Epoch 12/100 Finsh | Now_lr 0.0005/0.0005 | Train Loss 0.5130 | Valid Loss 1.1797 | Train Acc 74.2618 | Valid Acc 56.6964
2026-07-15 10:14:17 | TestSub: S6 | Epoch 13/100 Finsh | Now_lr 0.0005/0.0005 | Train Loss 0.5077 | Valid Loss 1.0316 | Train Acc 74.1142 | Valid Acc 57.5893
2026-07-15 10:14:28 | TestSub: S6 | Epoch 14/100 Finsh | Now_lr 0.0005/0.0005 | Train Loss 0.5023 | Valid Loss 1.2223 | Train Acc 74.1880 | Valid Acc 56.6964
2026-07-15 10:14:36 | TestSub: S6 | Epoch 15/100 Finsh | Now_lr 0.0005/0.0005 | Train Loss 0.4901 | Valid Loss 1.1878 | Train Acc 75.8612 | Valid Acc 57.1429
2026-07-15 10:14:48 | TestSub: S6 | Epoch 16/100 Finsh | Now_lr 0.0005/0.0005 | Train Loss 0.4858 | Valid Loss 1.1909 | Train Acc 76.1565 | Valid Acc 56.6964
2026-07-15 10:14:56 | TestSub: S6 | Epoch 17/100 Finsh | Now_lr 0.0005/0.0005 | Train Loss 0.4822 | Valid Loss 1.6335 | Train Acc 75.2953 | Valid Acc 57.1429
2026-07-15 10:15:12 | TestSub: S6 | Epoch 18/100 Finsh | Now_lr 0.0005/0.0005 | Train Loss 0.4811 | Valid Loss 1.5467 | Train Acc 76.2303 | Valid Acc 56.6964
2026-07-15 10:15:20 | TestSub: S6 | Epoch 19/100 Finsh | Now_lr 0.0005/0.0005 | Train Loss 0.4718 | Valid Loss 1.5869 | Train Acc 76.7717 | Valid Acc 56.6964
2026-07-15 10:15:28 | TestSub: S6 | Epoch 20/100 Finsh | Now_lr 0.0005/0.0005 | Train Loss 0.4700 | Valid Loss 1.4543 | Train Acc 76.5010 | Valid Acc 56.6964
2026-07-15 10:15:36 | TestSub: S6 | Epoch 21/100 Finsh | Now_lr 0.0005/0.0005 | Train Loss 0.4615 | Valid Loss 1.6193 | Train Acc 77.6575 | Valid Acc 56.6964
2026-07-15 10:15:48 | TestSub: S6 | Epoch 22/100 Finsh | Now_lr 0.0005/0.0005 | Train Loss 0.4549 | Valid Loss 1.6997 | Train Acc 77.0669 | Valid Acc 56.6964
2026-07-15 10:15:57 | TestSub: S6 | Epoch 23/100 Finsh | Now_lr 0.0005/0.0005 | Train Loss 0.4487 | Valid Loss 1.4981 | Train Acc 77.4852 | Valid Acc 56.6964
2026-07-15 10:16:05 | TestSub: S6 | Epoch 24/100 Finsh | Now_lr 0.0005/0.0005 | Train Loss 0.4438 | Valid Loss 1.7825 | Train Acc 77.9035 | Valid Acc 56.6964
2026-07-15 10:16:13 | TestSub: S6 | Epoch 25/100 Finsh | Now_lr 0.0005/0.0005 | Train Loss 0.4351 | Valid Loss 1.8401 | Train Acc 79.6506 | Valid Acc 56.2500
2026-07-15 10:16:21 | TestSub: S6 | Epoch 26/100 Finsh | Now_lr 0.0005/0.0005 | Train Loss 0.4368 | Valid Loss 1.8373 | Train Acc 79.0600 | Valid Acc 56.6964
2026-07-15 10:16:29 | TestSub: S6 | Epoch 27/100 Finsh | Now_lr 0.0005/0.0005 | Train Loss 0.4280 | Valid Loss 1.9898 | Train Acc 79.4045 | Valid Acc 56.6964
2026-07-15 10:16:29 | --------------------------------------------------
2026-07-15 10:16:29 | Test_Subject :S6 | Best epoch:6 | Test Loss:0.7069 | Savemodel Acc 59.8214
2026-07-15 10:16:29 | --------------------------------------------------
2026-07-15 10:16:30 | Best epoch: 6 | Test acc: 59.8214
