2026-07-13 08:37:25 | Logging started: ./writer/Subject_dependent_AAD/AVED/2.0s/result//Train2.0s_sub3.log
2026-07-13 08:37:28 | Sub_id: 3
2026-07-13 08:37:29 | TestSub: S3 | Epoch  1/100 Finsh | Now_lr 0.0005/0.0005 | Train Loss 0.6916 | Valid Loss 0.7222 | Train Acc 54.4271 | Valid Acc 47.3958
2026-07-13 08:37:29 | Validation loss decreased (inf --> 0.722167) in epoch (1). Saving model ...
2026-07-13 08:37:30 | TestSub: S3 | Epoch  2/100 Finsh | Now_lr 0.0005/0.0005 | Train Loss 0.6842 | Valid Loss 0.6914 | Train Acc 55.6250 | Valid Acc 53.1250
2026-07-13 08:37:30 | Validation loss decreased (0.722167 --> 0.691396) in epoch (2). Saving model ...
2026-07-13 08:37:31 | TestSub: S3 | Epoch  3/100 Finsh | Now_lr 0.0005/0.0005 | Train Loss 0.6777 | Valid Loss 0.6892 | Train Acc 57.5000 | Valid Acc 56.7708
2026-07-13 08:37:31 | Validation loss decreased (0.691396 --> 0.689185) in epoch (3). Saving model ...
2026-07-13 08:37:31 | TestSub: S3 | Epoch  4/100 Finsh | Now_lr 0.0005/0.0005 | Train Loss 0.6744 | Valid Loss 0.6919 | Train Acc 57.9688 | Valid Acc 56.7708
2026-07-13 08:37:32 | TestSub: S3 | Epoch  5/100 Finsh | Now_lr 0.0005/0.0005 | Train Loss 0.6655 | Valid Loss 0.6788 | Train Acc 60.5729 | Valid Acc 59.3750
2026-07-13 08:37:32 | Validation loss decreased (0.689185 --> 0.678794) in epoch (5). Saving model ...
2026-07-13 08:37:33 | TestSub: S3 | Epoch  6/100 Finsh | Now_lr 0.0005/0.0005 | Train Loss 0.6572 | Valid Loss 0.6808 | Train Acc 61.2500 | Valid Acc 60.4167
2026-07-13 08:37:33 | TestSub: S3 | Epoch  7/100 Finsh | Now_lr 0.0005/0.0005 | Train Loss 0.6516 | Valid Loss 0.6721 | Train Acc 62.7604 | Valid Acc 59.3750
2026-07-13 08:37:33 | Validation loss decreased (0.678794 --> 0.672117) in epoch (7). Saving model ...
2026-07-13 08:37:34 | TestSub: S3 | Epoch  8/100 Finsh | Now_lr 0.0005/0.0005 | Train Loss 0.6500 | Valid Loss 0.6733 | Train Acc 62.7083 | Valid Acc 57.8125
2026-07-13 08:37:34 | TestSub: S3 | Epoch  9/100 Finsh | Now_lr 0.0005/0.0005 | Train Loss 0.6381 | Valid Loss 0.6583 | Train Acc 65.9375 | Valid Acc 63.0208
2026-07-13 08:37:34 | Validation loss decreased (0.672117 --> 0.658298) in epoch (9). Saving model ...
2026-07-13 08:37:35 | TestSub: S3 | Epoch 10/100 Finsh | Now_lr 0.0005/0.0005 | Train Loss 0.6312 | Valid Loss 0.6530 | Train Acc 64.8438 | Valid Acc 61.4583
2026-07-13 08:37:35 | Validation loss decreased (0.658298 --> 0.652977) in epoch (10). Saving model ...
2026-07-13 08:37:36 | TestSub: S3 | Epoch 11/100 Finsh | Now_lr 0.0005/0.0005 | Train Loss 0.6120 | Valid Loss 0.6408 | Train Acc 69.6875 | Valid Acc 61.9792
2026-07-13 08:37:36 | Validation loss decreased (0.652977 --> 0.640772) in epoch (11). Saving model ...
2026-07-13 08:37:36 | TestSub: S3 | Epoch 12/100 Finsh | Now_lr 0.0005/0.0005 | Train Loss 0.6053 | Valid Loss 0.6237 | Train Acc 68.8021 | Valid Acc 70.8333
2026-07-13 08:37:36 | Validation loss decreased (0.640772 --> 0.623686) in epoch (12). Saving model ...
2026-07-13 08:37:37 | TestSub: S3 | Epoch 13/100 Finsh | Now_lr 0.0005/0.0005 | Train Loss 0.5952 | Valid Loss 0.6085 | Train Acc 69.7396 | Valid Acc 75.5208
2026-07-13 08:37:37 | Validation loss decreased (0.623686 --> 0.608476) in epoch (13). Saving model ...
2026-07-13 08:37:38 | TestSub: S3 | Epoch 14/100 Finsh | Now_lr 0.0005/0.0005 | Train Loss 0.5919 | Valid Loss 0.6177 | Train Acc 70.2083 | Valid Acc 66.6667
2026-07-13 08:37:38 | TestSub: S3 | Epoch 15/100 Finsh | Now_lr 0.0005/0.0005 | Train Loss 0.5778 | Valid Loss 0.6143 | Train Acc 72.9167 | Valid Acc 65.6250
2026-07-13 08:37:39 | TestSub: S3 | Epoch 16/100 Finsh | Now_lr 0.0005/0.0005 | Train Loss 0.5681 | Valid Loss 0.5862 | Train Acc 73.9583 | Valid Acc 71.3542
2026-07-13 08:37:39 | Validation loss decreased (0.608476 --> 0.586178) in epoch (16). Saving model ...
2026-07-13 08:37:39 | TestSub: S3 | Epoch 17/100 Finsh | Now_lr 0.0005/0.0005 | Train Loss 0.5583 | Valid Loss 0.5869 | Train Acc 73.8542 | Valid Acc 70.3125
2026-07-13 08:37:40 | TestSub: S3 | Epoch 18/100 Finsh | Now_lr 0.0005/0.0005 | Train Loss 0.5577 | Valid Loss 0.5666 | Train Acc 74.3229 | Valid Acc 71.3542
2026-07-13 08:37:40 | Validation loss decreased (0.586178 --> 0.566579) in epoch (18). Saving model ...
2026-07-13 08:37:41 | TestSub: S3 | Epoch 19/100 Finsh | Now_lr 0.0005/0.0005 | Train Loss 0.5336 | Valid Loss 0.5572 | Train Acc 76.6146 | Valid Acc 77.0833
2026-07-13 08:37:41 | Validation loss decreased (0.566579 --> 0.557220) in epoch (19). Saving model ...
2026-07-13 08:37:41 | TestSub: S3 | Epoch 20/100 Finsh | Now_lr 0.0005/0.0005 | Train Loss 0.5307 | Valid Loss 0.5686 | Train Acc 74.3229 | Valid Acc 68.2292
2026-07-13 08:37:42 | TestSub: S3 | Epoch 21/100 Finsh | Now_lr 0.0005/0.0005 | Train Loss 0.5093 | Valid Loss 0.5417 | Train Acc 78.0729 | Valid Acc 75.0000
2026-07-13 08:37:42 | Validation loss decreased (0.557220 --> 0.541718) in epoch (21). Saving model ...
2026-07-13 08:37:42 | TestSub: S3 | Epoch 22/100 Finsh | Now_lr 0.0005/0.0005 | Train Loss 0.5079 | Valid Loss 0.5284 | Train Acc 77.0833 | Valid Acc 76.5625
2026-07-13 08:37:42 | Validation loss decreased (0.541718 --> 0.528370) in epoch (22). Saving model ...
2026-07-13 08:37:43 | TestSub: S3 | Epoch 23/100 Finsh | Now_lr 0.0005/0.0005 | Train Loss 0.4967 | Valid Loss 0.5242 | Train Acc 77.2917 | Valid Acc 75.5208
2026-07-13 08:37:43 | Validation loss decreased (0.528370 --> 0.524196) in epoch (23). Saving model ...
2026-07-13 08:37:44 | TestSub: S3 | Epoch 24/100 Finsh | Now_lr 0.0005/0.0005 | Train Loss 0.4999 | Valid Loss 0.5205 | Train Acc 77.1875 | Valid Acc 77.6042
2026-07-13 08:37:44 | Validation loss decreased (0.524196 --> 0.520484) in epoch (24). Saving model ...
2026-07-13 08:37:44 | TestSub: S3 | Epoch 25/100 Finsh | Now_lr 0.0005/0.0005 | Train Loss 0.4899 | Valid Loss 0.5048 | Train Acc 78.8021 | Valid Acc 80.2083
2026-07-13 08:37:44 | Validation loss decreased (0.520484 --> 0.504786) in epoch (25). Saving model ...
2026-07-13 08:37:45 | TestSub: S3 | Epoch 26/100 Finsh | Now_lr 0.0005/0.0005 | Train Loss 0.4682 | Valid Loss 0.4987 | Train Acc 80.3646 | Valid Acc 78.6458
2026-07-13 08:37:45 | Validation loss decreased (0.504786 --> 0.498701) in epoch (26). Saving model ...
2026-07-13 08:37:45 | TestSub: S3 | Epoch 27/100 Finsh | Now_lr 0.0005/0.0005 | Train Loss 0.4735 | Valid Loss 0.4903 | Train Acc 79.4792 | Valid Acc 79.6875
2026-07-13 08:37:45 | Validation loss decreased (0.498701 --> 0.490289) in epoch (27). Saving model ...
2026-07-13 08:37:46 | TestSub: S3 | Epoch 28/100 Finsh | Now_lr 0.0005/0.0005 | Train Loss 0.4597 | Valid Loss 0.4855 | Train Acc 79.9479 | Valid Acc 80.2083
2026-07-13 08:37:46 | Validation loss decreased (0.490289 --> 0.485459) in epoch (28). Saving model ...
2026-07-13 08:37:47 | TestSub: S3 | Epoch 29/100 Finsh | Now_lr 0.0005/0.0005 | Train Loss 0.4603 | Valid Loss 0.4844 | Train Acc 79.5833 | Valid Acc 79.1667
2026-07-13 08:37:47 | Validation loss decreased (0.485459 --> 0.484367) in epoch (29). Saving model ...
2026-07-13 08:37:47 | TestSub: S3 | Epoch 30/100 Finsh | Now_lr 0.0005/0.0005 | Train Loss 0.4539 | Valid Loss 0.4759 | Train Acc 80.2604 | Valid Acc 81.2500
2026-07-13 08:37:47 | Validation loss decreased (0.484367 --> 0.475887) in epoch (30). Saving model ...
2026-07-13 08:37:48 | TestSub: S3 | Epoch 31/100 Finsh | Now_lr 0.0005/0.0005 | Train Loss 0.4362 | Valid Loss 0.4807 | Train Acc 82.1875 | Valid Acc 77.6042
2026-07-13 08:37:48 | TestSub: S3 | Epoch 32/100 Finsh | Now_lr 0.0005/0.0005 | Train Loss 0.4465 | Valid Loss 0.4664 | Train Acc 79.6875 | Valid Acc 79.6875
2026-07-13 08:37:48 | Validation loss decreased (0.475887 --> 0.466447) in epoch (32). Saving model ...
2026-07-13 08:37:49 | TestSub: S3 | Epoch 33/100 Finsh | Now_lr 0.0005/0.0005 | Train Loss 0.4335 | Valid Loss 0.4584 | Train Acc 81.8229 | Valid Acc 80.2083
2026-07-13 08:37:49 | Validation loss decreased (0.466447 --> 0.458439) in epoch (33). Saving model ...
2026-07-13 08:37:50 | TestSub: S3 | Epoch 34/100 Finsh | Now_lr 0.0005/0.0005 | Train Loss 0.4374 | Valid Loss 0.4452 | Train Acc 80.8854 | Valid Acc 81.2500
2026-07-13 08:37:50 | Validation loss decreased (0.458439 --> 0.445166) in epoch (34). Saving model ...
2026-07-13 08:37:51 | TestSub: S3 | Epoch 35/100 Finsh | Now_lr 0.0005/0.0005 | Train Loss 0.4252 | Valid Loss 0.4625 | Train Acc 80.8854 | Valid Acc 78.1250
2026-07-13 08:37:51 | TestSub: S3 | Epoch 36/100 Finsh | Now_lr 0.0005/0.0005 | Train Loss 0.4182 | Valid Loss 0.4384 | Train Acc 82.6042 | Valid Acc 84.8958
2026-07-13 08:37:51 | Validation loss decreased (0.445166 --> 0.438412) in epoch (36). Saving model ...
2026-07-13 08:37:52 | TestSub: S3 | Epoch 37/100 Finsh | Now_lr 0.0005/0.0005 | Train Loss 0.4057 | Valid Loss 0.4418 | Train Acc 82.3958 | Valid Acc 81.2500
2026-07-13 08:37:52 | TestSub: S3 | Epoch 38/100 Finsh | Now_lr 0.0005/0.0005 | Train Loss 0.4204 | Valid Loss 0.4719 | Train Acc 81.1979 | Valid Acc 74.4792
2026-07-13 08:37:53 | TestSub: S3 | Epoch 39/100 Finsh | Now_lr 0.0005/0.0005 | Train Loss 0.4112 | Valid Loss 0.4281 | Train Acc 82.6042 | Valid Acc 82.8125
2026-07-13 08:37:53 | Validation loss decreased (0.438412 --> 0.428060) in epoch (39). Saving model ...
2026-07-13 08:37:53 | TestSub: S3 | Epoch 40/100 Finsh | Now_lr 0.0005/0.0005 | Train Loss 0.4042 | Valid Loss 0.4227 | Train Acc 82.4479 | Valid Acc 82.2917
2026-07-13 08:37:53 | Validation loss decreased (0.428060 --> 0.422682) in epoch (40). Saving model ...
2026-07-13 08:37:54 | TestSub: S3 | Epoch 41/100 Finsh | Now_lr 0.0005/0.0005 | Train Loss 0.3996 | Valid Loss 0.4708 | Train Acc 83.0729 | Valid Acc 77.0833
2026-07-13 08:37:54 | TestSub: S3 | Epoch 42/100 Finsh | Now_lr 0.0005/0.0005 | Train Loss 0.4010 | Valid Loss 0.4235 | Train Acc 83.4375 | Valid Acc 82.8125
2026-07-13 08:37:55 | TestSub: S3 | Epoch 43/100 Finsh | Now_lr 0.0005/0.0005 | Train Loss 0.3958 | Valid Loss 0.4208 | Train Acc 82.5000 | Valid Acc 81.7708
2026-07-13 08:37:55 | Validation loss decreased (0.422682 --> 0.420833) in epoch (43). Saving model ...
2026-07-13 08:37:56 | TestSub: S3 | Epoch 44/100 Finsh | Now_lr 0.0005/0.0005 | Train Loss 0.3969 | Valid Loss 0.4264 | Train Acc 84.3750 | Valid Acc 80.7292
2026-07-13 08:37:56 | TestSub: S3 | Epoch 45/100 Finsh | Now_lr 0.0005/0.0005 | Train Loss 0.3986 | Valid Loss 0.4454 | Train Acc 82.3958 | Valid Acc 79.1667
2026-07-13 08:37:57 | TestSub: S3 | Epoch 46/100 Finsh | Now_lr 0.0005/0.0005 | Train Loss 0.3744 | Valid Loss 0.4016 | Train Acc 84.3750 | Valid Acc 85.9375
2026-07-13 08:37:57 | Validation loss decreased (0.420833 --> 0.401626) in epoch (46). Saving model ...
2026-07-13 08:37:57 | TestSub: S3 | Epoch 47/100 Finsh | Now_lr 0.0005/0.0005 | Train Loss 0.3843 | Valid Loss 0.4178 | Train Acc 84.2188 | Valid Acc 83.3333
2026-07-13 08:37:58 | TestSub: S3 | Epoch 48/100 Finsh | Now_lr 0.0005/0.0005 | Train Loss 0.3785 | Valid Loss 0.4028 | Train Acc 82.8646 | Valid Acc 83.8542
2026-07-13 08:37:58 | TestSub: S3 | Epoch 49/100 Finsh | Now_lr 0.0005/0.0005 | Train Loss 0.3814 | Valid Loss 0.3919 | Train Acc 84.5833 | Valid Acc 85.9375
2026-07-13 08:37:58 | Validation loss decreased (0.401626 --> 0.391888) in epoch (49). Saving model ...
2026-07-13 08:37:59 | TestSub: S3 | Epoch 50/100 Finsh | Now_lr 0.0005/0.0005 | Train Loss 0.3789 | Valid Loss 0.3872 | Train Acc 83.9062 | Valid Acc 85.4167
2026-07-13 08:37:59 | Validation loss decreased (0.391888 --> 0.387225) in epoch (50). Saving model ...
2026-07-13 08:38:00 | TestSub: S3 | Epoch 51/100 Finsh | Now_lr 0.0005/0.0005 | Train Loss 0.3735 | Valid Loss 0.3737 | Train Acc 84.3750 | Valid Acc 86.9792
2026-07-13 08:38:00 | Validation loss decreased (0.387225 --> 0.373681) in epoch (51). Saving model ...
2026-07-13 08:38:00 | TestSub: S3 | Epoch 52/100 Finsh | Now_lr 0.0005/0.0005 | Train Loss 0.3686 | Valid Loss 0.4046 | Train Acc 83.9062 | Valid Acc 82.8125
2026-07-13 08:38:01 | TestSub: S3 | Epoch 53/100 Finsh | Now_lr 0.0005/0.0005 | Train Loss 0.3768 | Valid Loss 0.3939 | Train Acc 83.2292 | Valid Acc 84.3750
2026-07-13 08:38:01 | TestSub: S3 | Epoch 54/100 Finsh | Now_lr 0.0005/0.0005 | Train Loss 0.3669 | Valid Loss 0.3694 | Train Acc 85.1562 | Valid Acc 88.5417
2026-07-13 08:38:01 | Validation loss decreased (0.373681 --> 0.369401) in epoch (54). Saving model ...
2026-07-13 08:38:02 | TestSub: S3 | Epoch 55/100 Finsh | Now_lr 0.0005/0.0005 | Train Loss 0.3745 | Valid Loss 0.3762 | Train Acc 84.2708 | Valid Acc 88.0208
2026-07-13 08:38:02 | TestSub: S3 | Epoch 56/100 Finsh | Now_lr 0.0005/0.0005 | Train Loss 0.3711 | Valid Loss 0.3834 | Train Acc 84.5833 | Valid Acc 86.9792
2026-07-13 08:38:03 | TestSub: S3 | Epoch 57/100 Finsh | Now_lr 0.0005/0.0005 | Train Loss 0.3713 | Valid Loss 0.3732 | Train Acc 84.7396 | Valid Acc 87.5000
2026-07-13 08:38:04 | TestSub: S3 | Epoch 58/100 Finsh | Now_lr 0.0005/0.0005 | Train Loss 0.3554 | Valid Loss 0.3758 | Train Acc 85.5729 | Valid Acc 84.3750
2026-07-13 08:38:04 | TestSub: S3 | Epoch 59/100 Finsh | Now_lr 0.0005/0.0005 | Train Loss 0.3561 | Valid Loss 0.3708 | Train Acc 85.2083 | Valid Acc 86.9792
2026-07-13 08:38:05 | TestSub: S3 | Epoch 60/100 Finsh | Now_lr 0.0005/0.0005 | Train Loss 0.3368 | Valid Loss 0.3618 | Train Acc 86.4062 | Valid Acc 88.0208
2026-07-13 08:38:05 | Validation loss decreased (0.369401 --> 0.361779) in epoch (60). Saving model ...
2026-07-13 08:38:05 | TestSub: S3 | Epoch 61/100 Finsh | Now_lr 0.0005/0.0005 | Train Loss 0.3484 | Valid Loss 0.3623 | Train Acc 86.2500 | Valid Acc 88.5417
2026-07-13 08:38:06 | TestSub: S3 | Epoch 62/100 Finsh | Now_lr 0.0005/0.0005 | Train Loss 0.3539 | Valid Loss 0.3656 | Train Acc 84.2188 | Valid Acc 88.5417
2026-07-13 08:38:06 | TestSub: S3 | Epoch 63/100 Finsh | Now_lr 0.0005/0.0005 | Train Loss 0.3439 | Valid Loss 0.3763 | Train Acc 86.3542 | Valid Acc 85.9375
2026-07-13 08:38:07 | TestSub: S3 | Epoch 64/100 Finsh | Now_lr 0.0005/0.0005 | Train Loss 0.3541 | Valid Loss 0.3844 | Train Acc 84.9479 | Valid Acc 83.3333
2026-07-13 08:38:07 | TestSub: S3 | Epoch 65/100 Finsh | Now_lr 0.0005/0.0005 | Train Loss 0.3605 | Valid Loss 0.3663 | Train Acc 83.8542 | Valid Acc 87.5000
2026-07-13 08:38:08 | TestSub: S3 | Epoch 66/100 Finsh | Now_lr 0.0005/0.0005 | Train Loss 0.3510 | Valid Loss 0.3762 | Train Acc 84.0104 | Valid Acc 85.9375
2026-07-13 08:38:08 | TestSub: S3 | Epoch 67/100 Finsh | Now_lr 0.0005/0.0005 | Train Loss 0.3476 | Valid Loss 0.3698 | Train Acc 85.6771 | Valid Acc 85.9375
2026-07-13 08:38:09 | TestSub: S3 | Epoch 68/100 Finsh | Now_lr 0.0005/0.0005 | Train Loss 0.3365 | Valid Loss 0.3762 | Train Acc 86.4583 | Valid Acc 84.3750
2026-07-13 08:38:09 | TestSub: S3 | Epoch 69/100 Finsh | Now_lr 0.0005/0.0005 | Train Loss 0.3287 | Valid Loss 0.3550 | Train Acc 86.2500 | Valid Acc 86.9792
2026-07-13 08:38:09 | Validation loss decreased (0.361779 --> 0.355026) in epoch (69). Saving model ...
2026-07-13 08:38:10 | TestSub: S3 | Epoch 70/100 Finsh | Now_lr 0.0005/0.0005 | Train Loss 0.3287 | Valid Loss 0.3480 | Train Acc 85.9375 | Valid Acc 88.0208
2026-07-13 08:38:10 | Validation loss decreased (0.355026 --> 0.347965) in epoch (70). Saving model ...
2026-07-13 08:38:11 | TestSub: S3 | Epoch 71/100 Finsh | Now_lr 0.0005/0.0005 | Train Loss 0.3356 | Valid Loss 0.3560 | Train Acc 87.0312 | Valid Acc 87.5000
2026-07-13 08:38:11 | TestSub: S3 | Epoch 72/100 Finsh | Now_lr 0.0005/0.0005 | Train Loss 0.3331 | Valid Loss 0.3669 | Train Acc 85.9896 | Valid Acc 84.8958
2026-07-13 08:38:12 | TestSub: S3 | Epoch 73/100 Finsh | Now_lr 0.0005/0.0005 | Train Loss 0.3437 | Valid Loss 0.3445 | Train Acc 85.4688 | Valid Acc 89.0625
2026-07-13 08:38:12 | Validation loss decreased (0.347965 --> 0.344467) in epoch (73). Saving model ...
2026-07-13 08:38:12 | TestSub: S3 | Epoch 74/100 Finsh | Now_lr 0.0005/0.0005 | Train Loss 0.3600 | Valid Loss 0.3505 | Train Acc 85.1562 | Valid Acc 88.0208
2026-07-13 08:38:13 | TestSub: S3 | Epoch 75/100 Finsh | Now_lr 0.0005/0.0005 | Train Loss 0.3196 | Valid Loss 0.3419 | Train Acc 87.6042 | Valid Acc 88.0208
2026-07-13 08:38:13 | Validation loss decreased (0.344467 --> 0.341941) in epoch (75). Saving model ...
2026-07-13 08:38:13 | TestSub: S3 | Epoch 76/100 Finsh | Now_lr 0.0005/0.0005 | Train Loss 0.3342 | Valid Loss 0.3466 | Train Acc 86.0938 | Valid Acc 85.9375
2026-07-13 08:38:14 | TestSub: S3 | Epoch 77/100 Finsh | Now_lr 0.0005/0.0005 | Train Loss 0.3338 | Valid Loss 0.3366 | Train Acc 85.9375 | Valid Acc 88.0208
2026-07-13 08:38:14 | Validation loss decreased (0.341941 --> 0.336553) in epoch (77). Saving model ...
2026-07-13 08:38:14 | TestSub: S3 | Epoch 78/100 Finsh | Now_lr 0.0005/0.0005 | Train Loss 0.3399 | Valid Loss 0.3268 | Train Acc 85.7292 | Valid Acc 88.5417
2026-07-13 08:38:14 | Validation loss decreased (0.336553 --> 0.326768) in epoch (78). Saving model ...
2026-07-13 08:38:15 | TestSub: S3 | Epoch 79/100 Finsh | Now_lr 0.0005/0.0005 | Train Loss 0.3444 | Valid Loss 0.3259 | Train Acc 85.4167 | Valid Acc 86.9792
2026-07-13 08:38:15 | Validation loss decreased (0.326768 --> 0.325899) in epoch (79). Saving model ...
2026-07-13 08:38:16 | TestSub: S3 | Epoch 80/100 Finsh | Now_lr 0.0005/0.0005 | Train Loss 0.3268 | Valid Loss 0.3191 | Train Acc 86.8750 | Valid Acc 88.5417
2026-07-13 08:38:16 | Validation loss decreased (0.325899 --> 0.319112) in epoch (80). Saving model ...
2026-07-13 08:38:16 | TestSub: S3 | Epoch 81/100 Finsh | Now_lr 0.0005/0.0005 | Train Loss 0.3377 | Valid Loss 0.3233 | Train Acc 86.0938 | Valid Acc 89.0625
2026-07-13 08:38:17 | TestSub: S3 | Epoch 82/100 Finsh | Now_lr 0.0005/0.0005 | Train Loss 0.3273 | Valid Loss 0.3231 | Train Acc 86.1979 | Valid Acc 87.5000
2026-07-13 08:38:17 | TestSub: S3 | Epoch 83/100 Finsh | Now_lr 0.0005/0.0005 | Train Loss 0.3377 | Valid Loss 0.3515 | Train Acc 86.4583 | Valid Acc 87.5000
2026-07-13 08:38:18 | TestSub: S3 | Epoch 84/100 Finsh | Now_lr 0.0005/0.0005 | Train Loss 0.3251 | Valid Loss 0.3298 | Train Acc 87.3438 | Valid Acc 88.0208
2026-07-13 08:38:18 | TestSub: S3 | Epoch 85/100 Finsh | Now_lr 0.0005/0.0005 | Train Loss 0.3091 | Valid Loss 0.3539 | Train Acc 87.8125 | Valid Acc 85.4167
2026-07-13 08:38:19 | TestSub: S3 | Epoch 86/100 Finsh | Now_lr 0.0005/0.0005 | Train Loss 0.3252 | Valid Loss 0.3210 | Train Acc 85.5208 | Valid Acc 87.5000
2026-07-13 08:38:19 | TestSub: S3 | Epoch 87/100 Finsh | Now_lr 0.0005/0.0005 | Train Loss 0.3066 | Valid Loss 0.3161 | Train Acc 87.9167 | Valid Acc 87.5000
2026-07-13 08:38:19 | Validation loss decreased (0.319112 --> 0.316142) in epoch (87). Saving model ...
2026-07-13 08:38:20 | TestSub: S3 | Epoch 88/100 Finsh | Now_lr 0.0005/0.0005 | Train Loss 0.3080 | Valid Loss 0.3164 | Train Acc 86.8229 | Valid Acc 87.5000
2026-07-13 08:38:21 | TestSub: S3 | Epoch 89/100 Finsh | Now_lr 0.0005/0.0005 | Train Loss 0.3059 | Valid Loss 0.3155 | Train Acc 88.0208 | Valid Acc 89.5833
2026-07-13 08:38:21 | Validation loss decreased (0.316142 --> 0.315497) in epoch (89). Saving model ...
2026-07-13 08:38:21 | TestSub: S3 | Epoch 90/100 Finsh | Now_lr 0.0005/0.0005 | Train Loss 0.3099 | Valid Loss 0.3145 | Train Acc 87.6042 | Valid Acc 88.0208
2026-07-13 08:38:21 | Validation loss decreased (0.315497 --> 0.314529) in epoch (90). Saving model ...
2026-07-13 08:38:22 | TestSub: S3 | Epoch 91/100 Finsh | Now_lr 0.0005/0.0005 | Train Loss 0.3040 | Valid Loss 0.3124 | Train Acc 87.3438 | Valid Acc 90.1042
2026-07-13 08:38:22 | Validation loss decreased (0.314529 --> 0.312376) in epoch (91). Saving model ...
2026-07-13 08:38:22 | TestSub: S3 | Epoch 92/100 Finsh | Now_lr 0.0005/0.0005 | Train Loss 0.3112 | Valid Loss 0.3013 | Train Acc 86.8229 | Valid Acc 90.1042
2026-07-13 08:38:22 | Validation loss decreased (0.312376 --> 0.301325) in epoch (92). Saving model ...
2026-07-13 08:38:23 | TestSub: S3 | Epoch 93/100 Finsh | Now_lr 0.0005/0.0005 | Train Loss 0.2992 | Valid Loss 0.3098 | Train Acc 87.8646 | Valid Acc 89.5833
2026-07-13 08:38:23 | TestSub: S3 | Epoch 94/100 Finsh | Now_lr 0.0005/0.0005 | Train Loss 0.3119 | Valid Loss 0.3222 | Train Acc 87.5521 | Valid Acc 88.5417
2026-07-13 08:38:24 | TestSub: S3 | Epoch 95/100 Finsh | Now_lr 0.0005/0.0005 | Train Loss 0.3209 | Valid Loss 0.3492 | Train Acc 86.6667 | Valid Acc 86.4583
2026-07-13 08:38:24 | TestSub: S3 | Epoch 96/100 Finsh | Now_lr 0.0005/0.0005 | Train Loss 0.2987 | Valid Loss 0.3151 | Train Acc 88.0729 | Valid Acc 89.0625
2026-07-13 08:38:25 | TestSub: S3 | Epoch 97/100 Finsh | Now_lr 0.0005/0.0005 | Train Loss 0.3098 | Valid Loss 0.3058 | Train Acc 86.5104 | Valid Acc 89.5833
2026-07-13 08:38:25 | TestSub: S3 | Epoch 98/100 Finsh | Now_lr 0.0005/0.0005 | Train Loss 0.2903 | Valid Loss 0.2979 | Train Acc 88.9583 | Valid Acc 89.5833
2026-07-13 08:38:25 | Validation loss decreased (0.301325 --> 0.297924) in epoch (98). Saving model ...
2026-07-13 08:38:26 | TestSub: S3 | Epoch 99/100 Finsh | Now_lr 0.0005/0.0005 | Train Loss 0.3151 | Valid Loss 0.2934 | Train Acc 87.0833 | Valid Acc 91.6667
2026-07-13 08:38:26 | Validation loss decreased (0.297924 --> 0.293440) in epoch (99). Saving model ...
2026-07-13 08:38:27 | TestSub: S3 | Epoch 100/100 Finsh | Now_lr 0.0005/0.0005 | Train Loss 0.3210 | Valid Loss 0.3039 | Train Acc 86.0417 | Valid Acc 91.1458
2026-07-13 08:38:27 | --------------------------------------------------
2026-07-13 08:38:27 | Test_Subject :S3 | Best epoch:99 | Test Loss:0.5891 | Savemodel Acc 73.0469
2026-07-13 08:38:27 | --------------------------------------------------
2026-07-13 08:38:27 | Best epoch: 99 | Test acc: 73.0469
