2026-07-13 08:35:39 | Logging started: ./writer/Subject_dependent_AAD/AVED/0.1s/result//Train0.1s_sub1.log
2026-07-13 08:35:42 | Sub_id: 1
2026-07-13 08:35:55 | TestSub: S1 | Epoch  1/100 Finsh | Now_lr 0.0005/0.0005 | Train Loss 0.6982 | Valid Loss 0.6933 | Train Acc 50.1953 | Valid Acc 51.3147
2026-07-13 08:35:55 | Validation loss decreased (inf --> 0.693270) in epoch (1). Saving model ...
2026-07-13 08:36:05 | TestSub: S1 | Epoch  2/100 Finsh | Now_lr 0.0005/0.0005 | Train Loss 0.6933 | Valid Loss 0.6930 | Train Acc 50.7408 | Valid Acc 51.7026
2026-07-13 08:36:05 | Validation loss decreased (0.693270 --> 0.692951) in epoch (2). Saving model ...
2026-07-13 08:36:14 | TestSub: S1 | Epoch  3/100 Finsh | Now_lr 0.0005/0.0005 | Train Loss 0.6927 | Valid Loss 0.6927 | Train Acc 50.9932 | Valid Acc 51.3793
2026-07-13 08:36:14 | Validation loss decreased (0.692951 --> 0.692693) in epoch (3). Saving model ...
2026-07-13 08:36:23 | TestSub: S1 | Epoch  4/100 Finsh | Now_lr 0.0005/0.0005 | Train Loss 0.6924 | Valid Loss 0.6917 | Train Acc 51.8317 | Valid Acc 53.2328
2026-07-13 08:36:23 | Validation loss decreased (0.692693 --> 0.691743) in epoch (4). Saving model ...
2026-07-13 08:36:32 | TestSub: S1 | Epoch  5/100 Finsh | Now_lr 0.0005/0.0005 | Train Loss 0.6918 | Valid Loss 0.6911 | Train Acc 51.7411 | Valid Acc 53.1897
2026-07-13 08:36:32 | Validation loss decreased (0.691743 --> 0.691112) in epoch (5). Saving model ...
2026-07-13 08:36:41 | TestSub: S1 | Epoch  6/100 Finsh | Now_lr 0.0005/0.0005 | Train Loss 0.6909 | Valid Loss 0.6895 | Train Acc 52.4867 | Valid Acc 55.3448
2026-07-13 08:36:41 | Validation loss decreased (0.691112 --> 0.689499) in epoch (6). Saving model ...
2026-07-13 08:36:50 | TestSub: S1 | Epoch  7/100 Finsh | Now_lr 0.0005/0.0005 | Train Loss 0.6900 | Valid Loss 0.6887 | Train Acc 52.9869 | Valid Acc 55.1293
2026-07-13 08:36:50 | Validation loss decreased (0.689499 --> 0.688733) in epoch (7). Saving model ...
2026-07-13 08:37:00 | TestSub: S1 | Epoch  8/100 Finsh | Now_lr 0.0005/0.0005 | Train Loss 0.6890 | Valid Loss 0.6866 | Train Acc 53.6562 | Valid Acc 55.4957
2026-07-13 08:37:00 | Validation loss decreased (0.688733 --> 0.686637) in epoch (8). Saving model ...
2026-07-13 08:37:09 | TestSub: S1 | Epoch  9/100 Finsh | Now_lr 0.0005/0.0005 | Train Loss 0.6877 | Valid Loss 0.6862 | Train Acc 53.8800 | Valid Acc 55.7543
2026-07-13 08:37:09 | Validation loss decreased (0.686637 --> 0.686209) in epoch (9). Saving model ...
2026-07-13 08:37:18 | TestSub: S1 | Epoch 10/100 Finsh | Now_lr 0.0005/0.0005 | Train Loss 0.6863 | Valid Loss 0.6840 | Train Acc 54.6565 | Valid Acc 56.3578
2026-07-13 08:37:18 | Validation loss decreased (0.686209 --> 0.683962) in epoch (10). Saving model ...
2026-07-13 08:37:27 | TestSub: S1 | Epoch 11/100 Finsh | Now_lr 0.0005/0.0005 | Train Loss 0.6856 | Valid Loss 0.6829 | Train Acc 54.5898 | Valid Acc 55.5172
2026-07-13 08:37:27 | Validation loss decreased (0.683962 --> 0.682868) in epoch (11). Saving model ...
2026-07-13 08:37:36 | TestSub: S1 | Epoch 12/100 Finsh | Now_lr 0.0005/0.0005 | Train Loss 0.6845 | Valid Loss 0.6827 | Train Acc 54.8638 | Valid Acc 55.8621
2026-07-13 08:37:36 | Validation loss decreased (0.682868 --> 0.682730) in epoch (12). Saving model ...
2026-07-13 08:37:45 | TestSub: S1 | Epoch 13/100 Finsh | Now_lr 0.0005/0.0005 | Train Loss 0.6837 | Valid Loss 0.6808 | Train Acc 55.3211 | Valid Acc 57.2198
2026-07-13 08:37:45 | Validation loss decreased (0.682730 --> 0.680841) in epoch (13). Saving model ...
2026-07-13 08:37:54 | TestSub: S1 | Epoch 14/100 Finsh | Now_lr 0.0005/0.0005 | Train Loss 0.6846 | Valid Loss 0.6816 | Train Acc 55.0162 | Valid Acc 57.0043
2026-07-13 08:38:03 | TestSub: S1 | Epoch 15/100 Finsh | Now_lr 0.0005/0.0005 | Train Loss 0.6824 | Valid Loss 0.6806 | Train Acc 55.7546 | Valid Acc 57.2845
2026-07-13 08:38:03 | Validation loss decreased (0.680841 --> 0.680616) in epoch (15). Saving model ...
2026-07-13 08:38:13 | TestSub: S1 | Epoch 16/100 Finsh | Now_lr 0.0005/0.0005 | Train Loss 0.6819 | Valid Loss 0.6798 | Train Acc 55.6641 | Valid Acc 57.7586
2026-07-13 08:38:13 | Validation loss decreased (0.680616 --> 0.679759) in epoch (16). Saving model ...
2026-07-13 08:38:22 | TestSub: S1 | Epoch 17/100 Finsh | Now_lr 0.0005/0.0005 | Train Loss 0.6821 | Valid Loss 0.6794 | Train Acc 55.6855 | Valid Acc 58.0819
2026-07-13 08:38:22 | Validation loss decreased (0.679759 --> 0.679369) in epoch (17). Saving model ...
2026-07-13 08:38:31 | TestSub: S1 | Epoch 18/100 Finsh | Now_lr 0.0005/0.0005 | Train Loss 0.6820 | Valid Loss 0.6782 | Train Acc 55.5140 | Valid Acc 58.1250
2026-07-13 08:38:31 | Validation loss decreased (0.679369 --> 0.678242) in epoch (18). Saving model ...
2026-07-13 08:38:40 | TestSub: S1 | Epoch 19/100 Finsh | Now_lr 0.0005/0.0005 | Train Loss 0.6810 | Valid Loss 0.6784 | Train Acc 55.8046 | Valid Acc 58.4483
2026-07-13 08:38:49 | TestSub: S1 | Epoch 20/100 Finsh | Now_lr 0.0005/0.0005 | Train Loss 0.6796 | Valid Loss 0.6782 | Train Acc 56.3524 | Valid Acc 57.9095
2026-07-13 08:38:49 | Validation loss decreased (0.678242 --> 0.678171) in epoch (20). Saving model ...
2026-07-13 08:38:58 | TestSub: S1 | Epoch 21/100 Finsh | Now_lr 0.0005/0.0005 | Train Loss 0.6799 | Valid Loss 0.6782 | Train Acc 56.1928 | Valid Acc 57.1552
2026-07-13 08:39:07 | TestSub: S1 | Epoch 22/100 Finsh | Now_lr 0.0005/0.0005 | Train Loss 0.6789 | Valid Loss 0.6779 | Train Acc 56.5430 | Valid Acc 57.1121
2026-07-13 08:39:07 | Validation loss decreased (0.678171 --> 0.677926) in epoch (22). Saving model ...
2026-07-13 08:39:16 | TestSub: S1 | Epoch 23/100 Finsh | Now_lr 0.0005/0.0005 | Train Loss 0.6799 | Valid Loss 0.6780 | Train Acc 56.1952 | Valid Acc 57.1552
2026-07-13 08:39:25 | TestSub: S1 | Epoch 24/100 Finsh | Now_lr 0.0005/0.0005 | Train Loss 0.6794 | Valid Loss 0.6777 | Train Acc 56.2500 | Valid Acc 57.1983
2026-07-13 08:39:25 | Validation loss decreased (0.677926 --> 0.677662) in epoch (24). Saving model ...
2026-07-13 08:39:35 | TestSub: S1 | Epoch 25/100 Finsh | Now_lr 0.0005/0.0005 | Train Loss 0.6791 | Valid Loss 0.6771 | Train Acc 56.3905 | Valid Acc 57.6509
2026-07-13 08:39:35 | Validation loss decreased (0.677662 --> 0.677123) in epoch (25). Saving model ...
2026-07-13 08:39:44 | TestSub: S1 | Epoch 26/100 Finsh | Now_lr 0.0005/0.0005 | Train Loss 0.6779 | Valid Loss 0.6772 | Train Acc 56.2357 | Valid Acc 57.1552
2026-07-13 08:39:53 | TestSub: S1 | Epoch 27/100 Finsh | Now_lr 0.0005/0.0005 | Train Loss 0.6781 | Valid Loss 0.6766 | Train Acc 56.5692 | Valid Acc 57.9526
2026-07-13 08:39:53 | Validation loss decreased (0.677123 --> 0.676586) in epoch (27). Saving model ...
2026-07-13 08:40:02 | TestSub: S1 | Epoch 28/100 Finsh | Now_lr 0.0005/0.0005 | Train Loss 0.6782 | Valid Loss 0.6765 | Train Acc 56.7645 | Valid Acc 58.4483
2026-07-13 08:40:02 | Validation loss decreased (0.676586 --> 0.676541) in epoch (28). Saving model ...
2026-07-13 08:40:11 | TestSub: S1 | Epoch 29/100 Finsh | Now_lr 0.0005/0.0005 | Train Loss 0.6780 | Valid Loss 0.6772 | Train Acc 56.7764 | Valid Acc 57.6078
2026-07-13 08:40:20 | TestSub: S1 | Epoch 30/100 Finsh | Now_lr 0.0005/0.0005 | Train Loss 0.6772 | Valid Loss 0.6768 | Train Acc 56.7621 | Valid Acc 57.9741
2026-07-13 08:40:30 | TestSub: S1 | Epoch 31/100 Finsh | Now_lr 0.0005/0.0005 | Train Loss 0.6777 | Valid Loss 0.6768 | Train Acc 56.4572 | Valid Acc 57.4569
2026-07-13 08:40:39 | TestSub: S1 | Epoch 32/100 Finsh | Now_lr 0.0005/0.0005 | Train Loss 0.6766 | Valid Loss 0.6756 | Train Acc 57.0074 | Valid Acc 57.9526
2026-07-13 08:40:39 | Validation loss decreased (0.676541 --> 0.675628) in epoch (32). Saving model ...
2026-07-13 08:40:48 | TestSub: S1 | Epoch 33/100 Finsh | Now_lr 0.0005/0.0005 | Train Loss 0.6780 | Valid Loss 0.6759 | Train Acc 56.6930 | Valid Acc 57.9310
2026-07-13 08:40:57 | TestSub: S1 | Epoch 34/100 Finsh | Now_lr 0.0005/0.0005 | Train Loss 0.6770 | Valid Loss 0.6763 | Train Acc 56.5763 | Valid Acc 57.7802
2026-07-13 08:41:06 | TestSub: S1 | Epoch 35/100 Finsh | Now_lr 0.0005/0.0005 | Train Loss 0.6765 | Valid Loss 0.6756 | Train Acc 56.8598 | Valid Acc 57.6293
2026-07-13 08:41:06 | Validation loss decreased (0.675628 --> 0.675577) in epoch (35). Saving model ...
2026-07-13 08:41:15 | TestSub: S1 | Epoch 36/100 Finsh | Now_lr 0.0005/0.0005 | Train Loss 0.6767 | Valid Loss 0.6759 | Train Acc 56.8264 | Valid Acc 57.9526
2026-07-13 08:41:24 | TestSub: S1 | Epoch 37/100 Finsh | Now_lr 0.0005/0.0005 | Train Loss 0.6766 | Valid Loss 0.6756 | Train Acc 56.8788 | Valid Acc 57.9526
2026-07-13 08:41:24 | Validation loss decreased (0.675577 --> 0.675566) in epoch (37). Saving model ...
2026-07-13 08:41:33 | TestSub: S1 | Epoch 38/100 Finsh | Now_lr 0.0005/0.0005 | Train Loss 0.6764 | Valid Loss 0.6751 | Train Acc 56.8717 | Valid Acc 57.4784
2026-07-13 08:41:33 | Validation loss decreased (0.675566 --> 0.675146) in epoch (38). Saving model ...
2026-07-13 08:41:42 | TestSub: S1 | Epoch 39/100 Finsh | Now_lr 0.0005/0.0005 | Train Loss 0.6760 | Valid Loss 0.6755 | Train Acc 56.8860 | Valid Acc 57.9095
2026-07-13 08:41:51 | TestSub: S1 | Epoch 40/100 Finsh | Now_lr 0.0005/0.0005 | Train Loss 0.6764 | Valid Loss 0.6759 | Train Acc 56.7764 | Valid Acc 57.5000
2026-07-13 08:42:00 | TestSub: S1 | Epoch 41/100 Finsh | Now_lr 0.0005/0.0005 | Train Loss 0.6759 | Valid Loss 0.6754 | Train Acc 57.1932 | Valid Acc 57.6940
2026-07-13 08:42:09 | TestSub: S1 | Epoch 42/100 Finsh | Now_lr 0.0005/0.0005 | Train Loss 0.6760 | Valid Loss 0.6756 | Train Acc 57.0527 | Valid Acc 57.3707
2026-07-13 08:42:19 | TestSub: S1 | Epoch 43/100 Finsh | Now_lr 0.0005/0.0005 | Train Loss 0.6747 | Valid Loss 0.6756 | Train Acc 57.3909 | Valid Acc 57.5647
2026-07-13 08:42:28 | TestSub: S1 | Epoch 44/100 Finsh | Now_lr 0.0005/0.0005 | Train Loss 0.6758 | Valid Loss 0.6761 | Train Acc 57.1908 | Valid Acc 57.3491
2026-07-13 08:42:37 | TestSub: S1 | Epoch 45/100 Finsh | Now_lr 0.0005/0.0005 | Train Loss 0.6753 | Valid Loss 0.6768 | Train Acc 57.2385 | Valid Acc 57.4784
2026-07-13 08:42:46 | TestSub: S1 | Epoch 46/100 Finsh | Now_lr 0.0005/0.0005 | Train Loss 0.6763 | Valid Loss 0.6763 | Train Acc 56.9693 | Valid Acc 57.6078
2026-07-13 08:42:55 | TestSub: S1 | Epoch 47/100 Finsh | Now_lr 0.0005/0.0005 | Train Loss 0.6735 | Valid Loss 0.6752 | Train Acc 57.5767 | Valid Acc 58.0388
2026-07-13 08:43:04 | TestSub: S1 | Epoch 48/100 Finsh | Now_lr 0.0005/0.0005 | Train Loss 0.6757 | Valid Loss 0.6758 | Train Acc 57.2813 | Valid Acc 58.4698
2026-07-13 08:43:13 | TestSub: S1 | Epoch 49/100 Finsh | Now_lr 0.0005/0.0005 | Train Loss 0.6738 | Valid Loss 0.6754 | Train Acc 57.4433 | Valid Acc 58.4267
2026-07-13 08:43:22 | TestSub: S1 | Epoch 50/100 Finsh | Now_lr 0.0005/0.0005 | Train Loss 0.6740 | Valid Loss 0.6750 | Train Acc 57.3957 | Valid Acc 58.2543
2026-07-13 08:43:22 | Validation loss decreased (0.675146 --> 0.675034) in epoch (50). Saving model ...
2026-07-13 08:43:31 | TestSub: S1 | Epoch 51/100 Finsh | Now_lr 0.0005/0.0005 | Train Loss 0.6740 | Valid Loss 0.6750 | Train Acc 57.2266 | Valid Acc 58.4914
2026-07-13 08:43:31 | Validation loss decreased (0.675034 --> 0.674958) in epoch (51). Saving model ...
2026-07-13 08:43:40 | TestSub: S1 | Epoch 52/100 Finsh | Now_lr 0.0005/0.0005 | Train Loss 0.6742 | Valid Loss 0.6744 | Train Acc 57.3195 | Valid Acc 58.3836
2026-07-13 08:43:40 | Validation loss decreased (0.674958 --> 0.674408) in epoch (52). Saving model ...
2026-07-13 08:43:49 | TestSub: S1 | Epoch 53/100 Finsh | Now_lr 0.0005/0.0005 | Train Loss 0.6747 | Valid Loss 0.6749 | Train Acc 57.3099 | Valid Acc 58.1466
2026-07-13 08:43:58 | TestSub: S1 | Epoch 54/100 Finsh | Now_lr 0.0005/0.0005 | Train Loss 0.6746 | Valid Loss 0.6742 | Train Acc 57.2790 | Valid Acc 57.6724
2026-07-13 08:43:58 | Validation loss decreased (0.674408 --> 0.674201) in epoch (54). Saving model ...
2026-07-13 08:44:07 | TestSub: S1 | Epoch 55/100 Finsh | Now_lr 0.0005/0.0005 | Train Loss 0.6732 | Valid Loss 0.6750 | Train Acc 57.4957 | Valid Acc 58.1897
2026-07-13 08:44:16 | TestSub: S1 | Epoch 56/100 Finsh | Now_lr 0.0005/0.0005 | Train Loss 0.6742 | Valid Loss 0.6745 | Train Acc 57.3242 | Valid Acc 58.1681
2026-07-13 08:44:26 | TestSub: S1 | Epoch 57/100 Finsh | Now_lr 0.0005/0.0005 | Train Loss 0.6729 | Valid Loss 0.6744 | Train Acc 57.6982 | Valid Acc 58.2543
2026-07-13 08:44:35 | TestSub: S1 | Epoch 58/100 Finsh | Now_lr 0.0005/0.0005 | Train Loss 0.6716 | Valid Loss 0.6738 | Train Acc 57.8196 | Valid Acc 57.6509
2026-07-13 08:44:35 | Validation loss decreased (0.674201 --> 0.673769) in epoch (58). Saving model ...
2026-07-13 08:44:44 | TestSub: S1 | Epoch 59/100 Finsh | Now_lr 0.0005/0.0005 | Train Loss 0.6718 | Valid Loss 0.6741 | Train Acc 58.0316 | Valid Acc 58.3836
2026-07-13 08:44:53 | TestSub: S1 | Epoch 60/100 Finsh | Now_lr 0.0005/0.0005 | Train Loss 0.6744 | Valid Loss 0.6741 | Train Acc 57.1503 | Valid Acc 58.2759
2026-07-13 08:45:02 | TestSub: S1 | Epoch 61/100 Finsh | Now_lr 0.0005/0.0005 | Train Loss 0.6725 | Valid Loss 0.6744 | Train Acc 57.7506 | Valid Acc 58.1034
2026-07-13 08:45:11 | TestSub: S1 | Epoch 62/100 Finsh | Now_lr 0.0005/0.0005 | Train Loss 0.6728 | Valid Loss 0.6740 | Train Acc 57.6624 | Valid Acc 58.1034
2026-07-13 08:45:20 | TestSub: S1 | Epoch 63/100 Finsh | Now_lr 0.0005/0.0005 | Train Loss 0.6731 | Valid Loss 0.6744 | Train Acc 57.7815 | Valid Acc 57.3060
2026-07-13 08:45:29 | TestSub: S1 | Epoch 64/100 Finsh | Now_lr 0.0005/0.0005 | Train Loss 0.6746 | Valid Loss 0.6748 | Train Acc 57.2004 | Valid Acc 57.9095
2026-07-13 08:45:38 | TestSub: S1 | Epoch 65/100 Finsh | Now_lr 0.0005/0.0005 | Train Loss 0.6726 | Valid Loss 0.6745 | Train Acc 57.5195 | Valid Acc 58.1034
2026-07-13 08:45:48 | TestSub: S1 | Epoch 66/100 Finsh | Now_lr 0.0005/0.0005 | Train Loss 0.6719 | Valid Loss 0.6748 | Train Acc 57.9411 | Valid Acc 58.2328
2026-07-13 08:45:57 | TestSub: S1 | Epoch 67/100 Finsh | Now_lr 0.0005/0.0005 | Train Loss 0.6724 | Valid Loss 0.6745 | Train Acc 57.9387 | Valid Acc 58.2328
2026-07-13 08:46:06 | TestSub: S1 | Epoch 68/100 Finsh | Now_lr 0.0005/0.0005 | Train Loss 0.6728 | Valid Loss 0.6749 | Train Acc 57.4219 | Valid Acc 57.9957
2026-07-13 08:46:15 | TestSub: S1 | Epoch 69/100 Finsh | Now_lr 0.0005/0.0005 | Train Loss 0.6728 | Valid Loss 0.6745 | Train Acc 57.7387 | Valid Acc 58.1250
2026-07-13 08:46:24 | TestSub: S1 | Epoch 70/100 Finsh | Now_lr 0.0005/0.0005 | Train Loss 0.6718 | Valid Loss 0.6745 | Train Acc 58.0292 | Valid Acc 58.0172
2026-07-13 08:46:33 | TestSub: S1 | Epoch 71/100 Finsh | Now_lr 0.0005/0.0005 | Train Loss 0.6719 | Valid Loss 0.6749 | Train Acc 57.7148 | Valid Acc 58.0172
2026-07-13 08:46:42 | TestSub: S1 | Epoch 72/100 Finsh | Now_lr 0.0005/0.0005 | Train Loss 0.6728 | Valid Loss 0.6740 | Train Acc 57.7387 | Valid Acc 57.8879
2026-07-13 08:46:51 | TestSub: S1 | Epoch 73/100 Finsh | Now_lr 0.0005/0.0005 | Train Loss 0.6732 | Valid Loss 0.6755 | Train Acc 57.7410 | Valid Acc 57.9526
2026-07-13 08:47:01 | TestSub: S1 | Epoch 74/100 Finsh | Now_lr 0.0005/0.0005 | Train Loss 0.6730 | Valid Loss 0.6747 | Train Acc 57.4409 | Valid Acc 58.3621
2026-07-13 08:47:10 | TestSub: S1 | Epoch 75/100 Finsh | Now_lr 0.0005/0.0005 | Train Loss 0.6727 | Valid Loss 0.6749 | Train Acc 57.6767 | Valid Acc 58.2328
2026-07-13 08:47:19 | TestSub: S1 | Epoch 76/100 Finsh | Now_lr 0.0005/0.0005 | Train Loss 0.6719 | Valid Loss 0.6746 | Train Acc 57.7792 | Valid Acc 58.5776
2026-07-13 08:47:28 | TestSub: S1 | Epoch 77/100 Finsh | Now_lr 0.0005/0.0005 | Train Loss 0.6718 | Valid Loss 0.6741 | Train Acc 57.7053 | Valid Acc 59.1164
2026-07-13 08:47:37 | TestSub: S1 | Epoch 78/100 Finsh | Now_lr 0.0005/0.0005 | Train Loss 0.6719 | Valid Loss 0.6753 | Train Acc 57.9292 | Valid Acc 57.7371
2026-07-13 08:47:46 | TestSub: S1 | Epoch 79/100 Finsh | Now_lr 0.0005/0.0005 | Train Loss 0.6700 | Valid Loss 0.6743 | Train Acc 58.1293 | Valid Acc 57.4569
2026-07-13 08:47:46 | Early stopping at epoch 79!
2026-07-13 08:47:47 | --------------------------------------------------
2026-07-13 08:47:47 | Test_Subject :S1 | Best epoch:58 | Test Loss:0.6820 | Savemodel Acc 55.9992
2026-07-13 08:47:47 | --------------------------------------------------
2026-07-13 08:47:47 | Best epoch: 58 | Test acc: 55.9992
