2026-07-13 09:22:21 | Logging started: ./writer/Subject_dependent_AAD/AVEDao/1.0s/result//Train1.0s_sub2.log
2026-07-13 09:22:24 | Sub_id: 2
2026-07-13 09:22:25 | TestSub: S2 | Epoch  1/100 Finsh | Now_lr 0.0005/0.0005 | Train Loss 0.6956 | Valid Loss 0.6773 | Train Acc 53.6885 | Valid Acc 55.2885
2026-07-13 09:22:25 | Validation loss decreased (inf --> 0.677321) in epoch (1). Saving model ...
2026-07-13 09:22:26 | TestSub: S2 | Epoch  2/100 Finsh | Now_lr 0.0005/0.0005 | Train Loss 0.6837 | Valid Loss 0.6731 | Train Acc 55.8402 | Valid Acc 56.7308
2026-07-13 09:22:26 | Validation loss decreased (0.677321 --> 0.673109) in epoch (2). Saving model ...
2026-07-13 09:22:27 | TestSub: S2 | Epoch  3/100 Finsh | Now_lr 0.0005/0.0005 | Train Loss 0.6795 | Valid Loss 0.6682 | Train Acc 57.1721 | Valid Acc 58.6538
2026-07-13 09:22:27 | Validation loss decreased (0.673109 --> 0.668207) in epoch (3). Saving model ...
2026-07-13 09:22:28 | TestSub: S2 | Epoch  4/100 Finsh | Now_lr 0.0005/0.0005 | Train Loss 0.6656 | Valid Loss 0.6612 | Train Acc 60.5533 | Valid Acc 59.6154
2026-07-13 09:22:28 | Validation loss decreased (0.668207 --> 0.661192) in epoch (4). Saving model ...
2026-07-13 09:22:29 | TestSub: S2 | Epoch  5/100 Finsh | Now_lr 0.0005/0.0005 | Train Loss 0.6618 | Valid Loss 0.6553 | Train Acc 59.6055 | Valid Acc 62.7404
2026-07-13 09:22:29 | Validation loss decreased (0.661203 --> 0.655302) in epoch (5). Saving model ...
2026-07-13 09:22:30 | TestSub: S2 | Epoch  6/100 Finsh | Now_lr 0.0005/0.0005 | Train Loss 0.6505 | Valid Loss 0.6423 | Train Acc 62.2182 | Valid Acc 63.2212
2026-07-13 09:22:30 | Validation loss decreased (0.655302 --> 0.642342) in epoch (6). Saving model ...
2026-07-13 09:22:31 | TestSub: S2 | Epoch  7/100 Finsh | Now_lr 0.0005/0.0005 | Train Loss 0.6436 | Valid Loss 0.6334 | Train Acc 62.5768 | Valid Acc 66.3462
2026-07-13 09:22:31 | Validation loss decreased (0.642342 --> 0.633428) in epoch (7). Saving model ...
2026-07-13 09:22:32 | TestSub: S2 | Epoch  8/100 Finsh | Now_lr 0.0005/0.0005 | Train Loss 0.6287 | Valid Loss 0.6193 | Train Acc 65.7275 | Valid Acc 71.6346
2026-07-13 09:22:32 | Validation loss decreased (0.633428 --> 0.619336) in epoch (8). Saving model ...
2026-07-13 09:22:33 | TestSub: S2 | Epoch  9/100 Finsh | Now_lr 0.0005/0.0005 | Train Loss 0.6184 | Valid Loss 0.6084 | Train Acc 67.5461 | Valid Acc 69.7115
2026-07-13 09:22:33 | Validation loss decreased (0.619336 --> 0.608415) in epoch (9). Saving model ...
2026-07-13 09:22:34 | TestSub: S2 | Epoch 10/100 Finsh | Now_lr 0.0005/0.0005 | Train Loss 0.6000 | Valid Loss 0.5953 | Train Acc 68.3914 | Valid Acc 71.3942
2026-07-13 09:22:34 | Validation loss decreased (0.608415 --> 0.595343) in epoch (10). Saving model ...
2026-07-13 09:22:35 | TestSub: S2 | Epoch 11/100 Finsh | Now_lr 0.0005/0.0005 | Train Loss 0.5949 | Valid Loss 0.5842 | Train Acc 69.5953 | Valid Acc 71.8750
2026-07-13 09:22:35 | Validation loss decreased (0.595343 --> 0.584243) in epoch (11). Saving model ...
2026-07-13 09:22:36 | TestSub: S2 | Epoch 12/100 Finsh | Now_lr 0.0005/0.0005 | Train Loss 0.5767 | Valid Loss 0.5769 | Train Acc 71.0297 | Valid Acc 74.0385
2026-07-13 09:22:36 | Validation loss decreased (0.584243 --> 0.576864) in epoch (12). Saving model ...
2026-07-13 09:22:37 | TestSub: S2 | Epoch 13/100 Finsh | Now_lr 0.0005/0.0005 | Train Loss 0.5660 | Valid Loss 0.5634 | Train Acc 72.4898 | Valid Acc 75.2404
2026-07-13 09:22:37 | Validation loss decreased (0.576864 --> 0.563416) in epoch (13). Saving model ...
2026-07-13 09:22:38 | TestSub: S2 | Epoch 14/100 Finsh | Now_lr 0.0005/0.0005 | Train Loss 0.5511 | Valid Loss 0.5527 | Train Acc 73.1045 | Valid Acc 78.8462
2026-07-13 09:22:38 | Validation loss decreased (0.563416 --> 0.552661) in epoch (14). Saving model ...
2026-07-13 09:22:39 | TestSub: S2 | Epoch 15/100 Finsh | Now_lr 0.0005/0.0005 | Train Loss 0.5487 | Valid Loss 0.5471 | Train Acc 73.4119 | Valid Acc 77.8846
2026-07-13 09:22:39 | Validation loss decreased (0.552661 --> 0.547101) in epoch (15). Saving model ...
2026-07-13 09:22:40 | TestSub: S2 | Epoch 16/100 Finsh | Now_lr 0.0005/0.0005 | Train Loss 0.5429 | Valid Loss 0.5356 | Train Acc 74.1035 | Valid Acc 77.1635
2026-07-13 09:22:40 | Validation loss decreased (0.547101 --> 0.535587) in epoch (16). Saving model ...
2026-07-13 09:22:41 | TestSub: S2 | Epoch 17/100 Finsh | Now_lr 0.0005/0.0005 | Train Loss 0.5380 | Valid Loss 0.5263 | Train Acc 75.0768 | Valid Acc 79.0865
2026-07-13 09:22:41 | Validation loss decreased (0.535587 --> 0.526282) in epoch (17). Saving model ...
2026-07-13 09:22:42 | TestSub: S2 | Epoch 18/100 Finsh | Now_lr 0.0005/0.0005 | Train Loss 0.5252 | Valid Loss 0.5192 | Train Acc 74.6926 | Valid Acc 80.0481
2026-07-13 09:22:42 | Validation loss decreased (0.526282 --> 0.519221) in epoch (18). Saving model ...
2026-07-13 09:22:43 | TestSub: S2 | Epoch 19/100 Finsh | Now_lr 0.0005/0.0005 | Train Loss 0.5202 | Valid Loss 0.5093 | Train Acc 76.0758 | Valid Acc 81.9712
2026-07-13 09:22:43 | Validation loss decreased (0.519221 --> 0.509294) in epoch (19). Saving model ...
2026-07-13 09:22:43 | TestSub: S2 | Epoch 20/100 Finsh | Now_lr 0.0005/0.0005 | Train Loss 0.5074 | Valid Loss 0.5040 | Train Acc 77.5615 | Valid Acc 80.2885
2026-07-13 09:22:43 | Validation loss decreased (0.509294 --> 0.504049) in epoch (20). Saving model ...
2026-07-13 09:22:44 | TestSub: S2 | Epoch 21/100 Finsh | Now_lr 0.0005/0.0005 | Train Loss 0.4939 | Valid Loss 0.5008 | Train Acc 77.3566 | Valid Acc 81.4904
2026-07-13 09:22:44 | Validation loss decreased (0.504049 --> 0.500755) in epoch (21). Saving model ...
2026-07-13 09:22:45 | TestSub: S2 | Epoch 22/100 Finsh | Now_lr 0.0005/0.0005 | Train Loss 0.4979 | Valid Loss 0.4931 | Train Acc 77.1516 | Valid Acc 82.2115
2026-07-13 09:22:45 | Validation loss decreased (0.500755 --> 0.493074) in epoch (22). Saving model ...
2026-07-13 09:22:46 | TestSub: S2 | Epoch 23/100 Finsh | Now_lr 0.0005/0.0005 | Train Loss 0.4911 | Valid Loss 0.4891 | Train Acc 77.9201 | Valid Acc 82.6923
2026-07-13 09:22:46 | Validation loss decreased (0.493074 --> 0.489050) in epoch (23). Saving model ...
2026-07-13 09:22:47 | TestSub: S2 | Epoch 24/100 Finsh | Now_lr 0.0005/0.0005 | Train Loss 0.4866 | Valid Loss 0.4782 | Train Acc 78.7398 | Valid Acc 81.9712
2026-07-13 09:22:47 | Validation loss decreased (0.489050 --> 0.478187) in epoch (24). Saving model ...
2026-07-13 09:22:48 | TestSub: S2 | Epoch 25/100 Finsh | Now_lr 0.0005/0.0005 | Train Loss 0.4764 | Valid Loss 0.4705 | Train Acc 79.8668 | Valid Acc 83.1731
2026-07-13 09:22:48 | Validation loss decreased (0.478187 --> 0.470514) in epoch (25). Saving model ...
2026-07-13 09:22:49 | TestSub: S2 | Epoch 26/100 Finsh | Now_lr 0.0005/0.0005 | Train Loss 0.4698 | Valid Loss 0.4687 | Train Acc 78.8678 | Valid Acc 84.6154
2026-07-13 09:22:49 | Validation loss decreased (0.470514 --> 0.468728) in epoch (26). Saving model ...
2026-07-13 09:22:50 | TestSub: S2 | Epoch 27/100 Finsh | Now_lr 0.0005/0.0005 | Train Loss 0.4719 | Valid Loss 0.4617 | Train Acc 79.1240 | Valid Acc 83.4135
2026-07-13 09:22:50 | Validation loss decreased (0.468728 --> 0.461697) in epoch (27). Saving model ...
2026-07-13 09:22:51 | TestSub: S2 | Epoch 28/100 Finsh | Now_lr 0.0005/0.0005 | Train Loss 0.4741 | Valid Loss 0.4563 | Train Acc 78.1250 | Valid Acc 82.4519
2026-07-13 09:22:51 | Validation loss decreased (0.461697 --> 0.456266) in epoch (28). Saving model ...
2026-07-13 09:22:52 | TestSub: S2 | Epoch 29/100 Finsh | Now_lr 0.0005/0.0005 | Train Loss 0.4659 | Valid Loss 0.4514 | Train Acc 78.9703 | Valid Acc 83.1731
2026-07-13 09:22:52 | Validation loss decreased (0.456266 --> 0.451429) in epoch (29). Saving model ...
2026-07-13 09:22:53 | TestSub: S2 | Epoch 30/100 Finsh | Now_lr 0.0005/0.0005 | Train Loss 0.4632 | Valid Loss 0.4551 | Train Acc 78.7654 | Valid Acc 81.0096
2026-07-13 09:22:54 | TestSub: S2 | Epoch 31/100 Finsh | Now_lr 0.0005/0.0005 | Train Loss 0.4573 | Valid Loss 0.4431 | Train Acc 79.8668 | Valid Acc 82.2115
2026-07-13 09:22:54 | Validation loss decreased (0.451429 --> 0.443057) in epoch (31). Saving model ...
2026-07-13 09:22:55 | TestSub: S2 | Epoch 32/100 Finsh | Now_lr 0.0005/0.0005 | Train Loss 0.4532 | Valid Loss 0.4402 | Train Acc 79.8924 | Valid Acc 83.1731
2026-07-13 09:22:55 | Validation loss decreased (0.443057 --> 0.440201) in epoch (32). Saving model ...
2026-07-13 09:22:56 | TestSub: S2 | Epoch 33/100 Finsh | Now_lr 0.0005/0.0005 | Train Loss 0.4453 | Valid Loss 0.4365 | Train Acc 80.5328 | Valid Acc 83.8942
2026-07-13 09:22:56 | Validation loss decreased (0.440201 --> 0.436544) in epoch (33). Saving model ...
2026-07-13 09:22:57 | TestSub: S2 | Epoch 34/100 Finsh | Now_lr 0.0005/0.0005 | Train Loss 0.4481 | Valid Loss 0.4259 | Train Acc 79.8668 | Valid Acc 87.2596
2026-07-13 09:22:57 | Validation loss decreased (0.436544 --> 0.425949) in epoch (34). Saving model ...
2026-07-13 09:22:58 | TestSub: S2 | Epoch 35/100 Finsh | Now_lr 0.0005/0.0005 | Train Loss 0.4374 | Valid Loss 0.4268 | Train Acc 79.9693 | Valid Acc 86.5385
2026-07-13 09:22:59 | TestSub: S2 | Epoch 36/100 Finsh | Now_lr 0.0005/0.0005 | Train Loss 0.4410 | Valid Loss 0.4150 | Train Acc 80.7377 | Valid Acc 86.7788
2026-07-13 09:22:59 | Validation loss decreased (0.425949 --> 0.414977) in epoch (36). Saving model ...
2026-07-13 09:23:00 | TestSub: S2 | Epoch 37/100 Finsh | Now_lr 0.0005/0.0005 | Train Loss 0.4371 | Valid Loss 0.4113 | Train Acc 80.5584 | Valid Acc 86.7788
2026-07-13 09:23:00 | Validation loss decreased (0.414977 --> 0.411311) in epoch (37). Saving model ...
2026-07-13 09:23:01 | TestSub: S2 | Epoch 38/100 Finsh | Now_lr 0.0005/0.0005 | Train Loss 0.4315 | Valid Loss 0.4075 | Train Acc 80.9170 | Valid Acc 87.0192
2026-07-13 09:23:01 | Validation loss decreased (0.411311 --> 0.407534) in epoch (38). Saving model ...
2026-07-13 09:23:01 | TestSub: S2 | Epoch 39/100 Finsh | Now_lr 0.0005/0.0005 | Train Loss 0.4185 | Valid Loss 0.4078 | Train Acc 82.1977 | Valid Acc 89.1827
2026-07-13 09:23:02 | TestSub: S2 | Epoch 40/100 Finsh | Now_lr 0.0005/0.0005 | Train Loss 0.4306 | Valid Loss 0.4051 | Train Acc 81.0451 | Valid Acc 86.2981
2026-07-13 09:23:02 | Validation loss decreased (0.407534 --> 0.405136) in epoch (40). Saving model ...
2026-07-13 09:23:03 | TestSub: S2 | Epoch 41/100 Finsh | Now_lr 0.0005/0.0005 | Train Loss 0.4205 | Valid Loss 0.4066 | Train Acc 82.0441 | Valid Acc 85.3365
2026-07-13 09:23:04 | TestSub: S2 | Epoch 42/100 Finsh | Now_lr 0.0005/0.0005 | Train Loss 0.4219 | Valid Loss 0.3964 | Train Acc 81.4037 | Valid Acc 88.4615
2026-07-13 09:23:04 | Validation loss decreased (0.405136 --> 0.396407) in epoch (42). Saving model ...
2026-07-13 09:23:05 | TestSub: S2 | Epoch 43/100 Finsh | Now_lr 0.0005/0.0005 | Train Loss 0.4237 | Valid Loss 0.3904 | Train Acc 81.0707 | Valid Acc 89.1827
2026-07-13 09:23:05 | Validation loss decreased (0.396407 --> 0.390355) in epoch (43). Saving model ...
2026-07-13 09:23:06 | TestSub: S2 | Epoch 44/100 Finsh | Now_lr 0.0005/0.0005 | Train Loss 0.4102 | Valid Loss 0.3875 | Train Acc 82.9918 | Valid Acc 88.4615
2026-07-13 09:23:06 | Validation loss decreased (0.390355 --> 0.387467) in epoch (44). Saving model ...
2026-07-13 09:23:07 | TestSub: S2 | Epoch 45/100 Finsh | Now_lr 0.0005/0.0005 | Train Loss 0.4102 | Valid Loss 0.3835 | Train Acc 82.5307 | Valid Acc 89.9038
2026-07-13 09:23:07 | Validation loss decreased (0.387467 --> 0.383479) in epoch (45). Saving model ...
2026-07-13 09:23:08 | TestSub: S2 | Epoch 46/100 Finsh | Now_lr 0.0005/0.0005 | Train Loss 0.4073 | Valid Loss 0.3795 | Train Acc 82.3514 | Valid Acc 90.6250
2026-07-13 09:23:08 | Validation loss decreased (0.383479 --> 0.379474) in epoch (46). Saving model ...
2026-07-13 09:23:09 | TestSub: S2 | Epoch 47/100 Finsh | Now_lr 0.0005/0.0005 | Train Loss 0.4081 | Valid Loss 0.3767 | Train Acc 82.0441 | Valid Acc 89.6635
2026-07-13 09:23:09 | Validation loss decreased (0.379474 --> 0.376693) in epoch (47). Saving model ...
2026-07-13 09:23:10 | TestSub: S2 | Epoch 48/100 Finsh | Now_lr 0.0005/0.0005 | Train Loss 0.4098 | Valid Loss 0.3799 | Train Acc 82.4539 | Valid Acc 87.2596
2026-07-13 09:23:11 | TestSub: S2 | Epoch 49/100 Finsh | Now_lr 0.0005/0.0005 | Train Loss 0.4016 | Valid Loss 0.3683 | Train Acc 82.9918 | Valid Acc 89.6635
2026-07-13 09:23:11 | Validation loss decreased (0.376693 --> 0.368316) in epoch (49). Saving model ...
2026-07-13 09:23:12 | TestSub: S2 | Epoch 50/100 Finsh | Now_lr 0.0005/0.0005 | Train Loss 0.3927 | Valid Loss 0.3649 | Train Acc 83.4016 | Valid Acc 89.9038
2026-07-13 09:23:12 | Validation loss decreased (0.368316 --> 0.364904) in epoch (50). Saving model ...
2026-07-13 09:23:13 | TestSub: S2 | Epoch 51/100 Finsh | Now_lr 0.0005/0.0005 | Train Loss 0.4119 | Valid Loss 0.3665 | Train Acc 81.1219 | Valid Acc 89.1827
2026-07-13 09:23:13 | TestSub: S2 | Epoch 52/100 Finsh | Now_lr 0.0005/0.0005 | Train Loss 0.3940 | Valid Loss 0.3667 | Train Acc 83.0943 | Valid Acc 91.3462
2026-07-13 09:23:14 | TestSub: S2 | Epoch 53/100 Finsh | Now_lr 0.0005/0.0005 | Train Loss 0.4084 | Valid Loss 0.3610 | Train Acc 82.1209 | Valid Acc 89.6635
2026-07-13 09:23:14 | Validation loss decreased (0.364904 --> 0.360970) in epoch (53). Saving model ...
2026-07-13 09:23:15 | TestSub: S2 | Epoch 54/100 Finsh | Now_lr 0.0005/0.0005 | Train Loss 0.3959 | Valid Loss 0.3587 | Train Acc 83.3248 | Valid Acc 90.3846
2026-07-13 09:23:15 | Validation loss decreased (0.360970 --> 0.358677) in epoch (54). Saving model ...
2026-07-13 09:23:16 | TestSub: S2 | Epoch 55/100 Finsh | Now_lr 0.0005/0.0005 | Train Loss 0.3918 | Valid Loss 0.3567 | Train Acc 82.9150 | Valid Acc 89.9038
2026-07-13 09:23:16 | Validation loss decreased (0.358677 --> 0.356670) in epoch (55). Saving model ...
2026-07-13 09:23:17 | TestSub: S2 | Epoch 56/100 Finsh | Now_lr 0.0005/0.0005 | Train Loss 0.3941 | Valid Loss 0.3502 | Train Acc 82.4539 | Valid Acc 89.9038
2026-07-13 09:23:17 | Validation loss decreased (0.356670 --> 0.350196) in epoch (56). Saving model ...
2026-07-13 09:23:18 | TestSub: S2 | Epoch 57/100 Finsh | Now_lr 0.0005/0.0005 | Train Loss 0.3905 | Valid Loss 0.3475 | Train Acc 82.7869 | Valid Acc 92.0673
2026-07-13 09:23:18 | Validation loss decreased (0.350196 --> 0.347478) in epoch (57). Saving model ...
2026-07-13 09:23:19 | TestSub: S2 | Epoch 58/100 Finsh | Now_lr 0.0005/0.0005 | Train Loss 0.3773 | Valid Loss 0.3658 | Train Acc 84.8617 | Valid Acc 87.9808
2026-07-13 09:23:20 | TestSub: S2 | Epoch 59/100 Finsh | Now_lr 0.0005/0.0005 | Train Loss 0.3783 | Valid Loss 0.3501 | Train Acc 83.5809 | Valid Acc 89.1827
2026-07-13 09:23:21 | TestSub: S2 | Epoch 60/100 Finsh | Now_lr 0.0005/0.0005 | Train Loss 0.3767 | Valid Loss 0.3478 | Train Acc 84.4006 | Valid Acc 90.6250
2026-07-13 09:23:22 | TestSub: S2 | Epoch 61/100 Finsh | Now_lr 0.0005/0.0005 | Train Loss 0.3883 | Valid Loss 0.3419 | Train Acc 83.0686 | Valid Acc 90.8654
2026-07-13 09:23:22 | Validation loss decreased (0.347478 --> 0.341935) in epoch (61). Saving model ...
2026-07-13 09:23:23 | TestSub: S2 | Epoch 62/100 Finsh | Now_lr 0.0005/0.0005 | Train Loss 0.3692 | Valid Loss 0.3391 | Train Acc 84.9898 | Valid Acc 90.6250
2026-07-13 09:23:23 | Validation loss decreased (0.341935 --> 0.339081) in epoch (62). Saving model ...
2026-07-13 09:23:24 | TestSub: S2 | Epoch 63/100 Finsh | Now_lr 0.0005/0.0005 | Train Loss 0.3835 | Valid Loss 0.3407 | Train Acc 83.2992 | Valid Acc 89.1827
2026-07-13 09:23:24 | TestSub: S2 | Epoch 64/100 Finsh | Now_lr 0.0005/0.0005 | Train Loss 0.3687 | Valid Loss 0.3384 | Train Acc 84.3494 | Valid Acc 90.8654
2026-07-13 09:23:24 | Validation loss decreased (0.339081 --> 0.338377) in epoch (64). Saving model ...
2026-07-13 09:23:26 | TestSub: S2 | Epoch 65/100 Finsh | Now_lr 0.0005/0.0005 | Train Loss 0.3798 | Valid Loss 0.3369 | Train Acc 83.9652 | Valid Acc 88.7019
2026-07-13 09:23:26 | Validation loss decreased (0.338377 --> 0.336864) in epoch (65). Saving model ...
2026-07-13 09:23:27 | TestSub: S2 | Epoch 66/100 Finsh | Now_lr 0.0005/0.0005 | Train Loss 0.3711 | Valid Loss 0.3339 | Train Acc 84.5287 | Valid Acc 90.8654
2026-07-13 09:23:27 | Validation loss decreased (0.336995 --> 0.333872) in epoch (66). Saving model ...
2026-07-13 09:23:28 | TestSub: S2 | Epoch 67/100 Finsh | Now_lr 0.0005/0.0005 | Train Loss 0.3784 | Valid Loss 0.3245 | Train Acc 83.5553 | Valid Acc 92.3077
2026-07-13 09:23:28 | Validation loss decreased (0.333189 --> 0.324498) in epoch (67). Saving model ...
2026-07-13 09:23:28 | TestSub: S2 | Epoch 68/100 Finsh | Now_lr 0.0005/0.0005 | Train Loss 0.3723 | Valid Loss 0.3303 | Train Acc 84.1189 | Valid Acc 90.6250
2026-07-13 09:23:29 | TestSub: S2 | Epoch 69/100 Finsh | Now_lr 0.0005/0.0005 | Train Loss 0.3834 | Valid Loss 0.3232 | Train Acc 83.2736 | Valid Acc 91.5865
2026-07-13 09:23:29 | Validation loss decreased (0.325010 --> 0.323203) in epoch (69). Saving model ...
2026-07-13 09:23:30 | TestSub: S2 | Epoch 70/100 Finsh | Now_lr 0.0005/0.0005 | Train Loss 0.3679 | Valid Loss 0.3217 | Train Acc 84.1445 | Valid Acc 92.0673
2026-07-13 09:23:30 | Validation loss decreased (0.323203 --> 0.321695) in epoch (70). Saving model ...
2026-07-13 09:23:31 | TestSub: S2 | Epoch 71/100 Finsh | Now_lr 0.0005/0.0005 | Train Loss 0.3717 | Valid Loss 0.3223 | Train Acc 84.4775 | Valid Acc 91.5865
2026-07-13 09:23:32 | TestSub: S2 | Epoch 72/100 Finsh | Now_lr 0.0005/0.0005 | Train Loss 0.3630 | Valid Loss 0.3181 | Train Acc 83.9652 | Valid Acc 92.3077
2026-07-13 09:23:32 | Validation loss decreased (0.321629 --> 0.318065) in epoch (72). Saving model ...
2026-07-13 09:23:33 | TestSub: S2 | Epoch 73/100 Finsh | Now_lr 0.0005/0.0005 | Train Loss 0.3615 | Valid Loss 0.3172 | Train Acc 84.7592 | Valid Acc 92.3077
2026-07-13 09:23:33 | Validation loss decreased (0.318065 --> 0.317215) in epoch (73). Saving model ...
2026-07-13 09:23:34 | TestSub: S2 | Epoch 74/100 Finsh | Now_lr 0.0005/0.0005 | Train Loss 0.3593 | Valid Loss 0.3129 | Train Acc 85.3996 | Valid Acc 91.5865
2026-07-13 09:23:34 | Validation loss decreased (0.317215 --> 0.312887) in epoch (74). Saving model ...
2026-07-13 09:23:35 | TestSub: S2 | Epoch 75/100 Finsh | Now_lr 0.0005/0.0005 | Train Loss 0.3560 | Valid Loss 0.3062 | Train Acc 85.3740 | Valid Acc 92.7885
2026-07-13 09:23:35 | Validation loss decreased (0.312887 --> 0.306215) in epoch (75). Saving model ...
2026-07-13 09:23:36 | TestSub: S2 | Epoch 76/100 Finsh | Now_lr 0.0005/0.0005 | Train Loss 0.3548 | Valid Loss 0.3160 | Train Acc 84.8617 | Valid Acc 93.7500
2026-07-13 09:23:37 | TestSub: S2 | Epoch 77/100 Finsh | Now_lr 0.0005/0.0005 | Train Loss 0.3531 | Valid Loss 0.3109 | Train Acc 86.0912 | Valid Acc 93.0288
2026-07-13 09:23:38 | TestSub: S2 | Epoch 78/100 Finsh | Now_lr 0.0005/0.0005 | Train Loss 0.3603 | Valid Loss 0.3088 | Train Acc 85.0666 | Valid Acc 92.3077
2026-07-13 09:23:39 | TestSub: S2 | Epoch 79/100 Finsh | Now_lr 0.0005/0.0005 | Train Loss 0.3461 | Valid Loss 0.3032 | Train Acc 85.6301 | Valid Acc 93.2692
2026-07-13 09:23:39 | Validation loss decreased (0.306215 --> 0.303234) in epoch (79). Saving model ...
2026-07-13 09:23:40 | TestSub: S2 | Epoch 80/100 Finsh | Now_lr 0.0005/0.0005 | Train Loss 0.3496 | Valid Loss 0.3008 | Train Acc 85.2459 | Valid Acc 92.3077
2026-07-13 09:23:40 | Validation loss decreased (0.303234 --> 0.300783) in epoch (80). Saving model ...
2026-07-13 09:23:41 | TestSub: S2 | Epoch 81/100 Finsh | Now_lr 0.0005/0.0005 | Train Loss 0.3465 | Valid Loss 0.2994 | Train Acc 85.4252 | Valid Acc 91.8269
2026-07-13 09:23:41 | Validation loss decreased (0.300783 --> 0.299372) in epoch (81). Saving model ...
2026-07-13 09:23:42 | TestSub: S2 | Epoch 82/100 Finsh | Now_lr 0.0005/0.0005 | Train Loss 0.3505 | Valid Loss 0.3013 | Train Acc 84.6311 | Valid Acc 92.0673
2026-07-13 09:23:43 | TestSub: S2 | Epoch 83/100 Finsh | Now_lr 0.0005/0.0005 | Train Loss 0.3503 | Valid Loss 0.2995 | Train Acc 85.5533 | Valid Acc 91.5865
2026-07-13 09:23:44 | TestSub: S2 | Epoch 84/100 Finsh | Now_lr 0.0005/0.0005 | Train Loss 0.3522 | Valid Loss 0.2967 | Train Acc 84.8617 | Valid Acc 91.8269
2026-07-13 09:23:44 | Validation loss decreased (0.299372 --> 0.296689) in epoch (84). Saving model ...
2026-07-13 09:23:45 | TestSub: S2 | Epoch 85/100 Finsh | Now_lr 0.0005/0.0005 | Train Loss 0.3502 | Valid Loss 0.3000 | Train Acc 85.3996 | Valid Acc 92.5481
2026-07-13 09:23:46 | TestSub: S2 | Epoch 86/100 Finsh | Now_lr 0.0005/0.0005 | Train Loss 0.3392 | Valid Loss 0.2972 | Train Acc 86.0400 | Valid Acc 92.7885
2026-07-13 09:23:46 | TestSub: S2 | Epoch 87/100 Finsh | Now_lr 0.0005/0.0005 | Train Loss 0.3518 | Valid Loss 0.2915 | Train Acc 85.0666 | Valid Acc 92.5481
2026-07-13 09:23:46 | Validation loss decreased (0.296689 --> 0.291498) in epoch (87). Saving model ...
2026-07-13 09:23:47 | TestSub: S2 | Epoch 88/100 Finsh | Now_lr 0.0005/0.0005 | Train Loss 0.3557 | Valid Loss 0.2947 | Train Acc 84.6055 | Valid Acc 93.2692
2026-07-13 09:23:48 | TestSub: S2 | Epoch 89/100 Finsh | Now_lr 0.0005/0.0005 | Train Loss 0.3456 | Valid Loss 0.2891 | Train Acc 85.2971 | Valid Acc 93.2692
2026-07-13 09:23:48 | Validation loss decreased (0.291498 --> 0.289085) in epoch (89). Saving model ...
2026-07-13 09:23:49 | TestSub: S2 | Epoch 90/100 Finsh | Now_lr 0.0005/0.0005 | Train Loss 0.3400 | Valid Loss 0.2929 | Train Acc 85.8094 | Valid Acc 92.5481
2026-07-13 09:23:50 | TestSub: S2 | Epoch 91/100 Finsh | Now_lr 0.0005/0.0005 | Train Loss 0.3291 | Valid Loss 0.2863 | Train Acc 86.5779 | Valid Acc 93.7500
2026-07-13 09:23:50 | Validation loss decreased (0.289085 --> 0.286301) in epoch (91). Saving model ...
2026-07-13 09:23:51 | TestSub: S2 | Epoch 92/100 Finsh | Now_lr 0.0005/0.0005 | Train Loss 0.3428 | Valid Loss 0.2846 | Train Acc 85.1178 | Valid Acc 94.4712
2026-07-13 09:23:51 | Validation loss decreased (0.286301 --> 0.284575) in epoch (92). Saving model ...
2026-07-13 09:23:52 | TestSub: S2 | Epoch 93/100 Finsh | Now_lr 0.0005/0.0005 | Train Loss 0.3477 | Valid Loss 0.2891 | Train Acc 84.9898 | Valid Acc 94.4712
2026-07-13 09:23:53 | TestSub: S2 | Epoch 94/100 Finsh | Now_lr 0.0005/0.0005 | Train Loss 0.3269 | Valid Loss 0.2823 | Train Acc 86.0912 | Valid Acc 93.9904
2026-07-13 09:23:53 | Validation loss decreased (0.284575 --> 0.282319) in epoch (94). Saving model ...
2026-07-13 09:23:54 | TestSub: S2 | Epoch 95/100 Finsh | Now_lr 0.0005/0.0005 | Train Loss 0.3372 | Valid Loss 0.2795 | Train Acc 85.8350 | Valid Acc 93.5096
2026-07-13 09:23:54 | Validation loss decreased (0.282319 --> 0.279521) in epoch (95). Saving model ...
2026-07-13 09:23:55 | TestSub: S2 | Epoch 96/100 Finsh | Now_lr 0.0005/0.0005 | Train Loss 0.3409 | Valid Loss 0.2749 | Train Acc 84.9129 | Valid Acc 94.7115
2026-07-13 09:23:55 | Validation loss decreased (0.279521 --> 0.274887) in epoch (96). Saving model ...
2026-07-13 09:23:56 | TestSub: S2 | Epoch 97/100 Finsh | Now_lr 0.0005/0.0005 | Train Loss 0.3277 | Valid Loss 0.2808 | Train Acc 86.7828 | Valid Acc 93.7500
2026-07-13 09:23:57 | TestSub: S2 | Epoch 98/100 Finsh | Now_lr 0.0005/0.0005 | Train Loss 0.3420 | Valid Loss 0.2822 | Train Acc 86.1424 | Valid Acc 91.8269
2026-07-13 09:23:58 | TestSub: S2 | Epoch 99/100 Finsh | Now_lr 0.0005/0.0005 | Train Loss 0.3352 | Valid Loss 0.2829 | Train Acc 85.8607 | Valid Acc 92.0673
2026-07-13 09:23:59 | TestSub: S2 | Epoch 100/100 Finsh | Now_lr 0.0005/0.0005 | Train Loss 0.3494 | Valid Loss 0.2794 | Train Acc 85.2715 | Valid Acc 92.7885
2026-07-13 09:23:59 | --------------------------------------------------
2026-07-13 09:23:59 | Test_Subject :S2 | Best epoch:96 | Test Loss:0.4592 | Savemodel Acc 80.6250
2026-07-13 09:23:59 | --------------------------------------------------
2026-07-13 09:23:59 | Best epoch: 96 | Test acc: 80.6250
----------------------------------------------
2026-07-13 09:23:58 | Best epoch: 96 | Test acc: 80.6250
