2026-07-13 09:25:37 | Logging started: ./writer/Subject_dependent_AAD/AVEDao/1.0s/result//Train1.0s_sub4.log
2026-07-13 09:25:40 | Sub_id: 4
2026-07-13 09:25:42 | TestSub: S4 | Epoch  1/100 Finsh | Now_lr 0.0005/0.0005 | Train Loss 0.6920 | Valid Loss 0.6887 | Train Acc 50.6404 | Valid Acc 49.5192
2026-07-13 09:25:42 | Validation loss decreased (inf --> 0.688721) in epoch (1). Saving model ...
2026-07-13 09:25:43 | TestSub: S4 | Epoch  2/100 Finsh | Now_lr 0.0005/0.0005 | Train Loss 0.6871 | Valid Loss 0.6862 | Train Acc 53.2018 | Valid Acc 52.4038
2026-07-13 09:25:43 | Validation loss decreased (0.688721 --> 0.686237) in epoch (2). Saving model ...
2026-07-13 09:25:43 | TestSub: S4 | Epoch  3/100 Finsh | Now_lr 0.0005/0.0005 | Train Loss 0.6815 | Valid Loss 0.6836 | Train Acc 55.1486 | Valid Acc 56.4904
2026-07-13 09:25:43 | Validation loss decreased (0.686237 --> 0.683645) in epoch (3). Saving model ...
2026-07-13 09:25:44 | TestSub: S4 | Epoch  4/100 Finsh | Now_lr 0.0005/0.0005 | Train Loss 0.6797 | Valid Loss 0.6814 | Train Acc 55.9682 | Valid Acc 54.5673
2026-07-13 09:25:44 | Validation loss decreased (0.683645 --> 0.681366) in epoch (4). Saving model ...
2026-07-13 09:25:45 | TestSub: S4 | Epoch  5/100 Finsh | Now_lr 0.0005/0.0005 | Train Loss 0.6765 | Valid Loss 0.6757 | Train Acc 56.8904 | Valid Acc 57.9327
2026-07-13 09:25:45 | Validation loss decreased (0.681366 --> 0.675693) in epoch (5). Saving model ...
2026-07-13 09:25:46 | TestSub: S4 | Epoch  6/100 Finsh | Now_lr 0.0005/0.0005 | Train Loss 0.6696 | Valid Loss 0.6702 | Train Acc 59.8105 | Valid Acc 60.0962
2026-07-13 09:25:46 | Validation loss decreased (0.675693 --> 0.670205) in epoch (6). Saving model ...
2026-07-13 09:25:47 | TestSub: S4 | Epoch  7/100 Finsh | Now_lr 0.0005/0.0005 | Train Loss 0.6665 | Valid Loss 0.6634 | Train Acc 60.2715 | Valid Acc 62.5000
2026-07-13 09:25:47 | Validation loss decreased (0.670205 --> 0.663446) in epoch (7). Saving model ...
2026-07-13 09:25:48 | TestSub: S4 | Epoch  8/100 Finsh | Now_lr 0.0005/0.0005 | Train Loss 0.6545 | Valid Loss 0.6527 | Train Acc 62.8586 | Valid Acc 68.0288
2026-07-13 09:25:48 | Validation loss decreased (0.663446 --> 0.652667) in epoch (8). Saving model ...
2026-07-13 09:25:49 | TestSub: S4 | Epoch  9/100 Finsh | Now_lr 0.0005/0.0005 | Train Loss 0.6470 | Valid Loss 0.6402 | Train Acc 64.3699 | Valid Acc 67.7885
2026-07-13 09:25:49 | Validation loss decreased (0.652667 --> 0.640248) in epoch (9). Saving model ...
2026-07-13 09:25:50 | TestSub: S4 | Epoch 10/100 Finsh | Now_lr 0.0005/0.0005 | Train Loss 0.6345 | Valid Loss 0.6248 | Train Acc 66.0861 | Valid Acc 72.8365
2026-07-13 09:25:50 | Validation loss decreased (0.640248 --> 0.624796) in epoch (10). Saving model ...
2026-07-13 09:25:51 | TestSub: S4 | Epoch 11/100 Finsh | Now_lr 0.0005/0.0005 | Train Loss 0.6240 | Valid Loss 0.6112 | Train Acc 68.2377 | Valid Acc 75.2404
2026-07-13 09:25:51 | Validation loss decreased (0.624796 --> 0.611181) in epoch (11). Saving model ...
2026-07-13 09:25:52 | TestSub: S4 | Epoch 12/100 Finsh | Now_lr 0.0005/0.0005 | Train Loss 0.6111 | Valid Loss 0.5983 | Train Acc 68.8268 | Valid Acc 77.1635
2026-07-13 09:25:52 | Validation loss decreased (0.611181 --> 0.598262) in epoch (12). Saving model ...
2026-07-13 09:25:53 | TestSub: S4 | Epoch 13/100 Finsh | Now_lr 0.0005/0.0005 | Train Loss 0.5958 | Valid Loss 0.5847 | Train Acc 70.5430 | Valid Acc 78.3654
2026-07-13 09:25:53 | Validation loss decreased (0.598262 --> 0.584672) in epoch (13). Saving model ...
2026-07-13 09:25:54 | TestSub: S4 | Epoch 14/100 Finsh | Now_lr 0.0005/0.0005 | Train Loss 0.5845 | Valid Loss 0.5718 | Train Acc 71.2090 | Valid Acc 77.8846
2026-07-13 09:25:54 | Validation loss decreased (0.584672 --> 0.571753) in epoch (14). Saving model ...
2026-07-13 09:25:55 | TestSub: S4 | Epoch 15/100 Finsh | Now_lr 0.0005/0.0005 | Train Loss 0.5752 | Valid Loss 0.5526 | Train Acc 72.2336 | Valid Acc 80.5288
2026-07-13 09:25:55 | Validation loss decreased (0.571753 --> 0.552552) in epoch (15). Saving model ...
2026-07-13 09:25:56 | TestSub: S4 | Epoch 16/100 Finsh | Now_lr 0.0005/0.0005 | Train Loss 0.5652 | Valid Loss 0.5386 | Train Acc 72.3361 | Valid Acc 81.0096
2026-07-13 09:25:56 | Validation loss decreased (0.552552 --> 0.538619) in epoch (16). Saving model ...
2026-07-13 09:25:57 | TestSub: S4 | Epoch 17/100 Finsh | Now_lr 0.0005/0.0005 | Train Loss 0.5475 | Valid Loss 0.5286 | Train Acc 74.9232 | Valid Acc 80.2885
2026-07-13 09:25:57 | Validation loss decreased (0.538619 --> 0.528590) in epoch (17). Saving model ...
2026-07-13 09:25:58 | TestSub: S4 | Epoch 18/100 Finsh | Now_lr 0.0005/0.0005 | Train Loss 0.5431 | Valid Loss 0.5206 | Train Acc 75.2818 | Valid Acc 80.2885
2026-07-13 09:25:58 | Validation loss decreased (0.528590 --> 0.520588) in epoch (18). Saving model ...
2026-07-13 09:25:59 | TestSub: S4 | Epoch 19/100 Finsh | Now_lr 0.0005/0.0005 | Train Loss 0.5300 | Valid Loss 0.5001 | Train Acc 75.6916 | Valid Acc 84.6154
2026-07-13 09:25:59 | Validation loss decreased (0.520588 --> 0.500146) in epoch (19). Saving model ...
2026-07-13 09:26:00 | TestSub: S4 | Epoch 20/100 Finsh | Now_lr 0.0005/0.0005 | Train Loss 0.5256 | Valid Loss 0.4993 | Train Acc 75.3842 | Valid Acc 82.9327
2026-07-13 09:26:00 | Validation loss decreased (0.500146 --> 0.499307) in epoch (20). Saving model ...
2026-07-13 09:26:01 | TestSub: S4 | Epoch 21/100 Finsh | Now_lr 0.0005/0.0005 | Train Loss 0.5192 | Valid Loss 0.4883 | Train Acc 75.6404 | Valid Acc 84.1346
2026-07-13 09:26:01 | Validation loss decreased (0.499307 --> 0.488286) in epoch (21). Saving model ...
2026-07-13 09:26:02 | TestSub: S4 | Epoch 22/100 Finsh | Now_lr 0.0005/0.0005 | Train Loss 0.5187 | Valid Loss 0.4753 | Train Acc 75.7684 | Valid Acc 86.2981
2026-07-13 09:26:02 | Validation loss decreased (0.488286 --> 0.475258) in epoch (22). Saving model ...
2026-07-13 09:26:03 | TestSub: S4 | Epoch 23/100 Finsh | Now_lr 0.0005/0.0005 | Train Loss 0.5049 | Valid Loss 0.4672 | Train Acc 76.6137 | Valid Acc 86.2981
2026-07-13 09:26:03 | Validation loss decreased (0.475258 --> 0.467237) in epoch (23). Saving model ...
2026-07-13 09:26:04 | TestSub: S4 | Epoch 24/100 Finsh | Now_lr 0.0005/0.0005 | Train Loss 0.4978 | Valid Loss 0.4655 | Train Acc 77.0236 | Valid Acc 86.2981
2026-07-13 09:26:04 | Validation loss decreased (0.467237 --> 0.465462) in epoch (24). Saving model ...
2026-07-13 09:26:04 | TestSub: S4 | Epoch 25/100 Finsh | Now_lr 0.0005/0.0005 | Train Loss 0.4951 | Valid Loss 0.4515 | Train Acc 76.5113 | Valid Acc 86.2981
2026-07-13 09:26:04 | Validation loss decreased (0.465462 --> 0.451539) in epoch (25). Saving model ...
2026-07-13 09:26:05 | TestSub: S4 | Epoch 26/100 Finsh | Now_lr 0.0005/0.0005 | Train Loss 0.4894 | Valid Loss 0.4523 | Train Acc 76.8955 | Valid Acc 84.8558
2026-07-13 09:26:06 | TestSub: S4 | Epoch 27/100 Finsh | Now_lr 0.0005/0.0005 | Train Loss 0.4866 | Valid Loss 0.4516 | Train Acc 78.4836 | Valid Acc 84.6154
2026-07-13 09:26:07 | TestSub: S4 | Epoch 28/100 Finsh | Now_lr 0.0005/0.0005 | Train Loss 0.4794 | Valid Loss 0.4418 | Train Acc 78.2018 | Valid Acc 86.2981
2026-07-13 09:26:07 | Validation loss decreased (0.451539 --> 0.441844) in epoch (28). Saving model ...
2026-07-13 09:26:08 | TestSub: S4 | Epoch 29/100 Finsh | Now_lr 0.0005/0.0005 | Train Loss 0.4694 | Valid Loss 0.4274 | Train Acc 79.0471 | Valid Acc 88.4615
2026-07-13 09:26:08 | Validation loss decreased (0.441844 --> 0.427434) in epoch (29). Saving model ...
2026-07-13 09:26:09 | TestSub: S4 | Epoch 30/100 Finsh | Now_lr 0.0005/0.0005 | Train Loss 0.4770 | Valid Loss 0.4317 | Train Acc 78.6373 | Valid Acc 86.7788
2026-07-13 09:26:10 | TestSub: S4 | Epoch 31/100 Finsh | Now_lr 0.0005/0.0005 | Train Loss 0.4700 | Valid Loss 0.4292 | Train Acc 79.2008 | Valid Acc 87.7404
2026-07-13 09:26:11 | TestSub: S4 | Epoch 32/100 Finsh | Now_lr 0.0005/0.0005 | Train Loss 0.4697 | Valid Loss 0.4213 | Train Acc 78.2787 | Valid Acc 86.0577
2026-07-13 09:26:11 | Validation loss decreased (0.427434 --> 0.421299) in epoch (32). Saving model ...
2026-07-13 09:26:12 | TestSub: S4 | Epoch 33/100 Finsh | Now_lr 0.0005/0.0005 | Train Loss 0.4652 | Valid Loss 0.4150 | Train Acc 79.2520 | Valid Acc 87.2596
2026-07-13 09:26:12 | Validation loss decreased (0.421299 --> 0.415045) in epoch (33). Saving model ...
2026-07-13 09:26:13 | TestSub: S4 | Epoch 34/100 Finsh | Now_lr 0.0005/0.0005 | Train Loss 0.4604 | Valid Loss 0.4103 | Train Acc 78.6117 | Valid Acc 89.1827
2026-07-13 09:26:13 | Validation loss decreased (0.415045 --> 0.410266) in epoch (34). Saving model ...
2026-07-13 09:26:14 | TestSub: S4 | Epoch 35/100 Finsh | Now_lr 0.0005/0.0005 | Train Loss 0.4509 | Valid Loss 0.4176 | Train Acc 79.7131 | Valid Acc 86.5385
2026-07-13 09:26:15 | TestSub: S4 | Epoch 36/100 Finsh | Now_lr 0.0005/0.0005 | Train Loss 0.4462 | Valid Loss 0.4018 | Train Acc 78.9191 | Valid Acc 87.7404
2026-07-13 09:26:15 | Validation loss decreased (0.410266 --> 0.401758) in epoch (36). Saving model ...
2026-07-13 09:26:16 | TestSub: S4 | Epoch 37/100 Finsh | Now_lr 0.0005/0.0005 | Train Loss 0.4554 | Valid Loss 0.4070 | Train Acc 79.4826 | Valid Acc 88.2212
2026-07-13 09:26:17 | TestSub: S4 | Epoch 38/100 Finsh | Now_lr 0.0005/0.0005 | Train Loss 0.4531 | Valid Loss 0.3974 | Train Acc 79.6107 | Valid Acc 87.5000
2026-07-13 09:26:17 | Validation loss decreased (0.401758 --> 0.397441) in epoch (38). Saving model ...
2026-07-13 09:26:18 | TestSub: S4 | Epoch 39/100 Finsh | Now_lr 0.0005/0.0005 | Train Loss 0.4498 | Valid Loss 0.3933 | Train Acc 80.1230 | Valid Acc 88.4615
2026-07-13 09:26:18 | Validation loss decreased (0.397441 --> 0.393321) in epoch (39). Saving model ...
2026-07-13 09:26:19 | TestSub: S4 | Epoch 40/100 Finsh | Now_lr 0.0005/0.0005 | Train Loss 0.4507 | Valid Loss 0.3909 | Train Acc 80.0973 | Valid Acc 88.7019
2026-07-13 09:26:19 | Validation loss decreased (0.393321 --> 0.390876) in epoch (40). Saving model ...
2026-07-13 09:26:20 | TestSub: S4 | Epoch 41/100 Finsh | Now_lr 0.0005/0.0005 | Train Loss 0.4560 | Valid Loss 0.3941 | Train Acc 79.5594 | Valid Acc 88.4615
2026-07-13 09:26:20 | TestSub: S4 | Epoch 42/100 Finsh | Now_lr 0.0005/0.0005 | Train Loss 0.4317 | Valid Loss 0.3972 | Train Acc 81.1988 | Valid Acc 87.7404
2026-07-13 09:26:21 | TestSub: S4 | Epoch 43/100 Finsh | Now_lr 0.0005/0.0005 | Train Loss 0.4443 | Valid Loss 0.3917 | Train Acc 79.6363 | Valid Acc 87.9808
2026-07-13 09:26:22 | TestSub: S4 | Epoch 44/100 Finsh | Now_lr 0.0005/0.0005 | Train Loss 0.4308 | Valid Loss 0.3840 | Train Acc 81.0963 | Valid Acc 89.6635
2026-07-13 09:26:22 | Validation loss decreased (0.390876 --> 0.383954) in epoch (44). Saving model ...
2026-07-13 09:26:23 | TestSub: S4 | Epoch 45/100 Finsh | Now_lr 0.0005/0.0005 | Train Loss 0.4270 | Valid Loss 0.3815 | Train Acc 80.7377 | Valid Acc 89.4231
2026-07-13 09:26:23 | Validation loss decreased (0.383954 --> 0.381533) in epoch (45). Saving model ...
2026-07-13 09:26:24 | TestSub: S4 | Epoch 46/100 Finsh | Now_lr 0.0005/0.0005 | Train Loss 0.4389 | Valid Loss 0.3766 | Train Acc 80.1742 | Valid Acc 89.4231
2026-07-13 09:26:24 | Validation loss decreased (0.381533 --> 0.376598) in epoch (46). Saving model ...
2026-07-13 09:26:25 | TestSub: S4 | Epoch 47/100 Finsh | Now_lr 0.0005/0.0005 | Train Loss 0.4289 | Valid Loss 0.3754 | Train Acc 79.9949 | Valid Acc 89.9038
2026-07-13 09:26:25 | Validation loss decreased (0.376598 --> 0.375443) in epoch (47). Saving model ...
2026-07-13 09:26:26 | TestSub: S4 | Epoch 48/100 Finsh | Now_lr 0.0005/0.0005 | Train Loss 0.4341 | Valid Loss 0.3788 | Train Acc 80.8914 | Valid Acc 88.2212
2026-07-13 09:26:27 | TestSub: S4 | Epoch 49/100 Finsh | Now_lr 0.0005/0.0005 | Train Loss 0.4214 | Valid Loss 0.3767 | Train Acc 81.9672 | Valid Acc 89.9038
2026-07-13 09:26:28 | TestSub: S4 | Epoch 50/100 Finsh | Now_lr 0.0005/0.0005 | Train Loss 0.4248 | Valid Loss 0.3734 | Train Acc 81.1988 | Valid Acc 88.2212
2026-07-13 09:26:28 | Validation loss decreased (0.375443 --> 0.373430) in epoch (50). Saving model ...
2026-07-13 09:26:29 | TestSub: S4 | Epoch 51/100 Finsh | Now_lr 0.0005/0.0005 | Train Loss 0.4153 | Valid Loss 0.3727 | Train Acc 81.2244 | Valid Acc 88.9423
2026-07-13 09:26:29 | Validation loss decreased (0.373430 --> 0.372651) in epoch (51). Saving model ...
2026-07-13 09:26:31 | TestSub: S4 | Epoch 52/100 Finsh | Now_lr 0.0005/0.0005 | Train Loss 0.4215 | Valid Loss 0.3696 | Train Acc 81.6086 | Valid Acc 88.2212
2026-07-13 09:26:31 | Validation loss decreased (0.372651 --> 0.369577) in epoch (52). Saving model ...
2026-07-13 09:26:32 | TestSub: S4 | Epoch 53/100 Finsh | Now_lr 0.0005/0.0005 | Train Loss 0.4223 | Valid Loss 0.3692 | Train Acc 81.1988 | Valid Acc 89.6635
2026-07-13 09:26:32 | Validation loss decreased (0.369577 --> 0.369175) in epoch (53). Saving model ...
2026-07-13 09:26:33 | TestSub: S4 | Epoch 54/100 Finsh | Now_lr 0.0005/0.0005 | Train Loss 0.4136 | Valid Loss 0.3682 | Train Acc 82.3258 | Valid Acc 89.1827
2026-07-13 09:26:33 | Validation loss decreased (0.369175 --> 0.368166) in epoch (54). Saving model ...
2026-07-13 09:26:34 | TestSub: S4 | Epoch 55/100 Finsh | Now_lr 0.0005/0.0005 | Train Loss 0.4135 | Valid Loss 0.3703 | Train Acc 81.5830 | Valid Acc 88.2212
2026-07-13 09:26:35 | TestSub: S4 | Epoch 56/100 Finsh | Now_lr 0.0005/0.0005 | Train Loss 0.4146 | Valid Loss 0.3566 | Train Acc 82.0184 | Valid Acc 89.6635
2026-07-13 09:26:35 | Validation loss decreased (0.368166 --> 0.356627) in epoch (56). Saving model ...
2026-07-13 09:26:36 | TestSub: S4 | Epoch 57/100 Finsh | Now_lr 0.0005/0.0005 | Train Loss 0.4187 | Valid Loss 0.3552 | Train Acc 80.9682 | Valid Acc 90.6250
2026-07-13 09:26:36 | Validation loss decreased (0.356627 --> 0.355234) in epoch (57). Saving model ...
2026-07-13 09:26:37 | TestSub: S4 | Epoch 58/100 Finsh | Now_lr 0.0005/0.0005 | Train Loss 0.4032 | Valid Loss 0.3570 | Train Acc 82.8637 | Valid Acc 90.6250
2026-07-13 09:26:37 | TestSub: S4 | Epoch 59/100 Finsh | Now_lr 0.0005/0.0005 | Train Loss 0.4081 | Valid Loss 0.3532 | Train Acc 82.3514 | Valid Acc 90.6250
2026-07-13 09:26:37 | Validation loss decreased (0.355234 --> 0.353239) in epoch (59). Saving model ...
2026-07-13 09:26:38 | TestSub: S4 | Epoch 60/100 Finsh | Now_lr 0.0005/0.0005 | Train Loss 0.4090 | Valid Loss 0.3500 | Train Acc 81.8648 | Valid Acc 90.8654
2026-07-13 09:26:38 | Validation loss decreased (0.353239 --> 0.349986) in epoch (60). Saving model ...
2026-07-13 09:26:39 | TestSub: S4 | Epoch 61/100 Finsh | Now_lr 0.0005/0.0005 | Train Loss 0.4010 | Valid Loss 0.3517 | Train Acc 82.7100 | Valid Acc 90.6250
2026-07-13 09:26:40 | TestSub: S4 | Epoch 62/100 Finsh | Now_lr 0.0005/0.0005 | Train Loss 0.4065 | Valid Loss 0.3566 | Train Acc 81.9928 | Valid Acc 90.1442
2026-07-13 09:26:41 | TestSub: S4 | Epoch 63/100 Finsh | Now_lr 0.0005/0.0005 | Train Loss 0.4105 | Valid Loss 0.3467 | Train Acc 81.6086 | Valid Acc 89.9038
2026-07-13 09:26:41 | Validation loss decreased (0.349986 --> 0.346668) in epoch (63). Saving model ...
2026-07-13 09:26:42 | TestSub: S4 | Epoch 64/100 Finsh | Now_lr 0.0005/0.0005 | Train Loss 0.3962 | Valid Loss 0.3421 | Train Acc 82.4283 | Valid Acc 90.8654
2026-07-13 09:26:42 | Validation loss decreased (0.346668 --> 0.342119) in epoch (64). Saving model ...
2026-07-13 09:26:43 | TestSub: S4 | Epoch 65/100 Finsh | Now_lr 0.0005/0.0005 | Train Loss 0.3900 | Valid Loss 0.3490 | Train Acc 83.6834 | Valid Acc 90.6250
2026-07-13 09:26:44 | TestSub: S4 | Epoch 66/100 Finsh | Now_lr 0.0005/0.0005 | Train Loss 0.4044 | Valid Loss 0.3472 | Train Acc 81.7111 | Valid Acc 90.8654
2026-07-13 09:26:45 | TestSub: S4 | Epoch 67/100 Finsh | Now_lr 0.0005/0.0005 | Train Loss 0.4094 | Valid Loss 0.3468 | Train Acc 81.6086 | Valid Acc 90.1442
2026-07-13 09:26:46 | TestSub: S4 | Epoch 68/100 Finsh | Now_lr 0.0005/0.0005 | Train Loss 0.4067 | Valid Loss 0.3352 | Train Acc 82.1209 | Valid Acc 90.3846
2026-07-13 09:26:46 | Validation loss decreased (0.342119 --> 0.335217) in epoch (68). Saving model ...
2026-07-13 09:26:47 | TestSub: S4 | Epoch 69/100 Finsh | Now_lr 0.0005/0.0005 | Train Loss 0.3931 | Valid Loss 0.3387 | Train Acc 82.5051 | Valid Acc 91.3462
2026-07-13 09:26:48 | TestSub: S4 | Epoch 70/100 Finsh | Now_lr 0.0005/0.0005 | Train Loss 0.3846 | Valid Loss 0.3342 | Train Acc 83.0943 | Valid Acc 90.6250
2026-07-13 09:26:48 | Validation loss decreased (0.335217 --> 0.334157) in epoch (70). Saving model ...
2026-07-13 09:26:49 | TestSub: S4 | Epoch 71/100 Finsh | Now_lr 0.0005/0.0005 | Train Loss 0.3888 | Valid Loss 0.3397 | Train Acc 83.2223 | Valid Acc 90.1442
2026-07-13 09:26:49 | TestSub: S4 | Epoch 72/100 Finsh | Now_lr 0.0005/0.0005 | Train Loss 0.3886 | Valid Loss 0.3383 | Train Acc 82.7357 | Valid Acc 89.1827
2026-07-13 09:26:50 | TestSub: S4 | Epoch 73/100 Finsh | Now_lr 0.0005/0.0005 | Train Loss 0.3924 | Valid Loss 0.3319 | Train Acc 82.5820 | Valid Acc 91.8269
2026-07-13 09:26:50 | Validation loss decreased (0.334157 --> 0.331886) in epoch (73). Saving model ...
2026-07-13 09:26:51 | TestSub: S4 | Epoch 74/100 Finsh | Now_lr 0.0005/0.0005 | Train Loss 0.3960 | Valid Loss 0.3369 | Train Acc 82.5051 | Valid Acc 90.3846
2026-07-13 09:26:52 | TestSub: S4 | Epoch 75/100 Finsh | Now_lr 0.0005/0.0005 | Train Loss 0.3921 | Valid Loss 0.3266 | Train Acc 82.8125 | Valid Acc 91.3462
2026-07-13 09:26:52 | Validation loss decreased (0.331886 --> 0.326555) in epoch (75). Saving model ...
2026-07-13 09:26:53 | TestSub: S4 | Epoch 76/100 Finsh | Now_lr 0.0005/0.0005 | Train Loss 0.3896 | Valid Loss 0.3311 | Train Acc 82.8893 | Valid Acc 90.6250
2026-07-13 09:26:54 | TestSub: S4 | Epoch 77/100 Finsh | Now_lr 0.0005/0.0005 | Train Loss 0.3819 | Valid Loss 0.3299 | Train Acc 83.4529 | Valid Acc 90.8654
2026-07-13 09:26:55 | TestSub: S4 | Epoch 78/100 Finsh | Now_lr 0.0005/0.0005 | Train Loss 0.3845 | Valid Loss 0.3345 | Train Acc 83.1199 | Valid Acc 89.9038
2026-07-13 09:26:56 | TestSub: S4 | Epoch 79/100 Finsh | Now_lr 0.0005/0.0005 | Train Loss 0.3889 | Valid Loss 0.3233 | Train Acc 83.0430 | Valid Acc 91.5865
2026-07-13 09:26:56 | Validation loss decreased (0.326555 --> 0.323337) in epoch (79). Saving model ...
2026-07-13 09:26:57 | TestSub: S4 | Epoch 80/100 Finsh | Now_lr 0.0005/0.0005 | Train Loss 0.3795 | Valid Loss 0.3272 | Train Acc 82.9918 | Valid Acc 90.8654
2026-07-13 09:26:58 | TestSub: S4 | Epoch 81/100 Finsh | Now_lr 0.0005/0.0005 | Train Loss 0.3830 | Valid Loss 0.3223 | Train Acc 83.3248 | Valid Acc 90.8654
2026-07-13 09:26:58 | Validation loss decreased (0.323337 --> 0.322337) in epoch (81). Saving model ...
2026-07-13 09:26:59 | TestSub: S4 | Epoch 82/100 Finsh | Now_lr 0.0005/0.0005 | Train Loss 0.3808 | Valid Loss 0.3215 | Train Acc 83.3504 | Valid Acc 92.0673
2026-07-13 09:26:59 | Validation loss decreased (0.322337 --> 0.321528) in epoch (82). Saving model ...
2026-07-13 09:27:00 | TestSub: S4 | Epoch 83/100 Finsh | Now_lr 0.0005/0.0005 | Train Loss 0.3679 | Valid Loss 0.3213 | Train Acc 84.7848 | Valid Acc 90.6250
2026-07-13 09:27:00 | Validation loss decreased (0.321528 --> 0.321333) in epoch (83). Saving model ...
2026-07-13 09:27:00 | TestSub: S4 | Epoch 84/100 Finsh | Now_lr 0.0005/0.0005 | Train Loss 0.3727 | Valid Loss 0.3175 | Train Acc 83.6322 | Valid Acc 91.8269
2026-07-13 09:27:00 | Validation loss decreased (0.321333 --> 0.317479) in epoch (84). Saving model ...
2026-07-13 09:27:01 | TestSub: S4 | Epoch 85/100 Finsh | Now_lr 0.0005/0.0005 | Train Loss 0.3770 | Valid Loss 0.3231 | Train Acc 83.4785 | Valid Acc 89.6635
2026-07-13 09:27:02 | TestSub: S4 | Epoch 86/100 Finsh | Now_lr 0.0005/0.0005 | Train Loss 0.3790 | Valid Loss 0.3210 | Train Acc 83.0174 | Valid Acc 90.1442
2026-07-13 09:27:03 | TestSub: S4 | Epoch 87/100 Finsh | Now_lr 0.0005/0.0005 | Train Loss 0.3836 | Valid Loss 0.3160 | Train Acc 82.9662 | Valid Acc 91.5865
2026-07-13 09:27:03 | Validation loss decreased (0.317479 --> 0.315971) in epoch (87). Saving model ...
2026-07-13 09:27:04 | TestSub: S4 | Epoch 88/100 Finsh | Now_lr 0.0005/0.0005 | Train Loss 0.3829 | Valid Loss 0.3219 | Train Acc 82.9662 | Valid Acc 90.1442
2026-07-13 09:27:05 | TestSub: S4 | Epoch 89/100 Finsh | Now_lr 0.0005/0.0005 | Train Loss 0.3760 | Valid Loss 0.3145 | Train Acc 83.7346 | Valid Acc 91.3462
2026-07-13 09:27:05 | Validation loss decreased (0.315971 --> 0.314477) in epoch (89). Saving model ...
2026-07-13 09:27:06 | TestSub: S4 | Epoch 90/100 Finsh | Now_lr 0.0005/0.0005 | Train Loss 0.3713 | Valid Loss 0.3224 | Train Acc 83.5041 | Valid Acc 90.8654
2026-07-13 09:27:07 | TestSub: S4 | Epoch 91/100 Finsh | Now_lr 0.0005/0.0005 | Train Loss 0.3772 | Valid Loss 0.3090 | Train Acc 83.6066 | Valid Acc 91.3462
2026-07-13 09:27:07 | Validation loss decreased (0.314477 --> 0.309029) in epoch (91). Saving model ...
2026-07-13 09:27:08 | TestSub: S4 | Epoch 92/100 Finsh | Now_lr 0.0005/0.0005 | Train Loss 0.3754 | Valid Loss 0.3146 | Train Acc 82.7357 | Valid Acc 91.5865
2026-07-13 09:27:09 | TestSub: S4 | Epoch 93/100 Finsh | Now_lr 0.0005/0.0005 | Train Loss 0.3736 | Valid Loss 0.3072 | Train Acc 82.9918 | Valid Acc 91.8269
2026-07-13 09:27:09 | Validation loss decreased (0.309029 --> 0.307207) in epoch (93). Saving model ...
2026-07-13 09:27:10 | TestSub: S4 | Epoch 94/100 Finsh | Now_lr 0.0005/0.0005 | Train Loss 0.3817 | Valid Loss 0.3065 | Train Acc 82.9406 | Valid Acc 90.3846
2026-07-13 09:27:10 | Validation loss decreased (0.307207 --> 0.306461) in epoch (94). Saving model ...
2026-07-13 09:27:11 | TestSub: S4 | Epoch 95/100 Finsh | Now_lr 0.0005/0.0005 | Train Loss 0.3731 | Valid Loss 0.3083 | Train Acc 83.0686 | Valid Acc 91.8269
2026-07-13 09:27:12 | TestSub: S4 | Epoch 96/100 Finsh | Now_lr 0.0005/0.0005 | Train Loss 0.3738 | Valid Loss 0.3052 | Train Acc 83.4016 | Valid Acc 91.1058
2026-07-13 09:27:12 | Validation loss decreased (0.306461 --> 0.305200) in epoch (96). Saving model ...
2026-07-13 09:27:13 | TestSub: S4 | Epoch 97/100 Finsh | Now_lr 0.0005/0.0005 | Train Loss 0.3646 | Valid Loss 0.3085 | Train Acc 84.0420 | Valid Acc 91.3462
2026-07-13 09:27:13 | TestSub: S4 | Epoch 98/100 Finsh | Now_lr 0.0005/0.0005 | Train Loss 0.3638 | Valid Loss 0.3051 | Train Acc 84.5799 | Valid Acc 90.8654
2026-07-13 09:27:13 | Validation loss decreased (0.305200 --> 0.305118) in epoch (98). Saving model ...
2026-07-13 09:27:14 | TestSub: S4 | Epoch 99/100 Finsh | Now_lr 0.0005/0.0005 | Train Loss 0.3546 | Valid Loss 0.2990 | Train Acc 84.5543 | Valid Acc 90.6250
2026-07-13 09:27:14 | Validation loss decreased (0.305118 --> 0.299005) in epoch (99). Saving model ...
2026-07-13 09:27:15 | TestSub: S4 | Epoch 100/100 Finsh | Now_lr 0.0005/0.0005 | Train Loss 0.3580 | Valid Loss 0.2956 | Train Acc 84.5031 | Valid Acc 90.6250
2026-07-13 09:27:15 | Validation loss decreased (0.299005 --> 0.295556) in epoch (100). Saving model ...
2026-07-13 09:27:16 | --------------------------------------------------
2026-07-13 09:27:16 | Test_Subject :S4 | Best epoch:100 | Test Loss:0.3490 | Savemodel Acc 87.9167
2026-07-13 09:27:16 | --------------------------------------------------
2026-07-13 09:27:16 | Best epoch: 100 | Test acc: 87.9167
