2026-07-13 09:20:39 | Logging started: ./writer/Subject_dependent_AAD/AVEDao/1.0s/result//Train1.0s_sub1.log
2026-07-13 09:20:42 | Sub_id: 1
2026-07-13 09:20:46 | TestSub: S1 | Epoch  1/100 Finsh | Now_lr 0.0005/0.0005 | Train Loss 0.7020 | Valid Loss 0.6886 | Train Acc 50.2561 | Valid Acc 51.9231
2026-07-13 09:20:46 | Validation loss decreased (inf --> 0.688643) in epoch (1). Saving model ...
2026-07-13 09:20:47 | TestSub: S1 | Epoch  2/100 Finsh | Now_lr 0.0005/0.0005 | Train Loss 0.6974 | Valid Loss 0.6851 | Train Acc 51.2295 | Valid Acc 56.4904
2026-07-13 09:20:47 | Validation loss decreased (0.688643 --> 0.685124) in epoch (2). Saving model ...
2026-07-13 09:20:48 | TestSub: S1 | Epoch  3/100 Finsh | Now_lr 0.0005/0.0005 | Train Loss 0.6907 | Valid Loss 0.6847 | Train Acc 53.9959 | Valid Acc 53.6058
2026-07-13 09:20:48 | Validation loss decreased (0.685124 --> 0.684669) in epoch (3). Saving model ...
2026-07-13 09:20:49 | TestSub: S1 | Epoch  4/100 Finsh | Now_lr 0.0005/0.0005 | Train Loss 0.6865 | Valid Loss 0.6835 | Train Acc 54.4570 | Valid Acc 55.7692
2026-07-13 09:20:49 | Validation loss decreased (0.684669 --> 0.683500) in epoch (4). Saving model ...
2026-07-13 09:20:50 | TestSub: S1 | Epoch  5/100 Finsh | Now_lr 0.0005/0.0005 | Train Loss 0.6797 | Valid Loss 0.6810 | Train Acc 58.0943 | Valid Acc 60.8173
2026-07-13 09:20:50 | Validation loss decreased (0.683500 --> 0.681045) in epoch (5). Saving model ...
2026-07-13 09:20:51 | TestSub: S1 | Epoch  6/100 Finsh | Now_lr 0.0005/0.0005 | Train Loss 0.6784 | Valid Loss 0.6766 | Train Acc 58.0686 | Valid Acc 63.2212
2026-07-13 09:20:51 | Validation loss decreased (0.681045 --> 0.676634) in epoch (6). Saving model ...
2026-07-13 09:20:52 | TestSub: S1 | Epoch  7/100 Finsh | Now_lr 0.0005/0.0005 | Train Loss 0.6711 | Valid Loss 0.6691 | Train Acc 59.5287 | Valid Acc 64.1827
2026-07-13 09:20:52 | Validation loss decreased (0.676634 --> 0.669114) in epoch (7). Saving model ...
2026-07-13 09:20:53 | TestSub: S1 | Epoch  8/100 Finsh | Now_lr 0.0005/0.0005 | Train Loss 0.6604 | Valid Loss 0.6636 | Train Acc 61.8084 | Valid Acc 66.1058
2026-07-13 09:20:53 | Validation loss decreased (0.669114 --> 0.663641) in epoch (8). Saving model ...
2026-07-13 09:20:54 | TestSub: S1 | Epoch  9/100 Finsh | Now_lr 0.0005/0.0005 | Train Loss 0.6545 | Valid Loss 0.6568 | Train Acc 62.6793 | Valid Acc 67.3077
2026-07-13 09:20:54 | Validation loss decreased (0.663641 --> 0.656844) in epoch (9). Saving model ...
2026-07-13 09:20:55 | TestSub: S1 | Epoch 10/100 Finsh | Now_lr 0.0005/0.0005 | Train Loss 0.6450 | Valid Loss 0.6457 | Train Acc 64.3955 | Valid Acc 71.1538
2026-07-13 09:20:55 | Validation loss decreased (0.656844 --> 0.645658) in epoch (10). Saving model ...
2026-07-13 09:20:56 | TestSub: S1 | Epoch 11/100 Finsh | Now_lr 0.0005/0.0005 | Train Loss 0.6369 | Valid Loss 0.6361 | Train Acc 65.8555 | Valid Acc 71.1538
2026-07-13 09:20:56 | Validation loss decreased (0.645658 --> 0.636128) in epoch (11). Saving model ...
2026-07-13 09:20:57 | TestSub: S1 | Epoch 12/100 Finsh | Now_lr 0.0005/0.0005 | Train Loss 0.6243 | Valid Loss 0.6253 | Train Acc 68.1096 | Valid Acc 73.3173
2026-07-13 09:20:57 | Validation loss decreased (0.636128 --> 0.625292) in epoch (12). Saving model ...
2026-07-13 09:20:58 | TestSub: S1 | Epoch 13/100 Finsh | Now_lr 0.0005/0.0005 | Train Loss 0.6162 | Valid Loss 0.6167 | Train Acc 67.5717 | Valid Acc 74.5192
2026-07-13 09:20:58 | Validation loss decreased (0.625292 --> 0.616719) in epoch (13). Saving model ...
2026-07-13 09:20:59 | TestSub: S1 | Epoch 14/100 Finsh | Now_lr 0.0005/0.0005 | Train Loss 0.5972 | Valid Loss 0.6028 | Train Acc 70.0307 | Valid Acc 75.0000
2026-07-13 09:20:59 | Validation loss decreased (0.616719 --> 0.602795) in epoch (14). Saving model ...
2026-07-13 09:21:00 | TestSub: S1 | Epoch 15/100 Finsh | Now_lr 0.0005/0.0005 | Train Loss 0.5980 | Valid Loss 0.6005 | Train Acc 69.4928 | Valid Acc 74.7596
2026-07-13 09:21:00 | Validation loss decreased (0.602795 --> 0.600456) in epoch (15). Saving model ...
2026-07-13 09:21:01 | TestSub: S1 | Epoch 16/100 Finsh | Now_lr 0.0005/0.0005 | Train Loss 0.5828 | Valid Loss 0.5875 | Train Acc 71.7982 | Valid Acc 77.1635
2026-07-13 09:21:01 | Validation loss decreased (0.600456 --> 0.587457) in epoch (16). Saving model ...
2026-07-13 09:21:02 | TestSub: S1 | Epoch 17/100 Finsh | Now_lr 0.0005/0.0005 | Train Loss 0.5827 | Valid Loss 0.5752 | Train Acc 71.6701 | Valid Acc 79.0865
2026-07-13 09:21:02 | Validation loss decreased (0.587457 --> 0.575212) in epoch (17). Saving model ...
2026-07-13 09:21:03 | TestSub: S1 | Epoch 18/100 Finsh | Now_lr 0.0005/0.0005 | Train Loss 0.5645 | Valid Loss 0.5634 | Train Acc 73.4887 | Valid Acc 79.0865
2026-07-13 09:21:03 | Validation loss decreased (0.575212 --> 0.563407) in epoch (18). Saving model ...
2026-07-13 09:21:04 | TestSub: S1 | Epoch 19/100 Finsh | Now_lr 0.0005/0.0005 | Train Loss 0.5621 | Valid Loss 0.5495 | Train Acc 72.4898 | Valid Acc 79.8077
2026-07-13 09:21:04 | Validation loss decreased (0.563407 --> 0.549499) in epoch (19). Saving model ...
2026-07-13 09:21:04 | TestSub: S1 | Epoch 20/100 Finsh | Now_lr 0.0005/0.0005 | Train Loss 0.5635 | Valid Loss 0.5426 | Train Acc 72.7203 | Valid Acc 82.4519
2026-07-13 09:21:04 | Validation loss decreased (0.549499 --> 0.542567) in epoch (20). Saving model ...
2026-07-13 09:21:05 | TestSub: S1 | Epoch 21/100 Finsh | Now_lr 0.0005/0.0005 | Train Loss 0.5476 | Valid Loss 0.5359 | Train Acc 74.2059 | Valid Acc 83.6538
2026-07-13 09:21:05 | Validation loss decreased (0.542567 --> 0.535872) in epoch (21). Saving model ...
2026-07-13 09:21:06 | TestSub: S1 | Epoch 22/100 Finsh | Now_lr 0.0005/0.0005 | Train Loss 0.5424 | Valid Loss 0.5310 | Train Acc 74.2572 | Valid Acc 81.9712
2026-07-13 09:21:06 | Validation loss decreased (0.535872 --> 0.530980) in epoch (22). Saving model ...
2026-07-13 09:21:07 | TestSub: S1 | Epoch 23/100 Finsh | Now_lr 0.0005/0.0005 | Train Loss 0.5335 | Valid Loss 0.5237 | Train Acc 74.9744 | Valid Acc 81.9712
2026-07-13 09:21:07 | Validation loss decreased (0.530980 --> 0.523681) in epoch (23). Saving model ...
2026-07-13 09:21:08 | TestSub: S1 | Epoch 24/100 Finsh | Now_lr 0.0005/0.0005 | Train Loss 0.5285 | Valid Loss 0.5182 | Train Acc 76.1270 | Valid Acc 81.9712
2026-07-13 09:21:08 | Validation loss decreased (0.523681 --> 0.518184) in epoch (24). Saving model ...
2026-07-13 09:21:09 | TestSub: S1 | Epoch 25/100 Finsh | Now_lr 0.0005/0.0005 | Train Loss 0.5261 | Valid Loss 0.5212 | Train Acc 75.6404 | Valid Acc 80.7692
2026-07-13 09:21:10 | TestSub: S1 | Epoch 26/100 Finsh | Now_lr 0.0005/0.0005 | Train Loss 0.5201 | Valid Loss 0.5082 | Train Acc 76.0502 | Valid Acc 83.4135
2026-07-13 09:21:10 | Validation loss decreased (0.518184 --> 0.508224) in epoch (26). Saving model ...
2026-07-13 09:21:11 | TestSub: S1 | Epoch 27/100 Finsh | Now_lr 0.0005/0.0005 | Train Loss 0.5081 | Valid Loss 0.4978 | Train Acc 77.5871 | Valid Acc 84.3750
2026-07-13 09:21:11 | Validation loss decreased (0.508224 --> 0.497839) in epoch (27). Saving model ...
2026-07-13 09:21:12 | TestSub: S1 | Epoch 28/100 Finsh | Now_lr 0.0005/0.0005 | Train Loss 0.5119 | Valid Loss 0.4945 | Train Acc 76.7674 | Valid Acc 84.3750
2026-07-13 09:21:12 | Validation loss decreased (0.497839 --> 0.494460) in epoch (28). Saving model ...
2026-07-13 09:21:13 | TestSub: S1 | Epoch 29/100 Finsh | Now_lr 0.0005/0.0005 | Train Loss 0.5067 | Valid Loss 0.4912 | Train Acc 76.1014 | Valid Acc 84.3750
2026-07-13 09:21:13 | Validation loss decreased (0.494460 --> 0.491194) in epoch (29). Saving model ...
2026-07-13 09:21:14 | TestSub: S1 | Epoch 30/100 Finsh | Now_lr 0.0005/0.0005 | Train Loss 0.5054 | Valid Loss 0.4882 | Train Acc 76.5881 | Valid Acc 85.0962
2026-07-13 09:21:14 | Validation loss decreased (0.491194 --> 0.488219) in epoch (30). Saving model ...
2026-07-13 09:21:15 | TestSub: S1 | Epoch 31/100 Finsh | Now_lr 0.0005/0.0005 | Train Loss 0.5010 | Valid Loss 0.4886 | Train Acc 77.7920 | Valid Acc 83.8942
2026-07-13 09:21:16 | TestSub: S1 | Epoch 32/100 Finsh | Now_lr 0.0005/0.0005 | Train Loss 0.4846 | Valid Loss 0.4807 | Train Acc 78.1762 | Valid Acc 84.6154
2026-07-13 09:21:16 | Validation loss decreased (0.488196 --> 0.480694) in epoch (32). Saving model ...
2026-07-13 09:21:17 | TestSub: S1 | Epoch 33/100 Finsh | Now_lr 0.0005/0.0005 | Train Loss 0.4864 | Valid Loss 0.4771 | Train Acc 78.3043 | Valid Acc 85.3365
2026-07-13 09:21:17 | Validation loss decreased (0.480861 --> 0.477150) in epoch (33). Saving model ...
2026-07-13 09:21:18 | TestSub: S1 | Epoch 34/100 Finsh | Now_lr 0.0005/0.0005 | Train Loss 0.4874 | Valid Loss 0.4755 | Train Acc 77.9969 | Valid Acc 84.6154
2026-07-13 09:21:18 | Validation loss decreased (0.477150 --> 0.475461) in epoch (34). Saving model ...
2026-07-13 09:21:19 | TestSub: S1 | Epoch 35/100 Finsh | Now_lr 0.0005/0.0005 | Train Loss 0.4828 | Valid Loss 0.4740 | Train Acc 78.2787 | Valid Acc 84.8558
2026-07-13 09:21:19 | Validation loss decreased (0.475461 --> 0.474005) in epoch (35). Saving model ...
2026-07-13 09:21:20 | TestSub: S1 | Epoch 36/100 Finsh | Now_lr 0.0005/0.0005 | Train Loss 0.4846 | Valid Loss 0.4683 | Train Acc 77.6895 | Valid Acc 86.0577
2026-07-13 09:21:20 | Validation loss decreased (0.474005 --> 0.468278) in epoch (36). Saving model ...
2026-07-13 09:21:21 | TestSub: S1 | Epoch 37/100 Finsh | Now_lr 0.0005/0.0005 | Train Loss 0.4742 | Valid Loss 0.4644 | Train Acc 79.1752 | Valid Acc 84.6154
2026-07-13 09:21:21 | Validation loss decreased (0.468278 --> 0.464429) in epoch (37). Saving model ...
2026-07-13 09:21:22 | TestSub: S1 | Epoch 38/100 Finsh | Now_lr 0.0005/0.0005 | Train Loss 0.4739 | Valid Loss 0.4575 | Train Acc 78.4324 | Valid Acc 85.3365
2026-07-13 09:21:22 | Validation loss decreased (0.464429 --> 0.457539) in epoch (38). Saving model ...
2026-07-13 09:21:23 | TestSub: S1 | Epoch 39/100 Finsh | Now_lr 0.0005/0.0005 | Train Loss 0.4669 | Valid Loss 0.4564 | Train Acc 80.1742 | Valid Acc 86.2981
2026-07-13 09:21:23 | Validation loss decreased (0.457539 --> 0.456419) in epoch (39). Saving model ...
2026-07-13 09:21:24 | TestSub: S1 | Epoch 40/100 Finsh | Now_lr 0.0005/0.0005 | Train Loss 0.4720 | Valid Loss 0.4530 | Train Acc 78.9959 | Valid Acc 85.8173
2026-07-13 09:21:24 | Validation loss decreased (0.456419 --> 0.453048) in epoch (40). Saving model ...
2026-07-13 09:21:25 | TestSub: S1 | Epoch 41/100 Finsh | Now_lr 0.0005/0.0005 | Train Loss 0.4674 | Valid Loss 0.4493 | Train Acc 79.2520 | Valid Acc 86.7788
2026-07-13 09:21:25 | Validation loss decreased (0.453048 --> 0.449264) in epoch (41). Saving model ...
2026-07-13 09:21:26 | TestSub: S1 | Epoch 42/100 Finsh | Now_lr 0.0005/0.0005 | Train Loss 0.4666 | Valid Loss 0.4436 | Train Acc 78.9191 | Valid Acc 85.8173
2026-07-13 09:21:26 | Validation loss decreased (0.449264 --> 0.443552) in epoch (42). Saving model ...
2026-07-13 09:21:27 | TestSub: S1 | Epoch 43/100 Finsh | Now_lr 0.0005/0.0005 | Train Loss 0.4570 | Valid Loss 0.4444 | Train Acc 79.7900 | Valid Acc 85.5769
2026-07-13 09:21:28 | TestSub: S1 | Epoch 44/100 Finsh | Now_lr 0.0005/0.0005 | Train Loss 0.4550 | Valid Loss 0.4437 | Train Acc 79.0471 | Valid Acc 84.8558
2026-07-13 09:21:29 | TestSub: S1 | Epoch 45/100 Finsh | Now_lr 0.0005/0.0005 | Train Loss 0.4700 | Valid Loss 0.4390 | Train Acc 78.4580 | Valid Acc 86.5385
2026-07-13 09:21:29 | Validation loss decreased (0.443552 --> 0.438958) in epoch (45). Saving model ...
2026-07-13 09:21:30 | TestSub: S1 | Epoch 46/100 Finsh | Now_lr 0.0005/0.0005 | Train Loss 0.4510 | Valid Loss 0.4442 | Train Acc 79.5594 | Valid Acc 86.2981
2026-07-13 09:21:31 | TestSub: S1 | Epoch 47/100 Finsh | Now_lr 0.0005/0.0005 | Train Loss 0.4563 | Valid Loss 0.4346 | Train Acc 80.5072 | Valid Acc 87.5000
2026-07-13 09:21:31 | Validation loss decreased (0.438958 --> 0.434580) in epoch (47). Saving model ...
2026-07-13 09:21:32 | TestSub: S1 | Epoch 48/100 Finsh | Now_lr 0.0005/0.0005 | Train Loss 0.4568 | Valid Loss 0.4388 | Train Acc 78.9191 | Valid Acc 86.0577
2026-07-13 09:21:33 | TestSub: S1 | Epoch 49/100 Finsh | Now_lr 0.0005/0.0005 | Train Loss 0.4555 | Valid Loss 0.4315 | Train Acc 79.6363 | Valid Acc 86.7788
2026-07-13 09:21:33 | Validation loss decreased (0.434580 --> 0.431496) in epoch (49). Saving model ...
2026-07-13 09:21:34 | TestSub: S1 | Epoch 50/100 Finsh | Now_lr 0.0005/0.0005 | Train Loss 0.4559 | Valid Loss 0.4265 | Train Acc 79.5082 | Valid Acc 87.7404
2026-07-13 09:21:34 | Validation loss decreased (0.431496 --> 0.426539) in epoch (50). Saving model ...
2026-07-13 09:21:35 | TestSub: S1 | Epoch 51/100 Finsh | Now_lr 0.0005/0.0005 | Train Loss 0.4408 | Valid Loss 0.4293 | Train Acc 80.2766 | Valid Acc 88.2212
2026-07-13 09:21:35 | TestSub: S1 | Epoch 52/100 Finsh | Now_lr 0.0005/0.0005 | Train Loss 0.4501 | Valid Loss 0.4332 | Train Acc 79.4314 | Valid Acc 85.5769
2026-07-13 09:21:36 | TestSub: S1 | Epoch 53/100 Finsh | Now_lr 0.0005/0.0005 | Train Loss 0.4435 | Valid Loss 0.4275 | Train Acc 79.6875 | Valid Acc 85.8173
2026-07-13 09:21:37 | TestSub: S1 | Epoch 54/100 Finsh | Now_lr 0.0005/0.0005 | Train Loss 0.4373 | Valid Loss 0.4304 | Train Acc 80.8658 | Valid Acc 87.5000
2026-07-13 09:21:38 | TestSub: S1 | Epoch 55/100 Finsh | Now_lr 0.0005/0.0005 | Train Loss 0.4467 | Valid Loss 0.4185 | Train Acc 79.2520 | Valid Acc 88.4615
2026-07-13 09:21:38 | Validation loss decreased (0.426539 --> 0.418511) in epoch (55). Saving model ...
2026-07-13 09:21:39 | TestSub: S1 | Epoch 56/100 Finsh | Now_lr 0.0005/0.0005 | Train Loss 0.4460 | Valid Loss 0.4173 | Train Acc 79.5338 | Valid Acc 87.5000
2026-07-13 09:21:39 | Validation loss decreased (0.418511 --> 0.417262) in epoch (56). Saving model ...
2026-07-13 09:21:40 | TestSub: S1 | Epoch 57/100 Finsh | Now_lr 0.0005/0.0005 | Train Loss 0.4346 | Valid Loss 0.4183 | Train Acc 81.1988 | Valid Acc 87.7404
2026-07-13 09:21:41 | TestSub: S1 | Epoch 58/100 Finsh | Now_lr 0.0005/0.0005 | Train Loss 0.4418 | Valid Loss 0.4170 | Train Acc 80.4047 | Valid Acc 87.7404
2026-07-13 09:21:41 | Validation loss decreased (0.417262 --> 0.416997) in epoch (58). Saving model ...
2026-07-13 09:21:42 | TestSub: S1 | Epoch 59/100 Finsh | Now_lr 0.0005/0.0005 | Train Loss 0.4428 | Valid Loss 0.4119 | Train Acc 80.3279 | Valid Acc 88.9423
2026-07-13 09:21:42 | Validation loss decreased (0.416997 --> 0.411889) in epoch (59). Saving model ...
2026-07-13 09:21:43 | TestSub: S1 | Epoch 60/100 Finsh | Now_lr 0.0005/0.0005 | Train Loss 0.4500 | Valid Loss 0.4131 | Train Acc 79.9180 | Valid Acc 87.9808
2026-07-13 09:21:44 | TestSub: S1 | Epoch 61/100 Finsh | Now_lr 0.0005/0.0005 | Train Loss 0.4393 | Valid Loss 0.4117 | Train Acc 80.6352 | Valid Acc 89.4231
2026-07-13 09:21:44 | Validation loss decreased (0.411889 --> 0.411681) in epoch (61). Saving model ...
2026-07-13 09:21:45 | TestSub: S1 | Epoch 62/100 Finsh | Now_lr 0.0005/0.0005 | Train Loss 0.4347 | Valid Loss 0.4109 | Train Acc 80.1742 | Valid Acc 88.2212
2026-07-13 09:21:45 | Validation loss decreased (0.411681 --> 0.410856) in epoch (62). Saving model ...
2026-07-13 09:21:46 | TestSub: S1 | Epoch 63/100 Finsh | Now_lr 0.0005/0.0005 | Train Loss 0.4320 | Valid Loss 0.4069 | Train Acc 80.9939 | Valid Acc 87.9808
2026-07-13 09:21:46 | Validation loss decreased (0.410856 --> 0.406874) in epoch (63). Saving model ...
2026-07-13 09:21:47 | TestSub: S1 | Epoch 64/100 Finsh | Now_lr 0.0005/0.0005 | Train Loss 0.4284 | Valid Loss 0.4041 | Train Acc 81.7879 | Valid Acc 88.4615
2026-07-13 09:21:47 | Validation loss decreased (0.406874 --> 0.404145) in epoch (64). Saving model ...
2026-07-13 09:21:48 | TestSub: S1 | Epoch 65/100 Finsh | Now_lr 0.0005/0.0005 | Train Loss 0.4236 | Valid Loss 0.4020 | Train Acc 81.0451 | Valid Acc 88.4615
2026-07-13 09:21:48 | Validation loss decreased (0.404145 --> 0.402023) in epoch (65). Saving model ...
2026-07-13 09:21:49 | TestSub: S1 | Epoch 66/100 Finsh | Now_lr 0.0005/0.0005 | Train Loss 0.4294 | Valid Loss 0.4040 | Train Acc 80.6096 | Valid Acc 88.2212
2026-07-13 09:21:50 | TestSub: S1 | Epoch 67/100 Finsh | Now_lr 0.0005/0.0005 | Train Loss 0.4343 | Valid Loss 0.4030 | Train Acc 80.1742 | Valid Acc 88.7019
2026-07-13 09:21:51 | TestSub: S1 | Epoch 68/100 Finsh | Now_lr 0.0005/0.0005 | Train Loss 0.4253 | Valid Loss 0.4020 | Train Acc 81.5574 | Valid Acc 87.9808
2026-07-13 09:21:51 | Validation loss decreased (0.402023 --> 0.401952) in epoch (68). Saving model ...
2026-07-13 09:21:52 | TestSub: S1 | Epoch 69/100 Finsh | Now_lr 0.0005/0.0005 | Train Loss 0.4216 | Valid Loss 0.4023 | Train Acc 81.1988 | Valid Acc 88.7019
2026-07-13 09:21:53 | TestSub: S1 | Epoch 70/100 Finsh | Now_lr 0.0005/0.0005 | Train Loss 0.4198 | Valid Loss 0.3990 | Train Acc 81.9416 | Valid Acc 87.0192
2026-07-13 09:21:53 | Validation loss decreased (0.401952 --> 0.399011) in epoch (70). Saving model ...
2026-07-13 09:21:54 | TestSub: S1 | Epoch 71/100 Finsh | Now_lr 0.0005/0.0005 | Train Loss 0.4148 | Valid Loss 0.3970 | Train Acc 82.6332 | Valid Acc 88.2212
2026-07-13 09:21:54 | Validation loss decreased (0.399011 --> 0.396952) in epoch (71). Saving model ...
2026-07-13 09:21:55 | TestSub: S1 | Epoch 72/100 Finsh | Now_lr 0.0005/0.0005 | Train Loss 0.4158 | Valid Loss 0.3988 | Train Acc 81.9416 | Valid Acc 88.9423
2026-07-13 09:21:56 | TestSub: S1 | Epoch 73/100 Finsh | Now_lr 0.0005/0.0005 | Train Loss 0.4112 | Valid Loss 0.3973 | Train Acc 82.2234 | Valid Acc 89.6635
2026-07-13 09:21:57 | TestSub: S1 | Epoch 74/100 Finsh | Now_lr 0.0005/0.0005 | Train Loss 0.4181 | Valid Loss 0.3996 | Train Acc 81.3268 | Valid Acc 87.2596
2026-07-13 09:21:58 | TestSub: S1 | Epoch 75/100 Finsh | Now_lr 0.0005/0.0005 | Train Loss 0.4130 | Valid Loss 0.3889 | Train Acc 81.5061 | Valid Acc 87.7404
2026-07-13 09:21:58 | Validation loss decreased (0.396952 --> 0.388928) in epoch (75). Saving model ...
2026-07-13 09:21:58 | TestSub: S1 | Epoch 76/100 Finsh | Now_lr 0.0005/0.0005 | Train Loss 0.4085 | Valid Loss 0.3988 | Train Acc 82.1209 | Valid Acc 88.9423
2026-07-13 09:21:59 | TestSub: S1 | Epoch 77/100 Finsh | Now_lr 0.0005/0.0005 | Train Loss 0.4221 | Valid Loss 0.3913 | Train Acc 81.2756 | Valid Acc 89.1827
2026-07-13 09:22:00 | TestSub: S1 | Epoch 78/100 Finsh | Now_lr 0.0005/0.0005 | Train Loss 0.4073 | Valid Loss 0.3947 | Train Acc 82.1209 | Valid Acc 89.1827
2026-07-13 09:22:01 | TestSub: S1 | Epoch 79/100 Finsh | Now_lr 0.0005/0.0005 | Train Loss 0.4142 | Valid Loss 0.3897 | Train Acc 81.6342 | Valid Acc 87.7404
2026-07-13 09:22:02 | TestSub: S1 | Epoch 80/100 Finsh | Now_lr 0.0005/0.0005 | Train Loss 0.4149 | Valid Loss 0.3944 | Train Acc 82.2234 | Valid Acc 87.9808
2026-07-13 09:22:03 | TestSub: S1 | Epoch 81/100 Finsh | Now_lr 0.0005/0.0005 | Train Loss 0.4058 | Valid Loss 0.3892 | Train Acc 82.6076 | Valid Acc 87.7404
2026-07-13 09:22:04 | TestSub: S1 | Epoch 82/100 Finsh | Now_lr 0.0005/0.0005 | Train Loss 0.4103 | Valid Loss 0.3923 | Train Acc 81.9928 | Valid Acc 87.5000
2026-07-13 09:22:05 | TestSub: S1 | Epoch 83/100 Finsh | Now_lr 0.0005/0.0005 | Train Loss 0.4069 | Valid Loss 0.3832 | Train Acc 82.7100 | Valid Acc 89.1827
2026-07-13 09:22:05 | Validation loss decreased (0.388928 --> 0.383249) in epoch (83). Saving model ...
2026-07-13 09:22:06 | TestSub: S1 | Epoch 84/100 Finsh | Now_lr 0.0005/0.0005 | Train Loss 0.4116 | Valid Loss 0.3829 | Train Acc 82.0953 | Valid Acc 89.1827
2026-07-13 09:22:06 | Validation loss decreased (0.383249 --> 0.382900) in epoch (84). Saving model ...
2026-07-13 09:22:07 | TestSub: S1 | Epoch 85/100 Finsh | Now_lr 0.0005/0.0005 | Train Loss 0.4144 | Valid Loss 0.3827 | Train Acc 81.7111 | Valid Acc 88.7019
2026-07-13 09:22:07 | Validation loss decreased (0.382900 --> 0.382711) in epoch (85). Saving model ...
2026-07-13 09:22:08 | TestSub: S1 | Epoch 86/100 Finsh | Now_lr 0.0005/0.0005 | Train Loss 0.4104 | Valid Loss 0.3841 | Train Acc 81.6855 | Valid Acc 89.1827
2026-07-13 09:22:08 | TestSub: S1 | Epoch 87/100 Finsh | Now_lr 0.0005/0.0005 | Train Loss 0.4027 | Valid Loss 0.3840 | Train Acc 81.9928 | Valid Acc 88.4615
2026-07-13 09:22:09 | TestSub: S1 | Epoch 88/100 Finsh | Now_lr 0.0005/0.0005 | Train Loss 0.3997 | Valid Loss 0.3816 | Train Acc 83.1455 | Valid Acc 88.4615
2026-07-13 09:22:09 | Validation loss decreased (0.382711 --> 0.381586) in epoch (88). Saving model ...
2026-07-13 09:22:10 | TestSub: S1 | Epoch 89/100 Finsh | Now_lr 0.0005/0.0005 | Train Loss 0.4038 | Valid Loss 0.3828 | Train Acc 82.3514 | Valid Acc 88.7019
2026-07-13 09:22:11 | TestSub: S1 | Epoch 90/100 Finsh | Now_lr 0.0005/0.0005 | Train Loss 0.4031 | Valid Loss 0.3811 | Train Acc 82.7100 | Valid Acc 89.6635
2026-07-13 09:22:11 | Validation loss decreased (0.381586 --> 0.381096) in epoch (90). Saving model ...
2026-07-13 09:22:12 | TestSub: S1 | Epoch 91/100 Finsh | Now_lr 0.0005/0.0005 | Train Loss 0.4007 | Valid Loss 0.3930 | Train Acc 82.2746 | Valid Acc 87.0192
2026-07-13 09:22:13 | TestSub: S1 | Epoch 92/100 Finsh | Now_lr 0.0005/0.0005 | Train Loss 0.3940 | Valid Loss 0.3739 | Train Acc 83.4016 | Valid Acc 88.7019
2026-07-13 09:22:13 | Validation loss decreased (0.381096 --> 0.373945) in epoch (92). Saving model ...
2026-07-13 09:22:14 | TestSub: S1 | Epoch 93/100 Finsh | Now_lr 0.0005/0.0005 | Train Loss 0.3986 | Valid Loss 0.3685 | Train Acc 82.8893 | Valid Acc 88.4615
2026-07-13 09:22:14 | Validation loss decreased (0.373945 --> 0.368515) in epoch (93). Saving model ...
2026-07-13 09:22:15 | TestSub: S1 | Epoch 94/100 Finsh | Now_lr 0.0005/0.0005 | Train Loss 0.4035 | Valid Loss 0.3783 | Train Acc 82.3514 | Valid Acc 88.7019
2026-07-13 09:22:16 | TestSub: S1 | Epoch 95/100 Finsh | Now_lr 0.0005/0.0005 | Train Loss 0.3959 | Valid Loss 0.3749 | Train Acc 82.9918 | Valid Acc 89.9038
2026-07-13 09:22:17 | TestSub: S1 | Epoch 96/100 Finsh | Now_lr 0.0005/0.0005 | Train Loss 0.3799 | Valid Loss 0.3773 | Train Acc 84.4518 | Valid Acc 89.6635
2026-07-13 09:22:18 | TestSub: S1 | Epoch 97/100 Finsh | Now_lr 0.0005/0.0005 | Train Loss 0.3861 | Valid Loss 0.3664 | Train Acc 82.8637 | Valid Acc 89.6635
2026-07-13 09:22:18 | Validation loss decreased (0.368515 --> 0.366445) in epoch (97). Saving model ...
2026-07-13 09:22:19 | TestSub: S1 | Epoch 98/100 Finsh | Now_lr 0.0005/0.0005 | Train Loss 0.3991 | Valid Loss 0.3664 | Train Acc 82.3258 | Valid Acc 89.1827
2026-07-13 09:22:20 | TestSub: S1 | Epoch 99/100 Finsh | Now_lr 0.0005/0.0005 | Train Loss 0.3963 | Vali2026-07-13 09:22:20 | TestSub: S1 | Epoch 99/100 Finsh | Now_lr 0.0005/0.0005 | Train Loss 0.3963 | Valid Loss 0.3660 | Train Acc 82.7100 | Valid Acc 89.1827
2026-07-13 09:22:20 | TestSub: S1 | Epoch 100/100 Finsh | Now_lr 0.0005/0.0005 | Train Loss 0.3925 | Val2026-07-13 09:22:20 | TestSub: S1 | Epoch 100/100 Finsh2026-07-13 09:22:21 | --------------------------------------------------
2026-07-13 09:22:21 | Test_Subject :S1 | Best epoch:99 | Test Loss:0.4963 | Savemodel Acc 74.7917
2026-07-13 09:22:21 | --------------------------------------------------
2026-07-13 09:22:21 | Best epoch: 99 | Test acc: 74.7917
----------------------------------------------
2026-07-13 09:22:21 | Best epoch: 99 | Test acc: 74.7917
