2026-07-13 09:32:15 | Logging started: ./writer/Subject_dependent_AAD/AVEDao/1.0s/result//Train1.0s_sub8.log
2026-07-13 09:32:17 | Sub_id: 8
2026-07-13 09:32:19 | TestSub: S8 | Epoch  1/100 Finsh | Now_lr 0.0005/0.0005 | Train Loss 0.7060 | Valid Loss 0.6823 | Train Acc 50.3330 | Valid Acc 56.0096
2026-07-13 09:32:19 | Validation loss decreased (inf --> 0.682275) in epoch (1). Saving model ...
2026-07-13 09:32:20 | TestSub: S8 | Epoch  2/100 Finsh | Now_lr 0.0005/0.0005 | Train Loss 0.6887 | Valid Loss 0.6817 | Train Acc 53.7141 | Valid Acc 56.9712
2026-07-13 09:32:20 | Validation loss decreased (0.682275 --> 0.681749) in epoch (2). Saving model ...
2026-07-13 09:32:21 | TestSub: S8 | Epoch  3/100 Finsh | Now_lr 0.0005/0.0005 | Train Loss 0.6750 | Valid Loss 0.6679 | Train Acc 57.4539 | Valid Acc 62.0192
2026-07-13 09:32:21 | Validation loss decreased (0.681749 --> 0.667870) in epoch (3). Saving model ...
2026-07-13 09:32:22 | TestSub: S8 | Epoch  4/100 Finsh | Now_lr 0.0005/0.0005 | Train Loss 0.6641 | Valid Loss 0.6611 | Train Acc 59.6824 | Valid Acc 60.8173
2026-07-13 09:32:22 | Validation loss decreased (0.667870 --> 0.661096) in epoch (4). Saving model ...
2026-07-13 09:32:23 | TestSub: S8 | Epoch  5/100 Finsh | Now_lr 0.0005/0.0005 | Train Loss 0.6518 | Valid Loss 0.6558 | Train Acc 62.2182 | Valid Acc 60.3365
2026-07-13 09:32:23 | Validation loss decreased (0.661096 --> 0.655779) in epoch (5). Saving model ...
2026-07-13 09:32:24 | TestSub: S8 | Epoch  6/100 Finsh | Now_lr 0.0005/0.0005 | Train Loss 0.6442 | Valid Loss 0.6490 | Train Acc 62.8842 | Valid Acc 61.5385
2026-07-13 09:32:24 | Validation loss decreased (0.655779 --> 0.648985) in epoch (6). Saving model ...
2026-07-13 09:32:25 | TestSub: S8 | Epoch  7/100 Finsh | Now_lr 0.0005/0.0005 | Train Loss 0.6362 | Valid Loss 0.6389 | Train Acc 63.9088 | Valid Acc 63.2212
2026-07-13 09:32:25 | Validation loss decreased (0.648985 --> 0.638853) in epoch (7). Saving model ...
2026-07-13 09:32:26 | TestSub: S8 | Epoch  8/100 Finsh | Now_lr 0.0005/0.0005 | Train Loss 0.6238 | Valid Loss 0.6275 | Train Acc 65.3689 | Valid Acc 63.2212
2026-07-13 09:32:26 | Validation loss decreased (0.638853 --> 0.627521) in epoch (8). Saving model ...
2026-07-13 09:32:27 | TestSub: S8 | Epoch  9/100 Finsh | Now_lr 0.0005/0.0005 | Train Loss 0.6108 | Valid Loss 0.6290 | Train Acc 67.4180 | Valid Acc 62.7404
2026-07-13 09:32:28 | TestSub: S8 | Epoch 10/100 Finsh | Now_lr 0.0005/0.0005 | Train Loss 0.6088 | Valid Loss 0.6131 | Train Acc 66.5215 | Valid Acc 63.7019
2026-07-13 09:32:28 | Validation loss decreased (0.627521 --> 0.613067) in epoch (10). Saving model ...
2026-07-13 09:32:29 | TestSub: S8 | Epoch 11/100 Finsh | Now_lr 0.0005/0.0005 | Train Loss 0.5936 | Valid Loss 0.6000 | Train Acc 69.0830 | Valid Acc 66.5865
2026-07-13 09:32:29 | Validation loss decreased (0.613067 --> 0.599954) in epoch (11). Saving model ...
2026-07-13 09:32:30 | TestSub: S8 | Epoch 12/100 Finsh | Now_lr 0.0005/0.0005 | Train Loss 0.5938 | Valid Loss 0.5996 | Train Acc 68.4939 | Valid Acc 66.1058
2026-07-13 09:32:30 | Validation loss decreased (0.599954 --> 0.599624) in epoch (12). Saving model ...
2026-07-13 09:32:31 | TestSub: S8 | Epoch 13/100 Finsh | Now_lr 0.0005/0.0005 | Train Loss 0.5809 | Valid Loss 0.5833 | Train Acc 70.1332 | Valid Acc 71.3942
2026-07-13 09:32:31 | Validation loss decreased (0.599624 --> 0.583260) in epoch (13). Saving model ...
2026-07-13 09:32:32 | TestSub: S8 | Epoch 14/100 Finsh | Now_lr 0.0005/0.0005 | Train Loss 0.5747 | Valid Loss 0.5804 | Train Acc 71.1834 | Valid Acc 69.4712
2026-07-13 09:32:32 | Validation loss decreased (0.583260 --> 0.580423) in epoch (14). Saving model ...
2026-07-13 09:32:33 | TestSub: S8 | Epoch 15/100 Finsh | Now_lr 0.0005/0.0005 | Train Loss 0.5713 | Valid Loss 0.5764 | Train Acc 70.5686 | Valid Acc 69.4712
2026-07-13 09:32:33 | Validation loss decreased (0.580423 --> 0.576355) in epoch (15). Saving model ...
2026-07-13 09:32:34 | TestSub: S8 | Epoch 16/100 Finsh | Now_lr 0.0005/0.0005 | Train Loss 0.5620 | Valid Loss 0.5701 | Train Acc 72.0031 | Valid Acc 71.1538
2026-07-13 09:32:34 | Validation loss decreased (0.576355 --> 0.570115) in epoch (16). Saving model ...
2026-07-13 09:32:34 | TestSub: S8 | Epoch 17/100 Finsh | Now_lr 0.0005/0.0005 | Train Loss 0.5500 | Valid Loss 0.5569 | Train Acc 73.3863 | Valid Acc 73.0769
2026-07-13 09:32:34 | Validation loss decreased (0.570115 --> 0.556864) in epoch (17). Saving model ...
2026-07-13 09:32:36 | TestSub: S8 | Epoch 18/100 Finsh | Now_lr 0.0005/0.0005 | Train Loss 0.5522 | Valid Loss 0.5513 | Train Acc 72.9508 | Valid Acc 73.5577
2026-07-13 09:32:36 | Validation loss decreased (0.556864 --> 0.551313) in epoch (18). Saving model ...
2026-07-13 09:32:37 | TestSub: S8 | Epoch 19/100 Finsh | Now_lr 0.0005/0.0005 | Train Loss 0.5346 | Valid Loss 0.5520 | Train Acc 73.6168 | Valid Acc 70.6731
2026-07-13 09:32:38 | TestSub: S8 | Epoch 20/100 Finsh | Now_lr 0.0005/0.0005 | Train Loss 0.5436 | Valid Loss 0.5413 | Train Acc 73.4887 | Valid Acc 74.2788
2026-07-13 09:32:38 | Validation loss decreased (0.551313 --> 0.541277) in epoch (20). Saving model ...
2026-07-13 09:32:38 | TestSub: S8 | Epoch 21/100 Finsh | Now_lr 0.0005/0.0005 | Train Loss 0.5306 | Valid Loss 0.5311 | Train Acc 74.6158 | Valid Acc 75.9615
2026-07-13 09:32:38 | Validation loss decreased (0.541277 --> 0.531149) in epoch (21). Saving model ...
2026-07-13 09:32:39 | TestSub: S8 | Epoch 22/100 Finsh | Now_lr 0.0005/0.0005 | Train Loss 0.5307 | Valid Loss 0.5214 | Train Acc 74.0010 | Valid Acc 77.6442
2026-07-13 09:32:39 | Validation loss decreased (0.531149 --> 0.521411) in epoch (22). Saving model ...
2026-07-13 09:32:40 | TestSub: S8 | Epoch 23/100 Finsh | Now_lr 0.0005/0.0005 | Train Loss 0.5171 | Valid Loss 0.5168 | Train Acc 75.5635 | Valid Acc 77.1635
2026-07-13 09:32:40 | Validation loss decreased (0.521411 --> 0.516751) in epoch (23). Saving model ...
2026-07-13 09:32:41 | TestSub: S8 | Epoch 24/100 Finsh | Now_lr 0.0005/0.0005 | Train Loss 0.5220 | Valid Loss 0.5097 | Train Acc 75.0768 | Valid Acc 77.8846
2026-07-13 09:32:41 | Validation loss decreased (0.516751 --> 0.509714) in epoch (24). Saving model ...
2026-07-13 09:32:42 | TestSub: S8 | Epoch 25/100 Finsh | Now_lr 0.0005/0.0005 | Train Loss 0.5120 | Valid Loss 0.5111 | Train Acc 75.8453 | Valid Acc 77.1635
2026-07-13 09:32:43 | TestSub: S8 | Epoch 26/100 Finsh | Now_lr 0.0005/0.0005 | Train Loss 0.5121 | Valid Loss 0.5071 | Train Acc 75.4611 | Valid Acc 77.6442
2026-07-13 09:32:43 | Validation loss decreased (0.509714 --> 0.507115) in epoch (26). Saving model ...
2026-07-13 09:32:44 | TestSub: S8 | Epoch 27/100 Finsh | Now_lr 0.0005/0.0005 | Train Loss 0.5049 | Valid Loss 0.5033 | Train Acc 76.1527 | Valid Acc 77.8846
2026-07-13 09:32:44 | Validation loss decreased (0.507115 --> 0.503321) in epoch (27). Saving model ...
2026-07-13 09:32:45 | TestSub: S8 | Epoch 28/100 Finsh | Now_lr 0.0005/0.0005 | Train Loss 0.4986 | Valid Loss 0.4939 | Train Acc 76.6650 | Valid Acc 79.8077
2026-07-13 09:32:45 | Validation loss decreased (0.503321 --> 0.493898) in epoch (28). Saving model ...
2026-07-13 09:32:46 | TestSub: S8 | Epoch 29/100 Finsh | Now_lr 0.0005/0.0005 | Train Loss 0.4905 | Valid Loss 0.4880 | Train Acc 78.3811 | Valid Acc 80.7692
2026-07-13 09:32:46 | Validation loss decreased (0.493898 --> 0.487971) in epoch (29). Saving model ...
2026-07-13 09:32:47 | TestSub: S8 | Epoch 30/100 Finsh | Now_lr 0.0005/0.0005 | Train Loss 0.4974 | Valid Loss 0.4883 | Train Acc 76.8186 | Valid Acc 78.8462
2026-07-13 09:32:48 | TestSub: S8 | Epoch 31/100 Finsh | Now_lr 0.0005/0.0005 | Train Loss 0.4873 | Valid Loss 0.4787 | Train Acc 77.9457 | Valid Acc 80.0481
2026-07-13 09:32:48 | Validation loss decreased (0.487971 --> 0.478724) in epoch (31). Saving model ...
2026-07-13 09:32:49 | TestSub: S8 | Epoch 32/100 Finsh | Now_lr 0.0005/0.0005 | Train Loss 0.4863 | Valid Loss 0.4875 | Train Acc 76.8186 | Valid Acc 77.8846
2026-07-13 09:32:50 | TestSub: S8 | Epoch 33/100 Finsh | Now_lr 0.0005/0.0005 | Train Loss 0.4858 | Valid Loss 0.4781 | Train Acc 77.4078 | Valid Acc 79.8077
2026-07-13 09:32:50 | Validation loss decreased (0.478724 --> 0.478050) in epoch (33). Saving model ...
2026-07-13 09:32:51 | TestSub: S8 | Epoch 34/100 Finsh | Now_lr 0.0005/0.0005 | Train Loss 0.4824 | Valid Loss 0.4750 | Train Acc 78.6117 | Valid Acc 81.0096
2026-07-13 09:32:51 | Validation loss decreased (0.478050 --> 0.475029) in epoch (34). Saving model ...
2026-07-13 09:32:52 | TestSub: S8 | Epoch 35/100 Finsh | Now_lr 0.0005/0.0005 | Train Loss 0.4778 | Valid Loss 0.4780 | Train Acc 77.4334 | Valid Acc 80.0481
2026-07-13 09:32:52 | TestSub: S8 | Epoch 36/100 Finsh | Now_lr 0.0005/0.0005 | Train Loss 0.4831 | Valid Loss 0.4720 | Train Acc 77.7920 | Valid Acc 80.5288
2026-07-13 09:32:52 | Validation loss decreased (0.475029 --> 0.472020) in epoch (36). Saving model ...
2026-07-13 09:32:53 | TestSub: S8 | Epoch 37/100 Finsh | Now_lr 0.0005/0.0005 | Train Loss 0.4668 | Valid Loss 0.4680 | Train Acc 78.9191 | Valid Acc 81.2500
2026-07-13 09:32:53 | Validation loss decreased (0.472020 --> 0.467962) in epoch (37). Saving model ...
2026-07-13 09:32:54 | TestSub: S8 | Epoch 38/100 Finsh | Now_lr 0.0005/0.0005 | Train Loss 0.4684 | Valid Loss 0.4580 | Train Acc 79.2008 | Valid Acc 84.1346
2026-07-13 09:32:54 | Validation loss decreased (0.467962 --> 0.458027) in epoch (38). Saving model ...
2026-07-13 09:32:55 | TestSub: S8 | Epoch 39/100 Finsh | Now_lr 0.0005/0.0005 | Train Loss 0.4653 | Valid Loss 0.4635 | Train Acc 79.1240 | Valid Acc 81.4904
2026-07-13 09:32:56 | TestSub: S8 | Epoch 40/100 Finsh | Now_lr 0.0005/0.0005 | Train Loss 0.4628 | Valid Loss 0.4777 | Train Acc 78.5605 | Valid Acc 78.1250
2026-07-13 09:32:57 | TestSub: S8 | Epoch 41/100 Finsh | Now_lr 0.0005/0.0005 | Train Loss 0.4638 | Valid Loss 0.4523 | Train Acc 78.6629 | Valid Acc 82.4519
2026-07-13 09:32:57 | Validation loss decreased (0.458027 --> 0.452302) in epoch (41). Saving model ...
2026-07-13 09:32:58 | TestSub: S8 | Epoch 42/100 Finsh | Now_lr 0.0005/0.0005 | Train Loss 0.4530 | Valid Loss 0.4540 | Train Acc 78.9191 | Valid Acc 83.4135
2026-07-13 09:32:59 | TestSub: S8 | Epoch 43/100 Finsh | Now_lr 0.0005/0.0005 | Train Loss 0.4632 | Valid Loss 0.4485 | Train Acc 78.2531 | Valid Acc 81.7308
2026-07-13 09:32:59 | Validation loss decreased (0.452302 --> 0.448453) in epoch (43). Saving model ...
2026-07-13 09:33:00 | TestSub: S8 | Epoch 44/100 Finsh | Now_lr 0.0005/0.0005 | Train Loss 0.4658 | Valid Loss 0.4448 | Train Acc 78.4580 | Valid Acc 83.1731
2026-07-13 09:33:00 | Validation loss decreased (0.448453 --> 0.444847) in epoch (44). Saving model ...
2026-07-13 09:33:01 | TestSub: S8 | Epoch 45/100 Finsh | Now_lr 0.0005/0.0005 | Train Loss 0.4575 | Valid Loss 0.4461 | Train Acc 79.8924 | Valid Acc 83.6538
2026-07-13 09:33:02 | TestSub: S8 | Epoch 46/100 Finsh | Now_lr 0.0005/0.0005 | Train Loss 0.4565 | Valid Loss 0.4571 | Train Acc 79.2520 | Valid Acc 80.5288
2026-07-13 09:33:03 | TestSub: S8 | Epoch 47/100 Finsh | Now_lr 0.0005/0.0005 | Train Loss 0.4603 | Valid Loss 0.4453 | Train Acc 78.9191 | Valid Acc 83.1731
2026-07-13 09:33:03 | TestSub: S8 | Epoch 48/100 Finsh | Now_lr 0.0005/0.0005 | Train Loss 0.4488 | Valid Loss 0.4420 | Train Acc 79.6107 | Valid Acc 84.1346
2026-07-13 09:33:03 | Validation loss decreased (0.444847 --> 0.441961) in epoch (48). Saving model ...
2026-07-13 09:33:04 | TestSub: S8 | Epoch 49/100 Finsh | Now_lr 0.0005/0.0005 | Train Loss 0.4480 | Valid Loss 0.4374 | Train Acc 79.8668 | Valid Acc 83.8942
2026-07-13 09:33:04 | Validation loss decreased (0.441961 --> 0.437378) in epoch (49). Saving model ...
2026-07-13 09:33:05 | TestSub: S8 | Epoch 50/100 Finsh | Now_lr 0.0005/0.0005 | Train Loss 0.4493 | Valid Loss 0.4645 | Train Acc 79.5850 | Valid Acc 80.0481
2026-07-13 09:33:06 | TestSub: S8 | Epoch 51/100 Finsh | Now_lr 0.0005/0.0005 | Train Loss 0.4453 | Valid Loss 0.4397 | Train Acc 79.2520 | Valid Acc 82.4519
2026-07-13 09:33:07 | TestSub: S8 | Epoch 52/100 Finsh | Now_lr 0.0005/0.0005 | Train Loss 0.4290 | Valid Loss 0.4296 | Train Acc 81.5318 | Valid Acc 84.1346
2026-07-13 09:33:07 | Validation loss decreased (0.437378 --> 0.429630) in epoch (52). Saving model ...
2026-07-13 09:33:08 | TestSub: S8 | Epoch 53/100 Finsh | Now_lr 0.0005/0.0005 | Train Loss 0.4278 | Valid Loss 0.4290 | Train Acc 81.0963 | Valid Acc 85.3365
2026-07-13 09:33:08 | Validation loss decreased (0.429630 --> 0.429005) in epoch (53). Saving model ...
2026-07-13 09:33:09 | TestSub: S8 | Epoch 54/100 Finsh | Now_lr 0.0005/0.0005 | Train Loss 0.4456 | Valid Loss 0.4300 | Train Acc 80.2766 | Valid Acc 83.1731
2026-07-13 09:33:10 | TestSub: S8 | Epoch 55/100 Finsh | Now_lr 0.0005/0.0005 | Train Loss 0.4350 | Valid Loss 0.4269 | Train Acc 80.4047 | Valid Acc 84.8558
2026-07-13 09:33:10 | Validation loss decreased (0.429005 --> 0.426858) in epoch (55). Saving model ...
2026-07-13 09:33:11 | TestSub: S8 | Epoch 56/100 Finsh | Now_lr 0.0005/0.0005 | Train Loss 0.4313 | Valid Loss 0.4267 | Train Acc 81.0451 | Valid Acc 83.6538
2026-07-13 09:33:11 | Validation loss decreased (0.426858 --> 0.426692) in epoch (56). Saving model ...
2026-07-13 09:33:12 | TestSub: S8 | Epoch 57/100 Finsh | Now_lr 0.0005/0.0005 | Train Loss 0.4335 | Valid Loss 0.4239 | Train Acc 81.2756 | Valid Acc 85.0962
2026-07-13 09:33:12 | Validation loss decreased (0.426692 --> 0.423922) in epoch (57). Saving model ...
2026-07-13 09:33:13 | TestSub: S8 | Epoch 58/100 Finsh | Now_lr 0.0005/0.0005 | Train Loss 0.4382 | Valid Loss 0.4309 | Train Acc 80.9170 | Valid Acc 82.4519
2026-07-13 09:33:14 | TestSub: S8 | Epoch 59/100 Finsh | Now_lr 0.0005/0.0005 | Train Loss 0.4362 | Valid Loss 0.4245 | Train Acc 80.1486 | Valid Acc 83.6538
2026-07-13 09:33:15 | TestSub: S8 | Epoch 60/100 Finsh | Now_lr 0.0005/0.0005 | Train Loss 0.4260 | Valid Loss 0.4122 | Train Acc 81.0195 | Valid Acc 85.5769
2026-07-13 09:33:15 | Validation loss decreased (0.423922 --> 0.412169) in epoch (60). Saving model ...
2026-07-13 09:33:15 | TestSub: S8 | Epoch 61/100 Finsh | Now_lr 0.0005/0.0005 | Train Loss 0.4300 | Valid Loss 0.4133 | Train Acc 81.3012 | Valid Acc 83.4135
2026-07-13 09:33:16 | TestSub: S8 | Epoch 62/100 Finsh | Now_lr 0.0005/0.0005 | Train Loss 0.4323 | Valid Loss 0.4140 | Train Acc 80.5584 | Valid Acc 84.3750
2026-07-13 09:33:17 | TestSub: S8 | Epoch 63/100 Finsh | Now_lr 0.0005/0.0005 | Train Loss 0.4239 | Valid Loss 0.4054 | Train Acc 81.5061 | Valid Acc 86.5385
2026-07-13 09:33:17 | Validation loss decreased (0.412169 --> 0.405392) in epoch (63). Saving model ...
2026-07-13 09:33:18 | TestSub: S8 | Epoch 64/100 Finsh | Now_lr 0.0005/0.0005 | Train Loss 0.4232 | Valid Loss 0.4080 | Train Acc 82.0441 | Valid Acc 87.5000
2026-07-13 09:33:19 | TestSub: S8 | Epoch 65/100 Finsh | Now_lr 0.0005/0.0005 | Train Loss 0.4299 | Valid Loss 0.4133 | Train Acc 80.9170 | Valid Acc 85.0962
2026-07-13 09:33:20 | TestSub: S8 | Epoch 66/100 Finsh | Now_lr 0.0005/0.0005 | Train Loss 0.4198 | Valid Loss 0.4049 | Train Acc 81.0195 | Valid Acc 86.7788
2026-07-13 09:33:20 | Validation loss decreased (0.405392 --> 0.404880) in epoch (66). Saving model ...
2026-07-13 09:33:21 | TestSub: S8 | Epoch 67/100 Finsh | Now_lr 0.0005/0.0005 | Train Loss 0.4197 | Valid Loss 0.4146 | Train Acc 80.8402 | Valid Acc 84.6154
2026-07-13 09:33:22 | TestSub: S8 | Epoch 68/100 Finsh | Now_lr 0.0005/0.0005 | Train Loss 0.4206 | Valid Loss 0.4013 | Train Acc 81.0195 | Valid Acc 86.7788
2026-07-13 09:33:22 | Validation loss decreased (0.404880 --> 0.401277) in epoch (68). Saving model ...
2026-07-13 09:33:23 | TestSub: S8 | Epoch 69/100 Finsh | Now_lr 0.0005/0.0005 | Train Loss 0.4206 | Valid Loss 0.4068 | Train Acc 81.5574 | Valid Acc 86.5385
2026-07-13 09:33:24 | TestSub: S8 | Epoch 70/100 Finsh | Now_lr 0.0005/0.0005 | Train Loss 0.4080 | Valid Loss 0.4101 | Train Acc 82.0184 | Valid Acc 84.6154
2026-07-13 09:33:25 | TestSub: S8 | Epoch 71/100 Finsh | Now_lr 0.0005/0.0005 | Train Loss 0.4250 | Valid Loss 0.3974 | Train Acc 80.4559 | Valid Acc 85.3365
2026-07-13 09:33:25 | Validation loss decreased (0.401277 --> 0.397449) in epoch (71). Saving model ...
2026-07-13 09:33:26 | TestSub: S8 | Epoch 72/100 Finsh | Now_lr 0.0005/0.0005 | Train Loss 0.4240 | Valid Loss 0.4141 | Train Acc 81.1988 | Valid Acc 83.6538
2026-07-13 09:33:26 | TestSub: S8 | Epoch 73/100 Finsh | Now_lr 0.0005/0.0005 | Train Loss 0.4074 | Valid Loss 0.4091 | Train Acc 82.3770 | Valid Acc 85.0962
2026-07-13 09:33:27 | TestSub: S8 | Epoch 74/100 Finsh | Now_lr 0.0005/0.0005 | Train Loss 0.4047 | Valid Loss 0.3994 | Train Acc 82.0953 | Valid Acc 86.5385
2026-07-13 09:33:28 | TestSub: S8 | Epoch 75/100 Finsh | Now_lr 0.0005/0.0005 | Train Loss 0.4163 | Valid Loss 0.4091 | Train Acc 80.8402 | Valid Acc 85.3365
2026-07-13 09:33:29 | TestSub: S8 | Epoch 76/100 Finsh | Now_lr 0.0005/0.0005 | Train Loss 0.4084 | Valid Loss 0.4282 | Train Acc 81.6855 | Valid Acc 80.5288
2026-07-13 09:33:30 | TestSub: S8 | Epoch 77/100 Finsh | Now_lr 0.0005/0.0005 | Train Loss 0.4138 | Valid Loss 0.4226 | Train Acc 81.4549 | Valid Acc 82.2115
2026-07-13 09:33:31 | TestSub: S8 | Epoch 78/100 Finsh | Now_lr 0.0005/0.0005 | Train Loss 0.4002 | Valid Loss 0.3982 | Train Acc 82.4283 | Valid Acc 86.0577
2026-07-13 09:33:32 | TestSub: S8 | Epoch 79/100 Finsh | Now_lr 0.0005/0.0005 | Train Loss 0.4139 | Valid Loss 0.3934 | Train Acc 81.2756 | Valid Acc 85.8173
2026-07-13 09:33:32 | Validation loss decreased (0.397449 --> 0.393409) in epoch (79). Saving model ...
2026-07-13 09:33:33 | TestSub: S8 | Epoch 80/100 Finsh | Now_lr 0.0005/0.0005 | Train Loss 0.4020 | Valid Loss 0.4077 | Train Acc 82.5820 | Valid Acc 84.1346
2026-07-13 09:33:34 | TestSub: S8 | Epoch 81/100 Finsh | Now_lr 0.0005/0.0005 | Train Loss 0.4081 | Valid Loss 0.3879 | Train Acc 81.9672 | Valid Acc 86.5385
2026-07-13 09:33:34 | Validation loss decreased (0.393409 --> 0.387863) in epoch (81). Saving model ...
2026-07-13 09:33:35 | TestSub: S8 | Epoch 82/100 Finsh | Now_lr 0.0005/0.0005 | Train Loss 0.4068 | Valid Loss 0.3846 | Train Acc 82.2746 | Valid Acc 86.2981
2026-07-13 09:33:35 | Validation loss decreased (0.387863 --> 0.384643) in epoch (82). Saving model ...
2026-07-13 09:33:36 | TestSub: S8 | Epoch 83/100 Finsh | Now_lr 0.0005/0.0005 | Train Loss 0.4134 | Valid Loss 0.3972 | Train Acc 81.3268 | Valid Acc 84.3750
2026-07-13 09:33:36 | TestSub: S8 | Epoch 84/100 Finsh | Now_lr 0.0005/0.0005 | Train Loss 0.4012 | Valid Loss 0.3845 | Train Acc 81.6086 | Valid Acc 85.8173
2026-07-13 09:33:36 | Validation loss decreased (0.384643 --> 0.384529) in epoch (84). Saving model ...
2026-07-13 09:33:37 | TestSub: S8 | Epoch 85/100 Finsh | Now_lr 0.0005/0.0005 | Train Loss 0.3902 | Valid Loss 0.3921 | Train Acc 82.7613 | Valid Acc 83.6538
2026-07-13 09:33:38 | TestSub: S8 | Epoch 86/100 Finsh | Now_lr 0.0005/0.0005 | Train Loss 0.4079 | Valid Loss 0.3787 | Train Acc 82.0184 | Valid Acc 86.7788
2026-07-13 09:33:38 | Validation loss decreased (0.384529 --> 0.378657) in epoch (86). Saving model ...
2026-07-13 09:33:39 | TestSub: S8 | Epoch 87/100 Finsh | Now_lr 0.0005/0.0005 | Train Loss 0.3857 | Valid Loss 0.3907 | Train Acc 83.0943 | Valid Acc 84.8558
2026-07-13 09:33:40 | TestSub: S8 | Epoch 88/100 Finsh | Now_lr 0.0005/0.0005 | Train Loss 0.3898 | Valid Loss 0.3790 | Train Acc 82.8381 | Valid Acc 85.8173
2026-07-13 09:33:41 | TestSub: S8 | Epoch 89/100 Finsh | Now_lr 0.0005/0.0005 | Train Loss 0.3958 | Valid Loss 0.3747 | Train Acc 82.6076 | Valid Acc 87.9808
2026-07-13 09:33:41 | Validation loss decreased (0.378657 --> 0.374695) in epoch (89). Saving model ...
2026-07-13 09:33:42 | TestSub: S8 | Epoch 90/100 Finsh | Now_lr 0.0005/0.0005 | Train Loss 0.4007 | Valid Loss 0.3717 | Train Acc 82.5820 | Valid Acc 87.2596
2026-07-13 09:33:42 | Validation loss decreased (0.374695 --> 0.371733) in epoch (90). Saving model ...
2026-07-13 09:33:43 | TestSub: S8 | Epoch 91/100 Finsh | Now_lr 0.0005/0.0005 | Train Loss 0.3968 | Valid Loss 0.3744 | Train Acc 82.4539 | Valid Acc 86.2981
2026-07-13 09:33:44 | TestSub: S8 | Epoch 92/100 Finsh | Now_lr 0.0005/0.0005 | Train Loss 0.3913 | Valid Loss 0.3733 | Train Acc 82.5307 | Valid Acc 86.5385
2026-07-13 09:33:45 | TestSub: S8 | Epoch 93/100 Finsh | Now_lr 0.0005/0.0005 | Train Loss 0.3892 | Valid Loss 0.3649 | Train Acc 82.6588 | Valid Acc 87.9808
2026-07-13 09:33:45 | Validation loss decreased (0.371733 --> 0.364865) in epoch (93). Saving model ...
2026-07-13 09:33:46 | TestSub: S8 | Epoch 94/100 Finsh | Now_lr 0.0005/0.0005 | Train Loss 0.3929 | Valid Loss 0.3684 | Train Acc 83.2992 | Valid Acc 86.7788
2026-07-13 09:33:47 | TestSub: S8 | Epoch 95/100 Finsh | Now_lr 0.0005/0.0005 | Train Loss 0.3909 | Valid Loss 0.3827 | Train Acc 83.7346 | Valid Acc 85.3365
2026-07-13 09:33:48 | TestSub: S8 | Epoch 96/100 Finsh | Now_lr 0.0005/0.0005 | Train Loss 0.3905 | Valid Loss 0.3746 | Train Acc 82.4027 | Valid Acc 86.0577
2026-07-13 09:33:49 | TestSub: S8 | Epoch 97/100 Finsh | Now_lr 0.0005/0.0005 | Train Loss 0.3827 | Valid Loss 0.3675 | Train Acc 83.5809 | Valid Acc 86.5385
2026-07-13 09:33:50 | TestSub: S8 | Epoch 98/100 Finsh | Now_lr 0.0005/0.0005 | Train Loss 0.3927 | Valid Loss 0.3641 | Train Acc 83.1711 | Valid Acc 87.0192
2026-07-13 09:33:50 | Validation loss decreased (0.364865 --> 0.364126) in epoch (98). Saving model ...
2026-07-13 09:33:51 | TestSub: S8 | Epoch 99/100 Finsh | Now_lr 0.0005/0.0005 | Train Loss 0.3880 | Valid Loss 0.3592 | Train Acc 82.3002 | Valid Acc 88.9423
2026-07-13 09:33:51 | Validation loss decreased (0.364126 --> 0.359232) in epoch (99). Saving model ...
2026-07-13 09:33:51 | TestSub: S8 | Epoch 100/100 Finsh | Now_lr 0.0005/0.0005 | Train Loss 0.3804 | Valid Loss 0.3554 | Train Acc 84.2469 | Valid Acc 87.7404
2026-07-13 09:33:51 | Validation loss decreased (0.359232 --> 0.355357) in epoch (100). Saving model ...
2026-07-13 09:33:52 | --------------------------------------------------
2026-07-13 09:33:52 | Test_Subject :S8 | Best epoch:100 | Test Loss:0.4968 | Savemodel Acc 75.2083
2026-07-13 09:33:52 | --------------------------------------------------
2026-07-13 09:33:52 | Best epoch: 100 | Test acc: 75.2083
