2026-07-13 09:23:59 | Logging started: ./writer/Subject_dependent_AAD/AVEDao/1.0s/result//Train1.0s_sub3.log
2026-07-13 09:24:02 | Sub_id: 3
2026-07-13 09:24:03 | TestSub: S3 | Epoch  1/100 Finsh | Now_lr 0.0005/0.0005 | Train Loss 0.6986 | Valid Loss 0.6878 | Train Acc 51.4088 | Valid Acc 52.1635
2026-07-13 09:24:03 | Validation loss decreased (inf --> 0.687776) in epoch (1). Saving model ...
2026-07-13 09:24:04 | TestSub: S3 | Epoch  2/100 Finsh | Now_lr 0.0005/0.0005 | Train Loss 0.6914 | Valid Loss 0.6847 | Train Acc 52.1516 | Valid Acc 56.0096
2026-07-13 09:24:04 | Validation loss decreased (0.687776 --> 0.684660) in epoch (2). Saving model ...
2026-07-13 09:24:05 | TestSub: S3 | Epoch  3/100 Finsh | Now_lr 0.0005/0.0005 | Train Loss 0.6842 | Valid Loss 0.6793 | Train Acc 55.9426 | Valid Acc 55.2885
2026-07-13 09:24:05 | Validation loss decreased (0.684660 --> 0.679297) in epoch (3). Saving model ...
2026-07-13 09:24:06 | TestSub: S3 | Epoch  4/100 Finsh | Now_lr 0.0005/0.0005 | Train Loss 0.6726 | Valid Loss 0.6700 | Train Acc 59.2725 | Valid Acc 61.2981
2026-07-13 09:24:06 | Validation loss decreased (0.679297 --> 0.669984) in epoch (4). Saving model ...
2026-07-13 09:24:07 | TestSub: S3 | Epoch  5/100 Finsh | Now_lr 0.0005/0.0005 | Train Loss 0.6621 | Valid Loss 0.6569 | Train Acc 60.2971 | Valid Acc 62.5000
2026-07-13 09:24:07 | Validation loss decreased (0.669984 --> 0.656874) in epoch (5). Saving model ...
2026-07-13 09:24:08 | TestSub: S3 | Epoch  6/100 Finsh | Now_lr 0.0005/0.0005 | Train Loss 0.6535 | Valid Loss 0.6472 | Train Acc 61.6291 | Valid Acc 63.2212
2026-07-13 09:24:08 | Validation loss decreased (0.656874 --> 0.647230) in epoch (6). Saving model ...
2026-07-13 09:24:09 | TestSub: S3 | Epoch  7/100 Finsh | Now_lr 0.0005/0.0005 | Train Loss 0.6420 | Valid Loss 0.6383 | Train Acc 63.6014 | Valid Acc 64.6635
2026-07-13 09:24:09 | Validation loss decreased (0.647230 --> 0.638349) in epoch (7). Saving model ...
2026-07-13 09:24:10 | TestSub: S3 | Epoch  8/100 Finsh | Now_lr 0.0005/0.0005 | Train Loss 0.6254 | Valid Loss 0.6259 | Train Acc 66.4959 | Valid Acc 67.7885
2026-07-13 09:24:10 | Validation loss decreased (0.638349 --> 0.625852) in epoch (8). Saving model ...
2026-07-13 09:24:11 | TestSub: S3 | Epoch  9/100 Finsh | Now_lr 0.0005/0.0005 | Train Loss 0.6167 | Valid Loss 0.6129 | Train Acc 66.7777 | Valid Acc 68.7500
2026-07-13 09:24:11 | Validation loss decreased (0.625852 --> 0.612916) in epoch (9). Saving model ...
2026-07-13 09:24:12 | TestSub: S3 | Epoch 10/100 Finsh | Now_lr 0.0005/0.0005 | Train Loss 0.6035 | Valid Loss 0.6059 | Train Acc 68.2377 | Valid Acc 70.9135
2026-07-13 09:24:12 | Validation loss decreased (0.612916 --> 0.605906) in epoch (10). Saving model ...
2026-07-13 09:24:13 | TestSub: S3 | Epoch 11/100 Finsh | Now_lr 0.0005/0.0005 | Train Loss 0.5973 | Valid Loss 0.5933 | Train Acc 68.6732 | Valid Acc 71.8750
2026-07-13 09:24:13 | Validation loss decreased (0.605906 --> 0.593263) in epoch (11). Saving model ...
2026-07-13 09:24:14 | TestSub: S3 | Epoch 12/100 Finsh | Now_lr 0.0005/0.0005 | Train Loss 0.5840 | Valid Loss 0.5889 | Train Acc 70.7223 | Valid Acc 69.9519
2026-07-13 09:24:14 | Validation loss decreased (0.593263 --> 0.588945) in epoch (12). Saving model ...
2026-07-13 09:24:15 | TestSub: S3 | Epoch 13/100 Finsh | Now_lr 0.0005/0.0005 | Train Loss 0.5721 | Valid Loss 0.5801 | Train Acc 71.2090 | Valid Acc 72.5962
2026-07-13 09:24:15 | Validation loss decreased (0.588945 --> 0.580052) in epoch (13). Saving model ...
2026-07-13 09:24:16 | TestSub: S3 | Epoch 14/100 Finsh | Now_lr 0.0005/0.0005 | Train Loss 0.5637 | Valid Loss 0.5694 | Train Acc 72.2848 | Valid Acc 72.1154
2026-07-13 09:24:16 | Validation loss decreased (0.580052 --> 0.569428) in epoch (14). Saving model ...
2026-07-13 09:24:17 | TestSub: S3 | Epoch 15/100 Finsh | Now_lr 0.0005/0.0005 | Train Loss 0.5568 | Valid Loss 0.5565 | Train Acc 74.0266 | Valid Acc 73.5577
2026-07-13 09:24:17 | Validation loss decreased (0.569428 --> 0.556522) in epoch (15). Saving model ...
2026-07-13 09:24:18 | TestSub: S3 | Epoch 16/100 Finsh | Now_lr 0.0005/0.0005 | Train Loss 0.5497 | Valid Loss 0.5531 | Train Acc 73.2326 | Valid Acc 71.6346
2026-07-13 09:24:18 | Validation loss decreased (0.556522 --> 0.553145) in epoch (16). Saving model ...
2026-07-13 09:24:19 | TestSub: S3 | Epoch 17/100 Finsh | Now_lr 0.0005/0.0005 | Train Loss 0.5438 | Valid Loss 0.5397 | Train Acc 73.2326 | Valid Acc 76.6827
2026-07-13 09:24:19 | Validation loss decreased (0.553145 --> 0.539707) in epoch (17). Saving model ...
2026-07-13 09:24:20 | TestSub: S3 | Epoch 18/100 Finsh | Now_lr 0.0005/0.0005 | Train Loss 0.5387 | Valid Loss 0.5337 | Train Acc 75.1025 | Valid Acc 74.2788
2026-07-13 09:24:20 | Validation loss decreased (0.539707 --> 0.533737) in epoch (18). Saving model ...
2026-07-13 09:24:21 | TestSub: S3 | Epoch 19/100 Finsh | Now_lr 0.0005/0.0005 | Train Loss 0.5323 | Valid Loss 0.5247 | Train Acc 73.8217 | Valid Acc 78.6058
2026-07-13 09:24:21 | Validation loss decreased (0.533737 --> 0.524698) in epoch (19). Saving model ...
2026-07-13 09:24:22 | TestSub: S3 | Epoch 20/100 Finsh | Now_lr 0.0005/0.0005 | Train Loss 0.5264 | Valid Loss 0.5262 | Train Acc 75.0000 | Valid Acc 78.8462
2026-07-13 09:24:23 | TestSub: S3 | Epoch 21/100 Finsh | Now_lr 0.0005/0.0005 | Train Loss 0.5113 | Valid Loss 0.5105 | Train Acc 76.4857 | Valid Acc 78.3654
2026-07-13 09:24:23 | Validation loss decreased (0.524698 --> 0.510509) in epoch (21). Saving model ...
2026-07-13 09:24:24 | TestSub: S3 | Epoch 22/100 Finsh | Now_lr 0.0005/0.0005 | Train Loss 0.5128 | Valid Loss 0.5090 | Train Acc 76.4857 | Valid Acc 77.6442
2026-07-13 09:24:24 | Validation loss decreased (0.510509 --> 0.509016) in epoch (22). Saving model ...
2026-07-13 09:24:25 | TestSub: S3 | Epoch 23/100 Finsh | Now_lr 0.0005/0.0005 | Train Loss 0.5012 | Valid Loss 0.5061 | Train Acc 76.8699 | Valid Acc 79.8077
2026-07-13 09:24:25 | Validation loss decreased (0.509016 --> 0.506083) in epoch (23). Saving model ...
2026-07-13 09:24:26 | TestSub: S3 | Epoch 24/100 Finsh | Now_lr 0.0005/0.0005 | Train Loss 0.5021 | Valid Loss 0.4929 | Train Acc 76.2807 | Valid Acc 81.2500
2026-07-13 09:24:26 | Validation loss decreased (0.506083 --> 0.492937) in epoch (24). Saving model ...
2026-07-13 09:24:27 | TestSub: S3 | Epoch 25/100 Finsh | Now_lr 0.0005/0.0005 | Train Loss 0.4845 | Valid Loss 0.4892 | Train Acc 78.5348 | Valid Acc 81.2500
2026-07-13 09:24:27 | Validation loss decreased (0.492937 --> 0.489246) in epoch (25). Saving model ...
2026-07-13 09:24:28 | TestSub: S3 | Epoch 26/100 Finsh | Now_lr 0.0005/0.0005 | Train Loss 0.4888 | Valid Loss 0.4848 | Train Acc 77.1260 | Valid Acc 82.9327
2026-07-13 09:24:28 | Validation loss decreased (0.489246 --> 0.484778) in epoch (26). Saving model ...
2026-07-13 09:24:29 | TestSub: S3 | Epoch 27/100 Finsh | Now_lr 0.0005/0.0005 | Train Loss 0.4901 | Valid Loss 0.4849 | Train Acc 77.1516 | Valid Acc 83.6538
2026-07-13 09:24:30 | TestSub: S3 | Epoch 28/100 Finsh | Now_lr 0.0005/0.0005 | Train Loss 0.4771 | Valid Loss 0.4935 | Train Acc 78.7398 | Valid Acc 79.8077
2026-07-13 09:24:31 | TestSub: S3 | Epoch 29/100 Finsh | Now_lr 0.0005/0.0005 | Train Loss 0.4806 | Valid Loss 0.4798 | Train Acc 77.5615 | Valid Acc 83.8942
2026-07-13 09:24:31 | Validation loss decreased (0.484778 --> 0.479759) in epoch (29). Saving model ...
2026-07-13 09:24:32 | TestSub: S3 | Epoch 30/100 Finsh | Now_lr 0.0005/0.0005 | Train Loss 0.4776 | Valid Loss 0.4741 | Train Acc 77.8945 | Valid Acc 82.6923
2026-07-13 09:24:32 | Validation loss decreased (0.479759 --> 0.474080) in epoch (30). Saving model ...
2026-07-13 09:24:33 | TestSub: S3 | Epoch 31/100 Finsh | Now_lr 0.0005/0.0005 | Train Loss 0.4671 | Valid Loss 0.4701 | Train Acc 78.5092 | Valid Acc 82.4519
2026-07-13 09:24:33 | Validation loss decreased (0.474080 --> 0.470101) in epoch (31). Saving model ...
2026-07-13 09:24:34 | TestSub: S3 | Epoch 32/100 Finsh | Now_lr 0.0005/0.0005 | Train Loss 0.4702 | Valid Loss 0.4648 | Train Acc 78.5092 | Valid Acc 84.6154
2026-07-13 09:24:34 | Validation loss decreased (0.470101 --> 0.464783) in epoch (32). Saving model ...
2026-07-13 09:24:35 | TestSub: S3 | Epoch 33/100 Finsh | Now_lr 0.0005/0.0005 | Train Loss 0.4504 | Valid Loss 0.4601 | Train Acc 80.4047 | Valid Acc 84.6154
2026-07-13 09:24:35 | Validation loss decreased (0.464783 --> 0.460054) in epoch (33). Saving model ...
2026-07-13 09:24:35 | TestSub: S3 | Epoch 34/100 Finsh | Now_lr 0.0005/0.0005 | Train Loss 0.4627 | Valid Loss 0.4553 | Train Acc 78.9191 | Valid Acc 84.3750
2026-07-13 09:24:35 | Validation loss decreased (0.460054 --> 0.455337) in epoch (34). Saving model ...
2026-07-13 09:24:36 | TestSub: S3 | Epoch 35/100 Finsh | Now_lr 0.0005/0.0005 | Train Loss 0.4619 | Valid Loss 0.4536 | Train Acc 79.0471 | Valid Acc 83.6538
2026-07-13 09:24:36 | Validation loss decreased (0.455337 --> 0.453582) in epoch (35). Saving model ...
2026-07-13 09:24:37 | TestSub: S3 | Epoch 36/100 Finsh | Now_lr 0.0005/0.0005 | Train Loss 0.4475 | Valid Loss 0.4523 | Train Acc 80.6609 | Valid Acc 84.3750
2026-07-13 09:24:37 | Validation loss decreased (0.453582 --> 0.452295) in epoch (36). Saving model ...
2026-07-13 09:24:38 | TestSub: S3 | Epoch 37/100 Finsh | Now_lr 0.0005/0.0005 | Train Loss 0.4425 | Valid Loss 0.4468 | Train Acc 80.1486 | Valid Acc 85.0962
2026-07-13 09:24:38 | Validation loss decreased (0.452295 --> 0.446803) in epoch (37). Saving model ...
2026-07-13 09:24:39 | TestSub: S3 | Epoch 38/100 Finsh | Now_lr 0.0005/0.0005 | Train Loss 0.4598 | Valid Loss 0.4442 | Train Acc 79.7131 | Valid Acc 85.3365
2026-07-13 09:24:39 | Validation loss decreased (0.446803 --> 0.444227) in epoch (38). Saving model ...
2026-07-13 09:24:40 | TestSub: S3 | Epoch 39/100 Finsh | Now_lr 0.0005/0.0005 | Train Loss 0.4509 | Valid Loss 0.4430 | Train Acc 79.1752 | Valid Acc 84.3750
2026-07-13 09:24:40 | Validation loss decreased (0.444227 --> 0.442993) in epoch (39). Saving model ...
2026-07-13 09:24:41 | TestSub: S3 | Epoch 40/100 Finsh | Now_lr 0.0005/0.0005 | Train Loss 0.4462 | Valid Loss 0.4343 | Train Acc 79.2520 | Valid Acc 86.0577
2026-07-13 09:24:41 | Validation loss decreased (0.442993 --> 0.434273) in epoch (40). Saving model ...
2026-07-13 09:24:42 | TestSub: S3 | Epoch 41/100 Finsh | Now_lr 0.0005/0.0005 | Train Loss 0.4357 | Valid Loss 0.4361 | Train Acc 80.3791 | Valid Acc 84.8558
2026-07-13 09:24:43 | TestSub: S3 | Epoch 42/100 Finsh | Now_lr 0.0005/0.0005 | Train Loss 0.4376 | Valid Loss 0.4256 | Train Acc 80.5072 | Valid Acc 86.5385
2026-07-13 09:24:43 | Validation loss decreased (0.434273 --> 0.425589) in epoch (42). Saving model ...
2026-07-13 09:24:44 | TestSub: S3 | Epoch 43/100 Finsh | Now_lr 0.0005/0.0005 | Train Loss 0.4367 | Valid Loss 0.4254 | Train Acc 80.5840 | Valid Acc 86.2981
2026-07-13 09:24:44 | Validation loss decreased (0.425589 --> 0.425437) in epoch (43). Saving model ...
2026-07-13 09:24:45 | TestSub: S3 | Epoch 44/100 Finsh | Now_lr 0.0005/0.0005 | Train Loss 0.4388 | Valid Loss 0.4266 | Train Acc 80.1486 | Valid Acc 85.3365
2026-07-13 09:24:46 | TestSub: S3 | Epoch 45/100 Finsh | Now_lr 0.0005/0.0005 | Train Loss 0.4310 | Valid Loss 0.4186 | Train Acc 80.5584 | Valid Acc 86.5385
2026-07-13 09:24:46 | Validation loss decreased (0.425437 --> 0.418578) in epoch (45). Saving model ...
2026-07-13 09:24:47 | TestSub: S3 | Epoch 46/100 Finsh | Now_lr 0.0005/0.0005 | Train Loss 0.4315 | Valid Loss 0.4356 | Train Acc 80.8658 | Valid Acc 82.6923
2026-07-13 09:24:48 | TestSub: S3 | Epoch 47/100 Finsh | Now_lr 0.0005/0.0005 | Train Loss 0.4343 | Valid Loss 0.4218 | Train Acc 81.2756 | Valid Acc 86.0577
2026-07-13 09:24:49 | TestSub: S3 | Epoch 48/100 Finsh | Now_lr 0.0005/0.0005 | Train Loss 0.4198 | Valid Loss 0.4155 | Train Acc 81.5574 | Valid Acc 84.8558
2026-07-13 09:24:49 | Validation loss decreased (0.418578 --> 0.415499) in epoch (48). Saving model ...
2026-07-13 09:24:50 | TestSub: S3 | Epoch 49/100 Finsh | Now_lr 0.0005/0.0005 | Train Loss 0.4322 | Valid Loss 0.4135 | Train Acc 81.0195 | Valid Acc 86.2981
2026-07-13 09:24:50 | Validation loss decreased (0.415499 --> 0.413528) in epoch (49). Saving model ...
2026-07-13 09:24:51 | TestSub: S3 | Epoch 50/100 Finsh | Now_lr 0.0005/0.0005 | Train Loss 0.4191 | Valid Loss 0.4175 | Train Acc 81.9416 | Valid Acc 84.8558
2026-07-13 09:24:52 | TestSub: S3 | Epoch 51/100 Finsh | Now_lr 0.0005/0.0005 | Train Loss 0.4197 | Valid Loss 0.4111 | Train Acc 81.4805 | Valid Acc 86.7788
2026-07-13 09:24:52 | Validation loss decreased (0.413528 --> 0.411123) in epoch (51). Saving model ...
2026-07-13 09:24:53 | TestSub: S3 | Epoch 52/100 Finsh | Now_lr 0.0005/0.0005 | Train Loss 0.4245 | Valid Loss 0.4049 | Train Acc 80.7121 | Valid Acc 86.0577
2026-07-13 09:24:53 | Validation loss decreased (0.411123 --> 0.404915) in epoch (52). Saving model ...
2026-07-13 09:24:53 | TestSub: S3 | Epoch 53/100 Finsh | Now_lr 0.0005/0.0005 | Train Loss 0.4149 | Valid Loss 0.4033 | Train Acc 82.6076 | Valid Acc 87.2596
2026-07-13 09:24:53 | Validation loss decreased (0.404915 --> 0.403337) in epoch (53). Saving model ...
2026-07-13 09:24:54 | TestSub: S3 | Epoch 54/100 Finsh | Now_lr 0.0005/0.0005 | Train Loss 0.4148 | Valid Loss 0.4019 | Train Acc 80.9170 | Valid Acc 86.5385
2026-07-13 09:24:54 | Validation loss decreased (0.403337 --> 0.401858) in epoch (54). Saving model ...
2026-07-13 09:24:55 | TestSub: S3 | Epoch 55/100 Finsh | Now_lr 0.0005/0.0005 | Train Loss 0.4117 | Valid Loss 0.4040 | Train Acc 81.7111 | Valid Acc 87.7404
2026-07-13 09:24:56 | TestSub: S3 | Epoch 56/100 Finsh | Now_lr 0.0005/0.0005 | Train Loss 0.4035 | Valid Loss 0.3998 | Train Acc 82.1209 | Valid Acc 86.5385
2026-07-13 09:24:56 | Validation loss decreased (0.401858 --> 0.399835) in epoch (56). Saving model ...
2026-07-13 09:24:57 | TestSub: S3 | Epoch 57/100 Finsh | Now_lr 0.0005/0.0005 | Train Loss 0.4144 | Valid Loss 0.3981 | Train Acc 81.0451 | Valid Acc 86.2981
2026-07-13 09:24:57 | Validation loss decreased (0.399835 --> 0.398140) in epoch (57). Saving model ...
2026-07-13 09:24:58 | TestSub: S3 | Epoch 58/100 Finsh | Now_lr 0.0005/0.0005 | Train Loss 0.4095 | Valid Loss 0.3910 | Train Acc 81.3781 | Valid Acc 87.2596
2026-07-13 09:24:58 | Validation loss decreased (0.398140 --> 0.390992) in epoch (58). Saving model ...
2026-07-13 09:24:59 | TestSub: S3 | Epoch 59/100 Finsh | Now_lr 0.0005/0.0005 | Train Loss 0.4048 | Valid Loss 0.3989 | Train Acc 82.9918 | Valid Acc 85.8173
2026-07-13 09:25:00 | TestSub: S3 | Epoch 60/100 Finsh | Now_lr 0.0005/0.0005 | Train Loss 0.3977 | Valid Loss 0.4037 | Train Acc 82.9150 | Valid Acc 84.6154
2026-07-13 09:25:01 | TestSub: S3 | Epoch 61/100 Finsh | Now_lr 0.0005/0.0005 | Train Loss 0.4040 | Valid Loss 0.3825 | Train Acc 82.4539 | Valid Acc 88.2212
2026-07-13 09:25:01 | Validation loss decreased (0.390992 --> 0.382537) in epoch (61). Saving model ...
2026-07-13 09:25:02 | TestSub: S3 | Epoch 62/100 Finsh | Now_lr 0.0005/0.0005 | Train Loss 0.4106 | Valid Loss 0.3919 | Train Acc 82.2234 | Valid Acc 86.7788
2026-07-13 09:25:03 | TestSub: S3 | Epoch 63/100 Finsh | Now_lr 0.0005/0.0005 | Train Loss 0.4071 | Valid Loss 0.3824 | Train Acc 81.0707 | Valid Acc 87.7404
2026-07-13 09:25:03 | Validation loss decreased (0.382537 --> 0.382353) in epoch (63). Saving model ...
2026-07-13 09:25:04 | TestSub: S3 | Epoch 64/100 Finsh | Now_lr 0.0005/0.0005 | Train Loss 0.4070 | Valid Loss 0.3828 | Train Acc 82.1721 | Valid Acc 87.7404
2026-07-13 09:25:05 | TestSub: S3 | Epoch 65/100 Finsh | Now_lr 0.0005/0.0005 | Train Loss 0.3979 | Valid Loss 0.3875 | Train Acc 82.5820 | Valid Acc 86.0577
2026-07-13 09:25:06 | TestSub: S3 | Epoch 66/100 Finsh | Now_lr 0.0005/0.0005 | Train Loss 0.3955 | Valid Loss 0.3776 | Train Acc 83.2992 | Valid Acc 86.5385
2026-07-13 09:25:06 | Validation loss decreased (0.382353 --> 0.377601) in epoch (66). Saving model ...
2026-07-13 09:25:07 | TestSub: S3 | Epoch 67/100 Finsh | Now_lr 0.0005/0.0005 | Train Loss 0.3937 | Valid Loss 0.3765 | Train Acc 82.6332 | Valid Acc 87.0192
2026-07-13 09:25:07 | Validation loss decreased (0.377601 --> 0.376452) in epoch (67). Saving model ...
2026-07-13 09:25:08 | TestSub: S3 | Epoch 68/100 Finsh | Now_lr 0.0005/0.0005 | Train Loss 0.3944 | Valid Loss 0.3729 | Train Acc 82.6844 | Valid Acc 88.7019
2026-07-13 09:25:08 | Validation loss decreased (0.376452 --> 0.372887) in epoch (68). Saving model ...
2026-07-13 09:25:09 | TestSub: S3 | Epoch 69/100 Finsh | Now_lr 0.0005/0.0005 | Train Loss 0.3898 | Valid Loss 0.3825 | Train Acc 82.8893 | Valid Acc 86.7788
2026-07-13 09:25:10 | TestSub: S3 | Epoch 70/100 Finsh | Now_lr 0.0005/0.0005 | Train Loss 0.4004 | Valid Loss 0.3799 | Train Acc 81.7879 | Valid Acc 86.0577
2026-07-13 09:25:10 | TestSub: S3 | Epoch 71/100 Finsh | Now_lr 0.0005/0.0005 | Train Loss 0.4001 | Valid Loss 0.3948 | Train Acc 83.1711 | Valid Acc 85.3365
2026-07-13 09:25:11 | TestSub: S3 | Epoch 72/100 Finsh | Now_lr 0.0005/0.0005 | Train Loss 0.3938 | Valid Loss 0.3675 | Train Acc 83.3248 | Valid Acc 88.4615
2026-07-13 09:25:11 | Validation loss decreased (0.372887 --> 0.367549) in epoch (72). Saving model ...
2026-07-13 09:25:12 | TestSub: S3 | Epoch 73/100 Finsh | Now_lr 0.0005/0.0005 | Train Loss 0.3836 | Valid Loss 0.3674 | Train Acc 82.9406 | Valid Acc 88.2212
2026-07-13 09:25:12 | Validation loss decreased (0.367549 --> 0.367418) in epoch (73). Saving model ...
2026-07-13 09:25:13 | TestSub: S3 | Epoch 74/100 Finsh | Now_lr 0.0005/0.0005 | Train Loss 0.3889 | Valid Loss 0.3735 | Train Acc 82.1721 | Valid Acc 87.2596
2026-07-13 09:25:14 | TestSub: S3 | Epoch 75/100 Finsh | Now_lr 0.0005/0.0005 | Train Loss 0.3857 | Valid Loss 0.3637 | Train Acc 82.7869 | Valid Acc 88.2212
2026-07-13 09:25:14 | Validation loss decreased (0.367418 --> 0.363747) in epoch (75). Saving model ...
2026-07-13 09:25:15 | TestSub: S3 | Epoch 76/100 Finsh | Now_lr 0.0005/0.0005 | Train Loss 0.3893 | Valid Loss 0.3887 | Train Acc 82.8637 | Valid Acc 84.8558
2026-07-13 09:25:16 | TestSub: S3 | Epoch 77/100 Finsh | Now_lr 0.0005/0.0005 | Train Loss 0.3825 | Valid Loss 0.3561 | Train Acc 82.9918 | Valid Acc 88.9423
2026-07-13 09:25:16 | Validation loss decreased (0.363747 --> 0.356106) in epoch (77). Saving model ...
2026-07-13 09:25:17 | TestSub: S3 | Epoch 78/100 Finsh | Now_lr 0.0005/0.0005 | Train Loss 0.3771 | Valid Loss 0.3548 | Train Acc 84.1445 | Valid Acc 88.9423
2026-07-13 09:25:17 | Validation loss decreased (0.356106 --> 0.354794) in epoch (78). Saving model ...
2026-07-13 09:25:18 | TestSub: S3 | Epoch 79/100 Finsh | Now_lr 0.0005/0.0005 | Train Loss 0.3859 | Valid Loss 0.3514 | Train Acc 83.4273 | Valid Acc 90.3846
2026-07-13 09:25:18 | Validation loss decreased (0.354794 --> 0.351419) in epoch (79). Saving model ...
2026-07-13 09:25:19 | TestSub: S3 | Epoch 80/100 Finsh | Now_lr 0.0005/0.0005 | Train Loss 0.3874 | Valid Loss 0.3506 | Train Acc 82.8381 | Valid Acc 89.6635
2026-07-13 09:25:19 | Validation loss decreased (0.351419 --> 0.350649) in epoch (80). Saving model ...
2026-07-13 09:25:20 | TestSub: S3 | Epoch 81/100 Finsh | Now_lr 0.0005/0.0005 | Train Loss 0.3834 | Valid Loss 0.3517 | Train Acc 83.1967 | Valid Acc 90.1442
2026-07-13 09:25:21 | TestSub: S3 | Epoch 82/100 Finsh | Now_lr 0.0005/0.0005 | Train Loss 0.3722 | Valid Loss 0.3579 | Train Acc 83.6578 | Valid Acc 88.2212
2026-07-13 09:25:21 | TestSub: S3 | Epoch 83/100 Finsh | Now_lr 0.0005/0.0005 | Train Loss 0.3808 | Valid Loss 0.3455 | Train Acc 83.8115 | Valid Acc 89.9038
2026-07-13 09:25:21 | Validation loss decreased (0.350649 --> 0.345519) in epoch (83). Saving model ...
2026-07-13 09:25:22 | TestSub: S3 | Epoch 84/100 Finsh | Now_lr 0.0005/0.0005 | Train Loss 0.3746 | Valid Loss 0.3506 | Train Acc 83.8371 | Valid Acc 89.1827
2026-07-13 09:25:23 | TestSub: S3 | Epoch 85/100 Finsh | Now_lr 0.0005/0.0005 | Train Loss 0.3788 | Valid Loss 0.3501 | Train Acc 84.0420 | Valid Acc 90.1442
2026-07-13 09:25:24 | TestSub: S3 | Epoch 86/100 Finsh | Now_lr 0.0005/0.0005 | Train Loss 0.3745 | Valid Loss 0.3501 | Train Acc 83.6066 | Valid Acc 87.7404
2026-07-13 09:25:25 | TestSub: S3 | Epoch 87/100 Finsh | Now_lr 0.0005/0.0005 | Train Loss 0.3811 | Valid Loss 0.3443 | Train Acc 83.2223 | Valid Acc 89.6635
2026-07-13 09:25:25 | Validation loss decreased (0.345519 --> 0.344305) in epoch (87). Saving model ...
2026-07-13 09:25:26 | TestSub: S3 | Epoch 88/100 Finsh | Now_lr 0.0005/0.0005 | Train Loss 0.3732 | Valid Loss 0.3460 | Train Acc 83.9139 | Valid Acc 90.6250
2026-07-13 09:25:27 | TestSub: S3 | Epoch 89/100 Finsh | Now_lr 0.0005/0.0005 | Train Loss 0.3781 | Valid Loss 0.3493 | Train Acc 83.7090 | Valid Acc 90.1442
2026-07-13 09:25:28 | TestSub: S3 | Epoch 90/100 Finsh | Now_lr 0.0005/0.0005 | Train Loss 0.3782 | Valid Loss 0.3433 | Train Acc 82.9918 | Valid Acc 91.1058
2026-07-13 09:25:28 | Validation loss decreased (0.344305 --> 0.343261) in epoch (90). Saving model ...
2026-07-13 09:25:29 | TestSub: S3 | Epoch 91/100 Finsh | Now_lr 0.0005/0.0005 | Train Loss 0.3673 | Valid Loss 0.3302 | Train Acc 83.9395 | Valid Acc 90.1442
2026-07-13 09:25:29 | Validation loss decreased (0.343261 --> 0.330168) in epoch (91). Saving model ...
2026-07-13 09:25:30 | TestSub: S3 | Epoch 92/100 Finsh | Now_lr 0.0005/0.0005 | Train Loss 0.3798 | Valid Loss 0.3422 | Train Acc 83.6066 | Valid Acc 88.9423
2026-07-13 09:25:31 | TestSub: S3 | Epoch 93/100 Finsh | Now_lr 0.0005/0.0005 | Train Loss 0.3758 | Valid Loss 0.3370 | Train Acc 83.4273 | Valid Acc 90.1442
2026-07-13 09:25:32 | TestSub: S3 | Epoch 94/100 Finsh | Now_lr 0.0005/0.0005 | Train Loss 0.3742 | Valid Loss 0.3360 | Train Acc 83.3504 | Valid Acc 90.8654
2026-07-13 09:25:32 | TestSub: S3 | Epoch 95/100 Finsh | Now_lr 0.0005/0.0005 | Train Loss 0.3731 | Valid Loss 0.3335 | Train Acc 84.0164 | Valid Acc 90.6250
2026-07-13 09:25:33 | TestSub: S3 | Epoch 96/100 Finsh | Now_lr 0.0005/0.0005 | Train Loss 0.3680 | Valid Loss 0.3431 | Train Acc 83.6066 | Valid Acc 89.1827
2026-07-13 09:25:34 | TestSub: S3 | Epoch 97/100 Finsh | Now_lr 0.0005/0.0005 | Train Loss 0.3671 | Valid Loss 0.3382 | Train Acc 84.0164 | Valid Acc 90.1442
2026-07-13 09:25:35 | TestSub: S3 | Epoch 98/100 Finsh | Now_lr 0.0005/0.0005 | Train Loss 0.3585 | Valid Loss 0.3344 | Train Acc 84.8873 | Valid Acc 90.8654
2026-07-13 09:25:36 | TestSub: S3 | Epoch 99/100 Finsh | Now_lr 0.0005/0.0005 | Train Loss 0.3664 | Valid Loss 0.3392 | Train Acc 84.7592 | Valid Acc 90.6250
2026-07-13 09:25:37 | TestSub: S3 | Epoch 100/100 Finsh | Now_lr 0.0005/0.0005 | Train Loss 0.3701 | Valid Loss 0.3364 | Train Acc 84.3750 | Valid Acc 89.4231
2026-07-13 09:25:37 | --------------------------------------------------
2026-07-13 09:25:37 | Test_Subject :S3 | Best epoch:91 | Test Loss:0.4666 | Savemodel Acc 78.3333
2026-07-13 09:25:37 | --------------------------------------------------
2026-07-13 09:25:37 | Best epoch: 91 | Test acc: 78.3333
----------------------------------------------
2026-07-13 09:25:36 | Best epoch: 91 | Test acc: 78.3333
