2026-07-13 09:44:03 | Logging started: ./writer/Subject_dependent_AAD/AVED/0.1s/result//Train0.1s_sub6.log
2026-07-13 09:44:06 | Sub_id: 6
2026-07-13 09:44:16 | TestSub: S6 | Epoch  1/100 Finsh | Now_lr 0.0005/0.0005 | Train Loss 0.6973 | Valid Loss 0.6924 | Train Acc 50.7122 | Valid Acc 51.8319
2026-07-13 09:44:16 | Validation loss decreased (inf --> 0.692392) in epoch (1). Saving model ...
2026-07-13 09:44:25 | TestSub: S6 | Epoch  2/100 Finsh | Now_lr 0.0005/0.0005 | Train Loss 0.6923 | Valid Loss 0.6908 | Train Acc 51.7054 | Valid Acc 53.0388
2026-07-13 09:44:25 | Validation loss decreased (0.692392 --> 0.690772) in epoch (2). Saving model ...
2026-07-13 09:44:34 | TestSub: S6 | Epoch  3/100 Finsh | Now_lr 0.0005/0.0005 | Train Loss 0.6907 | Valid Loss 0.6885 | Train Acc 52.7963 | Valid Acc 54.7198
2026-07-13 09:44:34 | Validation loss decreased (0.690772 --> 0.688523) in epoch (3). Saving model ...
2026-07-13 09:44:43 | TestSub: S6 | Epoch  4/100 Finsh | Now_lr 0.0005/0.0005 | Train Loss 0.6877 | Valid Loss 0.6857 | Train Acc 54.2183 | Valid Acc 55.4310
2026-07-13 09:44:43 | Validation loss decreased (0.688523 --> 0.685696) in epoch (4). Saving model ...
2026-07-13 09:44:52 | TestSub: S6 | Epoch  5/100 Finsh | Now_lr 0.0005/0.0005 | Train Loss 0.6873 | Valid Loss 0.6840 | Train Acc 54.0658 | Valid Acc 56.7672
2026-07-13 09:44:52 | Validation loss decreased (0.685696 --> 0.684046) in epoch (5). Saving model ...
2026-07-13 09:45:01 | TestSub: S6 | Epoch  6/100 Finsh | Now_lr 0.0005/0.0005 | Train Loss 0.6863 | Valid Loss 0.6829 | Train Acc 54.5541 | Valid Acc 56.5733
2026-07-13 09:45:01 | Validation loss decreased (0.684046 --> 0.682940) in epoch (6). Saving model ...
2026-07-13 09:45:10 | TestSub: S6 | Epoch  7/100 Finsh | Now_lr 0.0005/0.0005 | Train Loss 0.6839 | Valid Loss 0.6813 | Train Acc 55.3282 | Valid Acc 57.0043
2026-07-13 09:45:10 | Validation loss decreased (0.682940 --> 0.681276) in epoch (7). Saving model ...
2026-07-13 09:45:19 | TestSub: S6 | Epoch  8/100 Finsh | Now_lr 0.0005/0.0005 | Train Loss 0.6833 | Valid Loss 0.6794 | Train Acc 55.8213 | Valid Acc 57.9741
2026-07-13 09:45:19 | Validation loss decreased (0.681276 --> 0.679426) in epoch (8). Saving model ...
2026-07-13 09:45:28 | TestSub: S6 | Epoch  9/100 Finsh | Now_lr 0.0005/0.0005 | Train Loss 0.6812 | Valid Loss 0.6780 | Train Acc 56.3143 | Valid Acc 58.0603
2026-07-13 09:45:28 | Validation loss decreased (0.679426 --> 0.678019) in epoch (9). Saving model ...
2026-07-13 09:45:37 | TestSub: S6 | Epoch 10/100 Finsh | Now_lr 0.0005/0.0005 | Train Loss 0.6803 | Valid Loss 0.6778 | Train Acc 56.4215 | Valid Acc 57.5216
2026-07-13 09:45:37 | Validation loss decreased (0.678019 --> 0.677817) in epoch (10). Saving model ...
2026-07-13 09:45:46 | TestSub: S6 | Epoch 11/100 Finsh | Now_lr 0.0005/0.0005 | Train Loss 0.6808 | Valid Loss 0.6772 | Train Acc 56.2714 | Valid Acc 57.3060
2026-07-13 09:45:46 | Validation loss decreased (0.677817 --> 0.677175) in epoch (11). Saving model ...
2026-07-13 09:45:55 | TestSub: S6 | Epoch 12/100 Finsh | Now_lr 0.0005/0.0005 | Train Loss 0.6794 | Valid Loss 0.6763 | Train Acc 56.8574 | Valid Acc 58.0388
2026-07-13 09:45:55 | Validation loss decreased (0.677175 --> 0.676296) in epoch (12). Saving model ...
2026-07-13 09:46:04 | TestSub: S6 | Epoch 13/100 Finsh | Now_lr 0.0005/0.0005 | Train Loss 0.6788 | Valid Loss 0.6747 | Train Acc 56.6359 | Valid Acc 58.2543
2026-07-13 09:46:04 | Validation loss decreased (0.676296 --> 0.674660) in epoch (13). Saving model ...
2026-07-13 09:46:13 | TestSub: S6 | Epoch 14/100 Finsh | Now_lr 0.0005/0.0005 | Train Loss 0.6773 | Valid Loss 0.6737 | Train Acc 56.8478 | Valid Acc 58.4483
2026-07-13 09:46:13 | Validation loss decreased (0.674660 --> 0.673721) in epoch (14). Saving model ...
2026-07-13 09:46:21 | TestSub: S6 | Epoch 15/100 Finsh | Now_lr 0.0005/0.0005 | Train Loss 0.6758 | Valid Loss 0.6736 | Train Acc 57.4243 | Valid Acc 58.5129
2026-07-13 09:46:21 | Validation loss decreased (0.673721 --> 0.673603) in epoch (15). Saving model ...
2026-07-13 09:46:30 | TestSub: S6 | Epoch 16/100 Finsh | Now_lr 0.0005/0.0005 | Train Loss 0.6748 | Valid Loss 0.6731 | Train Acc 57.6648 | Valid Acc 58.7716
2026-07-13 09:46:30 | Validation loss decreased (0.673603 --> 0.673128) in epoch (16). Saving model ...
2026-07-13 09:46:39 | TestSub: S6 | Epoch 17/100 Finsh | Now_lr 0.0005/0.0005 | Train Loss 0.6759 | Valid Loss 0.6730 | Train Acc 57.1789 | Valid Acc 58.1250
2026-07-13 09:46:39 | Validation loss decreased (0.673128 --> 0.673006) in epoch (17). Saving model ...
2026-07-13 09:46:48 | TestSub: S6 | Epoch 18/100 Finsh | Now_lr 0.0005/0.0005 | Train Loss 0.6741 | Valid Loss 0.6725 | Train Acc 58.0078 | Valid Acc 58.4698
2026-07-13 09:46:48 | Validation loss decreased (0.673006 --> 0.672509) in epoch (18). Saving model ...
2026-07-13 09:46:57 | TestSub: S6 | Epoch 19/100 Finsh | Now_lr 0.0005/0.0005 | Train Loss 0.6737 | Valid Loss 0.6725 | Train Acc 57.7172 | Valid Acc 58.4052
2026-07-13 09:46:57 | Validation loss decreased (0.672509 --> 0.672498) in epoch (19). Saving model ...
2026-07-13 09:47:06 | TestSub: S6 | Epoch 20/100 Finsh | Now_lr 0.0005/0.0005 | Train Loss 0.6727 | Valid Loss 0.6710 | Train Acc 58.2103 | Valid Acc 58.8578
2026-07-13 09:47:06 | Validation loss decreased (0.672498 --> 0.670961) in epoch (20). Saving model ...
2026-07-13 09:47:15 | TestSub: S6 | Epoch 21/100 Finsh | Now_lr 0.0005/0.0005 | Train Loss 0.6728 | Valid Loss 0.6710 | Train Acc 57.8411 | Valid Acc 58.8362
2026-07-13 09:47:24 | TestSub: S6 | Epoch 22/100 Finsh | Now_lr 0.0005/0.0005 | Train Loss 0.6736 | Valid Loss 0.6716 | Train Acc 57.6100 | Valid Acc 59.2888
2026-07-13 09:47:33 | TestSub: S6 | Epoch 23/100 Finsh | Now_lr 0.0005/0.0005 | Train Loss 0.6717 | Valid Loss 0.6711 | Train Acc 58.2817 | Valid Acc 59.3966
2026-07-13 09:47:42 | TestSub: S6 | Epoch 24/100 Finsh | Now_lr 0.0005/0.0005 | Train Loss 0.6719 | Valid Loss 0.6704 | Train Acc 57.8578 | Valid Acc 58.9009
2026-07-13 09:47:42 | Validation loss decreased (0.670961 --> 0.670394) in epoch (24). Saving model ...
2026-07-13 09:47:51 | TestSub: S6 | Epoch 25/100 Finsh | Now_lr 0.0005/0.0005 | Train Loss 0.6721 | Valid Loss 0.6701 | Train Acc 58.3270 | Valid Acc 59.4397
2026-07-13 09:47:51 | Validation loss decreased (0.670394 --> 0.670147) in epoch (25). Saving model ...
2026-07-13 09:48:00 | TestSub: S6 | Epoch 26/100 Finsh | Now_lr 0.0005/0.0005 | Train Loss 0.6703 | Valid Loss 0.6686 | Train Acc 58.8153 | Valid Acc 59.3750
2026-07-13 09:48:00 | Validation loss decreased (0.670147 --> 0.668612) in epoch (26). Saving model ...
2026-07-13 09:48:09 | TestSub: S6 | Epoch 27/100 Finsh | Now_lr 0.0005/0.0005 | Train Loss 0.6710 | Valid Loss 0.6693 | Train Acc 58.4103 | Valid Acc 59.5474
2026-07-13 09:48:18 | TestSub: S6 | Epoch 28/100 Finsh | Now_lr 0.0005/0.0005 | Train Loss 0.6710 | Valid Loss 0.6692 | Train Acc 58.2079 | Valid Acc 59.6336
2026-07-13 09:48:26 | TestSub: S6 | Epoch 29/100 Finsh | Now_lr 0.0005/0.0005 | Train Loss 0.6706 | Valid Loss 0.6688 | Train Acc 58.2960 | Valid Acc 58.9224
2026-07-13 09:48:35 | TestSub: S6 | Epoch 30/100 Finsh | Now_lr 0.0005/0.0005 | Train Loss 0.6697 | Valid Loss 0.6681 | Train Acc 58.5938 | Valid Acc 59.3319
2026-07-13 09:48:35 | Validation loss decreased (0.668612 --> 0.668142) in epoch (30). Saving model ...
2026-07-13 09:48:44 | TestSub: S6 | Epoch 31/100 Finsh | Now_lr 0.0005/0.0005 | Train Loss 0.6681 | Valid Loss 0.6684 | Train Acc 58.7962 | Valid Acc 59.6121
2026-07-13 09:48:53 | TestSub: S6 | Epoch 32/100 Finsh | Now_lr 0.0005/0.0005 | Train Loss 0.6699 | Valid Loss 0.6688 | Train Acc 58.5485 | Valid Acc 59.2457
2026-07-13 09:49:02 | TestSub: S6 | Epoch 33/100 Finsh | Now_lr 0.0005/0.0005 | Train Loss 0.6698 | Valid Loss 0.6689 | Train Acc 58.6319 | Valid Acc 59.2241
2026-07-13 09:49:11 | TestSub: S6 | Epoch 34/100 Finsh | Now_lr 0.0005/0.0005 | Train Loss 0.6701 | Valid Loss 0.6684 | Train Acc 58.2651 | Valid Acc 59.3966
2026-07-13 09:49:20 | TestSub: S6 | Epoch 35/100 Finsh | Now_lr 0.0005/0.0005 | Train Loss 0.6684 | Valid Loss 0.6676 | Train Acc 58.8534 | Valid Acc 59.3966
2026-07-13 09:49:20 | Validation loss decreased (0.668142 --> 0.667570) in epoch (35). Saving model ...
2026-07-13 09:49:29 | TestSub: S6 | Epoch 36/100 Finsh | Now_lr 0.0005/0.0005 | Train Loss 0.6697 | Valid Loss 0.6681 | Train Acc 58.7748 | Valid Acc 59.5905
2026-07-13 09:49:38 | TestSub: S6 | Epoch 37/100 Finsh | Now_lr 0.0005/0.0005 | Train Loss 0.6692 | Valid Loss 0.6681 | Train Acc 58.6128 | Valid Acc 59.6336
2026-07-13 09:49:47 | TestSub: S6 | Epoch 38/100 Finsh | Now_lr 0.0005/0.0005 | Train Loss 0.6678 | Valid Loss 0.6678 | Train Acc 58.6652 | Valid Acc 59.8276
2026-07-13 09:49:56 | TestSub: S6 | Epoch 39/100 Finsh | Now_lr 0.0005/0.0005 | Train Loss 0.6679 | Valid Loss 0.6669 | Train Acc 59.2678 | Valid Acc 59.8060
2026-07-13 09:49:56 | Validation loss decreased (0.667570 --> 0.666949) in epoch (39). Saving model ...
2026-07-13 09:50:05 | TestSub: S6 | Epoch 40/100 Finsh | Now_lr 0.0005/0.0005 | Train Loss 0.6676 | Valid Loss 0.6672 | Train Acc 58.8629 | Valid Acc 59.4181
2026-07-13 09:50:14 | TestSub: S6 | Epoch 41/100 Finsh | Now_lr 0.0005/0.0005 | Train Loss 0.6690 | Valid Loss 0.6672 | Train Acc 58.6533 | Valid Acc 59.3319
2026-07-13 09:50:23 | TestSub: S6 | Epoch 42/100 Finsh | Now_lr 0.0005/0.0005 | Train Loss 0.6691 | Valid Loss 0.6662 | Train Acc 58.7033 | Valid Acc 59.6336
2026-07-13 09:50:23 | Validation loss decreased (0.666949 --> 0.666244) in epoch (42). Saving model ...
2026-07-13 09:50:32 | TestSub: S6 | Epoch 43/100 Finsh | Now_lr 0.0005/0.0005 | Train Loss 0.6674 | Valid Loss 0.6669 | Train Acc 58.7938 | Valid Acc 59.5043
2026-07-13 09:50:41 | TestSub: S6 | Epoch 44/100 Finsh | Now_lr 0.0005/0.0005 | Train Loss 0.6686 | Valid Loss 0.6676 | Train Acc 58.7843 | Valid Acc 59.0733
2026-07-13 09:50:50 | TestSub: S6 | Epoch 45/100 Finsh | Now_lr 0.0005/0.0005 | Train Loss 0.6665 | Valid Loss 0.6673 | Train Acc 59.4727 | Valid Acc 60.1293
2026-07-13 09:50:59 | TestSub: S6 | Epoch 46/100 Finsh | Now_lr 0.0005/0.0005 | Train Loss 0.6691 | Valid Loss 0.6674 | Train Acc 58.8748 | Valid Acc 59.0948
2026-07-13 09:51:08 | TestSub: S6 | Epoch 47/100 Finsh | Now_lr 0.0005/0.0005 | Train Loss 0.6677 | Valid Loss 0.6670 | Train Acc 58.8081 | Valid Acc 59.4612
2026-07-13 09:51:17 | TestSub: S6 | Epoch 48/100 Finsh | Now_lr 0.0005/0.0005 | Train Loss 0.6676 | Valid Loss 0.6677 | Train Acc 58.8962 | Valid Acc 59.3319
2026-07-13 09:51:26 | TestSub: S6 | Epoch 49/100 Finsh | Now_lr 0.0005/0.0005 | Train Loss 0.6675 | Valid Loss 0.6673 | Train Acc 59.0153 | Valid Acc 59.1164
2026-07-13 09:51:35 | TestSub: S6 | Epoch 50/100 Finsh | Now_lr 0.0005/0.0005 | Train Loss 0.6669 | Valid Loss 0.6674 | Train Acc 59.0344 | Valid Acc 59.6552
2026-07-13 09:51:44 | TestSub: S6 | Epoch 51/100 Finsh | Now_lr 0.0005/0.0005 | Train Loss 0.6658 | Valid Loss 0.6675 | Train Acc 59.0987 | Valid Acc 59.9138
2026-07-13 09:51:53 | TestSub: S6 | Epoch 52/100 Finsh | Now_lr 0.0005/0.0005 | Train Loss 0.6670 | Valid Loss 0.6672 | Train Acc 59.1630 | Valid Acc 60.4095
2026-07-13 09:52:02 | TestSub: S6 | Epoch 53/100 Finsh | Now_lr 0.0005/0.0005 | Train Loss 0.6667 | Valid Loss 0.6668 | Train Acc 59.2845 | Valid Acc 60.2371
2026-07-13 09:52:11 | TestSub: S6 | Epoch 54/100 Finsh | Now_lr 0.0005/0.0005 | Train Loss 0.6661 | Valid Loss 0.6663 | Train Acc 58.9415 | Valid Acc 60.1078
2026-07-13 09:52:20 | TestSub: S6 | Epoch 55/100 Finsh | Now_lr 0.0005/0.0005 | Train Loss 0.6652 | Valid Loss 0.6650 | Train Acc 59.4417 | Valid Acc 60.3879
2026-07-13 09:52:20 | Validation loss decreased (0.666244 --> 0.665016) in epoch (55). Saving model ...
2026-07-13 09:52:29 | TestSub: S6 | Epoch 56/100 Finsh | Now_lr 0.0005/0.0005 | Train Loss 0.6662 | Valid Loss 0.6668 | Train Acc 59.4298 | Valid Acc 60.4095
2026-07-13 09:52:38 | TestSub: S6 | Epoch 57/100 Finsh | Now_lr 0.0005/0.0005 | Train Loss 0.6669 | Valid Loss 0.6670 | Train Acc 59.1487 | Valid Acc 60.0216
2026-07-13 09:52:47 | TestSub: S6 | Epoch 58/100 Finsh | Now_lr 0.0005/0.0005 | Train Loss 0.6659 | Valid Loss 0.6671 | Train Acc 59.2797 | Valid Acc 59.6121
2026-07-13 09:52:56 | TestSub: S6 | Epoch 59/100 Finsh | Now_lr 0.0005/0.0005 | Train Loss 0.6662 | Valid Loss 0.6668 | Train Acc 58.9987 | Valid Acc 59.8922
2026-07-13 09:53:05 | TestSub: S6 | Epoch 60/100 Finsh | Now_lr 0.0005/0.0005 | Train Loss 0.6653 | Valid Loss 0.6663 | Train Acc 59.3417 | Valid Acc 60.3233
2026-07-13 09:53:14 | TestSub: S6 | Epoch 61/100 Finsh | Now_lr 0.0005/0.0005 | Train Loss 0.6669 | Valid Loss 0.6665 | Train Acc 59.1678 | Valid Acc 59.8276
2026-07-13 09:53:23 | TestSub: S6 | Epoch 62/100 Finsh | Now_lr 0.0005/0.0005 | Train Loss 0.6667 | Valid Loss 0.6661 | Train Acc 59.0820 | Valid Acc 60.4095
2026-07-13 09:53:32 | TestSub: S6 | Epoch 63/100 Finsh | Now_lr 0.0005/0.0005 | Train Loss 0.6645 | Valid Loss 0.6657 | Train Acc 59.2511 | Valid Acc 60.4310
2026-07-13 09:53:41 | TestSub: S6 | Epoch 64/100 Finsh | Now_lr 0.0005/0.0005 | Train Loss 0.6661 | Valid Loss 0.6657 | Train Acc 59.1892 | Valid Acc 60.7112
2026-07-13 09:53:50 | TestSub: S6 | Epoch 65/100 Finsh | Now_lr 0.0005/0.0005 | Train Loss 0.6665 | Valid Loss 0.6664 | Train Acc 59.4727 | Valid Acc 59.7414
2026-07-13 09:53:59 | TestSub: S6 | Epoch 66/100 Finsh | Now_lr 0.0005/0.0005 | Train Loss 0.6651 | Valid Loss 0.6664 | Train Acc 59.2607 | Valid Acc 60.5603
2026-07-13 09:54:08 | TestSub: S6 | Epoch 67/100 Finsh | Now_lr 0.0005/0.0005 | Train Loss 0.6656 | Valid Loss 0.6666 | Train Acc 59.2440 | Valid Acc 60.0862
2026-07-13 09:54:17 | TestSub: S6 | Epoch 68/100 Finsh | Now_lr 0.0005/0.0005 | Train Loss 0.6646 | Valid Loss 0.6664 | Train Acc 59.5108 | Valid Acc 59.8922
2026-07-13 09:54:26 | TestSub: S6 | Epoch 69/100 Finsh | Now_lr 0.0005/0.0005 | Train Loss 0.6656 | Valid Loss 0.6665 | Train Acc 59.1916 | Valid Acc 59.8707
2026-07-13 09:54:35 | TestSub: S6 | Epoch 70/100 Finsh | Now_lr 0.0005/0.0005 | Train Loss 0.6644 | Valid Loss 0.6660 | Train Acc 59.5274 | Valid Acc 60.1078
2026-07-13 09:54:44 | TestSub: S6 | Epoch 71/100 Finsh | Now_lr 0.0005/0.0005 | Train Loss 0.6644 | Valid Loss 0.6663 | Train Acc 59.5131 | Valid Acc 60.4741
2026-07-13 09:54:53 | TestSub: S6 | Epoch 72/100 Finsh | Now_lr 0.0005/0.0005 | Train Loss 0.6634 | Valid Loss 0.6648 | Train Acc 59.5274 | Valid Acc 60.4957
2026-07-13 09:54:53 | Validation loss decreased (0.665016 --> 0.664801) in epoch (72). Saving model ...
2026-07-13 09:55:01 | TestSub: S6 | Epoch 73/100 Finsh | Now_lr 0.0005/0.0005 | Train Loss 0.6653 | Valid Loss 0.6657 | Train Acc 59.4083 | Valid Acc 60.3448
2026-07-13 09:55:10 | TestSub: S6 | Epoch 74/100 Finsh | Now_lr 0.0005/0.0005 | Train Loss 0.6638 | Valid Loss 0.6658 | Train Acc 59.8276 | Valid Acc 60.4957
2026-07-13 09:55:19 | TestSub: S6 | Epoch 75/100 Finsh | Now_lr 0.0005/0.0005 | Train Loss 0.6635 | Valid Loss 0.6675 | Train Acc 59.4226 | Valid Acc 59.7198
2026-07-13 09:55:28 | TestSub: S6 | Epoch 76/100 Finsh | Now_lr 0.0005/0.0005 | Train Loss 0.6650 | Valid Loss 0.6665 | Train Acc 59.2535 | Valid Acc 60.2586
2026-07-13 09:55:37 | TestSub: S6 | Epoch 77/100 Finsh | Now_lr 0.0005/0.0005 | Train Loss 0.6641 | Valid Loss 0.6653 | Train Acc 59.7704 | Valid Acc 60.6466
2026-07-13 09:55:46 | TestSub: S6 | Epoch 78/100 Finsh | Now_lr 0.0005/0.0005 | Train Loss 0.6646 | Valid Loss 0.6658 | Train Acc 59.3702 | Valid Acc 60.6034
2026-07-13 09:55:55 | TestSub: S6 | Epoch 79/100 Finsh | Now_lr 0.0005/0.0005 | Train Loss 0.6641 | Valid Loss 0.6654 | Train Acc 59.3917 | Valid Acc 60.3233
2026-07-13 09:56:04 | TestSub: S6 | Epoch 80/100 Finsh | Now_lr 0.0005/0.0005 | Train Loss 0.6628 | Valid Loss 0.6658 | Train Acc 59.8014 | Valid Acc 60.4310
2026-07-13 09:56:13 | TestSub: S6 | Epoch 81/100 Finsh | Now_lr 0.0005/0.0005 | Train Loss 0.6636 | Valid Loss 0.6666 | Train Acc 59.5727 | Valid Acc 59.9784
2026-07-13 09:56:21 | TestSub: S6 | Epoch 82/100 Finsh | Now_lr 0.0005/0.0005 | Train Loss 0.6633 | Valid Loss 0.6655 | Train Acc 59.5679 | Valid Acc 59.9138
2026-07-13 09:56:30 | TestSub: S6 | Epoch 83/100 Finsh | Now_lr 0.0005/0.0005 | Train Loss 0.6646 | Valid Loss 0.6647 | Train Acc 59.2392 | Valid Acc 60.6034
2026-07-13 09:56:30 | Validation loss decreased (0.664801 --> 0.664688) in epoch (83). Saving model ...
2026-07-13 09:56:39 | TestSub: S6 | Epoch 84/100 Finsh | Now_lr 0.0005/0.0005 | Train Loss 0.6633 | Valid Loss 0.6648 | Train Acc 59.7561 | Valid Acc 60.6250
2026-07-13 09:56:48 | TestSub: S6 | Epoch 85/100 Finsh | Now_lr 0.0005/0.0005 | Train Loss 0.6621 | Valid Loss 0.6663 | Train Acc 59.6513 | Valid Acc 59.9569
2026-07-13 09:56:57 | TestSub: S6 | Epoch 86/100 Finsh | Now_lr 0.0005/0.0005 | Train Loss 0.6640 | Valid Loss 0.6646 | Train Acc 59.5775 | Valid Acc 60.4741
2026-07-13 09:56:57 | Validation loss decreased (0.664688 --> 0.664631) in epoch (86). Saving model ...
2026-07-13 09:57:06 | TestSub: S6 | Epoch 87/100 Finsh | Now_lr 0.0005/0.0005 | Train Loss 0.6636 | Valid Loss 0.6645 | Train Acc 59.8871 | Valid Acc 60.8836
2026-07-13 09:57:06 | Validation loss decreased (0.664631 --> 0.664501) in epoch (87). Saving model ...
2026-07-13 09:57:15 | TestSub: S6 | Epoch 88/100 Finsh | Now_lr 0.0005/0.0005 | Train Loss 0.6637 | Valid Loss 0.6648 | Train Acc 59.6251 | Valid Acc 60.5603
2026-07-13 09:57:24 | TestSub: S6 | Epoch 89/100 Finsh | Now_lr 0.0005/0.0005 | Train Loss 0.6628 | Valid Loss 0.6654 | Train Acc 59.7442 | Valid Acc 59.9569
2026-07-13 09:57:33 | TestSub: S6 | Epoch 90/100 Finsh | Now_lr 0.0005/0.0005 | Train Loss 0.6645 | Valid Loss 0.6665 | Train Acc 59.5584 | Valid Acc 59.8491
2026-07-13 09:57:42 | TestSub: S6 | Epoch 91/100 Finsh | Now_lr 0.0005/0.0005 | Train Loss 0.6624 | Valid Loss 0.6660 | Train Acc 59.8037 | Valid Acc 59.8707
2026-07-13 09:57:51 | TestSub: S6 | Epoch 92/100 Finsh | Now_lr 0.0005/0.0005 | Train Loss 0.6621 | Valid Loss 0.6660 | Train Acc 59.9586 | Valid Acc 60.0216
2026-07-13 09:57:59 | TestSub: S6 | Epoch 93/100 Finsh | Now_lr 0.0005/0.0005 | Train Loss 0.6618 | Valid Loss 0.6660 | Train Acc 59.9252 | Valid Acc 60.2371
2026-07-13 09:58:08 | TestSub: S6 | Epoch 94/100 Finsh | Now_lr 0.0005/0.0005 | Train Loss 0.6636 | Valid Loss 0.6662 | Train Acc 59.5465 | Valid Acc 60.1940
2026-07-13 09:58:17 | TestSub: S6 | Epoch 95/100 Finsh | Now_lr 0.0005/0.0005 | Train Loss 0.6634 | Valid Loss 0.6664 | Train Acc 59.5060 | Valid Acc 59.8276
2026-07-13 09:58:26 | TestSub: S6 | Epoch 96/100 Finsh | Now_lr 0.0005/0.0005 | Train Loss 0.6645 | Valid Loss 0.6660 | Train Acc 59.5679 | Valid Acc 59.9138
2026-07-13 09:58:35 | TestSub: S6 | Epoch 97/100 Finsh | Now_lr 0.0005/0.0005 | Train Loss 0.6617 | Valid Loss 0.6659 | Train Acc 59.6632 | Valid Acc 59.8707
2026-07-13 09:58:44 | TestSub: S6 | Epoch 98/100 Finsh | Now_lr 0.0005/0.0005 | Train Loss 0.6630 | Valid Loss 0.6655 | Train Acc 59.7037 | Valid Acc 60.3448
2026-07-13 09:58:53 | TestSub: S6 | Epoch 99/100 Finsh | Now_lr 0.0005/0.0005 | Train Loss 0.6631 | Valid Loss 0.6654 | Train Acc 59.7323 | Valid Acc 60.2155
2026-07-13 09:59:01 | TestSub: S6 | Epoch 100/100 Finsh | Now_lr 0.0005/0.0005 | Train Loss 0.6634 | Valid Loss 0.6664 | Train Acc 59.5965 | Valid Acc 59.8491
2026-07-13 09:59:02 | --------------------------------------------------
2026-07-13 09:59:02 | Test_Subject :S6 | Best epoch:87 | Test Loss:0.6768 | Savemodel Acc 57.8704
2026-07-13 09:59:02 | --------------------------------------------------
2026-07-13 09:59:02 | Best epoch: 87 | Test acc: 57.8704
