2026-07-13 10:10:24 | Logging started: ./writer/Subject_dependent_AAD/AVED/0.1s/result//Train0.1s_sub8.log
2026-07-13 10:10:27 | Sub_id: 8
2026-07-13 10:10:38 | TestSub: S8 | Epoch  1/100 Finsh | Now_lr 0.0005/0.0005 | Train Loss 0.6997 | Valid Loss 0.6920 | Train Acc 50.2572 | Valid Acc 51.6164
2026-07-13 10:10:38 | Validation loss decreased (inf --> 0.691968) in epoch (1). Saving model ...
2026-07-13 10:10:47 | TestSub: S8 | Epoch  2/100 Finsh | Now_lr 0.0005/0.0005 | Train Loss 0.6927 | Valid Loss 0.6919 | Train Acc 50.8146 | Valid Acc 52.4353
2026-07-13 10:10:47 | Validation loss decreased (0.691968 --> 0.691864) in epoch (2). Saving model ...
2026-07-13 10:10:56 | TestSub: S8 | Epoch  3/100 Finsh | Now_lr 0.0005/0.0005 | Train Loss 0.6922 | Valid Loss 0.6915 | Train Acc 51.5268 | Valid Acc 51.8966
2026-07-13 10:10:56 | Validation loss decreased (0.691864 --> 0.691495) in epoch (3). Saving model ...
2026-07-13 10:11:05 | TestSub: S8 | Epoch  4/100 Finsh | Now_lr 0.0005/0.0005 | Train Loss 0.6918 | Valid Loss 0.6908 | Train Acc 52.2604 | Valid Acc 52.0043
2026-07-13 10:11:05 | Validation loss decreased (0.691495 --> 0.690821) in epoch (4). Saving model ...
2026-07-13 10:11:13 | TestSub: S8 | Epoch  5/100 Finsh | Now_lr 0.0005/0.0005 | Train Loss 0.6905 | Valid Loss 0.6897 | Train Acc 52.5391 | Valid Acc 53.5776
2026-07-13 10:11:13 | Validation loss decreased (0.690821 --> 0.689727) in epoch (5). Saving model ...
2026-07-13 10:11:22 | TestSub: S8 | Epoch  6/100 Finsh | Now_lr 0.0005/0.0005 | Train Loss 0.6900 | Valid Loss 0.6885 | Train Acc 52.8844 | Valid Acc 54.8060
2026-07-13 10:11:22 | Validation loss decreased (0.689727 --> 0.688456) in epoch (6). Saving model ...
2026-07-13 10:11:31 | TestSub: S8 | Epoch  7/100 Finsh | Now_lr 0.0005/0.0005 | Train Loss 0.6892 | Valid Loss 0.6873 | Train Acc 53.3513 | Valid Acc 55.3448
2026-07-13 10:11:31 | Validation loss decreased (0.688456 --> 0.687264) in epoch (7). Saving model ...
2026-07-13 10:11:40 | TestSub: S8 | Epoch  8/100 Finsh | Now_lr 0.0005/0.0005 | Train Loss 0.6877 | Valid Loss 0.6864 | Train Acc 54.0444 | Valid Acc 54.8707
2026-07-13 10:11:40 | Validation loss decreased (0.687264 --> 0.686361) in epoch (8). Saving model ...
2026-07-13 10:11:49 | TestSub: S8 | Epoch  9/100 Finsh | Now_lr 0.0005/0.0005 | Train Loss 0.6868 | Valid Loss 0.6849 | Train Acc 54.3493 | Valid Acc 55.6681
2026-07-13 10:11:49 | Validation loss decreased (0.686361 --> 0.684940) in epoch (9). Saving model ...
2026-07-13 10:11:58 | TestSub: S8 | Epoch 10/100 Finsh | Now_lr 0.0005/0.0005 | Train Loss 0.6860 | Valid Loss 0.6848 | Train Acc 54.3231 | Valid Acc 55.4526
2026-07-13 10:11:58 | Validation loss decreased (0.684940 --> 0.684826) in epoch (10). Saving model ...
2026-07-13 10:12:06 | TestSub: S8 | Epoch 11/100 Finsh | Now_lr 0.0005/0.0005 | Train Loss 0.6850 | Valid Loss 0.6847 | Train Acc 54.7709 | Valid Acc 56.1638
2026-07-13 10:12:06 | Validation loss decreased (0.684826 --> 0.684720) in epoch (11). Saving model ...
2026-07-13 10:12:15 | TestSub: S8 | Epoch 12/100 Finsh | Now_lr 0.0005/0.0005 | Train Loss 0.6843 | Valid Loss 0.6844 | Train Acc 55.2091 | Valid Acc 55.8836
2026-07-13 10:12:15 | Validation loss decreased (0.684720 --> 0.684446) in epoch (12). Saving model ...
2026-07-13 10:12:24 | TestSub: S8 | Epoch 13/100 Finsh | Now_lr 0.0005/0.0005 | Train Loss 0.6844 | Valid Loss 0.6838 | Train Acc 55.3068 | Valid Acc 56.0560
2026-07-13 10:12:24 | Validation loss decreased (0.684446 --> 0.683839) in epoch (13). Saving model ...
2026-07-13 10:12:33 | TestSub: S8 | Epoch 14/100 Finsh | Now_lr 0.0005/0.0005 | Train Loss 0.6843 | Valid Loss 0.6834 | Train Acc 55.1663 | Valid Acc 56.3793
2026-07-13 10:12:33 | Validation loss decreased (0.683839 --> 0.683392) in epoch (14). Saving model ...
2026-07-13 10:12:42 | TestSub: S8 | Epoch 15/100 Finsh | Now_lr 0.0005/0.0005 | Train Loss 0.6828 | Valid Loss 0.6819 | Train Acc 55.1520 | Valid Acc 56.5086
2026-07-13 10:12:42 | Validation loss decreased (0.683392 --> 0.681942) in epoch (15). Saving model ...
2026-07-13 10:12:51 | TestSub: S8 | Epoch 16/100 Finsh | Now_lr 0.0005/0.0005 | Train Loss 0.6817 | Valid Loss 0.6824 | Train Acc 56.0428 | Valid Acc 56.8966
2026-07-13 10:13:00 | TestSub: S8 | Epoch 17/100 Finsh | Now_lr 0.0005/0.0005 | Train Loss 0.6822 | Valid Loss 0.6809 | Train Acc 55.4449 | Valid Acc 57.1552
2026-07-13 10:13:00 | Validation loss decreased (0.681942 --> 0.680885) in epoch (17). Saving model ...
2026-07-13 10:13:09 | TestSub: S8 | Epoch 18/100 Finsh | Now_lr 0.0005/0.0005 | Train Loss 0.6818 | Valid Loss 0.6799 | Train Acc 55.8975 | Valid Acc 57.1121
2026-07-13 10:13:09 | Validation loss decreased (0.680885 --> 0.679926) in epoch (18). Saving model ...
2026-07-13 10:13:18 | TestSub: S8 | Epoch 19/100 Finsh | Now_lr 0.0005/0.0005 | Train Loss 0.6822 | Valid Loss 0.6798 | Train Acc 55.7498 | Valid Acc 57.6078
2026-07-13 10:13:18 | Validation loss decreased (0.679926 --> 0.679801) in epoch (19). Saving model ...
2026-07-13 10:13:27 | TestSub: S8 | Epoch 20/100 Finsh | Now_lr 0.0005/0.0005 | Train Loss 0.6819 | Valid Loss 0.6799 | Train Acc 55.7951 | Valid Acc 57.1983
2026-07-13 10:13:36 | TestSub: S8 | Epoch 21/100 Finsh | Now_lr 0.0005/0.0005 | Train Loss 0.6804 | Valid Loss 0.6788 | Train Acc 55.9475 | Valid Acc 58.0819
2026-07-13 10:13:36 | Validation loss decreased (0.679801 --> 0.678838) in epoch (21). Saving model ...
2026-07-13 10:13:45 | TestSub: S8 | Epoch 22/100 Finsh | Now_lr 0.0005/0.0005 | Train Loss 0.6807 | Valid Loss 0.6777 | Train Acc 56.0094 | Valid Acc 58.3836
2026-07-13 10:13:45 | Validation loss decreased (0.678838 --> 0.677709) in epoch (22). Saving model ...
2026-07-13 10:13:54 | TestSub: S8 | Epoch 23/100 Finsh | Now_lr 0.0005/0.0005 | Train Loss 0.6788 | Valid Loss 0.6776 | Train Acc 56.8502 | Valid Acc 58.3621
2026-07-13 10:13:54 | Validation loss decreased (0.677709 --> 0.677596) in epoch (23). Saving model ...
2026-07-13 10:14:03 | TestSub: S8 | Epoch 24/100 Finsh | Now_lr 0.0005/0.0005 | Train Loss 0.6782 | Valid Loss 0.6781 | Train Acc 56.7716 | Valid Acc 58.2974
2026-07-13 10:14:12 | TestSub: S8 | Epoch 25/100 Finsh | Now_lr 0.0005/0.0005 | Train Loss 0.6784 | Valid Loss 0.6778 | Train Acc 56.4691 | Valid Acc 57.6509
2026-07-13 10:14:21 | TestSub: S8 | Epoch 26/100 Finsh | Now_lr 0.0005/0.0005 | Train Loss 0.6776 | Valid Loss 0.6776 | Train Acc 56.8216 | Valid Acc 57.5431
2026-07-13 10:14:30 | TestSub: S8 | Epoch 27/100 Finsh | Now_lr 0.0005/0.0005 | Train Loss 0.6790 | Valid Loss 0.6781 | Train Acc 56.5454 | Valid Acc 57.7802
2026-07-13 10:14:39 | TestSub: S8 | Epoch 28/100 Finsh | Now_lr 0.0005/0.0005 | Train Loss 0.6773 | Valid Loss 0.6763 | Train Acc 56.8359 | Valid Acc 58.5129
2026-07-13 10:14:39 | Validation loss decreased (0.677596 --> 0.676299) in epoch (28). Saving model ...
2026-07-13 10:14:47 | TestSub: S8 | Epoch 29/100 Finsh | Now_lr 0.0005/0.0005 | Train Loss 0.6764 | Valid Loss 0.6765 | Train Acc 57.4576 | Valid Acc 58.2328
2026-07-13 10:14:56 | TestSub: S8 | Epoch 30/100 Finsh | Now_lr 0.0005/0.0005 | Train Loss 0.6767 | Valid Loss 0.6756 | Train Acc 56.9336 | Valid Acc 59.1595
2026-07-13 10:14:56 | Validation loss decreased (0.676299 --> 0.675566) in epoch (30). Saving model ...
2026-07-13 10:15:05 | TestSub: S8 | Epoch 31/100 Finsh | Now_lr 0.0005/0.0005 | Train Loss 0.6775 | Valid Loss 0.6758 | Train Acc 56.9622 | Valid Acc 58.3836
2026-07-13 10:15:14 | TestSub: S8 | Epoch 32/100 Finsh | Now_lr 0.0005/0.0005 | Train Loss 0.6773 | Valid Loss 0.6760 | Train Acc 56.7621 | Valid Acc 59.3103
2026-07-13 10:15:23 | TestSub: S8 | Epoch 33/100 Finsh | Now_lr 0.0005/0.0005 | Train Loss 0.6757 | Valid Loss 0.6761 | Train Acc 57.1599 | Valid Acc 58.3405
2026-07-13 10:15:32 | TestSub: S8 | Epoch 34/100 Finsh | Now_lr 0.0005/0.0005 | Train Loss 0.6759 | Valid Loss 0.6763 | Train Acc 57.2623 | Valid Acc 58.1897
2026-07-13 10:15:41 | TestSub: S8 | Epoch 35/100 Finsh | Now_lr 0.0005/0.0005 | Train Loss 0.6777 | Valid Loss 0.6768 | Train Acc 56.9908 | Valid Acc 58.8793
2026-07-13 10:15:50 | TestSub: S8 | Epoch 36/100 Finsh | Now_lr 0.0005/0.0005 | Train Loss 0.6753 | Valid Loss 0.6752 | Train Acc 57.4719 | Valid Acc 58.9224
2026-07-13 10:15:50 | Validation loss decreased (0.675566 --> 0.675151) in epoch (36). Saving model ...
2026-07-13 10:15:58 | TestSub: S8 | Epoch 37/100 Finsh | Now_lr 0.0005/0.0005 | Train Loss 0.6752 | Valid Loss 0.6759 | Train Acc 57.4362 | Valid Acc 58.1250
2026-07-13 10:16:07 | TestSub: S8 | Epoch 38/100 Finsh | Now_lr 0.0005/0.0005 | Train Loss 0.6761 | Valid Loss 0.6756 | Train Acc 57.0765 | Valid Acc 58.5991
2026-07-13 10:16:16 | TestSub: S8 | Epoch 39/100 Finsh | Now_lr 0.0005/0.0005 | Train Loss 0.6757 | Valid Loss 0.6761 | Train Acc 57.3623 | Valid Acc 58.7500
2026-07-13 10:16:25 | TestSub: S8 | Epoch 40/100 Finsh | Now_lr 0.0005/0.0005 | Train Loss 0.6757 | Valid Loss 0.6749 | Train Acc 56.9931 | Valid Acc 59.3750
2026-07-13 10:16:25 | Validation loss decreased (0.675151 --> 0.674936) in epoch (40). Saving model ...
2026-07-13 10:16:34 | TestSub: S8 | Epoch 41/100 Finsh | Now_lr 0.0005/0.0005 | Train Loss 0.6756 | Valid Loss 0.6757 | Train Acc 57.3838 | Valid Acc 58.5129
2026-07-13 10:16:43 | TestSub: S8 | Epoch 42/100 Finsh | Now_lr 0.0005/0.0005 | Train Loss 0.6745 | Valid Loss 0.6751 | Train Acc 57.2766 | Valid Acc 58.4267
2026-07-13 10:16:51 | TestSub: S8 | Epoch 43/100 Finsh | Now_lr 0.0005/0.0005 | Train Loss 0.6740 | Valid Loss 0.6741 | Train Acc 57.7649 | Valid Acc 59.5043
2026-07-13 10:16:51 | Validation loss decreased (0.674936 --> 0.674095) in epoch (43). Saving model ...
2026-07-13 10:17:00 | TestSub: S8 | Epoch 44/100 Finsh | Now_lr 0.0005/0.0005 | Train Loss 0.6747 | Valid Loss 0.6744 | Train Acc 57.4719 | Valid Acc 59.3966
2026-07-13 10:17:09 | TestSub: S8 | Epoch 45/100 Finsh | Now_lr 0.0005/0.0005 | Train Loss 0.6738 | Valid Loss 0.6743 | Train Acc 57.5624 | Valid Acc 59.9138
2026-07-13 10:17:18 | TestSub: S8 | Epoch 46/100 Finsh | Now_lr 0.0005/0.0005 | Train Loss 0.6736 | Valid Loss 0.6749 | Train Acc 57.7077 | Valid Acc 58.4698
2026-07-13 10:17:27 | TestSub: S8 | Epoch 47/100 Finsh | Now_lr 0.0005/0.0005 | Train Loss 0.6717 | Valid Loss 0.6743 | Train Acc 58.0674 | Valid Acc 59.3750
2026-07-13 10:17:36 | TestSub: S8 | Epoch 48/100 Finsh | Now_lr 0.0005/0.0005 | Train Loss 0.6738 | Valid Loss 0.6737 | Train Acc 57.5148 | Valid Acc 59.0948
2026-07-13 10:17:36 | Validation loss decreased (0.674095 --> 0.673738) in epoch (48). Saving model ...
2026-07-13 10:17:45 | TestSub: S8 | Epoch 49/100 Finsh | Now_lr 0.0005/0.0005 | Train Loss 0.6742 | Valid Loss 0.6739 | Train Acc 57.5433 | Valid Acc 58.9655
2026-07-13 10:17:54 | TestSub: S8 | Epoch 50/100 Finsh | Now_lr 0.0005/0.0005 | Train Loss 0.6726 | Valid Loss 0.6744 | Train Acc 58.0531 | Valid Acc 58.0819
2026-07-13 10:18:02 | TestSub: S8 | Epoch 51/100 Finsh | Now_lr 0.0005/0.0005 | Train Loss 0.6736 | Valid Loss 0.6738 | Train Acc 57.7053 | Valid Acc 59.2888
2026-07-13 10:18:11 | TestSub: S8 | Epoch 52/100 Finsh | Now_lr 0.0005/0.0005 | Train Loss 0.6722 | Valid Loss 0.6741 | Train Acc 57.7696 | Valid Acc 58.9224
2026-07-13 10:18:20 | TestSub: S8 | Epoch 53/100 Finsh | Now_lr 0.0005/0.0005 | Train Loss 0.6718 | Valid Loss 0.6738 | Train Acc 58.2436 | Valid Acc 58.2543
2026-07-13 10:18:29 | TestSub: S8 | Epoch 54/100 Finsh | Now_lr 0.0005/0.0005 | Train Loss 0.6736 | Valid Loss 0.6745 | Train Acc 57.8363 | Valid Acc 58.6638
2026-07-13 10:18:38 | TestSub: S8 | Epoch 55/100 Finsh | Now_lr 0.0005/0.0005 | Train Loss 0.6715 | Valid Loss 0.6732 | Train Acc 58.1102 | Valid Acc 58.9655
2026-07-13 10:18:38 | Validation loss decreased (0.673738 --> 0.673191) in epoch (55). Saving model ...
2026-07-13 10:18:47 | TestSub: S8 | Epoch 56/100 Finsh | Now_lr 0.0005/0.0005 | Train Loss 0.6734 | Valid Loss 0.6737 | Train Acc 57.9554 | Valid Acc 59.0517
2026-07-13 10:18:56 | TestSub: S8 | Epoch 57/100 Finsh | Now_lr 0.0005/0.0005 | Train Loss 0.6722 | Valid Loss 0.6738 | Train Acc 57.8673 | Valid Acc 59.5259
2026-07-13 10:19:04 | TestSub: S8 | Epoch 58/100 Finsh | Now_lr 0.0005/0.0005 | Train Loss 0.6722 | Valid Loss 0.6738 | Train Acc 57.8840 | Valid Acc 59.4397
2026-07-13 10:19:13 | TestSub: S8 | Epoch 59/100 Finsh | Now_lr 0.0005/0.0005 | Train Loss 0.6717 | Valid Loss 0.6740 | Train Acc 57.9697 | Valid Acc 59.0302
2026-07-13 10:19:22 | TestSub: S8 | Epoch 60/100 Finsh | Now_lr 0.0005/0.0005 | Train Loss 0.6714 | Valid Loss 0.6735 | Train Acc 57.8006 | Valid Acc 59.0086
2026-07-13 10:19:31 | TestSub: S8 | Epoch 61/100 Finsh | Now_lr 0.0005/0.0005 | Train Loss 0.6729 | Valid Loss 0.6736 | Train Acc 57.7315 | Valid Acc 58.5560
2026-07-13 10:19:40 | TestSub: S8 | Epoch 62/100 Finsh | Now_lr 0.0005/0.0005 | Train Loss 0.6723 | Valid Loss 0.6740 | Train Acc 57.8006 | Valid Acc 58.5560
2026-07-13 10:19:49 | TestSub: S8 | Epoch 63/100 Finsh | Now_lr 0.0005/0.0005 | Train Loss 0.6716 | Valid Loss 0.6732 | Train Acc 58.1007 | Valid Acc 58.4267
2026-07-13 10:19:57 | TestSub: S8 | Epoch 64/100 Finsh | Now_lr 0.0005/0.0005 | Train Loss 0.6710 | Valid Loss 0.6728 | Train Acc 58.3413 | Valid Acc 58.5129
2026-07-13 10:19:57 | Validation loss decreased (0.673191 --> 0.672790) in epoch (64). Saving model ...
2026-07-13 10:20:06 | TestSub: S8 | Epoch 65/100 Finsh | Now_lr 0.0005/0.0005 | Train Loss 0.6706 | Valid Loss 0.6738 | Train Acc 58.1102 | Valid Acc 58.9009
2026-07-13 10:20:15 | TestSub: S8 | Epoch 66/100 Finsh | Now_lr 0.0005/0.0005 | Train Loss 0.6717 | Valid Loss 0.6734 | Train Acc 57.9721 | Valid Acc 58.7716
2026-07-13 10:20:24 | TestSub: S8 | Epoch 67/100 Finsh | Now_lr 0.0005/0.0005 | Train Loss 0.6706 | Valid Loss 0.6733 | Train Acc 58.4675 | Valid Acc 59.0086
2026-07-13 10:20:33 | TestSub: S8 | Epoch 68/100 Finsh | Now_lr 0.0005/0.0005 | Train Loss 0.6701 | Valid Loss 0.6729 | Train Acc 58.3746 | Valid Acc 59.2888
2026-07-13 10:20:42 | TestSub: S8 | Epoch 69/100 Finsh | Now_lr 0.0005/0.0005 | Train Loss 0.6700 | Valid Loss 0.6731 | Train Acc 58.2531 | Valid Acc 59.2026
2026-07-13 10:20:51 | TestSub: S8 | Epoch 70/100 Finsh | Now_lr 0.0005/0.0005 | Train Loss 0.6717 | Valid Loss 0.6733 | Train Acc 58.1745 | Valid Acc 59.1164
2026-07-13 10:21:00 | TestSub: S8 | Epoch 71/100 Finsh | Now_lr 0.0005/0.0005 | Train Loss 0.6709 | Valid Loss 0.6736 | Train Acc 58.3508 | Valid Acc 58.8793
2026-07-13 10:21:09 | TestSub: S8 | Epoch 72/100 Finsh | Now_lr 0.0005/0.0005 | Train Loss 0.6715 | Valid Loss 0.6732 | Train Acc 58.2746 | Valid Acc 58.8362
2026-07-13 10:21:17 | TestSub: S8 | Epoch 73/100 Finsh | Now_lr 0.0005/0.0005 | Train Loss 0.6703 | Valid Loss 0.6731 | Train Acc 58.1150 | Valid Acc 58.9224
2026-07-13 10:21:26 | TestSub: S8 | Epoch 74/100 Finsh | Now_lr 0.0005/0.0005 | Train Loss 0.6731 | Valid Loss 0.6729 | Train Acc 57.8911 | Valid Acc 58.9655
2026-07-13 10:21:35 | TestSub: S8 | Epoch 75/100 Finsh | Now_lr 0.0005/0.0005 | Train Loss 0.6696 | Valid Loss 0.6727 | Train Acc 58.3055 | Valid Acc 58.7716
2026-07-13 10:21:35 | Validation loss decreased (0.672790 --> 0.672730) in epoch (75). Saving model ...
2026-07-13 10:21:44 | TestSub: S8 | Epoch 76/100 Finsh | Now_lr 0.0005/0.0005 | Train Loss 0.6706 | Valid Loss 0.6719 | Train Acc 58.0483 | Valid Acc 58.5776
2026-07-13 10:21:44 | Validation loss decreased (0.672730 --> 0.671878) in epoch (76). Saving model ...
2026-07-13 10:21:53 | TestSub: S8 | Epoch 77/100 Finsh | Now_lr 0.0005/0.0005 | Train Loss 0.6699 | Valid Loss 0.6727 | Train Acc 58.2555 | Valid Acc 58.6638
2026-07-13 10:22:02 | TestSub: S8 | Epoch 78/100 Finsh | Now_lr 0.0005/0.0005 | Train Loss 0.6715 | Valid Loss 0.6733 | Train Acc 58.1960 | Valid Acc 58.5776
2026-07-13 10:22:11 | TestSub: S8 | Epoch 79/100 Finsh | Now_lr 0.0005/0.0005 | Train Loss 0.6695 | Valid Loss 0.6737 | Train Acc 58.4985 | Valid Acc 58.9440
2026-07-13 10:22:20 | TestSub: S8 | Epoch 80/100 Finsh | Now_lr 0.0005/0.0005 | Train Loss 0.6701 | Valid Loss 0.6741 | Train Acc 58.2603 | Valid Acc 58.9224
2026-07-13 10:22:28 | TestSub: S8 | Epoch 81/100 Finsh | Now_lr 0.0005/0.0005 | Train Loss 0.6698 | Valid Loss 0.6732 | Train Acc 58.4008 | Valid Acc 58.8362
2026-07-13 10:22:37 | TestSub: S8 | Epoch 82/100 Finsh | Now_lr 0.0005/0.0005 | Train Loss 0.6707 | Valid Loss 0.6737 | Train Acc 58.3151 | Valid Acc 59.1164
2026-07-13 10:22:46 | TestSub: S8 | Epoch 83/100 Finsh | Now_lr 0.0005/0.0005 | Train Loss 0.6708 | Valid Loss 0.6732 | Train Acc 58.2460 | Valid Acc 58.6422
2026-07-13 10:22:55 | TestSub: S8 | Epoch 84/100 Finsh | Now_lr 0.0005/0.0005 | Train Loss 0.6702 | Valid Loss 0.6738 | Train Acc 58.3008 | Valid Acc 58.2974
2026-07-13 10:23:04 | TestSub: S8 | Epoch 85/100 Finsh | Now_lr 0.0005/0.0005 | Train Loss 0.6710 | Valid Loss 0.6740 | Train Acc 58.1674 | Valid Acc 58.4914
2026-07-13 10:23:13 | TestSub: S8 | Epoch 86/100 Finsh | Now_lr 0.0005/0.0005 | Train Loss 0.6700 | Valid Loss 0.6729 | Train Acc 58.3341 | Valid Acc 58.2112
2026-07-13 10:23:22 | TestSub: S8 | Epoch 87/100 Finsh | Now_lr 0.0005/0.0005 | Train Loss 0.6692 | Valid Loss 0.6737 | Train Acc 58.4651 | Valid Acc 58.7716
2026-07-13 10:23:30 | TestSub: S8 | Epoch 88/100 Finsh | Now_lr 0.0005/0.0005 | Train Loss 0.6699 | Valid Loss 0.6735 | Train Acc 58.5032 | Valid Acc 58.4267
2026-07-13 10:23:39 | TestSub: S8 | Epoch 89/100 Finsh | Now_lr 0.0005/0.0005 | Train Loss 0.6695 | Valid Loss 0.6733 | Train Acc 58.6604 | Valid Acc 58.5129
2026-07-13 10:23:48 | TestSub: S8 | Epoch 90/100 Finsh | Now_lr 0.0005/0.0005 | Train Loss 0.6685 | Valid Loss 0.6732 | Train Acc 58.7367 | Valid Acc 58.0603
2026-07-13 10:23:57 | TestSub: S8 | Epoch 91/100 Finsh | Now_lr 0.0005/0.0005 | Train Loss 0.6696 | Valid Loss 0.6737 | Train Acc 58.2579 | Valid Acc 58.9655
2026-07-13 10:24:06 | TestSub: S8 | Epoch 92/100 Finsh | Now_lr 0.0005/0.0005 | Train Loss 0.6702 | Valid Loss 0.6732 | Train Acc 58.3151 | Valid Acc 58.5129
2026-07-13 10:24:15 | TestSub: S8 | Epoch 93/100 Finsh | Now_lr 0.0005/0.0005 | Train Loss 0.6695 | Valid Loss 0.6744 | Train Acc 58.3484 | Valid Acc 58.7931
2026-07-13 10:24:24 | TestSub: S8 | Epoch 94/100 Finsh | Now_lr 0.0005/0.0005 | Train Loss 0.6681 | Valid Loss 0.6742 | Train Acc 58.6890 | Valid Acc 58.9871
2026-07-13 10:24:33 | TestSub: S8 | Epoch 95/100 Finsh | Now_lr 0.0005/0.0005 | Train Loss 0.6694 | Valid Loss 0.6750 | Train Acc 58.3008 | Valid Acc 58.9224
2026-07-13 10:24:42 | TestSub: S8 | Epoch 96/100 Finsh | Now_lr 0.0005/0.0005 | Train Loss 0.6695 | Valid Loss 0.6743 | Train Acc 58.1269 | Valid Acc 58.5345
2026-07-13 10:24:50 | TestSub: S8 | Epoch 97/100 Finsh | Now_lr 0.0005/0.0005 | Train Loss 0.6680 | Valid Loss 0.6747 | Train Acc 58.8034 | Valid Acc 58.5129
2026-07-13 10:24:50 | Early stopping at epoch 97!
2026-07-13 10:24:51 | --------------------------------------------------
2026-07-13 10:24:51 | Test_Subject :S8 | Best epoch:76 | Test Loss:0.6794 | Savemodel Acc 57.3110
2026-07-13 10:24:51 | --------------------------------------------------
2026-07-13 10:24:51 | Best epoch: 76 | Test acc: 57.3110
