2026-07-10 06:59:22 | Logging started: ./writer/Subject_dependent_AAD/KUL/3.0s/result//Train3.0s_sub4.log
2026-07-10 06:59:27 | Sub_id: 4
2026-07-10 06:59:31 | TestSub: S4 | Epoch  1/100 Finsh | Now_lr 0.0005/0.0005 | Train Loss 0.6822 | Valid Loss 0.6921 | Train Acc 57.3568 | Valid Acc 50.0000
2026-07-10 06:59:31 | Validation loss decreased (inf --> 0.692074) in epoch (1). Saving model ...
2026-07-10 06:59:32 | TestSub: S4 | Epoch  2/100 Finsh | Now_lr 0.0005/0.0005 | Train Loss 0.5156 | Valid Loss 0.3980 | Train Acc 76.8229 | Valid Acc 90.6250
2026-07-10 06:59:32 | Validation loss decreased (0.692074 --> 0.397970) in epoch (2). Saving model ...
2026-07-10 06:59:33 | TestSub: S4 | Epoch  3/100 Finsh | Now_lr 0.0005/0.0005 | Train Loss 0.3088 | Valid Loss 0.2345 | Train Acc 89.5833 | Valid Acc 93.1250
2026-07-10 06:59:33 | Validation loss decreased (0.397970 --> 0.234491) in epoch (3). Saving model ...
2026-07-10 06:59:34 | TestSub: S4 | Epoch  4/100 Finsh | Now_lr 0.0005/0.0005 | Train Loss 0.2216 | Valid Loss 0.1686 | Train Acc 92.3828 | Valid Acc 94.3750
2026-07-10 06:59:34 | Validation loss decreased (0.234491 --> 0.168572) in epoch (4). Saving model ...
2026-07-10 06:59:35 | TestSub: S4 | Epoch  5/100 Finsh | Now_lr 0.0005/0.0005 | Train Loss 0.1739 | Valid Loss 0.1324 | Train Acc 93.8151 | Valid Acc 96.2500
2026-07-10 06:59:35 | Validation loss decreased (0.168572 --> 0.132402) in epoch (5). Saving model ...
2026-07-10 06:59:36 | TestSub: S4 | Epoch  6/100 Finsh | Now_lr 0.0005/0.0005 | Train Loss 0.1399 | Valid Loss 0.1121 | Train Acc 95.7031 | Valid Acc 97.5000
2026-07-10 06:59:36 | Validation loss decreased (0.132402 --> 0.112121) in epoch (6). Saving model ...
2026-07-10 06:59:37 | TestSub: S4 | Epoch  7/100 Finsh | Now_lr 0.0005/0.0005 | Train Loss 0.1079 | Valid Loss 0.1015 | Train Acc 96.6146 | Valid Acc 98.1250
2026-07-10 06:59:37 | Validation loss decreased (0.112121 --> 0.101455) in epoch (7). Saving model ...
2026-07-10 06:59:38 | TestSub: S4 | Epoch  8/100 Finsh | Now_lr 0.0005/0.0005 | Train Loss 0.1055 | Valid Loss 0.0888 | Train Acc 96.8099 | Valid Acc 97.5000
2026-07-10 06:59:38 | Validation loss decreased (0.101455 --> 0.088837) in epoch (8). Saving model ...
2026-07-10 06:59:39 | TestSub: S4 | Epoch  9/100 Finsh | Now_lr 0.0005/0.0005 | Train Loss 0.1087 | Valid Loss 0.0888 | Train Acc 96.2240 | Valid Acc 98.7500
2026-07-10 06:59:39 | Validation loss decreased (0.088837 --> 0.088793) in epoch (9). Saving model ...
2026-07-10 06:59:40 | TestSub: S4 | Epoch 10/100 Finsh | Now_lr 0.0005/0.0005 | Train Loss 0.1022 | Valid Loss 0.0726 | Train Acc 96.2891 | Valid Acc 98.7500
2026-07-10 06:59:40 | Validation loss decreased (0.088793 --> 0.072604) in epoch (10). Saving model ...
2026-07-10 06:59:41 | TestSub: S4 | Epoch 11/100 Finsh | Now_lr 0.0005/0.0005 | Train Loss 0.0823 | Valid Loss 0.0703 | Train Acc 97.2656 | Valid Acc 98.1250
2026-07-10 06:59:41 | Validation loss decreased (0.072604 --> 0.070254) in epoch (11). Saving model ...
2026-07-10 06:59:42 | TestSub: S4 | Epoch 12/100 Finsh | Now_lr 0.0005/0.0005 | Train Loss 0.0900 | Valid Loss 0.0644 | Train Acc 97.0052 | Valid Acc 98.1250
2026-07-10 06:59:42 | Validation loss decreased (0.070254 --> 0.064396) in epoch (12). Saving model ...
2026-07-10 06:59:43 | TestSub: S4 | Epoch 13/100 Finsh | Now_lr 0.0005/0.0005 | Train Loss 0.0583 | Valid Loss 0.0592 | Train Acc 98.5677 | Valid Acc 98.1250
2026-07-10 06:59:43 | Validation loss decreased (0.064396 --> 0.059220) in epoch (13). Saving model ...
2026-07-10 06:59:44 | TestSub: S4 | Epoch 14/100 Finsh | Now_lr 0.0005/0.0005 | Train Loss 0.0706 | Valid Loss 0.0635 | Train Acc 97.5911 | Valid Acc 98.7500
2026-07-10 06:59:45 | TestSub: S4 | Epoch 15/100 Finsh | Now_lr 0.0005/0.0005 | Train Loss 0.0660 | Valid Loss 0.0567 | Train Acc 98.0469 | Valid Acc 98.1250
2026-07-10 06:59:45 | Validation loss decreased (0.059220 --> 0.056745) in epoch (15). Saving model ...
2026-07-10 06:59:46 | TestSub: S4 | Epoch 16/100 Finsh | Now_lr 0.0005/0.0005 | Train Loss 0.0570 | Valid Loss 0.0572 | Train Acc 98.3073 | Valid Acc 98.1250
2026-07-10 06:59:47 | TestSub: S4 | Epoch 17/100 Finsh | Now_lr 0.0005/0.0005 | Train Loss 0.0690 | Valid Loss 0.0570 | Train Acc 97.9167 | Valid Acc 98.1250
2026-07-10 06:59:48 | TestSub: S4 | Epoch 18/100 Finsh | Now_lr 0.0005/0.0005 | Train Loss 0.0639 | Valid Loss 0.0608 | Train Acc 98.0469 | Valid Acc 98.1250
2026-07-10 06:59:49 | TestSub: S4 | Epoch 19/100 Finsh | Now_lr 0.0005/0.0005 | Train Loss 0.0548 | Valid Loss 0.0493 | Train Acc 98.6328 | Valid Acc 97.5000
2026-07-10 06:59:49 | Validation loss decreased (0.056745 --> 0.049299) in epoch (19). Saving model ...
2026-07-10 06:59:50 | TestSub: S4 | Epoch 20/100 Finsh | Now_lr 0.0005/0.0005 | Train Loss 0.0627 | Valid Loss 0.0577 | Train Acc 97.6562 | Valid Acc 98.1250
2026-07-10 06:59:51 | TestSub: S4 | Epoch 21/100 Finsh | Now_lr 0.0005/0.0005 | Train Loss 0.0627 | Valid Loss 0.0497 | Train Acc 97.8516 | Valid Acc 98.1250
2026-07-10 06:59:52 | TestSub: S4 | Epoch 22/100 Finsh | Now_lr 0.0005/0.0005 | Train Loss 0.0561 | Valid Loss 0.0589 | Train Acc 98.1120 | Valid Acc 98.1250
2026-07-10 06:59:53 | TestSub: S4 | Epoch 23/100 Finsh | Now_lr 0.0005/0.0005 | Train Loss 0.0516 | Valid Loss 0.0500 | Train Acc 98.4375 | Valid Acc 98.1250
2026-07-10 06:59:54 | TestSub: S4 | Epoch 24/100 Finsh | Now_lr 0.0005/0.0005 | Train Loss 0.0493 | Valid Loss 0.0424 | Train Acc 98.3724 | Valid Acc 98.7500
2026-07-10 06:59:54 | Validation loss decreased (0.049299 --> 0.042371) in epoch (24). Saving model ...
2026-07-10 06:59:55 | TestSub: S4 | Epoch 25/100 Finsh | Now_lr 0.0005/0.0005 | Train Loss 0.0437 | Valid Loss 0.0431 | Train Acc 98.3073 | Valid Acc 98.1250
2026-07-10 06:59:56 | TestSub: S4 | Epoch 26/100 Finsh | Now_lr 0.0005/0.0005 | Train Loss 0.0428 | Valid Loss 0.0512 | Train Acc 98.6979 | Valid Acc 98.1250
2026-07-10 06:59:57 | TestSub: S4 | Epoch 27/100 Finsh | Now_lr 0.0005/0.0005 | Train Loss 0.0348 | Valid Loss 0.0438 | Train Acc 99.0885 | Valid Acc 98.1250
2026-07-10 06:59:58 | TestSub: S4 | Epoch 28/100 Finsh | Now_lr 0.0005/0.0005 | Train Loss 0.0475 | Valid Loss 0.0443 | Train Acc 97.9167 | Valid Acc 98.7500
2026-07-10 06:59:59 | TestSub: S4 | Epoch 29/100 Finsh | Now_lr 0.0005/0.0005 | Train Loss 0.0508 | Valid Loss 0.0386 | Train Acc 98.6979 | Valid Acc 98.1250
2026-07-10 06:59:59 | Validation loss decreased (0.042371 --> 0.038581) in epoch (29). Saving model ...
2026-07-10 07:00:00 | TestSub: S4 | Epoch 30/100 Finsh | Now_lr 0.0005/0.0005 | Train Loss 0.0416 | Valid Loss 0.0445 | Train Acc 98.7630 | Valid Acc 98.1250
2026-07-10 07:00:01 | TestSub: S4 | Epoch 31/100 Finsh | Now_lr 0.0005/0.0005 | Train Loss 0.0430 | Valid Loss 0.0397 | Train Acc 98.3724 | Valid Acc 98.1250
2026-07-10 07:00:02 | TestSub: S4 | Epoch 32/100 Finsh | Now_lr 0.0005/0.0005 | Train Loss 0.0395 | Valid Loss 0.0400 | Train Acc 98.9583 | Valid Acc 98.7500
2026-07-10 07:00:03 | TestSub: S4 | Epoch 33/100 Finsh | Now_lr 0.0005/0.0005 | Train Loss 0.0420 | Valid Loss 0.0534 | Train Acc 98.6328 | Valid Acc 98.1250
2026-07-10 07:00:04 | TestSub: S4 | Epoch 34/100 Finsh | Now_lr 0.0005/0.0005 | Train Loss 0.0472 | Valid Loss 0.0399 | Train Acc 98.3724 | Valid Acc 98.7500
2026-07-10 07:00:05 | TestSub: S4 | Epoch 35/100 Finsh | Now_lr 0.0005/0.0005 | Train Loss 0.0288 | Valid Loss 0.0431 | Train Acc 99.2839 | Valid Acc 98.1250
2026-07-10 07:00:06 | TestSub: S4 | Epoch 36/100 Finsh | Now_lr 0.0005/0.0005 | Train Loss 0.0254 | Valid Loss 0.0400 | Train Acc 99.2839 | Valid Acc 98.7500
2026-07-10 07:00:07 | TestSub: S4 | Epoch 37/100 Finsh | Now_lr 0.0005/0.0005 | Train Loss 0.0363 | Valid Loss 0.0393 | Train Acc 98.7630 | Valid Acc 99.3750
2026-07-10 07:00:08 | TestSub: S4 | Epoch 38/100 Finsh | Now_lr 0.0005/0.0005 | Train Loss 0.0352 | Valid Loss 0.0369 | Train Acc 99.0234 | Valid Acc 98.7500
2026-07-10 07:00:08 | Validation loss decreased (0.038581 --> 0.036914) in epoch (38). Saving model ...
2026-07-10 07:00:09 | TestSub: S4 | Epoch 39/100 Finsh | Now_lr 0.0005/0.0005 | Train Loss 0.0344 | Valid Loss 0.0380 | Train Acc 98.8281 | Valid Acc 98.7500
2026-07-10 07:00:10 | TestSub: S4 | Epoch 40/100 Finsh | Now_lr 0.0005/0.0005 | Train Loss 0.0290 | Valid Loss 0.0415 | Train Acc 99.1536 | Valid Acc 98.7500
2026-07-10 07:00:11 | TestSub: S4 | Epoch 41/100 Finsh | Now_lr 0.0005/0.0005 | Train Loss 0.0314 | Valid Loss 0.0369 | Train Acc 99.2188 | Valid Acc 98.7500
2026-07-10 07:00:12 | TestSub: S4 | Epoch 42/100 Finsh | Now_lr 0.0005/0.0005 | Train Loss 0.0307 | Valid Loss 0.0407 | Train Acc 99.2839 | Valid Acc 98.7500
2026-07-10 07:00:13 | TestSub: S4 | Epoch 43/100 Finsh | Now_lr 0.0005/0.0005 | Train Loss 0.0273 | Valid Loss 0.0515 | Train Acc 99.2188 | Valid Acc 98.1250
2026-07-10 07:00:14 | TestSub: S4 | Epoch 44/100 Finsh | Now_lr 0.0005/0.0005 | Train Loss 0.0268 | Valid Loss 0.0371 | Train Acc 99.2839 | Valid Acc 98.7500
2026-07-10 07:00:15 | TestSub: S4 | Epoch 45/100 Finsh | Now_lr 0.0005/0.0005 | Train Loss 0.0337 | Valid Loss 0.0406 | Train Acc 98.6979 | Valid Acc 98.7500
2026-07-10 07:00:16 | TestSub: S4 | Epoch 46/100 Finsh | Now_lr 0.0005/0.0005 | Train Loss 0.0352 | Valid Loss 0.0387 | Train Acc 98.8281 | Valid Acc 98.1250
2026-07-10 07:00:17 | TestSub: S4 | Epoch 47/100 Finsh | Now_lr 0.0005/0.0005 | Train Loss 0.0338 | Valid Loss 0.0422 | Train Acc 98.8932 | Valid Acc 98.7500
2026-07-10 07:00:18 | TestSub: S4 | Epoch 48/100 Finsh | Now_lr 0.0005/0.0005 | Train Loss 0.0372 | Valid Loss 0.0622 | Train Acc 99.0885 | Valid Acc 98.1250
2026-07-10 07:00:19 | TestSub: S4 | Epoch 49/100 Finsh | Now_lr 0.0005/0.0005 | Train Loss 0.0297 | Valid Loss 0.0359 | Train Acc 99.2839 | Valid Acc 98.1250
2026-07-10 07:00:19 | Validation loss decreased (0.036914 --> 0.035892) in epoch (49). Saving model ...
2026-07-10 07:00:20 | TestSub: S4 | Epoch 50/100 Finsh | Now_lr 0.0005/0.0005 | Train Loss 0.0325 | Valid Loss 0.0300 | Train Acc 98.9583 | Valid Acc 99.3750
2026-07-10 07:00:20 | Validation loss decreased (0.035892 --> 0.030031) in epoch (50). Saving model ...
2026-07-10 07:00:21 | TestSub: S4 | Epoch 51/100 Finsh | Now_lr 0.0005/0.0005 | Train Loss 0.0355 | Valid Loss 0.0329 | Train Acc 98.7630 | Valid Acc 99.3750
2026-07-10 07:00:22 | TestSub: S4 | Epoch 52/100 Finsh | Now_lr 0.0005/0.0005 | Train Loss 0.0278 | Valid Loss 0.0333 | Train Acc 99.4141 | Valid Acc 98.1250
2026-07-10 07:00:23 | TestSub: S4 | Epoch 53/100 Finsh | Now_lr 0.0005/0.0005 | Train Loss 0.0166 | Valid Loss 0.0393 | Train Acc 99.8047 | Valid Acc 98.1250
2026-07-10 07:00:24 | TestSub: S4 | Epoch 54/100 Finsh | Now_lr 0.0005/0.0005 | Train Loss 0.0200 | Valid Loss 0.0351 | Train Acc 99.6094 | Valid Acc 98.7500
2026-07-10 07:00:25 | TestSub: S4 | Epoch 55/100 Finsh | Now_lr 0.0005/0.0005 | Train Loss 0.0212 | Valid Loss 0.0301 | Train Acc 99.3490 | Valid Acc 99.3750
2026-07-10 07:00:26 | TestSub: S4 | Epoch 56/100 Finsh | Now_lr 0.0005/0.0005 | Train Loss 0.0219 | Valid Loss 0.0325 | Train Acc 99.2839 | Valid Acc 99.3750
2026-07-10 07:00:27 | TestSub: S4 | Epoch 57/100 Finsh | Now_lr 0.0005/0.0005 | Train Loss 0.0267 | Valid Loss 0.0340 | Train Acc 99.2839 | Valid Acc 99.3750
2026-07-10 07:00:28 | TestSub: S4 | Epoch 58/100 Finsh | Now_lr 0.0005/0.0005 | Train Loss 0.0404 | Valid Loss 0.0426 | Train Acc 98.9583 | Valid Acc 98.1250
2026-07-10 07:00:29 | TestSub: S4 | Epoch 59/100 Finsh | Now_lr 0.0005/0.0005 | Train Loss 0.0223 | Valid Loss 0.0432 | Train Acc 99.4141 | Valid Acc 98.1250
2026-07-10 07:00:30 | TestSub: S4 | Epoch 60/100 Finsh | Now_lr 0.0005/0.0005 | Train Loss 0.0206 | Valid Loss 0.0341 | Train Acc 99.3490 | Valid Acc 98.1250
2026-07-10 07:00:31 | TestSub: S4 | Epoch 61/100 Finsh | Now_lr 0.0005/0.0005 | Train Loss 0.0283 | Valid Loss 0.0370 | Train Acc 99.1536 | Valid Acc 98.1250
2026-07-10 07:00:32 | TestSub: S4 | Epoch 62/100 Finsh | Now_lr 0.0005/0.0005 | Train Loss 0.0212 | Valid Loss 0.0274 | Train Acc 99.2839 | Valid Acc 98.7500
2026-07-10 07:00:32 | Validation loss decreased (0.030031 --> 0.027433) in epoch (62). Saving model ...
2026-07-10 07:00:33 | TestSub: S4 | Epoch 63/100 Finsh | Now_lr 0.0005/0.0005 | Train Loss 0.0243 | Valid Loss 0.0310 | Train Acc 99.2188 | Valid Acc 98.7500
2026-07-10 07:00:34 | TestSub: S4 | Epoch 64/100 Finsh | Now_lr 0.0005/0.0005 | Train Loss 0.0201 | Valid Loss 0.0288 | Train Acc 99.3490 | Valid Acc 98.7500
2026-07-10 07:00:35 | TestSub: S4 | Epoch 65/100 Finsh | Now_lr 0.0005/0.0005 | Train Loss 0.0182 | Valid Loss 0.0252 | Train Acc 99.7396 | Valid Acc 98.7500
2026-07-10 07:00:35 | Validation loss decreased (0.027433 --> 0.025197) in epoch (65). Saving model ...
2026-07-10 07:00:36 | TestSub: S4 | Epoch 66/100 Finsh | Now_lr 0.0005/0.0005 | Train Loss 0.0162 | Valid Loss 0.0249 | Train Acc 99.5443 | Valid Acc 98.7500
2026-07-10 07:00:36 | Validation loss decreased (0.025197 --> 0.024936) in epoch (66). Saving model ...
2026-07-10 07:00:37 | TestSub: S4 | Epoch 67/100 Finsh | Now_lr 0.0005/0.0005 | Train Loss 0.0195 | Valid Loss 0.0285 | Train Acc 99.2839 | Valid Acc 99.3750
2026-07-10 07:00:38 | TestSub: S4 | Epoch 68/100 Finsh | Now_lr 0.0005/0.0005 | Train Loss 0.0261 | Valid Loss 0.0254 | Train Acc 99.0885 | Valid Acc 99.3750
2026-07-10 07:00:39 | TestSub: S4 | Epoch 69/100 Finsh | Now_lr 0.0005/0.0005 | Train Loss 0.0294 | Valid Loss 0.0339 | Train Acc 98.8932 | Valid Acc 98.7500
2026-07-10 07:00:40 | TestSub: S4 | Epoch 70/100 Finsh | Now_lr 0.0005/0.0005 | Train Loss 0.0261 | Valid Loss 0.0261 | Train Acc 99.3490 | Valid Acc 98.7500
2026-07-10 07:00:41 | TestSub: S4 | Epoch 71/100 Finsh | Now_lr 0.0005/0.0005 | Train Loss 0.0242 | Valid Loss 0.0278 | Train Acc 99.1536 | Valid Acc 99.3750
2026-07-10 07:00:42 | TestSub: S4 | Epoch 72/100 Finsh | Now_lr 0.0005/0.0005 | Train Loss 0.0163 | Valid Loss 0.0281 | Train Acc 99.6094 | Valid Acc 98.7500
2026-07-10 07:00:43 | TestSub: S4 | Epoch 73/100 Finsh | Now_lr 0.0005/0.0005 | Train Loss 0.0235 | Valid Loss 0.0299 | Train Acc 99.4141 | Valid Acc 98.1250
2026-07-10 07:00:44 | TestSub: S4 | Epoch 74/100 Finsh | Now_lr 0.0005/0.0005 | Train Loss 0.0122 | Valid Loss 0.0246 | Train Acc 99.8047 | Valid Acc 98.7500
2026-07-10 07:00:44 | Validation loss decreased (0.024936 --> 0.024565) in epoch (74). Saving model ...
2026-07-10 07:00:45 | TestSub: S4 | Epoch 75/100 Finsh | Now_lr 0.0005/0.0005 | Train Loss 0.0168 | Valid Loss 0.0294 | Train Acc 99.4792 | Valid Acc 98.7500
2026-07-10 07:00:46 | TestSub: S4 | Epoch 76/100 Finsh | Now_lr 0.0005/0.0005 | Train Loss 0.0161 | Valid Loss 0.0290 | Train Acc 99.8047 | Valid Acc 98.7500
2026-07-10 07:00:47 | TestSub: S4 | Epoch 77/100 Finsh | Now_lr 0.0005/0.0005 | Train Loss 0.0212 | Valid Loss 0.0291 | Train Acc 99.4141 | Valid Acc 98.7500
2026-07-10 07:00:48 | TestSub: S4 | Epoch 78/100 Finsh | Now_lr 0.0005/0.0005 | Train Loss 0.0184 | Valid Loss 0.0269 | Train Acc 99.5443 | Valid Acc 98.7500
2026-07-10 07:00:49 | TestSub: S4 | Epoch 79/100 Finsh | Now_lr 0.0005/0.0005 | Train Loss 0.0227 | Valid Loss 0.0282 | Train Acc 99.3490 | Valid Acc 98.7500
2026-07-10 07:00:50 | TestSub: S4 | Epoch 80/100 Finsh | Now_lr 0.0005/0.0005 | Train Loss 0.0282 | Valid Loss 0.0273 | Train Acc 98.8281 | Valid Acc 98.7500
2026-07-10 07:00:51 | TestSub: S4 | Epoch 81/100 Finsh | Now_lr 0.0005/0.0005 | Train Loss 0.0193 | Valid Loss 0.0319 | Train Acc 99.5443 | Valid Acc 98.7500
2026-07-10 07:00:52 | TestSub: S4 | Epoch 82/100 Finsh | Now_lr 0.0005/0.0005 | Train Loss 0.0129 | Valid Loss 0.0368 | Train Acc 99.6094 | Valid Acc 98.7500
2026-07-10 07:00:53 | TestSub: S4 | Epoch 83/100 Finsh | Now_lr 0.0005/0.0005 | Train Loss 0.0190 | Valid Loss 0.0328 | Train Acc 99.2188 | Valid Acc 98.7500
2026-07-10 07:00:54 | TestSub: S4 | Epoch 84/100 Finsh | Now_lr 0.0005/0.0005 | Train Loss 0.0139 | Valid Loss 0.0222 | Train Acc 99.6745 | Valid Acc 98.7500
2026-07-10 07:00:54 | Validation loss decreased (0.024565 --> 0.022223) in epoch (84). Saving model ...
2026-07-10 07:00:55 | TestSub: S4 | Epoch 85/100 Finsh | Now_lr 0.0005/0.0005 | Train Loss 0.0127 | Valid Loss 0.0310 | Train Acc 99.6094 | Valid Acc 98.1250
2026-07-10 07:00:56 | TestSub: S4 | Epoch 86/100 Finsh | Now_lr 0.0005/0.0005 | Train Loss 0.0246 | Valid Loss 0.0319 | Train Acc 99.1536 | Valid Acc 98.7500
2026-07-10 07:00:57 | TestSub: S4 | Epoch 87/100 Finsh | Now_lr 0.0005/0.0005 | Train Loss 0.0159 | Valid Loss 0.0447 | Train Acc 99.3490 | Valid Acc 98.7500
2026-07-10 07:00:58 | TestSub: S4 | Epoch 88/100 Finsh | Now_lr 0.0005/0.0005 | Train Loss 0.0299 | Valid Loss 0.0375 | Train Acc 98.7630 | Valid Acc 99.3750
2026-07-10 07:00:59 | TestSub: S4 | Epoch 89/100 Finsh | Now_lr 0.0005/0.0005 | Train Loss 0.0225 | Valid Loss 0.0248 | Train Acc 99.2839 | Valid Acc 98.1250
2026-07-10 07:01:00 | TestSub: S4 | Epoch 90/100 Finsh | Now_lr 0.0005/0.0005 | Train Loss 0.0140 | Valid Loss 0.0282 | Train Acc 99.5443 | Valid Acc 99.3750
2026-07-10 07:01:01 | TestSub: S4 | Epoch 91/100 Finsh | Now_lr 0.0005/0.0005 | Train Loss 0.0147 | Valid Loss 0.0196 | Train Acc 99.6745 | Valid Acc 100.0000
2026-07-10 07:01:01 | Validation loss decreased (0.022223 --> 0.019585) in epoch (91). Saving model ...
2026-07-10 07:01:02 | TestSub: S4 | Epoch 92/100 Finsh | Now_lr 0.0005/0.0005 | Train Loss 0.0157 | Valid Loss 0.0250 | Train Acc 99.4792 | Valid Acc 98.7500
2026-07-10 07:01:03 | TestSub: S4 | Epoch 93/100 Finsh | Now_lr 0.0005/0.0005 | Train Loss 0.0209 | Valid Loss 0.0166 | Train Acc 99.2188 | Valid Acc 99.3750
2026-07-10 07:01:03 | Validation loss decreased (0.019585 --> 0.016629) in epoch (93). Saving model ...
2026-07-10 07:01:04 | TestSub: S4 | Epoch 94/100 Finsh | Now_lr 0.0005/0.0005 | Train Loss 0.0153 | Valid Loss 0.0151 | Train Acc 99.6094 | Valid Acc 100.0000
2026-07-10 07:01:04 | Validation loss decreased (0.016629 --> 0.015066) in epoch (94). Saving model ...
2026-07-10 07:01:05 | TestSub: S4 | Epoch 95/100 Finsh | Now_lr 0.0005/0.0005 | Train Loss 0.0172 | Valid Loss 0.0192 | Train Acc 99.4141 | Valid Acc 99.3750
2026-07-10 07:01:06 | TestSub: S4 | Epoch 96/100 Finsh | Now_lr 0.0005/0.0005 | Train Loss 0.0288 | Valid Loss 0.0261 | Train Acc 99.0234 | Valid Acc 98.7500
2026-07-10 07:01:07 | TestSub: S4 | Epoch 97/100 Finsh | Now_lr 0.0005/0.0005 | Train Loss 0.0142 | Valid Loss 0.0242 | Train Acc 99.8047 | Valid Acc 99.3750
2026-07-10 07:01:08 | TestSub: S4 | Epoch 98/100 Finsh | Now_lr 0.0005/0.0005 | Train Loss 0.0194 | Valid Loss 0.0208 | Train Acc 99.2839 | Valid Acc 98.7500
2026-07-10 07:01:09 | TestSub: S4 | Epoch 99/100 Finsh | Now_lr 0.0005/0.0005 | Train Loss 0.0180 | Valid Loss 0.0383 | Train Acc 99.5443 | Valid Acc 98.7500
2026-07-10 07:01:10 | TestSub: S4 | Epoch 100/100 Finsh | Now_lr 0.0005/0.0005 | Train Loss 0.0190 | Valid Loss 0.0327 | Train Acc 99.2839 | Valid Acc 98.7500
2026-07-10 07:01:10 | --------------------------------------------------
2026-07-10 07:01:10 | Test_Subject :S4 | Best epoch:94 | Test Loss:0.2734 | Savemodel Acc 90.6250
2026-07-10 07:01:10 | --------------------------------------------------
2026-07-10 07:01:10 | Best epoch: 94 | Test acc: 90.6250
