2026-07-10 07:09:34 | Logging started: ./writer/Subject_dependent_AAD/KUL/3.0s/result//Train3.0s_sub10.log
2026-07-10 07:09:39 | Sub_id: 10
2026-07-10 07:09:42 | TestSub: S10 | Epoch  1/100 Finsh | Now_lr 0.0005/0.0005 | Train Loss 0.6857 | Valid Loss 0.6773 | Train Acc 53.9714 | Valid Acc 58.7500
2026-07-10 07:09:42 | Validation loss decreased (inf --> 0.677276) in epoch (1). Saving model ...
2026-07-10 07:09:43 | TestSub: S10 | Epoch  2/100 Finsh | Now_lr 0.0005/0.0005 | Train Loss 0.5345 | Valid Loss 0.4367 | Train Acc 75.2604 | Valid Acc 86.8750
2026-07-10 07:09:43 | Validation loss decreased (0.677276 --> 0.436663) in epoch (2). Saving model ...
2026-07-10 07:09:44 | TestSub: S10 | Epoch  3/100 Finsh | Now_lr 0.0005/0.0005 | Train Loss 0.3887 | Valid Loss 0.2963 | Train Acc 83.5286 | Valid Acc 89.3750
2026-07-10 07:09:44 | Validation loss decreased (0.436663 --> 0.296256) in epoch (3). Saving model ...
2026-07-10 07:09:45 | TestSub: S10 | Epoch  4/100 Finsh | Now_lr 0.0005/0.0005 | Train Loss 0.2922 | Valid Loss 0.2252 | Train Acc 89.5833 | Valid Acc 95.0000
2026-07-10 07:09:45 | Validation loss decreased (0.296256 --> 0.225157) in epoch (4). Saving model ...
2026-07-10 07:09:47 | TestSub: S10 | Epoch  5/100 Finsh | Now_lr 0.0005/0.0005 | Train Loss 0.2390 | Valid Loss 0.1750 | Train Acc 91.4714 | Valid Acc 96.8750
2026-07-10 07:09:47 | Validation loss decreased (0.225157 --> 0.175003) in epoch (5). Saving model ...
2026-07-10 07:09:48 | TestSub: S10 | Epoch  6/100 Finsh | Now_lr 0.0005/0.0005 | Train Loss 0.2152 | Valid Loss 0.1470 | Train Acc 92.5130 | Valid Acc 96.2500
2026-07-10 07:09:48 | Validation loss decreased (0.175003 --> 0.147050) in epoch (6). Saving model ...
2026-07-10 07:09:49 | TestSub: S10 | Epoch  7/100 Finsh | Now_lr 0.0005/0.0005 | Train Loss 0.1965 | Valid Loss 0.1488 | Train Acc 93.0990 | Valid Acc 95.6250
2026-07-10 07:09:50 | TestSub: S10 | Epoch  8/100 Finsh | Now_lr 0.0005/0.0005 | Train Loss 0.1679 | Valid Loss 0.1377 | Train Acc 94.1406 | Valid Acc 95.6250
2026-07-10 07:09:50 | Validation loss decreased (0.147050 --> 0.137656) in epoch (8). Saving model ...
2026-07-10 07:09:51 | TestSub: S10 | Epoch  9/100 Finsh | Now_lr 0.0005/0.0005 | Train Loss 0.1632 | Valid Loss 0.1046 | Train Acc 93.2943 | Valid Acc 99.3750
2026-07-10 07:09:51 | Validation loss decreased (0.137656 --> 0.104617) in epoch (9). Saving model ...
2026-07-10 07:09:52 | TestSub: S10 | Epoch 10/100 Finsh | Now_lr 0.0005/0.0005 | Train Loss 0.1481 | Valid Loss 0.0990 | Train Acc 94.8568 | Valid Acc 98.1250
2026-07-10 07:09:52 | Validation loss decreased (0.104617 --> 0.098975) in epoch (10). Saving model ...
2026-07-10 07:09:53 | TestSub: S10 | Epoch 11/100 Finsh | Now_lr 0.0005/0.0005 | Train Loss 0.1362 | Valid Loss 0.0871 | Train Acc 95.3125 | Valid Acc 98.7500
2026-07-10 07:09:53 | Validation loss decreased (0.098975 --> 0.087055) in epoch (11). Saving model ...
2026-07-10 07:09:54 | TestSub: S10 | Epoch 12/100 Finsh | Now_lr 0.0005/0.0005 | Train Loss 0.1239 | Valid Loss 0.0910 | Train Acc 95.6380 | Valid Acc 97.5000
2026-07-10 07:09:55 | TestSub: S10 | Epoch 13/100 Finsh | Now_lr 0.0005/0.0005 | Train Loss 0.1279 | Valid Loss 0.0806 | Train Acc 94.9870 | Valid Acc 98.7500
2026-07-10 07:09:55 | Validation loss decreased (0.087055 --> 0.080624) in epoch (13). Saving model ...
2026-07-10 07:09:56 | TestSub: S10 | Epoch 14/100 Finsh | Now_lr 0.0005/0.0005 | Train Loss 0.1308 | Valid Loss 0.0911 | Train Acc 95.5078 | Valid Acc 96.8750
2026-07-10 07:09:57 | TestSub: S10 | Epoch 15/100 Finsh | Now_lr 0.0005/0.0005 | Train Loss 0.1088 | Valid Loss 0.0670 | Train Acc 96.0938 | Valid Acc 98.7500
2026-07-10 07:09:57 | Validation loss decreased (0.080624 --> 0.066999) in epoch (15). Saving model ...
2026-07-10 07:09:58 | TestSub: S10 | Epoch 16/100 Finsh | Now_lr 0.0005/0.0005 | Train Loss 0.0967 | Valid Loss 0.0660 | Train Acc 97.3307 | Valid Acc 99.3750
2026-07-10 07:09:58 | Validation loss decreased (0.066999 --> 0.065957) in epoch (16). Saving model ...
2026-07-10 07:09:59 | TestSub: S10 | Epoch 17/100 Finsh | Now_lr 0.0005/0.0005 | Train Loss 0.0888 | Valid Loss 0.0632 | Train Acc 97.1354 | Valid Acc 98.7500
2026-07-10 07:09:59 | Validation loss decreased (0.065957 --> 0.063241) in epoch (17). Saving model ...
2026-07-10 07:10:00 | TestSub: S10 | Epoch 18/100 Finsh | Now_lr 0.0005/0.0005 | Train Loss 0.1064 | Valid Loss 0.0508 | Train Acc 96.4844 | Valid Acc 99.3750
2026-07-10 07:10:00 | Validation loss decreased (0.063241 --> 0.050753) in epoch (18). Saving model ...
2026-07-10 07:10:01 | TestSub: S10 | Epoch 19/100 Finsh | Now_lr 0.0005/0.0005 | Train Loss 0.0923 | Valid Loss 0.0525 | Train Acc 96.7448 | Valid Acc 99.3750
2026-07-10 07:10:02 | TestSub: S10 | Epoch 20/100 Finsh | Now_lr 0.0005/0.0005 | Train Loss 0.0976 | Valid Loss 0.0615 | Train Acc 96.2891 | Valid Acc 98.7500
2026-07-10 07:10:03 | TestSub: S10 | Epoch 21/100 Finsh | Now_lr 0.0005/0.0005 | Train Loss 0.0948 | Valid Loss 0.0727 | Train Acc 97.0052 | Valid Acc 97.5000
2026-07-10 07:10:04 | TestSub: S10 | Epoch 22/100 Finsh | Now_lr 0.0005/0.0005 | Train Loss 0.0771 | Valid Loss 0.0508 | Train Acc 97.6562 | Valid Acc 99.3750
2026-07-10 07:10:05 | TestSub: S10 | Epoch 23/100 Finsh | Now_lr 0.0005/0.0005 | Train Loss 0.0930 | Valid Loss 0.0488 | Train Acc 96.4844 | Valid Acc 98.7500
2026-07-10 07:10:05 | Validation loss decreased (0.050753 --> 0.048769) in epoch (23). Saving model ...
2026-07-10 07:10:06 | TestSub: S10 | Epoch 24/100 Finsh | Now_lr 0.0005/0.0005 | Train Loss 0.0988 | Valid Loss 0.0456 | Train Acc 95.7682 | Valid Acc 99.3750
2026-07-10 07:10:06 | Validation loss decreased (0.048769 --> 0.045650) in epoch (24). Saving model ...
2026-07-10 07:10:07 | TestSub: S10 | Epoch 25/100 Finsh | Now_lr 0.0005/0.0005 | Train Loss 0.0941 | Valid Loss 0.0461 | Train Acc 96.3542 | Valid Acc 100.0000
2026-07-10 07:10:08 | TestSub: S10 | Epoch 26/100 Finsh | Now_lr 0.0005/0.0005 | Train Loss 0.0827 | Valid Loss 0.0539 | Train Acc 97.1354 | Valid Acc 97.5000
2026-07-10 07:10:09 | TestSub: S10 | Epoch 27/100 Finsh | Now_lr 0.0005/0.0005 | Train Loss 0.0722 | Valid Loss 0.0447 | Train Acc 97.5911 | Valid Acc 99.3750
2026-07-10 07:10:09 | Validation loss decreased (0.045650 --> 0.044653) in epoch (27). Saving model ...
2026-07-10 07:10:10 | TestSub: S10 | Epoch 28/100 Finsh | Now_lr 0.0005/0.0005 | Train Loss 0.0668 | Valid Loss 0.0424 | Train Acc 97.8516 | Valid Acc 100.0000
2026-07-10 07:10:10 | Validation loss decreased (0.044653 --> 0.042377) in epoch (28). Saving model ...
2026-07-10 07:10:11 | TestSub: S10 | Epoch 29/100 Finsh | Now_lr 0.0005/0.0005 | Train Loss 0.0985 | Valid Loss 0.0424 | Train Acc 96.2240 | Valid Acc 98.7500
2026-07-10 07:10:12 | TestSub: S10 | Epoch 30/100 Finsh | Now_lr 0.0005/0.0005 | Train Loss 0.0756 | Valid Loss 0.0374 | Train Acc 96.9401 | Valid Acc 99.3750
2026-07-10 07:10:12 | Validation loss decreased (0.042377 --> 0.037411) in epoch (30). Saving model ...
2026-07-10 07:10:13 | TestSub: S10 | Epoch 31/100 Finsh | Now_lr 0.0005/0.0005 | Train Loss 0.0761 | Valid Loss 0.0359 | Train Acc 97.0052 | Valid Acc 99.3750
2026-07-10 07:10:13 | Validation loss decreased (0.037411 --> 0.035868) in epoch (31). Saving model ...
2026-07-10 07:10:14 | TestSub: S10 | Epoch 32/100 Finsh | Now_lr 0.0005/0.0005 | Train Loss 0.0695 | Valid Loss 0.0358 | Train Acc 97.3307 | Valid Acc 100.0000
2026-07-10 07:10:14 | Validation loss decreased (0.035868 --> 0.035754) in epoch (32). Saving model ...
2026-07-10 07:10:15 | TestSub: S10 | Epoch 33/100 Finsh | Now_lr 0.0005/0.0005 | Train Loss 0.0726 | Valid Loss 0.0395 | Train Acc 97.7865 | Valid Acc 99.3750
2026-07-10 07:10:16 | TestSub: S10 | Epoch 34/100 Finsh | Now_lr 0.0005/0.0005 | Train Loss 0.0859 | Valid Loss 0.0338 | Train Acc 96.8099 | Valid Acc 98.7500
2026-07-10 07:10:16 | Validation loss decreased (0.035754 --> 0.033760) in epoch (34). Saving model ...
2026-07-10 07:10:17 | TestSub: S10 | Epoch 35/100 Finsh | Now_lr 0.0005/0.0005 | Train Loss 0.0663 | Valid Loss 0.0376 | Train Acc 97.5911 | Valid Acc 99.3750
2026-07-10 07:10:18 | TestSub: S10 | Epoch 36/100 Finsh | Now_lr 0.0005/0.0005 | Train Loss 0.0731 | Valid Loss 0.0398 | Train Acc 97.0703 | Valid Acc 98.7500
2026-07-10 07:10:19 | TestSub: S10 | Epoch 37/100 Finsh | Now_lr 0.0005/0.0005 | Train Loss 0.0665 | Valid Loss 0.0253 | Train Acc 97.7214 | Valid Acc 100.0000
2026-07-10 07:10:19 | Validation loss decreased (0.033760 --> 0.025343) in epoch (37). Saving model ...
2026-07-10 07:10:20 | TestSub: S10 | Epoch 38/100 Finsh | Now_lr 0.0005/0.0005 | Train Loss 0.0570 | Valid Loss 0.0275 | Train Acc 98.3724 | Valid Acc 100.0000
2026-07-10 07:10:21 | TestSub: S10 | Epoch 39/100 Finsh | Now_lr 0.0005/0.0005 | Train Loss 0.0824 | Valid Loss 0.0273 | Train Acc 96.6146 | Valid Acc 100.0000
2026-07-10 07:10:23 | TestSub: S10 | Epoch 40/100 Finsh | Now_lr 0.0005/0.0005 | Train Loss 0.0683 | Valid Loss 0.0391 | Train Acc 97.6562 | Valid Acc 99.3750
2026-07-10 07:10:24 | TestSub: S10 | Epoch 41/100 Finsh | Now_lr 0.0005/0.0005 | Train Loss 0.0716 | Valid Loss 0.0587 | Train Acc 97.5260 | Valid Acc 98.1250
2026-07-10 07:10:25 | TestSub: S10 | Epoch 42/100 Finsh | Now_lr 0.0005/0.0005 | Train Loss 0.0648 | Valid Loss 0.0263 | Train Acc 97.5911 | Valid Acc 100.0000
2026-07-10 07:10:26 | TestSub: S10 | Epoch 43/100 Finsh | Now_lr 0.0005/0.0005 | Train Loss 0.0592 | Valid Loss 0.0317 | Train Acc 97.8516 | Valid Acc 100.0000
2026-07-10 07:10:27 | TestSub: S10 | Epoch 44/100 Finsh | Now_lr 0.0005/0.0005 | Train Loss 0.0529 | Valid Loss 0.0288 | Train Acc 97.9818 | Valid Acc 99.3750
2026-07-10 07:10:28 | TestSub: S10 | Epoch 45/100 Finsh | Now_lr 0.0005/0.0005 | Train Loss 0.0811 | Valid Loss 0.0295 | Train Acc 97.2005 | Valid Acc 99.3750
2026-07-10 07:10:29 | TestSub: S10 | Epoch 46/100 Finsh | Now_lr 0.0005/0.0005 | Train Loss 0.0471 | Valid Loss 0.0215 | Train Acc 98.3724 | Valid Acc 100.0000
2026-07-10 07:10:29 | Validation loss decreased (0.025343 --> 0.021470) in epoch (46). Saving model ...
2026-07-10 07:10:30 | TestSub: S10 | Epoch 47/100 Finsh | Now_lr 0.0005/0.0005 | Train Loss 0.0750 | Valid Loss 0.0258 | Train Acc 97.9167 | Valid Acc 100.0000
2026-07-10 07:10:31 | TestSub: S10 | Epoch 48/100 Finsh | Now_lr 0.0005/0.0005 | Train Loss 0.0499 | Valid Loss 0.0224 | Train Acc 98.1120 | Valid Acc 100.0000
2026-07-10 07:10:32 | TestSub: S10 | Epoch 49/100 Finsh | Now_lr 0.0005/0.0005 | Train Loss 0.0474 | Valid Loss 0.0225 | Train Acc 98.5677 | Valid Acc 100.0000
2026-07-10 07:10:33 | TestSub: S10 | Epoch 50/100 Finsh | Now_lr 0.0005/0.0005 | Train Loss 0.0539 | Valid Loss 0.0222 | Train Acc 98.0469 | Valid Acc 99.3750
2026-07-10 07:10:34 | TestSub: S10 | Epoch 51/100 Finsh | Now_lr 0.0005/0.0005 | Train Loss 0.0442 | Valid Loss 0.0263 | Train Acc 98.3073 | Valid Acc 99.3750
2026-07-10 07:10:35 | TestSub: S10 | Epoch 52/100 Finsh | Now_lr 0.0005/0.0005 | Train Loss 0.0482 | Valid Loss 0.0231 | Train Acc 98.5677 | Valid Acc 100.0000
2026-07-10 07:10:36 | TestSub: S10 | Epoch 53/100 Finsh | Now_lr 0.0005/0.0005 | Train Loss 0.0672 | Valid Loss 0.0220 | Train Acc 97.5260 | Valid Acc 100.0000
2026-07-10 07:10:37 | TestSub: S10 | Epoch 54/100 Finsh | Now_lr 0.0005/0.0005 | Train Loss 0.0480 | Valid Loss 0.0397 | Train Acc 98.5026 | Valid Acc 98.7500
2026-07-10 07:10:38 | TestSub: S10 | Epoch 55/100 Finsh | Now_lr 0.0005/0.0005 | Train Loss 0.0698 | Valid Loss 0.0340 | Train Acc 97.7214 | Valid Acc 98.7500
2026-07-10 07:10:39 | TestSub: S10 | Epoch 56/100 Finsh | Now_lr 0.0005/0.0005 | Train Loss 0.0450 | Valid Loss 0.0266 | Train Acc 98.6328 | Valid Acc 99.3750
2026-07-10 07:10:40 | TestSub: S10 | Epoch 57/100 Finsh | Now_lr 0.0005/0.0005 | Train Loss 0.0681 | Valid Loss 0.0467 | Train Acc 97.4609 | Valid Acc 98.1250
2026-07-10 07:10:41 | TestSub: S10 | Epoch 58/100 Finsh | Now_lr 0.0005/0.0005 | Train Loss 0.0535 | Valid Loss 0.0289 | Train Acc 98.2422 | Valid Acc 99.3750
2026-07-10 07:10:42 | TestSub: S10 | Epoch 59/100 Finsh | Now_lr 0.0005/0.0005 | Train Loss 0.0498 | Valid Loss 0.0263 | Train Acc 98.4375 | Valid Acc 100.0000
2026-07-10 07:10:43 | TestSub: S10 | Epoch 60/100 Finsh | Now_lr 0.0005/0.0005 | Train Loss 0.0418 | Valid Loss 0.0235 | Train Acc 98.7630 | Valid Acc 99.3750
2026-07-10 07:10:44 | TestSub: S10 | Epoch 61/100 Finsh | Now_lr 0.0005/0.0005 | Train Loss 0.0714 | Valid Loss 0.0348 | Train Acc 97.5911 | Valid Acc 98.7500
2026-07-10 07:10:45 | TestSub: S10 | Epoch 62/100 Finsh | Now_lr 0.0005/0.0005 | Train Loss 0.0507 | Valid Loss 0.0229 | Train Acc 98.0469 | Valid Acc 99.3750
2026-07-10 07:10:46 | TestSub: S10 | Epoch 63/100 Finsh | Now_lr 0.0005/0.0005 | Train Loss 0.0562 | Valid Loss 0.0251 | Train Acc 98.0469 | Valid Acc 100.0000
2026-07-10 07:10:47 | TestSub: S10 | Epoch 64/100 Finsh | Now_lr 0.0005/0.0005 | Train Loss 0.0489 | Valid Loss 0.0255 | Train Acc 98.6979 | Valid Acc 99.3750
2026-07-10 07:10:48 | TestSub: S10 | Epoch 65/100 Finsh | Now_lr 0.0005/0.0005 | Train Loss 0.0428 | Valid Loss 0.0221 | Train Acc 98.6328 | Valid Acc 100.0000
2026-07-10 07:10:49 | TestSub: S10 | Epoch 66/100 Finsh | Now_lr 0.0005/0.0005 | Train Loss 0.0508 | Valid Loss 0.0213 | Train Acc 97.9167 | Valid Acc 100.0000
2026-07-10 07:10:49 | Validation loss decreased (0.021470 --> 0.021344) in epoch (66). Saving model ...
2026-07-10 07:10:50 | TestSub: S10 | Epoch 67/100 Finsh | Now_lr 0.0005/0.0005 | Train Loss 0.0473 | Valid Loss 0.0200 | Train Acc 98.5677 | Valid Acc 100.0000
2026-07-10 07:10:50 | Validation loss decreased (0.021344 --> 0.019958) in epoch (67). Saving model ...
2026-07-10 07:10:51 | TestSub: S10 | Epoch 68/100 Finsh | Now_lr 0.0005/0.0005 | Train Loss 0.0443 | Valid Loss 0.0224 | Train Acc 98.7630 | Valid Acc 99.3750
2026-07-10 07:10:52 | TestSub: S10 | Epoch 69/100 Finsh | Now_lr 0.0005/0.0005 | Train Loss 0.0354 | Valid Loss 0.0158 | Train Acc 98.8932 | Valid Acc 100.0000
2026-07-10 07:10:52 | Validation loss decreased (0.019958 --> 0.015787) in epoch (69). Saving model ...
2026-07-10 07:10:53 | TestSub: S10 | Epoch 70/100 Finsh | Now_lr 0.0005/0.0005 | Train Loss 0.0500 | Valid Loss 0.0154 | Train Acc 97.9818 | Valid Acc 100.0000
2026-07-10 07:10:53 | Validation loss decreased (0.015787 --> 0.015440) in epoch (70). Saving model ...
2026-07-10 07:10:54 | TestSub: S10 | Epoch 71/100 Finsh | Now_lr 0.0005/0.0005 | Train Loss 0.0631 | Valid Loss 0.0169 | Train Acc 97.5260 | Valid Acc 100.0000
2026-07-10 07:10:55 | TestSub: S10 | Epoch 72/100 Finsh | Now_lr 0.0005/0.0005 | Train Loss 0.0352 | Valid Loss 0.0188 | Train Acc 98.9583 | Valid Acc 100.0000
2026-07-10 07:10:56 | TestSub: S10 | Epoch 73/100 Finsh | Now_lr 0.0005/0.0005 | Train Loss 0.0458 | Valid Loss 0.0182 | Train Acc 98.4375 | Valid Acc 100.0000
2026-07-10 07:10:57 | TestSub: S10 | Epoch 74/100 Finsh | Now_lr 0.0005/0.0005 | Train Loss 0.0580 | Valid Loss 0.0195 | Train Acc 97.9818 | Valid Acc 100.0000
2026-07-10 07:10:58 | TestSub: S10 | Epoch 75/100 Finsh | Now_lr 0.0005/0.0005 | Train Loss 0.0535 | Valid Loss 0.0300 | Train Acc 98.2422 | Valid Acc 98.7500
2026-07-10 07:10:59 | TestSub: S10 | Epoch 76/100 Finsh | Now_lr 0.0005/0.0005 | Train Loss 0.0285 | Valid Loss 0.0206 | Train Acc 99.1536 | Valid Acc 99.3750
2026-07-10 07:11:00 | TestSub: S10 | Epoch 77/100 Finsh | Now_lr 0.0005/0.0005 | Train Loss 0.0309 | Valid Loss 0.0175 | Train Acc 99.3490 | Valid Acc 100.0000
2026-07-10 07:11:01 | TestSub: S10 | Epoch 78/100 Finsh | Now_lr 0.0005/0.0005 | Train Loss 0.0396 | Valid Loss 0.0717 | Train Acc 98.6328 | Valid Acc 97.5000
2026-07-10 07:11:02 | TestSub: S10 | Epoch 79/100 Finsh | Now_lr 0.0005/0.0005 | Train Loss 0.0374 | Valid Loss 0.0220 | Train Acc 98.9583 | Valid Acc 99.3750
2026-07-10 07:11:03 | TestSub: S10 | Epoch 80/100 Finsh | Now_lr 0.0005/0.0005 | Train Loss 0.0386 | Valid Loss 0.0202 | Train Acc 98.6328 | Valid Acc 99.3750
2026-07-10 07:11:04 | TestSub: S10 | Epoch 81/100 Finsh | Now_lr 0.0005/0.0005 | Train Loss 0.0350 | Valid Loss 0.0268 | Train Acc 99.0885 | Valid Acc 98.1250
2026-07-10 07:11:05 | TestSub: S10 | Epoch 82/100 Finsh | Now_lr 0.0005/0.0005 | Train Loss 0.0295 | Valid Loss 0.0140 | Train Acc 99.2839 | Valid Acc 100.0000
2026-07-10 07:11:05 | Validation loss decreased (0.015440 --> 0.013959) in epoch (82). Saving model ...
2026-07-10 07:11:07 | TestSub: S10 | Epoch 83/100 Finsh | Now_lr 0.0005/0.0005 | Train Loss 0.0262 | Valid Loss 0.0203 | Train Acc 99.0885 | Valid Acc 98.7500
2026-07-10 07:11:08 | TestSub: S10 | Epoch 84/100 Finsh | Now_lr 0.0005/0.0005 | Train Loss 0.0305 | Valid Loss 0.0147 | Train Acc 98.9583 | Valid Acc 100.0000
2026-07-10 07:11:09 | TestSub: S10 | Epoch 85/100 Finsh | Now_lr 0.0005/0.0005 | Train Loss 0.0377 | Valid Loss 0.0167 | Train Acc 98.5677 | Valid Acc 100.0000
2026-07-10 07:11:10 | TestSub: S10 | Epoch 86/100 Finsh | Now_lr 0.0005/0.0005 | Train Loss 0.0344 | Valid Loss 0.0157 | Train Acc 98.9583 | Valid Acc 100.0000
2026-07-10 07:11:11 | TestSub: S10 | Epoch 87/100 Finsh | Now_lr 0.0005/0.0005 | Train Loss 0.0519 | Valid Loss 0.0477 | Train Acc 98.3073 | Valid Acc 98.1250
2026-07-10 07:11:12 | TestSub: S10 | Epoch 88/100 Finsh | Now_lr 0.0005/0.0005 | Train Loss 0.0320 | Valid Loss 0.0161 | Train Acc 99.0234 | Valid Acc 100.0000
2026-07-10 07:11:13 | TestSub: S10 | Epoch 89/100 Finsh | Now_lr 0.0005/0.0005 | Train Loss 0.0379 | Valid Loss 0.0124 | Train Acc 98.5026 | Valid Acc 100.0000
2026-07-10 07:11:13 | Validation loss decreased (0.013959 --> 0.012401) in epoch (89). Saving model ...
2026-07-10 07:11:14 | TestSub: S10 | Epoch 90/100 Finsh | Now_lr 0.0005/0.0005 | Train Loss 0.0386 | Valid Loss 0.0171 | Train Acc 98.7630 | Valid Acc 99.3750
2026-07-10 07:11:15 | TestSub: S10 | Epoch 91/100 Finsh | Now_lr 0.0005/0.0005 | Train Loss 0.0304 | Valid Loss 0.0123 | Train Acc 99.2839 | Valid Acc 100.0000
2026-07-10 07:11:15 | Validation loss decreased (0.012401 --> 0.012254) in epoch (91). Saving model ...
2026-07-10 07:11:16 | TestSub: S10 | Epoch 92/100 Finsh | Now_lr 0.0005/0.0005 | Train Loss 0.0402 | Valid Loss 0.0205 | Train Acc 98.9583 | Valid Acc 99.3750
2026-07-10 07:11:17 | TestSub: S10 | Epoch 93/100 Finsh | Now_lr 0.0005/0.0005 | Train Loss 0.0455 | Valid Loss 0.0414 | Train Acc 98.1771 | Valid Acc 98.7500
2026-07-10 07:11:17 | TestSub: S10 | Epoch 94/100 Finsh | Now_lr 0.0005/0.0005 | Train Loss 0.0389 | Valid Loss 0.0328 | Train Acc 98.7630 | Valid Acc 98.7500
2026-07-10 07:11:18 | TestSub: S10 | Epoch 95/100 Finsh | Now_lr 0.0005/0.0005 | Train Loss 0.0345 | Valid Loss 0.0141 | Train Acc 99.0885 | Valid Acc 100.0000
2026-07-10 07:11:19 | TestSub: S10 | Epoch 96/100 Finsh | Now_lr 0.0005/0.0005 | Train Loss 0.0401 | Valid Loss 0.0231 | Train Acc 98.3724 | Valid Acc 98.7500
2026-07-10 07:11:20 | TestSub: S10 | Epoch 97/100 Finsh | Now_lr 0.0005/0.0005 | Train Loss 0.0305 | Valid Loss 0.0198 | Train Acc 99.1536 | Valid Acc 99.3750
2026-07-10 07:11:21 | TestSub: S10 | Epoch 98/100 Finsh | Now_lr 0.0005/0.0005 | Train Loss 0.0329 | Valid Loss 0.0342 | Train Acc 98.8932 | Valid Acc 98.7500
2026-07-10 07:11:22 | TestSub: S10 | Epoch 99/100 Finsh | Now_lr 0.0005/0.0005 | Train Loss 0.0266 | Valid Loss 0.0119 | Train Acc 99.4141 | Valid Acc 100.0000
2026-07-10 07:11:22 | Validation loss decreased (0.012254 --> 0.011927) in epoch (99). Saving model ...
2026-07-10 07:11:23 | TestSub: S10 | Epoch 100/100 Finsh | Now_lr 0.0005/0.0005 | Train Loss 0.0282 | Valid Loss 0.0239 | Train Acc 98.8281 | Valid Acc 98.7500
2026-07-10 07:11:23 | --------------------------------------------------
2026-07-10 07:11:23 | Test_Subject :S10 | Best epoch:99 | Test Loss:0.2381 | Savemodel Acc 87.5000
2026-07-10 07:11:23 | --------------------------------------------------
2026-07-10 07:11:23 | Best epoch: 99 | Test acc: 87.5000
