2026-07-10 07:04:29 | Logging started: ./writer/Subject_dependent_AAD/KUL/3.0s/result//Train3.0s_sub7.log
2026-07-10 07:04:33 | Sub_id: 7
2026-07-10 07:04:37 | TestSub: S7 | Epoch  1/100 Finsh | Now_lr 0.0005/0.0005 | Train Loss 0.5352 | Valid Loss 0.8970 | Train Acc 73.7630 | Valid Acc 49.3750
2026-07-10 07:04:37 | Validation loss decreased (inf --> 0.897020) in epoch (1). Saving model ...
2026-07-10 07:04:38 | TestSub: S7 | Epoch  2/100 Finsh | Now_lr 0.0005/0.0005 | Train Loss 0.2741 | Valid Loss 0.1717 | Train Acc 90.6250 | Valid Acc 97.5000
2026-07-10 07:04:38 | Validation loss decreased (0.897020 --> 0.171739) in epoch (2). Saving model ...
2026-07-10 07:04:39 | TestSub: S7 | Epoch  3/100 Finsh | Now_lr 0.0005/0.0005 | Train Loss 0.1627 | Valid Loss 0.0940 | Train Acc 95.1172 | Valid Acc 98.7500
2026-07-10 07:04:39 | Validation loss decreased (0.171739 --> 0.094021) in epoch (3). Saving model ...
2026-07-10 07:04:40 | TestSub: S7 | Epoch  4/100 Finsh | Now_lr 0.0005/0.0005 | Train Loss 0.1152 | Valid Loss 0.0645 | Train Acc 96.8750 | Valid Acc 99.3750
2026-07-10 07:04:40 | Validation loss decreased (0.094021 --> 0.064473) in epoch (4). Saving model ...
2026-07-10 07:04:41 | TestSub: S7 | Epoch  5/100 Finsh | Now_lr 0.0005/0.0005 | Train Loss 0.0812 | Valid Loss 0.0715 | Train Acc 98.0469 | Valid Acc 99.3750
2026-07-10 07:04:42 | TestSub: S7 | Epoch  6/100 Finsh | Now_lr 0.0005/0.0005 | Train Loss 0.0701 | Valid Loss 0.0385 | Train Acc 98.3724 | Valid Acc 99.3750
2026-07-10 07:04:42 | Validation loss decreased (0.064473 --> 0.038495) in epoch (6). Saving model ...
2026-07-10 07:04:43 | TestSub: S7 | Epoch  7/100 Finsh | Now_lr 0.0005/0.0005 | Train Loss 0.0584 | Valid Loss 0.0331 | Train Acc 98.3073 | Valid Acc 100.0000
2026-07-10 07:04:43 | Validation loss decreased (0.038495 --> 0.033136) in epoch (7). Saving model ...
2026-07-10 07:04:44 | TestSub: S7 | Epoch  8/100 Finsh | Now_lr 0.0005/0.0005 | Train Loss 0.0619 | Valid Loss 0.0275 | Train Acc 97.9818 | Valid Acc 100.0000
2026-07-10 07:04:44 | Validation loss decreased (0.033136 --> 0.027483) in epoch (8). Saving model ...
2026-07-10 07:04:45 | TestSub: S7 | Epoch  9/100 Finsh | Now_lr 0.0005/0.0005 | Train Loss 0.0447 | Valid Loss 0.0275 | Train Acc 99.0885 | Valid Acc 100.0000
2026-07-10 07:04:46 | TestSub: S7 | Epoch 10/100 Finsh | Now_lr 0.0005/0.0005 | Train Loss 0.0516 | Valid Loss 0.0265 | Train Acc 98.2422 | Valid Acc 100.0000
2026-07-10 07:04:46 | Validation loss decreased (0.027483 --> 0.026491) in epoch (10). Saving model ...
2026-07-10 07:04:48 | TestSub: S7 | Epoch 11/100 Finsh | Now_lr 0.0005/0.0005 | Train Loss 0.0403 | Valid Loss 0.0217 | Train Acc 99.1536 | Valid Acc 99.3750
2026-07-10 07:04:48 | Validation loss decreased (0.026491 --> 0.021651) in epoch (11). Saving model ...
2026-07-10 07:04:49 | TestSub: S7 | Epoch 12/100 Finsh | Now_lr 0.0005/0.0005 | Train Loss 0.0307 | Valid Loss 0.0166 | Train Acc 99.6094 | Valid Acc 100.0000
2026-07-10 07:04:49 | Validation loss decreased (0.021651 --> 0.016572) in epoch (12). Saving model ...
2026-07-10 07:04:50 | TestSub: S7 | Epoch 13/100 Finsh | Now_lr 0.0005/0.0005 | Train Loss 0.0312 | Valid Loss 0.0144 | Train Acc 99.1536 | Valid Acc 100.0000
2026-07-10 07:04:50 | Validation loss decreased (0.016572 --> 0.014360) in epoch (13). Saving model ...
2026-07-10 07:04:51 | TestSub: S7 | Epoch 14/100 Finsh | Now_lr 0.0005/0.0005 | Train Loss 0.0309 | Valid Loss 0.0138 | Train Acc 99.3490 | Valid Acc 100.0000
2026-07-10 07:04:51 | Validation loss decreased (0.014360 --> 0.013780) in epoch (14). Saving model ...
2026-07-10 07:04:52 | TestSub: S7 | Epoch 15/100 Finsh | Now_lr 0.0005/0.0005 | Train Loss 0.0417 | Valid Loss 0.0116 | Train Acc 98.3073 | Valid Acc 100.0000
2026-07-10 07:04:52 | Validation loss decreased (0.013780 --> 0.011642) in epoch (15). Saving model ...
2026-07-10 07:04:53 | TestSub: S7 | Epoch 16/100 Finsh | Now_lr 0.0005/0.0005 | Train Loss 0.0337 | Valid Loss 0.0126 | Train Acc 98.9583 | Valid Acc 100.0000
2026-07-10 07:04:54 | TestSub: S7 | Epoch 17/100 Finsh | Now_lr 0.0005/0.0005 | Train Loss 0.0373 | Valid Loss 0.0142 | Train Acc 98.9583 | Valid Acc 100.0000
2026-07-10 07:04:55 | TestSub: S7 | Epoch 18/100 Finsh | Now_lr 0.0005/0.0005 | Train Loss 0.0267 | Valid Loss 0.0112 | Train Acc 99.5443 | Valid Acc 100.0000
2026-07-10 07:04:55 | Validation loss decreased (0.011642 --> 0.011150) in epoch (18). Saving model ...
2026-07-10 07:04:56 | TestSub: S7 | Epoch 19/100 Finsh | Now_lr 0.0005/0.0005 | Train Loss 0.0321 | Valid Loss 0.0240 | Train Acc 98.9583 | Valid Acc 99.3750
2026-07-10 07:04:57 | TestSub: S7 | Epoch 20/100 Finsh | Now_lr 0.0005/0.0005 | Train Loss 0.0217 | Valid Loss 0.0099 | Train Acc 99.4792 | Valid Acc 100.0000
2026-07-10 07:04:57 | Validation loss decreased (0.011150 --> 0.009904) in epoch (20). Saving model ...
2026-07-10 07:04:58 | TestSub: S7 | Epoch 21/100 Finsh | Now_lr 0.0005/0.0005 | Train Loss 0.0268 | Valid Loss 0.0092 | Train Acc 99.2839 | Valid Acc 100.0000
2026-07-10 07:04:58 | Validation loss decreased (0.009904 --> 0.009248) in epoch (21). Saving model ...
2026-07-10 07:04:59 | TestSub: S7 | Epoch 22/100 Finsh | Now_lr 0.0005/0.0005 | Train Loss 0.0248 | Valid Loss 0.0087 | Train Acc 99.3490 | Valid Acc 100.0000
2026-07-10 07:04:59 | Validation loss decreased (0.009248 --> 0.008654) in epoch (22). Saving model ...
2026-07-10 07:05:00 | TestSub: S7 | Epoch 23/100 Finsh | Now_lr 0.0005/0.0005 | Train Loss 0.0230 | Valid Loss 0.0092 | Train Acc 99.3490 | Valid Acc 100.0000
2026-07-10 07:05:01 | TestSub: S7 | Epoch 24/100 Finsh | Now_lr 0.0005/0.0005 | Train Loss 0.0237 | Valid Loss 0.0118 | Train Acc 99.2188 | Valid Acc 100.0000
2026-07-10 07:05:02 | TestSub: S7 | Epoch 25/100 Finsh | Now_lr 0.0005/0.0005 | Train Loss 0.0185 | Valid Loss 0.0070 | Train Acc 99.4141 | Valid Acc 100.0000
2026-07-10 07:05:02 | Validation loss decreased (0.008654 --> 0.006986) in epoch (25). Saving model ...
2026-07-10 07:05:03 | TestSub: S7 | Epoch 26/100 Finsh | Now_lr 0.0005/0.0005 | Train Loss 0.0226 | Valid Loss 0.0132 | Train Acc 99.2188 | Valid Acc 100.0000
2026-07-10 07:05:04 | TestSub: S7 | Epoch 27/100 Finsh | Now_lr 0.0005/0.0005 | Train Loss 0.0218 | Valid Loss 0.0069 | Train Acc 99.4141 | Valid Acc 100.0000
2026-07-10 07:05:04 | Validation loss decreased (0.006986 --> 0.006904) in epoch (27). Saving model ...
2026-07-10 07:05:05 | TestSub: S7 | Epoch 28/100 Finsh | Now_lr 0.0005/0.0005 | Train Loss 0.0213 | Valid Loss 0.0069 | Train Acc 99.5443 | Valid Acc 100.0000
2026-07-10 07:05:06 | TestSub: S7 | Epoch 29/100 Finsh | Now_lr 0.0005/0.0005 | Train Loss 0.0149 | Valid Loss 0.0059 | Train Acc 99.7396 | Valid Acc 100.0000
2026-07-10 07:05:06 | Validation loss decreased (0.006904 --> 0.005870) in epoch (29). Saving model ...
2026-07-10 07:05:07 | TestSub: S7 | Epoch 30/100 Finsh | Now_lr 0.0005/0.0005 | Train Loss 0.0200 | Valid Loss 0.0061 | Train Acc 99.4141 | Valid Acc 100.0000
2026-07-10 07:05:08 | TestSub: S7 | Epoch 31/100 Finsh | Now_lr 0.0005/0.0005 | Train Loss 0.0134 | Valid Loss 0.0049 | Train Acc 99.8698 | Valid Acc 100.0000
2026-07-10 07:05:08 | Validation loss decreased (0.005870 --> 0.004922) in epoch (31). Saving model ...
2026-07-10 07:05:09 | TestSub: S7 | Epoch 32/100 Finsh | Now_lr 0.0005/0.0005 | Train Loss 0.0156 | Valid Loss 0.0088 | Train Acc 99.5443 | Valid Acc 100.0000
2026-07-10 07:05:10 | TestSub: S7 | Epoch 33/100 Finsh | Now_lr 0.0005/0.0005 | Train Loss 0.0130 | Valid Loss 0.0043 | Train Acc 99.6094 | Valid Acc 100.0000
2026-07-10 07:05:10 | Validation loss decreased (0.004922 --> 0.004328) in epoch (33). Saving model ...
2026-07-10 07:05:11 | TestSub: S7 | Epoch 34/100 Finsh | Now_lr 0.0005/0.0005 | Train Loss 0.0138 | Valid Loss 0.0061 | Train Acc 99.6745 | Valid Acc 100.0000
2026-07-10 07:05:12 | TestSub: S7 | Epoch 35/100 Finsh | Now_lr 0.0005/0.0005 | Train Loss 0.0138 | Valid Loss 0.0040 | Train Acc 99.6094 | Valid Acc 100.0000
2026-07-10 07:05:12 | Validation loss decreased (0.004328 --> 0.003981) in epoch (35). Saving model ...
2026-07-10 07:05:13 | TestSub: S7 | Epoch 36/100 Finsh | Now_lr 0.0005/0.0005 | Train Loss 0.0187 | Valid Loss 0.0060 | Train Acc 99.6094 | Valid Acc 100.0000
2026-07-10 07:05:14 | TestSub: S7 | Epoch 37/100 Finsh | Now_lr 0.0005/0.0005 | Train Loss 0.0134 | Valid Loss 0.0042 | Train Acc 99.7396 | Valid Acc 100.0000
2026-07-10 07:05:15 | TestSub: S7 | Epoch 38/100 Finsh | Now_lr 0.0005/0.0005 | Train Loss 0.0061 | Valid Loss 0.0038 | Train Acc 99.8698 | Valid Acc 100.0000
2026-07-10 07:05:15 | Validation loss decreased (0.003981 --> 0.003758) in epoch (38). Saving model ...
2026-07-10 07:05:16 | TestSub: S7 | Epoch 39/100 Finsh | Now_lr 0.0005/0.0005 | Train Loss 0.0104 | Valid Loss 0.0044 | Train Acc 99.7396 | Valid Acc 100.0000
2026-07-10 07:05:17 | TestSub: S7 | Epoch 40/100 Finsh | Now_lr 0.0005/0.0005 | Train Loss 0.0172 | Valid Loss 0.0050 | Train Acc 99.4792 | Valid Acc 100.0000
2026-07-10 07:05:18 | TestSub: S7 | Epoch 41/100 Finsh | Now_lr 0.0005/0.0005 | Train Loss 0.0142 | Valid Loss 0.0038 | Train Acc 99.5443 | Valid Acc 100.0000
2026-07-10 07:05:18 | Validation loss decreased (0.003758 --> 0.003751) in epoch (41). Saving model ...
2026-07-10 07:05:19 | TestSub: S7 | Epoch 42/100 Finsh | Now_lr 0.0005/0.0005 | Train Loss 0.0099 | Valid Loss 0.0059 | Train Acc 99.9349 | Valid Acc 100.0000
2026-07-10 07:05:20 | TestSub: S7 | Epoch 43/100 Finsh | Now_lr 0.0005/0.0005 | Train Loss 0.0180 | Valid Loss 0.0062 | Train Acc 99.2839 | Valid Acc 100.0000
2026-07-10 07:05:21 | TestSub: S7 | Epoch 44/100 Finsh | Now_lr 0.0005/0.0005 | Train Loss 0.0179 | Valid Loss 0.0045 | Train Acc 99.2188 | Valid Acc 100.0000
2026-07-10 07:05:22 | TestSub: S7 | Epoch 45/100 Finsh | Now_lr 0.0005/0.0005 | Train Loss 0.0088 | Valid Loss 0.0033 | Train Acc 99.8698 | Valid Acc 100.0000
2026-07-10 07:05:22 | Validation loss decreased (0.003751 --> 0.003262) in epoch (45). Saving model ...
2026-07-10 07:05:23 | TestSub: S7 | Epoch 46/100 Finsh | Now_lr 0.0005/0.0005 | Train Loss 0.0177 | Valid Loss 0.0055 | Train Acc 99.3490 | Valid Acc 100.0000
2026-07-10 07:05:24 | TestSub: S7 | Epoch 47/100 Finsh | Now_lr 0.0005/0.0005 | Train Loss 0.0133 | Valid Loss 0.0037 | Train Acc 99.4792 | Valid Acc 100.0000
2026-07-10 07:05:25 | TestSub: S7 | Epoch 48/100 Finsh | Now_lr 0.0005/0.0005 | Train Loss 0.0282 | Valid Loss 0.0067 | Train Acc 99.0234 | Valid Acc 100.0000
2026-07-10 07:05:26 | TestSub: S7 | Epoch 49/100 Finsh | Now_lr 0.0005/0.0005 | Train Loss 0.0087 | Valid Loss 0.0059 | Train Acc 99.8698 | Valid Acc 100.0000
2026-07-10 07:05:27 | TestSub: S7 | Epoch 50/100 Finsh | Now_lr 0.0005/0.0005 | Train Loss 0.0079 | Valid Loss 0.0028 | Train Acc 99.9349 | Valid Acc 100.0000
2026-07-10 07:05:27 | Validation loss decreased (0.003262 --> 0.002843) in epoch (50). Saving model ...
2026-07-10 07:05:28 | TestSub: S7 | Epoch 51/100 Finsh | Now_lr 0.0005/0.0005 | Train Loss 0.0153 | Valid Loss 0.0031 | Train Acc 99.7396 | Valid Acc 100.0000
2026-07-10 07:05:29 | TestSub: S7 | Epoch 52/100 Finsh | Now_lr 0.0005/0.0005 | Train Loss 0.0097 | Valid Loss 0.0026 | Train Acc 99.7396 | Valid Acc 100.0000
2026-07-10 07:05:29 | Validation loss decreased (0.002843 --> 0.002577) in epoch (52). Saving model ...
2026-07-10 07:05:30 | TestSub: S7 | Epoch 53/100 Finsh | Now_lr 0.0005/0.0005 | Train Loss 0.0089 | Valid Loss 0.0040 | Train Acc 99.7396 | Valid Acc 100.0000
2026-07-10 07:05:31 | TestSub: S7 | Epoch 54/100 Finsh | Now_lr 0.0005/0.0005 | Train Loss 0.0088 | Valid Loss 0.0024 | Train Acc 99.8047 | Valid Acc 100.0000
2026-07-10 07:05:31 | Validation loss decreased (0.002577 --> 0.002449) in epoch (54). Saving model ...
2026-07-10 07:05:32 | TestSub: S7 | Epoch 55/100 Finsh | Now_lr 0.0005/0.0005 | Train Loss 0.0077 | Valid Loss 0.0023 | Train Acc 99.9349 | Valid Acc 100.0000
2026-07-10 07:05:32 | Validation loss decreased (0.002449 --> 0.002323) in epoch (55). Saving model ...
2026-07-10 07:05:33 | TestSub: S7 | Epoch 56/100 Finsh | Now_lr 0.0005/0.0005 | Train Loss 0.0075 | Valid Loss 0.0044 | Train Acc 99.8047 | Valid Acc 100.0000
2026-07-10 07:05:34 | TestSub: S7 | Epoch 57/100 Finsh | Now_lr 0.0005/0.0005 | Train Loss 0.0049 | Valid Loss 0.0020 | Train Acc 100.0000 | Valid Acc 100.0000
2026-07-10 07:05:34 | Validation loss decreased (0.002323 --> 0.001992) in epoch (57). Saving model ...
2026-07-10 07:05:35 | TestSub: S7 | Epoch 58/100 Finsh | Now_lr 0.0005/0.0005 | Train Loss 0.0108 | Valid Loss 0.0020 | Train Acc 99.7396 | Valid Acc 100.0000
2026-07-10 07:05:36 | TestSub: S7 | Epoch 59/100 Finsh | Now_lr 0.0005/0.0005 | Train Loss 0.0190 | Valid Loss 0.0031 | Train Acc 99.5443 | Valid Acc 100.0000
2026-07-10 07:05:37 | TestSub: S7 | Epoch 60/100 Finsh | Now_lr 0.0005/0.0005 | Train Loss 0.0092 | Valid Loss 0.0031 | Train Acc 99.8047 | Valid Acc 100.0000
2026-07-10 07:05:38 | TestSub: S7 | Epoch 61/100 Finsh | Now_lr 0.0005/0.0005 | Train Loss 0.0088 | Valid Loss 0.0023 | Train Acc 99.8698 | Valid Acc 100.0000
2026-07-10 07:05:39 | TestSub: S7 | Epoch 62/100 Finsh | Now_lr 0.0005/0.0005 | Train Loss 0.0152 | Valid Loss 0.0024 | Train Acc 99.4792 | Valid Acc 100.0000
2026-07-10 07:05:40 | TestSub: S7 | Epoch 63/100 Finsh | Now_lr 0.0005/0.0005 | Train Loss 0.0066 | Valid Loss 0.0021 | Train Acc 99.8698 | Valid Acc 100.0000
2026-07-10 07:05:41 | TestSub: S7 | Epoch 64/100 Finsh | Now_lr 0.0005/0.0005 | Train Loss 0.0070 | Valid Loss 0.0023 | Train Acc 99.8047 | Valid Acc 100.0000
2026-07-10 07:05:42 | TestSub: S7 | Epoch 65/100 Finsh | Now_lr 0.0005/0.0005 | Train Loss 0.0034 | Valid Loss 0.0021 | Train Acc 100.0000 | Valid Acc 100.0000
2026-07-10 07:05:43 | TestSub: S7 | Epoch 66/100 Finsh | Now_lr 0.0005/0.0005 | Train Loss 0.0066 | Valid Loss 0.0016 | Train Acc 99.8698 | Valid Acc 100.0000
2026-07-10 07:05:43 | Validation loss decreased (0.001992 --> 0.001558) in epoch (66). Saving model ...
2026-07-10 07:05:44 | TestSub: S7 | Epoch 67/100 Finsh | Now_lr 0.0005/0.0005 | Train Loss 0.0097 | Valid Loss 0.0014 | Train Acc 99.6745 | Valid Acc 100.0000
2026-07-10 07:05:44 | Validation loss decreased (0.001558 --> 0.001369) in epoch (67). Saving model ...
2026-07-10 07:05:45 | TestSub: S7 | Epoch 68/100 Finsh | Now_lr 0.0005/0.0005 | Train Loss 0.0052 | Valid Loss 0.0030 | Train Acc 99.9349 | Valid Acc 100.0000
2026-07-10 07:05:46 | TestSub: S7 | Epoch 69/100 Finsh | Now_lr 0.0005/0.0005 | Train Loss 0.0072 | Valid Loss 0.0015 | Train Acc 99.9349 | Valid Acc 100.0000
2026-07-10 07:05:47 | TestSub: S7 | Epoch 70/100 Finsh | Now_lr 0.0005/0.0005 | Train Loss 0.0038 | Valid Loss 0.0020 | Train Acc 100.0000 | Valid Acc 100.0000
2026-07-10 07:05:48 | TestSub: S7 | Epoch 71/100 Finsh | Now_lr 0.0005/0.0005 | Train Loss 0.0055 | Valid Loss 0.0029 | Train Acc 99.8698 | Valid Acc 100.0000
2026-07-10 07:05:49 | TestSub: S7 | Epoch 72/100 Finsh | Now_lr 0.0005/0.0005 | Train Loss 0.0079 | Valid Loss 0.0022 | Train Acc 99.8047 | Valid Acc 100.0000
2026-07-10 07:05:50 | TestSub: S7 | Epoch 73/100 Finsh | Now_lr 0.0005/0.0005 | Train Loss 0.0094 | Valid Loss 0.0023 | Train Acc 99.6745 | Valid Acc 100.0000
2026-07-10 07:05:51 | TestSub: S7 | Epoch 74/100 Finsh | Now_lr 0.0005/0.0005 | Train Loss 0.0063 | Valid Loss 0.0022 | Train Acc 99.8698 | Valid Acc 100.0000
2026-07-10 07:05:52 | TestSub: S7 | Epoch 75/100 Finsh | Now_lr 0.0005/0.0005 | Train Loss 0.0051 | Valid Loss 0.0019 | Train Acc 99.8698 | Valid Acc 100.0000
2026-07-10 07:05:53 | TestSub: S7 | Epoch 76/100 Finsh | Now_lr 0.0005/0.0005 | Train Loss 0.0086 | Valid Loss 0.0029 | Train Acc 99.8047 | Valid Acc 100.0000
2026-07-10 07:05:54 | TestSub: S7 | Epoch 77/100 Finsh | Now_lr 0.0005/0.0005 | Train Loss 0.0087 | Valid Loss 0.0015 | Train Acc 99.8047 | Valid Acc 100.0000
2026-07-10 07:05:55 | TestSub: S7 | Epoch 78/100 Finsh | Now_lr 0.0005/0.0005 | Train Loss 0.0092 | Valid Loss 0.0017 | Train Acc 99.7396 | Valid Acc 100.0000
2026-07-10 07:05:56 | TestSub: S7 | Epoch 79/100 Finsh | Now_lr 0.0005/0.0005 | Train Loss 0.0102 | Valid Loss 0.0025 | Train Acc 99.8698 | Valid Acc 100.0000
2026-07-10 07:05:57 | TestSub: S7 | Epoch 80/100 Finsh | Now_lr 0.0005/0.0005 | Train Loss 0.0087 | Valid Loss 0.0062 | Train Acc 99.8698 | Valid Acc 100.0000
2026-07-10 07:05:58 | TestSub: S7 | Epoch 81/100 Finsh | Now_lr 0.0005/0.0005 | Train Loss 0.0051 | Valid Loss 0.0070 | Train Acc 99.9349 | Valid Acc 99.3750
2026-07-10 07:05:59 | TestSub: S7 | Epoch 82/100 Finsh | Now_lr 0.0005/0.0005 | Train Loss 0.0065 | Valid Loss 0.0016 | Train Acc 99.8047 | Valid Acc 100.0000
2026-07-10 07:06:00 | TestSub: S7 | Epoch 83/100 Finsh | Now_lr 0.0005/0.0005 | Train Loss 0.0052 | Valid Loss 0.0019 | Train Acc 99.8698 | Valid Acc 100.0000
2026-07-10 07:06:01 | TestSub: S7 | Epoch 84/100 Finsh | Now_lr 0.0005/0.0005 | Train Loss 0.0089 | Valid Loss 0.0016 | Train Acc 99.7396 | Valid Acc 100.0000
2026-07-10 07:06:02 | TestSub: S7 | Epoch 85/100 Finsh | Now_lr 0.0005/0.0005 | Train Loss 0.0118 | Valid Loss 0.0015 | Train Acc 99.4792 | Valid Acc 100.0000
2026-07-10 07:06:03 | TestSub: S7 | Epoch 86/100 Finsh | Now_lr 0.0005/0.0005 | Train Loss 0.0045 | Valid Loss 0.0036 | Train Acc 99.8698 | Valid Acc 100.0000
2026-07-10 07:06:04 | TestSub: S7 | Epoch 87/100 Finsh | Now_lr 0.0005/0.0005 | Train Loss 0.0070 | Valid Loss 0.0023 | Train Acc 99.8047 | Valid Acc 100.0000
2026-07-10 07:06:04 | TestSub: S7 | Epoch 88/100 Finsh | Now_lr 0.0005/0.0005 | Train Loss 0.0049 | Valid Loss 0.0020 | Train Acc 99.8698 | Valid Acc 100.0000
2026-07-10 07:06:04 | Early stopping at epoch 88!
2026-07-10 07:06:05 | --------------------------------------------------
2026-07-10 07:06:05 | Test_Subject :S7 | Best epoch:67 | Test Loss:0.1268 | Savemodel Acc 96.8750
2026-07-10 07:06:05 | --------------------------------------------------
2026-07-10 07:06:05 | Best epoch: 67 | Test acc: 96.8750
