2026-07-10 07:06:05 | Logging started: ./writer/Subject_dependent_AAD/KUL/3.0s/result//Train3.0s_sub8.log
2026-07-10 07:06:09 | Sub_id: 8
2026-07-10 07:06:13 | TestSub: S8 | Epoch  1/100 Finsh | Now_lr 0.0005/0.0005 | Train Loss 0.6982 | Valid Loss 0.6878 | Train Acc 54.9479 | Valid Acc 53.1250
2026-07-10 07:06:13 | Validation loss decreased (inf --> 0.687825) in epoch (1). Saving model ...
2026-07-10 07:06:14 | TestSub: S8 | Epoch  2/100 Finsh | Now_lr 0.0005/0.0005 | Train Loss 0.5552 | Valid Loss 0.4740 | Train Acc 72.7865 | Valid Acc 86.8750
2026-07-10 07:06:14 | Validation loss decreased (0.687825 --> 0.474033) in epoch (2). Saving model ...
2026-07-10 07:06:15 | TestSub: S8 | Epoch  3/100 Finsh | Now_lr 0.0005/0.0005 | Train Loss 0.3632 | Valid Loss 0.2970 | Train Acc 87.7604 | Valid Acc 92.5000
2026-07-10 07:06:15 | Validation loss decreased (0.474033 --> 0.297026) in epoch (3). Saving model ...
2026-07-10 07:06:16 | TestSub: S8 | Epoch  4/100 Finsh | Now_lr 0.0005/0.0005 | Train Loss 0.2570 | Valid Loss 0.2151 | Train Acc 91.3411 | Valid Acc 95.0000
2026-07-10 07:06:16 | Validation loss decreased (0.297026 --> 0.215119) in epoch (4). Saving model ...
2026-07-10 07:06:17 | TestSub: S8 | Epoch  5/100 Finsh | Now_lr 0.0005/0.0005 | Train Loss 0.1818 | Valid Loss 0.1615 | Train Acc 94.5964 | Valid Acc 96.2500
2026-07-10 07:06:17 | Validation loss decreased (0.215119 --> 0.161455) in epoch (5). Saving model ...
2026-07-10 07:06:18 | TestSub: S8 | Epoch  6/100 Finsh | Now_lr 0.0005/0.0005 | Train Loss 0.1537 | Valid Loss 0.1330 | Train Acc 95.5729 | Valid Acc 96.8750
2026-07-10 07:06:18 | Validation loss decreased (0.161455 --> 0.133042) in epoch (6). Saving model ...
2026-07-10 07:06:19 | TestSub: S8 | Epoch  7/100 Finsh | Now_lr 0.0005/0.0005 | Train Loss 0.1162 | Valid Loss 0.1060 | Train Acc 96.8099 | Valid Acc 98.7500
2026-07-10 07:06:19 | Validation loss decreased (0.133042 --> 0.105950) in epoch (7). Saving model ...
2026-07-10 07:06:20 | TestSub: S8 | Epoch  8/100 Finsh | Now_lr 0.0005/0.0005 | Train Loss 0.1052 | Valid Loss 0.0993 | Train Acc 97.1354 | Valid Acc 96.8750
2026-07-10 07:06:20 | Validation loss decreased (0.105950 --> 0.099259) in epoch (8). Saving model ...
2026-07-10 07:06:22 | TestSub: S8 | Epoch  9/100 Finsh | Now_lr 0.0005/0.0005 | Train Loss 0.0980 | Valid Loss 0.0946 | Train Acc 96.8750 | Valid Acc 96.2500
2026-07-10 07:06:22 | Validation loss decreased (0.099259 --> 0.094649) in epoch (9). Saving model ...
2026-07-10 07:06:23 | TestSub: S8 | Epoch 10/100 Finsh | Now_lr 0.0005/0.0005 | Train Loss 0.0747 | Valid Loss 0.0783 | Train Acc 97.8516 | Valid Acc 97.5000
2026-07-10 07:06:23 | Validation loss decreased (0.094649 --> 0.078314) in epoch (10). Saving model ...
2026-07-10 07:06:23 | TestSub: S8 | Epoch 11/100 Finsh | Now_lr 0.0005/0.0005 | Train Loss 0.0907 | Valid Loss 0.0867 | Train Acc 96.9401 | Valid Acc 96.2500
2026-07-10 07:06:24 | TestSub: S8 | Epoch 12/100 Finsh | Now_lr 0.0005/0.0005 | Train Loss 0.0651 | Valid Loss 0.0687 | Train Acc 98.1771 | Valid Acc 99.3750
2026-07-10 07:06:24 | Validation loss decreased (0.078314 --> 0.068711) in epoch (12). Saving model ...
2026-07-10 07:06:25 | TestSub: S8 | Epoch 13/100 Finsh | Now_lr 0.0005/0.0005 | Train Loss 0.0757 | Valid Loss 0.0750 | Train Acc 97.4609 | Valid Acc 97.5000
2026-07-10 07:06:26 | TestSub: S8 | Epoch 14/100 Finsh | Now_lr 0.0005/0.0005 | Train Loss 0.0552 | Valid Loss 0.0531 | Train Acc 98.4375 | Valid Acc 98.7500
2026-07-10 07:06:26 | Validation loss decreased (0.068711 --> 0.053105) in epoch (14). Saving model ...
2026-07-10 07:06:27 | TestSub: S8 | Epoch 15/100 Finsh | Now_lr 0.0005/0.0005 | Train Loss 0.0649 | Valid Loss 0.0581 | Train Acc 97.7865 | Valid Acc 97.5000
2026-07-10 07:06:28 | TestSub: S8 | Epoch 16/100 Finsh | Now_lr 0.0005/0.0005 | Train Loss 0.0416 | Valid Loss 0.0611 | Train Acc 99.1536 | Valid Acc 96.8750
2026-07-10 07:06:29 | TestSub: S8 | Epoch 17/100 Finsh | Now_lr 0.0005/0.0005 | Train Loss 0.0476 | Valid Loss 0.0514 | Train Acc 98.7630 | Valid Acc 98.1250
2026-07-10 07:06:29 | Validation loss decreased (0.053105 --> 0.051442) in epoch (17). Saving model ...
2026-07-10 07:06:30 | TestSub: S8 | Epoch 18/100 Finsh | Now_lr 0.0005/0.0005 | Train Loss 0.0442 | Valid Loss 0.0530 | Train Acc 98.6328 | Valid Acc 97.5000
2026-07-10 07:06:31 | TestSub: S8 | Epoch 19/100 Finsh | Now_lr 0.0005/0.0005 | Train Loss 0.0426 | Valid Loss 0.0438 | Train Acc 99.2188 | Valid Acc 98.7500
2026-07-10 07:06:31 | Validation loss decreased (0.051442 --> 0.043815) in epoch (19). Saving model ...
2026-07-10 07:06:32 | TestSub: S8 | Epoch 20/100 Finsh | Now_lr 0.0005/0.0005 | Train Loss 0.0358 | Valid Loss 0.0568 | Train Acc 99.2839 | Valid Acc 97.5000
2026-07-10 07:06:33 | TestSub: S8 | Epoch 21/100 Finsh | Now_lr 0.0005/0.0005 | Train Loss 0.0520 | Valid Loss 0.0347 | Train Acc 98.5677 | Valid Acc 99.3750
2026-07-10 07:06:33 | Validation loss decreased (0.043815 --> 0.034738) in epoch (21). Saving model ...
2026-07-10 07:06:34 | TestSub: S8 | Epoch 22/100 Finsh | Now_lr 0.0005/0.0005 | Train Loss 0.0359 | Valid Loss 0.0350 | Train Acc 99.4792 | Valid Acc 99.3750
2026-07-10 07:06:35 | TestSub: S8 | Epoch 23/100 Finsh | Now_lr 0.0005/0.0005 | Train Loss 0.0387 | Valid Loss 0.0318 | Train Acc 98.8932 | Valid Acc 99.3750
2026-07-10 07:06:35 | Validation loss decreased (0.034738 --> 0.031807) in epoch (23). Saving model ...
2026-07-10 07:06:36 | TestSub: S8 | Epoch 24/100 Finsh | Now_lr 0.0005/0.0005 | Train Loss 0.0324 | Valid Loss 0.0326 | Train Acc 99.0234 | Valid Acc 99.3750
2026-07-10 07:06:37 | TestSub: S8 | Epoch 25/100 Finsh | Now_lr 0.0005/0.0005 | Train Loss 0.0393 | Valid Loss 0.0343 | Train Acc 99.0234 | Valid Acc 99.3750
2026-07-10 07:06:38 | TestSub: S8 | Epoch 26/100 Finsh | Now_lr 0.0005/0.0005 | Train Loss 0.0323 | Valid Loss 0.0389 | Train Acc 99.1536 | Valid Acc 98.1250
2026-07-10 07:06:39 | TestSub: S8 | Epoch 27/100 Finsh | Now_lr 0.0005/0.0005 | Train Loss 0.0294 | Valid Loss 0.0432 | Train Acc 99.2188 | Valid Acc 98.1250
2026-07-10 07:06:40 | TestSub: S8 | Epoch 28/100 Finsh | Now_lr 0.0005/0.0005 | Train Loss 0.0285 | Valid Loss 0.0257 | Train Acc 99.3490 | Valid Acc 99.3750
2026-07-10 07:06:40 | Validation loss decreased (0.031807 --> 0.025691) in epoch (28). Saving model ...
2026-07-10 07:06:42 | TestSub: S8 | Epoch 29/100 Finsh | Now_lr 0.0005/0.0005 | Train Loss 0.0258 | Valid Loss 0.0238 | Train Acc 99.4792 | Valid Acc 99.3750
2026-07-10 07:06:42 | Validation loss decreased (0.025691 --> 0.023848) in epoch (29). Saving model ...
2026-07-10 07:06:43 | TestSub: S8 | Epoch 30/100 Finsh | Now_lr 0.0005/0.0005 | Train Loss 0.0189 | Valid Loss 0.0214 | Train Acc 99.6745 | Valid Acc 99.3750
2026-07-10 07:06:43 | Validation loss decreased (0.023848 --> 0.021395) in epoch (30). Saving model ...
2026-07-10 07:06:44 | TestSub: S8 | Epoch 31/100 Finsh | Now_lr 0.0005/0.0005 | Train Loss 0.0211 | Valid Loss 0.0196 | Train Acc 99.6745 | Valid Acc 99.3750
2026-07-10 07:06:44 | Validation loss decreased (0.021395 --> 0.019610) in epoch (31). Saving model ...
2026-07-10 07:06:45 | TestSub: S8 | Epoch 32/100 Finsh | Now_lr 0.0005/0.0005 | Train Loss 0.0209 | Valid Loss 0.0218 | Train Acc 99.6745 | Valid Acc 98.7500
2026-07-10 07:06:46 | TestSub: S8 | Epoch 33/100 Finsh | Now_lr 0.0005/0.0005 | Train Loss 0.0167 | Valid Loss 0.0211 | Train Acc 99.7396 | Valid Acc 100.0000
2026-07-10 07:06:47 | TestSub: S8 | Epoch 34/100 Finsh | Now_lr 0.0005/0.0005 | Train Loss 0.0181 | Valid Loss 0.0262 | Train Acc 99.6094 | Valid Acc 99.3750
2026-07-10 07:06:48 | TestSub: S8 | Epoch 35/100 Finsh | Now_lr 0.0005/0.0005 | Train Loss 0.0172 | Valid Loss 0.0270 | Train Acc 99.6094 | Valid Acc 98.7500
2026-07-10 07:06:49 | TestSub: S8 | Epoch 36/100 Finsh | Now_lr 0.0005/0.0005 | Train Loss 0.0239 | Valid Loss 0.0179 | Train Acc 99.6094 | Valid Acc 99.3750
2026-07-10 07:06:49 | Validation loss decreased (0.019610 --> 0.017900) in epoch (36). Saving model ...
2026-07-10 07:06:50 | TestSub: S8 | Epoch 37/100 Finsh | Now_lr 0.0005/0.0005 | Train Loss 0.0176 | Valid Loss 0.0196 | Train Acc 99.6094 | Valid Acc 98.7500
2026-07-10 07:06:51 | TestSub: S8 | Epoch 38/100 Finsh | Now_lr 0.0005/0.0005 | Train Loss 0.0181 | Valid Loss 0.0179 | Train Acc 99.6094 | Valid Acc 99.3750
2026-07-10 07:06:51 | Validation loss decreased (0.017900 --> 0.017889) in epoch (38). Saving model ...
2026-07-10 07:06:52 | TestSub: S8 | Epoch 39/100 Finsh | Now_lr 0.0005/0.0005 | Train Loss 0.0133 | Valid Loss 0.0175 | Train Acc 99.9349 | Valid Acc 99.3750
2026-07-10 07:06:52 | Validation loss decreased (0.017889 --> 0.017515) in epoch (39). Saving model ...
2026-07-10 07:06:53 | TestSub: S8 | Epoch 40/100 Finsh | Now_lr 0.0005/0.0005 | Train Loss 0.0200 | Valid Loss 0.0150 | Train Acc 99.5443 | Valid Acc 100.0000
2026-07-10 07:06:53 | Validation loss decreased (0.017515 --> 0.014977) in epoch (40). Saving model ...
2026-07-10 07:06:54 | TestSub: S8 | Epoch 41/100 Finsh | Now_lr 0.0005/0.0005 | Train Loss 0.0147 | Valid Loss 0.0308 | Train Acc 99.8047 | Valid Acc 98.1250
2026-07-10 07:06:55 | TestSub: S8 | Epoch 42/100 Finsh | Now_lr 0.0005/0.0005 | Train Loss 0.0168 | Valid Loss 0.0136 | Train Acc 99.6094 | Valid Acc 100.0000
2026-07-10 07:06:55 | Validation loss decreased (0.014977 --> 0.013589) in epoch (42). Saving model ...
2026-07-10 07:06:56 | TestSub: S8 | Epoch 43/100 Finsh | Now_lr 0.0005/0.0005 | Train Loss 0.0193 | Valid Loss 0.0186 | Train Acc 99.3490 | Valid Acc 99.3750
2026-07-10 07:06:57 | TestSub: S8 | Epoch 44/100 Finsh | Now_lr 0.0005/0.0005 | Train Loss 0.0268 | Valid Loss 0.0199 | Train Acc 99.0885 | Valid Acc 100.0000
2026-07-10 07:06:58 | TestSub: S8 | Epoch 45/100 Finsh | Now_lr 0.0005/0.0005 | Train Loss 0.0113 | Valid Loss 0.0113 | Train Acc 99.8047 | Valid Acc 99.3750
2026-07-10 07:06:58 | Validation loss decreased (0.013589 --> 0.011318) in epoch (45). Saving model ...
2026-07-10 07:06:59 | TestSub: S8 | Epoch 46/100 Finsh | Now_lr 0.0005/0.0005 | Train Loss 0.0167 | Valid Loss 0.0200 | Train Acc 99.4141 | Valid Acc 98.7500
2026-07-10 07:07:00 | TestSub: S8 | Epoch 47/100 Finsh | Now_lr 0.0005/0.0005 | Train Loss 0.0191 | Valid Loss 0.0173 | Train Acc 99.4792 | Valid Acc 99.3750
2026-07-10 07:07:01 | TestSub: S8 | Epoch 48/100 Finsh | Now_lr 0.0005/0.0005 | Train Loss 0.0216 | Valid Loss 0.0221 | Train Acc 99.3490 | Valid Acc 99.3750
2026-07-10 07:07:02 | TestSub: S8 | Epoch 49/100 Finsh | Now_lr 0.0005/0.0005 | Train Loss 0.0109 | Valid Loss 0.0089 | Train Acc 99.8047 | Valid Acc 100.0000
2026-07-10 07:07:02 | Validation loss decreased (0.011318 --> 0.008901) in epoch (49). Saving model ...
2026-07-10 07:07:03 | TestSub: S8 | Epoch 50/100 Finsh | Now_lr 0.0005/0.0005 | Train Loss 0.0183 | Valid Loss 0.0139 | Train Acc 99.6094 | Valid Acc 100.0000
2026-07-10 07:07:04 | TestSub: S8 | Epoch 51/100 Finsh | Now_lr 0.0005/0.0005 | Train Loss 0.0191 | Valid Loss 0.0197 | Train Acc 99.4792 | Valid Acc 99.3750
2026-07-10 07:07:05 | TestSub: S8 | Epoch 52/100 Finsh | Now_lr 0.0005/0.0005 | Train Loss 0.0154 | Valid Loss 0.0156 | Train Acc 99.7396 | Valid Acc 99.3750
2026-07-10 07:07:06 | TestSub: S8 | Epoch 53/100 Finsh | Now_lr 0.0005/0.0005 | Train Loss 0.0143 | Valid Loss 0.0179 | Train Acc 99.6745 | Valid Acc 99.3750
2026-07-10 07:07:07 | TestSub: S8 | Epoch 54/100 Finsh | Now_lr 0.0005/0.0005 | Train Loss 0.0087 | Valid Loss 0.0194 | Train Acc 99.9349 | Valid Acc 98.7500
2026-07-10 07:07:08 | TestSub: S8 | Epoch 55/100 Finsh | Now_lr 0.0005/0.0005 | Train Loss 0.0165 | Valid Loss 0.0113 | Train Acc 99.4141 | Valid Acc 99.3750
2026-07-10 07:07:09 | TestSub: S8 | Epoch 56/100 Finsh | Now_lr 0.0005/0.0005 | Train Loss 0.0093 | Valid Loss 0.0113 | Train Acc 99.8047 | Valid Acc 100.0000
2026-07-10 07:07:10 | TestSub: S8 | Epoch 57/100 Finsh | Now_lr 0.0005/0.0005 | Train Loss 0.0129 | Valid Loss 0.0087 | Train Acc 99.7396 | Valid Acc 99.3750
2026-07-10 07:07:10 | Validation loss decreased (0.008901 --> 0.008683) in epoch (57). Saving model ...
2026-07-10 07:07:11 | TestSub: S8 | Epoch 58/100 Finsh | Now_lr 0.0005/0.0005 | Train Loss 0.0145 | Valid Loss 0.0136 | Train Acc 99.6094 | Valid Acc 99.3750
2026-07-10 07:07:12 | TestSub: S8 | Epoch 59/100 Finsh | Now_lr 0.0005/0.0005 | Train Loss 0.0099 | Valid Loss 0.0100 | Train Acc 99.7396 | Valid Acc 100.0000
2026-07-10 07:07:14 | TestSub: S8 | Epoch 60/100 Finsh | Now_lr 0.0005/0.0005 | Train Loss 0.0227 | Valid Loss 0.0130 | Train Acc 99.4141 | Valid Acc 100.0000
2026-07-10 07:07:15 | TestSub: S8 | Epoch 61/100 Finsh | Now_lr 0.0005/0.0005 | Train Loss 0.0092 | Valid Loss 0.0097 | Train Acc 99.8047 | Valid Acc 99.3750
2026-07-10 07:07:16 | TestSub: S8 | Epoch 62/100 Finsh | Now_lr 0.0005/0.0005 | Train Loss 0.0057 | Valid Loss 0.0089 | Train Acc 99.9349 | Valid Acc 99.3750
2026-07-10 07:07:17 | TestSub: S8 | Epoch 63/100 Finsh | Now_lr 0.0005/0.0005 | Train Loss 0.0076 | Valid Loss 0.0119 | Train Acc 99.9349 | Valid Acc 100.0000
2026-07-10 07:07:18 | TestSub: S8 | Epoch 64/100 Finsh | Now_lr 0.0005/0.0005 | Train Loss 0.0090 | Valid Loss 0.0065 | Train Acc 99.7396 | Valid Acc 100.0000
2026-07-10 07:07:18 | Validation loss decreased (0.008683 --> 0.006538) in epoch (64). Saving model ...
2026-07-10 07:07:19 | TestSub: S8 | Epoch 65/100 Finsh | Now_lr 0.0005/0.0005 | Train Loss 0.0143 | Valid Loss 0.0058 | Train Acc 99.5443 | Valid Acc 100.0000
2026-07-10 07:07:19 | Validation loss decreased (0.006538 --> 0.005757) in epoch (65). Saving model ...
2026-07-10 07:07:20 | TestSub: S8 | Epoch 66/100 Finsh | Now_lr 0.0005/0.0005 | Train Loss 0.0141 | Valid Loss 0.0070 | Train Acc 99.6094 | Valid Acc 100.0000
2026-07-10 07:07:21 | TestSub: S8 | Epoch 67/100 Finsh | Now_lr 0.0005/0.0005 | Train Loss 0.0044 | Valid Loss 0.0050 | Train Acc 100.0000 | Valid Acc 100.0000
2026-07-10 07:07:21 | Validation loss decreased (0.005757 --> 0.005009) in epoch (67). Saving model ...
2026-07-10 07:07:22 | TestSub: S8 | Epoch 68/100 Finsh | Now_lr 0.0005/0.0005 | Train Loss 0.0144 | Valid Loss 0.0060 | Train Acc 99.6745 | Valid Acc 100.0000
2026-07-10 07:07:23 | TestSub: S8 | Epoch 69/100 Finsh | Now_lr 0.0005/0.0005 | Train Loss 0.0090 | Valid Loss 0.0092 | Train Acc 99.7396 | Valid Acc 99.3750
2026-07-10 07:07:24 | TestSub: S8 | Epoch 70/100 Finsh | Now_lr 0.0005/0.0005 | Train Loss 0.0133 | Valid Loss 0.0063 | Train Acc 99.6094 | Valid Acc 100.0000
2026-07-10 07:07:25 | TestSub: S8 | Epoch 71/100 Finsh | Now_lr 0.0005/0.0005 | Train Loss 0.0070 | Valid Loss 0.0050 | Train Acc 99.9349 | Valid Acc 100.0000
2026-07-10 07:07:25 | Validation loss decreased (0.005009 --> 0.004964) in epoch (71). Saving model ...
2026-07-10 07:07:26 | TestSub: S8 | Epoch 72/100 Finsh | Now_lr 0.0005/0.0005 | Train Loss 0.0085 | Valid Loss 0.0095 | Train Acc 99.9349 | Valid Acc 100.0000
2026-07-10 07:07:27 | TestSub: S8 | Epoch 73/100 Finsh | Now_lr 0.0005/0.0005 | Train Loss 0.0101 | Valid Loss 0.0068 | Train Acc 99.7396 | Valid Acc 100.0000
2026-07-10 07:07:28 | TestSub: S8 | Epoch 74/100 Finsh | Now_lr 0.0005/0.0005 | Train Loss 0.0068 | Valid Loss 0.0057 | Train Acc 100.0000 | Valid Acc 100.0000
2026-07-10 07:07:29 | TestSub: S8 | Epoch 75/100 Finsh | Now_lr 0.0005/0.0005 | Train Loss 0.0128 | Valid Loss 0.0119 | Train Acc 99.6745 | Valid Acc 99.3750
2026-07-10 07:07:30 | TestSub: S8 | Epoch 76/100 Finsh | Now_lr 0.0005/0.0005 | Train Loss 0.0082 | Valid Loss 0.0068 | Train Acc 99.7396 | Valid Acc 100.0000
2026-07-10 07:07:31 | TestSub: S8 | Epoch 77/100 Finsh | Now_lr 0.0005/0.0005 | Train Loss 0.0073 | Valid Loss 0.0114 | Train Acc 99.9349 | Valid Acc 100.0000
2026-07-10 07:07:32 | TestSub: S8 | Epoch 78/100 Finsh | Now_lr 0.0005/0.0005 | Train Loss 0.0066 | Valid Loss 0.0089 | Train Acc 99.9349 | Valid Acc 100.0000
2026-07-10 07:07:33 | TestSub: S8 | Epoch 79/100 Finsh | Now_lr 0.0005/0.0005 | Train Loss 0.0059 | Valid Loss 0.0101 | Train Acc 99.8698 | Valid Acc 99.3750
2026-07-10 07:07:33 | TestSub: S8 | Epoch 80/100 Finsh | Now_lr 0.0005/0.0005 | Train Loss 0.0082 | Valid Loss 0.0188 | Train Acc 99.8047 | Valid Acc 98.7500
2026-07-10 07:07:34 | TestSub: S8 | Epoch 81/100 Finsh | Now_lr 0.0005/0.0005 | Train Loss 0.0043 | Valid Loss 0.0061 | Train Acc 99.8698 | Valid Acc 100.0000
2026-07-10 07:07:35 | TestSub: S8 | Epoch 82/100 Finsh | Now_lr 0.0005/0.0005 | Train Loss 0.0063 | Valid Loss 0.0072 | Train Acc 99.9349 | Valid Acc 100.0000
2026-07-10 07:07:36 | TestSub: S8 | Epoch 83/100 Finsh | Now_lr 0.0005/0.0005 | Train Loss 0.0056 | Valid Loss 0.0075 | Train Acc 99.9349 | Valid Acc 99.3750
2026-07-10 07:07:37 | TestSub: S8 | Epoch 84/100 Finsh | Now_lr 0.0005/0.0005 | Train Loss 0.0090 | Valid Loss 0.0136 | Train Acc 99.7396 | Valid Acc 99.3750
2026-07-10 07:07:38 | TestSub: S8 | Epoch 85/100 Finsh | Now_lr 0.0005/0.0005 | Train Loss 0.0135 | Valid Loss 0.0113 | Train Acc 99.5443 | Valid Acc 99.3750
2026-07-10 07:07:39 | TestSub: S8 | Epoch 86/100 Finsh | Now_lr 0.0005/0.0005 | Train Loss 0.0134 | Valid Loss 0.0143 | Train Acc 99.7396 | Valid Acc 99.3750
2026-07-10 07:07:40 | TestSub: S8 | Epoch 87/100 Finsh | Now_lr 0.0005/0.0005 | Train Loss 0.0074 | Valid Loss 0.0143 | Train Acc 99.8698 | Valid Acc 99.3750
2026-07-10 07:07:41 | TestSub: S8 | Epoch 88/100 Finsh | Now_lr 0.0005/0.0005 | Train Loss 0.0049 | Valid Loss 0.0073 | Train Acc 99.9349 | Valid Acc 100.0000
2026-07-10 07:07:42 | TestSub: S8 | Epoch 89/100 Finsh | Now_lr 0.0005/0.0005 | Train Loss 0.0044 | Valid Loss 0.0093 | Train Acc 100.0000 | Valid Acc 99.3750
2026-07-10 07:07:43 | TestSub: S8 | Epoch 90/100 Finsh | Now_lr 0.0005/0.0005 | Train Loss 0.0086 | Valid Loss 0.0149 | Train Acc 99.8698 | Valid Acc 99.3750
2026-07-10 07:07:44 | TestSub: S8 | Epoch 91/100 Finsh | Now_lr 0.0005/0.0005 | Train Loss 0.0203 | Valid Loss 0.0384 | Train Acc 99.2839 | Valid Acc 98.7500
2026-07-10 07:07:45 | TestSub: S8 | Epoch 92/100 Finsh | Now_lr 0.0005/0.0005 | Train Loss 0.0141 | Valid Loss 0.0113 | Train Acc 99.6094 | Valid Acc 100.0000
2026-07-10 07:07:45 | Early stopping at epoch 92!
2026-07-10 07:07:45 | --------------------------------------------------
2026-07-10 07:07:45 | Test_Subject :S8 | Best epoch:71 | Test Loss:0.0148 | Savemodel Acc 100.0000
2026-07-10 07:07:45 | --------------------------------------------------
2026-07-10 07:07:45 | Best epoch: 71 | Test acc: 100.0000
