2026-07-10 06:54:25 | Logging started: ./writer/Subject_dependent_AAD/KUL/3.0s/result//Train3.0s_sub1.log
2026-07-10 06:54:30 | Sub_id: 1
2026-07-10 06:54:38 | TestSub: S1 | Epoch  1/100 Finsh | Now_lr 0.0005/0.0005 | Train Loss 0.6792 | Valid Loss 0.6807 | Train Acc 57.2266 | Valid Acc 66.2500
2026-07-10 06:54:38 | Validation loss decreased (inf --> 0.680672) in epoch (1). Saving model ...
2026-07-10 06:54:39 | TestSub: S1 | Epoch  2/100 Finsh | Now_lr 0.0005/0.0005 | Train Loss 0.5500 | Valid Loss 0.5120 | Train Acc 73.5677 | Valid Acc 81.2500
2026-07-10 06:54:39 | Validation loss decreased (0.680672 --> 0.512014) in epoch (2). Saving model ...
2026-07-10 06:54:40 | TestSub: S1 | Epoch  3/100 Finsh | Now_lr 0.0005/0.0005 | Train Loss 0.4505 | Valid Loss 0.3682 | Train Acc 81.3802 | Valid Acc 85.6250
2026-07-10 06:54:40 | Validation loss decreased (0.512014 --> 0.368187) in epoch (3). Saving model ...
2026-07-10 06:54:41 | TestSub: S1 | Epoch  4/100 Finsh | Now_lr 0.0005/0.0005 | Train Loss 0.3549 | Valid Loss 0.2797 | Train Acc 86.3281 | Valid Acc 91.8750
2026-07-10 06:54:41 | Validation loss decreased (0.368187 --> 0.279704) in epoch (4). Saving model ...
2026-07-10 06:54:42 | TestSub: S1 | Epoch  5/100 Finsh | Now_lr 0.0005/0.0005 | Train Loss 0.3037 | Valid Loss 0.2219 | Train Acc 88.2161 | Valid Acc 93.7500
2026-07-10 06:54:42 | Validation loss decreased (0.279704 --> 0.221882) in epoch (5). Saving model ...
2026-07-10 06:54:43 | TestSub: S1 | Epoch  6/100 Finsh | Now_lr 0.0005/0.0005 | Train Loss 0.2281 | Valid Loss 0.2356 | Train Acc 92.8385 | Valid Acc 91.8750
2026-07-10 06:54:44 | TestSub: S1 | Epoch  7/100 Finsh | Now_lr 0.0005/0.0005 | Train Loss 0.2100 | Valid Loss 0.1838 | Train Acc 92.3828 | Valid Acc 95.0000
2026-07-10 06:54:44 | Validation loss decreased (0.221882 --> 0.183840) in epoch (7). Saving model ...
2026-07-10 06:54:45 | TestSub: S1 | Epoch  8/100 Finsh | Now_lr 0.0005/0.0005 | Train Loss 0.1927 | Valid Loss 0.1517 | Train Acc 93.0339 | Valid Acc 98.1250
2026-07-10 06:54:45 | Validation loss decreased (0.183840 --> 0.151740) in epoch (8). Saving model ...
2026-07-10 06:54:47 | TestSub: S1 | Epoch  9/100 Finsh | Now_lr 0.0005/0.0005 | Train Loss 0.1747 | Valid Loss 0.2170 | Train Acc 94.1406 | Valid Acc 91.8750
2026-07-10 06:54:48 | TestSub: S1 | Epoch 10/100 Finsh | Now_lr 0.0005/0.0005 | Train Loss 0.1744 | Valid Loss 0.1629 | Train Acc 93.9453 | Valid Acc 96.8750
2026-07-10 06:54:49 | TestSub: S1 | Epoch 11/100 Finsh | Now_lr 0.0005/0.0005 | Train Loss 0.1532 | Valid Loss 0.1382 | Train Acc 94.7266 | Valid Acc 98.7500
2026-07-10 06:54:49 | Validation loss decreased (0.151740 --> 0.138213) in epoch (11). Saving model ...
2026-07-10 06:54:50 | TestSub: S1 | Epoch 12/100 Finsh | Now_lr 0.0005/0.0005 | Train Loss 0.1521 | Valid Loss 0.1296 | Train Acc 94.4661 | Valid Acc 97.5000
2026-07-10 06:54:50 | Validation loss decreased (0.138213 --> 0.129634) in epoch (12). Saving model ...
2026-07-10 06:54:51 | TestSub: S1 | Epoch 13/100 Finsh | Now_lr 0.0005/0.0005 | Train Loss 0.1496 | Valid Loss 0.1286 | Train Acc 94.2057 | Valid Acc 96.2500
2026-07-10 06:54:51 | Validation loss decreased (0.129634 --> 0.128583) in epoch (13). Saving model ...
2026-07-10 06:54:52 | TestSub: S1 | Epoch 14/100 Finsh | Now_lr 0.0005/0.0005 | Train Loss 0.1423 | Valid Loss 0.1504 | Train Acc 94.6615 | Valid Acc 96.2500
2026-07-10 06:54:53 | TestSub: S1 | Epoch 15/100 Finsh | Now_lr 0.0005/0.0005 | Train Loss 0.1371 | Valid Loss 0.1174 | Train Acc 94.1406 | Valid Acc 96.8750
2026-07-10 06:54:53 | Validation loss decreased (0.128583 --> 0.117424) in epoch (15). Saving model ...
2026-07-10 06:54:54 | TestSub: S1 | Epoch 16/100 Finsh | Now_lr 0.0005/0.0005 | Train Loss 0.1261 | Valid Loss 0.1106 | Train Acc 94.8568 | Valid Acc 98.7500
2026-07-10 06:54:54 | Validation loss decreased (0.117424 --> 0.110585) in epoch (16). Saving model ...
2026-07-10 06:54:55 | TestSub: S1 | Epoch 17/100 Finsh | Now_lr 0.0005/0.0005 | Train Loss 0.1181 | Valid Loss 0.1130 | Train Acc 95.4427 | Valid Acc 98.7500
2026-07-10 06:54:56 | TestSub: S1 | Epoch 18/100 Finsh | Now_lr 0.0005/0.0005 | Train Loss 0.1104 | Valid Loss 0.1014 | Train Acc 96.2891 | Valid Acc 98.7500
2026-07-10 06:54:56 | Validation loss decreased (0.110585 --> 0.101398) in epoch (18). Saving model ...
2026-07-10 06:54:57 | TestSub: S1 | Epoch 19/100 Finsh | Now_lr 0.0005/0.0005 | Train Loss 0.1184 | Valid Loss 0.0962 | Train Acc 95.5729 | Valid Acc 98.1250
2026-07-10 06:54:57 | Validation loss decreased (0.101398 --> 0.096188) in epoch (19). Saving model ...
2026-07-10 06:54:58 | TestSub: S1 | Epoch 20/100 Finsh | Now_lr 0.0005/0.0005 | Train Loss 0.1174 | Valid Loss 0.0970 | Train Acc 95.7682 | Valid Acc 98.1250
2026-07-10 06:54:59 | TestSub: S1 | Epoch 21/100 Finsh | Now_lr 0.0005/0.0005 | Train Loss 0.1081 | Valid Loss 0.1053 | Train Acc 96.1589 | Valid Acc 98.7500
2026-07-10 06:55:00 | TestSub: S1 | Epoch 22/100 Finsh | Now_lr 0.0005/0.0005 | Train Loss 0.1143 | Valid Loss 0.1142 | Train Acc 95.5729 | Valid Acc 96.8750
2026-07-10 06:55:01 | TestSub: S1 | Epoch 23/100 Finsh | Now_lr 0.0005/0.0005 | Train Loss 0.1013 | Valid Loss 0.0960 | Train Acc 96.5495 | Valid Acc 98.1250
2026-07-10 06:55:01 | Validation loss decreased (0.096188 --> 0.095958) in epoch (23). Saving model ...
2026-07-10 06:55:02 | TestSub: S1 | Epoch 24/100 Finsh | Now_lr 0.0005/0.0005 | Train Loss 0.0982 | Valid Loss 0.0989 | Train Acc 96.3542 | Valid Acc 98.7500
2026-07-10 06:55:03 | TestSub: S1 | Epoch 25/100 Finsh | Now_lr 0.0005/0.0005 | Train Loss 0.1238 | Valid Loss 0.1392 | Train Acc 96.1589 | Valid Acc 95.6250
2026-07-10 06:55:04 | TestSub: S1 | Epoch 26/100 Finsh | Now_lr 0.0005/0.0005 | Train Loss 0.0881 | Valid Loss 0.0937 | Train Acc 97.1354 | Valid Acc 96.8750
2026-07-10 06:55:04 | Validation loss decreased (0.095958 --> 0.093695) in epoch (26). Saving model ...
2026-07-10 06:55:05 | TestSub: S1 | Epoch 27/100 Finsh | Now_lr 0.0005/0.0005 | Train Loss 0.1077 | Valid Loss 0.1490 | Train Acc 95.9635 | Valid Acc 93.7500
2026-07-10 06:55:06 | TestSub: S1 | Epoch 28/100 Finsh | Now_lr 0.0005/0.0005 | Train Loss 0.0948 | Valid Loss 0.1131 | Train Acc 96.4193 | Valid Acc 96.2500
2026-07-10 06:55:07 | TestSub: S1 | Epoch 29/100 Finsh | Now_lr 0.0005/0.0005 | Train Loss 0.0936 | Valid Loss 0.1264 | Train Acc 96.4844 | Valid Acc 95.0000
2026-07-10 06:55:08 | TestSub: S1 | Epoch 30/100 Finsh | Now_lr 0.0005/0.0005 | Train Loss 0.1124 | Valid Loss 0.0977 | Train Acc 95.8984 | Valid Acc 97.5000
2026-07-10 06:55:09 | TestSub: S1 | Epoch 31/100 Finsh | Now_lr 0.0005/0.0005 | Train Loss 0.0829 | Valid Loss 0.0932 | Train Acc 97.5260 | Valid Acc 98.1250
2026-07-10 06:55:09 | Validation loss decreased (0.093695 --> 0.093237) in epoch (31). Saving model ...
2026-07-10 06:55:10 | TestSub: S1 | Epoch 32/100 Finsh | Now_lr 0.0005/0.0005 | Train Loss 0.0781 | Valid Loss 0.0946 | Train Acc 97.9167 | Valid Acc 98.1250
2026-07-10 06:55:11 | TestSub: S1 | Epoch 33/100 Finsh | Now_lr 0.0005/0.0005 | Train Loss 0.0799 | Valid Loss 0.0819 | Train Acc 97.1354 | Valid Acc 98.1250
2026-07-10 06:55:11 | Validation loss decreased (0.093237 --> 0.081863) in epoch (33). Saving model ...
2026-07-10 06:55:12 | TestSub: S1 | Epoch 34/100 Finsh | Now_lr 0.0005/0.0005 | Train Loss 0.0836 | Valid Loss 0.0998 | Train Acc 97.1354 | Valid Acc 97.5000
2026-07-10 06:55:13 | TestSub: S1 | Epoch 35/100 Finsh | Now_lr 0.0005/0.0005 | Train Loss 0.0630 | Valid Loss 0.0878 | Train Acc 98.0469 | Valid Acc 97.5000
2026-07-10 06:55:14 | TestSub: S1 | Epoch 36/100 Finsh | Now_lr 0.0005/0.0005 | Train Loss 0.0844 | Valid Loss 0.1092 | Train Acc 96.8750 | Valid Acc 96.8750
2026-07-10 06:55:15 | TestSub: S1 | Epoch 37/100 Finsh | Now_lr 0.0005/0.0005 | Train Loss 0.0635 | Valid Loss 0.0808 | Train Acc 97.9167 | Valid Acc 98.7500
2026-07-10 06:55:15 | Validation loss decreased (0.081863 --> 0.080755) in epoch (37). Saving model ...
2026-07-10 06:55:16 | TestSub: S1 | Epoch 38/100 Finsh | Now_lr 0.0005/0.0005 | Train Loss 0.0846 | Valid Loss 0.0963 | Train Acc 96.2240 | Valid Acc 97.5000
2026-07-10 06:55:17 | TestSub: S1 | Epoch 39/100 Finsh | Now_lr 0.0005/0.0005 | Train Loss 0.0658 | Valid Loss 0.0787 | Train Acc 97.8516 | Valid Acc 98.7500
2026-07-10 06:55:17 | Validation loss decreased (0.080755 --> 0.078727) in epoch (39). Saving model ...
2026-07-10 06:55:18 | TestSub: S1 | Epoch 40/100 Finsh | Now_lr 0.0005/0.0005 | Train Loss 0.0796 | Valid Loss 0.0983 | Train Acc 97.2656 | Valid Acc 96.8750
2026-07-10 06:55:19 | TestSub: S1 | Epoch 41/100 Finsh | Now_lr 0.0005/0.0005 | Train Loss 0.0621 | Valid Loss 0.0893 | Train Acc 98.1120 | Valid Acc 96.2500
2026-07-10 06:55:20 | TestSub: S1 | Epoch 42/100 Finsh | Now_lr 0.0005/0.0005 | Train Loss 0.0626 | Valid Loss 0.0705 | Train Acc 97.9818 | Valid Acc 98.7500
2026-07-10 06:55:20 | Validation loss decreased (0.078727 --> 0.070509) in epoch (42). Saving model ...
2026-07-10 06:55:21 | TestSub: S1 | Epoch 43/100 Finsh | Now_lr 0.0005/0.0005 | Train Loss 0.0567 | Valid Loss 0.0945 | Train Acc 98.3724 | Valid Acc 97.5000
2026-07-10 06:55:22 | TestSub: S1 | Epoch 44/100 Finsh | Now_lr 0.0005/0.0005 | Train Loss 0.0615 | Valid Loss 0.0993 | Train Acc 97.9818 | Valid Acc 96.8750
2026-07-10 06:55:23 | TestSub: S1 | Epoch 45/100 Finsh | Now_lr 0.0005/0.0005 | Train Loss 0.0977 | Valid Loss 0.0831 | Train Acc 96.1589 | Valid Acc 97.5000
2026-07-10 06:55:24 | TestSub: S1 | Epoch 46/100 Finsh | Now_lr 0.0005/0.0005 | Train Loss 0.0513 | Valid Loss 0.0631 | Train Acc 98.8281 | Valid Acc 98.7500
2026-07-10 06:55:24 | Validation loss decreased (0.070509 --> 0.063107) in epoch (46). Saving model ...
2026-07-10 06:55:25 | TestSub: S1 | Epoch 47/100 Finsh | Now_lr 0.0005/0.0005 | Train Loss 0.0724 | Valid Loss 0.0802 | Train Acc 97.2005 | Valid Acc 98.7500
2026-07-10 06:55:26 | TestSub: S1 | Epoch 48/100 Finsh | Now_lr 0.0005/0.0005 | Train Loss 0.0653 | Valid Loss 0.0893 | Train Acc 97.7214 | Valid Acc 96.8750
2026-07-10 06:55:27 | TestSub: S1 | Epoch 49/100 Finsh | Now_lr 0.0005/0.0005 | Train Loss 0.0736 | Valid Loss 0.1385 | Train Acc 96.8099 | Valid Acc 93.7500
2026-07-10 06:55:28 | TestSub: S1 | Epoch 50/100 Finsh | Now_lr 0.0005/0.0005 | Train Loss 0.0892 | Valid Loss 0.0974 | Train Acc 96.6146 | Valid Acc 96.8750
2026-07-10 06:55:29 | TestSub: S1 | Epoch 51/100 Finsh | Now_lr 0.0005/0.0005 | Train Loss 0.0568 | Valid Loss 0.0863 | Train Acc 98.4375 | Valid Acc 97.5000
2026-07-10 06:55:30 | TestSub: S1 | Epoch 52/100 Finsh | Now_lr 0.0005/0.0005 | Train Loss 0.0855 | Valid Loss 0.0852 | Train Acc 96.4844 | Valid Acc 97.5000
2026-07-10 06:55:30 | TestSub: S1 | Epoch 53/100 Finsh | Now_lr 0.0005/0.0005 | Train Loss 0.0502 | Valid Loss 0.0733 | Train Acc 98.5026 | Valid Acc 98.1250
2026-07-10 06:55:31 | TestSub: S1 | Epoch 54/100 Finsh | Now_lr 0.0005/0.0005 | Train Loss 0.0642 | Valid Loss 0.0748 | Train Acc 97.8516 | Valid Acc 98.1250
2026-07-10 06:55:32 | TestSub: S1 | Epoch 55/100 Finsh | Now_lr 0.0005/0.0005 | Train Loss 0.0430 | Valid Loss 0.1064 | Train Acc 99.0234 | Valid Acc 95.6250
2026-07-10 06:55:33 | TestSub: S1 | Epoch 56/100 Finsh | Now_lr 0.0005/0.0005 | Train Loss 0.0535 | Valid Loss 0.0657 | Train Acc 98.3724 | Valid Acc 98.1250
2026-07-10 06:55:34 | TestSub: S1 | Epoch 57/100 Finsh | Now_lr 0.0005/0.0005 | Train Loss 0.0672 | Valid Loss 0.0670 | Train Acc 98.0469 | Valid Acc 98.1250
2026-07-10 06:55:35 | TestSub: S1 | Epoch 58/100 Finsh | Now_lr 0.0005/0.0005 | Train Loss 0.0691 | Valid Loss 0.1038 | Train Acc 97.8516 | Valid Acc 95.6250
2026-07-10 06:55:36 | TestSub: S1 | Epoch 59/100 Finsh | Now_lr 0.0005/0.0005 | Train Loss 0.0554 | Valid Loss 0.1037 | Train Acc 98.1771 | Valid Acc 96.8750
2026-07-10 06:55:37 | TestSub: S1 | Epoch 60/100 Finsh | Now_lr 0.0005/0.0005 | Train Loss 0.0584 | Valid Loss 0.0690 | Train Acc 97.9167 | Valid Acc 98.1250
2026-07-10 06:55:38 | TestSub: S1 | Epoch 61/100 Finsh | Now_lr 0.0005/0.0005 | Train Loss 0.0439 | Valid Loss 0.0707 | Train Acc 98.9583 | Valid Acc 98.1250
2026-07-10 06:55:39 | TestSub: S1 | Epoch 62/100 Finsh | Now_lr 0.0005/0.0005 | Train Loss 0.0570 | Valid Loss 0.2112 | Train Acc 97.9167 | Valid Acc 91.2500
2026-07-10 06:55:40 | TestSub: S1 | Epoch 63/100 Finsh | Now_lr 0.0005/0.0005 | Train Loss 0.0694 | Valid Loss 0.0717 | Train Acc 97.5260 | Valid Acc 97.5000
2026-07-10 06:55:41 | TestSub: S1 | Epoch 64/100 Finsh | Now_lr 0.0005/0.0005 | Train Loss 0.0484 | Valid Loss 0.0747 | Train Acc 98.6979 | Valid Acc 98.1250
2026-07-10 06:55:42 | TestSub: S1 | Epoch 65/100 Finsh | Now_lr 0.0005/0.0005 | Train Loss 0.0428 | Valid Loss 0.0844 | Train Acc 99.0234 | Valid Acc 97.5000
2026-07-10 06:55:43 | TestSub: S1 | Epoch 66/100 Finsh | Now_lr 0.0005/0.0005 | Train Loss 0.0470 | Valid Loss 0.0758 | Train Acc 98.4375 | Valid Acc 97.5000
2026-07-10 06:55:44 | TestSub: S1 | Epoch 67/100 Finsh | Now_lr 0.0005/0.0005 | Train Loss 0.0593 | Valid Loss 0.0674 | Train Acc 97.9167 | Valid Acc 98.1250
2026-07-10 06:55:44 | Early stopping at epoch 67!
2026-07-10 06:55:44 | --------------------------------------------------
2026-07-10 06:55:44 | Test_Subject :S1 | Best epoch:46 | Test Loss:0.1600 | Savemodel Acc 93.7500
2026-07-10 06:55:44 | --------------------------------------------------
2026-07-10 06:55:44 | Best epoch: 46 | Test acc: 93.7500
