2026-07-10 07:20:03 | Logging started: ./writer/Subject_dependent_AAD/KUL/3.0s/result//Train3.0s_sub16.log
2026-07-10 07:20:08 | Sub_id: 16
2026-07-10 07:20:12 | TestSub: S16 | Epoch  1/100 Finsh | Now_lr 0.0005/0.0005 | Train Loss 0.6866 | Valid Loss 0.6954 | Train Acc 55.9245 | Valid Acc 48.1250
2026-07-10 07:20:12 | Validation loss decreased (inf --> 0.695373) in epoch (1). Saving model ...
2026-07-10 07:20:13 | TestSub: S16 | Epoch  2/100 Finsh | Now_lr 0.0005/0.0005 | Train Loss 0.4833 | Valid Loss 0.3862 | Train Acc 80.0130 | Valid Acc 91.2500
2026-07-10 07:20:13 | Validation loss decreased (0.695373 --> 0.386174) in epoch (2). Saving model ...
2026-07-10 07:20:14 | TestSub: S16 | Epoch  3/100 Finsh | Now_lr 0.0005/0.0005 | Train Loss 0.2547 | Valid Loss 0.2004 | Train Acc 93.3594 | Valid Acc 97.5000
2026-07-10 07:20:14 | Validation loss decreased (0.386174 --> 0.200447) in epoch (3). Saving model ...
2026-07-10 07:20:15 | TestSub: S16 | Epoch  4/100 Finsh | Now_lr 0.0005/0.0005 | Train Loss 0.1706 | Valid Loss 0.1252 | Train Acc 95.1172 | Valid Acc 98.7500
2026-07-10 07:20:15 | Validation loss decreased (0.200447 --> 0.125219) in epoch (4). Saving model ...
2026-07-10 07:20:16 | TestSub: S16 | Epoch  5/100 Finsh | Now_lr 0.0005/0.0005 | Train Loss 0.1080 | Valid Loss 0.1048 | Train Acc 97.8516 | Valid Acc 98.1250
2026-07-10 07:20:16 | Validation loss decreased (0.125219 --> 0.104805) in epoch (5). Saving model ...
2026-07-10 07:20:17 | TestSub: S16 | Epoch  6/100 Finsh | Now_lr 0.0005/0.0005 | Train Loss 0.0916 | Valid Loss 0.0661 | Train Acc 98.3073 | Valid Acc 99.3750
2026-07-10 07:20:17 | Validation loss decreased (0.104805 --> 0.066095) in epoch (6). Saving model ...
2026-07-10 07:20:18 | TestSub: S16 | Epoch  7/100 Finsh | Now_lr 0.0005/0.0005 | Train Loss 0.0740 | Valid Loss 0.0518 | Train Acc 98.4375 | Valid Acc 99.3750
2026-07-10 07:20:18 | Validation loss decreased (0.066095 --> 0.051779) in epoch (7). Saving model ...
2026-07-10 07:20:19 | TestSub: S16 | Epoch  8/100 Finsh | Now_lr 0.0005/0.0005 | Train Loss 0.0736 | Valid Loss 0.0564 | Train Acc 98.0469 | Valid Acc 99.3750
2026-07-10 07:20:20 | TestSub: S16 | Epoch  9/100 Finsh | Now_lr 0.0005/0.0005 | Train Loss 0.0454 | Valid Loss 0.0410 | Train Acc 99.4141 | Valid Acc 99.3750
2026-07-10 07:20:20 | Validation loss decreased (0.051779 --> 0.040992) in epoch (9). Saving model ...
2026-07-10 07:20:22 | TestSub: S16 | Epoch 10/100 Finsh | Now_lr 0.0005/0.0005 | Train Loss 0.0451 | Valid Loss 0.0382 | Train Acc 99.3490 | Valid Acc 99.3750
2026-07-10 07:20:22 | Validation loss decreased (0.040992 --> 0.038219) in epoch (10). Saving model ...
2026-07-10 07:20:23 | TestSub: S16 | Epoch 11/100 Finsh | Now_lr 0.0005/0.0005 | Train Loss 0.0406 | Valid Loss 0.0346 | Train Acc 99.2188 | Valid Acc 99.3750
2026-07-10 07:20:23 | Validation loss decreased (0.038219 --> 0.034559) in epoch (11). Saving model ...
2026-07-10 07:20:24 | TestSub: S16 | Epoch 12/100 Finsh | Now_lr 0.0005/0.0005 | Train Loss 0.0481 | Valid Loss 0.0313 | Train Acc 98.6979 | Valid Acc 99.3750
2026-07-10 07:20:24 | Validation loss decreased (0.034559 --> 0.031271) in epoch (12). Saving model ...
2026-07-10 07:20:25 | TestSub: S16 | Epoch 13/100 Finsh | Now_lr 0.0005/0.0005 | Train Loss 0.0301 | Valid Loss 0.0258 | Train Acc 99.5443 | Valid Acc 100.0000
2026-07-10 07:20:25 | Validation loss decreased (0.031271 --> 0.025760) in epoch (13). Saving model ...
2026-07-10 07:20:26 | TestSub: S16 | Epoch 14/100 Finsh | Now_lr 0.0005/0.0005 | Train Loss 0.0368 | Valid Loss 0.0321 | Train Acc 99.0885 | Valid Acc 99.3750
2026-07-10 07:20:27 | TestSub: S16 | Epoch 15/100 Finsh | Now_lr 0.0005/0.0005 | Train Loss 0.0378 | Valid Loss 0.0187 | Train Acc 99.2839 | Valid Acc 99.3750
2026-07-10 07:20:27 | Validation loss decreased (0.025760 --> 0.018710) in epoch (15). Saving model ...
2026-07-10 07:20:28 | TestSub: S16 | Epoch 16/100 Finsh | Now_lr 0.0005/0.0005 | Train Loss 0.0302 | Valid Loss 0.0268 | Train Acc 99.5443 | Valid Acc 99.3750
2026-07-10 07:20:29 | TestSub: S16 | Epoch 17/100 Finsh | Now_lr 0.0005/0.0005 | Train Loss 0.0275 | Valid Loss 0.0215 | Train Acc 99.4141 | Valid Acc 99.3750
2026-07-10 07:20:30 | TestSub: S16 | Epoch 18/100 Finsh | Now_lr 0.0005/0.0005 | Train Loss 0.0244 | Valid Loss 0.0157 | Train Acc 99.3490 | Valid Acc 100.0000
2026-07-10 07:20:30 | Validation loss decreased (0.018710 --> 0.015729) in epoch (18). Saving model ...
2026-07-10 07:20:31 | TestSub: S16 | Epoch 19/100 Finsh | Now_lr 0.0005/0.0005 | Train Loss 0.0210 | Valid Loss 0.0141 | Train Acc 99.5443 | Valid Acc 99.3750
2026-07-10 07:20:31 | Validation loss decreased (0.015729 --> 0.014138) in epoch (19). Saving model ...
2026-07-10 07:20:32 | TestSub: S16 | Epoch 20/100 Finsh | Now_lr 0.0005/0.0005 | Train Loss 0.0279 | Valid Loss 0.0152 | Train Acc 99.2188 | Valid Acc 99.3750
2026-07-10 07:20:33 | TestSub: S16 | Epoch 21/100 Finsh | Now_lr 0.0005/0.0005 | Train Loss 0.0182 | Valid Loss 0.0166 | Train Acc 99.8047 | Valid Acc 100.0000
2026-07-10 07:20:34 | TestSub: S16 | Epoch 22/100 Finsh | Now_lr 0.0005/0.0005 | Train Loss 0.0170 | Valid Loss 0.0162 | Train Acc 99.6745 | Valid Acc 99.3750
2026-07-10 07:20:35 | TestSub: S16 | Epoch 23/100 Finsh | Now_lr 0.0005/0.0005 | Train Loss 0.0201 | Valid Loss 0.0127 | Train Acc 99.5443 | Valid Acc 100.0000
2026-07-10 07:20:35 | Validation loss decreased (0.014138 --> 0.012694) in epoch (23). Saving model ...
2026-07-10 07:20:36 | TestSub: S16 | Epoch 24/100 Finsh | Now_lr 0.0005/0.0005 | Train Loss 0.0197 | Valid Loss 0.0110 | Train Acc 99.6745 | Valid Acc 100.0000
2026-07-10 07:20:36 | Validation loss decreased (0.012694 --> 0.011006) in epoch (24). Saving model ...
2026-07-10 07:20:37 | TestSub: S16 | Epoch 25/100 Finsh | Now_lr 0.0005/0.0005 | Train Loss 0.0138 | Valid Loss 0.0159 | Train Acc 99.6745 | Valid Acc 100.0000
2026-07-10 07:20:38 | TestSub: S16 | Epoch 26/100 Finsh | Now_lr 0.0005/0.0005 | Train Loss 0.0209 | Valid Loss 0.0253 | Train Acc 99.4141 | Valid Acc 99.3750
2026-07-10 07:20:39 | TestSub: S16 | Epoch 27/100 Finsh | Now_lr 0.0005/0.0005 | Train Loss 0.0169 | Valid Loss 0.0125 | Train Acc 99.7396 | Valid Acc 99.3750
2026-07-10 07:20:40 | TestSub: S16 | Epoch 28/100 Finsh | Now_lr 0.0005/0.0005 | Train Loss 0.0148 | Valid Loss 0.0113 | Train Acc 99.6745 | Valid Acc 99.3750
2026-07-10 07:20:41 | TestSub: S16 | Epoch 29/100 Finsh | Now_lr 0.0005/0.0005 | Train Loss 0.0162 | Valid Loss 0.0146 | Train Acc 99.6745 | Valid Acc 100.0000
2026-07-10 07:20:42 | TestSub: S16 | Epoch 30/100 Finsh | Now_lr 0.0005/0.0005 | Train Loss 0.0115 | Valid Loss 0.0136 | Train Acc 99.8698 | Valid Acc 99.3750
2026-07-10 07:20:43 | TestSub: S16 | Epoch 31/100 Finsh | Now_lr 0.0005/0.0005 | Train Loss 0.0189 | Valid Loss 0.0118 | Train Acc 99.6094 | Valid Acc 99.3750
2026-07-10 07:20:44 | TestSub: S16 | Epoch 32/100 Finsh | Now_lr 0.0005/0.0005 | Train Loss 0.0263 | Valid Loss 0.0160 | Train Acc 99.0234 | Valid Acc 99.3750
2026-07-10 07:20:45 | TestSub: S16 | Epoch 33/100 Finsh | Now_lr 0.0005/0.0005 | Train Loss 0.0138 | Valid Loss 0.0116 | Train Acc 99.7396 | Valid Acc 99.3750
2026-07-10 07:20:46 | TestSub: S16 | Epoch 34/100 Finsh | Now_lr 0.0005/0.0005 | Train Loss 0.0126 | Valid Loss 0.0147 | Train Acc 99.8047 | Valid Acc 99.3750
2026-07-10 07:20:47 | TestSub: S16 | Epoch 35/100 Finsh | Now_lr 0.0005/0.0005 | Train Loss 0.0072 | Valid Loss 0.0115 | Train Acc 100.0000 | Valid Acc 99.3750
2026-07-10 07:20:48 | TestSub: S16 | Epoch 36/100 Finsh | Now_lr 0.0005/0.0005 | Train Loss 0.0112 | Valid Loss 0.0128 | Train Acc 99.7396 | Valid Acc 99.3750
2026-07-10 07:20:49 | TestSub: S16 | Epoch 37/100 Finsh | Now_lr 0.0005/0.0005 | Train Loss 0.0115 | Valid Loss 0.0392 | Train Acc 99.8047 | Valid Acc 98.7500
2026-07-10 07:20:50 | TestSub: S16 | Epoch 38/100 Finsh | Now_lr 0.0005/0.0005 | Train Loss 0.0191 | Valid Loss 0.0100 | Train Acc 99.6094 | Valid Acc 99.3750
2026-07-10 07:20:50 | Validation loss decreased (0.011006 --> 0.010003) in epoch (38). Saving model ...
2026-07-10 07:20:51 | TestSub: S16 | Epoch 39/100 Finsh | Now_lr 0.0005/0.0005 | Train Loss 0.0172 | Valid Loss 0.0068 | Train Acc 99.3490 | Valid Acc 100.0000
2026-07-10 07:20:51 | Validation loss decreased (0.010003 --> 0.006813) in epoch (39). Saving model ...
2026-07-10 07:20:52 | TestSub: S16 | Epoch 40/100 Finsh | Now_lr 0.0005/0.0005 | Train Loss 0.0067 | Valid Loss 0.0075 | Train Acc 99.8698 | Valid Acc 100.0000
2026-07-10 07:20:53 | TestSub: S16 | Epoch 41/100 Finsh | Now_lr 0.0005/0.0005 | Train Loss 0.0086 | Valid Loss 0.0080 | Train Acc 99.9349 | Valid Acc 100.0000
2026-07-10 07:20:54 | TestSub: S16 | Epoch 42/100 Finsh | Now_lr 0.0005/0.0005 | Train Loss 0.0102 | Valid Loss 0.0069 | Train Acc 99.7396 | Valid Acc 100.0000
2026-07-10 07:20:55 | TestSub: S16 | Epoch 43/100 Finsh | Now_lr 0.0005/0.0005 | Train Loss 0.0053 | Valid Loss 0.0059 | Train Acc 100.0000 | Valid Acc 100.0000
2026-07-10 07:20:55 | Validation loss decreased (0.006813 --> 0.005905) in epoch (43). Saving model ...
2026-07-10 07:20:56 | TestSub: S16 | Epoch 44/100 Finsh | Now_lr 0.0005/0.0005 | Train Loss 0.0086 | Valid Loss 0.0055 | Train Acc 99.9349 | Valid Acc 100.0000
2026-07-10 07:20:56 | Validation loss decreased (0.005905 --> 0.005519) in epoch (44). Saving model ...
2026-07-10 07:20:57 | TestSub: S16 | Epoch 45/100 Finsh | Now_lr 0.0005/0.0005 | Train Loss 0.0204 | Valid Loss 0.0217 | Train Acc 99.2839 | Valid Acc 99.3750
2026-07-10 07:20:58 | TestSub: S16 | Epoch 46/100 Finsh | Now_lr 0.0005/0.0005 | Train Loss 0.0064 | Valid Loss 0.0094 | Train Acc 99.9349 | Valid Acc 100.0000
2026-07-10 07:20:59 | TestSub: S16 | Epoch 47/100 Finsh | Now_lr 0.0005/0.0005 | Train Loss 0.0097 | Valid Loss 0.0118 | Train Acc 99.8698 | Valid Acc 99.3750
2026-07-10 07:21:00 | TestSub: S16 | Epoch 48/100 Finsh | Now_lr 0.0005/0.0005 | Train Loss 0.0077 | Valid Loss 0.0060 | Train Acc 99.8698 | Valid Acc 100.0000
2026-07-10 07:21:01 | TestSub: S16 | Epoch 49/100 Finsh | Now_lr 0.0005/0.0005 | Train Loss 0.0055 | Valid Loss 0.0066 | Train Acc 99.9349 | Valid Acc 100.0000
2026-07-10 07:21:02 | TestSub: S16 | Epoch 50/100 Finsh | Now_lr 0.0005/0.0005 | Train Loss 0.0047 | Valid Loss 0.0072 | Train Acc 100.0000 | Valid Acc 100.0000
2026-07-10 07:21:03 | TestSub: S16 | Epoch 51/100 Finsh | Now_lr 0.0005/0.0005 | Train Loss 0.0025 | Valid Loss 0.0040 | Train Acc 100.0000 | Valid Acc 100.0000
2026-07-10 07:21:03 | Validation loss decreased (0.005519 --> 0.003997) in epoch (51). Saving model ...
2026-07-10 07:21:04 | TestSub: S16 | Epoch 52/100 Finsh | Now_lr 0.0005/0.0005 | Train Loss 0.0204 | Valid Loss 0.0024 | Train Acc 99.2188 | Valid Acc 100.0000
2026-07-10 07:21:04 | Validation loss decreased (0.003997 --> 0.002409) in epoch (52). Saving model ...
2026-07-10 07:21:05 | TestSub: S16 | Epoch 53/100 Finsh | Now_lr 0.0005/0.0005 | Train Loss 0.0156 | Valid Loss 0.0065 | Train Acc 99.5443 | Valid Acc 100.0000
2026-07-10 07:21:06 | TestSub: S16 | Epoch 54/100 Finsh | Now_lr 0.0005/0.0005 | Train Loss 0.0080 | Valid Loss 0.0067 | Train Acc 99.8698 | Valid Acc 100.0000
2026-07-10 07:21:07 | TestSub: S16 | Epoch 55/100 Finsh | Now_lr 0.0005/0.0005 | Train Loss 0.0102 | Valid Loss 0.0040 | Train Acc 99.8698 | Valid Acc 100.0000
2026-07-10 07:21:07 | TestSub: S16 | Epoch 56/100 Finsh | Now_lr 0.0005/0.0005 | Train Loss 0.0091 | Valid Loss 0.0054 | Train Acc 99.7396 | Valid Acc 100.0000
2026-07-10 07:21:08 | TestSub: S16 | Epoch 57/100 Finsh | Now_lr 0.0005/0.0005 | Train Loss 0.0066 | Valid Loss 0.0043 | Train Acc 99.8047 | Valid Acc 100.0000
2026-07-10 07:21:09 | TestSub: S16 | Epoch 58/100 Finsh | Now_lr 0.0005/0.0005 | Train Loss 0.0085 | Valid Loss 0.0081 | Train Acc 99.8047 | Valid Acc 100.0000
2026-07-10 07:21:10 | TestSub: S16 | Epoch 59/100 Finsh | Now_lr 0.0005/0.0005 | Train Loss 0.0047 | Valid Loss 0.0038 | Train Acc 99.9349 | Valid Acc 100.0000
2026-07-10 07:21:11 | TestSub: S16 | Epoch 60/100 Finsh | Now_lr 0.0005/0.0005 | Train Loss 0.0068 | Valid Loss 0.0080 | Train Acc 99.8698 | Valid Acc 100.0000
2026-07-10 07:21:12 | TestSub: S16 | Epoch 61/100 Finsh | Now_lr 0.0005/0.0005 | Train Loss 0.0063 | Valid Loss 0.0038 | Train Acc 99.8698 | Valid Acc 100.0000
2026-07-10 07:21:13 | TestSub: S16 | Epoch 62/100 Finsh | Now_lr 0.0005/0.0005 | Train Loss 0.0214 | Valid Loss 0.0454 | Train Acc 99.2839 | Valid Acc 97.5000
2026-07-10 07:21:14 | TestSub: S16 | Epoch 63/100 Finsh | Now_lr 0.0005/0.0005 | Train Loss 0.0184 | Valid Loss 0.0059 | Train Acc 99.2839 | Valid Acc 100.0000
2026-07-10 07:21:15 | TestSub: S16 | Epoch 64/100 Finsh | Now_lr 0.0005/0.0005 | Train Loss 0.0069 | Valid Loss 0.0042 | Train Acc 99.8047 | Valid Acc 100.0000
2026-07-10 07:21:16 | TestSub: S16 | Epoch 65/100 Finsh | Now_lr 0.0005/0.0005 | Train Loss 0.0069 | Valid Loss 0.0060 | Train Acc 99.8698 | Valid Acc 100.0000
2026-07-10 07:21:17 | TestSub: S16 | Epoch 66/100 Finsh | Now_lr 0.0005/0.0005 | Train Loss 0.0100 | Valid Loss 0.0036 | Train Acc 99.7396 | Valid Acc 100.0000
2026-07-10 07:21:18 | TestSub: S16 | Epoch 67/100 Finsh | Now_lr 0.0005/0.0005 | Train Loss 0.0056 | Valid Loss 0.0072 | Train Acc 99.9349 | Valid Acc 99.3750
2026-07-10 07:21:19 | TestSub: S16 | Epoch 68/100 Finsh | Now_lr 0.0005/0.0005 | Train Loss 0.0085 | Valid Loss 0.0204 | Train Acc 99.7396 | Valid Acc 99.3750
2026-07-10 07:21:20 | TestSub: S16 | Epoch 69/100 Finsh | Now_lr 0.0005/0.0005 | Train Loss 0.0075 | Valid Loss 0.0022 | Train Acc 99.9349 | Valid Acc 100.0000
2026-07-10 07:21:20 | Validation loss decreased (0.002409 --> 0.002205) in epoch (69). Saving model ...
2026-07-10 07:21:21 | TestSub: S16 | Epoch 70/100 Finsh | Now_lr 0.0005/0.0005 | Train Loss 0.0201 | Valid Loss 0.0030 | Train Acc 99.4792 | Valid Acc 100.0000
2026-07-10 07:21:22 | TestSub: S16 | Epoch 71/100 Finsh | Now_lr 0.0005/0.0005 | Train Loss 0.0060 | Valid Loss 0.0024 | Train Acc 100.0000 | Valid Acc 100.0000
2026-07-10 07:21:23 | TestSub: S16 | Epoch 72/100 Finsh | Now_lr 0.0005/0.0005 | Train Loss 0.0030 | Valid Loss 0.0024 | Train Acc 100.0000 | Valid Acc 100.0000
2026-07-10 07:21:24 | TestSub: S16 | Epoch 73/100 Finsh | Now_lr 0.0005/0.0005 | Train Loss 0.0051 | Valid Loss 0.0028 | Train Acc 99.9349 | Valid Acc 100.0000
2026-07-10 07:21:25 | TestSub: S16 | Epoch 74/100 Finsh | Now_lr 0.0005/0.0005 | Train Loss 0.0069 | Valid Loss 0.0028 | Train Acc 99.8698 | Valid Acc 100.0000
2026-07-10 07:21:26 | TestSub: S16 | Epoch 75/100 Finsh | Now_lr 0.0005/0.0005 | Train Loss 0.0051 | Valid Loss 0.0020 | Train Acc 99.8047 | Valid Acc 100.0000
2026-07-10 07:21:26 | Validation loss decreased (0.002205 --> 0.002015) in epoch (75). Saving model ...
2026-07-10 07:21:27 | TestSub: S16 | Epoch 76/100 Finsh | Now_lr 0.0005/0.0005 | Train Loss 0.0082 | Valid Loss 0.0086 | Train Acc 99.7396 | Valid Acc 100.0000
2026-07-10 07:21:28 | TestSub: S16 | Epoch 77/100 Finsh | Now_lr 0.0005/0.0005 | Train Loss 0.0058 | Valid Loss 0.0078 | Train Acc 99.8047 | Valid Acc 99.3750
2026-07-10 07:21:29 | TestSub: S16 | Epoch 78/100 Finsh | Now_lr 0.0005/0.0005 | Train Loss 0.0086 | Valid Loss 0.0037 | Train Acc 99.6745 | Valid Acc 100.0000
2026-07-10 07:21:30 | TestSub: S16 | Epoch 79/100 Finsh | Now_lr 0.0005/0.0005 | Train Loss 0.0032 | Valid Loss 0.0027 | Train Acc 100.0000 | Valid Acc 100.0000
2026-07-10 07:21:31 | TestSub: S16 | Epoch 80/100 Finsh | Now_lr 0.0005/0.0005 | Train Loss 0.0044 | Valid Loss 0.0022 | Train Acc 100.0000 | Valid Acc 100.0000
2026-07-10 07:21:32 | TestSub: S16 | Epoch 81/100 Finsh | Now_lr 0.0005/0.0005 | Train Loss 0.0027 | Valid Loss 0.0081 | Train Acc 100.0000 | Valid Acc 99.3750
2026-07-10 07:21:33 | TestSub: S16 | Epoch 82/100 Finsh | Now_lr 0.0005/0.0005 | Train Loss 0.0059 | Valid Loss 0.0039 | Train Acc 99.8698 | Valid Acc 100.0000
2026-07-10 07:21:34 | TestSub: S16 | Epoch 83/100 Finsh | Now_lr 0.0005/0.0005 | Train Loss 0.0031 | Valid Loss 0.0026 | Train Acc 100.0000 | Valid Acc 100.0000
2026-07-10 07:21:35 | TestSub: S16 | Epoch 84/100 Finsh | Now_lr 0.0005/0.0005 | Train Loss 0.0132 | Valid Loss 0.0218 | Train Acc 99.4792 | Valid Acc 98.7500
2026-07-10 07:21:36 | TestSub: S16 | Epoch 85/100 Finsh | Now_lr 0.0005/0.0005 | Train Loss 0.0046 | Valid Loss 0.0065 | Train Acc 99.9349 | Valid Acc 100.0000
2026-07-10 07:21:37 | TestSub: S16 | Epoch 86/100 Finsh | Now_lr 0.0005/0.0005 | Train Loss 0.0044 | Valid Loss 0.0021 | Train Acc 99.9349 | Valid Acc 100.0000
2026-07-10 07:21:38 | TestSub: S16 | Epoch 87/100 Finsh | Now_lr 0.0005/0.0005 | Train Loss 0.0062 | Valid Loss 0.0020 | Train Acc 99.8698 | Valid Acc 100.0000
2026-07-10 07:21:38 | Validation loss decreased (0.002015 --> 0.002003) in epoch (87). Saving model ...
2026-07-10 07:21:39 | TestSub: S16 | Epoch 88/100 Finsh | Now_lr 0.0005/0.0005 | Train Loss 0.0056 | Valid Loss 0.0129 | Train Acc 99.8047 | Valid Acc 99.3750
2026-07-10 07:21:40 | TestSub: S16 | Epoch 89/100 Finsh | Now_lr 0.0005/0.0005 | Train Loss 0.0084 | Valid Loss 0.0013 | Train Acc 99.8698 | Valid Acc 100.0000
2026-07-10 07:21:40 | Validation loss decreased (0.002003 --> 0.001299) in epoch (89). Saving model ...
2026-07-10 07:21:41 | TestSub: S16 | Epoch 90/100 Finsh | Now_lr 0.0005/0.0005 | Train Loss 0.0095 | Valid Loss 0.0022 | Train Acc 99.7396 | Valid Acc 100.0000
2026-07-10 07:21:42 | TestSub: S16 | Epoch 91/100 Finsh | Now_lr 0.0005/0.0005 | Train Loss 0.0032 | Valid Loss 0.0023 | Train Acc 99.9349 | Valid Acc 100.0000
2026-07-10 07:21:43 | TestSub: S16 | Epoch 92/100 Finsh | Now_lr 0.0005/0.0005 | Train Loss 0.0048 | Valid Loss 0.0020 | Train Acc 99.8698 | Valid Acc 100.0000
2026-07-10 07:21:44 | TestSub: S16 | Epoch 93/100 Finsh | Now_lr 0.0005/0.0005 | Train Loss 0.0056 | Valid Loss 0.0018 | Train Acc 99.8047 | Valid Acc 100.0000
2026-07-10 07:21:45 | TestSub: S16 | Epoch 94/100 Finsh | Now_lr 0.0005/0.0005 | Train Loss 0.0071 | Valid Loss 0.0015 | Train Acc 99.8698 | Valid Acc 100.0000
2026-07-10 07:21:46 | TestSub: S16 | Epoch 95/100 Finsh | Now_lr 0.0005/0.0005 | Train Loss 0.0088 | Valid Loss 0.0012 | Train Acc 99.8698 | Valid Acc 100.0000
2026-07-10 07:21:46 | Validation loss decreased (0.001299 --> 0.001161) in epoch (95). Saving model ...
2026-07-10 07:21:47 | TestSub: S16 | Epoch 96/100 Finsh | Now_lr 0.0005/0.0005 | Train Loss 0.0039 | Valid Loss 0.0039 | Train Acc 100.0000 | Valid Acc 100.0000
2026-07-10 07:21:48 | TestSub: S16 | Epoch 97/100 Finsh | Now_lr 0.0005/0.0005 | Train Loss 0.0076 | Valid Loss 0.0102 | Train Acc 99.8047 | Valid Acc 100.0000
2026-07-10 07:21:49 | TestSub: S16 | Epoch 98/100 Finsh | Now_lr 0.0005/0.0005 | Train Loss 0.0082 | Valid Loss 0.0011 | Train Acc 99.7396 | Valid Acc 100.0000
2026-07-10 07:21:49 | Validation loss decreased (0.001161 --> 0.001100) in epoch (98). Saving model ...
2026-07-10 07:21:50 | TestSub: S16 | Epoch 99/100 Finsh | Now_lr 0.0005/0.0005 | Train Loss 0.0031 | Valid Loss 0.0034 | Train Acc 99.9349 | Valid Acc 100.0000
2026-07-10 07:21:51 | TestSub: S16 | Epoch 100/100 Finsh | Now_lr 0.0005/0.0005 | Train Loss 0.0096 | Valid Loss 0.0009 | Train Acc 99.6745 | Valid Acc 100.0000
2026-07-10 07:21:51 | Validation loss decreased (0.001100 --> 0.000869) in epoch (100). Saving model ...
2026-07-10 07:21:51 | --------------------------------------------------
2026-07-10 07:21:51 | Test_Subject :S16 | Best epoch:100 | Test Loss:0.0084 | Savemodel Acc 99.4792
2026-07-10 07:21:51 | --------------------------------------------------
2026-07-10 07:21:51 | Best epoch: 100 | Test acc: 99.4792
