2026-07-13 08:40:03 | Logging started: ./writer/Subject_dependent_AAD/AVED/1.0s/result//Train1.0s_sub4.log
2026-07-13 08:40:06 | Sub_id: 4
2026-07-13 08:40:08 | TestSub: S4 | Epoch  1/100 Finsh | Now_lr 0.0005/0.0005 | Train Loss 0.6843 | Valid Loss 0.6808 | Train Acc 57.0697 | Valid Acc 57.2115
2026-07-13 08:40:08 | Validation loss decreased (inf --> 0.680810) in epoch (1). Saving model ...
2026-07-13 08:40:09 | TestSub: S4 | Epoch  2/100 Finsh | Now_lr 0.0005/0.0005 | Train Loss 0.6772 | Valid Loss 0.6768 | Train Acc 58.3760 | Valid Acc 57.4519
2026-07-13 08:40:09 | Validation loss decreased (0.680810 --> 0.676833) in epoch (2). Saving model ...
2026-07-13 08:40:10 | TestSub: S4 | Epoch  3/100 Finsh | Now_lr 0.0005/0.0005 | Train Loss 0.6711 | Valid Loss 0.6650 | Train Acc 59.4006 | Valid Acc 58.4135
2026-07-13 08:40:10 | Validation loss decreased (0.676833 --> 0.664990) in epoch (3). Saving model ...
2026-07-13 08:40:10 | TestSub: S4 | Epoch  4/100 Finsh | Now_lr 0.0005/0.0005 | Train Loss 0.6628 | Valid Loss 0.6553 | Train Acc 60.1178 | Valid Acc 62.2596
2026-07-13 08:40:10 | Validation loss decreased (0.664990 --> 0.655250) in epoch (4). Saving model ...
2026-07-13 08:40:11 | TestSub: S4 | Epoch  5/100 Finsh | Now_lr 0.0005/0.0005 | Train Loss 0.6496 | Valid Loss 0.6371 | Train Acc 61.6547 | Valid Acc 62.0192
2026-07-13 08:40:11 | Validation loss decreased (0.655250 --> 0.637119) in epoch (5). Saving model ...
2026-07-13 08:40:12 | TestSub: S4 | Epoch  6/100 Finsh | Now_lr 0.0005/0.0005 | Train Loss 0.6374 | Valid Loss 0.6246 | Train Acc 63.4990 | Valid Acc 63.4615
2026-07-13 08:40:12 | Validation loss decreased (0.637119 --> 0.624589) in epoch (6). Saving model ...
2026-07-13 08:40:13 | TestSub: S4 | Epoch  7/100 Finsh | Now_lr 0.0005/0.0005 | Train Loss 0.6307 | Valid Loss 0.6144 | Train Acc 63.5246 | Valid Acc 65.1442
2026-07-13 08:40:13 | Validation loss decreased (0.624589 --> 0.614357) in epoch (7). Saving model ...
2026-07-13 08:40:14 | TestSub: S4 | Epoch  8/100 Finsh | Now_lr 0.0005/0.0005 | Train Loss 0.6235 | Valid Loss 0.6104 | Train Acc 64.5236 | Valid Acc 64.9038
2026-07-13 08:40:14 | Validation loss decreased (0.614357 --> 0.610366) in epoch (8). Saving model ...
2026-07-13 08:40:15 | TestSub: S4 | Epoch  9/100 Finsh | Now_lr 0.0005/0.0005 | Train Loss 0.6167 | Valid Loss 0.5976 | Train Acc 64.9590 | Valid Acc 67.0673
2026-07-13 08:40:15 | Validation loss decreased (0.610366 --> 0.597634) in epoch (9). Saving model ...
2026-07-13 08:40:16 | TestSub: S4 | Epoch 10/100 Finsh | Now_lr 0.0005/0.0005 | Train Loss 0.6105 | Valid Loss 0.5889 | Train Acc 65.7531 | Valid Acc 69.9519
2026-07-13 08:40:16 | Validation loss decreased (0.597634 --> 0.588867) in epoch (10). Saving model ...
2026-07-13 08:40:17 | TestSub: S4 | Epoch 11/100 Finsh | Now_lr 0.0005/0.0005 | Train Loss 0.6037 | Valid Loss 0.5834 | Train Acc 65.5482 | Valid Acc 66.8269
2026-07-13 08:40:17 | Validation loss decreased (0.588867 --> 0.583412) in epoch (11). Saving model ...
2026-07-13 08:40:18 | TestSub: S4 | Epoch 12/100 Finsh | Now_lr 0.0005/0.0005 | Train Loss 0.5914 | Valid Loss 0.5756 | Train Acc 67.9047 | Valid Acc 70.6731
2026-07-13 08:40:18 | Validation loss decreased (0.583412 --> 0.575585) in epoch (12). Saving model ...
2026-07-13 08:40:19 | TestSub: S4 | Epoch 13/100 Finsh | Now_lr 0.0005/0.0005 | Train Loss 0.5813 | Valid Loss 0.5701 | Train Acc 68.4426 | Valid Acc 67.0673
2026-07-13 08:40:19 | Validation loss decreased (0.575585 --> 0.570050) in epoch (13). Saving model ...
2026-07-13 08:40:20 | TestSub: S4 | Epoch 14/100 Finsh | Now_lr 0.0005/0.0005 | Train Loss 0.5769 | Valid Loss 0.5581 | Train Acc 68.2889 | Valid Acc 72.8365
2026-07-13 08:40:20 | Validation loss decreased (0.570050 --> 0.558146) in epoch (14). Saving model ...
2026-07-13 08:40:21 | TestSub: S4 | Epoch 15/100 Finsh | Now_lr 0.0005/0.0005 | Train Loss 0.5702 | Valid Loss 0.5528 | Train Acc 69.5697 | Valid Acc 73.5577
2026-07-13 08:40:21 | Validation loss decreased (0.558146 --> 0.552788) in epoch (15). Saving model ...
2026-07-13 08:40:21 | TestSub: S4 | Epoch 16/100 Finsh | Now_lr 0.0005/0.0005 | Train Loss 0.5617 | Valid Loss 0.5429 | Train Acc 69.6465 | Valid Acc 69.7115
2026-07-13 08:40:21 | Validation loss decreased (0.552788 --> 0.542941) in epoch (16). Saving model ...
2026-07-13 08:40:22 | TestSub: S4 | Epoch 17/100 Finsh | Now_lr 0.0005/0.0005 | Train Loss 0.5466 | Valid Loss 0.5344 | Train Acc 72.2592 | Valid Acc 71.3942
2026-07-13 08:40:22 | Validation loss decreased (0.542941 --> 0.534439) in epoch (17). Saving model ...
2026-07-13 08:40:23 | TestSub: S4 | Epoch 18/100 Finsh | Now_lr 0.0005/0.0005 | Train Loss 0.5466 | Valid Loss 0.5315 | Train Acc 71.1322 | Valid Acc 74.7596
2026-07-13 08:40:23 | Validation loss decreased (0.534439 --> 0.531510) in epoch (18). Saving model ...
2026-07-13 08:40:24 | TestSub: S4 | Epoch 19/100 Finsh | Now_lr 0.0005/0.0005 | Train Loss 0.5359 | Valid Loss 0.5173 | Train Acc 72.9508 | Valid Acc 74.0385
2026-07-13 08:40:24 | Validation loss decreased (0.531510 --> 0.517284) in epoch (19). Saving model ...
2026-07-13 08:40:25 | TestSub: S4 | Epoch 20/100 Finsh | Now_lr 0.0005/0.0005 | Train Loss 0.5332 | Valid Loss 0.5306 | Train Acc 72.7971 | Valid Acc 68.7500
2026-07-13 08:40:26 | TestSub: S4 | Epoch 21/100 Finsh | Now_lr 0.0005/0.0005 | Train Loss 0.5253 | Valid Loss 0.5151 | Train Acc 72.5666 | Valid Acc 71.3942
2026-07-13 08:40:26 | Validation loss decreased (0.517284 --> 0.515060) in epoch (21). Saving model ...
2026-07-13 08:40:27 | TestSub: S4 | Epoch 22/100 Finsh | Now_lr 0.0005/0.0005 | Train Loss 0.5209 | Valid Loss 0.5116 | Train Acc 73.5143 | Valid Acc 70.9135
2026-07-13 08:40:27 | Validation loss decreased (0.515060 --> 0.511551) in epoch (22). Saving model ...
2026-07-13 08:40:28 | TestSub: S4 | Epoch 23/100 Finsh | Now_lr 0.0005/0.0005 | Train Loss 0.5198 | Valid Loss 0.5052 | Train Acc 73.3094 | Valid Acc 73.0769
2026-07-13 08:40:28 | Validation loss decreased (0.511551 --> 0.505201) in epoch (23). Saving model ...
2026-07-13 08:40:29 | TestSub: S4 | Epoch 24/100 Finsh | Now_lr 0.0005/0.0005 | Train Loss 0.5129 | Valid Loss 0.5034 | Train Acc 73.8986 | Valid Acc 77.6442
2026-07-13 08:40:29 | Validation loss decreased (0.505201 --> 0.503421) in epoch (24). Saving model ...
2026-07-13 08:40:30 | TestSub: S4 | Epoch 25/100 Finsh | Now_lr 0.0005/0.0005 | Train Loss 0.5060 | Valid Loss 0.4920 | Train Acc 74.7439 | Valid Acc 78.3654
2026-07-13 08:40:30 | Validation loss decreased (0.503421 --> 0.491965) in epoch (25). Saving model ...
2026-07-13 08:40:31 | TestSub: S4 | Epoch 26/100 Finsh | Now_lr 0.0005/0.0005 | Train Loss 0.5049 | Valid Loss 0.4907 | Train Acc 75.3586 | Valid Acc 78.8462
2026-07-13 08:40:31 | Validation loss decreased (0.491965 --> 0.490687) in epoch (26). Saving model ...
2026-07-13 08:40:31 | TestSub: S4 | Epoch 27/100 Finsh | Now_lr 0.0005/0.0005 | Train Loss 0.4996 | Valid Loss 0.4829 | Train Acc 74.9488 | Valid Acc 80.0481
2026-07-13 08:40:31 | Validation loss decreased (0.490687 --> 0.482893) in epoch (27). Saving model ...
2026-07-13 08:40:32 | TestSub: S4 | Epoch 28/100 Finsh | Now_lr 0.0005/0.0005 | Train Loss 0.4954 | Valid Loss 0.4828 | Train Acc 75.3586 | Valid Acc 78.1250
2026-07-13 08:40:32 | Validation loss decreased (0.482893 --> 0.482762) in epoch (28). Saving model ...
2026-07-13 08:40:33 | TestSub: S4 | Epoch 29/100 Finsh | Now_lr 0.0005/0.0005 | Train Loss 0.4958 | Valid Loss 0.4744 | Train Acc 75.0768 | Valid Acc 79.5673
2026-07-13 08:40:33 | Validation loss decreased (0.482762 --> 0.474419) in epoch (29). Saving model ...
2026-07-13 08:40:34 | TestSub: S4 | Epoch 30/100 Finsh | Now_lr 0.0005/0.0005 | Train Loss 0.4989 | Valid Loss 0.4771 | Train Acc 74.3852 | Valid Acc 79.3269
2026-07-13 08:40:35 | TestSub: S4 | Epoch 31/100 Finsh | Now_lr 0.0005/0.0005 | Train Loss 0.4840 | Valid Loss 0.4757 | Train Acc 76.2295 | Valid Acc 78.8462
2026-07-13 08:40:36 | TestSub: S4 | Epoch 32/100 Finsh | Now_lr 0.0005/0.0005 | Train Loss 0.4898 | Valid Loss 0.4716 | Train Acc 75.1793 | Valid Acc 80.0481
2026-07-13 08:40:36 | Validation loss decreased (0.474419 --> 0.471559) in epoch (32). Saving model ...
2026-07-13 08:40:37 | TestSub: S4 | Epoch 33/100 Finsh | Now_lr 0.0005/0.0005 | Train Loss 0.4873 | Valid Loss 0.4642 | Train Acc 75.5379 | Valid Acc 80.2885
2026-07-13 08:40:37 | Validation loss decreased (0.471559 --> 0.464246) in epoch (33). Saving model ...
2026-07-13 08:40:38 | TestSub: S4 | Epoch 34/100 Finsh | Now_lr 0.0005/0.0005 | Train Loss 0.4743 | Valid Loss 0.4655 | Train Acc 77.1004 | Valid Acc 80.0481
2026-07-13 08:40:39 | TestSub: S4 | Epoch 35/100 Finsh | Now_lr 0.0005/0.0005 | Train Loss 0.4839 | Valid Loss 0.4591 | Train Acc 75.9221 | Valid Acc 80.2885
2026-07-13 08:40:39 | Validation loss decreased (0.464246 --> 0.459052) in epoch (35). Saving model ...
2026-07-13 08:40:40 | TestSub: S4 | Epoch 36/100 Finsh | Now_lr 0.0005/0.0005 | Train Loss 0.4742 | Valid Loss 0.4588 | Train Acc 76.9723 | Valid Acc 81.0096
2026-07-13 08:40:40 | Validation loss decreased (0.459052 --> 0.458803) in epoch (36). Saving model ...
2026-07-13 08:40:41 | TestSub: S4 | Epoch 37/100 Finsh | Now_lr 0.0005/0.0005 | Train Loss 0.4692 | Valid Loss 0.4585 | Train Acc 77.8945 | Valid Acc 81.7308
2026-07-13 08:40:41 | Validation loss decreased (0.458803 --> 0.458501) in epoch (37). Saving model ...
2026-07-13 08:40:42 | TestSub: S4 | Epoch 38/100 Finsh | Now_lr 0.0005/0.0005 | Train Loss 0.4687 | Valid Loss 0.4520 | Train Acc 76.8955 | Valid Acc 79.8077
2026-07-13 08:40:42 | Validation loss decreased (0.458501 --> 0.452011) in epoch (38). Saving model ...
2026-07-13 08:40:43 | TestSub: S4 | Epoch 39/100 Finsh | Now_lr 0.0005/0.0005 | Train Loss 0.4704 | Valid Loss 0.4580 | Train Acc 77.4590 | Valid Acc 78.6058
2026-07-13 08:40:44 | TestSub: S4 | Epoch 40/100 Finsh | Now_lr 0.0005/0.0005 | Train Loss 0.4765 | Valid Loss 0.4599 | Train Acc 75.8709 | Valid Acc 77.4038
2026-07-13 08:40:44 | TestSub: S4 | Epoch 41/100 Finsh | Now_lr 0.0005/0.0005 | Train Loss 0.4604 | Valid Loss 0.4516 | Train Acc 77.3053 | Valid Acc 81.9712
2026-07-13 08:40:44 | Validation loss decreased (0.452011 --> 0.451607) in epoch (41). Saving model ...
2026-07-13 08:40:46 | TestSub: S4 | Epoch 42/100 Finsh | Now_lr 0.0005/0.0005 | Train Loss 0.4623 | Valid Loss 0.4483 | Train Acc 77.4334 | Valid Acc 79.5673
2026-07-13 08:40:46 | Validation loss decreased (0.451607 --> 0.448286) in epoch (42). Saving model ...
2026-07-13 08:40:47 | TestSub: S4 | Epoch 43/100 Finsh | Now_lr 0.0005/0.0005 | Train Loss 0.4563 | Valid Loss 0.4459 | Train Acc 78.9191 | Valid Acc 80.7692
2026-07-13 08:40:47 | Validation loss decreased (0.448286 --> 0.445920) in epoch (43). Saving model ...
2026-07-13 08:40:48 | TestSub: S4 | Epoch 44/100 Finsh | Now_lr 0.0005/0.0005 | Train Loss 0.4567 | Valid Loss 0.4421 | Train Acc 77.5871 | Valid Acc 81.4904
2026-07-13 08:40:48 | Validation loss decreased (0.445920 --> 0.442084) in epoch (44). Saving model ...
2026-07-13 08:40:49 | TestSub: S4 | Epoch 45/100 Finsh | Now_lr 0.0005/0.0005 | Train Loss 0.4532 | Valid Loss 0.4407 | Train Acc 77.8176 | Valid Acc 83.4135
2026-07-13 08:40:49 | Validation loss decreased (0.442084 --> 0.440706) in epoch (45). Saving model ...
2026-07-13 08:40:49 | TestSub: S4 | Epoch 46/100 Finsh | Now_lr 0.0005/0.0005 | Train Loss 0.4566 | Valid Loss 0.4460 | Train Acc 78.9447 | Valid Acc 79.8077
2026-07-13 08:40:50 | TestSub: S4 | Epoch 47/100 Finsh | Now_lr 0.0005/0.0005 | Train Loss 0.4545 | Valid Loss 0.4310 | Train Acc 78.3043 | Valid Acc 83.1731
2026-07-13 08:40:50 | Validation loss decreased (0.440706 --> 0.431034) in epoch (47). Saving model ...
2026-07-13 08:40:51 | TestSub: S4 | Epoch 48/100 Finsh | Now_lr 0.0005/0.0005 | Train Loss 0.4447 | Valid Loss 0.4410 | Train Acc 79.2777 | Valid Acc 80.2885
2026-07-13 08:40:52 | TestSub: S4 | Epoch 49/100 Finsh | Now_lr 0.0005/0.0005 | Train Loss 0.4491 | Valid Loss 0.4302 | Train Acc 78.3555 | Valid Acc 81.7308
2026-07-13 08:40:52 | Validation loss decreased (0.431034 --> 0.430209) in epoch (49). Saving model ...
2026-07-13 08:40:53 | TestSub: S4 | Epoch 50/100 Finsh | Now_lr 0.0005/0.0005 | Train Loss 0.4548 | Valid Loss 0.4302 | Train Acc 77.9969 | Valid Acc 81.4904
2026-07-13 08:40:54 | TestSub: S4 | Epoch 51/100 Finsh | Now_lr 0.0005/0.0005 | Train Loss 0.4445 | Valid Loss 0.4244 | Train Acc 78.3299 | Valid Acc 84.3750
2026-07-13 08:40:54 | Validation loss decreased (0.430209 --> 0.424437) in epoch (51). Saving model ...
2026-07-13 08:40:55 | TestSub: S4 | Epoch 52/100 Finsh | Now_lr 0.0005/0.0005 | Train Loss 0.4342 | Valid Loss 0.4260 | Train Acc 79.7131 | Valid Acc 81.4904
2026-07-13 08:40:56 | TestSub: S4 | Epoch 53/100 Finsh | Now_lr 0.0005/0.0005 | Train Loss 0.4388 | Valid Loss 0.4236 | Train Acc 78.8934 | Valid Acc 84.3750
2026-07-13 08:40:56 | Validation loss decreased (0.424437 --> 0.423609) in epoch (53). Saving model ...
2026-07-13 08:40:57 | TestSub: S4 | Epoch 54/100 Finsh | Now_lr 0.0005/0.0005 | Train Loss 0.4473 | Valid Loss 0.4425 | Train Acc 78.0482 | Valid Acc 78.8462
2026-07-13 08:40:58 | TestSub: S4 | Epoch 55/100 Finsh | Now_lr 0.0005/0.0005 | Train Loss 0.4570 | Valid Loss 0.4224 | Train Acc 78.0994 | Valid Acc 82.2115
2026-07-13 08:40:58 | Validation loss decreased (0.423609 --> 0.422358) in epoch (55). Saving model ...
2026-07-13 08:40:59 | TestSub: S4 | Epoch 56/100 Finsh | Now_lr 0.0005/0.0005 | Train Loss 0.4363 | Valid Loss 0.4260 | Train Acc 79.6363 | Valid Acc 81.2500
2026-07-13 08:40:59 | TestSub: S4 | Epoch 57/100 Finsh | Now_lr 0.0005/0.0005 | Train Loss 0.4245 | Valid Loss 0.4186 | Train Acc 80.0717 | Valid Acc 85.5769
2026-07-13 08:40:59 | Validation loss decreased (0.422358 --> 0.418570) in epoch (57). Saving model ...
2026-07-13 08:41:00 | TestSub: S4 | Epoch 58/100 Finsh | Now_lr 0.0005/0.0005 | Train Loss 0.4301 | Valid Loss 0.4217 | Train Acc 79.2264 | Valid Acc 82.9327
2026-07-13 08:41:01 | TestSub: S4 | Epoch 59/100 Finsh | Now_lr 0.0005/0.0005 | Train Loss 0.4300 | Valid Loss 0.4121 | Train Acc 79.9949 | Valid Acc 88.2212
2026-07-13 08:41:01 | Validation loss decreased (0.418570 --> 0.412093) in epoch (59). Saving model ...
2026-07-13 08:41:02 | TestSub: S4 | Epoch 60/100 Finsh | Now_lr 0.0005/0.0005 | Train Loss 0.4426 | Valid Loss 0.4088 | Train Acc 78.5861 | Valid Acc 85.8173
2026-07-13 08:41:02 | Validation loss decreased (0.412093 --> 0.408781) in epoch (60). Saving model ...
2026-07-13 08:41:03 | TestSub: S4 | Epoch 61/100 Finsh | Now_lr 0.0005/0.0005 | Train Loss 0.4269 | Valid Loss 0.4058 | Train Acc 79.3545 | Valid Acc 83.6538
2026-07-13 08:41:03 | Validation loss decreased (0.408781 --> 0.405795) in epoch (61). Saving model ...
2026-07-13 08:41:04 | TestSub: S4 | Epoch 62/100 Finsh | Now_lr 0.0005/0.0005 | Train Loss 0.4194 | Valid Loss 0.4090 | Train Acc 80.8402 | Valid Acc 83.8942
2026-07-13 08:41:05 | TestSub: S4 | Epoch 63/100 Finsh | Now_lr 0.0005/0.0005 | Train Loss 0.4271 | Valid Loss 0.4108 | Train Acc 79.7387 | Valid Acc 83.8942
2026-07-13 08:41:06 | TestSub: S4 | Epoch 64/100 Finsh | Now_lr 0.0005/0.0005 | Train Loss 0.4208 | Valid Loss 0.4024 | Train Acc 80.2510 | Valid Acc 87.2596
2026-07-13 08:41:06 | Validation loss decreased (0.405795 --> 0.402374) in epoch (64). Saving model ...
2026-07-13 08:41:07 | TestSub: S4 | Epoch 65/100 Finsh | Now_lr 0.0005/0.0005 | Train Loss 0.4092 | Valid Loss 0.4001 | Train Acc 81.5830 | Valid Acc 84.3750
2026-07-13 08:41:07 | Validation loss decreased (0.402374 --> 0.400140) in epoch (65). Saving model ...
2026-07-13 08:41:08 | TestSub: S4 | Epoch 66/100 Finsh | Now_lr 0.0005/0.0005 | Train Loss 0.4314 | Valid Loss 0.3965 | Train Acc 79.7900 | Valid Acc 84.3750
2026-07-13 08:41:08 | Validation loss decreased (0.400140 --> 0.396516) in epoch (66). Saving model ...
2026-07-13 08:41:09 | TestSub: S4 | Epoch 67/100 Finsh | Now_lr 0.0005/0.0005 | Train Loss 0.4215 | Valid Loss 0.3941 | Train Acc 80.1742 | Valid Acc 84.1346
2026-07-13 08:41:09 | Validation loss decreased (0.396516 --> 0.394149) in epoch (67). Saving model ...
2026-07-13 08:41:10 | TestSub: S4 | Epoch 68/100 Finsh | Now_lr 0.0005/0.0005 | Train Loss 0.4223 | Valid Loss 0.3977 | Train Acc 80.1230 | Valid Acc 83.4135
2026-07-13 08:41:10 | TestSub: S4 | Epoch 69/100 Finsh | Now_lr 0.0005/0.0005 | Train Loss 0.4105 | Valid Loss 0.3910 | Train Acc 80.8402 | Valid Acc 83.6538
2026-07-13 08:41:10 | Validation loss decreased (0.394149 --> 0.390989) in epoch (69). Saving model ...
2026-07-13 08:41:11 | TestSub: S4 | Epoch 70/100 Finsh | Now_lr 0.0005/0.0005 | Train Loss 0.4106 | Valid Loss 0.3939 | Train Acc 81.3268 | Valid Acc 85.8173
2026-07-13 08:41:12 | TestSub: S4 | Epoch 71/100 Finsh | Now_lr 0.0005/0.0005 | Train Loss 0.4118 | Valid Loss 0.3925 | Train Acc 80.8658 | Valid Acc 85.8173
2026-07-13 08:41:13 | TestSub: S4 | Epoch 72/100 Finsh | Now_lr 0.0005/0.0005 | Train Loss 0.4124 | Valid Loss 0.3927 | Train Acc 80.9170 | Valid Acc 84.3750
2026-07-13 08:41:14 | TestSub: S4 | Epoch 73/100 Finsh | Now_lr 0.0005/0.0005 | Train Loss 0.4089 | Valid Loss 0.3880 | Train Acc 81.0707 | Valid Acc 84.6154
2026-07-13 08:41:14 | Validation loss decreased (0.390989 --> 0.388029) in epoch (73). Saving model ...
2026-07-13 08:41:15 | TestSub: S4 | Epoch 74/100 Finsh | Now_lr 0.0005/0.0005 | Train Loss 0.4154 | Valid Loss 0.3840 | Train Acc 79.7643 | Valid Acc 85.0962
2026-07-13 08:41:15 | Validation loss decreased (0.388029 --> 0.384040) in epoch (74). Saving model ...
2026-07-13 08:41:16 | TestSub: S4 | Epoch 75/100 Finsh | Now_lr 0.0005/0.0005 | Train Loss 0.4139 | Valid Loss 0.3941 | Train Acc 80.8145 | Valid Acc 85.0962
2026-07-13 08:41:17 | TestSub: S4 | Epoch 76/100 Finsh | Now_lr 0.0005/0.0005 | Train Loss 0.4077 | Valid Loss 0.3822 | Train Acc 81.3012 | Valid Acc 84.3750
2026-07-13 08:41:17 | Validation loss decreased (0.384040 --> 0.382186) in epoch (76). Saving model ...
2026-07-13 08:41:18 | TestSub: S4 | Epoch 77/100 Finsh | Now_lr 0.0005/0.0005 | Train Loss 0.4030 | Valid Loss 0.3857 | Train Acc 81.6342 | Valid Acc 84.3750
2026-07-13 08:41:19 | TestSub: S4 | Epoch 78/100 Finsh | Now_lr 0.0005/0.0005 | Train Loss 0.4136 | Valid Loss 0.3795 | Train Acc 80.8658 | Valid Acc 85.3365
2026-07-13 08:41:19 | Validation loss decreased (0.382186 --> 0.379468) in epoch (78). Saving model ...
2026-07-13 08:41:20 | TestSub: S4 | Epoch 79/100 Finsh | Now_lr 0.0005/0.0005 | Train Loss 0.4093 | Valid Loss 0.3736 | Train Acc 80.1998 | Valid Acc 85.5769
2026-07-13 08:41:20 | Validation loss decreased (0.379468 --> 0.373596) in epoch (79). Saving model ...
2026-07-13 08:41:20 | TestSub: S4 | Epoch 80/100 Finsh | Now_lr 0.0005/0.0005 | Train Loss 0.4087 | Valid Loss 0.3835 | Train Acc 81.1988 | Valid Acc 82.6923
2026-07-13 08:41:21 | TestSub: S4 | Epoch 81/100 Finsh | Now_lr 0.0005/0.0005 | Train Loss 0.4120 | Valid Loss 0.3758 | Train Acc 80.7377 | Valid Acc 85.5769
2026-07-13 08:41:22 | TestSub: S4 | Epoch 82/100 Finsh | Now_lr 0.0005/0.0005 | Train Loss 0.4026 | Valid Loss 0.3793 | Train Acc 81.5574 | Valid Acc 84.3750
2026-07-13 08:41:23 | TestSub: S4 | Epoch 83/100 Finsh | Now_lr 0.0005/0.0005 | Train Loss 0.4051 | Valid Loss 0.3800 | Train Acc 81.4293 | Valid Acc 84.1346
2026-07-13 08:41:24 | TestSub: S4 | Epoch 84/100 Finsh | Now_lr 0.0005/0.0005 | Train Loss 0.4024 | Valid Loss 0.4024 | Train Acc 81.0707 | Valid Acc 80.2885
2026-07-13 08:41:25 | TestSub: S4 | Epoch 85/100 Finsh | Now_lr 0.0005/0.0005 | Train Loss 0.3880 | Valid Loss 0.3757 | Train Acc 82.2234 | Valid Acc 87.5000
2026-07-13 08:41:26 | TestSub: S4 | Epoch 86/100 Finsh | Now_lr 0.0005/0.0005 | Train Loss 0.3923 | Valid Loss 0.3835 | Train Acc 81.7367 | Valid Acc 83.4135
2026-07-13 08:41:27 | TestSub: S4 | Epoch 87/100 Finsh | Now_lr 0.0005/0.0005 | Train Loss 0.3943 | Valid Loss 0.3757 | Train Acc 81.6598 | Valid Acc 85.5769
2026-07-13 08:41:28 | TestSub: S4 | Epoch 88/100 Finsh | Now_lr 0.0005/0.0005 | Train Loss 0.3839 | Valid Loss 0.3732 | Train Acc 83.0430 | Valid Acc 86.7788
2026-07-13 08:41:28 | Validation loss decreased (0.373596 --> 0.373154) in epoch (88). Saving model ...
2026-07-13 08:41:29 | TestSub: S4 | Epoch 89/100 Finsh | Now_lr 0.0005/0.0005 | Train Loss 0.4024 | Valid Loss 0.3734 | Train Acc 80.9939 | Valid Acc 86.2981
2026-07-13 08:41:29 | TestSub: S4 | Epoch 90/100 Finsh | Now_lr 0.0005/0.0005 | Train Loss 0.3968 | Valid Loss 0.3781 | Train Acc 81.6855 | Valid Acc 87.0192
2026-07-13 08:41:30 | TestSub: S4 | Epoch 91/100 Finsh | Now_lr 0.0005/0.0005 | Train Loss 0.3964 | Valid Loss 0.3717 | Train Acc 81.0195 | Valid Acc 85.8173
2026-07-13 08:41:30 | Validation loss decreased (0.373154 --> 0.371738) in epoch (91). Saving model ...
2026-07-13 08:41:31 | TestSub: S4 | Epoch 92/100 Finsh | Now_lr 0.0005/0.0005 | Train Loss 0.3874 | Valid Loss 0.3764 | Train Acc 81.9160 | Valid Acc 84.3750
2026-07-13 08:41:32 | TestSub: S4 | Epoch 93/100 Finsh | Now_lr 0.0005/0.0005 | Train Loss 0.3922 | Valid Loss 0.3694 | Train Acc 82.1465 | Valid Acc 86.2981
2026-07-13 08:41:32 | Validation loss decreased (0.371738 --> 0.369391) in epoch (93). Saving model ...
2026-07-13 08:41:33 | TestSub: S4 | Epoch 94/100 Finsh | Now_lr 0.0005/0.0005 | Train Loss 0.3919 | Valid Loss 0.3700 | Train Acc 81.8904 | Valid Acc 85.5769
2026-07-13 08:41:34 | TestSub: S4 | Epoch 95/100 Finsh | Now_lr 0.0005/0.0005 | Train Loss 0.3837 | Valid Loss 0.3699 | Train Acc 82.6844 | Valid Acc 83.6538
2026-07-13 08:41:35 | TestSub: S4 | Epoch 96/100 Finsh | Now_lr 0.0005/0.0005 | Train Loss 0.3958 | Valid Loss 0.3677 | Train Acc 81.9416 | Valid Acc 84.1346
2026-07-13 08:41:35 | Validation loss decreased (0.369391 --> 0.367682) in epoch (96). Saving model ...
2026-07-13 08:41:36 | TestSub: S4 | Epoch 97/100 Finsh | Now_lr 0.0005/0.0005 | Train Loss 0.3830 | Valid Loss 0.3714 | Train Acc 82.5564 | Valid Acc 87.7404
2026-07-13 08:41:37 | TestSub: S4 | Epoch 98/100 Finsh | Now_lr 0.0005/0.0005 | Train Loss 0.3747 | Valid Loss 0.3623 | Train Acc 83.4785 | Valid Acc 85.8173
2026-07-13 08:41:37 | Validation loss decreased (0.367682 --> 0.362310) in epoch (98). Saving model ...
2026-07-13 08:41:38 | TestSub: S4 | Epoch 99/100 Finsh | Now_lr 0.0005/0.0005 | Train Loss 0.3949 | Valid Loss 0.3619 | Train Acc 81.8135 | Valid Acc 86.2981
2026-07-13 08:41:38 | Validation loss decreased (0.362310 --> 0.361850) in epoch (99). Saving model ...
2026-07-13 08:41:39 | TestSub: S4 | Epoch 100/100 Finsh | Now_lr 0.0005/0.0005 | Train Loss 0.3846 | Valid Loss 0.3733 | Train Acc 81.7111 | Valid Acc 86.5385
2026-07-13 08:41:39 | --------------------------------------------------
2026-07-13 08:41:39 | Test_Subject :S4 | Best epoch:99 | Test Loss:0.4232 | Savemodel Acc 80.8333
2026-07-13 08:41:39 | --------------------------------------------------
2026-07-13 08:41:39 | Best epoch: 99 | Test acc: 80.8333
