2026-07-13 08:49:38 | Logging started: ./writer/Subject_dependent_AAD/AVED/1.0s/result//Train1.0s_sub10.log
2026-07-13 08:49:41 | Sub_id: 10
2026-07-13 08:49:43 | TestSub: S10 | Epoch  1/100 Finsh | Now_lr 0.0005/0.0005 | Train Loss 0.7040 | Valid Loss 0.6893 | Train Acc 49.8975 | Valid Acc 54.3269
2026-07-13 08:49:43 | Validation loss decreased (inf --> 0.689347) in epoch (1). Saving model ...
2026-07-13 08:49:44 | TestSub: S10 | Epoch  2/100 Finsh | Now_lr 0.0005/0.0005 | Train Loss 0.6939 | Valid Loss 0.6840 | Train Acc 53.0738 | Valid Acc 57.4519
2026-07-13 08:49:44 | Validation loss decreased (0.689347 --> 0.684013) in epoch (2). Saving model ...
2026-07-13 08:49:45 | TestSub: S10 | Epoch  3/100 Finsh | Now_lr 0.0005/0.0005 | Train Loss 0.6854 | Valid Loss 0.6771 | Train Acc 55.3279 | Valid Acc 60.5769
2026-07-13 08:49:45 | Validation loss decreased (0.684013 --> 0.677065) in epoch (3). Saving model ...
2026-07-13 08:49:46 | TestSub: S10 | Epoch  4/100 Finsh | Now_lr 0.0005/0.0005 | Train Loss 0.6771 | Valid Loss 0.6684 | Train Acc 57.9918 | Valid Acc 64.1827
2026-07-13 08:49:46 | Validation loss decreased (0.677065 --> 0.668381) in epoch (4). Saving model ...
2026-07-13 08:49:47 | TestSub: S10 | Epoch  5/100 Finsh | Now_lr 0.0005/0.0005 | Train Loss 0.6681 | Valid Loss 0.6592 | Train Acc 60.6814 | Valid Acc 66.3462
2026-07-13 08:49:47 | Validation loss decreased (0.668381 --> 0.659242) in epoch (5). Saving model ...
2026-07-13 08:49:47 | TestSub: S10 | Epoch  6/100 Finsh | Now_lr 0.0005/0.0005 | Train Loss 0.6587 | Valid Loss 0.6479 | Train Acc 62.5256 | Valid Acc 70.1923
2026-07-13 08:49:47 | Validation loss decreased (0.659242 --> 0.647939) in epoch (6). Saving model ...
2026-07-13 08:49:48 | TestSub: S10 | Epoch  7/100 Finsh | Now_lr 0.0005/0.0005 | Train Loss 0.6383 | Valid Loss 0.6334 | Train Acc 66.1885 | Valid Acc 72.8365
2026-07-13 08:49:48 | Validation loss decreased (0.647939 --> 0.633415) in epoch (7). Saving model ...
2026-07-13 08:49:49 | TestSub: S10 | Epoch  8/100 Finsh | Now_lr 0.0005/0.0005 | Train Loss 0.6308 | Valid Loss 0.6215 | Train Acc 65.9580 | Valid Acc 74.7596
2026-07-13 08:49:49 | Validation loss decreased (0.633415 --> 0.621473) in epoch (8). Saving model ...
2026-07-13 08:49:50 | TestSub: S10 | Epoch  9/100 Finsh | Now_lr 0.0005/0.0005 | Train Loss 0.6187 | Valid Loss 0.6146 | Train Acc 67.9303 | Valid Acc 74.7596
2026-07-13 08:49:50 | Validation loss decreased (0.621473 --> 0.614552) in epoch (9). Saving model ...
2026-07-13 08:49:51 | TestSub: S10 | Epoch 10/100 Finsh | Now_lr 0.0005/0.0005 | Train Loss 0.6072 | Valid Loss 0.5970 | Train Acc 69.2879 | Valid Acc 77.4038
2026-07-13 08:49:51 | Validation loss decreased (0.614552 --> 0.596986) in epoch (10). Saving model ...
2026-07-13 08:49:52 | TestSub: S10 | Epoch 11/100 Finsh | Now_lr 0.0005/0.0005 | Train Loss 0.5968 | Valid Loss 0.5868 | Train Acc 69.6209 | Valid Acc 78.6058
2026-07-13 08:49:52 | Validation loss decreased (0.596986 --> 0.586787) in epoch (11). Saving model ...
2026-07-13 08:49:53 | TestSub: S10 | Epoch 12/100 Finsh | Now_lr 0.0005/0.0005 | Train Loss 0.5881 | Valid Loss 0.5743 | Train Acc 71.0041 | Valid Acc 79.8077
2026-07-13 08:49:53 | Validation loss decreased (0.586787 --> 0.574272) in epoch (12). Saving model ...
2026-07-13 08:49:54 | TestSub: S10 | Epoch 13/100 Finsh | Now_lr 0.0005/0.0005 | Train Loss 0.5749 | Valid Loss 0.5635 | Train Acc 72.9508 | Valid Acc 79.0865
2026-07-13 08:49:54 | Validation loss decreased (0.574272 --> 0.563518) in epoch (13). Saving model ...
2026-07-13 08:49:55 | TestSub: S10 | Epoch 14/100 Finsh | Now_lr 0.0005/0.0005 | Train Loss 0.5635 | Valid Loss 0.5535 | Train Acc 72.1824 | Valid Acc 78.3654
2026-07-13 08:49:55 | Validation loss decreased (0.563518 --> 0.553518) in epoch (14). Saving model ...
2026-07-13 08:49:56 | TestSub: S10 | Epoch 15/100 Finsh | Now_lr 0.0005/0.0005 | Train Loss 0.5572 | Valid Loss 0.5445 | Train Acc 73.1814 | Valid Acc 80.7692
2026-07-13 08:49:56 | Validation loss decreased (0.553518 --> 0.544537) in epoch (15). Saving model ...
2026-07-13 08:49:57 | TestSub: S10 | Epoch 16/100 Finsh | Now_lr 0.0005/0.0005 | Train Loss 0.5565 | Valid Loss 0.5404 | Train Acc 72.9508 | Valid Acc 80.0481
2026-07-13 08:49:57 | Validation loss decreased (0.544537 --> 0.540433) in epoch (16). Saving model ...
2026-07-13 08:49:58 | TestSub: S10 | Epoch 17/100 Finsh | Now_lr 0.0005/0.0005 | Train Loss 0.5427 | Valid Loss 0.5292 | Train Acc 74.0266 | Valid Acc 80.7692
2026-07-13 08:49:58 | Validation loss decreased (0.540433 --> 0.529163) in epoch (17). Saving model ...
2026-07-13 08:49:59 | TestSub: S10 | Epoch 18/100 Finsh | Now_lr 0.0005/0.0005 | Train Loss 0.5355 | Valid Loss 0.5192 | Train Acc 75.4098 | Valid Acc 81.7308
2026-07-13 08:49:59 | Validation loss decreased (0.529163 --> 0.519219) in epoch (18). Saving model ...
2026-07-13 08:50:00 | TestSub: S10 | Epoch 19/100 Finsh | Now_lr 0.0005/0.0005 | Train Loss 0.5302 | Valid Loss 0.5160 | Train Acc 75.4355 | Valid Acc 82.6923
2026-07-13 08:50:00 | Validation loss decreased (0.519219 --> 0.515973) in epoch (19). Saving model ...
2026-07-13 08:50:00 | TestSub: S10 | Epoch 20/100 Finsh | Now_lr 0.0005/0.0005 | Train Loss 0.5319 | Valid Loss 0.5014 | Train Acc 75.3074 | Valid Acc 83.6538
2026-07-13 08:50:00 | Validation loss decreased (0.515973 --> 0.501393) in epoch (20). Saving model ...
2026-07-13 08:50:01 | TestSub: S10 | Epoch 21/100 Finsh | Now_lr 0.0005/0.0005 | Train Loss 0.5250 | Valid Loss 0.4965 | Train Acc 75.1281 | Valid Acc 82.6923
2026-07-13 08:50:01 | Validation loss decreased (0.501393 --> 0.496459) in epoch (21). Saving model ...
2026-07-13 08:50:02 | TestSub: S10 | Epoch 22/100 Finsh | Now_lr 0.0005/0.0005 | Train Loss 0.5174 | Valid Loss 0.4893 | Train Acc 76.5625 | Valid Acc 83.6538
2026-07-13 08:50:02 | Validation loss decreased (0.496459 --> 0.489275) in epoch (22). Saving model ...
2026-07-13 08:50:03 | TestSub: S10 | Epoch 23/100 Finsh | Now_lr 0.0005/0.0005 | Train Loss 0.5142 | Valid Loss 0.4843 | Train Acc 76.0502 | Valid Acc 83.8942
2026-07-13 08:50:03 | Validation loss decreased (0.489275 --> 0.484313) in epoch (23). Saving model ...
2026-07-13 08:50:04 | TestSub: S10 | Epoch 24/100 Finsh | Now_lr 0.0005/0.0005 | Train Loss 0.5028 | Valid Loss 0.4810 | Train Acc 77.1004 | Valid Acc 84.8558
2026-07-13 08:50:04 | Validation loss decreased (0.484313 --> 0.481014) in epoch (24). Saving model ...
2026-07-13 08:50:05 | TestSub: S10 | Epoch 25/100 Finsh | Now_lr 0.0005/0.0005 | Train Loss 0.4969 | Valid Loss 0.4767 | Train Acc 78.0994 | Valid Acc 83.8942
2026-07-13 08:50:05 | Validation loss decreased (0.481014 --> 0.476741) in epoch (25). Saving model ...
2026-07-13 08:50:06 | TestSub: S10 | Epoch 26/100 Finsh | Now_lr 0.0005/0.0005 | Train Loss 0.4947 | Valid Loss 0.4692 | Train Acc 77.1004 | Valid Acc 83.8942
2026-07-13 08:50:06 | Validation loss decreased (0.476741 --> 0.469207) in epoch (26). Saving model ...
2026-07-13 08:50:07 | TestSub: S10 | Epoch 27/100 Finsh | Now_lr 0.0005/0.0005 | Train Loss 0.4870 | Valid Loss 0.4666 | Train Acc 77.6895 | Valid Acc 83.6538
2026-07-13 08:50:07 | Validation loss decreased (0.469207 --> 0.466606) in epoch (27). Saving model ...
2026-07-13 08:50:08 | TestSub: S10 | Epoch 28/100 Finsh | Now_lr 0.0005/0.0005 | Train Loss 0.4883 | Valid Loss 0.4576 | Train Acc 77.5102 | Valid Acc 85.3365
2026-07-13 08:50:08 | Validation loss decreased (0.466606 --> 0.457574) in epoch (28). Saving model ...
2026-07-13 08:50:09 | TestSub: S10 | Epoch 29/100 Finsh | Now_lr 0.0005/0.0005 | Train Loss 0.4835 | Valid Loss 0.4453 | Train Acc 78.2275 | Valid Acc 85.8173
2026-07-13 08:50:09 | Validation loss decreased (0.457574 --> 0.445258) in epoch (29). Saving model ...
2026-07-13 08:50:10 | TestSub: S10 | Epoch 30/100 Finsh | Now_lr 0.0005/0.0005 | Train Loss 0.4723 | Valid Loss 0.4454 | Train Acc 78.8422 | Valid Acc 85.0962
2026-07-13 08:50:11 | TestSub: S10 | Epoch 31/100 Finsh | Now_lr 0.0005/0.0005 | Train Loss 0.4691 | Valid Loss 0.4441 | Train Acc 79.4314 | Valid Acc 85.8173
2026-07-13 08:50:11 | Validation loss decreased (0.445258 --> 0.444112) in epoch (31). Saving model ...
2026-07-13 08:50:11 | TestSub: S10 | Epoch 32/100 Finsh | Now_lr 0.0005/0.0005 | Train Loss 0.4702 | Valid Loss 0.4434 | Train Acc 79.5850 | Valid Acc 84.1346
2026-07-13 08:50:11 | Validation loss decreased (0.444112 --> 0.443363) in epoch (32). Saving model ...
2026-07-13 08:50:12 | TestSub: S10 | Epoch 33/100 Finsh | Now_lr 0.0005/0.0005 | Train Loss 0.4673 | Valid Loss 0.4317 | Train Acc 78.9191 | Valid Acc 86.5385
2026-07-13 08:50:12 | Validation loss decreased (0.443363 --> 0.431682) in epoch (33). Saving model ...
2026-07-13 08:50:13 | TestSub: S10 | Epoch 34/100 Finsh | Now_lr 0.0005/0.0005 | Train Loss 0.4600 | Valid Loss 0.4332 | Train Acc 79.4314 | Valid Acc 84.6154
2026-07-13 08:50:14 | TestSub: S10 | Epoch 35/100 Finsh | Now_lr 0.0005/0.0005 | Train Loss 0.4555 | Valid Loss 0.4228 | Train Acc 78.4580 | Valid Acc 87.9808
2026-07-13 08:50:14 | Validation loss decreased (0.431682 --> 0.422785) in epoch (35). Saving model ...
2026-07-13 08:50:15 | TestSub: S10 | Epoch 36/100 Finsh | Now_lr 0.0005/0.0005 | Train Loss 0.4567 | Valid Loss 0.4260 | Train Acc 79.1496 | Valid Acc 86.0577
2026-07-13 08:50:16 | TestSub: S10 | Epoch 37/100 Finsh | Now_lr 0.0005/0.0005 | Train Loss 0.4551 | Valid Loss 0.4247 | Train Acc 79.3033 | Valid Acc 87.0192
2026-07-13 08:50:17 | TestSub: S10 | Epoch 38/100 Finsh | Now_lr 0.0005/0.0005 | Train Loss 0.4544 | Valid Loss 0.4217 | Train Acc 79.5338 | Valid Acc 86.0577
2026-07-13 08:50:17 | Validation loss decreased (0.422785 --> 0.421730) in epoch (38). Saving model ...
2026-07-13 08:50:18 | TestSub: S10 | Epoch 39/100 Finsh | Now_lr 0.0005/0.0005 | Train Loss 0.4488 | Valid Loss 0.4198 | Train Acc 79.6363 | Valid Acc 86.5385
2026-07-13 08:50:18 | Validation loss decreased (0.421730 --> 0.419801) in epoch (39). Saving model ...
2026-07-13 08:50:19 | TestSub: S10 | Epoch 40/100 Finsh | Now_lr 0.0005/0.0005 | Train Loss 0.4492 | Valid Loss 0.4225 | Train Acc 80.1230 | Valid Acc 86.0577
2026-07-13 08:50:20 | TestSub: S10 | Epoch 41/100 Finsh | Now_lr 0.0005/0.0005 | Train Loss 0.4457 | Valid Loss 0.4087 | Train Acc 80.6096 | Valid Acc 88.7019
2026-07-13 08:50:20 | Validation loss decreased (0.419801 --> 0.408749) in epoch (41). Saving model ...
2026-07-13 08:50:20 | TestSub: S10 | Epoch 42/100 Finsh | Now_lr 0.0005/0.0005 | Train Loss 0.4336 | Valid Loss 0.4174 | Train Acc 81.4549 | Valid Acc 87.0192
2026-07-13 08:50:21 | TestSub: S10 | Epoch 43/100 Finsh | Now_lr 0.0005/0.0005 | Train Loss 0.4370 | Valid Loss 0.4028 | Train Acc 80.8914 | Valid Acc 87.5000
2026-07-13 08:50:21 | Validation loss decreased (0.408749 --> 0.402790) in epoch (43). Saving model ...
2026-07-13 08:50:22 | TestSub: S10 | Epoch 44/100 Finsh | Now_lr 0.0005/0.0005 | Train Loss 0.4360 | Valid Loss 0.3982 | Train Acc 80.5072 | Valid Acc 85.8173
2026-07-13 08:50:22 | Validation loss decreased (0.402790 --> 0.398229) in epoch (44). Saving model ...
2026-07-13 08:50:23 | TestSub: S10 | Epoch 45/100 Finsh | Now_lr 0.0005/0.0005 | Train Loss 0.4412 | Valid Loss 0.3958 | Train Acc 80.3791 | Valid Acc 87.5000
2026-07-13 08:50:23 | Validation loss decreased (0.398229 --> 0.395817) in epoch (45). Saving model ...
2026-07-13 08:50:24 | TestSub: S10 | Epoch 46/100 Finsh | Now_lr 0.0005/0.0005 | Train Loss 0.4324 | Valid Loss 0.3951 | Train Acc 81.5061 | Valid Acc 89.4231
2026-07-13 08:50:24 | Validation loss decreased (0.395817 --> 0.395122) in epoch (46). Saving model ...
2026-07-13 08:50:25 | TestSub: S10 | Epoch 47/100 Finsh | Now_lr 0.0005/0.0005 | Train Loss 0.4236 | Valid Loss 0.3914 | Train Acc 81.8391 | Valid Acc 89.6635
2026-07-13 08:50:25 | Validation loss decreased (0.395122 --> 0.391380) in epoch (47). Saving model ...
2026-07-13 08:50:26 | TestSub: S10 | Epoch 48/100 Finsh | Now_lr 0.0005/0.0005 | Train Loss 0.4358 | Valid Loss 0.3842 | Train Acc 80.9682 | Valid Acc 88.2212
2026-07-13 08:50:26 | Validation loss decreased (0.391380 --> 0.384195) in epoch (48). Saving model ...
2026-07-13 08:50:27 | TestSub: S10 | Epoch 49/100 Finsh | Now_lr 0.0005/0.0005 | Train Loss 0.4300 | Valid Loss 0.3853 | Train Acc 81.4293 | Valid Acc 89.4231
2026-07-13 08:50:28 | TestSub: S10 | Epoch 50/100 Finsh | Now_lr 0.0005/0.0005 | Train Loss 0.4297 | Valid Loss 0.3805 | Train Acc 81.1475 | Valid Acc 87.5000
2026-07-13 08:50:28 | Validation loss decreased (0.384195 --> 0.380542) in epoch (50). Saving model ...
2026-07-13 08:50:29 | TestSub: S10 | Epoch 51/100 Finsh | Now_lr 0.0005/0.0005 | Train Loss 0.4228 | Valid Loss 0.3864 | Train Acc 81.5061 | Valid Acc 87.5000
2026-07-13 08:50:30 | TestSub: S10 | Epoch 52/100 Finsh | Now_lr 0.0005/0.0005 | Train Loss 0.4121 | Valid Loss 0.3846 | Train Acc 82.0953 | Valid Acc 87.9808
2026-07-13 08:50:30 | TestSub: S10 | Epoch 53/100 Finsh | Now_lr 0.0005/0.0005 | Train Loss 0.4253 | Valid Loss 0.3868 | Train Acc 81.0195 | Valid Acc 87.5000
2026-07-13 08:50:31 | TestSub: S10 | Epoch 54/100 Finsh | Now_lr 0.0005/0.0005 | Train Loss 0.4186 | Valid Loss 0.3841 | Train Acc 81.5574 | Valid Acc 88.4615
2026-07-13 08:50:32 | TestSub: S10 | Epoch 55/100 Finsh | Now_lr 0.0005/0.0005 | Train Loss 0.4140 | Valid Loss 0.3791 | Train Acc 81.6598 | Valid Acc 88.7019
2026-07-13 08:50:32 | Validation loss decreased (0.380542 --> 0.379061) in epoch (55). Saving model ...
2026-07-13 08:50:33 | TestSub: S10 | Epoch 56/100 Finsh | Now_lr 0.0005/0.0005 | Train Loss 0.4128 | Valid Loss 0.3752 | Train Acc 81.6598 | Valid Acc 88.7019
2026-07-13 08:50:33 | Validation loss decreased (0.379061 --> 0.375172) in epoch (56). Saving model ...
2026-07-13 08:50:34 | TestSub: S10 | Epoch 57/100 Finsh | Now_lr 0.0005/0.0005 | Train Loss 0.4068 | Valid Loss 0.3707 | Train Acc 82.2234 | Valid Acc 89.4231
2026-07-13 08:50:34 | Validation loss decreased (0.375172 --> 0.370735) in epoch (57). Saving model ...
2026-07-13 08:50:35 | TestSub: S10 | Epoch 58/100 Finsh | Now_lr 0.0005/0.0005 | Train Loss 0.4174 | Valid Loss 0.3698 | Train Acc 81.7367 | Valid Acc 90.1442
2026-07-13 08:50:35 | Validation loss decreased (0.370735 --> 0.369784) in epoch (58). Saving model ...
2026-07-13 08:50:36 | TestSub: S10 | Epoch 59/100 Finsh | Now_lr 0.0005/0.0005 | Train Loss 0.4112 | Valid Loss 0.3672 | Train Acc 82.1209 | Valid Acc 88.9423
2026-07-13 08:50:36 | Validation loss decreased (0.369784 --> 0.367215) in epoch (59). Saving model ...
2026-07-13 08:50:37 | TestSub: S10 | Epoch 60/100 Finsh | Now_lr 0.0005/0.0005 | Train Loss 0.4099 | Valid Loss 0.3686 | Train Acc 82.3514 | Valid Acc 89.1827
2026-07-13 08:50:38 | TestSub: S10 | Epoch 61/100 Finsh | Now_lr 0.0005/0.0005 | Train Loss 0.4081 | Valid Loss 0.3674 | Train Acc 82.0697 | Valid Acc 89.9038
2026-07-13 08:50:39 | TestSub: S10 | Epoch 62/100 Finsh | Now_lr 0.0005/0.0005 | Train Loss 0.3981 | Valid Loss 0.3687 | Train Acc 83.1711 | Valid Acc 89.9038
2026-07-13 08:50:40 | TestSub: S10 | Epoch 63/100 Finsh | Now_lr 0.0005/0.0005 | Train Loss 0.3964 | Valid Loss 0.3625 | Train Acc 82.6588 | Valid Acc 90.1442
2026-07-13 08:50:40 | Validation loss decreased (0.367215 --> 0.362497) in epoch (63). Saving model ...
2026-07-13 08:50:41 | TestSub: S10 | Epoch 64/100 Finsh | Now_lr 0.0005/0.0005 | Train Loss 0.3954 | Valid Loss 0.3604 | Train Acc 83.0430 | Valid Acc 90.6250
2026-07-13 08:50:41 | Validation loss decreased (0.362497 --> 0.360398) in epoch (64). Saving model ...
2026-07-13 08:50:41 | TestSub: S10 | Epoch 65/100 Finsh | Now_lr 0.0005/0.0005 | Train Loss 0.3968 | Valid Loss 0.3647 | Train Acc 83.4273 | Valid Acc 90.8654
2026-07-13 08:50:42 | TestSub: S10 | Epoch 66/100 Finsh | Now_lr 0.0005/0.0005 | Train Loss 0.3998 | Valid Loss 0.3584 | Train Acc 82.3770 | Valid Acc 89.4231
2026-07-13 08:50:42 | Validation loss decreased (0.360398 --> 0.358350) in epoch (66). Saving model ...
2026-07-13 08:50:43 | TestSub: S10 | Epoch 67/100 Finsh | Now_lr 0.0005/0.0005 | Train Loss 0.4004 | Valid Loss 0.3555 | Train Acc 82.4283 | Valid Acc 91.1058
2026-07-13 08:50:43 | Validation loss decreased (0.358350 --> 0.355456) in epoch (67). Saving model ...
2026-07-13 08:50:44 | TestSub: S10 | Epoch 68/100 Finsh | Now_lr 0.0005/0.0005 | Train Loss 0.3938 | Valid Loss 0.3511 | Train Acc 82.6332 | Valid Acc 90.3846
2026-07-13 08:50:44 | Validation loss decreased (0.355456 --> 0.351104) in epoch (68). Saving model ...
2026-07-13 08:50:45 | TestSub: S10 | Epoch 69/100 Finsh | Now_lr 0.0005/0.0005 | Train Loss 0.3899 | Valid Loss 0.3634 | Train Acc 83.2223 | Valid Acc 89.4231
2026-07-13 08:50:46 | TestSub: S10 | Epoch 70/100 Finsh | Now_lr 0.0005/0.0005 | Train Loss 0.3914 | Valid Loss 0.3526 | Train Acc 83.0943 | Valid Acc 88.9423
2026-07-13 08:50:47 | TestSub: S10 | Epoch 71/100 Finsh | Now_lr 0.0005/0.0005 | Train Loss 0.3959 | Valid Loss 0.3494 | Train Acc 82.2490 | Valid Acc 89.6635
2026-07-13 08:50:47 | Validation loss decreased (0.351104 --> 0.349354) in epoch (71). Saving model ...
2026-07-13 08:50:48 | TestSub: S10 | Epoch 72/100 Finsh | Now_lr 0.0005/0.0005 | Train Loss 0.3966 | Valid Loss 0.3522 | Train Acc 83.6066 | Valid Acc 89.4231
2026-07-13 08:50:49 | TestSub: S10 | Epoch 73/100 Finsh | Now_lr 0.0005/0.0005 | Train Loss 0.3892 | Valid Loss 0.3491 | Train Acc 82.7613 | Valid Acc 88.9423
2026-07-13 08:50:49 | Validation loss decreased (0.349354 --> 0.349131) in epoch (73). Saving model ...
2026-07-13 08:50:49 | TestSub: S10 | Epoch 74/100 Finsh | Now_lr 0.0005/0.0005 | Train Loss 0.3929 | Valid Loss 0.3463 | Train Acc 82.8381 | Valid Acc 89.1827
2026-07-13 08:50:49 | Validation loss decreased (0.349131 --> 0.346285) in epoch (74). Saving model ...
2026-07-13 08:50:50 | TestSub: S10 | Epoch 75/100 Finsh | Now_lr 0.0005/0.0005 | Train Loss 0.3851 | Valid Loss 0.3416 | Train Acc 83.3248 | Valid Acc 90.1442
2026-07-13 08:50:50 | Validation loss decreased (0.346285 --> 0.341627) in epoch (75). Saving model ...
2026-07-13 08:50:51 | TestSub: S10 | Epoch 76/100 Finsh | Now_lr 0.0005/0.0005 | Train Loss 0.3879 | Valid Loss 0.3429 | Train Acc 83.3504 | Valid Acc 90.6250
2026-07-13 08:50:52 | TestSub: S10 | Epoch 77/100 Finsh | Now_lr 0.0005/0.0005 | Train Loss 0.3974 | Valid Loss 0.3433 | Train Acc 82.7100 | Valid Acc 89.9038
2026-07-13 08:50:53 | TestSub: S10 | Epoch 78/100 Finsh | Now_lr 0.0005/0.0005 | Train Loss 0.3774 | Valid Loss 0.3427 | Train Acc 84.7592 | Valid Acc 90.3846
2026-07-13 08:50:54 | TestSub: S10 | Epoch 79/100 Finsh | Now_lr 0.0005/0.0005 | Train Loss 0.3880 | Valid Loss 0.3372 | Train Acc 83.4273 | Valid Acc 90.8654
2026-07-13 08:50:54 | Validation loss decreased (0.341627 --> 0.337180) in epoch (79). Saving model ...
2026-07-13 08:50:55 | TestSub: S10 | Epoch 80/100 Finsh | Now_lr 0.0005/0.0005 | Train Loss 0.3796 | Valid Loss 0.3349 | Train Acc 84.0420 | Valid Acc 90.8654
2026-07-13 08:50:55 | Validation loss decreased (0.337180 --> 0.334939) in epoch (80). Saving model ...
2026-07-13 08:50:56 | TestSub: S10 | Epoch 81/100 Finsh | Now_lr 0.0005/0.0005 | Train Loss 0.3848 | Valid Loss 0.3368 | Train Acc 83.5297 | Valid Acc 90.8654
2026-07-13 08:50:57 | TestSub: S10 | Epoch 82/100 Finsh | Now_lr 0.0005/0.0005 | Train Loss 0.3830 | Valid Loss 0.3362 | Train Acc 83.1199 | Valid Acc 90.6250
2026-07-13 08:50:58 | TestSub: S10 | Epoch 83/100 Finsh | Now_lr 0.0005/0.0005 | Train Loss 0.3872 | Valid Loss 0.3335 | Train Acc 83.6322 | Valid Acc 89.6635
2026-07-13 08:50:58 | Validation loss decreased (0.334939 --> 0.333464) in epoch (83). Saving model ...
2026-07-13 08:50:59 | TestSub: S10 | Epoch 84/100 Finsh | Now_lr 0.0005/0.0005 | Train Loss 0.3763 | Valid Loss 0.3320 | Train Acc 83.9908 | Valid Acc 90.1442
2026-07-13 08:50:59 | Validation loss decreased (0.333464 --> 0.332033) in epoch (84). Saving model ...
2026-07-13 08:51:00 | TestSub: S10 | Epoch 85/100 Finsh | Now_lr 0.0005/0.0005 | Train Loss 0.3748 | Valid Loss 0.3321 | Train Acc 83.4273 | Valid Acc 89.6635
2026-07-13 08:51:00 | TestSub: S10 | Epoch 86/100 Finsh | Now_lr 0.0005/0.0005 | Train Loss 0.3795 | Valid Loss 0.3294 | Train Acc 83.5041 | Valid Acc 88.7019
2026-07-13 08:51:00 | Validation loss decreased (0.332033 --> 0.329374) in epoch (86). Saving model ...
2026-07-13 08:51:01 | TestSub: S10 | Epoch 87/100 Finsh | Now_lr 0.0005/0.0005 | Train Loss 0.3746 | Valid Loss 0.3304 | Train Acc 83.4785 | Valid Acc 91.1058
2026-07-13 08:51:02 | TestSub: S10 | Epoch 88/100 Finsh | Now_lr 0.0005/0.0005 | Train Loss 0.3799 | Valid Loss 0.3320 | Train Acc 83.6834 | Valid Acc 90.6250
2026-07-13 08:51:03 | TestSub: S10 | Epoch 89/100 Finsh | Now_lr 0.0005/0.0005 | Train Loss 0.3688 | Valid Loss 0.3320 | Train Acc 84.5031 | Valid Acc 89.4231
2026-07-13 08:51:04 | TestSub: S10 | Epoch 90/100 Finsh | Now_lr 0.0005/0.0005 | Train Loss 0.3647 | Valid Loss 0.3273 | Train Acc 83.9908 | Valid Acc 89.4231
2026-07-13 08:51:04 | Validation loss decreased (0.329374 --> 0.327294) in epoch (90). Saving model ...
2026-07-13 08:51:05 | TestSub: S10 | Epoch 91/100 Finsh | Now_lr 0.0005/0.0005 | Train Loss 0.3937 | Valid Loss 0.3253 | Train Acc 81.7879 | Valid Acc 90.3846
2026-07-13 08:51:05 | Validation loss decreased (0.327294 --> 0.325313) in epoch (91). Saving model ...
2026-07-13 08:51:06 | TestSub: S10 | Epoch 92/100 Finsh | Now_lr 0.0005/0.0005 | Train Loss 0.3698 | Valid Loss 0.3240 | Train Acc 83.9139 | Valid Acc 90.6250
2026-07-13 08:51:06 | Validation loss decreased (0.325313 --> 0.323975) in epoch (92). Saving model ...
2026-07-13 08:51:07 | TestSub: S10 | Epoch 93/100 Finsh | Now_lr 0.0005/0.0005 | Train Loss 0.3774 | Valid Loss 0.3214 | Train Acc 83.8883 | Valid Acc 92.7885
2026-07-13 08:51:07 | Validation loss decreased (0.323975 --> 0.321361) in epoch (93). Saving model ...
2026-07-13 08:51:08 | TestSub: S10 | Epoch 94/100 Finsh | Now_lr 0.0005/0.0005 | Train Loss 0.3662 | Valid Loss 0.3188 | Train Acc 84.4262 | Valid Acc 89.6635
2026-07-13 08:51:08 | Validation loss decreased (0.321361 --> 0.318767) in epoch (94). Saving model ...
2026-07-13 08:51:09 | TestSub: S10 | Epoch 95/100 Finsh | Now_lr 0.0005/0.0005 | Train Loss 0.3708 | Valid Loss 0.3195 | Train Acc 83.8627 | Valid Acc 90.1442
2026-07-13 08:51:10 | TestSub: S10 | Epoch 96/100 Finsh | Now_lr 0.0005/0.0005 | Train Loss 0.3705 | Valid Loss 0.3204 | Train Acc 84.0932 | Valid Acc 91.3462
2026-07-13 08:51:11 | TestSub: S10 | Epoch 97/100 Finsh | Now_lr 0.0005/0.0005 | Train Loss 0.3705 | Valid Loss 0.3143 | Train Acc 84.2469 | Valid Acc 91.5865
2026-07-13 08:51:11 | Validation loss decreased (0.318767 --> 0.314320) in epoch (97). Saving model ...
2026-07-13 08:51:11 | TestSub: S10 | Epoch 98/100 Finsh | Now_lr 0.0005/0.0005 | Train Loss 0.3626 | Valid Loss 0.3203 | Train Acc 84.6568 | Valid Acc 90.3846
2026-07-13 08:51:12 | TestSub: S10 | Epoch 99/100 Finsh | Now_lr 0.0005/0.0005 | Train Loss 0.3654 | Valid Loss 0.3139 | Train Acc 84.7848 | Valid Acc 91.1058
2026-07-13 08:51:12 | Validation loss decreased (0.314320 --> 0.313944) in epoch (99). Saving model ...
2026-07-13 08:51:13 | TestSub: S10 | Epoch 100/100 Finsh | Now_lr 0.0005/0.0005 | Train Loss 0.3701 | Valid Loss 0.3145 | Train Acc 83.9395 | Valid Acc 91.3462
2026-07-13 08:51:13 | --------------------------------------------------
2026-07-13 08:51:13 | Test_Subject :S10 | Best epoch:99 | Test Loss:0.4650 | Savemodel Acc 78.9583
2026-07-13 08:51:13 | --------------------------------------------------
2026-07-13 08:51:13 | Best epoch: 99 | Test acc: 78.9583
