2026-07-17 03:14:07 | Logging started: ./writer/Subject_dependent_AAD/AVEDao/3.0s/result//Train3.0s_sub9.log
2026-07-17 03:14:10 | Sub_id: 9
2026-07-17 03:14:11 | TestSub: S9 | Epoch  1/100 Finsh | Now_lr 0.0005/0.0005 | Train Loss 0.6897 | Valid Loss 0.6982 | Train Acc 53.5937 | Valid Acc 51.5625
2026-07-17 03:14:11 | Validation loss decreased (inf --> 0.698151) in epoch (1). Saving model ...
2026-07-17 03:14:11 | TestSub: S9 | Epoch  2/100 Finsh | Now_lr 0.0005/0.0005 | Train Loss 0.6812 | Valid Loss 0.6730 | Train Acc 57.1094 | Valid Acc 62.5000
2026-07-17 03:14:11 | Validation loss decreased (0.698151 --> 0.672965) in epoch (2). Saving model ...
2026-07-17 03:14:12 | TestSub: S9 | Epoch  3/100 Finsh | Now_lr 0.0005/0.0005 | Train Loss 0.6741 | Valid Loss 0.6656 | Train Acc 59.2188 | Valid Acc 60.9375
2026-07-17 03:14:12 | Validation loss decreased (0.672965 --> 0.665615) in epoch (3). Saving model ...
2026-07-17 03:14:12 | TestSub: S9 | Epoch  4/100 Finsh | Now_lr 0.0005/0.0005 | Train Loss 0.6696 | Valid Loss 0.6627 | Train Acc 60.0000 | Valid Acc 61.7188
2026-07-17 03:14:12 | Validation loss decreased (0.665615 --> 0.662707) in epoch (4). Saving model ...
2026-07-17 03:14:13 | TestSub: S9 | Epoch  5/100 Finsh | Now_lr 0.0005/0.0005 | Train Loss 0.6619 | Valid Loss 0.6619 | Train Acc 61.0156 | Valid Acc 61.7188
2026-07-17 03:14:13 | Validation loss decreased (0.662707 --> 0.661931) in epoch (5). Saving model ...
2026-07-17 03:14:13 | TestSub: S9 | Epoch  6/100 Finsh | Now_lr 0.0005/0.0005 | Train Loss 0.6548 | Valid Loss 0.6644 | Train Acc 62.8906 | Valid Acc 64.0625
2026-07-17 03:14:14 | TestSub: S9 | Epoch  7/100 Finsh | Now_lr 0.0005/0.0005 | Train Loss 0.6443 | Valid Loss 0.6650 | Train Acc 65.1562 | Valid Acc 59.3750
2026-07-17 03:14:14 | TestSub: S9 | Epoch  8/100 Finsh | Now_lr 0.0005/0.0005 | Train Loss 0.6371 | Valid Loss 0.6598 | Train Acc 66.9531 | Valid Acc 64.0625
2026-07-17 03:14:14 | Validation loss decreased (0.661931 --> 0.659768) in epoch (8). Saving model ...
2026-07-17 03:14:15 | TestSub: S9 | Epoch  9/100 Finsh | Now_lr 0.0005/0.0005 | Train Loss 0.6325 | Valid Loss 0.6606 | Train Acc 65.9375 | Valid Acc 63.2812
2026-07-17 03:14:15 | TestSub: S9 | Epoch 10/100 Finsh | Now_lr 0.0005/0.0005 | Train Loss 0.6238 | Valid Loss 0.6496 | Train Acc 68.1250 | Valid Acc 64.0625
2026-07-17 03:14:15 | Validation loss decreased (0.659768 --> 0.649558) in epoch (10). Saving model ...
2026-07-17 03:14:16 | TestSub: S9 | Epoch 11/100 Finsh | Now_lr 0.0005/0.0005 | Train Loss 0.6101 | Valid Loss 0.6542 | Train Acc 69.7656 | Valid Acc 64.0625
2026-07-17 03:14:16 | TestSub: S9 | Epoch 12/100 Finsh | Now_lr 0.0005/0.0005 | Train Loss 0.5951 | Valid Loss 0.6458 | Train Acc 72.1094 | Valid Acc 66.4062
2026-07-17 03:14:16 | Validation loss decreased (0.649558 --> 0.645804) in epoch (12). Saving model ...
2026-07-17 03:14:16 | TestSub: S9 | Epoch 13/100 Finsh | Now_lr 0.0005/0.0005 | Train Loss 0.5944 | Valid Loss 0.6411 | Train Acc 72.8125 | Valid Acc 65.6250
2026-07-17 03:14:16 | Validation loss decreased (0.645804 --> 0.641138) in epoch (13). Saving model ...
2026-07-17 03:14:17 | TestSub: S9 | Epoch 14/100 Finsh | Now_lr 0.0005/0.0005 | Train Loss 0.5783 | Valid Loss 0.6257 | Train Acc 72.6562 | Valid Acc 67.1875
2026-07-17 03:14:17 | Validation loss decreased (0.641138 --> 0.625676) in epoch (14). Saving model ...
2026-07-17 03:14:17 | TestSub: S9 | Epoch 15/100 Finsh | Now_lr 0.0005/0.0005 | Train Loss 0.5685 | Valid Loss 0.6242 | Train Acc 75.0000 | Valid Acc 67.1875
2026-07-17 03:14:17 | Validation loss decreased (0.625676 --> 0.624155) in epoch (15). Saving model ...
2026-07-17 03:14:18 | TestSub: S9 | Epoch 16/100 Finsh | Now_lr 0.0005/0.0005 | Train Loss 0.5594 | Valid Loss 0.6224 | Train Acc 74.5312 | Valid Acc 67.1875
2026-07-17 03:14:18 | Validation loss decreased (0.624155 --> 0.622402) in epoch (16). Saving model ...
2026-07-17 03:14:18 | TestSub: S9 | Epoch 17/100 Finsh | Now_lr 0.0005/0.0005 | Train Loss 0.5652 | Valid Loss 0.6109 | Train Acc 72.8125 | Valid Acc 74.2188
2026-07-17 03:14:18 | Validation loss decreased (0.622402 --> 0.610944) in epoch (17). Saving model ...
2026-07-17 03:14:19 | TestSub: S9 | Epoch 18/100 Finsh | Now_lr 0.0005/0.0005 | Train Loss 0.5408 | Valid Loss 0.6060 | Train Acc 76.2500 | Valid Acc 74.2188
2026-07-17 03:14:19 | Validation loss decreased (0.610944 --> 0.605976) in epoch (18). Saving model ...
2026-07-17 03:14:19 | TestSub: S9 | Epoch 19/100 Finsh | Now_lr 0.0005/0.0005 | Train Loss 0.5374 | Valid Loss 0.5936 | Train Acc 76.0938 | Valid Acc 74.2188
2026-07-17 03:14:19 | Validation loss decreased (0.605976 --> 0.593612) in epoch (19). Saving model ...
2026-07-17 03:14:20 | TestSub: S9 | Epoch 20/100 Finsh | Now_lr 0.0005/0.0005 | Train Loss 0.5222 | Valid Loss 0.5900 | Train Acc 77.8125 | Valid Acc 75.0000
2026-07-17 03:14:20 | Validation loss decreased (0.593612 --> 0.589951) in epoch (20). Saving model ...
2026-07-17 03:14:20 | TestSub: S9 | Epoch 21/100 Finsh | Now_lr 0.0005/0.0005 | Train Loss 0.5180 | Valid Loss 0.5759 | Train Acc 78.1250 | Valid Acc 78.1250
2026-07-17 03:14:20 | Validation loss decreased (0.589951 --> 0.575868) in epoch (21). Saving model ...
2026-07-17 03:14:21 | TestSub: S9 | Epoch 22/100 Finsh | Now_lr 0.0005/0.0005 | Train Loss 0.5087 | Valid Loss 0.5751 | Train Acc 77.8906 | Valid Acc 78.1250
2026-07-17 03:14:21 | Validation loss decreased (0.575868 --> 0.575121) in epoch (22). Saving model ...
2026-07-17 03:14:21 | TestSub: S9 | Epoch 23/100 Finsh | Now_lr 0.0005/0.0005 | Train Loss 0.4912 | Valid Loss 0.5776 | Train Acc 79.8438 | Valid Acc 71.8750
2026-07-17 03:14:21 | TestSub: S9 | Epoch 24/100 Finsh | Now_lr 0.0005/0.0005 | Train Loss 0.4936 | Valid Loss 0.5711 | Train Acc 79.6094 | Valid Acc 76.5625
2026-07-17 03:14:21 | Validation loss decreased (0.575121 --> 0.571101) in epoch (24). Saving model ...
2026-07-17 03:14:22 | TestSub: S9 | Epoch 25/100 Finsh | Now_lr 0.0005/0.0005 | Train Loss 0.4856 | Valid Loss 0.5626 | Train Acc 79.6094 | Valid Acc 75.0000
2026-07-17 03:14:22 | Validation loss decreased (0.571101 --> 0.562569) in epoch (25). Saving model ...
2026-07-17 03:14:22 | TestSub: S9 | Epoch 26/100 Finsh | Now_lr 0.0005/0.0005 | Train Loss 0.4742 | Valid Loss 0.5570 | Train Acc 79.0625 | Valid Acc 79.6875
2026-07-17 03:14:22 | Validation loss decreased (0.562569 --> 0.557018) in epoch (26). Saving model ...
2026-07-17 03:14:23 | TestSub: S9 | Epoch 27/100 Finsh | Now_lr 0.0005/0.0005 | Train Loss 0.4835 | Valid Loss 0.5472 | Train Acc 78.1250 | Valid Acc 78.1250
2026-07-17 03:14:23 | Validation loss decreased (0.557018 --> 0.547219) in epoch (27). Saving model ...
2026-07-17 03:14:23 | TestSub: S9 | Epoch 28/100 Finsh | Now_lr 0.0005/0.0005 | Train Loss 0.4706 | Valid Loss 0.5470 | Train Acc 79.8438 | Valid Acc 78.9062
2026-07-17 03:14:23 | Validation loss decreased (0.547219 --> 0.546969) in epoch (28). Saving model ...
2026-07-17 03:14:24 | TestSub: S9 | Epoch 29/100 Finsh | Now_lr 0.0005/0.0005 | Train Loss 0.4625 | Valid Loss 0.5360 | Train Acc 81.3281 | Valid Acc 77.3438
2026-07-17 03:14:24 | Validation loss decreased (0.546969 --> 0.536028) in epoch (29). Saving model ...
2026-07-17 03:14:24 | TestSub: S9 | Epoch 30/100 Finsh | Now_lr 0.0005/0.0005 | Train Loss 0.4439 | Valid Loss 0.5327 | Train Acc 82.6562 | Valid Acc 77.3438
2026-07-17 03:14:24 | Validation loss decreased (0.536028 --> 0.532724) in epoch (30). Saving model ...
2026-07-17 03:14:25 | TestSub: S9 | Epoch 31/100 Finsh | Now_lr 0.0005/0.0005 | Train Loss 0.4587 | Valid Loss 0.5271 | Train Acc 79.0625 | Valid Acc 82.0312
2026-07-17 03:14:25 | Validation loss decreased (0.532724 --> 0.527140) in epoch (31). Saving model ...
2026-07-17 03:14:25 | TestSub: S9 | Epoch 32/100 Finsh | Now_lr 0.0005/0.0005 | Train Loss 0.4498 | Valid Loss 0.5192 | Train Acc 81.0156 | Valid Acc 75.7812
2026-07-17 03:14:25 | Validation loss decreased (0.527140 --> 0.519184) in epoch (32). Saving model ...
2026-07-17 03:14:26 | TestSub: S9 | Epoch 33/100 Finsh | Now_lr 0.0005/0.0005 | Train Loss 0.4398 | Valid Loss 0.5215 | Train Acc 81.4844 | Valid Acc 75.7812
2026-07-17 03:14:26 | TestSub: S9 | Epoch 34/100 Finsh | Now_lr 0.0005/0.0005 | Train Loss 0.4431 | Valid Loss 0.5126 | Train Acc 81.7969 | Valid Acc 80.4688
2026-07-17 03:14:26 | Validation loss decreased (0.519184 --> 0.512553) in epoch (34). Saving model ...
2026-07-17 03:14:26 | TestSub: S9 | Epoch 35/100 Finsh | Now_lr 0.0005/0.0005 | Train Loss 0.4349 | Valid Loss 0.5064 | Train Acc 81.3281 | Valid Acc 80.4688
2026-07-17 03:14:26 | Validation loss decreased (0.512553 --> 0.506396) in epoch (35). Saving model ...
2026-07-17 03:14:27 | TestSub: S9 | Epoch 36/100 Finsh | Now_lr 0.0005/0.0005 | Train Loss 0.4133 | Valid Loss 0.4980 | Train Acc 83.2812 | Valid Acc 82.8125
2026-07-17 03:14:27 | Validation loss decreased (0.506396 --> 0.497952) in epoch (36). Saving model ...
2026-07-17 03:14:27 | TestSub: S9 | Epoch 37/100 Finsh | Now_lr 0.0005/0.0005 | Train Loss 0.4174 | Valid Loss 0.5008 | Train Acc 83.4375 | Valid Acc 78.9062
2026-07-17 03:14:28 | TestSub: S9 | Epoch 38/100 Finsh | Now_lr 0.0005/0.0005 | Train Loss 0.4147 | Valid Loss 0.4883 | Train Acc 83.4375 | Valid Acc 82.8125
2026-07-17 03:14:28 | Validation loss decreased (0.497952 --> 0.488333) in epoch (38). Saving model ...
2026-07-17 03:14:28 | TestSub: S9 | Epoch 39/100 Finsh | Now_lr 0.0005/0.0005 | Train Loss 0.4085 | Valid Loss 0.4853 | Train Acc 82.9688 | Valid Acc 80.4688
2026-07-17 03:14:28 | Validation loss decreased (0.488333 --> 0.485310) in epoch (39). Saving model ...
2026-07-17 03:14:29 | TestSub: S9 | Epoch 40/100 Finsh | Now_lr 0.0005/0.0005 | Train Loss 0.4151 | Valid Loss 0.4847 | Train Acc 83.3594 | Valid Acc 79.6875
2026-07-17 03:14:29 | Validation loss decreased (0.485310 --> 0.484712) in epoch (40). Saving model ...
2026-07-17 03:14:29 | TestSub: S9 | Epoch 41/100 Finsh | Now_lr 0.0005/0.0005 | Train Loss 0.4101 | Valid Loss 0.4847 | Train Acc 82.5000 | Valid Acc 82.8125
2026-07-17 03:14:29 | Validation loss decreased (0.484712 --> 0.484652) in epoch (41). Saving model ...
2026-07-17 03:14:30 | TestSub: S9 | Epoch 42/100 Finsh | Now_lr 0.0005/0.0005 | Train Loss 0.3867 | Valid Loss 0.4794 | Train Acc 84.1406 | Valid Acc 77.3438
2026-07-17 03:14:30 | Validation loss decreased (0.484652 --> 0.479399) in epoch (42). Saving model ...
2026-07-17 03:14:30 | TestSub: S9 | Epoch 43/100 Finsh | Now_lr 0.0005/0.0005 | Train Loss 0.3986 | Valid Loss 0.4810 | Train Acc 83.2031 | Valid Acc 82.8125
2026-07-17 03:14:31 | TestSub: S9 | Epoch 44/100 Finsh | Now_lr 0.0005/0.0005 | Train Loss 0.3878 | Valid Loss 0.4764 | Train Acc 83.8281 | Valid Acc 81.2500
2026-07-17 03:14:31 | Validation loss decreased (0.479399 --> 0.476359) in epoch (44). Saving model ...
2026-07-17 03:14:31 | TestSub: S9 | Epoch 45/100 Finsh | Now_lr 0.0005/0.0005 | Train Loss 0.3772 | Valid Loss 0.4670 | Train Acc 85.0000 | Valid Acc 79.6875
2026-07-17 03:14:31 | Validation loss decreased (0.476359 --> 0.466952) in epoch (45). Saving model ...
2026-07-17 03:14:31 | TestSub: S9 | Epoch 46/100 Finsh | Now_lr 0.0005/0.0005 | Train Loss 0.3774 | Valid Loss 0.4593 | Train Acc 85.1562 | Valid Acc 82.0312
2026-07-17 03:14:31 | Validation loss decreased (0.466952 --> 0.459335) in epoch (46). Saving model ...
2026-07-17 03:14:32 | TestSub: S9 | Epoch 47/100 Finsh | Now_lr 0.0005/0.0005 | Train Loss 0.3840 | Valid Loss 0.4572 | Train Acc 83.5156 | Valid Acc 82.8125
2026-07-17 03:14:32 | Validation loss decreased (0.459335 --> 0.457185) in epoch (47). Saving model ...
2026-07-17 03:14:32 | TestSub: S9 | Epoch 48/100 Finsh | Now_lr 0.0005/0.0005 | Train Loss 0.3763 | Valid Loss 0.4935 | Train Acc 83.6719 | Valid Acc 73.4375
2026-07-17 03:14:33 | TestSub: S9 | Epoch 49/100 Finsh | Now_lr 0.0005/0.0005 | Train Loss 0.3835 | Valid Loss 0.4514 | Train Acc 83.6719 | Valid Acc 82.8125
2026-07-17 03:14:33 | Validation loss decreased (0.457185 --> 0.451369) in epoch (49). Saving model ...
2026-07-17 03:14:33 | TestSub: S9 | Epoch 50/100 Finsh | Now_lr 0.0005/0.0005 | Train Loss 0.3856 | Valid Loss 0.4422 | Train Acc 84.2188 | Valid Acc 83.5938
2026-07-17 03:14:33 | Validation loss decreased (0.451369 --> 0.442244) in epoch (50). Saving model ...
2026-07-17 03:14:34 | TestSub: S9 | Epoch 51/100 Finsh | Now_lr 0.0005/0.0005 | Train Loss 0.3639 | Valid Loss 0.4381 | Train Acc 85.7812 | Valid Acc 82.0312
2026-07-17 03:14:34 | Validation loss decreased (0.442244 --> 0.438091) in epoch (51). Saving model ...
2026-07-17 03:14:34 | TestSub: S9 | Epoch 52/100 Finsh | Now_lr 0.0005/0.0005 | Train Loss 0.3612 | Valid Loss 0.4431 | Train Acc 85.5469 | Valid Acc 83.5938
2026-07-17 03:14:35 | TestSub: S9 | Epoch 53/100 Finsh | Now_lr 0.0005/0.0005 | Train Loss 0.3557 | Valid Loss 0.4348 | Train Acc 86.5625 | Valid Acc 82.8125
2026-07-17 03:14:35 | Validation loss decreased (0.438091 --> 0.434780) in epoch (53). Saving model ...
2026-07-17 03:14:35 | TestSub: S9 | Epoch 54/100 Finsh | Now_lr 0.0005/0.0005 | Train Loss 0.3612 | Valid Loss 0.4295 | Train Acc 85.0000 | Valid Acc 82.8125
2026-07-17 03:14:35 | Validation loss decreased (0.434780 --> 0.429454) in epoch (54). Saving model ...
2026-07-17 03:14:36 | TestSub: S9 | Epoch 55/100 Finsh | Now_lr 0.0005/0.0005 | Train Loss 0.3560 | Valid Loss 0.4202 | Train Acc 86.0156 | Valid Acc 82.8125
2026-07-17 03:14:36 | Validation loss decreased (0.429454 --> 0.420214) in epoch (55). Saving model ...
2026-07-17 03:14:36 | TestSub: S9 | Epoch 56/100 Finsh | Now_lr 0.0005/0.0005 | Train Loss 0.3645 | Valid Loss 0.4187 | Train Acc 84.6875 | Valid Acc 82.8125
2026-07-17 03:14:36 | Validation loss decreased (0.420214 --> 0.418692) in epoch (56). Saving model ...
2026-07-17 03:14:37 | TestSub: S9 | Epoch 57/100 Finsh | Now_lr 0.0005/0.0005 | Train Loss 0.3512 | Valid Loss 0.4162 | Train Acc 86.0938 | Valid Acc 82.8125
2026-07-17 03:14:37 | Validation loss decreased (0.418692 --> 0.416236) in epoch (57). Saving model ...
2026-07-17 03:14:37 | TestSub: S9 | Epoch 58/100 Finsh | Now_lr 0.0005/0.0005 | Train Loss 0.3641 | Valid Loss 0.4244 | Train Acc 85.0000 | Valid Acc 82.8125
2026-07-17 03:14:37 | TestSub: S9 | Epoch 59/100 Finsh | Now_lr 0.0005/0.0005 | Train Loss 0.3573 | Valid Loss 0.4239 | Train Acc 84.6094 | Valid Acc 83.5938
2026-07-17 03:14:38 | TestSub: S9 | Epoch 60/100 Finsh | Now_lr 0.0005/0.0005 | Train Loss 0.3381 | Valid Loss 0.4362 | Train Acc 86.3281 | Valid Acc 81.2500
2026-07-17 03:14:38 | TestSub: S9 | Epoch 61/100 Finsh | Now_lr 0.0005/0.0005 | Train Loss 0.3585 | Valid Loss 0.4074 | Train Acc 85.3125 | Valid Acc 83.5938
2026-07-17 03:14:38 | Validation loss decreased (0.416236 --> 0.407404) in epoch (61). Saving model ...
2026-07-17 03:14:39 | TestSub: S9 | Epoch 62/100 Finsh | Now_lr 0.0005/0.0005 | Train Loss 0.3451 | Valid Loss 0.3955 | Train Acc 86.0938 | Valid Acc 83.5938
2026-07-17 03:14:39 | Validation loss decreased (0.407404 --> 0.395549) in epoch (62). Saving model ...
2026-07-17 03:14:39 | TestSub: S9 | Epoch 63/100 Finsh | Now_lr 0.0005/0.0005 | Train Loss 0.3454 | Valid Loss 0.3894 | Train Acc 86.1719 | Valid Acc 83.5938
2026-07-17 03:14:39 | Validation loss decreased (0.395549 --> 0.389423) in epoch (63). Saving model ...
2026-07-17 03:14:40 | TestSub: S9 | Epoch 64/100 Finsh | Now_lr 0.0005/0.0005 | Train Loss 0.3406 | Valid Loss 0.3949 | Train Acc 86.4062 | Valid Acc 85.1562
2026-07-17 03:14:40 | TestSub: S9 | Epoch 65/100 Finsh | Now_lr 0.0005/0.0005 | Train Loss 0.3330 | Valid Loss 0.4035 | Train Acc 85.9375 | Valid Acc 82.0312
2026-07-17 03:14:41 | TestSub: S9 | Epoch 66/100 Finsh | Now_lr 0.0005/0.0005 | Train Loss 0.3378 | Valid Loss 0.3975 | Train Acc 87.8125 | Valid Acc 84.3750
2026-07-17 03:14:41 | TestSub: S9 | Epoch 67/100 Finsh | Now_lr 0.0005/0.0005 | Train Loss 0.3320 | Valid Loss 0.4009 | Train Acc 85.9375 | Valid Acc 82.0312
2026-07-17 03:14:41 | TestSub: S9 | Epoch 68/100 Finsh | Now_lr 0.0005/0.0005 | Train Loss 0.3384 | Valid Loss 0.3943 | Train Acc 85.9375 | Valid Acc 83.5938
2026-07-17 03:14:42 | TestSub: S9 | Epoch 69/100 Finsh | Now_lr 0.0005/0.0005 | Train Loss 0.3496 | Valid Loss 0.4026 | Train Acc 85.3906 | Valid Acc 83.5938
2026-07-17 03:14:42 | TestSub: S9 | Epoch 70/100 Finsh | Now_lr 0.0005/0.0005 | Train Loss 0.3279 | Valid Loss 0.3929 | Train Acc 87.3438 | Valid Acc 83.5938
2026-07-17 03:14:43 | TestSub: S9 | Epoch 71/100 Finsh | Now_lr 0.0005/0.0005 | Train Loss 0.3242 | Valid Loss 0.3835 | Train Acc 87.7344 | Valid Acc 85.1562
2026-07-17 03:14:43 | Validation loss decreased (0.389423 --> 0.383497) in epoch (71). Saving model ...
2026-07-17 03:14:43 | TestSub: S9 | Epoch 72/100 Finsh | Now_lr 0.0005/0.0005 | Train Loss 0.3198 | Valid Loss 0.3824 | Train Acc 88.4375 | Valid Acc 85.9375
2026-07-17 03:14:43 | Validation loss decreased (0.383497 --> 0.382434) in epoch (72). Saving model ...
2026-07-17 03:14:44 | TestSub: S9 | Epoch 73/100 Finsh | Now_lr 0.0005/0.0005 | Train Loss 0.3216 | Valid Loss 0.3900 | Train Acc 87.8125 | Valid Acc 84.3750
2026-07-17 03:14:44 | TestSub: S9 | Epoch 74/100 Finsh | Now_lr 0.0005/0.0005 | Train Loss 0.3212 | Valid Loss 0.3749 | Train Acc 86.2500 | Valid Acc 85.1562
2026-07-17 03:14:44 | Validation loss decreased (0.382434 --> 0.374851) in epoch (74). Saving model ...
2026-07-17 03:14:45 | TestSub: S9 | Epoch 75/100 Finsh | Now_lr 0.0005/0.0005 | Train Loss 0.3276 | Valid Loss 0.3782 | Train Acc 85.7812 | Valid Acc 83.5938
2026-07-17 03:14:45 | TestSub: S9 | Epoch 76/100 Finsh | Now_lr 0.0005/0.0005 | Train Loss 0.3007 | Valid Loss 0.3884 | Train Acc 88.9062 | Valid Acc 82.8125
2026-07-17 03:14:46 | TestSub: S9 | Epoch 77/100 Finsh | Now_lr 0.0005/0.0005 | Train Loss 0.3148 | Valid Loss 0.3670 | Train Acc 86.7188 | Valid Acc 84.3750
2026-07-17 03:14:46 | Validation loss decreased (0.374851 --> 0.366960) in epoch (77). Saving model ...
2026-07-17 03:14:46 | TestSub: S9 | Epoch 78/100 Finsh | Now_lr 0.0005/0.0005 | Train Loss 0.3226 | Valid Loss 0.3772 | Train Acc 87.1875 | Valid Acc 83.5938
2026-07-17 03:14:46 | TestSub: S9 | Epoch 79/100 Finsh | Now_lr 0.0005/0.0005 | Train Loss 0.3173 | Valid Loss 0.3595 | Train Acc 87.1875 | Valid Acc 85.1562
2026-07-17 03:14:46 | Validation loss decreased (0.366960 --> 0.359537) in epoch (79). Saving model ...
2026-07-17 03:14:47 | TestSub: S9 | Epoch 80/100 Finsh | Now_lr 0.0005/0.0005 | Train Loss 0.3119 | Valid Loss 0.3640 | Train Acc 88.3594 | Valid Acc 84.3750
2026-07-17 03:14:47 | TestSub: S9 | Epoch 81/100 Finsh | Now_lr 0.0005/0.0005 | Train Loss 0.3191 | Valid Loss 0.3603 | Train Acc 87.3438 | Valid Acc 83.5938
2026-07-17 03:14:48 | TestSub: S9 | Epoch 82/100 Finsh | Now_lr 0.0005/0.0005 | Train Loss 0.3002 | Valid Loss 0.3533 | Train Acc 87.7344 | Valid Acc 83.5938
2026-07-17 03:14:48 | Validation loss decreased (0.359537 --> 0.353346) in epoch (82). Saving model ...
2026-07-17 03:14:48 | TestSub: S9 | Epoch 83/100 Finsh | Now_lr 0.0005/0.0005 | Train Loss 0.3089 | Valid Loss 0.3681 | Train Acc 88.2812 | Valid Acc 84.3750
2026-07-17 03:14:49 | TestSub: S9 | Epoch 84/100 Finsh | Now_lr 0.0005/0.0005 | Train Loss 0.3072 | Valid Loss 0.3557 | Train Acc 87.8125 | Valid Acc 85.1562
2026-07-17 03:14:49 | TestSub: S9 | Epoch 85/100 Finsh | Now_lr 0.0005/0.0005 | Train Loss 0.3118 | Valid Loss 0.3642 | Train Acc 87.5781 | Valid Acc 84.3750
2026-07-17 03:14:50 | TestSub: S9 | Epoch 86/100 Finsh | Now_lr 0.0005/0.0005 | Train Loss 0.2838 | Valid Loss 0.3603 | Train Acc 89.6094 | Valid Acc 85.1562
2026-07-17 03:14:50 | TestSub: S9 | Epoch 87/100 Finsh | Now_lr 0.0005/0.0005 | Train Loss 0.2933 | Valid Loss 0.3511 | Train Acc 88.7500 | Valid Acc 84.3750
2026-07-17 03:14:50 | Validation loss decreased (0.353346 --> 0.351144) in epoch (87). Saving model ...
2026-07-17 03:14:50 | TestSub: S9 | Epoch 88/100 Finsh | Now_lr 0.0005/0.0005 | Train Loss 0.2928 | Valid Loss 0.3384 | Train Acc 88.7500 | Valid Acc 84.3750
2026-07-17 03:14:50 | Validation loss decreased (0.351144 --> 0.338432) in epoch (88). Saving model ...
2026-07-17 03:14:51 | TestSub: S9 | Epoch 89/100 Finsh | Now_lr 0.0005/0.0005 | Train Loss 0.2865 | Valid Loss 0.3522 | Train Acc 89.5312 | Valid Acc 88.2812
2026-07-17 03:14:51 | TestSub: S9 | Epoch 90/100 Finsh | Now_lr 0.0005/0.0005 | Train Loss 0.3044 | Valid Loss 0.3408 | Train Acc 87.5000 | Valid Acc 84.3750
2026-07-17 03:14:52 | TestSub: S9 | Epoch 91/100 Finsh | Now_lr 0.0005/0.0005 | Train Loss 0.2891 | Valid Loss 0.3394 | Train Acc 87.2656 | Valid Acc 86.7188
2026-07-17 03:14:52 | TestSub: S9 | Epoch 92/100 Finsh | Now_lr 0.0005/0.0005 | Train Loss 0.3164 | Valid Loss 0.3401 | Train Acc 86.7188 | Valid Acc 84.3750
2026-07-17 03:14:53 | TestSub: S9 | Epoch 93/100 Finsh | Now_lr 0.0005/0.0005 | Train Loss 0.2885 | Valid Loss 0.3454 | Train Acc 87.3438 | Valid Acc 83.5938
2026-07-17 03:14:53 | TestSub: S9 | Epoch 94/100 Finsh | Now_lr 0.0005/0.0005 | Train Loss 0.2965 | Valid Loss 0.3457 | Train Acc 88.1250 | Valid Acc 87.5000
2026-07-17 03:14:54 | TestSub: S9 | Epoch 95/100 Finsh | Now_lr 0.0005/0.0005 | Train Loss 0.2906 | Valid Loss 0.3354 | Train Acc 89.2969 | Valid Acc 85.9375
2026-07-17 03:14:54 | Validation loss decreased (0.338432 --> 0.335379) in epoch (95). Saving model ...
2026-07-17 03:14:54 | TestSub: S9 | Epoch 96/100 Finsh | Now_lr 0.0005/0.0005 | Train Loss 0.2877 | Valid Loss 0.3288 | Train Acc 90.3125 | Valid Acc 88.2812
2026-07-17 03:14:54 | Validation loss decreased (0.335379 --> 0.328819) in epoch (96). Saving model ...
2026-07-17 03:14:55 | TestSub: S9 | Epoch 97/100 Finsh | Now_lr 0.0005/0.0005 | Train Loss 0.3011 | Valid Loss 0.3600 | Train Acc 88.0469 | Valid Acc 84.3750
2026-07-17 03:14:55 | TestSub: S9 | Epoch 98/100 Finsh | Now_lr 0.0005/0.0005 | Train Loss 0.2836 | Valid Loss 0.3438 | Train Acc 88.2812 | Valid Acc 85.1562
2026-07-17 03:14:55 | TestSub: S9 | Epoch 99/100 Finsh | Now_lr 0.0005/0.0005 | Train Loss 0.2718 | Valid Loss 0.3283 | Train Acc 90.0781 | Valid Acc 87.5000
2026-07-17 03:14:55 | Validation loss decreased (0.328819 --> 0.328308) in epoch (99). Saving model ...
2026-07-17 03:14:56 | TestSub: S9 | Epoch 100/100 Finsh | Now_lr 0.0005/0.0005 | Train Loss 0.2819 | Valid Loss 0.3261 | Train Acc 90.0000 | Valid Acc 87.5000
2026-07-17 03:14:56 | Validation loss decreased (0.328308 --> 0.326092) in epoch (100). Saving model ...
2026-07-17 03:14:56 | --------------------------------------------------
2026-07-17 03:14:56 | Test_Subject :S9 | Best epoch:100 | Test Loss:0.6278 | Savemodel Acc 67.5000
2026-07-17 03:14:56 | --------------------------------------------------
2026-07-17 03:14:56 | Best epoch: 100 | Test acc: 67.5000
