2026-07-17 03:10:44 | Logging started: ./writer/Subject_dependent_AAD/AVEDao/3.0s/result//Train3.0s_sub5.log
2026-07-17 03:10:47 | Sub_id: 5
2026-07-17 03:10:49 | TestSub: S5 | Epoch  1/100 Finsh | Now_lr 0.0005/0.0005 | Train Loss 0.6970 | Valid Loss 0.6941 | Train Acc 50.9375 | Valid Acc 51.5625
2026-07-17 03:10:49 | Validation loss decreased (inf --> 0.694146) in epoch (1). Saving model ...
2026-07-17 03:10:49 | TestSub: S5 | Epoch  2/100 Finsh | Now_lr 0.0005/0.0005 | Train Loss 0.6845 | Valid Loss 0.6926 | Train Acc 55.5469 | Valid Acc 51.5625
2026-07-17 03:10:49 | Validation loss decreased (0.694146 --> 0.692574) in epoch (2). Saving model ...
2026-07-17 03:10:49 | TestSub: S5 | Epoch  3/100 Finsh | Now_lr 0.0005/0.0005 | Train Loss 0.6840 | Valid Loss 0.6952 | Train Acc 55.7031 | Valid Acc 54.6875
2026-07-17 03:10:50 | TestSub: S5 | Epoch  4/100 Finsh | Now_lr 0.0005/0.0005 | Train Loss 0.6814 | Valid Loss 0.6957 | Train Acc 57.1875 | Valid Acc 55.4688
2026-07-17 03:10:50 | TestSub: S5 | Epoch  5/100 Finsh | Now_lr 0.0005/0.0005 | Train Loss 0.6702 | Valid Loss 0.6891 | Train Acc 61.7188 | Valid Acc 60.9375
2026-07-17 03:10:50 | Validation loss decreased (0.692574 --> 0.689082) in epoch (5). Saving model ...
2026-07-17 03:10:51 | TestSub: S5 | Epoch  6/100 Finsh | Now_lr 0.0005/0.0005 | Train Loss 0.6749 | Valid Loss 0.6878 | Train Acc 57.5781 | Valid Acc 54.6875
2026-07-17 03:10:51 | Validation loss decreased (0.689082 --> 0.687844) in epoch (6). Saving model ...
2026-07-17 03:10:51 | TestSub: S5 | Epoch  7/100 Finsh | Now_lr 0.0005/0.0005 | Train Loss 0.6618 | Valid Loss 0.6857 | Train Acc 62.5781 | Valid Acc 60.1562
2026-07-17 03:10:51 | Validation loss decreased (0.687844 --> 0.685685) in epoch (7). Saving model ...
2026-07-17 03:10:52 | TestSub: S5 | Epoch  8/100 Finsh | Now_lr 0.0005/0.0005 | Train Loss 0.6533 | Valid Loss 0.6837 | Train Acc 65.3125 | Valid Acc 60.1562
2026-07-17 03:10:52 | Validation loss decreased (0.685685 --> 0.683698) in epoch (8). Saving model ...
2026-07-17 03:10:52 | TestSub: S5 | Epoch  9/100 Finsh | Now_lr 0.0005/0.0005 | Train Loss 0.6503 | Valid Loss 0.6849 | Train Acc 64.0625 | Valid Acc 62.5000
2026-07-17 03:10:53 | TestSub: S5 | Epoch 10/100 Finsh | Now_lr 0.0005/0.0005 | Train Loss 0.6431 | Valid Loss 0.6740 | Train Acc 66.5625 | Valid Acc 61.7188
2026-07-17 03:10:53 | Validation loss decreased (0.683698 --> 0.674026) in epoch (10). Saving model ...
2026-07-17 03:10:53 | TestSub: S5 | Epoch 11/100 Finsh | Now_lr 0.0005/0.0005 | Train Loss 0.6301 | Valid Loss 0.6682 | Train Acc 69.4531 | Valid Acc 65.6250
2026-07-17 03:10:53 | Validation loss decreased (0.674026 --> 0.668235) in epoch (11). Saving model ...
2026-07-17 03:10:54 | TestSub: S5 | Epoch 12/100 Finsh | Now_lr 0.0005/0.0005 | Train Loss 0.6239 | Valid Loss 0.6673 | Train Acc 70.1562 | Valid Acc 59.3750
2026-07-17 03:10:54 | Validation loss decreased (0.668235 --> 0.667316) in epoch (12). Saving model ...
2026-07-17 03:10:54 | TestSub: S5 | Epoch 13/100 Finsh | Now_lr 0.0005/0.0005 | Train Loss 0.6136 | Valid Loss 0.6611 | Train Acc 69.3750 | Valid Acc 62.5000
2026-07-17 03:10:54 | Validation loss decreased (0.667316 --> 0.661062) in epoch (13). Saving model ...
2026-07-17 03:10:54 | TestSub: S5 | Epoch 14/100 Finsh | Now_lr 0.0005/0.0005 | Train Loss 0.6036 | Valid Loss 0.6588 | Train Acc 73.0469 | Valid Acc 60.9375
2026-07-17 03:10:54 | Validation loss decreased (0.661062 --> 0.658818) in epoch (14). Saving model ...
2026-07-17 03:10:55 | TestSub: S5 | Epoch 15/100 Finsh | Now_lr 0.0005/0.0005 | Train Loss 0.5975 | Valid Loss 0.6489 | Train Acc 72.1875 | Valid Acc 65.6250
2026-07-17 03:10:55 | Validation loss decreased (0.658818 --> 0.648936) in epoch (15). Saving model ...
2026-07-17 03:10:55 | TestSub: S5 | Epoch 16/100 Finsh | Now_lr 0.0005/0.0005 | Train Loss 0.5849 | Valid Loss 0.6419 | Train Acc 73.0469 | Valid Acc 66.4062
2026-07-17 03:10:55 | Validation loss decreased (0.648936 --> 0.641863) in epoch (16). Saving model ...
2026-07-17 03:10:56 | TestSub: S5 | Epoch 17/100 Finsh | Now_lr 0.0005/0.0005 | Train Loss 0.5786 | Valid Loss 0.6393 | Train Acc 75.0781 | Valid Acc 65.6250
2026-07-17 03:10:56 | Validation loss decreased (0.641863 --> 0.639258) in epoch (17). Saving model ...
2026-07-17 03:10:56 | TestSub: S5 | Epoch 18/100 Finsh | Now_lr 0.0005/0.0005 | Train Loss 0.5773 | Valid Loss 0.6395 | Train Acc 72.1094 | Valid Acc 65.6250
2026-07-17 03:10:57 | TestSub: S5 | Epoch 19/100 Finsh | Now_lr 0.0005/0.0005 | Train Loss 0.5621 | Valid Loss 0.6275 | Train Acc 75.1562 | Valid Acc 66.4062
2026-07-17 03:10:57 | Validation loss decreased (0.639258 --> 0.627535) in epoch (19). Saving model ...
2026-07-17 03:10:57 | TestSub: S5 | Epoch 20/100 Finsh | Now_lr 0.0005/0.0005 | Train Loss 0.5566 | Valid Loss 0.6121 | Train Acc 75.8594 | Valid Acc 69.5312
2026-07-17 03:10:57 | Validation loss decreased (0.627535 --> 0.612102) in epoch (20). Saving model ...
2026-07-17 03:10:58 | TestSub: S5 | Epoch 21/100 Finsh | Now_lr 0.0005/0.0005 | Train Loss 0.5502 | Valid Loss 0.6168 | Train Acc 75.3125 | Valid Acc 68.7500
2026-07-17 03:10:58 | TestSub: S5 | Epoch 22/100 Finsh | Now_lr 0.0005/0.0005 | Train Loss 0.5420 | Valid Loss 0.6188 | Train Acc 76.0938 | Valid Acc 67.1875
2026-07-17 03:10:59 | TestSub: S5 | Epoch 23/100 Finsh | Now_lr 0.0005/0.0005 | Train Loss 0.5394 | Valid Loss 0.6120 | Train Acc 75.6250 | Valid Acc 68.7500
2026-07-17 03:10:59 | Validation loss decreased (0.612102 --> 0.611991) in epoch (23). Saving model ...
2026-07-17 03:10:59 | TestSub: S5 | Epoch 24/100 Finsh | Now_lr 0.0005/0.0005 | Train Loss 0.5312 | Valid Loss 0.5999 | Train Acc 77.0312 | Valid Acc 71.8750
2026-07-17 03:10:59 | Validation loss decreased (0.611991 --> 0.599884) in epoch (24). Saving model ...
2026-07-17 03:11:00 | TestSub: S5 | Epoch 25/100 Finsh | Now_lr 0.0005/0.0005 | Train Loss 0.5289 | Valid Loss 0.5954 | Train Acc 76.4844 | Valid Acc 70.3125
2026-07-17 03:11:00 | Validation loss decreased (0.599884 --> 0.595436) in epoch (25). Saving model ...
2026-07-17 03:11:00 | TestSub: S5 | Epoch 26/100 Finsh | Now_lr 0.0005/0.0005 | Train Loss 0.5084 | Valid Loss 0.5894 | Train Acc 78.5938 | Valid Acc 72.6562
2026-07-17 03:11:00 | Validation loss decreased (0.595436 --> 0.589360) in epoch (26). Saving model ...
2026-07-17 03:11:00 | TestSub: S5 | Epoch 27/100 Finsh | Now_lr 0.0005/0.0005 | Train Loss 0.4992 | Valid Loss 0.5859 | Train Acc 78.2031 | Valid Acc 71.8750
2026-07-17 03:11:00 | Validation loss decreased (0.589360 --> 0.585892) in epoch (27). Saving model ...
2026-07-17 03:11:01 | TestSub: S5 | Epoch 28/100 Finsh | Now_lr 0.0005/0.0005 | Train Loss 0.4947 | Valid Loss 0.5804 | Train Acc 78.9062 | Valid Acc 72.6562
2026-07-17 03:11:01 | Validation loss decreased (0.585892 --> 0.580360) in epoch (28). Saving model ...
2026-07-17 03:11:01 | TestSub: S5 | Epoch 29/100 Finsh | Now_lr 0.0005/0.0005 | Train Loss 0.4874 | Valid Loss 0.5795 | Train Acc 80.7812 | Valid Acc 69.5312
2026-07-17 03:11:01 | Validation loss decreased (0.580360 --> 0.579456) in epoch (29). Saving model ...
2026-07-17 03:11:02 | TestSub: S5 | Epoch 30/100 Finsh | Now_lr 0.0005/0.0005 | Train Loss 0.4752 | Valid Loss 0.5721 | Train Acc 80.3125 | Valid Acc 71.0938
2026-07-17 03:11:02 | Validation loss decreased (0.579456 --> 0.572055) in epoch (30). Saving model ...
2026-07-17 03:11:02 | TestSub: S5 | Epoch 31/100 Finsh | Now_lr 0.0005/0.0005 | Train Loss 0.4771 | Valid Loss 0.5644 | Train Acc 81.3281 | Valid Acc 71.0938
2026-07-17 03:11:02 | Validation loss decreased (0.572055 --> 0.564360) in epoch (31). Saving model ...
2026-07-17 03:11:03 | TestSub: S5 | Epoch 32/100 Finsh | Now_lr 0.0005/0.0005 | Train Loss 0.4714 | Valid Loss 0.5634 | Train Acc 79.6094 | Valid Acc 75.0000
2026-07-17 03:11:03 | Validation loss decreased (0.564360 --> 0.563353) in epoch (32). Saving model ...
2026-07-17 03:11:03 | TestSub: S5 | Epoch 33/100 Finsh | Now_lr 0.0005/0.0005 | Train Loss 0.4698 | Valid Loss 0.5479 | Train Acc 79.7656 | Valid Acc 76.5625
2026-07-17 03:11:03 | Validation loss decreased (0.563353 --> 0.547863) in epoch (33). Saving model ...
2026-07-17 03:11:04 | TestSub: S5 | Epoch 34/100 Finsh | Now_lr 0.0005/0.0005 | Train Loss 0.4572 | Valid Loss 0.5398 | Train Acc 82.8906 | Valid Acc 76.5625
2026-07-17 03:11:04 | Validation loss decreased (0.547863 --> 0.539750) in epoch (34). Saving model ...
2026-07-17 03:11:04 | TestSub: S5 | Epoch 35/100 Finsh | Now_lr 0.0005/0.0005 | Train Loss 0.4474 | Valid Loss 0.5385 | Train Acc 81.5625 | Valid Acc 77.3438
2026-07-17 03:11:04 | Validation loss decreased (0.539750 --> 0.538478) in epoch (35). Saving model ...
2026-07-17 03:11:05 | TestSub: S5 | Epoch 36/100 Finsh | Now_lr 0.0005/0.0005 | Train Loss 0.4429 | Valid Loss 0.5355 | Train Acc 82.8125 | Valid Acc 77.3438
2026-07-17 03:11:05 | Validation loss decreased (0.538478 --> 0.535477) in epoch (36). Saving model ...
2026-07-17 03:11:05 | TestSub: S5 | Epoch 37/100 Finsh | Now_lr 0.0005/0.0005 | Train Loss 0.4312 | Valid Loss 0.5228 | Train Acc 82.8125 | Valid Acc 75.0000
2026-07-17 03:11:05 | Validation loss decreased (0.535477 --> 0.522755) in epoch (37). Saving model ...
2026-07-17 03:11:05 | TestSub: S5 | Epoch 38/100 Finsh | Now_lr 0.0005/0.0005 | Train Loss 0.4246 | Valid Loss 0.5195 | Train Acc 83.2031 | Valid Acc 79.6875
2026-07-17 03:11:05 | Validation loss decreased (0.522755 --> 0.519538) in epoch (38). Saving model ...
2026-07-17 03:11:06 | TestSub: S5 | Epoch 39/100 Finsh | Now_lr 0.0005/0.0005 | Train Loss 0.4352 | Valid Loss 0.5192 | Train Acc 82.8125 | Valid Acc 78.1250
2026-07-17 03:11:06 | Validation loss decreased (0.519538 --> 0.519183) in epoch (39). Saving model ...
2026-07-17 03:11:06 | TestSub: S5 | Epoch 40/100 Finsh | Now_lr 0.0005/0.0005 | Train Loss 0.4128 | Valid Loss 0.5075 | Train Acc 84.5312 | Valid Acc 82.0312
2026-07-17 03:11:06 | Validation loss decreased (0.519183 --> 0.507460) in epoch (40). Saving model ...
2026-07-17 03:11:07 | TestSub: S5 | Epoch 41/100 Finsh | Now_lr 0.0005/0.0005 | Train Loss 0.4103 | Valid Loss 0.5038 | Train Acc 84.4531 | Valid Acc 78.1250
2026-07-17 03:11:07 | Validation loss decreased (0.507460 --> 0.503750) in epoch (41). Saving model ...
2026-07-17 03:11:07 | TestSub: S5 | Epoch 42/100 Finsh | Now_lr 0.0005/0.0005 | Train Loss 0.4090 | Valid Loss 0.5101 | Train Acc 84.6094 | Valid Acc 78.1250
2026-07-17 03:11:08 | TestSub: S5 | Epoch 43/100 Finsh | Now_lr 0.0005/0.0005 | Train Loss 0.4108 | Valid Loss 0.5010 | Train Acc 82.9688 | Valid Acc 77.3438
2026-07-17 03:11:08 | Validation loss decreased (0.503750 --> 0.501028) in epoch (43). Saving model ...
2026-07-17 03:11:09 | TestSub: S5 | Epoch 44/100 Finsh | Now_lr 0.0005/0.0005 | Train Loss 0.4006 | Valid Loss 0.4910 | Train Acc 83.7500 | Valid Acc 78.9062
2026-07-17 03:11:09 | Validation loss decreased (0.501028 --> 0.490961) in epoch (44). Saving model ...
2026-07-17 03:11:10 | TestSub: S5 | Epoch 45/100 Finsh | Now_lr 0.0005/0.0005 | Train Loss 0.3971 | Valid Loss 0.4920 | Train Acc 84.6094 | Valid Acc 78.1250
2026-07-17 03:11:10 | TestSub: S5 | Epoch 46/100 Finsh | Now_lr 0.0005/0.0005 | Train Loss 0.3934 | Valid Loss 0.4868 | Train Acc 85.0781 | Valid Acc 78.1250
2026-07-17 03:11:10 | Validation loss decreased (0.490961 --> 0.486766) in epoch (46). Saving model ...
2026-07-17 03:11:11 | TestSub: S5 | Epoch 47/100 Finsh | Now_lr 0.0005/0.0005 | Train Loss 0.3902 | Valid Loss 0.4910 | Train Acc 84.2188 | Valid Acc 78.1250
2026-07-17 03:11:11 | TestSub: S5 | Epoch 48/100 Finsh | Now_lr 0.0005/0.0005 | Train Loss 0.3804 | Valid Loss 0.4905 | Train Acc 84.8438 | Valid Acc 77.3438
2026-07-17 03:11:11 | TestSub: S5 | Epoch 49/100 Finsh | Now_lr 0.0005/0.0005 | Train Loss 0.3676 | Valid Loss 0.4733 | Train Acc 86.4062 | Valid Acc 79.6875
2026-07-17 03:11:11 | Validation loss decreased (0.486766 --> 0.473322) in epoch (49). Saving model ...
2026-07-17 03:11:12 | TestSub: S5 | Epoch 50/100 Finsh | Now_lr 0.0005/0.0005 | Train Loss 0.3833 | Valid Loss 0.4836 | Train Acc 85.7812 | Valid Acc 82.8125
2026-07-17 03:11:12 | TestSub: S5 | Epoch 51/100 Finsh | Now_lr 0.0005/0.0005 | Train Loss 0.3705 | Valid Loss 0.4707 | Train Acc 86.2500 | Valid Acc 78.1250
2026-07-17 03:11:12 | Validation loss decreased (0.473322 --> 0.470718) in epoch (51). Saving model ...
2026-07-17 03:11:13 | TestSub: S5 | Epoch 52/100 Finsh | Now_lr 0.0005/0.0005 | Train Loss 0.3716 | Valid Loss 0.4661 | Train Acc 85.4688 | Valid Acc 78.9062
2026-07-17 03:11:13 | Validation loss decreased (0.470718 --> 0.466104) in epoch (52). Saving model ...
2026-07-17 03:11:13 | TestSub: S5 | Epoch 53/100 Finsh | Now_lr 0.0005/0.0005 | Train Loss 0.3928 | Valid Loss 0.4636 | Train Acc 83.6719 | Valid Acc 81.2500
2026-07-17 03:11:13 | Validation loss decreased (0.466104 --> 0.463635) in epoch (53). Saving model ...
2026-07-17 03:11:14 | TestSub: S5 | Epoch 54/100 Finsh | Now_lr 0.0005/0.0005 | Train Loss 0.3671 | Valid Loss 0.4594 | Train Acc 87.0312 | Valid Acc 84.3750
2026-07-17 03:11:14 | Validation loss decreased (0.463635 --> 0.459425) in epoch (54). Saving model ...
2026-07-17 03:11:14 | TestSub: S5 | Epoch 55/100 Finsh | Now_lr 0.0005/0.0005 | Train Loss 0.3587 | Valid Loss 0.4475 | Train Acc 86.3281 | Valid Acc 83.5938
2026-07-17 03:11:14 | Validation loss decreased (0.459425 --> 0.447451) in epoch (55). Saving model ...
2026-07-17 03:11:15 | TestSub: S5 | Epoch 56/100 Finsh | Now_lr 0.0005/0.0005 | Train Loss 0.3519 | Valid Loss 0.4542 | Train Acc 87.2656 | Valid Acc 82.0312
2026-07-17 03:11:15 | TestSub: S5 | Epoch 57/100 Finsh | Now_lr 0.0005/0.0005 | Train Loss 0.3486 | Valid Loss 0.4576 | Train Acc 87.2656 | Valid Acc 82.8125
2026-07-17 03:11:16 | TestSub: S5 | Epoch 58/100 Finsh | Now_lr 0.0005/0.0005 | Train Loss 0.3515 | Valid Loss 0.4415 | Train Acc 87.8125 | Valid Acc 81.2500
2026-07-17 03:11:16 | Validation loss decreased (0.447451 --> 0.441494) in epoch (58). Saving model ...
2026-07-17 03:11:16 | TestSub: S5 | Epoch 59/100 Finsh | Now_lr 0.0005/0.0005 | Train Loss 0.3592 | Valid Loss 0.4324 | Train Acc 86.1719 | Valid Acc 82.0312
2026-07-17 03:11:16 | Validation loss decreased (0.441494 --> 0.432357) in epoch (59). Saving model ...
2026-07-17 03:11:16 | TestSub: S5 | Epoch 60/100 Finsh | Now_lr 0.0005/0.0005 | Train Loss 0.3406 | Valid Loss 0.4241 | Train Acc 87.6562 | Valid Acc 83.5938
2026-07-17 03:11:16 | Validation loss decreased (0.432357 --> 0.424070) in epoch (60). Saving model ...
2026-07-17 03:11:17 | TestSub: S5 | Epoch 61/100 Finsh | Now_lr 0.0005/0.0005 | Train Loss 0.3409 | Valid Loss 0.4252 | Train Acc 87.0312 | Valid Acc 82.8125
2026-07-17 03:11:17 | TestSub: S5 | Epoch 62/100 Finsh | Now_lr 0.0005/0.0005 | Train Loss 0.3382 | Valid Loss 0.4267 | Train Acc 87.4219 | Valid Acc 82.8125
2026-07-17 03:11:18 | TestSub: S5 | Epoch 63/100 Finsh | Now_lr 0.0005/0.0005 | Train Loss 0.3392 | Valid Loss 0.4223 | Train Acc 87.1875 | Valid Acc 84.3750
2026-07-17 03:11:18 | Validation loss decreased (0.424070 --> 0.422254) in epoch (63). Saving model ...
2026-07-17 03:11:18 | TestSub: S5 | Epoch 64/100 Finsh | Now_lr 0.0005/0.0005 | Train Loss 0.3482 | Valid Loss 0.4306 | Train Acc 87.1875 | Valid Acc 81.2500
2026-07-17 03:11:19 | TestSub: S5 | Epoch 65/100 Finsh | Now_lr 0.0005/0.0005 | Train Loss 0.3314 | Valid Loss 0.4304 | Train Acc 87.7344 | Valid Acc 83.5938
2026-07-17 03:11:19 | TestSub: S5 | Epoch 66/100 Finsh | Now_lr 0.0005/0.0005 | Train Loss 0.3228 | Valid Loss 0.4251 | Train Acc 88.0469 | Valid Acc 83.5938
2026-07-17 03:11:20 | TestSub: S5 | Epoch 67/100 Finsh | Now_lr 0.0005/0.0005 | Train Loss 0.3234 | Valid Loss 0.4241 | Train Acc 88.1250 | Valid Acc 80.4688
2026-07-17 03:11:20 | TestSub: S5 | Epoch 68/100 Finsh | Now_lr 0.0005/0.0005 | Train Loss 0.3340 | Valid Loss 0.4220 | Train Acc 87.4219 | Valid Acc 82.0312
2026-07-17 03:11:20 | Validation loss decreased (0.422254 --> 0.422029) in epoch (68). Saving model ...
2026-07-17 03:11:21 | TestSub: S5 | Epoch 69/100 Finsh | Now_lr 0.0005/0.0005 | Train Loss 0.3175 | Valid Loss 0.4305 | Train Acc 88.9062 | Valid Acc 82.8125
2026-07-17 03:11:21 | TestSub: S5 | Epoch 70/100 Finsh | Now_lr 0.0005/0.0005 | Train Loss 0.3018 | Valid Loss 0.4268 | Train Acc 89.7656 | Valid Acc 82.8125
2026-07-17 03:11:21 | TestSub: S5 | Epoch 71/100 Finsh | Now_lr 0.0005/0.0005 | Train Loss 0.3280 | Valid Loss 0.4139 | Train Acc 87.1094 | Valid Acc 80.4688
2026-07-17 03:11:21 | Validation loss decreased (0.422029 --> 0.413851) in epoch (71). Saving model ...
2026-07-17 03:11:22 | TestSub: S5 | Epoch 72/100 Finsh | Now_lr 0.0005/0.0005 | Train Loss 0.3222 | Valid Loss 0.4365 | Train Acc 87.8125 | Valid Acc 84.3750
2026-07-17 03:11:22 | TestSub: S5 | Epoch 73/100 Finsh | Now_lr 0.0005/0.0005 | Train Loss 0.3295 | Valid Loss 0.4207 | Train Acc 87.0312 | Valid Acc 83.5938
2026-07-17 03:11:23 | TestSub: S5 | Epoch 74/100 Finsh | Now_lr 0.0005/0.0005 | Train Loss 0.3117 | Valid Loss 0.4183 | Train Acc 88.7500 | Valid Acc 84.3750
2026-07-17 03:11:23 | TestSub: S5 | Epoch 75/100 Finsh | Now_lr 0.0005/0.0005 | Train Loss 0.3016 | Valid Loss 0.4068 | Train Acc 89.5312 | Valid Acc 84.3750
2026-07-17 03:11:23 | Validation loss decreased (0.413851 --> 0.406773) in epoch (75). Saving model ...
2026-07-17 03:11:24 | TestSub: S5 | Epoch 76/100 Finsh | Now_lr 0.0005/0.0005 | Train Loss 0.3266 | Valid Loss 0.4021 | Train Acc 87.1875 | Valid Acc 85.9375
2026-07-17 03:11:24 | Validation loss decreased (0.406773 --> 0.402051) in epoch (76). Saving model ...
2026-07-17 03:11:25 | TestSub: S5 | Epoch 77/100 Finsh | Now_lr 0.0005/0.0005 | Train Loss 0.3205 | Valid Loss 0.3911 | Train Acc 87.5781 | Valid Acc 85.9375
2026-07-17 03:11:25 | Validation loss decreased (0.402051 --> 0.391086) in epoch (77). Saving model ...
2026-07-17 03:11:25 | TestSub: S5 | Epoch 78/100 Finsh | Now_lr 0.0005/0.0005 | Train Loss 0.2875 | Valid Loss 0.3959 | Train Acc 88.8281 | Valid Acc 86.7188
2026-07-17 03:11:25 | TestSub: S5 | Epoch 79/100 Finsh | Now_lr 0.0005/0.0005 | Train Loss 0.3231 | Valid Loss 0.3991 | Train Acc 87.0312 | Valid Acc 85.9375
2026-07-17 03:11:26 | TestSub: S5 | Epoch 80/100 Finsh | Now_lr 0.0005/0.0005 | Train Loss 0.3028 | Valid Loss 0.3847 | Train Acc 89.3750 | Valid Acc 84.3750
2026-07-17 03:11:26 | Validation loss decreased (0.391086 --> 0.384712) in epoch (80). Saving model ...
2026-07-17 03:11:27 | TestSub: S5 | Epoch 81/100 Finsh | Now_lr 0.0005/0.0005 | Train Loss 0.2853 | Valid Loss 0.3860 | Train Acc 89.5312 | Valid Acc 85.9375
2026-07-17 03:11:27 | TestSub: S5 | Epoch 82/100 Finsh | Now_lr 0.0005/0.0005 | Train Loss 0.3042 | Valid Loss 0.3797 | Train Acc 88.9062 | Valid Acc 83.5938
2026-07-17 03:11:27 | Validation loss decreased (0.384712 --> 0.379651) in epoch (82). Saving model ...
2026-07-17 03:11:27 | TestSub: S5 | Epoch 83/100 Finsh | Now_lr 0.0005/0.0005 | Train Loss 0.2892 | Valid Loss 0.3855 | Train Acc 89.0625 | Valid Acc 86.7188
2026-07-17 03:11:28 | TestSub: S5 | Epoch 84/100 Finsh | Now_lr 0.0005/0.0005 | Train Loss 0.2898 | Valid Loss 0.3824 | Train Acc 89.7656 | Valid Acc 84.3750
2026-07-17 03:11:28 | TestSub: S5 | Epoch 85/100 Finsh | Now_lr 0.0005/0.0005 | Train Loss 0.2857 | Valid Loss 0.3846 | Train Acc 89.3750 | Valid Acc 84.3750
2026-07-17 03:11:29 | TestSub: S5 | Epoch 86/100 Finsh | Now_lr 0.0005/0.0005 | Train Loss 0.2896 | Valid Loss 0.3949 | Train Acc 89.1406 | Valid Acc 85.1562
2026-07-17 03:11:29 | TestSub: S5 | Epoch 87/100 Finsh | Now_lr 0.0005/0.0005 | Train Loss 0.2972 | Valid Loss 0.4026 | Train Acc 88.9844 | Valid Acc 84.3750
2026-07-17 03:11:30 | TestSub: S5 | Epoch 88/100 Finsh | Now_lr 0.0005/0.0005 | Train Loss 0.2921 | Valid Loss 0.3841 | Train Acc 88.5938 | Valid Acc 85.1562
2026-07-17 03:11:30 | TestSub: S5 | Epoch 89/100 Finsh | Now_lr 0.0005/0.0005 | Train Loss 0.2864 | Valid Loss 0.3794 | Train Acc 89.8438 | Valid Acc 86.7188
2026-07-17 03:11:30 | Validation loss decreased (0.379651 --> 0.379386) in epoch (89). Saving model ...
2026-07-17 03:11:31 | TestSub: S5 | Epoch 90/100 Finsh | Now_lr 0.0005/0.0005 | Train Loss 0.2757 | Valid Loss 0.3864 | Train Acc 90.5469 | Valid Acc 84.3750
2026-07-17 03:11:31 | TestSub: S5 | Epoch 91/100 Finsh | Now_lr 0.0005/0.0005 | Train Loss 0.2858 | Valid Loss 0.3747 | Train Acc 88.7500 | Valid Acc 86.7188
2026-07-17 03:11:31 | Validation loss decreased (0.379386 --> 0.374685) in epoch (91). Saving model ...
2026-07-17 03:11:31 | TestSub: S5 | Epoch 92/100 Finsh | Now_lr 0.0005/0.0005 | Train Loss 0.2836 | Valid Loss 0.3775 | Train Acc 89.1406 | Valid Acc 86.7188
2026-07-17 03:11:32 | TestSub: S5 | Epoch 93/100 Finsh | Now_lr 0.0005/0.0005 | Train Loss 0.2969 | Valid Loss 0.3632 | Train Acc 89.2969 | Valid Acc 85.9375
2026-07-17 03:11:32 | Validation loss decreased (0.374685 --> 0.363187) in epoch (93). Saving model ...
2026-07-17 03:11:32 | TestSub: S5 | Epoch 94/100 Finsh | Now_lr 0.0005/0.0005 | Train Loss 0.2786 | Valid Loss 0.3541 | Train Acc 89.8438 | Valid Acc 85.9375
2026-07-17 03:11:32 | Validation loss decreased (0.363187 --> 0.354052) in epoch (94). Saving model ...
2026-07-17 03:11:33 | TestSub: S5 | Epoch 95/100 Finsh | Now_lr 0.0005/0.0005 | Train Loss 0.2895 | Valid Loss 0.3481 | Train Acc 89.2969 | Valid Acc 85.9375
2026-07-17 03:11:33 | Validation loss decreased (0.354052 --> 0.348082) in epoch (95). Saving model ...
2026-07-17 03:11:33 | TestSub: S5 | Epoch 96/100 Finsh | Now_lr 0.0005/0.0005 | Train Loss 0.2865 | Valid Loss 0.3450 | Train Acc 88.6719 | Valid Acc 87.5000
2026-07-17 03:11:33 | Validation loss decreased (0.348082 --> 0.345007) in epoch (96). Saving model ...
2026-07-17 03:11:34 | TestSub: S5 | Epoch 97/100 Finsh | Now_lr 0.0005/0.0005 | Train Loss 0.2811 | Valid Loss 0.3466 | Train Acc 89.5312 | Valid Acc 85.1562
2026-07-17 03:11:34 | TestSub: S5 | Epoch 98/100 Finsh | Now_lr 0.0005/0.0005 | Train Loss 0.2687 | Valid Loss 0.3436 | Train Acc 91.4844 | Valid Acc 85.1562
2026-07-17 03:11:34 | Validation loss decreased (0.345007 --> 0.343602) in epoch (98). Saving model ...
2026-07-17 03:11:35 | TestSub: S5 | Epoch 99/100 Finsh | Now_lr 0.0005/0.0005 | Train Loss 0.2806 | Valid Loss 0.3501 | Train Acc 89.9219 | Valid Acc 85.9375
2026-07-17 03:11:35 | TestSub: S5 | Epoch 100/100 Finsh | Now_lr 0.0005/0.0005 | Train Loss 0.2688 | Valid Loss 0.3519 | Train Acc 89.9219 | Valid Acc 86.7188
2026-07-17 03:11:35 | --------------------------------------------------
2026-07-17 03:11:35 | Test_Subject :S5 | Best epoch:98 | Test Loss:0.5488 | Savemodel Acc 75.0000
2026-07-17 03:11:35 | --------------------------------------------------
2026-07-17 03:11:35 | Best epoch: 98 | Test acc: 75.0000
