2026-07-17 03:11:35 | Logging started: ./writer/Subject_dependent_AAD/AVEDao/3.0s/result//Train3.0s_sub6.log
2026-07-17 03:11:38 | Sub_id: 6
2026-07-17 03:11:39 | TestSub: S6 | Epoch  1/100 Finsh | Now_lr 0.0005/0.0005 | Train Loss 0.7013 | Valid Loss 0.6948 | Train Acc 51.1719 | Valid Acc 51.5625
2026-07-17 03:11:39 | Validation loss decreased (inf --> 0.694819) in epoch (1). Saving model ...
2026-07-17 03:11:40 | TestSub: S6 | Epoch  2/100 Finsh | Now_lr 0.0005/0.0005 | Train Loss 0.6963 | Valid Loss 0.6924 | Train Acc 53.5156 | Valid Acc 48.4375
2026-07-17 03:11:40 | Validation loss decreased (0.694819 --> 0.692434) in epoch (2). Saving model ...
2026-07-17 03:11:40 | TestSub: S6 | Epoch  3/100 Finsh | Now_lr 0.0005/0.0005 | Train Loss 0.6841 | Valid Loss 0.6986 | Train Acc 55.7813 | Valid Acc 48.4375
2026-07-17 03:11:41 | TestSub: S6 | Epoch  4/100 Finsh | Now_lr 0.0005/0.0005 | Train Loss 0.6750 | Valid Loss 0.6928 | Train Acc 57.5000 | Valid Acc 49.2188
2026-07-17 03:11:41 | TestSub: S6 | Epoch  5/100 Finsh | Now_lr 0.0005/0.0005 | Train Loss 0.6716 | Valid Loss 0.6905 | Train Acc 58.5156 | Valid Acc 52.3438
2026-07-17 03:11:41 | Validation loss decreased (0.692434 --> 0.690464) in epoch (5). Saving model ...
2026-07-17 03:11:42 | TestSub: S6 | Epoch  6/100 Finsh | Now_lr 0.0005/0.0005 | Train Loss 0.6626 | Valid Loss 0.6799 | Train Acc 60.1562 | Valid Acc 55.4688
2026-07-17 03:11:42 | Validation loss decreased (0.690464 --> 0.679949) in epoch (6). Saving model ...
2026-07-17 03:11:42 | TestSub: S6 | Epoch  7/100 Finsh | Now_lr 0.0005/0.0005 | Train Loss 0.6563 | Valid Loss 0.6760 | Train Acc 61.0938 | Valid Acc 61.7188
2026-07-17 03:11:42 | Validation loss decreased (0.679949 --> 0.675961) in epoch (7). Saving model ...
2026-07-17 03:11:43 | TestSub: S6 | Epoch  8/100 Finsh | Now_lr 0.0005/0.0005 | Train Loss 0.6422 | Valid Loss 0.6772 | Train Acc 66.2500 | Valid Acc 59.3750
2026-07-17 03:11:43 | TestSub: S6 | Epoch  9/100 Finsh | Now_lr 0.0005/0.0005 | Train Loss 0.6339 | Valid Loss 0.6642 | Train Acc 65.8594 | Valid Acc 63.2812
2026-07-17 03:11:43 | Validation loss decreased (0.675961 --> 0.664206) in epoch (9). Saving model ...
2026-07-17 03:11:43 | TestSub: S6 | Epoch 10/100 Finsh | Now_lr 0.0005/0.0005 | Train Loss 0.6269 | Valid Loss 0.6627 | Train Acc 67.7344 | Valid Acc 62.5000
2026-07-17 03:11:43 | Validation loss decreased (0.664206 --> 0.662689) in epoch (10). Saving model ...
2026-07-17 03:11:44 | TestSub: S6 | Epoch 11/100 Finsh | Now_lr 0.0005/0.0005 | Train Loss 0.6191 | Valid Loss 0.6536 | Train Acc 67.0312 | Valid Acc 63.2812
2026-07-17 03:11:44 | Validation loss decreased (0.662689 --> 0.653602) in epoch (11). Saving model ...
2026-07-17 03:11:44 | TestSub: S6 | Epoch 12/100 Finsh | Now_lr 0.0005/0.0005 | Train Loss 0.6124 | Valid Loss 0.6433 | Train Acc 68.9062 | Valid Acc 71.0938
2026-07-17 03:11:44 | Validation loss decreased (0.653602 --> 0.643320) in epoch (12). Saving model ...
2026-07-17 03:11:45 | TestSub: S6 | Epoch 13/100 Finsh | Now_lr 0.0005/0.0005 | Train Loss 0.6081 | Valid Loss 0.6349 | Train Acc 72.5000 | Valid Acc 71.0938
2026-07-17 03:11:45 | Validation loss decreased (0.643320 --> 0.634931) in epoch (13). Saving model ...
2026-07-17 03:11:45 | TestSub: S6 | Epoch 14/100 Finsh | Now_lr 0.0005/0.0005 | Train Loss 0.5786 | Valid Loss 0.6308 | Train Acc 74.9219 | Valid Acc 71.0938
2026-07-17 03:11:45 | Validation loss decreased (0.634931 --> 0.630755) in epoch (14). Saving model ...
2026-07-17 03:11:46 | TestSub: S6 | Epoch 15/100 Finsh | Now_lr 0.0005/0.0005 | Train Loss 0.5825 | Valid Loss 0.6187 | Train Acc 73.1250 | Valid Acc 73.4375
2026-07-17 03:11:46 | Validation loss decreased (0.630755 --> 0.618667) in epoch (15). Saving model ...
2026-07-17 03:11:46 | TestSub: S6 | Epoch 16/100 Finsh | Now_lr 0.0005/0.0005 | Train Loss 0.5798 | Valid Loss 0.6154 | Train Acc 72.3438 | Valid Acc 77.3438
2026-07-17 03:11:46 | Validation loss decreased (0.618667 --> 0.615399) in epoch (16). Saving model ...
2026-07-17 03:11:47 | TestSub: S6 | Epoch 17/100 Finsh | Now_lr 0.0005/0.0005 | Train Loss 0.5539 | Valid Loss 0.6002 | Train Acc 75.8594 | Valid Acc 71.0938
2026-07-17 03:11:47 | Validation loss decreased (0.615399 --> 0.600189) in epoch (17). Saving model ...
2026-07-17 03:11:47 | TestSub: S6 | Epoch 18/100 Finsh | Now_lr 0.0005/0.0005 | Train Loss 0.5415 | Valid Loss 0.6021 | Train Acc 77.3438 | Valid Acc 75.7812
2026-07-17 03:11:48 | TestSub: S6 | Epoch 19/100 Finsh | Now_lr 0.0005/0.0005 | Train Loss 0.5393 | Valid Loss 0.5930 | Train Acc 76.4062 | Valid Acc 76.5625
2026-07-17 03:11:48 | Validation loss decreased (0.600189 --> 0.593037) in epoch (19). Saving model ...
2026-07-17 03:11:48 | TestSub: S6 | Epoch 20/100 Finsh | Now_lr 0.0005/0.0005 | Train Loss 0.5233 | Valid Loss 0.5850 | Train Acc 78.2031 | Valid Acc 80.4688
2026-07-17 03:11:48 | Validation loss decreased (0.593037 --> 0.584968) in epoch (20). Saving model ...
2026-07-17 03:11:49 | TestSub: S6 | Epoch 21/100 Finsh | Now_lr 0.0005/0.0005 | Train Loss 0.5227 | Valid Loss 0.5806 | Train Acc 77.9688 | Valid Acc 72.6562
2026-07-17 03:11:49 | Validation loss decreased (0.584968 --> 0.580572) in epoch (21). Saving model ...
2026-07-17 03:11:49 | TestSub: S6 | Epoch 22/100 Finsh | Now_lr 0.0005/0.0005 | Train Loss 0.5098 | Valid Loss 0.5713 | Train Acc 79.6094 | Valid Acc 75.7812
2026-07-17 03:11:49 | Validation loss decreased (0.580572 --> 0.571337) in epoch (22). Saving model ...
2026-07-17 03:11:49 | TestSub: S6 | Epoch 23/100 Finsh | Now_lr 0.0005/0.0005 | Train Loss 0.5172 | Valid Loss 0.5664 | Train Acc 77.3438 | Valid Acc 76.5625
2026-07-17 03:11:49 | Validation loss decreased (0.571337 --> 0.566448) in epoch (23). Saving model ...
2026-07-17 03:11:50 | TestSub: S6 | Epoch 24/100 Finsh | Now_lr 0.0005/0.0005 | Train Loss 0.4898 | Valid Loss 0.5625 | Train Acc 80.3906 | Valid Acc 77.3438
2026-07-17 03:11:50 | Validation loss decreased (0.566448 --> 0.562517) in epoch (24). Saving model ...
2026-07-17 03:11:50 | TestSub: S6 | Epoch 25/100 Finsh | Now_lr 0.0005/0.0005 | Train Loss 0.4856 | Valid Loss 0.5610 | Train Acc 80.2344 | Valid Acc 78.9062
2026-07-17 03:11:50 | Validation loss decreased (0.562517 --> 0.561012) in epoch (25). Saving model ...
2026-07-17 03:11:51 | TestSub: S6 | Epoch 26/100 Finsh | Now_lr 0.0005/0.0005 | Train Loss 0.4878 | Valid Loss 0.5527 | Train Acc 79.8438 | Valid Acc 80.4688
2026-07-17 03:11:51 | Validation loss decreased (0.561012 --> 0.552738) in epoch (26). Saving model ...
2026-07-17 03:11:51 | TestSub: S6 | Epoch 27/100 Finsh | Now_lr 0.0005/0.0005 | Train Loss 0.4696 | Valid Loss 0.5474 | Train Acc 80.4688 | Valid Acc 78.9062
2026-07-17 03:11:51 | Validation loss decreased (0.552738 --> 0.547364) in epoch (27). Saving model ...
2026-07-17 03:11:52 | TestSub: S6 | Epoch 28/100 Finsh | Now_lr 0.0005/0.0005 | Train Loss 0.4762 | Valid Loss 0.5344 | Train Acc 80.0000 | Valid Acc 78.9062
2026-07-17 03:11:52 | Validation loss decreased (0.547364 --> 0.534429) in epoch (28). Saving model ...
2026-07-17 03:11:52 | TestSub: S6 | Epoch 29/100 Finsh | Now_lr 0.0005/0.0005 | Train Loss 0.4596 | Valid Loss 0.5290 | Train Acc 81.2500 | Valid Acc 82.0312
2026-07-17 03:11:52 | Validation loss decreased (0.534429 --> 0.529046) in epoch (29). Saving model ...
2026-07-17 03:11:53 | TestSub: S6 | Epoch 30/100 Finsh | Now_lr 0.0005/0.0005 | Train Loss 0.4557 | Valid Loss 0.5218 | Train Acc 81.4062 | Valid Acc 82.0312
2026-07-17 03:11:53 | Validation loss decreased (0.529046 --> 0.521841) in epoch (30). Saving model ...
2026-07-17 03:11:53 | TestSub: S6 | Epoch 31/100 Finsh | Now_lr 0.0005/0.0005 | Train Loss 0.4660 | Valid Loss 0.5180 | Train Acc 79.2188 | Valid Acc 80.4688
2026-07-17 03:11:53 | Validation loss decreased (0.521841 --> 0.517985) in epoch (31). Saving model ...
2026-07-17 03:11:54 | TestSub: S6 | Epoch 32/100 Finsh | Now_lr 0.0005/0.0005 | Train Loss 0.4620 | Valid Loss 0.5170 | Train Acc 79.8438 | Valid Acc 79.6875
2026-07-17 03:11:54 | Validation loss decreased (0.517985 --> 0.516987) in epoch (32). Saving model ...
2026-07-17 03:11:54 | TestSub: S6 | Epoch 33/100 Finsh | Now_lr 0.0005/0.0005 | Train Loss 0.4466 | Valid Loss 0.5137 | Train Acc 82.9688 | Valid Acc 78.1250
2026-07-17 03:11:54 | Validation loss decreased (0.516987 --> 0.513665) in epoch (33). Saving model ...
2026-07-17 03:11:55 | TestSub: S6 | Epoch 34/100 Finsh | Now_lr 0.0005/0.0005 | Train Loss 0.4504 | Valid Loss 0.5107 | Train Acc 81.0156 | Valid Acc 80.4688
2026-07-17 03:11:55 | Validation loss decreased (0.513665 --> 0.510736) in epoch (34). Saving model ...
2026-07-17 03:11:55 | TestSub: S6 | Epoch 35/100 Finsh | Now_lr 0.0005/0.0005 | Train Loss 0.4325 | Valid Loss 0.5056 | Train Acc 83.5938 | Valid Acc 82.0312
2026-07-17 03:11:55 | Validation loss decreased (0.510736 --> 0.505615) in epoch (35). Saving model ...
2026-07-17 03:11:55 | TestSub: S6 | Epoch 36/100 Finsh | Now_lr 0.0005/0.0005 | Train Loss 0.4288 | Valid Loss 0.5087 | Train Acc 82.8906 | Valid Acc 80.4688
2026-07-17 03:11:56 | TestSub: S6 | Epoch 37/100 Finsh | Now_lr 0.0005/0.0005 | Train Loss 0.4205 | Valid Loss 0.4871 | Train Acc 83.9844 | Valid Acc 82.8125
2026-07-17 03:11:56 | Validation loss decreased (0.505615 --> 0.487082) in epoch (37). Saving model ...
2026-07-17 03:11:56 | TestSub: S6 | Epoch 38/100 Finsh | Now_lr 0.0005/0.0005 | Train Loss 0.4202 | Valid Loss 0.4829 | Train Acc 83.5938 | Valid Acc 82.0312
2026-07-17 03:11:56 | Validation loss decreased (0.487082 --> 0.482893) in epoch (38). Saving model ...
2026-07-17 03:11:57 | TestSub: S6 | Epoch 39/100 Finsh | Now_lr 0.0005/0.0005 | Train Loss 0.4054 | Valid Loss 0.4932 | Train Acc 83.8281 | Valid Acc 81.2500
2026-07-17 03:11:57 | TestSub: S6 | Epoch 40/100 Finsh | Now_lr 0.0005/0.0005 | Train Loss 0.3876 | Valid Loss 0.4779 | Train Acc 85.4688 | Valid Acc 82.0312
2026-07-17 03:11:57 | Validation loss decreased (0.482893 --> 0.477878) in epoch (40). Saving model ...
2026-07-17 03:11:58 | TestSub: S6 | Epoch 41/100 Finsh | Now_lr 0.0005/0.0005 | Train Loss 0.3956 | Valid Loss 0.4805 | Train Acc 83.1250 | Valid Acc 83.5938
2026-07-17 03:11:58 | TestSub: S6 | Epoch 42/100 Finsh | Now_lr 0.0005/0.0005 | Train Loss 0.3968 | Valid Loss 0.4693 | Train Acc 84.2969 | Valid Acc 82.8125
2026-07-17 03:11:58 | Validation loss decreased (0.477878 --> 0.469332) in epoch (42). Saving model ...
2026-07-17 03:11:59 | TestSub: S6 | Epoch 43/100 Finsh | Now_lr 0.0005/0.0005 | Train Loss 0.3716 | Valid Loss 0.4632 | Train Acc 86.7969 | Valid Acc 82.8125
2026-07-17 03:11:59 | Validation loss decreased (0.469332 --> 0.463157) in epoch (43). Saving model ...
2026-07-17 03:11:59 | TestSub: S6 | Epoch 44/100 Finsh | Now_lr 0.0005/0.0005 | Train Loss 0.3818 | Valid Loss 0.4727 | Train Acc 84.9219 | Valid Acc 83.5938
2026-07-17 03:12:00 | TestSub: S6 | Epoch 45/100 Finsh | Now_lr 0.0005/0.0005 | Train Loss 0.3651 | Valid Loss 0.4493 | Train Acc 86.9531 | Valid Acc 84.3750
2026-07-17 03:12:00 | Validation loss decreased (0.463157 --> 0.449300) in epoch (45). Saving model ...
2026-07-17 03:12:00 | TestSub: S6 | Epoch 46/100 Finsh | Now_lr 0.0005/0.0005 | Train Loss 0.3756 | Valid Loss 0.4649 | Train Acc 84.7656 | Valid Acc 82.0312
2026-07-17 03:12:00 | TestSub: S6 | Epoch 47/100 Finsh | Now_lr 0.0005/0.0005 | Train Loss 0.3749 | Valid Loss 0.4469 | Train Acc 85.3125 | Valid Acc 83.5938
2026-07-17 03:12:04 | Validation loss decreased (0.449300 --> 0.446890) in epoch (47). Saving model ...
2026-07-17 03:12:05 | TestSub: S6 | Epoch 48/100 Finsh | Now_lr 0.0005/0.0005 | Train Loss 0.3611 | Valid Loss 0.4466 | Train Acc 85.5469 | Valid Acc 82.0312
2026-07-17 03:12:05 | Validation loss decreased (0.446890 --> 0.446605) in epoch (48). Saving model ...
2026-07-17 03:12:05 | TestSub: S6 | Epoch 49/100 Finsh | Now_lr 0.0005/0.0005 | Train Loss 0.3746 | Valid Loss 0.4499 | Train Acc 84.7656 | Valid Acc 81.2500
2026-07-17 03:12:05 | TestSub: S6 | Epoch 50/100 Finsh | Now_lr 0.0005/0.0005 | Train Loss 0.3583 | Valid Loss 0.4548 | Train Acc 87.4219 | Valid Acc 82.0312
2026-07-17 03:12:06 | TestSub: S6 | Epoch 51/100 Finsh | Now_lr 0.0005/0.0005 | Train Loss 0.3373 | Valid Loss 0.4392 | Train Acc 88.4375 | Valid Acc 82.8125
2026-07-17 03:12:06 | Validation loss decreased (0.446605 --> 0.439218) in epoch (51). Saving model ...
2026-07-17 03:12:06 | TestSub: S6 | Epoch 52/100 Finsh | Now_lr 0.0005/0.0005 | Train Loss 0.3581 | Valid Loss 0.4298 | Train Acc 86.1719 | Valid Acc 85.1562
2026-07-17 03:12:06 | Validation loss decreased (0.439218 --> 0.429810) in epoch (52). Saving model ...
2026-07-17 03:12:07 | TestSub: S6 | Epoch 53/100 Finsh | Now_lr 0.0005/0.0005 | Train Loss 0.3436 | Valid Loss 0.4330 | Train Acc 87.5781 | Valid Acc 83.5938
2026-07-17 03:12:07 | TestSub: S6 | Epoch 54/100 Finsh | Now_lr 0.0005/0.0005 | Train Loss 0.3517 | Valid Loss 0.4437 | Train Acc 86.1719 | Valid Acc 82.0312
2026-07-17 03:12:08 | TestSub: S6 | Epoch 55/100 Finsh | Now_lr 0.0005/0.0005 | Train Loss 0.3489 | Valid Loss 0.4212 | Train Acc 87.6562 | Valid Acc 85.1562
2026-07-17 03:12:08 | Validation loss decreased (0.429810 --> 0.421243) in epoch (55). Saving model ...
2026-07-17 03:12:08 | TestSub: S6 | Epoch 56/100 Finsh | Now_lr 0.0005/0.0005 | Train Loss 0.3526 | Valid Loss 0.4264 | Train Acc 86.2500 | Valid Acc 83.5938
2026-07-17 03:12:09 | TestSub: S6 | Epoch 57/100 Finsh | Now_lr 0.0005/0.0005 | Train Loss 0.3363 | Valid Loss 0.4313 | Train Acc 87.5000 | Valid Acc 84.3750
2026-07-17 03:12:09 | TestSub: S6 | Epoch 58/100 Finsh | Now_lr 0.0005/0.0005 | Train Loss 0.3093 | Valid Loss 0.4219 | Train Acc 88.7500 | Valid Acc 85.1562
2026-07-17 03:12:10 | TestSub: S6 | Epoch 59/100 Finsh | Now_lr 0.0005/0.0005 | Train Loss 0.3301 | Valid Loss 0.3999 | Train Acc 87.8906 | Valid Acc 89.8438
2026-07-17 03:12:10 | Validation loss decreased (0.421243 --> 0.399930) in epoch (59). Saving model ...
2026-07-17 03:12:10 | TestSub: S6 | Epoch 60/100 Finsh | Now_lr 0.0005/0.0005 | Train Loss 0.3383 | Valid Loss 0.4185 | Train Acc 85.5469 | Valid Acc 84.3750
2026-07-17 03:12:10 | TestSub: S6 | Epoch 61/100 Finsh | Now_lr 0.0005/0.0005 | Train Loss 0.3100 | Valid Loss 0.4106 | Train Acc 89.2969 | Valid Acc 84.3750
2026-07-17 03:12:11 | TestSub: S6 | Epoch 62/100 Finsh | Now_lr 0.0005/0.0005 | Train Loss 0.3201 | Valid Loss 0.4044 | Train Acc 87.4219 | Valid Acc 86.7188
2026-07-17 03:12:11 | TestSub: S6 | Epoch 63/100 Finsh | Now_lr 0.0005/0.0005 | Train Loss 0.3156 | Valid Loss 0.3992 | Train Acc 88.8281 | Valid Acc 89.0625
2026-07-17 03:12:11 | Validation loss decreased (0.399930 --> 0.399202) in epoch (63). Saving model ...
2026-07-17 03:12:12 | TestSub: S6 | Epoch 64/100 Finsh | Now_lr 0.0005/0.0005 | Train Loss 0.3035 | Valid Loss 0.3985 | Train Acc 88.9844 | Valid Acc 87.5000
2026-07-17 03:12:12 | Validation loss decreased (0.399202 --> 0.398491) in epoch (64). Saving model ...
2026-07-17 03:12:12 | TestSub: S6 | Epoch 65/100 Finsh | Now_lr 0.0005/0.0005 | Train Loss 0.3075 | Valid Loss 0.3933 | Train Acc 88.4375 | Valid Acc 87.5000
2026-07-17 03:12:12 | Validation loss decreased (0.398491 --> 0.393302) in epoch (65). Saving model ...
2026-07-17 03:12:13 | TestSub: S6 | Epoch 66/100 Finsh | Now_lr 0.0005/0.0005 | Train Loss 0.3193 | Valid Loss 0.4002 | Train Acc 88.0469 | Valid Acc 84.3750
2026-07-17 03:12:13 | TestSub: S6 | Epoch 67/100 Finsh | Now_lr 0.0005/0.0005 | Train Loss 0.3054 | Valid Loss 0.4018 | Train Acc 88.5938 | Valid Acc 85.1562
2026-07-17 03:12:14 | TestSub: S6 | Epoch 68/100 Finsh | Now_lr 0.0005/0.0005 | Train Loss 0.3040 | Valid Loss 0.3912 | Train Acc 88.3594 | Valid Acc 84.3750
2026-07-17 03:12:14 | Validation loss decreased (0.393302 --> 0.391249) in epoch (68). Saving model ...
2026-07-17 03:12:14 | TestSub: S6 | Epoch 69/100 Finsh | Now_lr 0.0005/0.0005 | Train Loss 0.2982 | Valid Loss 0.3999 | Train Acc 88.7500 | Valid Acc 85.1562
2026-07-17 03:12:14 | TestSub: S6 | Epoch 70/100 Finsh | Now_lr 0.0005/0.0005 | Train Loss 0.3085 | Valid Loss 0.3931 | Train Acc 88.7500 | Valid Acc 85.9375
2026-07-17 03:12:15 | TestSub: S6 | Epoch 71/100 Finsh | Now_lr 0.0005/0.0005 | Train Loss 0.3059 | Valid Loss 0.3788 | Train Acc 87.6562 | Valid Acc 89.0625
2026-07-17 03:12:15 | Validation loss decreased (0.391249 --> 0.378772) in epoch (71). Saving model ...
2026-07-17 03:12:15 | TestSub: S6 | Epoch 72/100 Finsh | Now_lr 0.0005/0.0005 | Train Loss 0.3060 | Valid Loss 0.3771 | Train Acc 88.5938 | Valid Acc 86.7188
2026-07-17 03:12:15 | Validation loss decreased (0.378772 --> 0.377100) in epoch (72). Saving model ...
2026-07-17 03:12:16 | TestSub: S6 | Epoch 73/100 Finsh | Now_lr 0.0005/0.0005 | Train Loss 0.2980 | Valid Loss 0.3869 | Train Acc 88.4375 | Valid Acc 85.9375
2026-07-17 03:12:16 | TestSub: S6 | Epoch 74/100 Finsh | Now_lr 0.0005/0.0005 | Train Loss 0.2827 | Valid Loss 0.3816 | Train Acc 89.6875 | Valid Acc 85.1562
2026-07-17 03:12:17 | TestSub: S6 | Epoch 75/100 Finsh | Now_lr 0.0005/0.0005 | Train Loss 0.2802 | Valid Loss 0.3828 | Train Acc 89.7656 | Valid Acc 84.3750
2026-07-17 03:12:17 | TestSub: S6 | Epoch 76/100 Finsh | Now_lr 0.0005/0.0005 | Train Loss 0.2920 | Valid Loss 0.4009 | Train Acc 88.2812 | Valid Acc 84.3750
2026-07-17 03:12:18 | TestSub: S6 | Epoch 77/100 Finsh | Now_lr 0.0005/0.0005 | Train Loss 0.2991 | Valid Loss 0.3705 | Train Acc 87.9688 | Valid Acc 85.9375
2026-07-17 03:12:18 | Validation loss decreased (0.377100 --> 0.370544) in epoch (77). Saving model ...
2026-07-17 03:12:18 | TestSub: S6 | Epoch 78/100 Finsh | Now_lr 0.0005/0.0005 | Train Loss 0.2953 | Valid Loss 0.3677 | Train Acc 89.5312 | Valid Acc 86.7188
2026-07-17 03:12:18 | Validation loss decreased (0.370544 --> 0.367660) in epoch (78). Saving model ...
2026-07-17 03:12:19 | TestSub: S6 | Epoch 79/100 Finsh | Now_lr 0.0005/0.0005 | Train Loss 0.2844 | Valid Loss 0.3614 | Train Acc 88.6719 | Valid Acc 88.2812
2026-07-17 03:12:19 | Validation loss decreased (0.367660 --> 0.361366) in epoch (79). Saving model ...
2026-07-17 03:12:19 | TestSub: S6 | Epoch 80/100 Finsh | Now_lr 0.0005/0.0005 | Train Loss 0.2702 | Valid Loss 0.3586 | Train Acc 89.4531 | Valid Acc 89.0625
2026-07-17 03:12:19 | Validation loss decreased (0.361366 --> 0.358607) in epoch (80). Saving model ...
2026-07-17 03:12:20 | TestSub: S6 | Epoch 81/100 Finsh | Now_lr 0.0005/0.0005 | Train Loss 0.2730 | Valid Loss 0.3782 | Train Acc 90.3125 | Valid Acc 87.5000
2026-07-17 03:12:20 | TestSub: S6 | Epoch 82/100 Finsh | Now_lr 0.0005/0.0005 | Train Loss 0.2869 | Valid Loss 0.3721 | Train Acc 88.7500 | Valid Acc 84.3750
2026-07-17 03:12:20 | TestSub: S6 | Epoch 83/100 Finsh | Now_lr 0.0005/0.0005 | Train Loss 0.2847 | Valid Loss 0.3667 | Train Acc 89.7656 | Valid Acc 88.2812
2026-07-17 03:12:21 | TestSub: S6 | Epoch 84/100 Finsh | Now_lr 0.0005/0.0005 | Train Loss 0.2909 | Valid Loss 0.3706 | Train Acc 88.8281 | Valid Acc 85.9375
2026-07-17 03:12:21 | TestSub: S6 | Epoch 85/100 Finsh | Now_lr 0.0005/0.0005 | Train Loss 0.2786 | Valid Loss 0.3671 | Train Acc 89.7656 | Valid Acc 86.7188
2026-07-17 03:12:22 | TestSub: S6 | Epoch 86/100 Finsh | Now_lr 0.0005/0.0005 | Train Loss 0.2709 | Valid Loss 0.3557 | Train Acc 89.7656 | Valid Acc 89.0625
2026-07-17 03:12:22 | Validation loss decreased (0.358607 --> 0.355712) in epoch (86). Saving model ...
2026-07-17 03:12:22 | TestSub: S6 | Epoch 87/100 Finsh | Now_lr 0.0005/0.0005 | Train Loss 0.2732 | Valid Loss 0.3555 | Train Acc 89.2969 | Valid Acc 89.0625
2026-07-17 03:12:22 | Validation loss decreased (0.355712 --> 0.355514) in epoch (87). Saving model ...
2026-07-17 03:12:23 | TestSub: S6 | Epoch 88/100 Finsh | Now_lr 0.0005/0.0005 | Train Loss 0.2586 | Valid Loss 0.3500 | Train Acc 90.7031 | Valid Acc 89.8438
2026-07-17 03:12:23 | Validation loss decreased (0.355514 --> 0.350041) in epoch (88). Saving model ...
2026-07-17 03:12:23 | TestSub: S6 | Epoch 89/100 Finsh | Now_lr 0.0005/0.0005 | Train Loss 0.2712 | Valid Loss 0.3491 | Train Acc 89.7656 | Valid Acc 89.8438
2026-07-17 03:12:23 | Validation loss decreased (0.350041 --> 0.349108) in epoch (89). Saving model ...
2026-07-17 03:12:24 | TestSub: S6 | Epoch 90/100 Finsh | Now_lr 0.0005/0.0005 | Train Loss 0.2704 | Valid Loss 0.3596 | Train Acc 89.7656 | Valid Acc 90.6250
2026-07-17 03:12:24 | TestSub: S6 | Epoch 91/100 Finsh | Now_lr 0.0005/0.0005 | Train Loss 0.2793 | Valid Loss 0.3665 | Train Acc 89.7656 | Valid Acc 85.1562
2026-07-17 03:12:24 | TestSub: S6 | Epoch 92/100 Finsh | Now_lr 0.0005/0.0005 | Train Loss 0.2776 | Valid Loss 0.3650 | Train Acc 89.2188 | Valid Acc 88.2812
2026-07-17 03:12:25 | TestSub: S6 | Epoch 93/100 Finsh | Now_lr 0.0005/0.0005 | Train Loss 0.2625 | Valid Loss 0.3537 | Train Acc 90.8594 | Valid Acc 89.0625
2026-07-17 03:12:25 | TestSub: S6 | Epoch 94/100 Finsh | Now_lr 0.0005/0.0005 | Train Loss 0.2617 | Valid Loss 0.3406 | Train Acc 90.2344 | Valid Acc 89.0625
2026-07-17 03:12:25 | Validation loss decreased (0.349108 --> 0.340575) in epoch (94). Saving model ...
2026-07-17 03:12:26 | TestSub: S6 | Epoch 95/100 Finsh | Now_lr 0.0005/0.0005 | Train Loss 0.2540 | Valid Loss 0.3343 | Train Acc 91.7969 | Valid Acc 89.0625
2026-07-17 03:12:26 | Validation loss decreased (0.340575 --> 0.334339) in epoch (95). Saving model ...
2026-07-17 03:12:26 | TestSub: S6 | Epoch 96/100 Finsh | Now_lr 0.0005/0.0005 | Train Loss 0.2727 | Valid Loss 0.3639 | Train Acc 88.6719 | Valid Acc 88.2812
2026-07-17 03:12:27 | TestSub: S6 | Epoch 97/100 Finsh | Now_lr 0.0005/0.0005 | Train Loss 0.2586 | Valid Loss 0.3558 | Train Acc 90.0781 | Valid Acc 89.0625
2026-07-17 03:12:27 | TestSub: S6 | Epoch 98/100 Finsh | Now_lr 0.0005/0.0005 | Train Loss 0.2451 | Valid Loss 0.3455 | Train Acc 91.0938 | Valid Acc 89.0625
2026-07-17 03:12:28 | TestSub: S6 | Epoch 99/100 Finsh | Now_lr 0.0005/0.0005 | Train Loss 0.2516 | Valid Loss 0.3292 | Train Acc 90.8594 | Valid Acc 91.4062
2026-07-17 03:12:28 | Validation loss decreased (0.334339 --> 0.329183) in epoch (99). Saving model ...
2026-07-17 03:12:28 | TestSub: S6 | Epoch 100/100 Finsh | Now_lr 0.0005/0.0005 | Train Loss 0.2608 | Valid Loss 0.3392 | Train Acc 90.3125 | Valid Acc 89.0625
2026-07-17 03:12:28 | --------------------------------------------------
2026-07-17 03:12:28 | Test_Subject :S6 | Best epoch:99 | Test Loss:0.5943 | Savemodel Acc 67.5000
2026-07-17 03:12:28 | --------------------------------------------------
2026-07-17 03:12:28 | Best epoch: 99 | Test acc: 67.5000
