2026-07-17 03:13:17 | Logging started: ./writer/Subject_dependent_AAD/AVEDao/3.0s/result//Train3.0s_sub8.log
2026-07-17 03:13:20 | Sub_id: 8
2026-07-17 03:13:22 | TestSub: S8 | Epoch  1/100 Finsh | Now_lr 0.0005/0.0005 | Train Loss 0.6948 | Valid Loss 0.7271 | Train Acc 53.0469 | Valid Acc 51.5625
2026-07-17 03:13:22 | Validation loss decreased (inf --> 0.727052) in epoch (1). Saving model ...
2026-07-17 03:13:22 | TestSub: S8 | Epoch  2/100 Finsh | Now_lr 0.0005/0.0005 | Train Loss 0.6660 | Valid Loss 0.6959 | Train Acc 57.8125 | Valid Acc 49.2188
2026-07-17 03:13:22 | Validation loss decreased (0.727052 --> 0.695859) in epoch (2). Saving model ...
2026-07-17 03:13:23 | TestSub: S8 | Epoch  3/100 Finsh | Now_lr 0.0005/0.0005 | Train Loss 0.6519 | Valid Loss 0.6660 | Train Acc 61.2500 | Valid Acc 53.1250
2026-07-17 03:13:23 | Validation loss decreased (0.695859 --> 0.665955) in epoch (3). Saving model ...
2026-07-17 03:13:23 | TestSub: S8 | Epoch  4/100 Finsh | Now_lr 0.0005/0.0005 | Train Loss 0.6366 | Valid Loss 0.6693 | Train Acc 62.0313 | Valid Acc 53.1250
2026-07-17 03:13:23 | TestSub: S8 | Epoch  5/100 Finsh | Now_lr 0.0005/0.0005 | Train Loss 0.6324 | Valid Loss 0.6555 | Train Acc 63.7500 | Valid Acc 57.0312
2026-07-17 03:13:23 | Validation loss decreased (0.665955 --> 0.655525) in epoch (5). Saving model ...
2026-07-17 03:13:24 | TestSub: S8 | Epoch  6/100 Finsh | Now_lr 0.0005/0.0005 | Train Loss 0.6219 | Valid Loss 0.6505 | Train Acc 65.1562 | Valid Acc 57.8125
2026-07-17 03:13:24 | Validation loss decreased (0.655525 --> 0.650479) in epoch (6). Saving model ...
2026-07-17 03:13:24 | TestSub: S8 | Epoch  7/100 Finsh | Now_lr 0.0005/0.0005 | Train Loss 0.6059 | Valid Loss 0.6609 | Train Acc 67.5000 | Valid Acc 56.2500
2026-07-17 03:13:25 | TestSub: S8 | Epoch  8/100 Finsh | Now_lr 0.0005/0.0005 | Train Loss 0.5914 | Valid Loss 0.6436 | Train Acc 68.7500 | Valid Acc 58.5938
2026-07-17 03:13:25 | Validation loss decreased (0.650479 --> 0.643553) in epoch (8). Saving model ...
2026-07-17 03:13:26 | TestSub: S8 | Epoch  9/100 Finsh | Now_lr 0.0005/0.0005 | Train Loss 0.5872 | Valid Loss 0.6397 | Train Acc 69.9219 | Valid Acc 59.3750
2026-07-17 03:13:26 | Validation loss decreased (0.643553 --> 0.639715) in epoch (9). Saving model ...
2026-07-17 03:13:26 | TestSub: S8 | Epoch 10/100 Finsh | Now_lr 0.0005/0.0005 | Train Loss 0.5811 | Valid Loss 0.6276 | Train Acc 70.5469 | Valid Acc 63.2812
2026-07-17 03:13:26 | Validation loss decreased (0.639715 --> 0.627563) in epoch (10). Saving model ...
2026-07-17 03:13:26 | TestSub: S8 | Epoch 11/100 Finsh | Now_lr 0.0005/0.0005 | Train Loss 0.5765 | Valid Loss 0.6165 | Train Acc 71.0938 | Valid Acc 66.4062
2026-07-17 03:13:26 | Validation loss decreased (0.627563 --> 0.616531) in epoch (11). Saving model ...
2026-07-17 03:13:27 | TestSub: S8 | Epoch 12/100 Finsh | Now_lr 0.0005/0.0005 | Train Loss 0.5633 | Valid Loss 0.6161 | Train Acc 74.1406 | Valid Acc 61.7188
2026-07-17 03:13:27 | Validation loss decreased (0.616531 --> 0.616060) in epoch (12). Saving model ...
2026-07-17 03:13:27 | TestSub: S8 | Epoch 13/100 Finsh | Now_lr 0.0005/0.0005 | Train Loss 0.5663 | Valid Loss 0.6015 | Train Acc 72.5781 | Valid Acc 65.6250
2026-07-17 03:13:27 | Validation loss decreased (0.616060 --> 0.601450) in epoch (13). Saving model ...
2026-07-17 03:13:28 | TestSub: S8 | Epoch 14/100 Finsh | Now_lr 0.0005/0.0005 | Train Loss 0.5456 | Valid Loss 0.5989 | Train Acc 73.4375 | Valid Acc 63.2812
2026-07-17 03:13:28 | Validation loss decreased (0.601450 --> 0.598875) in epoch (14). Saving model ...
2026-07-17 03:13:28 | TestSub: S8 | Epoch 15/100 Finsh | Now_lr 0.0005/0.0005 | Train Loss 0.5443 | Valid Loss 0.5879 | Train Acc 73.0469 | Valid Acc 67.1875
2026-07-17 03:13:28 | Validation loss decreased (0.598875 --> 0.587897) in epoch (15). Saving model ...
2026-07-17 03:13:29 | TestSub: S8 | Epoch 16/100 Finsh | Now_lr 0.0005/0.0005 | Train Loss 0.5164 | Valid Loss 0.5771 | Train Acc 76.7969 | Valid Acc 68.7500
2026-07-17 03:13:29 | Validation loss decreased (0.587897 --> 0.577089) in epoch (16). Saving model ...
2026-07-17 03:13:29 | TestSub: S8 | Epoch 17/100 Finsh | Now_lr 0.0005/0.0005 | Train Loss 0.5161 | Valid Loss 0.5843 | Train Acc 77.3438 | Valid Acc 67.9688
2026-07-17 03:13:30 | TestSub: S8 | Epoch 18/100 Finsh | Now_lr 0.0005/0.0005 | Train Loss 0.5122 | Valid Loss 0.5696 | Train Acc 77.0312 | Valid Acc 71.0938
2026-07-17 03:13:30 | Validation loss decreased (0.577089 --> 0.569620) in epoch (18). Saving model ...
2026-07-17 03:13:30 | TestSub: S8 | Epoch 19/100 Finsh | Now_lr 0.0005/0.0005 | Train Loss 0.5081 | Valid Loss 0.5720 | Train Acc 76.6406 | Valid Acc 66.4062
2026-07-17 03:13:31 | TestSub: S8 | Epoch 20/100 Finsh | Now_lr 0.0005/0.0005 | Train Loss 0.4900 | Valid Loss 0.5702 | Train Acc 80.0000 | Valid Acc 64.8438
2026-07-17 03:13:31 | TestSub: S8 | Epoch 21/100 Finsh | Now_lr 0.0005/0.0005 | Train Loss 0.4790 | Valid Loss 0.5632 | Train Acc 79.6875 | Valid Acc 66.4062
2026-07-17 03:13:31 | Validation loss decreased (0.569620 --> 0.563236) in epoch (21). Saving model ...
2026-07-17 03:13:31 | TestSub: S8 | Epoch 22/100 Finsh | Now_lr 0.0005/0.0005 | Train Loss 0.4731 | Valid Loss 0.5516 | Train Acc 80.7812 | Valid Acc 71.8750
2026-07-17 03:13:31 | Validation loss decreased (0.563236 --> 0.551606) in epoch (22). Saving model ...
2026-07-17 03:13:32 | TestSub: S8 | Epoch 23/100 Finsh | Now_lr 0.0005/0.0005 | Train Loss 0.4742 | Valid Loss 0.5473 | Train Acc 79.7656 | Valid Acc 72.6562
2026-07-17 03:13:32 | Validation loss decreased (0.551606 --> 0.547275) in epoch (23). Saving model ...
2026-07-17 03:13:32 | TestSub: S8 | Epoch 24/100 Finsh | Now_lr 0.0005/0.0005 | Train Loss 0.4555 | Valid Loss 0.5384 | Train Acc 80.6250 | Valid Acc 74.2188
2026-07-17 03:13:32 | Validation loss decreased (0.547275 --> 0.538371) in epoch (24). Saving model ...
2026-07-17 03:13:33 | TestSub: S8 | Epoch 25/100 Finsh | Now_lr 0.0005/0.0005 | Train Loss 0.4555 | Valid Loss 0.5317 | Train Acc 80.8594 | Valid Acc 74.2188
2026-07-17 03:13:33 | Validation loss decreased (0.538371 --> 0.531652) in epoch (25). Saving model ...
2026-07-17 03:13:33 | TestSub: S8 | Epoch 26/100 Finsh | Now_lr 0.0005/0.0005 | Train Loss 0.4600 | Valid Loss 0.5245 | Train Acc 79.1406 | Valid Acc 76.5625
2026-07-17 03:13:33 | Validation loss decreased (0.531652 --> 0.524476) in epoch (26). Saving model ...
2026-07-17 03:13:34 | TestSub: S8 | Epoch 27/100 Finsh | Now_lr 0.0005/0.0005 | Train Loss 0.4539 | Valid Loss 0.5267 | Train Acc 80.1562 | Valid Acc 75.0000
2026-07-17 03:13:34 | TestSub: S8 | Epoch 28/100 Finsh | Now_lr 0.0005/0.0005 | Train Loss 0.4408 | Valid Loss 0.5407 | Train Acc 80.5469 | Valid Acc 70.3125
2026-07-17 03:13:35 | TestSub: S8 | Epoch 29/100 Finsh | Now_lr 0.0005/0.0005 | Train Loss 0.4345 | Valid Loss 0.5126 | Train Acc 81.4844 | Valid Acc 75.0000
2026-07-17 03:13:35 | Validation loss decreased (0.524476 --> 0.512580) in epoch (29). Saving model ...
2026-07-17 03:13:35 | TestSub: S8 | Epoch 30/100 Finsh | Now_lr 0.0005/0.0005 | Train Loss 0.4382 | Valid Loss 0.5135 | Train Acc 81.0156 | Valid Acc 75.7812
2026-07-17 03:13:36 | TestSub: S8 | Epoch 31/100 Finsh | Now_lr 0.0005/0.0005 | Train Loss 0.4167 | Valid Loss 0.5118 | Train Acc 82.4219 | Valid Acc 73.4375
2026-07-17 03:13:36 | Validation loss decreased (0.512580 --> 0.511808) in epoch (31). Saving model ...
2026-07-17 03:13:36 | TestSub: S8 | Epoch 32/100 Finsh | Now_lr 0.0005/0.0005 | Train Loss 0.4215 | Valid Loss 0.5060 | Train Acc 82.5000 | Valid Acc 74.2188
2026-07-17 03:13:36 | Validation loss decreased (0.511808 --> 0.505975) in epoch (32). Saving model ...
2026-07-17 03:13:36 | TestSub: S8 | Epoch 33/100 Finsh | Now_lr 0.0005/0.0005 | Train Loss 0.4190 | Valid Loss 0.5175 | Train Acc 82.6562 | Valid Acc 74.2188
2026-07-17 03:13:37 | TestSub: S8 | Epoch 34/100 Finsh | Now_lr 0.0005/0.0005 | Train Loss 0.4306 | Valid Loss 0.4989 | Train Acc 80.8594 | Valid Acc 76.5625
2026-07-17 03:13:37 | Validation loss decreased (0.505975 --> 0.498928) in epoch (34). Saving model ...
2026-07-17 03:13:37 | TestSub: S8 | Epoch 35/100 Finsh | Now_lr 0.0005/0.0005 | Train Loss 0.4020 | Valid Loss 0.4901 | Train Acc 84.6875 | Valid Acc 78.9062
2026-07-17 03:13:37 | Validation loss decreased (0.498928 --> 0.490110) in epoch (35). Saving model ...
2026-07-17 03:13:38 | TestSub: S8 | Epoch 36/100 Finsh | Now_lr 0.0005/0.0005 | Train Loss 0.3932 | Valid Loss 0.5276 | Train Acc 84.6094 | Valid Acc 72.6562
2026-07-17 03:13:38 | TestSub: S8 | Epoch 37/100 Finsh | Now_lr 0.0005/0.0005 | Train Loss 0.3998 | Valid Loss 0.4848 | Train Acc 84.7656 | Valid Acc 79.6875
2026-07-17 03:13:38 | Validation loss decreased (0.490110 --> 0.484798) in epoch (37). Saving model ...
2026-07-17 03:13:39 | TestSub: S8 | Epoch 38/100 Finsh | Now_lr 0.0005/0.0005 | Train Loss 0.4006 | Valid Loss 0.4847 | Train Acc 84.3750 | Valid Acc 77.3438
2026-07-17 03:13:39 | Validation loss decreased (0.484798 --> 0.484726) in epoch (38). Saving model ...
2026-07-17 03:13:39 | TestSub: S8 | Epoch 39/100 Finsh | Now_lr 0.0005/0.0005 | Train Loss 0.3923 | Valid Loss 0.4685 | Train Acc 84.8438 | Valid Acc 81.2500
2026-07-17 03:13:39 | Validation loss decreased (0.484726 --> 0.468462) in epoch (39). Saving model ...
2026-07-17 03:13:40 | TestSub: S8 | Epoch 40/100 Finsh | Now_lr 0.0005/0.0005 | Train Loss 0.3931 | Valid Loss 0.4985 | Train Acc 83.2812 | Valid Acc 72.6562
2026-07-17 03:13:40 | TestSub: S8 | Epoch 41/100 Finsh | Now_lr 0.0005/0.0005 | Train Loss 0.3919 | Valid Loss 0.4682 | Train Acc 83.4375 | Valid Acc 78.9062
2026-07-17 03:13:40 | Validation loss decreased (0.468462 --> 0.468223) in epoch (41). Saving model ...
2026-07-17 03:13:41 | TestSub: S8 | Epoch 42/100 Finsh | Now_lr 0.0005/0.0005 | Train Loss 0.3753 | Valid Loss 0.4737 | Train Acc 85.9375 | Valid Acc 78.1250
2026-07-17 03:13:41 | TestSub: S8 | Epoch 43/100 Finsh | Now_lr 0.0005/0.0005 | Train Loss 0.3794 | Valid Loss 0.4810 | Train Acc 85.3125 | Valid Acc 75.0000
2026-07-17 03:13:41 | TestSub: S8 | Epoch 44/100 Finsh | Now_lr 0.0005/0.0005 | Train Loss 0.3854 | Valid Loss 0.4593 | Train Acc 85.4688 | Valid Acc 78.9062
2026-07-17 03:13:41 | Validation loss decreased (0.468223 --> 0.459287) in epoch (44). Saving model ...
2026-07-17 03:13:42 | TestSub: S8 | Epoch 45/100 Finsh | Now_lr 0.0005/0.0005 | Train Loss 0.3687 | Valid Loss 0.4503 | Train Acc 85.6250 | Valid Acc 81.2500
2026-07-17 03:13:42 | Validation loss decreased (0.459287 --> 0.450315) in epoch (45). Saving model ...
2026-07-17 03:13:42 | TestSub: S8 | Epoch 46/100 Finsh | Now_lr 0.0005/0.0005 | Train Loss 0.3642 | Valid Loss 0.4493 | Train Acc 85.4688 | Valid Acc 82.0312
2026-07-17 03:13:42 | Validation loss decreased (0.450315 --> 0.449256) in epoch (46). Saving model ...
2026-07-17 03:13:43 | TestSub: S8 | Epoch 47/100 Finsh | Now_lr 0.0005/0.0005 | Train Loss 0.3478 | Valid Loss 0.4501 | Train Acc 87.7344 | Valid Acc 82.8125
2026-07-17 03:13:43 | TestSub: S8 | Epoch 48/100 Finsh | Now_lr 0.0005/0.0005 | Train Loss 0.3657 | Valid Loss 0.4473 | Train Acc 85.2344 | Valid Acc 83.5938
2026-07-17 03:13:43 | Validation loss decreased (0.449256 --> 0.447306) in epoch (48). Saving model ...
2026-07-17 03:13:44 | TestSub: S8 | Epoch 49/100 Finsh | Now_lr 0.0005/0.0005 | Train Loss 0.3609 | Valid Loss 0.4418 | Train Acc 85.6250 | Valid Acc 81.2500
2026-07-17 03:13:44 | Validation loss decreased (0.447306 --> 0.441830) in epoch (49). Saving model ...
2026-07-17 03:13:44 | TestSub: S8 | Epoch 50/100 Finsh | Now_lr 0.0005/0.0005 | Train Loss 0.3627 | Valid Loss 0.4490 | Train Acc 85.5469 | Valid Acc 82.0312
2026-07-17 03:13:45 | TestSub: S8 | Epoch 51/100 Finsh | Now_lr 0.0005/0.0005 | Train Loss 0.3431 | Valid Loss 0.4383 | Train Acc 87.1094 | Valid Acc 80.4688
2026-07-17 03:13:45 | Validation loss decreased (0.441830 --> 0.438315) in epoch (51). Saving model ...
2026-07-17 03:13:45 | TestSub: S8 | Epoch 52/100 Finsh | Now_lr 0.0005/0.0005 | Train Loss 0.3437 | Valid Loss 0.4538 | Train Acc 86.7969 | Valid Acc 76.5625
2026-07-17 03:13:46 | TestSub: S8 | Epoch 53/100 Finsh | Now_lr 0.0005/0.0005 | Train Loss 0.3465 | Valid Loss 0.4350 | Train Acc 87.1875 | Valid Acc 80.4688
2026-07-17 03:13:46 | Validation loss decreased (0.438315 --> 0.435020) in epoch (53). Saving model ...
2026-07-17 03:13:46 | TestSub: S8 | Epoch 54/100 Finsh | Now_lr 0.0005/0.0005 | Train Loss 0.3685 | Valid Loss 0.4566 | Train Acc 85.0000 | Valid Acc 78.9062
2026-07-17 03:13:46 | TestSub: S8 | Epoch 55/100 Finsh | Now_lr 0.0005/0.0005 | Train Loss 0.3369 | Valid Loss 0.4299 | Train Acc 87.1094 | Valid Acc 84.3750
2026-07-17 03:13:46 | Validation loss decreased (0.435020 --> 0.429878) in epoch (55). Saving model ...
2026-07-17 03:13:47 | TestSub: S8 | Epoch 56/100 Finsh | Now_lr 0.0005/0.0005 | Train Loss 0.3360 | Valid Loss 0.4528 | Train Acc 87.4219 | Valid Acc 78.1250
2026-07-17 03:13:47 | TestSub: S8 | Epoch 57/100 Finsh | Now_lr 0.0005/0.0005 | Train Loss 0.3300 | Valid Loss 0.4260 | Train Acc 87.7344 | Valid Acc 85.9375
2026-07-17 03:13:47 | Validation loss decreased (0.429878 --> 0.426028) in epoch (57). Saving model ...
2026-07-17 03:13:48 | TestSub: S8 | Epoch 58/100 Finsh | Now_lr 0.0005/0.0005 | Train Loss 0.3233 | Valid Loss 0.4192 | Train Acc 87.9688 | Valid Acc 85.1562
2026-07-17 03:13:48 | Validation loss decreased (0.426028 --> 0.419217) in epoch (58). Saving model ...
2026-07-17 03:13:48 | TestSub: S8 | Epoch 59/100 Finsh | Now_lr 0.0005/0.0005 | Train Loss 0.3343 | Valid Loss 0.4270 | Train Acc 86.8750 | Valid Acc 82.0312
2026-07-17 03:13:49 | TestSub: S8 | Epoch 60/100 Finsh | Now_lr 0.0005/0.0005 | Train Loss 0.3146 | Valid Loss 0.4245 | Train Acc 88.2812 | Valid Acc 81.2500
2026-07-17 03:13:49 | TestSub: S8 | Epoch 61/100 Finsh | Now_lr 0.0005/0.0005 | Train Loss 0.3331 | Valid Loss 0.4221 | Train Acc 86.9531 | Valid Acc 82.8125
2026-07-17 03:13:50 | TestSub: S8 | Epoch 62/100 Finsh | Now_lr 0.0005/0.0005 | Train Loss 0.3301 | Valid Loss 0.4282 | Train Acc 86.8750 | Valid Acc 81.2500
2026-07-17 03:13:50 | TestSub: S8 | Epoch 63/100 Finsh | Now_lr 0.0005/0.0005 | Train Loss 0.3178 | Valid Loss 0.4218 | Train Acc 88.2812 | Valid Acc 82.0312
2026-07-17 03:13:50 | TestSub: S8 | Epoch 64/100 Finsh | Now_lr 0.0005/0.0005 | Train Loss 0.3243 | Valid Loss 0.4083 | Train Acc 87.3438 | Valid Acc 82.0312
2026-07-17 03:13:50 | Validation loss decreased (0.419217 --> 0.408308) in epoch (64). Saving model ...
2026-07-17 03:13:51 | TestSub: S8 | Epoch 65/100 Finsh | Now_lr 0.0005/0.0005 | Train Loss 0.3187 | Valid Loss 0.4088 | Train Acc 88.4375 | Valid Acc 80.4688
2026-07-17 03:13:51 | TestSub: S8 | Epoch 66/100 Finsh | Now_lr 0.0005/0.0005 | Train Loss 0.3263 | Valid Loss 0.4064 | Train Acc 88.4375 | Valid Acc 83.5938
2026-07-17 03:13:51 | Validation loss decreased (0.408308 --> 0.406367) in epoch (66). Saving model ...
2026-07-17 03:13:52 | TestSub: S8 | Epoch 67/100 Finsh | Now_lr 0.0005/0.0005 | Train Loss 0.3137 | Valid Loss 0.3985 | Train Acc 87.7344 | Valid Acc 83.5938
2026-07-17 03:13:52 | Validation loss decreased (0.406367 --> 0.398450) in epoch (67). Saving model ...
2026-07-17 03:13:52 | TestSub: S8 | Epoch 68/100 Finsh | Now_lr 0.0005/0.0005 | Train Loss 0.3069 | Valid Loss 0.4318 | Train Acc 89.2188 | Valid Acc 80.4688
2026-07-17 03:13:53 | TestSub: S8 | Epoch 69/100 Finsh | Now_lr 0.0005/0.0005 | Train Loss 0.3256 | Valid Loss 0.3972 | Train Acc 87.8125 | Valid Acc 83.5938
2026-07-17 03:13:53 | Validation loss decreased (0.398450 --> 0.397172) in epoch (69). Saving model ...
2026-07-17 03:13:53 | TestSub: S8 | Epoch 70/100 Finsh | Now_lr 0.0005/0.0005 | Train Loss 0.3062 | Valid Loss 0.3929 | Train Acc 88.9062 | Valid Acc 82.8125
2026-07-17 03:13:53 | Validation loss decreased (0.397172 --> 0.392893) in epoch (70). Saving model ...
2026-07-17 03:13:54 | TestSub: S8 | Epoch 71/100 Finsh | Now_lr 0.0005/0.0005 | Train Loss 0.3131 | Valid Loss 0.3897 | Train Acc 88.4375 | Valid Acc 83.5938
2026-07-17 03:13:54 | Validation loss decreased (0.392893 --> 0.389678) in epoch (71). Saving model ...
2026-07-17 03:13:54 | TestSub: S8 | Epoch 72/100 Finsh | Now_lr 0.0005/0.0005 | Train Loss 0.3003 | Valid Loss 0.3931 | Train Acc 88.3594 | Valid Acc 82.0312
2026-07-17 03:13:55 | TestSub: S8 | Epoch 73/100 Finsh | Now_lr 0.0005/0.0005 | Train Loss 0.3000 | Valid Loss 0.3850 | Train Acc 87.8906 | Valid Acc 83.5938
2026-07-17 03:13:55 | Validation loss decreased (0.389678 --> 0.384993) in epoch (73). Saving model ...
2026-07-17 03:13:55 | TestSub: S8 | Epoch 74/100 Finsh | Now_lr 0.0005/0.0005 | Train Loss 0.3224 | Valid Loss 0.4186 | Train Acc 86.7969 | Valid Acc 77.3438
2026-07-17 03:13:55 | TestSub: S8 | Epoch 75/100 Finsh | Now_lr 0.0005/0.0005 | Train Loss 0.2910 | Valid Loss 0.4072 | Train Acc 89.8438 | Valid Acc 79.6875
2026-07-17 03:13:56 | TestSub: S8 | Epoch 76/100 Finsh | Now_lr 0.0005/0.0005 | Train Loss 0.2940 | Valid Loss 0.3887 | Train Acc 88.9844 | Valid Acc 82.8125
2026-07-17 03:13:56 | TestSub: S8 | Epoch 77/100 Finsh | Now_lr 0.0005/0.0005 | Train Loss 0.2981 | Valid Loss 0.4174 | Train Acc 87.4219 | Valid Acc 76.5625
2026-07-17 03:13:57 | TestSub: S8 | Epoch 78/100 Finsh | Now_lr 0.0005/0.0005 | Train Loss 0.2999 | Valid Loss 0.3806 | Train Acc 88.7500 | Valid Acc 81.2500
2026-07-17 03:13:57 | Validation loss decreased (0.384993 --> 0.380639) in epoch (78). Saving model ...
2026-07-17 03:13:57 | TestSub: S8 | Epoch 79/100 Finsh | Now_lr 0.0005/0.0005 | Train Loss 0.2895 | Valid Loss 0.3806 | Train Acc 89.2969 | Valid Acc 83.5938
2026-07-17 03:13:58 | TestSub: S8 | Epoch 80/100 Finsh | Now_lr 0.0005/0.0005 | Train Loss 0.2845 | Valid Loss 0.3796 | Train Acc 90.0781 | Valid Acc 83.5938
2026-07-17 03:13:58 | Validation loss decreased (0.380639 --> 0.379594) in epoch (80). Saving model ...
2026-07-17 03:13:58 | TestSub: S8 | Epoch 81/100 Finsh | Now_lr 0.0005/0.0005 | Train Loss 0.2921 | Valid Loss 0.3853 | Train Acc 88.1250 | Valid Acc 80.4688
2026-07-17 03:13:59 | TestSub: S8 | Epoch 82/100 Finsh | Now_lr 0.0005/0.0005 | Train Loss 0.3040 | Valid Loss 0.3762 | Train Acc 87.9688 | Valid Acc 83.5938
2026-07-17 03:13:59 | Validation loss decreased (0.379594 --> 0.376160) in epoch (82). Saving model ...
2026-07-17 03:13:59 | TestSub: S8 | Epoch 83/100 Finsh | Now_lr 0.0005/0.0005 | Train Loss 0.2915 | Valid Loss 0.3788 | Train Acc 89.7656 | Valid Acc 83.5938
2026-07-17 03:14:00 | TestSub: S8 | Epoch 84/100 Finsh | Now_lr 0.0005/0.0005 | Train Loss 0.2928 | Valid Loss 0.4107 | Train Acc 88.8281 | Valid Acc 77.3438
2026-07-17 03:14:00 | TestSub: S8 | Epoch 85/100 Finsh | Now_lr 0.0005/0.0005 | Train Loss 0.2858 | Valid Loss 0.3753 | Train Acc 89.4531 | Valid Acc 85.9375
2026-07-17 03:14:00 | Validation loss decreased (0.376160 --> 0.375298) in epoch (85). Saving model ...
2026-07-17 03:14:00 | TestSub: S8 | Epoch 86/100 Finsh | Now_lr 0.0005/0.0005 | Train Loss 0.2907 | Valid Loss 0.3866 | Train Acc 88.7500 | Valid Acc 81.2500
2026-07-17 03:14:01 | TestSub: S8 | Epoch 87/100 Finsh | Now_lr 0.0005/0.0005 | Train Loss 0.2682 | Valid Loss 0.3683 | Train Acc 89.7656 | Valid Acc 83.5938
2026-07-17 03:14:01 | Validation loss decreased (0.375298 --> 0.368273) in epoch (87). Saving model ...
2026-07-17 03:14:01 | TestSub: S8 | Epoch 88/100 Finsh | Now_lr 0.0005/0.0005 | Train Loss 0.2765 | Valid Loss 0.3720 | Train Acc 88.7500 | Valid Acc 84.3750
2026-07-17 03:14:02 | TestSub: S8 | Epoch 89/100 Finsh | Now_lr 0.0005/0.0005 | Train Loss 0.2766 | Valid Loss 0.3642 | Train Acc 89.1406 | Valid Acc 85.1562
2026-07-17 03:14:02 | Validation loss decreased (0.368273 --> 0.364250) in epoch (89). Saving model ...
2026-07-17 03:14:02 | TestSub: S8 | Epoch 90/100 Finsh | Now_lr 0.0005/0.0005 | Train Loss 0.2830 | Valid Loss 0.3623 | Train Acc 88.8281 | Valid Acc 84.3750
2026-07-17 03:14:02 | Validation loss decreased (0.364250 --> 0.362280) in epoch (90). Saving model ...
2026-07-17 03:14:03 | TestSub: S8 | Epoch 91/100 Finsh | Now_lr 0.0005/0.0005 | Train Loss 0.2746 | Valid Loss 0.3563 | Train Acc 89.3750 | Valid Acc 86.7188
2026-07-17 03:14:03 | Validation loss decreased (0.362280 --> 0.356326) in epoch (91). Saving model ...
2026-07-17 03:14:03 | TestSub: S8 | Epoch 92/100 Finsh | Now_lr 0.0005/0.0005 | Train Loss 0.2718 | Valid Loss 0.3559 | Train Acc 90.4688 | Valid Acc 83.5938
2026-07-17 03:14:03 | Validation loss decreased (0.356326 --> 0.355940) in epoch (92). Saving model ...
2026-07-17 03:14:04 | TestSub: S8 | Epoch 93/100 Finsh | Now_lr 0.0005/0.0005 | Train Loss 0.2652 | Valid Loss 0.3500 | Train Acc 90.0000 | Valid Acc 84.3750
2026-07-17 03:14:04 | Validation loss decreased (0.355940 --> 0.349965) in epoch (93). Saving model ...
2026-07-17 03:14:04 | TestSub: S8 | Epoch 94/100 Finsh | Now_lr 0.0005/0.0005 | Train Loss 0.2542 | Valid Loss 0.3589 | Train Acc 91.3281 | Valid Acc 85.9375
2026-07-17 03:14:05 | TestSub: S8 | Epoch 95/100 Finsh | Now_lr 0.0005/0.0005 | Train Loss 0.2808 | Valid Loss 0.3637 | Train Acc 88.8281 | Valid Acc 84.3750
2026-07-17 03:14:05 | TestSub: S8 | Epoch 96/100 Finsh | Now_lr 0.0005/0.0005 | Train Loss 0.2618 | Valid Loss 0.3501 | Train Acc 90.3906 | Valid Acc 86.7188
2026-07-17 03:14:05 | TestSub: S8 | Epoch 97/100 Finsh | Now_lr 0.0005/0.0005 | Train Loss 0.2681 | Valid Loss 0.3588 | Train Acc 89.8438 | Valid Acc 85.9375
2026-07-17 03:14:06 | TestSub: S8 | Epoch 98/100 Finsh | Now_lr 0.0005/0.0005 | Train Loss 0.2724 | Valid Loss 0.3506 | Train Acc 89.6875 | Valid Acc 86.7188
2026-07-17 03:14:06 | TestSub: S8 | Epoch 99/100 Finsh | Now_lr 0.0005/0.0005 | Train Loss 0.2653 | Valid Loss 0.3409 | Train Acc 90.1562 | Valid Acc 86.7188
2026-07-17 03:14:06 | Validation loss decreased (0.349965 --> 0.340876) in epoch (99). Saving model ...
2026-07-17 03:14:07 | TestSub: S8 | Epoch 100/100 Finsh | Now_lr 0.0005/0.0005 | Train Loss 0.2711 | Valid Loss 0.3439 | Train Acc 90.2344 | Valid Acc 87.5000
2026-07-17 03:14:07 | --------------------------------------------------
2026-07-17 03:14:07 | Test_Subject :S8 | Best epoch:99 | Test Loss:0.6032 | Savemodel Acc 66.2500
2026-07-17 03:14:07 | --------------------------------------------------
2026-07-17 03:14:07 | Best epoch: 99 | Test acc: 66.2500
