2026-07-17 03:08:04 | Logging started: ./writer/Subject_dependent_AAD/AVEDao/3.0s/result//Train3.0s_sub2.log
2026-07-17 03:08:07 | Sub_id: 2
2026-07-17 03:08:09 | TestSub: S2 | Epoch  1/100 Finsh | Now_lr 0.0005/0.0005 | Train Loss 0.6983 | Valid Loss 0.6964 | Train Acc 49.9219 | Valid Acc 51.5625
2026-07-17 03:08:09 | Validation loss decreased (inf --> 0.696418) in epoch (1). Saving model ...
2026-07-17 03:08:09 | TestSub: S2 | Epoch  2/100 Finsh | Now_lr 0.0005/0.0005 | Train Loss 0.6851 | Valid Loss 0.6819 | Train Acc 54.4531 | Valid Acc 60.9375
2026-07-17 03:08:09 | Validation loss decreased (0.696418 --> 0.681885) in epoch (2). Saving model ...
2026-07-17 03:08:10 | TestSub: S2 | Epoch  3/100 Finsh | Now_lr 0.0005/0.0005 | Train Loss 0.6788 | Valid Loss 0.6768 | Train Acc 57.0312 | Valid Acc 61.7188
2026-07-17 03:08:10 | Validation loss decreased (0.681885 --> 0.676761) in epoch (3). Saving model ...
2026-07-17 03:08:10 | TestSub: S2 | Epoch  4/100 Finsh | Now_lr 0.0005/0.0005 | Train Loss 0.6717 | Valid Loss 0.6729 | Train Acc 58.5938 | Valid Acc 63.2812
2026-07-17 03:08:10 | Validation loss decreased (0.676761 --> 0.672852) in epoch (4). Saving model ...
2026-07-17 03:08:11 | TestSub: S2 | Epoch  5/100 Finsh | Now_lr 0.0005/0.0005 | Train Loss 0.6695 | Valid Loss 0.6704 | Train Acc 60.0781 | Valid Acc 63.2812
2026-07-17 03:08:11 | Validation loss decreased (0.672852 --> 0.670433) in epoch (5). Saving model ...
2026-07-17 03:08:11 | TestSub: S2 | Epoch  6/100 Finsh | Now_lr 0.0005/0.0005 | Train Loss 0.6603 | Valid Loss 0.6621 | Train Acc 61.0938 | Valid Acc 64.8438
2026-07-17 03:08:11 | Validation loss decreased (0.670433 --> 0.662140) in epoch (6). Saving model ...
2026-07-17 03:08:12 | TestSub: S2 | Epoch  7/100 Finsh | Now_lr 0.0005/0.0005 | Train Loss 0.6543 | Valid Loss 0.6591 | Train Acc 60.8594 | Valid Acc 67.1875
2026-07-17 03:08:12 | Validation loss decreased (0.662140 --> 0.659127) in epoch (7). Saving model ...
2026-07-17 03:08:12 | TestSub: S2 | Epoch  8/100 Finsh | Now_lr 0.0005/0.0005 | Train Loss 0.6369 | Valid Loss 0.6517 | Train Acc 67.6562 | Valid Acc 69.5312
2026-07-17 03:08:12 | Validation loss decreased (0.659127 --> 0.651691) in epoch (8). Saving model ...
2026-07-17 03:08:13 | TestSub: S2 | Epoch  9/100 Finsh | Now_lr 0.0005/0.0005 | Train Loss 0.6249 | Valid Loss 0.6446 | Train Acc 67.6562 | Valid Acc 69.5312
2026-07-17 03:08:13 | Validation loss decreased (0.651691 --> 0.644588) in epoch (9). Saving model ...
2026-07-17 03:08:13 | TestSub: S2 | Epoch 10/100 Finsh | Now_lr 0.0005/0.0005 | Train Loss 0.6190 | Valid Loss 0.6339 | Train Acc 68.6719 | Valid Acc 70.3125
2026-07-17 03:08:13 | Validation loss decreased (0.644588 --> 0.633890) in epoch (10). Saving model ...
2026-07-17 03:08:14 | TestSub: S2 | Epoch 11/100 Finsh | Now_lr 0.0005/0.0005 | Train Loss 0.5947 | Valid Loss 0.6276 | Train Acc 72.5000 | Valid Acc 70.3125
2026-07-17 03:08:14 | Validation loss decreased (0.633890 --> 0.627571) in epoch (11). Saving model ...
2026-07-17 03:08:14 | TestSub: S2 | Epoch 12/100 Finsh | Now_lr 0.0005/0.0005 | Train Loss 0.5893 | Valid Loss 0.6134 | Train Acc 74.3750 | Valid Acc 71.0938
2026-07-17 03:08:14 | Validation loss decreased (0.627571 --> 0.613387) in epoch (12). Saving model ...
2026-07-17 03:08:15 | TestSub: S2 | Epoch 13/100 Finsh | Now_lr 0.0005/0.0005 | Train Loss 0.5663 | Valid Loss 0.6037 | Train Acc 76.7188 | Valid Acc 72.6562
2026-07-17 03:08:15 | Validation loss decreased (0.613387 --> 0.603670) in epoch (13). Saving model ...
2026-07-17 03:08:15 | TestSub: S2 | Epoch 14/100 Finsh | Now_lr 0.0005/0.0005 | Train Loss 0.5527 | Valid Loss 0.5914 | Train Acc 76.1719 | Valid Acc 75.7812
2026-07-17 03:08:15 | Validation loss decreased (0.603670 --> 0.591376) in epoch (14). Saving model ...
2026-07-17 03:08:15 | TestSub: S2 | Epoch 15/100 Finsh | Now_lr 0.0005/0.0005 | Train Loss 0.5361 | Valid Loss 0.5802 | Train Acc 78.8281 | Valid Acc 74.2188
2026-07-17 03:08:15 | Validation loss decreased (0.591376 --> 0.580206) in epoch (15). Saving model ...
2026-07-17 03:08:16 | TestSub: S2 | Epoch 16/100 Finsh | Now_lr 0.0005/0.0005 | Train Loss 0.5239 | Valid Loss 0.5698 | Train Acc 78.9062 | Valid Acc 74.2188
2026-07-17 03:08:16 | Validation loss decreased (0.580206 --> 0.569766) in epoch (16). Saving model ...
2026-07-17 03:08:16 | TestSub: S2 | Epoch 17/100 Finsh | Now_lr 0.0005/0.0005 | Train Loss 0.5126 | Valid Loss 0.5591 | Train Acc 80.1562 | Valid Acc 76.5625
2026-07-17 03:08:16 | Validation loss decreased (0.569766 --> 0.559140) in epoch (17). Saving model ...
2026-07-17 03:08:17 | TestSub: S2 | Epoch 18/100 Finsh | Now_lr 0.0005/0.0005 | Train Loss 0.4954 | Valid Loss 0.5443 | Train Acc 81.0156 | Valid Acc 77.3438
2026-07-17 03:08:17 | Validation loss decreased (0.559140 --> 0.544287) in epoch (18). Saving model ...
2026-07-17 03:08:17 | TestSub: S2 | Epoch 19/100 Finsh | Now_lr 0.0005/0.0005 | Train Loss 0.4936 | Valid Loss 0.5370 | Train Acc 82.0312 | Valid Acc 78.9062
2026-07-17 03:08:17 | Validation loss decreased (0.544287 --> 0.537049) in epoch (19). Saving model ...
2026-07-17 03:08:18 | TestSub: S2 | Epoch 20/100 Finsh | Now_lr 0.0005/0.0005 | Train Loss 0.4734 | Valid Loss 0.5331 | Train Acc 81.4062 | Valid Acc 78.1250
2026-07-17 03:08:18 | Validation loss decreased (0.537049 --> 0.533098) in epoch (20). Saving model ...
2026-07-17 03:08:19 | TestSub: S2 | Epoch 21/100 Finsh | Now_lr 0.0005/0.0005 | Train Loss 0.4674 | Valid Loss 0.5199 | Train Acc 82.0312 | Valid Acc 78.1250
2026-07-17 03:08:19 | Validation loss decreased (0.533098 --> 0.519863) in epoch (21). Saving model ...
2026-07-17 03:08:19 | TestSub: S2 | Epoch 22/100 Finsh | Now_lr 0.0005/0.0005 | Train Loss 0.4565 | Valid Loss 0.5138 | Train Acc 83.0469 | Valid Acc 80.4688
2026-07-17 03:08:19 | Validation loss decreased (0.519863 --> 0.513843) in epoch (22). Saving model ...
2026-07-17 03:08:20 | TestSub: S2 | Epoch 23/100 Finsh | Now_lr 0.0005/0.0005 | Train Loss 0.4444 | Valid Loss 0.5066 | Train Acc 83.2031 | Valid Acc 80.4688
2026-07-17 03:08:20 | Validation loss decreased (0.513843 --> 0.506649) in epoch (23). Saving model ...
2026-07-17 03:08:20 | TestSub: S2 | Epoch 24/100 Finsh | Now_lr 0.0005/0.0005 | Train Loss 0.4425 | Valid Loss 0.4972 | Train Acc 83.4375 | Valid Acc 78.1250
2026-07-17 03:08:20 | Validation loss decreased (0.506649 --> 0.497173) in epoch (24). Saving model ...
2026-07-17 03:08:21 | TestSub: S2 | Epoch 25/100 Finsh | Now_lr 0.0005/0.0005 | Train Loss 0.4211 | Valid Loss 0.4857 | Train Acc 84.9219 | Valid Acc 80.4688
2026-07-17 03:08:21 | Validation loss decreased (0.497173 --> 0.485748) in epoch (25). Saving model ...
2026-07-17 03:08:21 | TestSub: S2 | Epoch 26/100 Finsh | Now_lr 0.0005/0.0005 | Train Loss 0.4168 | Valid Loss 0.4786 | Train Acc 84.2969 | Valid Acc 81.2500
2026-07-17 03:08:21 | Validation loss decreased (0.485748 --> 0.478559) in epoch (26). Saving model ...
2026-07-17 03:08:22 | TestSub: S2 | Epoch 27/100 Finsh | Now_lr 0.0005/0.0005 | Train Loss 0.4202 | Valid Loss 0.4760 | Train Acc 84.4531 | Valid Acc 82.0312
2026-07-17 03:08:22 | Validation loss decreased (0.478559 --> 0.476009) in epoch (27). Saving model ...
2026-07-17 03:08:22 | TestSub: S2 | Epoch 28/100 Finsh | Now_lr 0.0005/0.0005 | Train Loss 0.4120 | Valid Loss 0.4738 | Train Acc 83.9062 | Valid Acc 79.6875
2026-07-17 03:08:22 | Validation loss decreased (0.476009 --> 0.473760) in epoch (28). Saving model ...
2026-07-17 03:08:22 | TestSub: S2 | Epoch 29/100 Finsh | Now_lr 0.0005/0.0005 | Train Loss 0.3944 | Valid Loss 0.4693 | Train Acc 85.8594 | Valid Acc 82.0312
2026-07-17 03:08:22 | Validation loss decreased (0.473760 --> 0.469278) in epoch (29). Saving model ...
2026-07-17 03:08:23 | TestSub: S2 | Epoch 30/100 Finsh | Now_lr 0.0005/0.0005 | Train Loss 0.3706 | Valid Loss 0.4660 | Train Acc 87.2656 | Valid Acc 79.6875
2026-07-17 03:08:23 | Validation loss decreased (0.469278 --> 0.465972) in epoch (30). Saving model ...
2026-07-17 03:08:23 | TestSub: S2 | Epoch 31/100 Finsh | Now_lr 0.0005/0.0005 | Train Loss 0.3813 | Valid Loss 0.4585 | Train Acc 85.8594 | Valid Acc 86.7188
2026-07-17 03:08:23 | Validation loss decreased (0.465972 --> 0.458460) in epoch (31). Saving model ...
2026-07-17 03:08:24 | TestSub: S2 | Epoch 32/100 Finsh | Now_lr 0.0005/0.0005 | Train Loss 0.3808 | Valid Loss 0.4481 | Train Acc 86.3281 | Valid Acc 83.5938
2026-07-17 03:08:24 | Validation loss decreased (0.458460 --> 0.448110) in epoch (32). Saving model ...
2026-07-17 03:08:24 | TestSub: S2 | Epoch 33/100 Finsh | Now_lr 0.0005/0.0005 | Train Loss 0.3721 | Valid Loss 0.4410 | Train Acc 86.2500 | Valid Acc 84.3750
2026-07-17 03:08:24 | Validation loss decreased (0.448110 --> 0.440957) in epoch (33). Saving model ...
2026-07-17 03:08:25 | TestSub: S2 | Epoch 34/100 Finsh | Now_lr 0.0005/0.0005 | Train Loss 0.3643 | Valid Loss 0.4381 | Train Acc 87.0312 | Valid Acc 87.5000
2026-07-17 03:08:25 | Validation loss decreased (0.440957 --> 0.438105) in epoch (34). Saving model ...
2026-07-17 03:08:25 | TestSub: S2 | Epoch 35/100 Finsh | Now_lr 0.0005/0.0005 | Train Loss 0.3582 | Valid Loss 0.4294 | Train Acc 88.0469 | Valid Acc 86.7188
2026-07-17 03:08:25 | Validation loss decreased (0.438105 --> 0.429376) in epoch (35). Saving model ...
2026-07-17 03:08:26 | TestSub: S2 | Epoch 36/100 Finsh | Now_lr 0.0005/0.0005 | Train Loss 0.3630 | Valid Loss 0.4146 | Train Acc 86.4844 | Valid Acc 87.5000
2026-07-17 03:08:26 | Validation loss decreased (0.429376 --> 0.414612) in epoch (36). Saving model ...
2026-07-17 03:08:26 | TestSub: S2 | Epoch 37/100 Finsh | Now_lr 0.0005/0.0005 | Train Loss 0.3444 | Valid Loss 0.4102 | Train Acc 87.3438 | Valid Acc 88.2812
2026-07-17 03:08:26 | Validation loss decreased (0.414612 --> 0.410164) in epoch (37). Saving model ...
2026-07-17 03:08:27 | TestSub: S2 | Epoch 38/100 Finsh | Now_lr 0.0005/0.0005 | Train Loss 0.3476 | Valid Loss 0.4039 | Train Acc 87.5781 | Valid Acc 88.2812
2026-07-17 03:08:27 | Validation loss decreased (0.410164 --> 0.403919) in epoch (38). Saving model ...
2026-07-17 03:08:27 | TestSub: S2 | Epoch 39/100 Finsh | Now_lr 0.0005/0.0005 | Train Loss 0.3322 | Valid Loss 0.4100 | Train Acc 88.7500 | Valid Acc 83.5938
2026-07-17 03:08:28 | TestSub: S2 | Epoch 40/100 Finsh | Now_lr 0.0005/0.0005 | Train Loss 0.3325 | Valid Loss 0.4031 | Train Acc 88.5938 | Valid Acc 82.8125
2026-07-17 03:08:28 | Validation loss decreased (0.403919 --> 0.403119) in epoch (40). Saving model ...
2026-07-17 03:08:28 | TestSub: S2 | Epoch 41/100 Finsh | Now_lr 0.0005/0.0005 | Train Loss 0.3285 | Valid Loss 0.3877 | Train Acc 88.8281 | Valid Acc 87.5000
2026-07-17 03:08:28 | Validation loss decreased (0.403119 --> 0.387679) in epoch (41). Saving model ...
2026-07-17 03:08:28 | TestSub: S2 | Epoch 42/100 Finsh | Now_lr 0.0005/0.0005 | Train Loss 0.3282 | Valid Loss 0.3826 | Train Acc 88.2812 | Valid Acc 89.0625
2026-07-17 03:08:28 | Validation loss decreased (0.387679 --> 0.382639) in epoch (42). Saving model ...
2026-07-17 03:08:29 | TestSub: S2 | Epoch 43/100 Finsh | Now_lr 0.0005/0.0005 | Train Loss 0.3138 | Valid Loss 0.3762 | Train Acc 89.1406 | Valid Acc 86.7188
2026-07-17 03:08:29 | Validation loss decreased (0.382639 --> 0.376198) in epoch (43). Saving model ...
2026-07-17 03:08:29 | TestSub: S2 | Epoch 44/100 Finsh | Now_lr 0.0005/0.0005 | Train Loss 0.3156 | Valid Loss 0.3718 | Train Acc 88.9062 | Valid Acc 88.2812
2026-07-17 03:08:29 | Validation loss decreased (0.376198 --> 0.371776) in epoch (44). Saving model ...
2026-07-17 03:08:30 | TestSub: S2 | Epoch 45/100 Finsh | Now_lr 0.0005/0.0005 | Train Loss 0.3088 | Valid Loss 0.3714 | Train Acc 88.9062 | Valid Acc 88.2812
2026-07-17 03:08:30 | Validation loss decreased (0.371776 --> 0.371427) in epoch (45). Saving model ...
2026-07-17 03:08:30 | TestSub: S2 | Epoch 46/100 Finsh | Now_lr 0.0005/0.0005 | Train Loss 0.3125 | Valid Loss 0.3709 | Train Acc 89.1406 | Valid Acc 87.5000
2026-07-17 03:08:30 | Validation loss decreased (0.371427 --> 0.370860) in epoch (46). Saving model ...
2026-07-17 03:08:31 | TestSub: S2 | Epoch 47/100 Finsh | Now_lr 0.0005/0.0005 | Train Loss 0.3041 | Valid Loss 0.3630 | Train Acc 89.2969 | Valid Acc 89.0625
2026-07-17 03:08:31 | Validation loss decreased (0.370860 --> 0.362964) in epoch (47). Saving model ...
2026-07-17 03:08:31 | TestSub: S2 | Epoch 48/100 Finsh | Now_lr 0.0005/0.0005 | Train Loss 0.3071 | Valid Loss 0.3589 | Train Acc 89.3750 | Valid Acc 89.0625
2026-07-17 03:08:31 | Validation loss decreased (0.362964 --> 0.358900) in epoch (48). Saving model ...
2026-07-17 03:08:32 | TestSub: S2 | Epoch 49/100 Finsh | Now_lr 0.0005/0.0005 | Train Loss 0.2897 | Valid Loss 0.3540 | Train Acc 90.1562 | Valid Acc 88.2812
2026-07-17 03:08:32 | Validation loss decreased (0.358900 --> 0.353950) in epoch (49). Saving model ...
2026-07-17 03:08:32 | TestSub: S2 | Epoch 50/100 Finsh | Now_lr 0.0005/0.0005 | Train Loss 0.2917 | Valid Loss 0.3495 | Train Acc 90.3906 | Valid Acc 87.5000
2026-07-17 03:08:32 | Validation loss decreased (0.353950 --> 0.349536) in epoch (50). Saving model ...
2026-07-17 03:08:33 | TestSub: S2 | Epoch 51/100 Finsh | Now_lr 0.0005/0.0005 | Train Loss 0.2764 | Valid Loss 0.3433 | Train Acc 91.0938 | Valid Acc 88.2812
2026-07-17 03:08:33 | Validation loss decreased (0.349536 --> 0.343261) in epoch (51). Saving model ...
2026-07-17 03:08:33 | TestSub: S2 | Epoch 52/100 Finsh | Now_lr 0.0005/0.0005 | Train Loss 0.2882 | Valid Loss 0.3478 | Train Acc 89.6875 | Valid Acc 90.6250
2026-07-17 03:08:33 | TestSub: S2 | Epoch 53/100 Finsh | Now_lr 0.0005/0.0005 | Train Loss 0.2837 | Valid Loss 0.3427 | Train Acc 90.3125 | Valid Acc 89.0625
2026-07-17 03:08:33 | Validation loss decreased (0.343261 --> 0.342706) in epoch (53). Saving model ...
2026-07-17 03:08:34 | TestSub: S2 | Epoch 54/100 Finsh | Now_lr 0.0005/0.0005 | Train Loss 0.2788 | Valid Loss 0.3364 | Train Acc 89.7656 | Valid Acc 89.0625
2026-07-17 03:08:34 | Validation loss decreased (0.342706 --> 0.336365) in epoch (54). Saving model ...
2026-07-17 03:08:35 | TestSub: S2 | Epoch 55/100 Finsh | Now_lr 0.0005/0.0005 | Train Loss 0.2785 | Valid Loss 0.3289 | Train Acc 91.0156 | Valid Acc 89.0625
2026-07-17 03:08:35 | Validation loss decreased (0.336365 --> 0.328926) in epoch (55). Saving model ...
2026-07-17 03:08:36 | TestSub: S2 | Epoch 56/100 Finsh | Now_lr 0.0005/0.0005 | Train Loss 0.2705 | Valid Loss 0.3292 | Train Acc 91.0156 | Valid Acc 89.0625
2026-07-17 03:08:36 | TestSub: S2 | Epoch 57/100 Finsh | Now_lr 0.0005/0.0005 | Train Loss 0.2865 | Valid Loss 0.3200 | Train Acc 89.1406 | Valid Acc 89.8438
2026-07-17 03:08:36 | Validation loss decreased (0.328926 --> 0.320006) in epoch (57). Saving model ...
2026-07-17 03:08:37 | TestSub: S2 | Epoch 58/100 Finsh | Now_lr 0.0005/0.0005 | Train Loss 0.2619 | Valid Loss 0.3220 | Train Acc 91.0156 | Valid Acc 91.4062
2026-07-17 03:08:37 | TestSub: S2 | Epoch 59/100 Finsh | Now_lr 0.0005/0.0005 | Train Loss 0.2774 | Valid Loss 0.3241 | Train Acc 90.3906 | Valid Acc 90.6250
2026-07-17 03:08:38 | TestSub: S2 | Epoch 60/100 Finsh | Now_lr 0.0005/0.0005 | Train Loss 0.2600 | Valid Loss 0.3130 | Train Acc 90.7031 | Valid Acc 89.8438
2026-07-17 03:08:38 | Validation loss decreased (0.320006 --> 0.313004) in epoch (60). Saving model ...
2026-07-17 03:08:38 | TestSub: S2 | Epoch 61/100 Finsh | Now_lr 0.0005/0.0005 | Train Loss 0.2640 | Valid Loss 0.3115 | Train Acc 92.1094 | Valid Acc 89.8438
2026-07-17 03:08:38 | Validation loss decreased (0.313004 --> 0.311521) in epoch (61). Saving model ...
2026-07-17 03:08:38 | TestSub: S2 | Epoch 62/100 Finsh | Now_lr 0.0005/0.0005 | Train Loss 0.2490 | Valid Loss 0.3113 | Train Acc 91.7969 | Valid Acc 89.8438
2026-07-17 03:08:38 | Validation loss decreased (0.311521 --> 0.311350) in epoch (62). Saving model ...
2026-07-17 03:08:39 | TestSub: S2 | Epoch 63/100 Finsh | Now_lr 0.0005/0.0005 | Train Loss 0.2478 | Valid Loss 0.2975 | Train Acc 91.6406 | Valid Acc 89.8438
2026-07-17 03:08:39 | Validation loss decreased (0.311350 --> 0.297498) in epoch (63). Saving model ...
2026-07-17 03:08:39 | TestSub: S2 | Epoch 64/100 Finsh | Now_lr 0.0005/0.0005 | Train Loss 0.2453 | Valid Loss 0.3005 | Train Acc 91.7969 | Valid Acc 89.8438
2026-07-17 03:08:40 | TestSub: S2 | Epoch 65/100 Finsh | Now_lr 0.0005/0.0005 | Train Loss 0.2575 | Valid Loss 0.3004 | Train Acc 91.0938 | Valid Acc 91.4062
2026-07-17 03:08:40 | TestSub: S2 | Epoch 66/100 Finsh | Now_lr 0.0005/0.0005 | Train Loss 0.2635 | Valid Loss 0.2893 | Train Acc 90.6250 | Valid Acc 91.4062
2026-07-17 03:08:40 | Validation loss decreased (0.297498 --> 0.289332) in epoch (66). Saving model ...
2026-07-17 03:08:41 | TestSub: S2 | Epoch 67/100 Finsh | Now_lr 0.0005/0.0005 | Train Loss 0.2690 | Valid Loss 0.2978 | Train Acc 89.5312 | Valid Acc 89.8438
2026-07-17 03:08:41 | TestSub: S2 | Epoch 68/100 Finsh | Now_lr 0.0005/0.0005 | Train Loss 0.2280 | Valid Loss 0.2810 | Train Acc 92.8906 | Valid Acc 92.9688
2026-07-17 03:08:41 | Validation loss decreased (0.289332 --> 0.280984) in epoch (68). Saving model ...
2026-07-17 03:08:42 | TestSub: S2 | Epoch 69/100 Finsh | Now_lr 0.0005/0.0005 | Train Loss 0.2341 | Valid Loss 0.2805 | Train Acc 92.4219 | Valid Acc 91.4062
2026-07-17 03:08:42 | Validation loss decreased (0.280984 --> 0.280467) in epoch (69). Saving model ...
2026-07-17 03:08:42 | TestSub: S2 | Epoch 70/100 Finsh | Now_lr 0.0005/0.0005 | Train Loss 0.2526 | Valid Loss 0.2754 | Train Acc 90.1562 | Valid Acc 91.4062
2026-07-17 03:08:42 | Validation loss decreased (0.280467 --> 0.275429) in epoch (70). Saving model ...
2026-07-17 03:08:43 | TestSub: S2 | Epoch 71/100 Finsh | Now_lr 0.0005/0.0005 | Train Loss 0.2427 | Valid Loss 0.2769 | Train Acc 91.7188 | Valid Acc 92.1875
2026-07-17 03:08:43 | TestSub: S2 | Epoch 72/100 Finsh | Now_lr 0.0005/0.0005 | Train Loss 0.2272 | Valid Loss 0.2765 | Train Acc 92.7344 | Valid Acc 92.1875
2026-07-17 03:08:44 | TestSub: S2 | Epoch 73/100 Finsh | Now_lr 0.0005/0.0005 | Train Loss 0.2258 | Valid Loss 0.2766 | Train Acc 92.7344 | Valid Acc 91.4062
2026-07-17 03:08:44 | TestSub: S2 | Epoch 74/100 Finsh | Now_lr 0.0005/0.0005 | Train Loss 0.2357 | Valid Loss 0.2728 | Train Acc 91.7969 | Valid Acc 90.6250
2026-07-17 03:08:44 | Validation loss decreased (0.275429 --> 0.272784) in epoch (74). Saving model ...
2026-07-17 03:08:44 | TestSub: S2 | Epoch 75/100 Finsh | Now_lr 0.0005/0.0005 | Train Loss 0.2524 | Valid Loss 0.2737 | Train Acc 90.6250 | Valid Acc 89.8438
2026-07-17 03:08:45 | TestSub: S2 | Epoch 76/100 Finsh | Now_lr 0.0005/0.0005 | Train Loss 0.2236 | Valid Loss 0.2658 | Train Acc 92.5781 | Valid Acc 90.6250
2026-07-17 03:08:45 | Validation loss decreased (0.272784 --> 0.265822) in epoch (76). Saving model ...
2026-07-17 03:08:45 | TestSub: S2 | Epoch 77/100 Finsh | Now_lr 0.0005/0.0005 | Train Loss 0.2498 | Valid Loss 0.2699 | Train Acc 91.1719 | Valid Acc 90.6250
2026-07-17 03:08:46 | TestSub: S2 | Epoch 78/100 Finsh | Now_lr 0.0005/0.0005 | Train Loss 0.2304 | Valid Loss 0.2700 | Train Acc 91.2500 | Valid Acc 92.1875
2026-07-17 03:08:46 | TestSub: S2 | Epoch 79/100 Finsh | Now_lr 0.0005/0.0005 | Train Loss 0.2332 | Valid Loss 0.2628 | Train Acc 91.0938 | Valid Acc 92.1875
2026-07-17 03:08:46 | Validation loss decreased (0.265822 --> 0.262841) in epoch (79). Saving model ...
2026-07-17 03:08:47 | TestSub: S2 | Epoch 80/100 Finsh | Now_lr 0.0005/0.0005 | Train Loss 0.2424 | Valid Loss 0.2658 | Train Acc 91.0938 | Valid Acc 91.4062
2026-07-17 03:08:47 | TestSub: S2 | Epoch 81/100 Finsh | Now_lr 0.0005/0.0005 | Train Loss 0.2288 | Valid Loss 0.2687 | Train Acc 91.4844 | Valid Acc 91.4062
2026-07-17 03:08:48 | TestSub: S2 | Epoch 82/100 Finsh | Now_lr 0.0005/0.0005 | Train Loss 0.2155 | Valid Loss 0.2728 | Train Acc 93.2031 | Valid Acc 89.0625
2026-07-17 03:08:48 | TestSub: S2 | Epoch 83/100 Finsh | Now_lr 0.0005/0.0005 | Train Loss 0.2237 | Valid Loss 0.2638 | Train Acc 92.3438 | Valid Acc 90.6250
2026-07-17 03:08:49 | TestSub: S2 | Epoch 84/100 Finsh | Now_lr 0.0005/0.0005 | Train Loss 0.2227 | Valid Loss 0.2609 | Train Acc 92.2656 | Valid Acc 91.4062
2026-07-17 03:08:49 | Validation loss decreased (0.262841 --> 0.260882) in epoch (84). Saving model ...
2026-07-17 03:08:49 | TestSub: S2 | Epoch 85/100 Finsh | Now_lr 0.0005/0.0005 | Train Loss 0.2194 | Valid Loss 0.2548 | Train Acc 92.6562 | Valid Acc 90.6250
2026-07-17 03:08:49 | Validation loss decreased (0.260882 --> 0.254818) in epoch (85). Saving model ...
2026-07-17 03:08:49 | TestSub: S2 | Epoch 86/100 Finsh | Now_lr 0.0005/0.0005 | Train Loss 0.2309 | Valid Loss 0.2566 | Train Acc 91.9531 | Valid Acc 91.4062
2026-07-17 03:08:50 | TestSub: S2 | Epoch 87/100 Finsh | Now_lr 0.0005/0.0005 | Train Loss 0.2193 | Valid Loss 0.2505 | Train Acc 92.7344 | Valid Acc 92.1875
2026-07-17 03:08:50 | Validation loss decreased (0.254818 --> 0.250482) in epoch (87). Saving model ...
2026-07-17 03:08:50 | TestSub: S2 | Epoch 88/100 Finsh | Now_lr 0.0005/0.0005 | Train Loss 0.2220 | Valid Loss 0.2473 | Train Acc 92.9688 | Valid Acc 91.4062
2026-07-17 03:08:50 | Validation loss decreased (0.250482 --> 0.247286) in epoch (88). Saving model ...
2026-07-17 03:08:51 | TestSub: S2 | Epoch 89/100 Finsh | Now_lr 0.0005/0.0005 | Train Loss 0.2115 | Valid Loss 0.2453 | Train Acc 93.1250 | Valid Acc 91.4062
2026-07-17 03:08:51 | Validation loss decreased (0.247286 --> 0.245261) in epoch (89). Saving model ...
2026-07-17 03:08:51 | TestSub: S2 | Epoch 90/100 Finsh | Now_lr 0.0005/0.0005 | Train Loss 0.2134 | Valid Loss 0.2442 | Train Acc 92.5000 | Valid Acc 90.6250
2026-07-17 03:08:51 | Validation loss decreased (0.245261 --> 0.244218) in epoch (90). Saving model ...
2026-07-17 03:08:52 | TestSub: S2 | Epoch 91/100 Finsh | Now_lr 0.0005/0.0005 | Train Loss 0.2205 | Valid Loss 0.2521 | Train Acc 92.1875 | Valid Acc 91.4062
2026-07-17 03:08:52 | TestSub: S2 | Epoch 92/100 Finsh | Now_lr 0.0005/0.0005 | Train Loss 0.2254 | Valid Loss 0.2648 | Train Acc 91.4062 | Valid Acc 92.9688
2026-07-17 03:08:53 | TestSub: S2 | Epoch 93/100 Finsh | Now_lr 0.0005/0.0005 | Train Loss 0.2030 | Valid Loss 0.2559 | Train Acc 93.5156 | Valid Acc 92.9688
2026-07-17 03:08:53 | TestSub: S2 | Epoch 94/100 Finsh | Now_lr 0.0005/0.0005 | Train Loss 0.2118 | Valid Loss 0.2547 | Train Acc 92.1875 | Valid Acc 90.6250
2026-07-17 03:08:53 | TestSub: S2 | Epoch 95/100 Finsh | Now_lr 0.0005/0.0005 | Train Loss 0.2093 | Valid Loss 0.2402 | Train Acc 92.5000 | Valid Acc 92.9688
2026-07-17 03:08:53 | Validation loss decreased (0.244218 --> 0.240221) in epoch (95). Saving model ...
2026-07-17 03:08:54 | TestSub: S2 | Epoch 96/100 Finsh | Now_lr 0.0005/0.0005 | Train Loss 0.2091 | Valid Loss 0.2394 | Train Acc 93.6719 | Valid Acc 92.9688
2026-07-17 03:08:54 | Validation loss decreased (0.240221 --> 0.239383) in epoch (96). Saving model ...
2026-07-17 03:08:54 | TestSub: S2 | Epoch 97/100 Finsh | Now_lr 0.0005/0.0005 | Train Loss 0.1990 | Valid Loss 0.2400 | Train Acc 92.9688 | Valid Acc 92.1875
2026-07-17 03:08:55 | TestSub: S2 | Epoch 98/100 Finsh | Now_lr 0.0005/0.0005 | Train Loss 0.2150 | Valid Loss 0.2355 | Train Acc 92.2656 | Valid Acc 92.1875
2026-07-17 03:08:55 | Validation loss decreased (0.239383 --> 0.235513) in epoch (98). Saving model ...
2026-07-17 03:08:55 | TestSub: S2 | Epoch 99/100 Finsh | Now_lr 0.0005/0.0005 | Train Loss 0.1986 | Valid Loss 0.2371 | Train Acc 92.8906 | Valid Acc 92.9688
2026-07-17 03:08:56 | TestSub: S2 | Epoch 100/100 Finsh | Now_lr 0.0005/0.0005 | Train Loss 0.2037 | Valid Loss 0.2359 | Train Acc 92.6562 | Valid Acc 91.4062
2026-07-17 03:08:56 | --------------------------------------------------
2026-07-17 03:08:56 | Test_Subject :S2 | Best epoch:98 | Test Loss:0.6545 | Savemodel Acc 63.1250
2026-07-17 03:08:56 | --------------------------------------------------
2026-07-17 03:08:56 | Best epoch: 98 | Test acc: 63.1250
