2026-07-17 03:12:28 | Logging started: ./writer/Subject_dependent_AAD/AVEDao/3.0s/result//Train3.0s_sub7.log
2026-07-17 03:12:31 | Sub_id: 7
2026-07-17 03:12:32 | TestSub: S7 | Epoch  1/100 Finsh | Now_lr 0.0005/0.0005 | Train Loss 0.6956 | Valid Loss 0.7186 | Train Acc 52.1875 | Valid Acc 48.4375
2026-07-17 03:12:32 | Validation loss decreased (inf --> 0.718608) in epoch (1). Saving model ...
2026-07-17 03:12:33 | TestSub: S7 | Epoch  2/100 Finsh | Now_lr 0.0005/0.0005 | Train Loss 0.6873 | Valid Loss 0.6949 | Train Acc 53.7500 | Valid Acc 50.0000
2026-07-17 03:12:33 | Validation loss decreased (0.718608 --> 0.694859) in epoch (2). Saving model ...
2026-07-17 03:12:33 | TestSub: S7 | Epoch  3/100 Finsh | Now_lr 0.0005/0.0005 | Train Loss 0.6809 | Valid Loss 0.6771 | Train Acc 55.3906 | Valid Acc 58.5938
2026-07-17 03:12:33 | Validation loss decreased (0.694859 --> 0.677145) in epoch (3). Saving model ...
2026-07-17 03:12:34 | TestSub: S7 | Epoch  4/100 Finsh | Now_lr 0.0005/0.0005 | Train Loss 0.6639 | Valid Loss 0.6720 | Train Acc 59.6875 | Valid Acc 61.7188
2026-07-17 03:12:34 | Validation loss decreased (0.677145 --> 0.672010) in epoch (4). Saving model ...
2026-07-17 03:12:34 | TestSub: S7 | Epoch  5/100 Finsh | Now_lr 0.0005/0.0005 | Train Loss 0.6507 | Valid Loss 0.6678 | Train Acc 63.8281 | Valid Acc 64.0625
2026-07-17 03:12:34 | Validation loss decreased (0.672010 --> 0.667781) in epoch (5). Saving model ...
2026-07-17 03:12:35 | TestSub: S7 | Epoch  6/100 Finsh | Now_lr 0.0005/0.0005 | Train Loss 0.6375 | Valid Loss 0.6630 | Train Acc 66.7188 | Valid Acc 67.9688
2026-07-17 03:12:35 | Validation loss decreased (0.667781 --> 0.662984) in epoch (6). Saving model ...
2026-07-17 03:12:35 | TestSub: S7 | Epoch  7/100 Finsh | Now_lr 0.0005/0.0005 | Train Loss 0.6346 | Valid Loss 0.6553 | Train Acc 64.9219 | Valid Acc 67.9688
2026-07-17 03:12:35 | Validation loss decreased (0.662984 --> 0.655342) in epoch (7). Saving model ...
2026-07-17 03:12:36 | TestSub: S7 | Epoch  8/100 Finsh | Now_lr 0.0005/0.0005 | Train Loss 0.6176 | Valid Loss 0.6461 | Train Acc 68.9062 | Valid Acc 71.8750
2026-07-17 03:12:36 | Validation loss decreased (0.655342 --> 0.646077) in epoch (8). Saving model ...
2026-07-17 03:12:36 | TestSub: S7 | Epoch  9/100 Finsh | Now_lr 0.0005/0.0005 | Train Loss 0.6044 | Valid Loss 0.6420 | Train Acc 70.2344 | Valid Acc 70.3125
2026-07-17 03:12:36 | Validation loss decreased (0.646077 --> 0.641964) in epoch (9). Saving model ...
2026-07-17 03:12:37 | TestSub: S7 | Epoch 10/100 Finsh | Now_lr 0.0005/0.0005 | Train Loss 0.5897 | Valid Loss 0.6300 | Train Acc 72.2656 | Valid Acc 69.5312
2026-07-17 03:12:37 | Validation loss decreased (0.641964 --> 0.630035) in epoch (10). Saving model ...
2026-07-17 03:12:37 | TestSub: S7 | Epoch 11/100 Finsh | Now_lr 0.0005/0.0005 | Train Loss 0.5729 | Valid Loss 0.6199 | Train Acc 73.7500 | Valid Acc 71.8750
2026-07-17 03:12:37 | Validation loss decreased (0.630035 --> 0.619874) in epoch (11). Saving model ...
2026-07-17 03:12:37 | TestSub: S7 | Epoch 12/100 Finsh | Now_lr 0.0005/0.0005 | Train Loss 0.5661 | Valid Loss 0.6129 | Train Acc 75.9375 | Valid Acc 73.4375
2026-07-17 03:12:37 | Validation loss decreased (0.619874 --> 0.612874) in epoch (12). Saving model ...
2026-07-17 03:12:38 | TestSub: S7 | Epoch 13/100 Finsh | Now_lr 0.0005/0.0005 | Train Loss 0.5457 | Valid Loss 0.5978 | Train Acc 75.7812 | Valid Acc 75.7812
2026-07-17 03:12:38 | Validation loss decreased (0.612874 --> 0.597795) in epoch (13). Saving model ...
2026-07-17 03:12:38 | TestSub: S7 | Epoch 14/100 Finsh | Now_lr 0.0005/0.0005 | Train Loss 0.5439 | Valid Loss 0.5828 | Train Acc 75.6250 | Valid Acc 79.6875
2026-07-17 03:12:38 | Validation loss decreased (0.597795 --> 0.582787) in epoch (14). Saving model ...
2026-07-17 03:12:39 | TestSub: S7 | Epoch 15/100 Finsh | Now_lr 0.0005/0.0005 | Train Loss 0.5250 | Valid Loss 0.5713 | Train Acc 76.7188 | Valid Acc 76.5625
2026-07-17 03:12:39 | Validation loss decreased (0.582787 --> 0.571310) in epoch (15). Saving model ...
2026-07-17 03:12:39 | TestSub: S7 | Epoch 16/100 Finsh | Now_lr 0.0005/0.0005 | Train Loss 0.5227 | Valid Loss 0.5557 | Train Acc 77.5781 | Valid Acc 82.0312
2026-07-17 03:12:39 | Validation loss decreased (0.571310 --> 0.555737) in epoch (16). Saving model ...
2026-07-17 03:12:40 | TestSub: S7 | Epoch 17/100 Finsh | Now_lr 0.0005/0.0005 | Train Loss 0.4933 | Valid Loss 0.5462 | Train Acc 80.4688 | Valid Acc 80.4688
2026-07-17 03:12:40 | Validation loss decreased (0.555737 --> 0.546197) in epoch (17). Saving model ...
2026-07-17 03:12:40 | TestSub: S7 | Epoch 18/100 Finsh | Now_lr 0.0005/0.0005 | Train Loss 0.4933 | Valid Loss 0.5386 | Train Acc 79.6094 | Valid Acc 79.6875
2026-07-17 03:12:40 | Validation loss decreased (0.546197 --> 0.538596) in epoch (18). Saving model ...
2026-07-17 03:12:41 | TestSub: S7 | Epoch 19/100 Finsh | Now_lr 0.0005/0.0005 | Train Loss 0.4820 | Valid Loss 0.5412 | Train Acc 81.3281 | Valid Acc 75.7812
2026-07-17 03:12:41 | TestSub: S7 | Epoch 20/100 Finsh | Now_lr 0.0005/0.0005 | Train Loss 0.4720 | Valid Loss 0.5164 | Train Acc 82.5000 | Valid Acc 85.9375
2026-07-17 03:12:41 | Validation loss decreased (0.538596 --> 0.516442) in epoch (20). Saving model ...
2026-07-17 03:12:42 | TestSub: S7 | Epoch 21/100 Finsh | Now_lr 0.0005/0.0005 | Train Loss 0.4696 | Valid Loss 0.5032 | Train Acc 82.1094 | Valid Acc 85.9375
2026-07-17 03:12:42 | Validation loss decreased (0.516442 --> 0.503154) in epoch (21). Saving model ...
2026-07-17 03:12:42 | TestSub: S7 | Epoch 22/100 Finsh | Now_lr 0.0005/0.0005 | Train Loss 0.4563 | Valid Loss 0.4901 | Train Acc 82.7344 | Valid Acc 87.5000
2026-07-17 03:12:42 | Validation loss decreased (0.503154 --> 0.490067) in epoch (22). Saving model ...
2026-07-17 03:12:43 | TestSub: S7 | Epoch 23/100 Finsh | Now_lr 0.0005/0.0005 | Train Loss 0.4400 | Valid Loss 0.5026 | Train Acc 83.7500 | Valid Acc 82.0312
2026-07-17 03:12:43 | TestSub: S7 | Epoch 24/100 Finsh | Now_lr 0.0005/0.0005 | Train Loss 0.4289 | Valid Loss 0.4720 | Train Acc 84.5312 | Valid Acc 89.8438
2026-07-17 03:12:43 | Validation loss decreased (0.490067 --> 0.472003) in epoch (24). Saving model ...
2026-07-17 03:12:43 | TestSub: S7 | Epoch 25/100 Finsh | Now_lr 0.0005/0.0005 | Train Loss 0.4277 | Valid Loss 0.4675 | Train Acc 84.9219 | Valid Acc 85.1562
2026-07-17 03:12:43 | Validation loss decreased (0.472003 --> 0.467535) in epoch (25). Saving model ...
2026-07-17 03:12:44 | TestSub: S7 | Epoch 26/100 Finsh | Now_lr 0.0005/0.0005 | Train Loss 0.4400 | Valid Loss 0.4585 | Train Acc 84.5312 | Valid Acc 88.2812
2026-07-17 03:12:44 | Validation loss decreased (0.467535 --> 0.458519) in epoch (26). Saving model ...
2026-07-17 03:12:44 | TestSub: S7 | Epoch 27/100 Finsh | Now_lr 0.0005/0.0005 | Train Loss 0.4098 | Valid Loss 0.4429 | Train Acc 86.0938 | Valid Acc 91.4062
2026-07-17 03:12:44 | Validation loss decreased (0.458519 --> 0.442924) in epoch (27). Saving model ...
2026-07-17 03:12:45 | TestSub: S7 | Epoch 28/100 Finsh | Now_lr 0.0005/0.0005 | Train Loss 0.4155 | Valid Loss 0.4442 | Train Acc 85.6250 | Valid Acc 89.0625
2026-07-17 03:12:45 | TestSub: S7 | Epoch 29/100 Finsh | Now_lr 0.0005/0.0005 | Train Loss 0.4067 | Valid Loss 0.4462 | Train Acc 85.7031 | Valid Acc 85.1562
2026-07-17 03:12:46 | TestSub: S7 | Epoch 30/100 Finsh | Now_lr 0.0005/0.0005 | Train Loss 0.3921 | Valid Loss 0.4268 | Train Acc 87.2656 | Valid Acc 90.6250
2026-07-17 03:12:46 | Validation loss decreased (0.442924 --> 0.426798) in epoch (30). Saving model ...
2026-07-17 03:12:46 | TestSub: S7 | Epoch 31/100 Finsh | Now_lr 0.0005/0.0005 | Train Loss 0.3824 | Valid Loss 0.4285 | Train Acc 87.1875 | Valid Acc 89.8438
2026-07-17 03:12:47 | TestSub: S7 | Epoch 32/100 Finsh | Now_lr 0.0005/0.0005 | Train Loss 0.3731 | Valid Loss 0.4153 | Train Acc 87.5000 | Valid Acc 89.8438
2026-07-17 03:12:47 | Validation loss decreased (0.426798 --> 0.415330) in epoch (32). Saving model ...
2026-07-17 03:12:47 | TestSub: S7 | Epoch 33/100 Finsh | Now_lr 0.0005/0.0005 | Train Loss 0.3772 | Valid Loss 0.4240 | Train Acc 87.5000 | Valid Acc 88.2812
2026-07-17 03:12:48 | TestSub: S7 | Epoch 34/100 Finsh | Now_lr 0.0005/0.0005 | Train Loss 0.3839 | Valid Loss 0.4053 | Train Acc 86.6406 | Valid Acc 89.0625
2026-07-17 03:12:48 | Validation loss decreased (0.415330 --> 0.405314) in epoch (34). Saving model ...
2026-07-17 03:12:48 | TestSub: S7 | Epoch 35/100 Finsh | Now_lr 0.0005/0.0005 | Train Loss 0.3546 | Valid Loss 0.4016 | Train Acc 88.9062 | Valid Acc 89.0625
2026-07-17 03:12:48 | Validation loss decreased (0.405314 --> 0.401610) in epoch (35). Saving model ...
2026-07-17 03:12:48 | TestSub: S7 | Epoch 36/100 Finsh | Now_lr 0.0005/0.0005 | Train Loss 0.3575 | Valid Loss 0.4213 | Train Acc 87.1875 | Valid Acc 87.5000
2026-07-17 03:12:49 | TestSub: S7 | Epoch 37/100 Finsh | Now_lr 0.0005/0.0005 | Train Loss 0.3474 | Valid Loss 0.3892 | Train Acc 89.1406 | Valid Acc 89.8438
2026-07-17 03:12:49 | Validation loss decreased (0.401610 --> 0.389190) in epoch (37). Saving model ...
2026-07-17 03:12:49 | TestSub: S7 | Epoch 38/100 Finsh | Now_lr 0.0005/0.0005 | Train Loss 0.3492 | Valid Loss 0.4006 | Train Acc 88.3594 | Valid Acc 89.8438
2026-07-17 03:12:50 | TestSub: S7 | Epoch 39/100 Finsh | Now_lr 0.0005/0.0005 | Train Loss 0.3405 | Valid Loss 0.3929 | Train Acc 88.7500 | Valid Acc 90.6250
2026-07-17 03:12:50 | TestSub: S7 | Epoch 40/100 Finsh | Now_lr 0.0005/0.0005 | Train Loss 0.3355 | Valid Loss 0.3919 | Train Acc 88.2031 | Valid Acc 90.6250
2026-07-17 03:12:51 | TestSub: S7 | Epoch 41/100 Finsh | Now_lr 0.0005/0.0005 | Train Loss 0.3235 | Valid Loss 0.3781 | Train Acc 89.6875 | Valid Acc 90.6250
2026-07-17 03:12:51 | Validation loss decreased (0.389190 --> 0.378113) in epoch (41). Saving model ...
2026-07-17 03:12:51 | TestSub: S7 | Epoch 42/100 Finsh | Now_lr 0.0005/0.0005 | Train Loss 0.3250 | Valid Loss 0.3563 | Train Acc 88.9062 | Valid Acc 91.4062
2026-07-17 03:12:51 | Validation loss decreased (0.378113 --> 0.356283) in epoch (42). Saving model ...
2026-07-17 03:12:52 | TestSub: S7 | Epoch 43/100 Finsh | Now_lr 0.0005/0.0005 | Train Loss 0.3357 | Valid Loss 0.3852 | Train Acc 88.2031 | Valid Acc 89.8438
2026-07-17 03:12:52 | TestSub: S7 | Epoch 44/100 Finsh | Now_lr 0.0005/0.0005 | Train Loss 0.3203 | Valid Loss 0.3865 | Train Acc 88.9062 | Valid Acc 88.2812
2026-07-17 03:12:53 | TestSub: S7 | Epoch 45/100 Finsh | Now_lr 0.0005/0.0005 | Train Loss 0.3182 | Valid Loss 0.3544 | Train Acc 89.2969 | Valid Acc 90.6250
2026-07-17 03:12:53 | Validation loss decreased (0.356283 --> 0.354405) in epoch (45). Saving model ...
2026-07-17 03:12:53 | TestSub: S7 | Epoch 46/100 Finsh | Now_lr 0.0005/0.0005 | Train Loss 0.3212 | Valid Loss 0.3546 | Train Acc 89.9219 | Valid Acc 89.8438
2026-07-17 03:12:53 | TestSub: S7 | Epoch 47/100 Finsh | Now_lr 0.0005/0.0005 | Train Loss 0.3059 | Valid Loss 0.3409 | Train Acc 90.7031 | Valid Acc 92.1875
2026-07-17 03:12:53 | Validation loss decreased (0.354405 --> 0.340897) in epoch (47). Saving model ...
2026-07-17 03:12:54 | TestSub: S7 | Epoch 48/100 Finsh | Now_lr 0.0005/0.0005 | Train Loss 0.2941 | Valid Loss 0.3450 | Train Acc 90.1562 | Valid Acc 92.1875
2026-07-17 03:12:54 | TestSub: S7 | Epoch 49/100 Finsh | Now_lr 0.0005/0.0005 | Train Loss 0.3158 | Valid Loss 0.3468 | Train Acc 89.3750 | Valid Acc 91.4062
2026-07-17 03:12:55 | TestSub: S7 | Epoch 50/100 Finsh | Now_lr 0.0005/0.0005 | Train Loss 0.2965 | Valid Loss 0.3722 | Train Acc 90.5469 | Valid Acc 85.1562
2026-07-17 03:12:55 | TestSub: S7 | Epoch 51/100 Finsh | Now_lr 0.0005/0.0005 | Train Loss 0.3080 | Valid Loss 0.3319 | Train Acc 88.5156 | Valid Acc 92.1875
2026-07-17 03:12:55 | Validation loss decreased (0.340897 --> 0.331884) in epoch (51). Saving model ...
2026-07-17 03:12:56 | TestSub: S7 | Epoch 52/100 Finsh | Now_lr 0.0005/0.0005 | Train Loss 0.2969 | Valid Loss 0.3410 | Train Acc 89.3750 | Valid Acc 91.4062
2026-07-17 03:12:56 | TestSub: S7 | Epoch 53/100 Finsh | Now_lr 0.0005/0.0005 | Train Loss 0.2942 | Valid Loss 0.3136 | Train Acc 89.2969 | Valid Acc 92.9688
2026-07-17 03:12:56 | Validation loss decreased (0.331884 --> 0.313629) in epoch (53). Saving model ...
2026-07-17 03:12:57 | TestSub: S7 | Epoch 54/100 Finsh | Now_lr 0.0005/0.0005 | Train Loss 0.2945 | Valid Loss 0.3060 | Train Acc 90.7031 | Valid Acc 93.7500
2026-07-17 03:12:57 | Validation loss decreased (0.313629 --> 0.305997) in epoch (54). Saving model ...
2026-07-17 03:12:57 | TestSub: S7 | Epoch 55/100 Finsh | Now_lr 0.0005/0.0005 | Train Loss 0.2859 | Valid Loss 0.2971 | Train Acc 90.0781 | Valid Acc 92.9688
2026-07-17 03:12:57 | Validation loss decreased (0.305997 --> 0.297140) in epoch (55). Saving model ...
2026-07-17 03:12:58 | TestSub: S7 | Epoch 56/100 Finsh | Now_lr 0.0005/0.0005 | Train Loss 0.2843 | Valid Loss 0.2946 | Train Acc 90.2344 | Valid Acc 94.5312
2026-07-17 03:12:58 | Validation loss decreased (0.297140 --> 0.294552) in epoch (56). Saving model ...
2026-07-17 03:12:58 | TestSub: S7 | Epoch 57/100 Finsh | Now_lr 0.0005/0.0005 | Train Loss 0.2663 | Valid Loss 0.2859 | Train Acc 92.0312 | Valid Acc 95.3125
2026-07-17 03:12:58 | Validation loss decreased (0.294552 --> 0.285932) in epoch (57). Saving model ...
2026-07-17 03:12:58 | TestSub: S7 | Epoch 58/100 Finsh | Now_lr 0.0005/0.0005 | Train Loss 0.2638 | Valid Loss 0.2989 | Train Acc 92.6562 | Valid Acc 92.9688
2026-07-17 03:12:59 | TestSub: S7 | Epoch 59/100 Finsh | Now_lr 0.0005/0.0005 | Train Loss 0.2644 | Valid Loss 0.2800 | Train Acc 92.4219 | Valid Acc 94.5312
2026-07-17 03:12:59 | Validation loss decreased (0.285932 --> 0.280000) in epoch (59). Saving model ...
2026-07-17 03:12:59 | TestSub: S7 | Epoch 60/100 Finsh | Now_lr 0.0005/0.0005 | Train Loss 0.2676 | Valid Loss 0.2821 | Train Acc 91.8750 | Valid Acc 94.5312
2026-07-17 03:13:00 | TestSub: S7 | Epoch 61/100 Finsh | Now_lr 0.0005/0.0005 | Train Loss 0.2667 | Valid Loss 0.2793 | Train Acc 91.0938 | Valid Acc 95.3125
2026-07-17 03:13:00 | Validation loss decreased (0.280000 --> 0.279266) in epoch (61). Saving model ...
2026-07-17 03:13:00 | TestSub: S7 | Epoch 62/100 Finsh | Now_lr 0.0005/0.0005 | Train Loss 0.2622 | Valid Loss 0.2797 | Train Acc 90.7812 | Valid Acc 93.7500
2026-07-17 03:13:01 | TestSub: S7 | Epoch 63/100 Finsh | Now_lr 0.0005/0.0005 | Train Loss 0.2478 | Valid Loss 0.2923 | Train Acc 92.7344 | Valid Acc 92.1875
2026-07-17 03:13:01 | TestSub: S7 | Epoch 64/100 Finsh | Now_lr 0.0005/0.0005 | Train Loss 0.2629 | Valid Loss 0.2826 | Train Acc 91.5625 | Valid Acc 94.5312
2026-07-17 03:13:02 | TestSub: S7 | Epoch 65/100 Finsh | Now_lr 0.0005/0.0005 | Train Loss 0.2514 | Valid Loss 0.2825 | Train Acc 91.6406 | Valid Acc 92.9688
2026-07-17 03:13:02 | TestSub: S7 | Epoch 66/100 Finsh | Now_lr 0.0005/0.0005 | Train Loss 0.2598 | Valid Loss 0.2744 | Train Acc 90.7031 | Valid Acc 93.7500
2026-07-17 03:13:02 | Validation loss decreased (0.279266 --> 0.274444) in epoch (66). Saving model ...
2026-07-17 03:13:02 | TestSub: S7 | Epoch 67/100 Finsh | Now_lr 0.0005/0.0005 | Train Loss 0.2534 | Valid Loss 0.2658 | Train Acc 91.6406 | Valid Acc 94.5312
2026-07-17 03:13:02 | Validation loss decreased (0.274444 --> 0.265841) in epoch (67). Saving model ...
2026-07-17 03:13:03 | TestSub: S7 | Epoch 68/100 Finsh | Now_lr 0.0005/0.0005 | Train Loss 0.2636 | Valid Loss 0.2791 | Train Acc 92.4219 | Valid Acc 92.9688
2026-07-17 03:13:03 | TestSub: S7 | Epoch 69/100 Finsh | Now_lr 0.0005/0.0005 | Train Loss 0.2538 | Valid Loss 0.2654 | Train Acc 91.8750 | Valid Acc 95.3125
2026-07-17 03:13:03 | Validation loss decreased (0.265841 --> 0.265437) in epoch (69). Saving model ...
2026-07-17 03:13:04 | TestSub: S7 | Epoch 70/100 Finsh | Now_lr 0.0005/0.0005 | Train Loss 0.2347 | Valid Loss 0.2609 | Train Acc 93.5156 | Valid Acc 96.0938
2026-07-17 03:13:04 | Validation loss decreased (0.265437 --> 0.260933) in epoch (70). Saving model ...
2026-07-17 03:13:04 | TestSub: S7 | Epoch 71/100 Finsh | Now_lr 0.0005/0.0005 | Train Loss 0.2469 | Valid Loss 0.2647 | Train Acc 92.6562 | Valid Acc 96.0938
2026-07-17 03:13:05 | TestSub: S7 | Epoch 72/100 Finsh | Now_lr 0.0005/0.0005 | Train Loss 0.2462 | Valid Loss 0.2512 | Train Acc 91.8750 | Valid Acc 96.0938
2026-07-17 03:13:05 | Validation loss decreased (0.260933 --> 0.251196) in epoch (72). Saving model ...
2026-07-17 03:13:05 | TestSub: S7 | Epoch 73/100 Finsh | Now_lr 0.0005/0.0005 | Train Loss 0.2174 | Valid Loss 0.2545 | Train Acc 94.1406 | Valid Acc 95.3125
2026-07-17 03:13:06 | TestSub: S7 | Epoch 74/100 Finsh | Now_lr 0.0005/0.0005 | Train Loss 0.2405 | Valid Loss 0.2458 | Train Acc 92.6562 | Valid Acc 96.0938
2026-07-17 03:13:06 | Validation loss decreased (0.251196 --> 0.245757) in epoch (74). Saving model ...
2026-07-17 03:13:06 | TestSub: S7 | Epoch 75/100 Finsh | Now_lr 0.0005/0.0005 | Train Loss 0.2386 | Valid Loss 0.2594 | Train Acc 92.8125 | Valid Acc 94.5312
2026-07-17 03:13:07 | TestSub: S7 | Epoch 76/100 Finsh | Now_lr 0.0005/0.0005 | Train Loss 0.2265 | Valid Loss 0.2528 | Train Acc 93.5938 | Valid Acc 95.3125
2026-07-17 03:13:07 | TestSub: S7 | Epoch 77/100 Finsh | Now_lr 0.0005/0.0005 | Train Loss 0.2449 | Valid Loss 0.2486 | Train Acc 91.4062 | Valid Acc 96.0938
2026-07-17 03:13:07 | TestSub: S7 | Epoch 78/100 Finsh | Now_lr 0.0005/0.0005 | Train Loss 0.2365 | Valid Loss 0.2590 | Train Acc 92.5000 | Valid Acc 93.7500
2026-07-17 03:13:08 | TestSub: S7 | Epoch 79/100 Finsh | Now_lr 0.0005/0.0005 | Train Loss 0.2329 | Valid Loss 0.2605 | Train Acc 92.9688 | Valid Acc 92.9688
2026-07-17 03:13:08 | TestSub: S7 | Epoch 80/100 Finsh | Now_lr 0.0005/0.0005 | Train Loss 0.2255 | Valid Loss 0.2498 | Train Acc 92.9688 | Valid Acc 96.0938
2026-07-17 03:13:09 | TestSub: S7 | Epoch 81/100 Finsh | Now_lr 0.0005/0.0005 | Train Loss 0.2185 | Valid Loss 0.2675 | Train Acc 93.4375 | Valid Acc 93.7500
2026-07-17 03:13:09 | TestSub: S7 | Epoch 82/100 Finsh | Now_lr 0.0005/0.0005 | Train Loss 0.2276 | Valid Loss 0.2479 | Train Acc 92.5000 | Valid Acc 96.0938
2026-07-17 03:13:10 | TestSub: S7 | Epoch 83/100 Finsh | Now_lr 0.0005/0.0005 | Train Loss 0.2217 | Valid Loss 0.2440 | Train Acc 93.4375 | Valid Acc 96.0938
2026-07-17 03:13:10 | Validation loss decreased (0.245757 --> 0.243997) in epoch (83). Saving model ...
2026-07-17 03:13:10 | TestSub: S7 | Epoch 84/100 Finsh | Now_lr 0.0005/0.0005 | Train Loss 0.2279 | Valid Loss 0.2506 | Train Acc 92.3438 | Valid Acc 93.7500
2026-07-17 03:13:11 | TestSub: S7 | Epoch 85/100 Finsh | Now_lr 0.0005/0.0005 | Train Loss 0.2139 | Valid Loss 0.2334 | Train Acc 93.5156 | Valid Acc 93.7500
2026-07-17 03:13:11 | Validation loss decreased (0.243997 --> 0.233376) in epoch (85). Saving model ...
2026-07-17 03:13:11 | TestSub: S7 | Epoch 86/100 Finsh | Now_lr 0.0005/0.0005 | Train Loss 0.2191 | Valid Loss 0.2272 | Train Acc 92.7344 | Valid Acc 95.3125
2026-07-17 03:13:11 | Validation loss decreased (0.233376 --> 0.227226) in epoch (86). Saving model ...
2026-07-17 03:13:12 | TestSub: S7 | Epoch 87/100 Finsh | Now_lr 0.0005/0.0005 | Train Loss 0.2191 | Valid Loss 0.2387 | Train Acc 93.5156 | Valid Acc 94.5312
2026-07-17 03:13:12 | TestSub: S7 | Epoch 88/100 Finsh | Now_lr 0.0005/0.0005 | Train Loss 0.2316 | Valid Loss 0.2251 | Train Acc 91.9531 | Valid Acc 96.8750
2026-07-17 03:13:12 | Validation loss decreased (0.227226 --> 0.225140) in epoch (88). Saving model ...
2026-07-17 03:13:12 | TestSub: S7 | Epoch 89/100 Finsh | Now_lr 0.0005/0.0005 | Train Loss 0.2051 | Valid Loss 0.2197 | Train Acc 93.7500 | Valid Acc 96.8750
2026-07-17 03:13:12 | Validation loss decreased (0.225140 --> 0.219697) in epoch (89). Saving model ...
2026-07-17 03:13:13 | TestSub: S7 | Epoch 90/100 Finsh | Now_lr 0.0005/0.0005 | Train Loss 0.2232 | Valid Loss 0.2450 | Train Acc 92.6562 | Valid Acc 92.9688
2026-07-17 03:13:13 | TestSub: S7 | Epoch 91/100 Finsh | Now_lr 0.0005/0.0005 | Train Loss 0.2190 | Valid Loss 0.2401 | Train Acc 92.6562 | Valid Acc 94.5312
2026-07-17 03:13:14 | TestSub: S7 | Epoch 92/100 Finsh | Now_lr 0.0005/0.0005 | Train Loss 0.2164 | Valid Loss 0.2233 | Train Acc 93.9844 | Valid Acc 95.3125
2026-07-17 03:13:14 | TestSub: S7 | Epoch 93/100 Finsh | Now_lr 0.0005/0.0005 | Train Loss 0.2104 | Valid Loss 0.2158 | Train Acc 93.2031 | Valid Acc 96.0938
2026-07-17 03:13:14 | Validation loss decreased (0.219697 --> 0.215816) in epoch (93). Saving model ...
2026-07-17 03:13:15 | TestSub: S7 | Epoch 94/100 Finsh | Now_lr 0.0005/0.0005 | Train Loss 0.2112 | Valid Loss 0.2156 | Train Acc 93.7500 | Valid Acc 95.3125
2026-07-17 03:13:15 | Validation loss decreased (0.215816 --> 0.215562) in epoch (94). Saving model ...
2026-07-17 03:13:15 | TestSub: S7 | Epoch 95/100 Finsh | Now_lr 0.0005/0.0005 | Train Loss 0.2044 | Valid Loss 0.2130 | Train Acc 93.5938 | Valid Acc 95.3125
2026-07-17 03:13:15 | Validation loss decreased (0.215562 --> 0.213028) in epoch (95). Saving model ...
2026-07-17 03:13:16 | TestSub: S7 | Epoch 96/100 Finsh | Now_lr 0.0005/0.0005 | Train Loss 0.1960 | Valid Loss 0.2125 | Train Acc 93.7500 | Valid Acc 96.0938
2026-07-17 03:13:16 | Validation loss decreased (0.213028 --> 0.212506) in epoch (96). Saving model ...
2026-07-17 03:13:16 | TestSub: S7 | Epoch 97/100 Finsh | Now_lr 0.0005/0.0005 | Train Loss 0.2167 | Valid Loss 0.2114 | Train Acc 92.6562 | Valid Acc 96.8750
2026-07-17 03:13:16 | Validation loss decreased (0.212506 --> 0.211366) in epoch (97). Saving model ...
2026-07-17 03:13:17 | TestSub: S7 | Epoch 98/100 Finsh | Now_lr 0.0005/0.0005 | Train Loss 0.2065 | Valid Loss 0.2151 | Train Acc 93.3594 | Valid Acc 96.0938
2026-07-17 03:13:17 | TestSub: S7 | Epoch 99/100 Finsh | Now_lr 0.0005/0.0005 | Train Loss 0.1956 | Valid Loss 0.2162 | Train Acc 94.3750 | Valid Acc 96.8750
2026-07-17 03:13:17 | TestSub: S7 | Epoch 100/100 Finsh | Now_lr 0.0005/0.0005 | Train Loss 0.2158 | Valid Loss 0.2069 | Train Acc 92.1094 | Valid Acc 96.8750
2026-07-17 03:13:17 | Validation loss decreased (0.211366 --> 0.206872) in epoch (100). Saving model ...
2026-07-17 03:13:17 | --------------------------------------------------
2026-07-17 03:13:17 | Test_Subject :S7 | Best epoch:100 | Test Loss:0.4572 | Savemodel Acc 78.7500
2026-07-17 03:13:17 | --------------------------------------------------
2026-07-17 03:13:17 | Best epoch: 100 | Test acc: 78.7500
