2026-07-17 03:09:54 | Logging started: ./writer/Subject_dependent_AAD/AVEDao/3.0s/result//Train3.0s_sub4.log
2026-07-17 03:09:57 | Sub_id: 4
2026-07-17 03:09:58 | TestSub: S4 | Epoch  1/100 Finsh | Now_lr 0.0005/0.0005 | Train Loss 0.7093 | Valid Loss 0.7146 | Train Acc 51.4844 | Valid Acc 51.5625
2026-07-17 03:09:58 | Validation loss decreased (inf --> 0.714632) in epoch (1). Saving model ...
2026-07-17 03:09:59 | TestSub: S4 | Epoch  2/100 Finsh | Now_lr 0.0005/0.0005 | Train Loss 0.6958 | Valid Loss 0.6940 | Train Acc 53.3594 | Valid Acc 54.6875
2026-07-17 03:09:59 | Validation loss decreased (0.714632 --> 0.694024) in epoch (2). Saving model ...
2026-07-17 03:09:59 | TestSub: S4 | Epoch  3/100 Finsh | Now_lr 0.0005/0.0005 | Train Loss 0.6880 | Valid Loss 0.6897 | Train Acc 54.2969 | Valid Acc 53.1250
2026-07-17 03:09:59 | Validation loss decreased (0.694024 --> 0.689705) in epoch (3). Saving model ...
2026-07-17 03:10:00 | TestSub: S4 | Epoch  4/100 Finsh | Now_lr 0.0005/0.0005 | Train Loss 0.6816 | Valid Loss 0.6878 | Train Acc 55.7813 | Valid Acc 52.3438
2026-07-17 03:10:00 | Validation loss decreased (0.689705 --> 0.687825) in epoch (4). Saving model ...
2026-07-17 03:10:00 | TestSub: S4 | Epoch  5/100 Finsh | Now_lr 0.0005/0.0005 | Train Loss 0.6633 | Valid Loss 0.6862 | Train Acc 59.7656 | Valid Acc 54.6875
2026-07-17 03:10:00 | Validation loss decreased (0.687825 --> 0.686214) in epoch (5). Saving model ...
2026-07-17 03:10:01 | TestSub: S4 | Epoch  6/100 Finsh | Now_lr 0.0005/0.0005 | Train Loss 0.6645 | Valid Loss 0.6802 | Train Acc 60.6250 | Valid Acc 54.6875
2026-07-17 03:10:01 | Validation loss decreased (0.686214 --> 0.680218) in epoch (6). Saving model ...
2026-07-17 03:10:01 | TestSub: S4 | Epoch  7/100 Finsh | Now_lr 0.0005/0.0005 | Train Loss 0.6426 | Valid Loss 0.6788 | Train Acc 63.9844 | Valid Acc 56.2500
2026-07-17 03:10:01 | Validation loss decreased (0.680218 --> 0.678834) in epoch (7). Saving model ...
2026-07-17 03:10:02 | TestSub: S4 | Epoch  8/100 Finsh | Now_lr 0.0005/0.0005 | Train Loss 0.6401 | Valid Loss 0.6750 | Train Acc 64.1406 | Valid Acc 54.6875
2026-07-17 03:10:02 | Validation loss decreased (0.678834 --> 0.675027) in epoch (8). Saving model ...
2026-07-17 03:10:02 | TestSub: S4 | Epoch  9/100 Finsh | Now_lr 0.0005/0.0005 | Train Loss 0.6231 | Valid Loss 0.6686 | Train Acc 66.7188 | Valid Acc 57.8125
2026-07-17 03:10:02 | Validation loss decreased (0.675027 --> 0.668648) in epoch (9). Saving model ...
2026-07-17 03:10:02 | TestSub: S4 | Epoch 10/100 Finsh | Now_lr 0.0005/0.0005 | Train Loss 0.6139 | Valid Loss 0.6649 | Train Acc 68.9844 | Valid Acc 59.3750
2026-07-17 03:10:02 | Validation loss decreased (0.668648 --> 0.664923) in epoch (10). Saving model ...
2026-07-17 03:10:03 | TestSub: S4 | Epoch 11/100 Finsh | Now_lr 0.0005/0.0005 | Train Loss 0.6068 | Valid Loss 0.6583 | Train Acc 70.0781 | Valid Acc 56.2500
2026-07-17 03:10:03 | Validation loss decreased (0.664923 --> 0.658336) in epoch (11). Saving model ...
2026-07-17 03:10:03 | TestSub: S4 | Epoch 12/100 Finsh | Now_lr 0.0005/0.0005 | Train Loss 0.5942 | Valid Loss 0.6519 | Train Acc 72.5781 | Valid Acc 61.7188
2026-07-17 03:10:03 | Validation loss decreased (0.658336 --> 0.651883) in epoch (12). Saving model ...
2026-07-17 03:10:04 | TestSub: S4 | Epoch 13/100 Finsh | Now_lr 0.0005/0.0005 | Train Loss 0.5865 | Valid Loss 0.6455 | Train Acc 71.7969 | Valid Acc 60.9375
2026-07-17 03:10:04 | Validation loss decreased (0.651883 --> 0.645487) in epoch (13). Saving model ...
2026-07-17 03:10:04 | TestSub: S4 | Epoch 14/100 Finsh | Now_lr 0.0005/0.0005 | Train Loss 0.5712 | Valid Loss 0.6370 | Train Acc 71.5625 | Valid Acc 61.7188
2026-07-17 03:10:04 | Validation loss decreased (0.645487 --> 0.637028) in epoch (14). Saving model ...
2026-07-17 03:10:05 | TestSub: S4 | Epoch 15/100 Finsh | Now_lr 0.0005/0.0005 | Train Loss 0.5564 | Valid Loss 0.6222 | Train Acc 73.8281 | Valid Acc 67.1875
2026-07-17 03:10:05 | Validation loss decreased (0.637028 --> 0.622235) in epoch (15). Saving model ...
2026-07-17 03:10:05 | TestSub: S4 | Epoch 16/100 Finsh | Now_lr 0.0005/0.0005 | Train Loss 0.5539 | Valid Loss 0.6198 | Train Acc 75.5469 | Valid Acc 64.8438
2026-07-17 03:10:05 | Validation loss decreased (0.622235 --> 0.619768) in epoch (16). Saving model ...
2026-07-17 03:10:06 | TestSub: S4 | Epoch 17/100 Finsh | Now_lr 0.0005/0.0005 | Train Loss 0.5358 | Valid Loss 0.6047 | Train Acc 76.6406 | Valid Acc 67.9688
2026-07-17 03:10:06 | Validation loss decreased (0.619768 --> 0.604730) in epoch (17). Saving model ...
2026-07-17 03:10:06 | TestSub: S4 | Epoch 18/100 Finsh | Now_lr 0.0005/0.0005 | Train Loss 0.5311 | Valid Loss 0.5949 | Train Acc 76.6406 | Valid Acc 68.7500
2026-07-17 03:10:06 | Validation loss decreased (0.604730 --> 0.594937) in epoch (18). Saving model ...
2026-07-17 03:10:07 | TestSub: S4 | Epoch 19/100 Finsh | Now_lr 0.0005/0.0005 | Train Loss 0.5085 | Valid Loss 0.5911 | Train Acc 79.4531 | Valid Acc 67.1875
2026-07-17 03:10:07 | Validation loss decreased (0.594937 --> 0.591124) in epoch (19). Saving model ...
2026-07-17 03:10:07 | TestSub: S4 | Epoch 20/100 Finsh | Now_lr 0.0005/0.0005 | Train Loss 0.4978 | Valid Loss 0.5794 | Train Acc 79.5312 | Valid Acc 70.3125
2026-07-17 03:10:07 | Validation loss decreased (0.591124 --> 0.579402) in epoch (20). Saving model ...
2026-07-17 03:10:07 | TestSub: S4 | Epoch 21/100 Finsh | Now_lr 0.0005/0.0005 | Train Loss 0.4927 | Valid Loss 0.5693 | Train Acc 80.6250 | Valid Acc 71.8750
2026-07-17 03:10:07 | Validation loss decreased (0.579402 --> 0.569338) in epoch (21). Saving model ...
2026-07-17 03:10:08 | TestSub: S4 | Epoch 22/100 Finsh | Now_lr 0.0005/0.0005 | Train Loss 0.4834 | Valid Loss 0.5749 | Train Acc 81.4062 | Valid Acc 71.8750
2026-07-17 03:10:08 | TestSub: S4 | Epoch 23/100 Finsh | Now_lr 0.0005/0.0005 | Train Loss 0.4779 | Valid Loss 0.5506 | Train Acc 81.1719 | Valid Acc 75.0000
2026-07-17 03:10:08 | Validation loss decreased (0.569338 --> 0.550576) in epoch (23). Saving model ...
2026-07-17 03:10:09 | TestSub: S4 | Epoch 24/100 Finsh | Now_lr 0.0005/0.0005 | Train Loss 0.4807 | Valid Loss 0.5376 | Train Acc 80.0000 | Valid Acc 78.1250
2026-07-17 03:10:09 | Validation loss decreased (0.550576 --> 0.537575) in epoch (24). Saving model ...
2026-07-17 03:10:09 | TestSub: S4 | Epoch 25/100 Finsh | Now_lr 0.0005/0.0005 | Train Loss 0.4724 | Valid Loss 0.5400 | Train Acc 80.0000 | Valid Acc 77.3438
2026-07-17 03:10:10 | TestSub: S4 | Epoch 26/100 Finsh | Now_lr 0.0005/0.0005 | Train Loss 0.4441 | Valid Loss 0.5267 | Train Acc 84.1406 | Valid Acc 78.9062
2026-07-17 03:10:10 | Validation loss decreased (0.537575 --> 0.526713) in epoch (26). Saving model ...
2026-07-17 03:10:10 | TestSub: S4 | Epoch 27/100 Finsh | Now_lr 0.0005/0.0005 | Train Loss 0.4587 | Valid Loss 0.5233 | Train Acc 81.8750 | Valid Acc 81.2500
2026-07-17 03:10:10 | Validation loss decreased (0.526713 --> 0.523336) in epoch (27). Saving model ...
2026-07-17 03:10:11 | TestSub: S4 | Epoch 28/100 Finsh | Now_lr 0.0005/0.0005 | Train Loss 0.4432 | Valid Loss 0.5065 | Train Acc 82.8906 | Valid Acc 78.1250
2026-07-17 03:10:11 | Validation loss decreased (0.523336 --> 0.506463) in epoch (28). Saving model ...
2026-07-17 03:10:11 | TestSub: S4 | Epoch 29/100 Finsh | Now_lr 0.0005/0.0005 | Train Loss 0.4256 | Valid Loss 0.4977 | Train Acc 83.7500 | Valid Acc 78.9062
2026-07-17 03:10:11 | Validation loss decreased (0.506463 --> 0.497696) in epoch (29). Saving model ...
2026-07-17 03:10:12 | TestSub: S4 | Epoch 30/100 Finsh | Now_lr 0.0005/0.0005 | Train Loss 0.4270 | Valid Loss 0.4950 | Train Acc 83.9062 | Valid Acc 82.8125
2026-07-17 03:10:12 | Validation loss decreased (0.497696 --> 0.494981) in epoch (30). Saving model ...
2026-07-17 03:10:12 | TestSub: S4 | Epoch 31/100 Finsh | Now_lr 0.0005/0.0005 | Train Loss 0.4261 | Valid Loss 0.4855 | Train Acc 83.6719 | Valid Acc 82.8125
2026-07-17 03:10:12 | Validation loss decreased (0.494981 --> 0.485472) in epoch (31). Saving model ...
2026-07-17 03:10:12 | TestSub: S4 | Epoch 32/100 Finsh | Now_lr 0.0005/0.0005 | Train Loss 0.4168 | Valid Loss 0.4791 | Train Acc 85.0000 | Valid Acc 81.2500
2026-07-17 03:10:12 | Validation loss decreased (0.485472 --> 0.479064) in epoch (32). Saving model ...
2026-07-17 03:10:13 | TestSub: S4 | Epoch 33/100 Finsh | Now_lr 0.0005/0.0005 | Train Loss 0.4019 | Valid Loss 0.4791 | Train Acc 87.1094 | Valid Acc 84.3750
2026-07-17 03:10:13 | TestSub: S4 | Epoch 34/100 Finsh | Now_lr 0.0005/0.0005 | Train Loss 0.4130 | Valid Loss 0.4740 | Train Acc 86.2500 | Valid Acc 84.3750
2026-07-17 03:10:13 | Validation loss decreased (0.479064 --> 0.474018) in epoch (34). Saving model ...
2026-07-17 03:10:14 | TestSub: S4 | Epoch 35/100 Finsh | Now_lr 0.0005/0.0005 | Train Loss 0.3935 | Valid Loss 0.4664 | Train Acc 86.3281 | Valid Acc 82.8125
2026-07-17 03:10:14 | Validation loss decreased (0.474018 --> 0.466431) in epoch (35). Saving model ...
2026-07-17 03:10:14 | TestSub: S4 | Epoch 36/100 Finsh | Now_lr 0.0005/0.0005 | Train Loss 0.3925 | Valid Loss 0.4648 | Train Acc 87.8125 | Valid Acc 85.1562
2026-07-17 03:10:14 | Validation loss decreased (0.466431 --> 0.464756) in epoch (36). Saving model ...
2026-07-17 03:10:15 | TestSub: S4 | Epoch 37/100 Finsh | Now_lr 0.0005/0.0005 | Train Loss 0.3847 | Valid Loss 0.4542 | Train Acc 86.3281 | Valid Acc 82.0312
2026-07-17 03:10:15 | Validation loss decreased (0.464756 --> 0.454150) in epoch (37). Saving model ...
2026-07-17 03:10:15 | TestSub: S4 | Epoch 38/100 Finsh | Now_lr 0.0005/0.0005 | Train Loss 0.3713 | Valid Loss 0.4467 | Train Acc 87.8906 | Valid Acc 85.9375
2026-07-17 03:10:15 | Validation loss decreased (0.454150 --> 0.446706) in epoch (38). Saving model ...
2026-07-17 03:10:16 | TestSub: S4 | Epoch 39/100 Finsh | Now_lr 0.0005/0.0005 | Train Loss 0.3676 | Valid Loss 0.4376 | Train Acc 88.0469 | Valid Acc 87.5000
2026-07-17 03:10:16 | Validation loss decreased (0.446706 --> 0.437590) in epoch (39). Saving model ...
2026-07-17 03:10:16 | TestSub: S4 | Epoch 40/100 Finsh | Now_lr 0.0005/0.0005 | Train Loss 0.3589 | Valid Loss 0.4385 | Train Acc 88.3594 | Valid Acc 85.1562
2026-07-17 03:10:17 | TestSub: S4 | Epoch 41/100 Finsh | Now_lr 0.0005/0.0005 | Train Loss 0.3494 | Valid Loss 0.4269 | Train Acc 87.8125 | Valid Acc 86.7188
2026-07-17 03:10:17 | Validation loss decreased (0.437590 --> 0.426935) in epoch (41). Saving model ...
2026-07-17 03:10:17 | TestSub: S4 | Epoch 42/100 Finsh | Now_lr 0.0005/0.0005 | Train Loss 0.3415 | Valid Loss 0.4275 | Train Acc 89.6094 | Valid Acc 84.3750
2026-07-17 03:10:18 | TestSub: S4 | Epoch 43/100 Finsh | Now_lr 0.0005/0.0005 | Train Loss 0.3406 | Valid Loss 0.4210 | Train Acc 88.6719 | Valid Acc 85.9375
2026-07-17 03:10:18 | Validation loss decreased (0.426935 --> 0.421007) in epoch (43). Saving model ...
2026-07-17 03:10:18 | TestSub: S4 | Epoch 44/100 Finsh | Now_lr 0.0005/0.0005 | Train Loss 0.3420 | Valid Loss 0.4112 | Train Acc 88.2031 | Valid Acc 87.5000
2026-07-17 03:10:18 | Validation loss decreased (0.421007 --> 0.411174) in epoch (44). Saving model ...
2026-07-17 03:10:19 | TestSub: S4 | Epoch 45/100 Finsh | Now_lr 0.0005/0.0005 | Train Loss 0.3331 | Valid Loss 0.4111 | Train Acc 89.7656 | Valid Acc 86.7188
2026-07-17 03:10:19 | Validation loss decreased (0.411174 --> 0.411118) in epoch (45). Saving model ...
2026-07-17 03:10:19 | TestSub: S4 | Epoch 46/100 Finsh | Now_lr 0.0005/0.0005 | Train Loss 0.3327 | Valid Loss 0.4024 | Train Acc 88.2031 | Valid Acc 86.7188
2026-07-17 03:10:19 | Validation loss decreased (0.411118 --> 0.402423) in epoch (46). Saving model ...
2026-07-17 03:10:20 | TestSub: S4 | Epoch 47/100 Finsh | Now_lr 0.0005/0.0005 | Train Loss 0.3329 | Valid Loss 0.4051 | Train Acc 89.1406 | Valid Acc 87.5000
2026-07-17 03:10:20 | TestSub: S4 | Epoch 48/100 Finsh | Now_lr 0.0005/0.0005 | Train Loss 0.3326 | Valid Loss 0.4075 | Train Acc 88.5938 | Valid Acc 85.9375
2026-07-17 03:10:20 | TestSub: S4 | Epoch 49/100 Finsh | Now_lr 0.0005/0.0005 | Train Loss 0.3273 | Valid Loss 0.4014 | Train Acc 88.5156 | Valid Acc 87.5000
2026-07-17 03:10:20 | Validation loss decreased (0.402423 --> 0.401437) in epoch (49). Saving model ...
2026-07-17 03:10:21 | TestSub: S4 | Epoch 50/100 Finsh | Now_lr 0.0005/0.0005 | Train Loss 0.3247 | Valid Loss 0.3899 | Train Acc 90.1562 | Valid Acc 89.0625
2026-07-17 03:10:21 | Validation loss decreased (0.401437 --> 0.389890) in epoch (50). Saving model ...
2026-07-17 03:10:21 | TestSub: S4 | Epoch 51/100 Finsh | Now_lr 0.0005/0.0005 | Train Loss 0.3220 | Valid Loss 0.3914 | Train Acc 88.9062 | Valid Acc 86.7188
2026-07-17 03:10:22 | TestSub: S4 | Epoch 52/100 Finsh | Now_lr 0.0005/0.0005 | Train Loss 0.2972 | Valid Loss 0.3942 | Train Acc 91.6406 | Valid Acc 88.2812
2026-07-17 03:10:22 | TestSub: S4 | Epoch 53/100 Finsh | Now_lr 0.0005/0.0005 | Train Loss 0.3127 | Valid Loss 0.3830 | Train Acc 89.4531 | Valid Acc 89.8438
2026-07-17 03:10:22 | Validation loss decreased (0.389890 --> 0.383012) in epoch (53). Saving model ...
2026-07-17 03:10:23 | TestSub: S4 | Epoch 54/100 Finsh | Now_lr 0.0005/0.0005 | Train Loss 0.3023 | Valid Loss 0.3773 | Train Acc 90.5469 | Valid Acc 89.0625
2026-07-17 03:10:23 | Validation loss decreased (0.383012 --> 0.377251) in epoch (54). Saving model ...
2026-07-17 03:10:23 | TestSub: S4 | Epoch 55/100 Finsh | Now_lr 0.0005/0.0005 | Train Loss 0.2977 | Valid Loss 0.3867 | Train Acc 90.6250 | Valid Acc 85.1562
2026-07-17 03:10:24 | TestSub: S4 | Epoch 56/100 Finsh | Now_lr 0.0005/0.0005 | Train Loss 0.3022 | Valid Loss 0.3792 | Train Acc 90.2344 | Valid Acc 89.8438
2026-07-17 03:10:24 | TestSub: S4 | Epoch 57/100 Finsh | Now_lr 0.0005/0.0005 | Train Loss 0.3140 | Valid Loss 0.3747 | Train Acc 88.3594 | Valid Acc 90.6250
2026-07-17 03:10:24 | Validation loss decreased (0.377251 --> 0.374660) in epoch (57). Saving model ...
2026-07-17 03:10:25 | TestSub: S4 | Epoch 58/100 Finsh | Now_lr 0.0005/0.0005 | Train Loss 0.2916 | Valid Loss 0.3661 | Train Acc 90.7812 | Valid Acc 89.8438
2026-07-17 03:10:25 | Validation loss decreased (0.374660 --> 0.366077) in epoch (58). Saving model ...
2026-07-17 03:10:25 | TestSub: S4 | Epoch 59/100 Finsh | Now_lr 0.0005/0.0005 | Train Loss 0.2955 | Valid Loss 0.3705 | Train Acc 90.2344 | Valid Acc 89.0625
2026-07-17 03:10:25 | TestSub: S4 | Epoch 60/100 Finsh | Now_lr 0.0005/0.0005 | Train Loss 0.2796 | Valid Loss 0.3694 | Train Acc 91.5625 | Valid Acc 89.0625
2026-07-17 03:10:26 | TestSub: S4 | Epoch 61/100 Finsh | Now_lr 0.0005/0.0005 | Train Loss 0.2911 | Valid Loss 0.3604 | Train Acc 90.0781 | Valid Acc 90.6250
2026-07-17 03:10:26 | Validation loss decreased (0.366077 --> 0.360428) in epoch (61). Saving model ...
2026-07-17 03:10:26 | TestSub: S4 | Epoch 62/100 Finsh | Now_lr 0.0005/0.0005 | Train Loss 0.2771 | Valid Loss 0.3711 | Train Acc 90.7031 | Valid Acc 90.6250
2026-07-17 03:10:27 | TestSub: S4 | Epoch 63/100 Finsh | Now_lr 0.0005/0.0005 | Train Loss 0.2756 | Valid Loss 0.3651 | Train Acc 91.6406 | Valid Acc 92.1875
2026-07-17 03:10:27 | TestSub: S4 | Epoch 64/100 Finsh | Now_lr 0.0005/0.0005 | Train Loss 0.2632 | Valid Loss 0.3501 | Train Acc 91.2500 | Valid Acc 90.6250
2026-07-17 03:10:27 | Validation loss decreased (0.360428 --> 0.350098) in epoch (64). Saving model ...
2026-07-17 03:10:28 | TestSub: S4 | Epoch 65/100 Finsh | Now_lr 0.0005/0.0005 | Train Loss 0.2698 | Valid Loss 0.3448 | Train Acc 91.3281 | Valid Acc 90.6250
2026-07-17 03:10:28 | Validation loss decreased (0.350098 --> 0.344784) in epoch (65). Saving model ...
2026-07-17 03:10:28 | TestSub: S4 | Epoch 66/100 Finsh | Now_lr 0.0005/0.0005 | Train Loss 0.2773 | Valid Loss 0.3525 | Train Acc 90.2344 | Valid Acc 89.8438
2026-07-17 03:10:29 | TestSub: S4 | Epoch 67/100 Finsh | Now_lr 0.0005/0.0005 | Train Loss 0.2706 | Valid Loss 0.3397 | Train Acc 91.3281 | Valid Acc 89.8438
2026-07-17 03:10:29 | Validation loss decreased (0.344784 --> 0.339662) in epoch (67). Saving model ...
2026-07-17 03:10:29 | TestSub: S4 | Epoch 68/100 Finsh | Now_lr 0.0005/0.0005 | Train Loss 0.2582 | Valid Loss 0.3378 | Train Acc 91.7188 | Valid Acc 90.6250
2026-07-17 03:10:29 | Validation loss decreased (0.339662 --> 0.337778) in epoch (68). Saving model ...
2026-07-17 03:10:30 | TestSub: S4 | Epoch 69/100 Finsh | Now_lr 0.0005/0.0005 | Train Loss 0.2606 | Valid Loss 0.3478 | Train Acc 92.1094 | Valid Acc 92.1875
2026-07-17 03:10:30 | TestSub: S4 | Epoch 70/100 Finsh | Now_lr 0.0005/0.0005 | Train Loss 0.2603 | Valid Loss 0.3385 | Train Acc 90.9375 | Valid Acc 89.8438
2026-07-17 03:10:30 | TestSub: S4 | Epoch 71/100 Finsh | Now_lr 0.0005/0.0005 | Train Loss 0.2684 | Valid Loss 0.3416 | Train Acc 90.3906 | Valid Acc 89.0625
2026-07-17 03:10:31 | TestSub: S4 | Epoch 72/100 Finsh | Now_lr 0.0005/0.0005 | Train Loss 0.2750 | Valid Loss 0.3478 | Train Acc 90.4688 | Valid Acc 87.5000
2026-07-17 03:10:31 | TestSub: S4 | Epoch 73/100 Finsh | Now_lr 0.0005/0.0005 | Train Loss 0.2685 | Valid Loss 0.3459 | Train Acc 90.3906 | Valid Acc 88.2812
2026-07-17 03:10:32 | TestSub: S4 | Epoch 74/100 Finsh | Now_lr 0.0005/0.0005 | Train Loss 0.2557 | Valid Loss 0.3342 | Train Acc 91.1719 | Valid Acc 89.0625
2026-07-17 03:10:32 | Validation loss decreased (0.337778 --> 0.334194) in epoch (74). Saving model ...
2026-07-17 03:10:32 | TestSub: S4 | Epoch 75/100 Finsh | Now_lr 0.0005/0.0005 | Train Loss 0.2494 | Valid Loss 0.3455 | Train Acc 92.4219 | Valid Acc 86.7188
2026-07-17 03:10:33 | TestSub: S4 | Epoch 76/100 Finsh | Now_lr 0.0005/0.0005 | Train Loss 0.2507 | Valid Loss 0.3357 | Train Acc 92.1094 | Valid Acc 89.8438
2026-07-17 03:10:33 | TestSub: S4 | Epoch 77/100 Finsh | Now_lr 0.0005/0.0005 | Train Loss 0.2603 | Valid Loss 0.3233 | Train Acc 91.1719 | Valid Acc 89.0625
2026-07-17 03:10:33 | Validation loss decreased (0.334194 --> 0.323349) in epoch (77). Saving model ...
2026-07-17 03:10:34 | TestSub: S4 | Epoch 78/100 Finsh | Now_lr 0.0005/0.0005 | Train Loss 0.2499 | Valid Loss 0.3236 | Train Acc 91.7188 | Valid Acc 89.0625
2026-07-17 03:10:34 | TestSub: S4 | Epoch 79/100 Finsh | Now_lr 0.0005/0.0005 | Train Loss 0.2513 | Valid Loss 0.3142 | Train Acc 92.1875 | Valid Acc 88.2812
2026-07-17 03:10:34 | Validation loss decreased (0.323349 --> 0.314162) in epoch (79). Saving model ...
2026-07-17 03:10:35 | TestSub: S4 | Epoch 80/100 Finsh | Now_lr 0.0005/0.0005 | Train Loss 0.2358 | Valid Loss 0.3143 | Train Acc 92.1875 | Valid Acc 89.8438
2026-07-17 03:10:35 | TestSub: S4 | Epoch 81/100 Finsh | Now_lr 0.0005/0.0005 | Train Loss 0.2478 | Valid Loss 0.3123 | Train Acc 91.0156 | Valid Acc 90.6250
2026-07-17 03:10:35 | Validation loss decreased (0.314162 --> 0.312329) in epoch (81). Saving model ...
2026-07-17 03:10:35 | TestSub: S4 | Epoch 82/100 Finsh | Now_lr 0.0005/0.0005 | Train Loss 0.2348 | Valid Loss 0.3164 | Train Acc 92.6562 | Valid Acc 89.0625
2026-07-17 03:10:36 | TestSub: S4 | Epoch 83/100 Finsh | Now_lr 0.0005/0.0005 | Train Loss 0.2496 | Valid Loss 0.3228 | Train Acc 91.3281 | Valid Acc 90.6250
2026-07-17 03:10:36 | TestSub: S4 | Epoch 84/100 Finsh | Now_lr 0.0005/0.0005 | Train Loss 0.2333 | Valid Loss 0.3244 | Train Acc 92.6562 | Valid Acc 92.1875
2026-07-17 03:10:37 | TestSub: S4 | Epoch 85/100 Finsh | Now_lr 0.0005/0.0005 | Train Loss 0.2388 | Valid Loss 0.3048 | Train Acc 92.4219 | Valid Acc 92.9688
2026-07-17 03:10:37 | Validation loss decreased (0.312329 --> 0.304760) in epoch (85). Saving model ...
2026-07-17 03:10:37 | TestSub: S4 | Epoch 86/100 Finsh | Now_lr 0.0005/0.0005 | Train Loss 0.2330 | Valid Loss 0.3008 | Train Acc 92.4219 | Valid Acc 91.4062
2026-07-17 03:10:37 | Validation loss decreased (0.304760 --> 0.300762) in epoch (86). Saving model ...
2026-07-17 03:10:38 | TestSub: S4 | Epoch 87/100 Finsh | Now_lr 0.0005/0.0005 | Train Loss 0.2343 | Valid Loss 0.3010 | Train Acc 92.3438 | Valid Acc 92.9688
2026-07-17 03:10:38 | TestSub: S4 | Epoch 88/100 Finsh | Now_lr 0.0005/0.0005 | Train Loss 0.2277 | Valid Loss 0.3000 | Train Acc 92.8906 | Valid Acc 92.1875
2026-07-17 03:10:38 | Validation loss decreased (0.300762 --> 0.300034) in epoch (88). Saving model ...
2026-07-17 03:10:39 | TestSub: S4 | Epoch 89/100 Finsh | Now_lr 0.0005/0.0005 | Train Loss 0.2308 | Valid Loss 0.2975 | Train Acc 91.7969 | Valid Acc 91.4062
2026-07-17 03:10:39 | Validation loss decreased (0.300034 --> 0.297451) in epoch (89). Saving model ...
2026-07-17 03:10:39 | TestSub: S4 | Epoch 90/100 Finsh | Now_lr 0.0005/0.0005 | Train Loss 0.2380 | Valid Loss 0.3032 | Train Acc 91.9531 | Valid Acc 93.7500
2026-07-17 03:10:39 | TestSub: S4 | Epoch 91/100 Finsh | Now_lr 0.0005/0.0005 | Train Loss 0.2218 | Valid Loss 0.2986 | Train Acc 93.5938 | Valid Acc 92.1875
2026-07-17 03:10:40 | TestSub: S4 | Epoch 92/100 Finsh | Now_lr 0.0005/0.0005 | Train Loss 0.2230 | Valid Loss 0.2939 | Train Acc 92.6562 | Valid Acc 92.9688
2026-07-17 03:10:40 | Validation loss decreased (0.297451 --> 0.293871) in epoch (92). Saving model ...
2026-07-17 03:10:41 | TestSub: S4 | Epoch 93/100 Finsh | Now_lr 0.0005/0.0005 | Train Loss 0.2379 | Valid Loss 0.2915 | Train Acc 92.2656 | Valid Acc 91.4062
2026-07-17 03:10:41 | Validation loss decreased (0.293871 --> 0.291542) in epoch (93). Saving model ...
2026-07-17 03:10:42 | TestSub: S4 | Epoch 94/100 Finsh | Now_lr 0.0005/0.0005 | Train Loss 0.2179 | Valid Loss 0.2959 | Train Acc 93.0469 | Valid Acc 91.4062
2026-07-17 03:10:42 | TestSub: S4 | Epoch 95/100 Finsh | Now_lr 0.0005/0.0005 | Train Loss 0.2242 | Valid Loss 0.2954 | Train Acc 93.2031 | Valid Acc 94.5312
2026-07-17 03:10:42 | TestSub: S4 | Epoch 96/100 Finsh | Now_lr 0.0005/0.0005 | Train Loss 0.2178 | Valid Loss 0.2903 | Train Acc 93.6719 | Valid Acc 92.9688
2026-07-17 03:10:42 | Validation loss decreased (0.291542 --> 0.290297) in epoch (96). Saving model ...
2026-07-17 03:10:43 | TestSub: S4 | Epoch 97/100 Finsh | Now_lr 0.0005/0.0005 | Train Loss 0.2092 | Valid Loss 0.2760 | Train Acc 93.4375 | Valid Acc 93.7500
2026-07-17 03:10:43 | Validation loss decreased (0.290297 --> 0.275980) in epoch (97). Saving model ...
2026-07-17 03:10:43 | TestSub: S4 | Epoch 98/100 Finsh | Now_lr 0.0005/0.0005 | Train Loss 0.2187 | Valid Loss 0.2734 | Train Acc 93.2031 | Valid Acc 95.3125
2026-07-17 03:10:43 | Validation loss decreased (0.275980 --> 0.273350) in epoch (98). Saving model ...
2026-07-17 03:10:44 | TestSub: S4 | Epoch 99/100 Finsh | Now_lr 0.0005/0.0005 | Train Loss 0.2140 | Valid Loss 0.2715 | Train Acc 93.0469 | Valid Acc 92.1875
2026-07-17 03:10:44 | Validation loss decreased (0.273350 --> 0.271481) in epoch (99). Saving model ...
2026-07-17 03:10:44 | TestSub: S4 | Epoch 100/100 Finsh | Now_lr 0.0005/0.0005 | Train Loss 0.2185 | Valid Loss 0.2832 | Train Acc 92.8125 | Valid Acc 92.9688
2026-07-17 03:10:44 | --------------------------------------------------
2026-07-17 03:10:44 | Test_Subject :S4 | Best epoch:99 | Test Loss:0.4624 | Savemodel Acc 80.0000
2026-07-17 03:10:44 | --------------------------------------------------
2026-07-17 03:10:44 | Best epoch: 99 | Test acc: 80.0000
