2026-07-15 08:13:38 | Logging started: ./writer/Subject_independent_AAD/KUL/2.0s/result//Train2.0s_sub11.log
2026-07-15 08:15:28 | TestSub: S11 | Epoch  1/100 Finsh | Now_lr 0.0005/0.0005 | Train Loss 0.5918 | Valid Loss 0.6285 | Train Acc 68.3416 | Valid Acc 65.0131
2026-07-15 08:16:09 | TestSub: S11 | Epoch  2/100 Finsh | Now_lr 0.0005/0.0005 | Train Loss 0.5271 | Valid Loss 0.6991 | Train Acc 73.4940 | Valid Acc 55.1355
2026-07-15 08:16:40 | TestSub: S11 | Epoch  3/100 Finsh | Now_lr 0.0005/0.0005 | Train Loss 0.5013 | Valid Loss 0.7058 | Train Acc 75.0637 | Valid Acc 53.9336
2026-07-15 08:17:11 | TestSub: S11 | Epoch  4/100 Finsh | Now_lr 0.0005/0.0005 | Train Loss 0.4848 | Valid Loss 0.6950 | Train Acc 76.1932 | Valid Acc 55.9659
2026-07-15 08:17:42 | TestSub: S11 | Epoch  5/100 Finsh | Now_lr 0.0005/0.0005 | Train Loss 0.4718 | Valid Loss 0.7608 | Train Acc 76.8145 | Valid Acc 51.9449
2026-07-15 08:18:13 | TestSub: S11 | Epoch  6/100 Finsh | Now_lr 0.0005/0.0005 | Train Loss 0.4628 | Valid Loss 0.7196 | Train Acc 77.4980 | Valid Acc 53.5839
2026-07-15 08:18:44 | TestSub: S11 | Epoch  7/100 Finsh | Now_lr 0.0005/0.0005 | Train Loss 0.4565 | Valid Loss 0.7376 | Train Acc 77.9947 | Valid Acc 53.3435
2026-07-15 08:19:15 | TestSub: S11 | Epoch  8/100 Finsh | Now_lr 0.0005/0.0005 | Train Loss 0.4462 | Valid Loss 0.8579 | Train Acc 78.6854 | Valid Acc 46.1101
2026-07-15 08:19:46 | TestSub: S11 | Epoch  9/100 Finsh | Now_lr 0.0005/0.0005 | Train Loss 0.4400 | Valid Loss 0.7758 | Train Acc 78.8404 | Valid Acc 47.2902
2026-07-15 08:20:17 | TestSub: S11 | Epoch 10/100 Finsh | Now_lr 0.0005/0.0005 | Train Loss 0.4358 | Valid Loss 0.8742 | Train Acc 79.0590 | Valid Acc 43.3566
2026-07-15 08:20:49 | TestSub: S11 | Epoch 11/100 Finsh | Now_lr 0.0005/0.0005 | Train Loss 0.4322 | Valid Loss 0.7725 | Train Acc 79.4138 | Valid Acc 48.8418
2026-07-15 08:21:21 | TestSub: S11 | Epoch 12/100 Finsh | Now_lr 0.0005/0.0005 | Train Loss 0.4326 | Valid Loss 0.8417 | Train Acc 79.3298 | Valid Acc 44.5149
2026-07-15 08:21:52 | TestSub: S11 | Epoch 13/100 Finsh | Now_lr 0.0005/0.0005 | Train Loss 0.4257 | Valid Loss 0.8165 | Train Acc 79.8815 | Valid Acc 47.0061
2026-07-15 08:22:23 | TestSub: S11 | Epoch 14/100 Finsh | Now_lr 0.0005/0.0005 | Train Loss 0.4212 | Valid Loss 0.9099 | Train Acc 80.0568 | Valid Acc 43.4441
2026-07-15 08:22:54 | TestSub: S11 | Epoch 15/100 Finsh | Now_lr 0.0005/0.0005 | Train Loss 0.4181 | Valid Loss 0.8187 | Train Acc 80.2740 | Valid Acc 47.9240
2026-07-15 08:23:25 | TestSub: S11 | Epoch 16/100 Finsh | Now_lr 0.0005/0.0005 | Train Loss 0.4142 | Valid Loss 0.8662 | Train Acc 80.5129 | Valid Acc 46.2413
2026-07-15 08:23:56 | TestSub: S11 | Epoch 17/100 Finsh | Now_lr 0.0005/0.0005 | Train Loss 0.4141 | Valid Loss 0.8499 | Train Acc 80.6722 | Valid Acc 47.7491
2026-07-15 08:24:28 | TestSub: S11 | Epoch 18/100 Finsh | Now_lr 0.0005/0.0005 | Train Loss 0.4103 | Valid Loss 0.8598 | Train Acc 80.7345 | Valid Acc 46.6565
2026-07-15 08:24:59 | TestSub: S11 | Epoch 19/100 Finsh | Now_lr 0.0005/0.0005 | Train Loss 0.4069 | Valid Loss 0.8486 | Train Acc 81.0473 | Valid Acc 48.2736
2026-07-15 08:25:30 | TestSub: S11 | Epoch 20/100 Finsh | Now_lr 0.0005/0.0005 | Train Loss 0.4074 | Valid Loss 0.9640 | Train Acc 80.9618 | Valid Acc 43.7500
2026-07-15 08:26:01 | TestSub: S11 | Epoch 21/100 Finsh | Now_lr 0.0005/0.0005 | Train Loss 0.4048 | Valid Loss 1.0429 | Train Acc 81.1819 | Valid Acc 40.4939
2026-07-15 08:26:32 | TestSub: S11 | Epoch 22/100 Finsh | Now_lr 0.0005/0.0005 | Train Loss 0.4030 | Valid Loss 1.0482 | Train Acc 81.1921 | Valid Acc 44.6023
2026-07-15 08:26:33 | --------------------------------------------------
2026-07-15 08:26:33 | Test_Subject :S11 | Best epoch:1 | Test Loss:0.6285 | Savemodel Acc 65.0131
2026-07-15 08:26:33 | --------------------------------------------------
2026-07-15 08:26:33 | Best epoch: 1 | Test acc: 65.0131
