2026-07-13 08:36:20 | Logging started: ./writer/Subject_dependent_AAD/AVED/2.0s/result//Train2.0s_sub2.log
2026-07-13 08:36:23 | Sub_id: 2
2026-07-13 08:36:25 | TestSub: S2 | Epoch  1/100 Finsh | Now_lr 0.0005/0.0005 | Train Loss 0.7045 | Valid Loss 0.6908 | Train Acc 53.3333 | Valid Acc 52.0833
2026-07-13 08:36:25 | Validation loss decreased (inf --> 0.690771) in epoch (1). Saving model ...
2026-07-13 08:36:25 | TestSub: S2 | Epoch  2/100 Finsh | Now_lr 0.0005/0.0005 | Train Loss 0.6954 | Valid Loss 0.6933 | Train Acc 53.2292 | Valid Acc 55.7292
2026-07-13 08:36:26 | TestSub: S2 | Epoch  3/100 Finsh | Now_lr 0.0005/0.0005 | Train Loss 0.6803 | Valid Loss 0.6909 | Train Acc 56.6667 | Valid Acc 56.2500
2026-07-13 08:36:26 | TestSub: S2 | Epoch  4/100 Finsh | Now_lr 0.0005/0.0005 | Train Loss 0.6744 | Valid Loss 0.6866 | Train Acc 58.6979 | Valid Acc 57.8125
2026-07-13 08:36:26 | Validation loss decreased (0.690771 --> 0.686612) in epoch (4). Saving model ...
2026-07-13 08:36:27 | TestSub: S2 | Epoch  5/100 Finsh | Now_lr 0.0005/0.0005 | Train Loss 0.6723 | Valid Loss 0.6875 | Train Acc 58.1250 | Valid Acc 54.1667
2026-07-13 08:36:28 | TestSub: S2 | Epoch  6/100 Finsh | Now_lr 0.0005/0.0005 | Train Loss 0.6639 | Valid Loss 0.6811 | Train Acc 59.1667 | Valid Acc 55.7292
2026-07-13 08:36:28 | Validation loss decreased (0.686612 --> 0.681079) in epoch (6). Saving model ...
2026-07-13 08:36:28 | TestSub: S2 | Epoch  7/100 Finsh | Now_lr 0.0005/0.0005 | Train Loss 0.6577 | Valid Loss 0.6744 | Train Acc 60.5208 | Valid Acc 56.2500
2026-07-13 08:36:28 | Validation loss decreased (0.681079 --> 0.674437) in epoch (7). Saving model ...
2026-07-13 08:36:29 | TestSub: S2 | Epoch  8/100 Finsh | Now_lr 0.0005/0.0005 | Train Loss 0.6507 | Valid Loss 0.6692 | Train Acc 63.3333 | Valid Acc 58.3333
2026-07-13 08:36:29 | Validation loss decreased (0.674437 --> 0.669195) in epoch (8). Saving model ...
2026-07-13 08:36:30 | TestSub: S2 | Epoch  9/100 Finsh | Now_lr 0.0005/0.0005 | Train Loss 0.6424 | Valid Loss 0.6673 | Train Acc 63.4896 | Valid Acc 60.9375
2026-07-13 08:36:30 | Validation loss decreased (0.669195 --> 0.667298) in epoch (9). Saving model ...
2026-07-13 08:36:30 | TestSub: S2 | Epoch 10/100 Finsh | Now_lr 0.0005/0.0005 | Train Loss 0.6350 | Valid Loss 0.6590 | Train Acc 63.9062 | Valid Acc 61.9792
2026-07-13 08:36:30 | Validation loss decreased (0.667298 --> 0.658999) in epoch (10). Saving model ...
2026-07-13 08:36:31 | TestSub: S2 | Epoch 11/100 Finsh | Now_lr 0.0005/0.0005 | Train Loss 0.6265 | Valid Loss 0.6566 | Train Acc 66.4583 | Valid Acc 62.5000
2026-07-13 08:36:31 | Validation loss decreased (0.658999 --> 0.656574) in epoch (11). Saving model ...
2026-07-13 08:36:31 | TestSub: S2 | Epoch 12/100 Finsh | Now_lr 0.0005/0.0005 | Train Loss 0.6084 | Valid Loss 0.6507 | Train Acc 68.0208 | Valid Acc 64.0625
2026-07-13 08:36:31 | Validation loss decreased (0.656574 --> 0.650681) in epoch (12). Saving model ...
2026-07-13 08:36:32 | TestSub: S2 | Epoch 13/100 Finsh | Now_lr 0.0005/0.0005 | Train Loss 0.6022 | Valid Loss 0.6408 | Train Acc 68.1250 | Valid Acc 65.6250
2026-07-13 08:36:32 | Validation loss decreased (0.650681 --> 0.640835) in epoch (13). Saving model ...
2026-07-13 08:36:33 | TestSub: S2 | Epoch 14/100 Finsh | Now_lr 0.0005/0.0005 | Train Loss 0.5969 | Valid Loss 0.6352 | Train Acc 69.7917 | Valid Acc 66.6667
2026-07-13 08:36:33 | Validation loss decreased (0.640835 --> 0.635237) in epoch (14). Saving model ...
2026-07-13 08:36:33 | TestSub: S2 | Epoch 15/100 Finsh | Now_lr 0.0005/0.0005 | Train Loss 0.5908 | Valid Loss 0.6285 | Train Acc 70.2604 | Valid Acc 67.1875
2026-07-13 08:36:33 | Validation loss decreased (0.635237 --> 0.628544) in epoch (15). Saving model ...
2026-07-13 08:36:34 | TestSub: S2 | Epoch 16/100 Finsh | Now_lr 0.0005/0.0005 | Train Loss 0.5769 | Valid Loss 0.6180 | Train Acc 71.8750 | Valid Acc 69.7917
2026-07-13 08:36:34 | Validation loss decreased (0.628544 --> 0.618011) in epoch (16). Saving model ...
2026-07-13 08:36:35 | TestSub: S2 | Epoch 17/100 Finsh | Now_lr 0.0005/0.0005 | Train Loss 0.5723 | Valid Loss 0.6204 | Train Acc 71.7188 | Valid Acc 69.7917
2026-07-13 08:36:35 | TestSub: S2 | Epoch 18/100 Finsh | Now_lr 0.0005/0.0005 | Train Loss 0.5599 | Valid Loss 0.6036 | Train Acc 72.3958 | Valid Acc 71.3542
2026-07-13 08:36:35 | Validation loss decreased (0.618011 --> 0.603591) in epoch (18). Saving model ...
2026-07-13 08:36:36 | TestSub: S2 | Epoch 19/100 Finsh | Now_lr 0.0005/0.0005 | Train Loss 0.5564 | Valid Loss 0.5934 | Train Acc 73.8542 | Valid Acc 73.9583
2026-07-13 08:36:36 | Validation loss decreased (0.603591 --> 0.593398) in epoch (19). Saving model ...
2026-07-13 08:36:36 | TestSub: S2 | Epoch 20/100 Finsh | Now_lr 0.0005/0.0005 | Train Loss 0.5423 | Valid Loss 0.5876 | Train Acc 75.3646 | Valid Acc 73.4375
2026-07-13 08:36:36 | Validation loss decreased (0.593398 --> 0.587570) in epoch (20). Saving model ...
2026-07-13 08:36:37 | TestSub: S2 | Epoch 21/100 Finsh | Now_lr 0.0005/0.0005 | Train Loss 0.5380 | Valid Loss 0.5933 | Train Acc 75.6250 | Valid Acc 71.8750
2026-07-13 08:36:38 | TestSub: S2 | Epoch 22/100 Finsh | Now_lr 0.0005/0.0005 | Train Loss 0.5292 | Valid Loss 0.5850 | Train Acc 75.3125 | Valid Acc 71.8750
2026-07-13 08:36:38 | Validation loss decreased (0.587570 --> 0.585042) in epoch (22). Saving model ...
2026-07-13 08:36:38 | TestSub: S2 | Epoch 23/100 Finsh | Now_lr 0.0005/0.0005 | Train Loss 0.5162 | Valid Loss 0.5703 | Train Acc 77.2917 | Valid Acc 73.9583
2026-07-13 08:36:38 | Validation loss decreased (0.585042 --> 0.570295) in epoch (23). Saving model ...
2026-07-13 08:36:39 | TestSub: S2 | Epoch 24/100 Finsh | Now_lr 0.0005/0.0005 | Train Loss 0.5033 | Valid Loss 0.5728 | Train Acc 76.9271 | Valid Acc 72.9167
2026-07-13 08:36:39 | TestSub: S2 | Epoch 25/100 Finsh | Now_lr 0.0005/0.0005 | Train Loss 0.5013 | Valid Loss 0.5735 | Train Acc 76.9792 | Valid Acc 73.9583
2026-07-13 08:36:40 | TestSub: S2 | Epoch 26/100 Finsh | Now_lr 0.0005/0.0005 | Train Loss 0.4911 | Valid Loss 0.5622 | Train Acc 78.7500 | Valid Acc 73.9583
2026-07-13 08:36:40 | Validation loss decreased (0.570295 --> 0.562212) in epoch (26). Saving model ...
2026-07-13 08:36:41 | TestSub: S2 | Epoch 27/100 Finsh | Now_lr 0.0005/0.0005 | Train Loss 0.4959 | Valid Loss 0.5519 | Train Acc 78.6979 | Valid Acc 76.0417
2026-07-13 08:36:41 | Validation loss decreased (0.562212 --> 0.551936) in epoch (27). Saving model ...
2026-07-13 08:36:41 | TestSub: S2 | Epoch 28/100 Finsh | Now_lr 0.0005/0.0005 | Train Loss 0.4822 | Valid Loss 0.5476 | Train Acc 80.4167 | Valid Acc 76.5625
2026-07-13 08:36:41 | Validation loss decreased (0.551936 --> 0.547562) in epoch (28). Saving model ...
2026-07-13 08:36:42 | TestSub: S2 | Epoch 29/100 Finsh | Now_lr 0.0005/0.0005 | Train Loss 0.4798 | Valid Loss 0.5389 | Train Acc 80.1042 | Valid Acc 75.0000
2026-07-13 08:36:42 | Validation loss decreased (0.547562 --> 0.538879) in epoch (29). Saving model ...
2026-07-13 08:36:43 | TestSub: S2 | Epoch 30/100 Finsh | Now_lr 0.0005/0.0005 | Train Loss 0.4797 | Valid Loss 0.5514 | Train Acc 78.8021 | Valid Acc 75.0000
2026-07-13 08:36:43 | TestSub: S2 | Epoch 31/100 Finsh | Now_lr 0.0005/0.0005 | Train Loss 0.4772 | Valid Loss 0.5313 | Train Acc 78.9062 | Valid Acc 76.0417
2026-07-13 08:36:43 | Validation loss decreased (0.538879 --> 0.531313) in epoch (31). Saving model ...
2026-07-13 08:36:44 | TestSub: S2 | Epoch 32/100 Finsh | Now_lr 0.0005/0.0005 | Train Loss 0.4674 | Valid Loss 0.5233 | Train Acc 79.6354 | Valid Acc 77.6042
2026-07-13 08:36:44 | Validation loss decreased (0.531313 --> 0.523324) in epoch (32). Saving model ...
2026-07-13 08:36:44 | TestSub: S2 | Epoch 33/100 Finsh | Now_lr 0.0005/0.0005 | Train Loss 0.4616 | Valid Loss 0.5219 | Train Acc 80.3125 | Valid Acc 77.6042
2026-07-13 08:36:44 | Validation loss decreased (0.523324 --> 0.521859) in epoch (33). Saving model ...
2026-07-13 08:36:45 | TestSub: S2 | Epoch 34/100 Finsh | Now_lr 0.0005/0.0005 | Train Loss 0.4566 | Valid Loss 0.5513 | Train Acc 80.9375 | Valid Acc 76.0417
2026-07-13 08:36:46 | TestSub: S2 | Epoch 35/100 Finsh | Now_lr 0.0005/0.0005 | Train Loss 0.4518 | Valid Loss 0.5359 | Train Acc 81.1979 | Valid Acc 76.5625
2026-07-13 08:36:46 | TestSub: S2 | Epoch 36/100 Finsh | Now_lr 0.0005/0.0005 | Train Loss 0.4576 | Valid Loss 0.5207 | Train Acc 80.4167 | Valid Acc 79.6875
2026-07-13 08:36:46 | Validation loss decreased (0.521859 --> 0.520665) in epoch (36). Saving model ...
2026-07-13 08:36:47 | TestSub: S2 | Epoch 37/100 Finsh | Now_lr 0.0005/0.0005 | Train Loss 0.4511 | Valid Loss 0.5103 | Train Acc 80.8333 | Valid Acc 78.1250
2026-07-13 08:36:47 | Validation loss decreased (0.520665 --> 0.510321) in epoch (37). Saving model ...
2026-07-13 08:36:47 | TestSub: S2 | Epoch 38/100 Finsh | Now_lr 0.0005/0.0005 | Train Loss 0.4432 | Valid Loss 0.5215 | Train Acc 80.7292 | Valid Acc 79.1667
2026-07-13 08:36:48 | TestSub: S2 | Epoch 39/100 Finsh | Now_lr 0.0005/0.0005 | Train Loss 0.4286 | Valid Loss 0.5208 | Train Acc 82.1875 | Valid Acc 77.6042
2026-07-13 08:36:49 | TestSub: S2 | Epoch 40/100 Finsh | Now_lr 0.0005/0.0005 | Train Loss 0.4415 | Valid Loss 0.5293 | Train Acc 80.6250 | Valid Acc 79.6875
2026-07-13 08:36:49 | TestSub: S2 | Epoch 41/100 Finsh | Now_lr 0.0005/0.0005 | Train Loss 0.4283 | Valid Loss 0.5118 | Train Acc 81.5104 | Valid Acc 77.6042
2026-07-13 08:36:50 | TestSub: S2 | Epoch 42/100 Finsh | Now_lr 0.0005/0.0005 | Train Loss 0.4300 | Valid Loss 0.5207 | Train Acc 82.3438 | Valid Acc 79.6875
2026-07-13 08:36:50 | TestSub: S2 | Epoch 43/100 Finsh | Now_lr 0.0005/0.0005 | Train Loss 0.4206 | Valid Loss 0.4943 | Train Acc 83.0729 | Valid Acc 78.6458
2026-07-13 08:36:50 | Validation loss decreased (0.510321 --> 0.494325) in epoch (43). Saving model ...
2026-07-13 08:36:51 | TestSub: S2 | Epoch 44/100 Finsh | Now_lr 0.0005/0.0005 | Train Loss 0.4244 | Valid Loss 0.4866 | Train Acc 81.8750 | Valid Acc 80.2083
2026-07-13 08:36:51 | Validation loss decreased (0.494325 --> 0.486591) in epoch (44). Saving model ...
2026-07-13 08:36:52 | TestSub: S2 | Epoch 45/100 Finsh | Now_lr 0.0005/0.0005 | Train Loss 0.4192 | Valid Loss 0.4971 | Train Acc 83.2812 | Valid Acc 78.1250
2026-07-13 08:36:52 | TestSub: S2 | Epoch 46/100 Finsh | Now_lr 0.0005/0.0005 | Train Loss 0.4277 | Valid Loss 0.4794 | Train Acc 81.7188 | Valid Acc 79.6875
2026-07-13 08:36:52 | Validation loss decreased (0.486591 --> 0.479442) in epoch (46). Saving model ...
2026-07-13 08:36:53 | TestSub: S2 | Epoch 47/100 Finsh | Now_lr 0.0005/0.0005 | Train Loss 0.4134 | Valid Loss 0.4752 | Train Acc 83.0729 | Valid Acc 79.1667
2026-07-13 08:36:53 | Validation loss decreased (0.479442 --> 0.475181) in epoch (47). Saving model ...
2026-07-13 08:36:54 | TestSub: S2 | Epoch 48/100 Finsh | Now_lr 0.0005/0.0005 | Train Loss 0.4153 | Valid Loss 0.4722 | Train Acc 83.1250 | Valid Acc 79.1667
2026-07-13 08:36:54 | Validation loss decreased (0.475181 --> 0.472207) in epoch (48). Saving model ...
2026-07-13 08:36:54 | TestSub: S2 | Epoch 49/100 Finsh | Now_lr 0.0005/0.0005 | Train Loss 0.3936 | Valid Loss 0.4769 | Train Acc 84.6354 | Valid Acc 79.1667
2026-07-13 08:36:55 | TestSub: S2 | Epoch 50/100 Finsh | Now_lr 0.0005/0.0005 | Train Loss 0.3909 | Valid Loss 0.4728 | Train Acc 83.9062 | Valid Acc 80.2083
2026-07-13 08:36:55 | TestSub: S2 | Epoch 51/100 Finsh | Now_lr 0.0005/0.0005 | Train Loss 0.4145 | Valid Loss 0.4776 | Train Acc 83.0729 | Valid Acc 78.6458
2026-07-13 08:36:56 | TestSub: S2 | Epoch 52/100 Finsh | Now_lr 0.0005/0.0005 | Train Loss 0.3964 | Valid Loss 0.4684 | Train Acc 83.0208 | Valid Acc 79.1667
2026-07-13 08:36:56 | Validation loss decreased (0.472207 --> 0.468379) in epoch (52). Saving model ...
2026-07-13 08:36:57 | TestSub: S2 | Epoch 53/100 Finsh | Now_lr 0.0005/0.0005 | Train Loss 0.3868 | Valid Loss 0.4628 | Train Acc 84.2188 | Valid Acc 81.7708
2026-07-13 08:36:57 | Validation loss decreased (0.468379 --> 0.462809) in epoch (53). Saving model ...
2026-07-13 08:36:57 | TestSub: S2 | Epoch 54/100 Finsh | Now_lr 0.0005/0.0005 | Train Loss 0.4011 | Valid Loss 0.4966 | Train Acc 83.3854 | Valid Acc 80.7292
2026-07-13 08:36:58 | TestSub: S2 | Epoch 55/100 Finsh | Now_lr 0.0005/0.0005 | Train Loss 0.3869 | Valid Loss 0.4578 | Train Acc 83.5417 | Valid Acc 81.2500
2026-07-13 08:36:58 | Validation loss decreased (0.462809 --> 0.457813) in epoch (55). Saving model ...
2026-07-13 08:36:59 | TestSub: S2 | Epoch 56/100 Finsh | Now_lr 0.0005/0.0005 | Train Loss 0.3830 | Valid Loss 0.4599 | Train Acc 84.9479 | Valid Acc 81.2500
2026-07-13 08:36:59 | TestSub: S2 | Epoch 57/100 Finsh | Now_lr 0.0005/0.0005 | Train Loss 0.3875 | Valid Loss 0.4483 | Train Acc 83.6979 | Valid Acc 81.7708
2026-07-13 08:36:59 | Validation loss decreased (0.457813 --> 0.448293) in epoch (57). Saving model ...
2026-07-13 08:37:00 | TestSub: S2 | Epoch 58/100 Finsh | Now_lr 0.0005/0.0005 | Train Loss 0.3582 | Valid Loss 0.4579 | Train Acc 86.6667 | Valid Acc 80.2083
2026-07-13 08:37:00 | TestSub: S2 | Epoch 59/100 Finsh | Now_lr 0.0005/0.0005 | Train Loss 0.3787 | Valid Loss 0.4779 | Train Acc 84.5312 | Valid Acc 80.7292
2026-07-13 08:37:01 | TestSub: S2 | Epoch 60/100 Finsh | Now_lr 0.0005/0.0005 | Train Loss 0.3838 | Valid Loss 0.4432 | Train Acc 83.6979 | Valid Acc 79.6875
2026-07-13 08:37:01 | Validation loss decreased (0.448293 --> 0.443246) in epoch (60). Saving model ...
2026-07-13 08:37:02 | TestSub: S2 | Epoch 61/100 Finsh | Now_lr 0.0005/0.0005 | Train Loss 0.3772 | Valid Loss 0.4383 | Train Acc 84.5833 | Valid Acc 83.3333
2026-07-13 08:37:02 | Validation loss decreased (0.443246 --> 0.438345) in epoch (61). Saving model ...
2026-07-13 08:37:02 | TestSub: S2 | Epoch 62/100 Finsh | Now_lr 0.0005/0.0005 | Train Loss 0.3685 | Valid Loss 0.4418 | Train Acc 85.7812 | Valid Acc 82.8125
2026-07-13 08:37:03 | TestSub: S2 | Epoch 63/100 Finsh | Now_lr 0.0005/0.0005 | Train Loss 0.3696 | Valid Loss 0.4505 | Train Acc 84.4792 | Valid Acc 82.8125
2026-07-13 08:37:04 | TestSub: S2 | Epoch 64/100 Finsh | Now_lr 0.0005/0.0005 | Train Loss 0.3702 | Valid Loss 0.4486 | Train Acc 86.1979 | Valid Acc 81.2500
2026-07-13 08:37:04 | TestSub: S2 | Epoch 65/100 Finsh | Now_lr 0.0005/0.0005 | Train Loss 0.3732 | Valid Loss 0.4321 | Train Acc 84.8958 | Valid Acc 83.8542
2026-07-13 08:37:04 | Validation loss decreased (0.438345 --> 0.432089) in epoch (65). Saving model ...
2026-07-13 08:37:05 | TestSub: S2 | Epoch 66/100 Finsh | Now_lr 0.0005/0.0005 | Train Loss 0.3638 | Valid Loss 0.4301 | Train Acc 86.1458 | Valid Acc 82.8125
2026-07-13 08:37:05 | Validation loss decreased (0.432089 --> 0.430066) in epoch (66). Saving model ...
2026-07-13 08:37:05 | TestSub: S2 | Epoch 67/100 Finsh | Now_lr 0.0005/0.0005 | Train Loss 0.3639 | Valid Loss 0.4283 | Train Acc 85.2604 | Valid Acc 83.3333
2026-07-13 08:37:05 | Validation loss decreased (0.430066 --> 0.428335) in epoch (67). Saving model ...
2026-07-13 08:37:06 | TestSub: S2 | Epoch 68/100 Finsh | Now_lr 0.0005/0.0005 | Train Loss 0.3593 | Valid Loss 0.4207 | Train Acc 85.4167 | Valid Acc 82.2917
2026-07-13 08:37:06 | Validation loss decreased (0.428335 --> 0.420660) in epoch (68). Saving model ...
2026-07-13 08:37:07 | TestSub: S2 | Epoch 69/100 Finsh | Now_lr 0.0005/0.0005 | Train Loss 0.3751 | Valid Loss 0.4333 | Train Acc 84.3750 | Valid Acc 81.7708
2026-07-13 08:37:07 | TestSub: S2 | Epoch 70/100 Finsh | Now_lr 0.0005/0.0005 | Train Loss 0.3705 | Valid Loss 0.4219 | Train Acc 84.7917 | Valid Acc 83.8542
2026-07-13 08:37:08 | TestSub: S2 | Epoch 71/100 Finsh | Now_lr 0.0005/0.0005 | Train Loss 0.3552 | Valid Loss 0.4366 | Train Acc 85.3646 | Valid Acc 83.3333
2026-07-13 08:37:08 | TestSub: S2 | Epoch 72/100 Finsh | Now_lr 0.0005/0.0005 | Train Loss 0.3572 | Valid Loss 0.3991 | Train Acc 85.8854 | Valid Acc 86.4583
2026-07-13 08:37:08 | Validation loss decreased (0.420660 --> 0.399105) in epoch (72). Saving model ...
2026-07-13 08:37:09 | TestSub: S2 | Epoch 73/100 Finsh | Now_lr 0.0005/0.0005 | Train Loss 0.3575 | Valid Loss 0.4001 | Train Acc 85.2083 | Valid Acc 86.4583
2026-07-13 08:37:10 | TestSub: S2 | Epoch 74/100 Finsh | Now_lr 0.0005/0.0005 | Train Loss 0.3561 | Valid Loss 0.3993 | Train Acc 85.4167 | Valid Acc 84.8958
2026-07-13 08:37:10 | TestSub: S2 | Epoch 75/100 Finsh | Now_lr 0.0005/0.0005 | Train Loss 0.3540 | Valid Loss 0.4176 | Train Acc 85.2083 | Valid Acc 81.7708
2026-07-13 08:37:11 | TestSub: S2 | Epoch 76/100 Finsh | Now_lr 0.0005/0.0005 | Train Loss 0.3507 | Valid Loss 0.3886 | Train Acc 85.6771 | Valid Acc 85.9375
2026-07-13 08:37:11 | Validation loss decreased (0.399105 --> 0.388576) in epoch (76). Saving model ...
2026-07-13 08:37:11 | TestSub: S2 | Epoch 77/100 Finsh | Now_lr 0.0005/0.0005 | Train Loss 0.3495 | Valid Loss 0.4012 | Train Acc 86.2500 | Valid Acc 82.2917
2026-07-13 08:37:12 | TestSub: S2 | Epoch 78/100 Finsh | Now_lr 0.0005/0.0005 | Train Loss 0.3468 | Valid Loss 0.3993 | Train Acc 85.3646 | Valid Acc 83.3333
2026-07-13 08:37:13 | TestSub: S2 | Epoch 79/100 Finsh | Now_lr 0.0005/0.0005 | Train Loss 0.3464 | Valid Loss 0.3863 | Train Acc 85.7292 | Valid Acc 88.5417
2026-07-13 08:37:13 | Validation loss decreased (0.388576 --> 0.386302) in epoch (79). Saving model ...
2026-07-13 08:37:13 | TestSub: S2 | Epoch 80/100 Finsh | Now_lr 0.0005/0.0005 | Train Loss 0.3413 | Valid Loss 0.4093 | Train Acc 86.0417 | Valid Acc 84.8958
2026-07-13 08:37:14 | TestSub: S2 | Epoch 81/100 Finsh | Now_lr 0.0005/0.0005 | Train Loss 0.3378 | Valid Loss 0.3940 | Train Acc 87.5000 | Valid Acc 86.9792
2026-07-13 08:37:14 | TestSub: S2 | Epoch 82/100 Finsh | Now_lr 0.0005/0.0005 | Train Loss 0.3496 | Valid Loss 0.4018 | Train Acc 86.2500 | Valid Acc 86.4583
2026-07-13 08:37:15 | TestSub: S2 | Epoch 83/100 Finsh | Now_lr 0.0005/0.0005 | Train Loss 0.3428 | Valid Loss 0.4179 | Train Acc 86.8229 | Valid Acc 84.3750
2026-07-13 08:37:16 | TestSub: S2 | Epoch 84/100 Finsh | Now_lr 0.0005/0.0005 | Train Loss 0.3560 | Valid Loss 0.3772 | Train Acc 85.5208 | Valid Acc 89.5833
2026-07-13 08:37:16 | Validation loss decreased (0.386302 --> 0.377222) in epoch (84). Saving model ...
2026-07-13 08:37:16 | TestSub: S2 | Epoch 85/100 Finsh | Now_lr 0.0005/0.0005 | Train Loss 0.3333 | Valid Loss 0.3799 | Train Acc 87.3438 | Valid Acc 87.5000
2026-07-13 08:37:17 | TestSub: S2 | Epoch 86/100 Finsh | Now_lr 0.0005/0.0005 | Train Loss 0.3289 | Valid Loss 0.3862 | Train Acc 86.8229 | Valid Acc 86.9792
2026-07-13 08:37:17 | TestSub: S2 | Epoch 87/100 Finsh | Now_lr 0.0005/0.0005 | Train Loss 0.3316 | Valid Loss 0.3876 | Train Acc 86.9792 | Valid Acc 84.8958
2026-07-13 08:37:18 | TestSub: S2 | Epoch 88/100 Finsh | Now_lr 0.0005/0.0005 | Train Loss 0.3368 | Valid Loss 0.3701 | Train Acc 87.7083 | Valid Acc 89.5833
2026-07-13 08:37:18 | Validation loss decreased (0.377222 --> 0.370096) in epoch (88). Saving model ...
2026-07-13 08:37:19 | TestSub: S2 | Epoch 89/100 Finsh | Now_lr 0.0005/0.0005 | Train Loss 0.3307 | Valid Loss 0.3825 | Train Acc 86.2500 | Valid Acc 85.9375
2026-07-13 08:37:19 | TestSub: S2 | Epoch 90/100 Finsh | Now_lr 0.0005/0.0005 | Train Loss 0.3460 | Valid Loss 0.3858 | Train Acc 85.3646 | Valid Acc 84.8958
2026-07-13 08:37:20 | TestSub: S2 | Epoch 91/100 Finsh | Now_lr 0.0005/0.0005 | Train Loss 0.3244 | Valid Loss 0.3731 | Train Acc 86.6667 | Valid Acc 88.0208
2026-07-13 08:37:20 | TestSub: S2 | Epoch 92/100 Finsh | Now_lr 0.0005/0.0005 | Train Loss 0.3351 | Valid Loss 0.3903 | Train Acc 86.4062 | Valid Acc 83.8542
2026-07-13 08:37:21 | TestSub: S2 | Epoch 93/100 Finsh | Now_lr 0.0005/0.0005 | Train Loss 0.3256 | Valid Loss 0.3755 | Train Acc 87.0833 | Valid Acc 86.4583
2026-07-13 08:37:21 | TestSub: S2 | Epoch 94/100 Finsh | Now_lr 0.0005/0.0005 | Train Loss 0.3279 | Valid Loss 0.3749 | Train Acc 88.2292 | Valid Acc 86.9792
2026-07-13 08:37:22 | TestSub: S2 | Epoch 95/100 Finsh | Now_lr 0.0005/0.0005 | Train Loss 0.3335 | Valid Loss 0.3896 | Train Acc 86.5104 | Valid Acc 84.3750
2026-07-13 08:37:23 | TestSub: S2 | Epoch 96/100 Finsh | Now_lr 0.0005/0.0005 | Train Loss 0.3313 | Valid Loss 0.3720 | Train Acc 86.5104 | Valid Acc 86.9792
2026-07-13 08:37:23 | TestSub: S2 | Epoch 97/100 Finsh | Now_lr 0.0005/0.0005 | Train Loss 0.3286 | Valid Loss 0.3770 | Train Acc 87.0833 | Valid Acc 86.9792
2026-07-13 08:37:24 | TestSub: S2 | Epoch 98/100 Finsh | Now_lr 0.0005/0.0005 | Train Loss 0.3219 | Valid Loss 0.3795 | Train Acc 86.4583 | Valid Acc 86.4583
2026-07-13 08:37:24 | TestSub: S2 | Epoch 99/100 Finsh | Now_lr 0.0005/0.0005 | Train Loss 0.3135 | Valid Loss 0.3729 | Train Acc 87.0833 | Valid Acc 86.4583
2026-07-13 08:37:25 | TestSub: S2 | Epoch 100/100 Finsh | Now_lr 0.0005/0.0005 | Train Loss 0.3363 | Valid Loss 0.3735 | Train Acc 86.3542 | Valid Acc 88.0208
2026-07-13 08:37:25 | --------------------------------------------------
2026-07-13 08:37:25 | Test_Subject :S2 | Best epoch:88 | Test Loss:0.4661 | Savemodel Acc 76.5625
2026-07-13 08:37:25 | --------------------------------------------------
2026-07-13 08:37:25 | Best epoch: 88 | Test acc: 76.5625
