2026-07-13 08:41:42 | Logging started: ./writer/Subject_dependent_AAD/AVED/2.0s/result//Train2.0s_sub7.log
2026-07-13 08:41:45 | Sub_id: 7
2026-07-13 08:41:46 | TestSub: S7 | Epoch  1/100 Finsh | Now_lr 0.0005/0.0005 | Train Loss 0.7034 | Valid Loss 0.7089 | Train Acc 48.6458 | Valid Acc 46.8750
2026-07-13 08:41:46 | Validation loss decreased (inf --> 0.708925) in epoch (1). Saving model ...
2026-07-13 08:41:47 | TestSub: S7 | Epoch  2/100 Finsh | Now_lr 0.0005/0.0005 | Train Loss 0.6892 | Valid Loss 0.6927 | Train Acc 52.9167 | Valid Acc 53.1250
2026-07-13 08:41:47 | Validation loss decreased (0.708925 --> 0.692655) in epoch (2). Saving model ...
2026-07-13 08:41:47 | TestSub: S7 | Epoch  3/100 Finsh | Now_lr 0.0005/0.0005 | Train Loss 0.6826 | Valid Loss 0.6922 | Train Acc 54.7917 | Valid Acc 52.6042
2026-07-13 08:41:47 | Validation loss decreased (0.692655 --> 0.692231) in epoch (3). Saving model ...
2026-07-13 08:41:48 | TestSub: S7 | Epoch  4/100 Finsh | Now_lr 0.0005/0.0005 | Train Loss 0.6759 | Valid Loss 0.6897 | Train Acc 57.0833 | Valid Acc 54.1667
2026-07-13 08:41:48 | Validation loss decreased (0.692231 --> 0.689672) in epoch (4). Saving model ...
2026-07-13 08:41:49 | TestSub: S7 | Epoch  5/100 Finsh | Now_lr 0.0005/0.0005 | Train Loss 0.6720 | Valid Loss 0.6879 | Train Acc 58.1771 | Valid Acc 55.2083
2026-07-13 08:41:49 | Validation loss decreased (0.689672 --> 0.687930) in epoch (5). Saving model ...
2026-07-13 08:41:49 | TestSub: S7 | Epoch  6/100 Finsh | Now_lr 0.0005/0.0005 | Train Loss 0.6664 | Valid Loss 0.6835 | Train Acc 60.0521 | Valid Acc 53.1250
2026-07-13 08:41:49 | Validation loss decreased (0.687930 --> 0.683550) in epoch (6). Saving model ...
2026-07-13 08:41:50 | TestSub: S7 | Epoch  7/100 Finsh | Now_lr 0.0005/0.0005 | Train Loss 0.6563 | Valid Loss 0.6764 | Train Acc 62.6042 | Valid Acc 53.6458
2026-07-13 08:41:50 | Validation loss decreased (0.683550 --> 0.676386) in epoch (7). Saving model ...
2026-07-13 08:41:51 | TestSub: S7 | Epoch  8/100 Finsh | Now_lr 0.0005/0.0005 | Train Loss 0.6442 | Valid Loss 0.6707 | Train Acc 65.0521 | Valid Acc 57.2917
2026-07-13 08:41:51 | Validation loss decreased (0.676386 --> 0.670678) in epoch (8). Saving model ...
2026-07-13 08:41:51 | TestSub: S7 | Epoch  9/100 Finsh | Now_lr 0.0005/0.0005 | Train Loss 0.6375 | Valid Loss 0.6666 | Train Acc 66.2500 | Valid Acc 59.8958
2026-07-13 08:41:51 | Validation loss decreased (0.670678 --> 0.666567) in epoch (9). Saving model ...
2026-07-13 08:41:52 | TestSub: S7 | Epoch 10/100 Finsh | Now_lr 0.0005/0.0005 | Train Loss 0.6260 | Valid Loss 0.6618 | Train Acc 67.5521 | Valid Acc 61.9792
2026-07-13 08:41:52 | Validation loss decreased (0.666567 --> 0.661842) in epoch (10). Saving model ...
2026-07-13 08:41:53 | TestSub: S7 | Epoch 11/100 Finsh | Now_lr 0.0005/0.0005 | Train Loss 0.6156 | Valid Loss 0.6517 | Train Acc 70.1562 | Valid Acc 64.5833
2026-07-13 08:41:53 | Validation loss decreased (0.661842 --> 0.651740) in epoch (11). Saving model ...
2026-07-13 08:41:53 | TestSub: S7 | Epoch 12/100 Finsh | Now_lr 0.0005/0.0005 | Train Loss 0.6075 | Valid Loss 0.6440 | Train Acc 69.4792 | Valid Acc 66.6667
2026-07-13 08:41:53 | Validation loss decreased (0.651740 --> 0.643996) in epoch (12). Saving model ...
2026-07-13 08:41:54 | TestSub: S7 | Epoch 13/100 Finsh | Now_lr 0.0005/0.0005 | Train Loss 0.5907 | Valid Loss 0.6298 | Train Acc 70.7292 | Valid Acc 67.7083
2026-07-13 08:41:54 | Validation loss decreased (0.643996 --> 0.629765) in epoch (13). Saving model ...
2026-07-13 08:41:55 | TestSub: S7 | Epoch 14/100 Finsh | Now_lr 0.0005/0.0005 | Train Loss 0.5829 | Valid Loss 0.6203 | Train Acc 71.8750 | Valid Acc 71.8750
2026-07-13 08:41:55 | Validation loss decreased (0.629765 --> 0.620253) in epoch (14). Saving model ...
2026-07-13 08:41:55 | TestSub: S7 | Epoch 15/100 Finsh | Now_lr 0.0005/0.0005 | Train Loss 0.5721 | Valid Loss 0.6075 | Train Acc 72.9688 | Valid Acc 70.8333
2026-07-13 08:41:55 | Validation loss decreased (0.620253 --> 0.607506) in epoch (15). Saving model ...
2026-07-13 08:41:56 | TestSub: S7 | Epoch 16/100 Finsh | Now_lr 0.0005/0.0005 | Train Loss 0.5576 | Valid Loss 0.6154 | Train Acc 75.3125 | Valid Acc 70.3125
2026-07-13 08:41:56 | TestSub: S7 | Epoch 17/100 Finsh | Now_lr 0.0005/0.0005 | Train Loss 0.5443 | Valid Loss 0.5874 | Train Acc 76.5625 | Valid Acc 75.0000
2026-07-13 08:41:56 | Validation loss decreased (0.607506 --> 0.587404) in epoch (17). Saving model ...
2026-07-13 08:41:57 | TestSub: S7 | Epoch 18/100 Finsh | Now_lr 0.0005/0.0005 | Train Loss 0.5395 | Valid Loss 0.5823 | Train Acc 75.4167 | Valid Acc 75.5208
2026-07-13 08:41:57 | Validation loss decreased (0.587404 --> 0.582263) in epoch (18). Saving model ...
2026-07-13 08:41:58 | TestSub: S7 | Epoch 19/100 Finsh | Now_lr 0.0005/0.0005 | Train Loss 0.5247 | Valid Loss 0.5634 | Train Acc 78.2812 | Valid Acc 76.5625
2026-07-13 08:41:58 | Validation loss decreased (0.582263 --> 0.563426) in epoch (19). Saving model ...
2026-07-13 08:41:58 | TestSub: S7 | Epoch 20/100 Finsh | Now_lr 0.0005/0.0005 | Train Loss 0.5134 | Valid Loss 0.5786 | Train Acc 78.6458 | Valid Acc 73.4375
2026-07-13 08:41:59 | TestSub: S7 | Epoch 21/100 Finsh | Now_lr 0.0005/0.0005 | Train Loss 0.5067 | Valid Loss 0.5467 | Train Acc 78.2292 | Valid Acc 81.2500
2026-07-13 08:41:59 | Validation loss decreased (0.563426 --> 0.546733) in epoch (21). Saving model ...
2026-07-13 08:42:00 | TestSub: S7 | Epoch 22/100 Finsh | Now_lr 0.0005/0.0005 | Train Loss 0.5056 | Valid Loss 0.5396 | Train Acc 79.1667 | Valid Acc 79.6875
2026-07-13 08:42:00 | Validation loss decreased (0.546733 --> 0.539592) in epoch (22). Saving model ...
2026-07-13 08:42:00 | TestSub: S7 | Epoch 23/100 Finsh | Now_lr 0.0005/0.0005 | Train Loss 0.4986 | Valid Loss 0.5245 | Train Acc 78.8542 | Valid Acc 80.7292
2026-07-13 08:42:00 | Validation loss decreased (0.539592 --> 0.524487) in epoch (23). Saving model ...
2026-07-13 08:42:01 | TestSub: S7 | Epoch 24/100 Finsh | Now_lr 0.0005/0.0005 | Train Loss 0.4819 | Valid Loss 0.5189 | Train Acc 80.6771 | Valid Acc 80.7292
2026-07-13 08:42:01 | Validation loss decreased (0.524487 --> 0.518926) in epoch (24). Saving model ...
2026-07-13 08:42:02 | TestSub: S7 | Epoch 25/100 Finsh | Now_lr 0.0005/0.0005 | Train Loss 0.4815 | Valid Loss 0.5052 | Train Acc 79.7917 | Valid Acc 81.7708
2026-07-13 08:42:02 | Validation loss decreased (0.518926 --> 0.505247) in epoch (25). Saving model ...
2026-07-13 08:42:02 | TestSub: S7 | Epoch 26/100 Finsh | Now_lr 0.0005/0.0005 | Train Loss 0.4657 | Valid Loss 0.5074 | Train Acc 81.7188 | Valid Acc 81.7708
2026-07-13 08:42:03 | TestSub: S7 | Epoch 27/100 Finsh | Now_lr 0.0005/0.0005 | Train Loss 0.4673 | Valid Loss 0.4952 | Train Acc 80.3125 | Valid Acc 82.8125
2026-07-13 08:42:03 | Validation loss decreased (0.505247 --> 0.495187) in epoch (27). Saving model ...
2026-07-13 08:42:03 | TestSub: S7 | Epoch 28/100 Finsh | Now_lr 0.0005/0.0005 | Train Loss 0.4500 | Valid Loss 0.4853 | Train Acc 82.1875 | Valid Acc 83.3333
2026-07-13 08:42:03 | Validation loss decreased (0.495187 --> 0.485334) in epoch (28). Saving model ...
2026-07-13 08:42:04 | TestSub: S7 | Epoch 29/100 Finsh | Now_lr 0.0005/0.0005 | Train Loss 0.4587 | Valid Loss 0.5285 | Train Acc 80.9375 | Valid Acc 74.4792
2026-07-13 08:42:05 | TestSub: S7 | Epoch 30/100 Finsh | Now_lr 0.0005/0.0005 | Train Loss 0.4437 | Valid Loss 0.4716 | Train Acc 82.1875 | Valid Acc 83.8542
2026-07-13 08:42:05 | Validation loss decreased (0.485334 --> 0.471562) in epoch (30). Saving model ...
2026-07-13 08:42:05 | TestSub: S7 | Epoch 31/100 Finsh | Now_lr 0.0005/0.0005 | Train Loss 0.4492 | Valid Loss 0.4784 | Train Acc 81.0417 | Valid Acc 82.8125
2026-07-13 08:42:06 | TestSub: S7 | Epoch 32/100 Finsh | Now_lr 0.0005/0.0005 | Train Loss 0.4385 | Valid Loss 0.4943 | Train Acc 82.0833 | Valid Acc 79.6875
2026-07-13 08:42:06 | TestSub: S7 | Epoch 33/100 Finsh | Now_lr 0.0005/0.0005 | Train Loss 0.4180 | Valid Loss 0.4641 | Train Acc 84.8438 | Valid Acc 85.4167
2026-07-13 08:42:06 | Validation loss decreased (0.471562 --> 0.464146) in epoch (33). Saving model ...
2026-07-13 08:42:07 | TestSub: S7 | Epoch 34/100 Finsh | Now_lr 0.0005/0.0005 | Train Loss 0.4298 | Valid Loss 0.4822 | Train Acc 82.9688 | Valid Acc 81.2500
2026-07-13 08:42:08 | TestSub: S7 | Epoch 35/100 Finsh | Now_lr 0.0005/0.0005 | Train Loss 0.4226 | Valid Loss 0.4731 | Train Acc 83.0208 | Valid Acc 82.2917
2026-07-13 08:42:08 | TestSub: S7 | Epoch 36/100 Finsh | Now_lr 0.0005/0.0005 | Train Loss 0.4235 | Valid Loss 0.4471 | Train Acc 82.3958 | Valid Acc 85.4167
2026-07-13 08:42:08 | Validation loss decreased (0.464146 --> 0.447061) in epoch (36). Saving model ...
2026-07-13 08:42:09 | TestSub: S7 | Epoch 37/100 Finsh | Now_lr 0.0005/0.0005 | Train Loss 0.4174 | Valid Loss 0.4427 | Train Acc 84.2708 | Valid Acc 85.9375
2026-07-13 08:42:09 | Validation loss decreased (0.447061 --> 0.442747) in epoch (37). Saving model ...
2026-07-13 08:42:09 | TestSub: S7 | Epoch 38/100 Finsh | Now_lr 0.0005/0.0005 | Train Loss 0.4113 | Valid Loss 0.4579 | Train Acc 83.3854 | Valid Acc 81.7708
2026-07-13 08:42:10 | TestSub: S7 | Epoch 39/100 Finsh | Now_lr 0.0005/0.0005 | Train Loss 0.4087 | Valid Loss 0.4501 | Train Acc 83.8021 | Valid Acc 83.8542
2026-07-13 08:42:11 | TestSub: S7 | Epoch 40/100 Finsh | Now_lr 0.0005/0.0005 | Train Loss 0.4019 | Valid Loss 0.4357 | Train Acc 83.1771 | Valid Acc 85.9375
2026-07-13 08:42:11 | Validation loss decreased (0.442747 --> 0.435726) in epoch (40). Saving model ...
2026-07-13 08:42:11 | TestSub: S7 | Epoch 41/100 Finsh | Now_lr 0.0005/0.0005 | Train Loss 0.3973 | Valid Loss 0.4380 | Train Acc 85.6250 | Valid Acc 85.4167
2026-07-13 08:42:12 | TestSub: S7 | Epoch 42/100 Finsh | Now_lr 0.0005/0.0005 | Train Loss 0.3963 | Valid Loss 0.4513 | Train Acc 84.6354 | Valid Acc 81.7708
2026-07-13 08:42:12 | TestSub: S7 | Epoch 43/100 Finsh | Now_lr 0.0005/0.0005 | Train Loss 0.3862 | Valid Loss 0.4274 | Train Acc 84.1667 | Valid Acc 86.4583
2026-07-13 08:42:12 | Validation loss decreased (0.435726 --> 0.427446) in epoch (43). Saving model ...
2026-07-13 08:42:13 | TestSub: S7 | Epoch 44/100 Finsh | Now_lr 0.0005/0.0005 | Train Loss 0.3889 | Valid Loss 0.4313 | Train Acc 84.4271 | Valid Acc 85.4167
2026-07-13 08:42:14 | TestSub: S7 | Epoch 45/100 Finsh | Now_lr 0.0005/0.0005 | Train Loss 0.3692 | Valid Loss 0.4433 | Train Acc 85.8854 | Valid Acc 81.7708
2026-07-13 08:42:14 | TestSub: S7 | Epoch 46/100 Finsh | Now_lr 0.0005/0.0005 | Train Loss 0.3795 | Valid Loss 0.4151 | Train Acc 85.3125 | Valid Acc 85.4167
2026-07-13 08:42:14 | Validation loss decreased (0.427446 --> 0.415102) in epoch (46). Saving model ...
2026-07-13 08:42:15 | TestSub: S7 | Epoch 47/100 Finsh | Now_lr 0.0005/0.0005 | Train Loss 0.3816 | Valid Loss 0.4142 | Train Acc 85.7292 | Valid Acc 85.9375
2026-07-13 08:42:15 | Validation loss decreased (0.415102 --> 0.414210) in epoch (47). Saving model ...
2026-07-13 08:42:16 | TestSub: S7 | Epoch 48/100 Finsh | Now_lr 0.0005/0.0005 | Train Loss 0.3814 | Valid Loss 0.4164 | Train Acc 84.7396 | Valid Acc 84.8958
2026-07-13 08:42:16 | TestSub: S7 | Epoch 49/100 Finsh | Now_lr 0.0005/0.0005 | Train Loss 0.3669 | Valid Loss 0.4084 | Train Acc 85.8854 | Valid Acc 85.9375
2026-07-13 08:42:16 | Validation loss decreased (0.414210 --> 0.408352) in epoch (49). Saving model ...
2026-07-13 08:42:17 | TestSub: S7 | Epoch 50/100 Finsh | Now_lr 0.0005/0.0005 | Train Loss 0.3818 | Valid Loss 0.4071 | Train Acc 84.3229 | Valid Acc 86.4583
2026-07-13 08:42:17 | Validation loss decreased (0.408352 --> 0.407087) in epoch (50). Saving model ...
2026-07-13 08:42:17 | TestSub: S7 | Epoch 51/100 Finsh | Now_lr 0.0005/0.0005 | Train Loss 0.3655 | Valid Loss 0.4067 | Train Acc 85.4688 | Valid Acc 85.9375
2026-07-13 08:42:17 | Validation loss decreased (0.407087 --> 0.406727) in epoch (51). Saving model ...
2026-07-13 08:42:18 | TestSub: S7 | Epoch 52/100 Finsh | Now_lr 0.0005/0.0005 | Train Loss 0.3486 | Valid Loss 0.4167 | Train Acc 87.6562 | Valid Acc 84.8958
2026-07-13 08:42:19 | TestSub: S7 | Epoch 53/100 Finsh | Now_lr 0.0005/0.0005 | Train Loss 0.3584 | Valid Loss 0.4139 | Train Acc 86.3542 | Valid Acc 85.4167
2026-07-13 08:42:19 | TestSub: S7 | Epoch 54/100 Finsh | Now_lr 0.0005/0.0005 | Train Loss 0.3516 | Valid Loss 0.4083 | Train Acc 87.2917 | Valid Acc 84.3750
2026-07-13 08:42:20 | TestSub: S7 | Epoch 55/100 Finsh | Now_lr 0.0005/0.0005 | Train Loss 0.3489 | Valid Loss 0.3977 | Train Acc 87.6562 | Valid Acc 86.9792
2026-07-13 08:42:20 | Validation loss decreased (0.406727 --> 0.397743) in epoch (55). Saving model ...
2026-07-13 08:42:20 | TestSub: S7 | Epoch 56/100 Finsh | Now_lr 0.0005/0.0005 | Train Loss 0.3555 | Valid Loss 0.4158 | Train Acc 86.3542 | Valid Acc 83.3333
2026-07-13 08:42:21 | TestSub: S7 | Epoch 57/100 Finsh | Now_lr 0.0005/0.0005 | Train Loss 0.3488 | Valid Loss 0.4170 | Train Acc 86.3021 | Valid Acc 81.7708
2026-07-13 08:42:21 | TestSub: S7 | Epoch 58/100 Finsh | Now_lr 0.0005/0.0005 | Train Loss 0.3430 | Valid Loss 0.3944 | Train Acc 86.4583 | Valid Acc 84.8958
2026-07-13 08:42:21 | Validation loss decreased (0.397743 --> 0.394413) in epoch (58). Saving model ...
2026-07-13 08:42:22 | TestSub: S7 | Epoch 59/100 Finsh | Now_lr 0.0005/0.0005 | Train Loss 0.3511 | Valid Loss 0.4318 | Train Acc 86.7188 | Valid Acc 80.2083
2026-07-13 08:42:23 | TestSub: S7 | Epoch 60/100 Finsh | Now_lr 0.0005/0.0005 | Train Loss 0.3516 | Valid Loss 0.3952 | Train Acc 86.9271 | Valid Acc 85.4167
2026-07-13 08:42:24 | TestSub: S7 | Epoch 61/100 Finsh | Now_lr 0.0005/0.0005 | Train Loss 0.3428 | Valid Loss 0.3964 | Train Acc 86.9792 | Valid Acc 85.4167
2026-07-13 08:42:24 | TestSub: S7 | Epoch 62/100 Finsh | Now_lr 0.0005/0.0005 | Train Loss 0.3329 | Valid Loss 0.3853 | Train Acc 87.3958 | Valid Acc 84.8958
2026-07-13 08:42:24 | Validation loss decreased (0.394413 --> 0.385334) in epoch (62). Saving model ...
2026-07-13 08:42:25 | TestSub: S7 | Epoch 63/100 Finsh | Now_lr 0.0005/0.0005 | Train Loss 0.3333 | Valid Loss 0.3837 | Train Acc 87.7604 | Valid Acc 86.9792
2026-07-13 08:42:25 | Validation loss decreased (0.385334 --> 0.383679) in epoch (63). Saving model ...
2026-07-13 08:42:25 | TestSub: S7 | Epoch 64/100 Finsh | Now_lr 0.0005/0.0005 | Train Loss 0.3536 | Valid Loss 0.3844 | Train Acc 86.0938 | Valid Acc 86.4583
2026-07-13 08:42:26 | TestSub: S7 | Epoch 65/100 Finsh | Now_lr 0.0005/0.0005 | Train Loss 0.3387 | Valid Loss 0.3960 | Train Acc 87.2917 | Valid Acc 83.8542
2026-07-13 08:42:26 | TestSub: S7 | Epoch 66/100 Finsh | Now_lr 0.0005/0.0005 | Train Loss 0.3395 | Valid Loss 0.3635 | Train Acc 87.2396 | Valid Acc 86.4583
2026-07-13 08:42:26 | Validation loss decreased (0.383679 --> 0.363514) in epoch (66). Saving model ...
2026-07-13 08:42:27 | TestSub: S7 | Epoch 67/100 Finsh | Now_lr 0.0005/0.0005 | Train Loss 0.3385 | Valid Loss 0.3753 | Train Acc 86.8229 | Valid Acc 85.4167
2026-07-13 08:42:28 | TestSub: S7 | Epoch 68/100 Finsh | Now_lr 0.0005/0.0005 | Train Loss 0.3283 | Valid Loss 0.3721 | Train Acc 87.5000 | Valid Acc 85.9375
2026-07-13 08:42:28 | TestSub: S7 | Epoch 69/100 Finsh | Now_lr 0.0005/0.0005 | Train Loss 0.3231 | Valid Loss 0.3861 | Train Acc 87.8646 | Valid Acc 84.3750
2026-07-13 08:42:29 | TestSub: S7 | Epoch 70/100 Finsh | Now_lr 0.0005/0.0005 | Train Loss 0.3214 | Valid Loss 0.3690 | Train Acc 87.0833 | Valid Acc 85.9375
2026-07-13 08:42:29 | TestSub: S7 | Epoch 71/100 Finsh | Now_lr 0.0005/0.0005 | Train Loss 0.3195 | Valid Loss 0.3573 | Train Acc 87.7604 | Valid Acc 87.5000
2026-07-13 08:42:29 | Validation loss decreased (0.363514 --> 0.357268) in epoch (71). Saving model ...
2026-07-13 08:42:30 | TestSub: S7 | Epoch 72/100 Finsh | Now_lr 0.0005/0.0005 | Train Loss 0.3260 | Valid Loss 0.3613 | Train Acc 87.3958 | Valid Acc 85.9375
2026-07-13 08:42:31 | TestSub: S7 | Epoch 73/100 Finsh | Now_lr 0.0005/0.0005 | Train Loss 0.3308 | Valid Loss 0.3528 | Train Acc 87.6562 | Valid Acc 88.5417
2026-07-13 08:42:31 | Validation loss decreased (0.357268 --> 0.352809) in epoch (73). Saving model ...
2026-07-13 08:42:31 | TestSub: S7 | Epoch 74/100 Finsh | Now_lr 0.0005/0.0005 | Train Loss 0.3173 | Valid Loss 0.3590 | Train Acc 88.0208 | Valid Acc 87.5000
2026-07-13 08:42:32 | TestSub: S7 | Epoch 75/100 Finsh | Now_lr 0.0005/0.0005 | Train Loss 0.3267 | Valid Loss 0.3578 | Train Acc 87.3958 | Valid Acc 86.9792
2026-07-13 08:42:32 | TestSub: S7 | Epoch 76/100 Finsh | Now_lr 0.0005/0.0005 | Train Loss 0.3120 | Valid Loss 0.3497 | Train Acc 88.8542 | Valid Acc 88.0208
2026-07-13 08:42:32 | Validation loss decreased (0.352809 --> 0.349691) in epoch (76). Saving model ...
2026-07-13 08:42:33 | TestSub: S7 | Epoch 77/100 Finsh | Now_lr 0.0005/0.0005 | Train Loss 0.3006 | Valid Loss 0.3332 | Train Acc 88.8542 | Valid Acc 89.0625
2026-07-13 08:42:33 | Validation loss decreased (0.349691 --> 0.333236) in epoch (77). Saving model ...
2026-07-13 08:42:33 | TestSub: S7 | Epoch 78/100 Finsh | Now_lr 0.0005/0.0005 | Train Loss 0.3123 | Valid Loss 0.3521 | Train Acc 88.1250 | Valid Acc 84.8958
2026-07-13 08:42:34 | TestSub: S7 | Epoch 79/100 Finsh | Now_lr 0.0005/0.0005 | Train Loss 0.3206 | Valid Loss 0.3338 | Train Acc 86.9271 | Valid Acc 89.0625
2026-07-13 08:42:35 | TestSub: S7 | Epoch 80/100 Finsh | Now_lr 0.0005/0.0005 | Train Loss 0.3158 | Valid Loss 0.3358 | Train Acc 88.3854 | Valid Acc 87.5000
2026-07-13 08:42:35 | TestSub: S7 | Epoch 81/100 Finsh | Now_lr 0.0005/0.0005 | Train Loss 0.2985 | Valid Loss 0.3607 | Train Acc 89.0104 | Valid Acc 84.8958
2026-07-13 08:42:36 | TestSub: S7 | Epoch 82/100 Finsh | Now_lr 0.0005/0.0005 | Train Loss 0.3098 | Valid Loss 0.3382 | Train Acc 88.6458 | Valid Acc 88.5417
2026-07-13 08:42:36 | TestSub: S7 | Epoch 83/100 Finsh | Now_lr 0.0005/0.0005 | Train Loss 0.3059 | Valid Loss 0.3423 | Train Acc 88.8021 | Valid Acc 87.5000
2026-07-13 08:42:37 | TestSub: S7 | Epoch 84/100 Finsh | Now_lr 0.0005/0.0005 | Train Loss 0.2941 | Valid Loss 0.3421 | Train Acc 89.3750 | Valid Acc 87.5000
2026-07-13 08:42:38 | TestSub: S7 | Epoch 85/100 Finsh | Now_lr 0.0005/0.0005 | Train Loss 0.2974 | Valid Loss 0.3547 | Train Acc 89.0104 | Valid Acc 86.4583
2026-07-13 08:42:38 | TestSub: S7 | Epoch 86/100 Finsh | Now_lr 0.0005/0.0005 | Train Loss 0.3079 | Valid Loss 0.3447 | Train Acc 87.2396 | Valid Acc 87.5000
2026-07-13 08:42:39 | TestSub: S7 | Epoch 87/100 Finsh | Now_lr 0.0005/0.0005 | Train Loss 0.2902 | Valid Loss 0.3383 | Train Acc 89.4792 | Valid Acc 87.5000
2026-07-13 08:42:39 | TestSub: S7 | Epoch 88/100 Finsh | Now_lr 0.0005/0.0005 | Train Loss 0.3045 | Valid Loss 0.3316 | Train Acc 88.1771 | Valid Acc 89.0625
2026-07-13 08:42:39 | Validation loss decreased (0.333236 --> 0.331588) in epoch (88). Saving model ...
2026-07-13 08:42:40 | TestSub: S7 | Epoch 89/100 Finsh | Now_lr 0.0005/0.0005 | Train Loss 0.2992 | Valid Loss 0.3367 | Train Acc 89.4792 | Valid Acc 87.5000
2026-07-13 08:42:41 | TestSub: S7 | Epoch 90/100 Finsh | Now_lr 0.0005/0.0005 | Train Loss 0.2845 | Valid Loss 0.3278 | Train Acc 89.3750 | Valid Acc 89.0625
2026-07-13 08:42:41 | Validation loss decreased (0.331588 --> 0.327783) in epoch (90). Saving model ...
2026-07-13 08:42:41 | TestSub: S7 | Epoch 91/100 Finsh | Now_lr 0.0005/0.0005 | Train Loss 0.2871 | Valid Loss 0.3223 | Train Acc 89.6354 | Valid Acc 90.1042
2026-07-13 08:42:41 | Validation loss decreased (0.327783 --> 0.322292) in epoch (91). Saving model ...
2026-07-13 08:42:42 | TestSub: S7 | Epoch 92/100 Finsh | Now_lr 0.0005/0.0005 | Train Loss 0.3030 | Valid Loss 0.3255 | Train Acc 88.9062 | Valid Acc 87.5000
2026-07-13 08:42:42 | TestSub: S7 | Epoch 93/100 Finsh | Now_lr 0.0005/0.0005 | Train Loss 0.2894 | Valid Loss 0.3100 | Train Acc 89.5833 | Valid Acc 89.5833
2026-07-13 08:42:42 | Validation loss decreased (0.322292 --> 0.310034) in epoch (93). Saving model ...
2026-07-13 08:42:43 | TestSub: S7 | Epoch 94/100 Finsh | Now_lr 0.0005/0.0005 | Train Loss 0.3165 | Valid Loss 0.3170 | Train Acc 87.3958 | Valid Acc 90.1042
2026-07-13 08:42:44 | TestSub: S7 | Epoch 95/100 Finsh | Now_lr 0.0005/0.0005 | Train Loss 0.2811 | Valid Loss 0.3254 | Train Acc 90.0521 | Valid Acc 88.0208
2026-07-13 08:42:44 | TestSub: S7 | Epoch 96/100 Finsh | Now_lr 0.0005/0.0005 | Train Loss 0.2901 | Valid Loss 0.3180 | Train Acc 88.5938 | Valid Acc 89.0625
2026-07-13 08:42:45 | TestSub: S7 | Epoch 97/100 Finsh | Now_lr 0.0005/0.0005 | Train Loss 0.2844 | Valid Loss 0.3263 | Train Acc 89.4792 | Valid Acc 88.0208
2026-07-13 08:42:45 | TestSub: S7 | Epoch 98/100 Finsh | Now_lr 0.0005/0.0005 | Train Loss 0.2807 | Valid Loss 0.3339 | Train Acc 89.6354 | Valid Acc 86.4583
2026-07-13 08:42:46 | TestSub: S7 | Epoch 99/100 Finsh | Now_lr 0.0005/0.0005 | Train Loss 0.2829 | Valid Loss 0.3179 | Train Acc 89.3229 | Valid Acc 89.0625
2026-07-13 08:42:46 | TestSub: S7 | Epoch 100/100 Finsh | Now_lr 0.0005/0.0005 | Train Loss 0.2779 | Valid Loss 0.3183 | Train Acc 89.9479 | Valid Acc 89.0625
2026-07-13 08:42:47 | --------------------------------------------------
2026-07-13 08:42:47 | Test_Subject :S7 | Best epoch:93 | Test Loss:0.4827 | Savemodel Acc 82.0312
2026-07-13 08:42:47 | --------------------------------------------------
2026-07-13 08:42:47 | Best epoch: 93 | Test acc: 82.0312
