2026-07-13 08:43:53 | Logging started: ./writer/Subject_dependent_AAD/AVED/2.0s/result//Train2.0s_sub9.log
2026-07-13 08:43:56 | Sub_id: 9
2026-07-13 08:43:57 | TestSub: S9 | Epoch  1/100 Finsh | Now_lr 0.0005/0.0005 | Train Loss 0.7017 | Valid Loss 0.6909 | Train Acc 50.8333 | Valid Acc 51.5625
2026-07-13 08:43:57 | Validation loss decreased (inf --> 0.690939) in epoch (1). Saving model ...
2026-07-13 08:43:58 | TestSub: S9 | Epoch  2/100 Finsh | Now_lr 0.0005/0.0005 | Train Loss 0.6934 | Valid Loss 0.6914 | Train Acc 52.9688 | Valid Acc 50.0000
2026-07-13 08:43:59 | TestSub: S9 | Epoch  3/100 Finsh | Now_lr 0.0005/0.0005 | Train Loss 0.6881 | Valid Loss 0.6883 | Train Acc 54.7396 | Valid Acc 51.5625
2026-07-13 08:43:59 | Validation loss decreased (0.690939 --> 0.688285) in epoch (3). Saving model ...
2026-07-13 08:43:59 | TestSub: S9 | Epoch  4/100 Finsh | Now_lr 0.0005/0.0005 | Train Loss 0.6851 | Valid Loss 0.6857 | Train Acc 54.5833 | Valid Acc 51.5625
2026-07-13 08:43:59 | Validation loss decreased (0.688285 --> 0.685660) in epoch (4). Saving model ...
2026-07-13 08:44:00 | TestSub: S9 | Epoch  5/100 Finsh | Now_lr 0.0005/0.0005 | Train Loss 0.6804 | Valid Loss 0.6813 | Train Acc 55.8333 | Valid Acc 53.6458
2026-07-13 08:44:00 | Validation loss decreased (0.685660 --> 0.681323) in epoch (5). Saving model ...
2026-07-13 08:44:01 | TestSub: S9 | Epoch  6/100 Finsh | Now_lr 0.0005/0.0005 | Train Loss 0.6741 | Valid Loss 0.6762 | Train Acc 57.7604 | Valid Acc 54.1667
2026-07-13 08:44:01 | Validation loss decreased (0.681323 --> 0.676207) in epoch (6). Saving model ...
2026-07-13 08:44:01 | TestSub: S9 | Epoch  7/100 Finsh | Now_lr 0.0005/0.0005 | Train Loss 0.6623 | Valid Loss 0.6726 | Train Acc 61.9271 | Valid Acc 58.3333
2026-07-13 08:44:01 | Validation loss decreased (0.676207 --> 0.672621) in epoch (7). Saving model ...
2026-07-13 08:44:02 | TestSub: S9 | Epoch  8/100 Finsh | Now_lr 0.0005/0.0005 | Train Loss 0.6583 | Valid Loss 0.6686 | Train Acc 62.2917 | Valid Acc 58.3333
2026-07-13 08:44:02 | Validation loss decreased (0.672621 --> 0.668573) in epoch (8). Saving model ...
2026-07-13 08:44:03 | TestSub: S9 | Epoch  9/100 Finsh | Now_lr 0.0005/0.0005 | Train Loss 0.6508 | Valid Loss 0.6663 | Train Acc 62.6562 | Valid Acc 60.9375
2026-07-13 08:44:03 | Validation loss decreased (0.668573 --> 0.666280) in epoch (9). Saving model ...
2026-07-13 08:44:03 | TestSub: S9 | Epoch 10/100 Finsh | Now_lr 0.0005/0.0005 | Train Loss 0.6407 | Valid Loss 0.6560 | Train Acc 64.3229 | Valid Acc 66.1458
2026-07-13 08:44:03 | Validation loss decreased (0.666280 --> 0.655980) in epoch (10). Saving model ...
2026-07-13 08:44:04 | TestSub: S9 | Epoch 11/100 Finsh | Now_lr 0.0005/0.0005 | Train Loss 0.6259 | Valid Loss 0.6484 | Train Acc 66.6667 | Valid Acc 64.5833
2026-07-13 08:44:04 | Validation loss decreased (0.655980 --> 0.648372) in epoch (11). Saving model ...
2026-07-13 08:44:05 | TestSub: S9 | Epoch 12/100 Finsh | Now_lr 0.0005/0.0005 | Train Loss 0.6213 | Valid Loss 0.6400 | Train Acc 67.6562 | Valid Acc 67.1875
2026-07-13 08:44:05 | Validation loss decreased (0.648372 --> 0.640034) in epoch (12). Saving model ...
2026-07-13 08:44:05 | TestSub: S9 | Epoch 13/100 Finsh | Now_lr 0.0005/0.0005 | Train Loss 0.6023 | Valid Loss 0.6305 | Train Acc 70.1042 | Valid Acc 68.2292
2026-07-13 08:44:05 | Validation loss decreased (0.640034 --> 0.630524) in epoch (13). Saving model ...
2026-07-13 08:44:06 | TestSub: S9 | Epoch 14/100 Finsh | Now_lr 0.0005/0.0005 | Train Loss 0.6002 | Valid Loss 0.6223 | Train Acc 69.7396 | Valid Acc 71.3542
2026-07-13 08:44:06 | Validation loss decreased (0.630524 --> 0.622321) in epoch (14). Saving model ...
2026-07-13 08:44:06 | TestSub: S9 | Epoch 15/100 Finsh | Now_lr 0.0005/0.0005 | Train Loss 0.5881 | Valid Loss 0.6206 | Train Acc 70.9896 | Valid Acc 72.3958
2026-07-13 08:44:06 | Validation loss decreased (0.622321 --> 0.620561) in epoch (15). Saving model ...
2026-07-13 08:44:07 | TestSub: S9 | Epoch 16/100 Finsh | Now_lr 0.0005/0.0005 | Train Loss 0.5789 | Valid Loss 0.6096 | Train Acc 72.9688 | Valid Acc 73.9583
2026-07-13 08:44:07 | Validation loss decreased (0.620561 --> 0.609602) in epoch (16). Saving model ...
2026-07-13 08:44:08 | TestSub: S9 | Epoch 17/100 Finsh | Now_lr 0.0005/0.0005 | Train Loss 0.5760 | Valid Loss 0.5939 | Train Acc 72.4479 | Valid Acc 77.6042
2026-07-13 08:44:08 | Validation loss decreased (0.609602 --> 0.593853) in epoch (17). Saving model ...
2026-07-13 08:44:08 | TestSub: S9 | Epoch 18/100 Finsh | Now_lr 0.0005/0.0005 | Train Loss 0.5536 | Valid Loss 0.5853 | Train Acc 74.9479 | Valid Acc 76.5625
2026-07-13 08:44:08 | Validation loss decreased (0.593853 --> 0.585303) in epoch (18). Saving model ...
2026-07-13 08:44:09 | TestSub: S9 | Epoch 19/100 Finsh | Now_lr 0.0005/0.0005 | Train Loss 0.5452 | Valid Loss 0.5799 | Train Acc 75.0000 | Valid Acc 76.0417
2026-07-13 08:44:09 | Validation loss decreased (0.585303 --> 0.579873) in epoch (19). Saving model ...
2026-07-13 08:44:10 | TestSub: S9 | Epoch 20/100 Finsh | Now_lr 0.0005/0.0005 | Train Loss 0.5380 | Valid Loss 0.5786 | Train Acc 75.3646 | Valid Acc 72.3958
2026-07-13 08:44:10 | Validation loss decreased (0.579873 --> 0.578607) in epoch (20). Saving model ...
2026-07-13 08:44:10 | TestSub: S9 | Epoch 21/100 Finsh | Now_lr 0.0005/0.0005 | Train Loss 0.5261 | Valid Loss 0.5670 | Train Acc 76.7188 | Valid Acc 75.0000
2026-07-13 08:44:10 | Validation loss decreased (0.578607 --> 0.566957) in epoch (21). Saving model ...
2026-07-13 08:44:11 | TestSub: S9 | Epoch 22/100 Finsh | Now_lr 0.0005/0.0005 | Train Loss 0.5235 | Valid Loss 0.5510 | Train Acc 77.5000 | Valid Acc 76.0417
2026-07-13 08:44:11 | Validation loss decreased (0.566957 --> 0.551022) in epoch (22). Saving model ...
2026-07-13 08:44:11 | TestSub: S9 | Epoch 23/100 Finsh | Now_lr 0.0005/0.0005 | Train Loss 0.5121 | Valid Loss 0.5429 | Train Acc 77.8125 | Valid Acc 75.0000
2026-07-13 08:44:11 | Validation loss decreased (0.551022 --> 0.542901) in epoch (23). Saving model ...
2026-07-13 08:44:12 | TestSub: S9 | Epoch 24/100 Finsh | Now_lr 0.0005/0.0005 | Train Loss 0.4937 | Valid Loss 0.5365 | Train Acc 78.6458 | Valid Acc 78.6458
2026-07-13 08:44:12 | Validation loss decreased (0.542901 --> 0.536516) in epoch (24). Saving model ...
2026-07-13 08:44:13 | TestSub: S9 | Epoch 25/100 Finsh | Now_lr 0.0005/0.0005 | Train Loss 0.4861 | Valid Loss 0.5340 | Train Acc 79.4792 | Valid Acc 79.6875
2026-07-13 08:44:13 | Validation loss decreased (0.536516 --> 0.534019) in epoch (25). Saving model ...
2026-07-13 08:44:13 | TestSub: S9 | Epoch 26/100 Finsh | Now_lr 0.0005/0.0005 | Train Loss 0.4851 | Valid Loss 0.5188 | Train Acc 79.4271 | Valid Acc 80.2083
2026-07-13 08:44:13 | Validation loss decreased (0.534019 --> 0.518820) in epoch (26). Saving model ...
2026-07-13 08:44:14 | TestSub: S9 | Epoch 27/100 Finsh | Now_lr 0.0005/0.0005 | Train Loss 0.4943 | Valid Loss 0.5141 | Train Acc 77.6562 | Valid Acc 81.2500
2026-07-13 08:44:14 | Validation loss decreased (0.518820 --> 0.514081) in epoch (27). Saving model ...
2026-07-13 08:44:15 | TestSub: S9 | Epoch 28/100 Finsh | Now_lr 0.0005/0.0005 | Train Loss 0.4774 | Valid Loss 0.5076 | Train Acc 79.5833 | Valid Acc 79.6875
2026-07-13 08:44:15 | Validation loss decreased (0.514081 --> 0.507557) in epoch (28). Saving model ...
2026-07-13 08:44:15 | TestSub: S9 | Epoch 29/100 Finsh | Now_lr 0.0005/0.0005 | Train Loss 0.4681 | Valid Loss 0.5053 | Train Acc 79.7917 | Valid Acc 81.2500
2026-07-13 08:44:15 | Validation loss decreased (0.507557 --> 0.505314) in epoch (29). Saving model ...
2026-07-13 08:44:16 | TestSub: S9 | Epoch 30/100 Finsh | Now_lr 0.0005/0.0005 | Train Loss 0.4630 | Valid Loss 0.4901 | Train Acc 80.6771 | Valid Acc 79.1667
2026-07-13 08:44:16 | Validation loss decreased (0.505314 --> 0.490109) in epoch (30). Saving model ...
2026-07-13 08:44:16 | TestSub: S9 | Epoch 31/100 Finsh | Now_lr 0.0005/0.0005 | Train Loss 0.4611 | Valid Loss 0.4867 | Train Acc 79.3229 | Valid Acc 81.2500
2026-07-13 08:44:16 | Validation loss decreased (0.490109 --> 0.486677) in epoch (31). Saving model ...
2026-07-13 08:44:17 | TestSub: S9 | Epoch 32/100 Finsh | Now_lr 0.0005/0.0005 | Train Loss 0.4552 | Valid Loss 0.4738 | Train Acc 80.4688 | Valid Acc 80.7292
2026-07-13 08:44:17 | Validation loss decreased (0.486677 --> 0.473826) in epoch (32). Saving model ...
2026-07-13 08:44:18 | TestSub: S9 | Epoch 33/100 Finsh | Now_lr 0.0005/0.0005 | Train Loss 0.4373 | Valid Loss 0.4757 | Train Acc 81.1979 | Valid Acc 81.2500
2026-07-13 08:44:18 | TestSub: S9 | Epoch 34/100 Finsh | Now_lr 0.0005/0.0005 | Train Loss 0.4330 | Valid Loss 0.4701 | Train Acc 81.6667 | Valid Acc 78.6458
2026-07-13 08:44:18 | Validation loss decreased (0.473826 --> 0.470133) in epoch (34). Saving model ...
2026-07-13 08:44:19 | TestSub: S9 | Epoch 35/100 Finsh | Now_lr 0.0005/0.0005 | Train Loss 0.4365 | Valid Loss 0.4681 | Train Acc 81.4062 | Valid Acc 80.2083
2026-07-13 08:44:19 | Validation loss decreased (0.470133 --> 0.468086) in epoch (35). Saving model ...
2026-07-13 08:44:20 | TestSub: S9 | Epoch 36/100 Finsh | Now_lr 0.0005/0.0005 | Train Loss 0.4280 | Valid Loss 0.4591 | Train Acc 83.3854 | Valid Acc 84.3750
2026-07-13 08:44:20 | Validation loss decreased (0.468086 --> 0.459098) in epoch (36). Saving model ...
2026-07-13 08:44:20 | TestSub: S9 | Epoch 37/100 Finsh | Now_lr 0.0005/0.0005 | Train Loss 0.4223 | Valid Loss 0.4595 | Train Acc 82.7083 | Valid Acc 78.6458
2026-07-13 08:44:21 | TestSub: S9 | Epoch 38/100 Finsh | Now_lr 0.0005/0.0005 | Train Loss 0.4170 | Valid Loss 0.4540 | Train Acc 83.4896 | Valid Acc 78.6458
2026-07-13 08:44:21 | Validation loss decreased (0.459098 --> 0.454010) in epoch (38). Saving model ...
2026-07-13 08:44:21 | TestSub: S9 | Epoch 39/100 Finsh | Now_lr 0.0005/0.0005 | Train Loss 0.4141 | Valid Loss 0.4469 | Train Acc 83.3333 | Valid Acc 80.2083
2026-07-13 08:44:21 | Validation loss decreased (0.454010 --> 0.446900) in epoch (39). Saving model ...
2026-07-13 08:44:22 | TestSub: S9 | Epoch 40/100 Finsh | Now_lr 0.0005/0.0005 | Train Loss 0.4110 | Valid Loss 0.4455 | Train Acc 83.1250 | Valid Acc 81.7708
2026-07-13 08:44:22 | Validation loss decreased (0.446900 --> 0.445460) in epoch (40). Saving model ...
2026-07-13 08:44:23 | TestSub: S9 | Epoch 41/100 Finsh | Now_lr 0.0005/0.0005 | Train Loss 0.4124 | Valid Loss 0.4416 | Train Acc 82.9688 | Valid Acc 80.7292
2026-07-13 08:44:23 | Validation loss decreased (0.445460 --> 0.441565) in epoch (41). Saving model ...
2026-07-13 08:44:24 | TestSub: S9 | Epoch 42/100 Finsh | Now_lr 0.0005/0.0005 | Train Loss 0.3989 | Valid Loss 0.4417 | Train Acc 84.0625 | Valid Acc 79.6875
2026-07-13 08:44:24 | TestSub: S9 | Epoch 43/100 Finsh | Now_lr 0.0005/0.0005 | Train Loss 0.4035 | Valid Loss 0.4391 | Train Acc 82.1875 | Valid Acc 78.1250
2026-07-13 08:44:24 | Validation loss decreased (0.441565 --> 0.439139) in epoch (43). Saving model ...
2026-07-13 08:44:25 | TestSub: S9 | Epoch 44/100 Finsh | Now_lr 0.0005/0.0005 | Train Loss 0.3887 | Valid Loss 0.4321 | Train Acc 84.8958 | Valid Acc 81.2500
2026-07-13 08:44:25 | Validation loss decreased (0.439139 --> 0.432140) in epoch (44). Saving model ...
2026-07-13 08:44:26 | TestSub: S9 | Epoch 45/100 Finsh | Now_lr 0.0005/0.0005 | Train Loss 0.3861 | Valid Loss 0.4227 | Train Acc 83.9583 | Valid Acc 82.8125
2026-07-13 08:44:26 | Validation loss decreased (0.432140 --> 0.422735) in epoch (45). Saving model ...
2026-07-13 08:44:26 | TestSub: S9 | Epoch 46/100 Finsh | Now_lr 0.0005/0.0005 | Train Loss 0.3927 | Valid Loss 0.4165 | Train Acc 84.2708 | Valid Acc 83.8542
2026-07-13 08:44:26 | Validation loss decreased (0.422735 --> 0.416518) in epoch (46). Saving model ...
2026-07-13 08:44:27 | TestSub: S9 | Epoch 47/100 Finsh | Now_lr 0.0005/0.0005 | Train Loss 0.3906 | Valid Loss 0.4108 | Train Acc 84.0625 | Valid Acc 82.2917
2026-07-13 08:44:27 | Validation loss decreased (0.416518 --> 0.410845) in epoch (47). Saving model ...
2026-07-13 08:44:28 | TestSub: S9 | Epoch 48/100 Finsh | Now_lr 0.0005/0.0005 | Train Loss 0.3784 | Valid Loss 0.4080 | Train Acc 84.8958 | Valid Acc 82.8125
2026-07-13 08:44:28 | Validation loss decreased (0.410845 --> 0.407960) in epoch (48). Saving model ...
2026-07-13 08:44:28 | TestSub: S9 | Epoch 49/100 Finsh | Now_lr 0.0005/0.0005 | Train Loss 0.3841 | Valid Loss 0.4048 | Train Acc 84.3750 | Valid Acc 84.8958
2026-07-13 08:44:28 | Validation loss decreased (0.407960 --> 0.404821) in epoch (49). Saving model ...
2026-07-13 08:44:29 | TestSub: S9 | Epoch 50/100 Finsh | Now_lr 0.0005/0.0005 | Train Loss 0.3960 | Valid Loss 0.4113 | Train Acc 83.3854 | Valid Acc 81.7708
2026-07-13 08:44:30 | TestSub: S9 | Epoch 51/100 Finsh | Now_lr 0.0005/0.0005 | Train Loss 0.3695 | Valid Loss 0.4077 | Train Acc 85.7292 | Valid Acc 80.7292
2026-07-13 08:44:30 | TestSub: S9 | Epoch 52/100 Finsh | Now_lr 0.0005/0.0005 | Train Loss 0.3711 | Valid Loss 0.4021 | Train Acc 85.6250 | Valid Acc 84.8958
2026-07-13 08:44:30 | Validation loss decreased (0.404821 --> 0.402101) in epoch (52). Saving model ...
2026-07-13 08:44:31 | TestSub: S9 | Epoch 53/100 Finsh | Now_lr 0.0005/0.0005 | Train Loss 0.3647 | Valid Loss 0.3911 | Train Acc 85.2604 | Valid Acc 84.8958
2026-07-13 08:44:31 | Validation loss decreased (0.402101 --> 0.391095) in epoch (53). Saving model ...
2026-07-13 08:44:31 | TestSub: S9 | Epoch 54/100 Finsh | Now_lr 0.0005/0.0005 | Train Loss 0.3773 | Valid Loss 0.3959 | Train Acc 84.0625 | Valid Acc 82.8125
2026-07-13 08:44:32 | TestSub: S9 | Epoch 55/100 Finsh | Now_lr 0.0005/0.0005 | Train Loss 0.3691 | Valid Loss 0.3942 | Train Acc 85.8854 | Valid Acc 83.3333
2026-07-13 08:44:33 | TestSub: S9 | Epoch 56/100 Finsh | Now_lr 0.0005/0.0005 | Train Loss 0.3616 | Valid Loss 0.3999 | Train Acc 85.9896 | Valid Acc 83.3333
2026-07-13 08:44:33 | TestSub: S9 | Epoch 57/100 Finsh | Now_lr 0.0005/0.0005 | Train Loss 0.3555 | Valid Loss 0.3910 | Train Acc 86.0938 | Valid Acc 83.8542
2026-07-13 08:44:33 | Validation loss decreased (0.391095 --> 0.391036) in epoch (57). Saving model ...
2026-07-13 08:44:34 | TestSub: S9 | Epoch 58/100 Finsh | Now_lr 0.0005/0.0005 | Train Loss 0.3626 | Valid Loss 0.3868 | Train Acc 85.1042 | Valid Acc 83.8542
2026-07-13 08:44:34 | Validation loss decreased (0.391036 --> 0.386824) in epoch (58). Saving model ...
2026-07-13 08:44:34 | TestSub: S9 | Epoch 59/100 Finsh | Now_lr 0.0005/0.0005 | Train Loss 0.3684 | Valid Loss 0.3807 | Train Acc 86.4583 | Valid Acc 83.8542
2026-07-13 08:44:34 | Validation loss decreased (0.386824 --> 0.380718) in epoch (59). Saving model ...
2026-07-13 08:44:35 | TestSub: S9 | Epoch 60/100 Finsh | Now_lr 0.0005/0.0005 | Train Loss 0.3663 | Valid Loss 0.3869 | Train Acc 85.1042 | Valid Acc 82.8125
2026-07-13 08:44:35 | TestSub: S9 | Epoch 61/100 Finsh | Now_lr 0.0005/0.0005 | Train Loss 0.3443 | Valid Loss 0.3842 | Train Acc 86.6146 | Valid Acc 84.8958
2026-07-13 08:44:36 | TestSub: S9 | Epoch 62/100 Finsh | Now_lr 0.0005/0.0005 | Train Loss 0.3655 | Valid Loss 0.3778 | Train Acc 85.5208 | Valid Acc 84.3750
2026-07-13 08:44:36 | Validation loss decreased (0.380718 --> 0.377828) in epoch (62). Saving model ...
2026-07-13 08:44:37 | TestSub: S9 | Epoch 63/100 Finsh | Now_lr 0.0005/0.0005 | Train Loss 0.3594 | Valid Loss 0.3731 | Train Acc 85.8854 | Valid Acc 86.4583
2026-07-13 08:44:37 | Validation loss decreased (0.377828 --> 0.373114) in epoch (63). Saving model ...
2026-07-13 08:44:37 | TestSub: S9 | Epoch 64/100 Finsh | Now_lr 0.0005/0.0005 | Train Loss 0.3601 | Valid Loss 0.3730 | Train Acc 85.2083 | Valid Acc 85.4167
2026-07-13 08:44:37 | Validation loss decreased (0.373114 --> 0.372999) in epoch (64). Saving model ...
2026-07-13 08:44:38 | TestSub: S9 | Epoch 65/100 Finsh | Now_lr 0.0005/0.0005 | Train Loss 0.3466 | Valid Loss 0.3684 | Train Acc 85.8854 | Valid Acc 86.4583
2026-07-13 08:44:38 | Validation loss decreased (0.372999 --> 0.368368) in epoch (65). Saving model ...
2026-07-13 08:44:39 | TestSub: S9 | Epoch 66/100 Finsh | Now_lr 0.0005/0.0005 | Train Loss 0.3553 | Valid Loss 0.3701 | Train Acc 84.8438 | Valid Acc 86.9792
2026-07-13 08:44:39 | TestSub: S9 | Epoch 67/100 Finsh | Now_lr 0.0005/0.0005 | Train Loss 0.3478 | Valid Loss 0.3735 | Train Acc 85.5208 | Valid Acc 85.9375
2026-07-13 08:44:40 | TestSub: S9 | Epoch 68/100 Finsh | Now_lr 0.0005/0.0005 | Train Loss 0.3520 | Valid Loss 0.3729 | Train Acc 85.8854 | Valid Acc 84.3750
2026-07-13 08:44:40 | TestSub: S9 | Epoch 69/100 Finsh | Now_lr 0.0005/0.0005 | Train Loss 0.3380 | Valid Loss 0.3639 | Train Acc 86.7708 | Valid Acc 85.9375
2026-07-13 08:44:40 | Validation loss decreased (0.368368 --> 0.363879) in epoch (69). Saving model ...
2026-07-13 08:44:41 | TestSub: S9 | Epoch 70/100 Finsh | Now_lr 0.0005/0.0005 | Train Loss 0.3427 | Valid Loss 0.3671 | Train Acc 87.2396 | Valid Acc 85.4167
2026-07-13 08:44:41 | TestSub: S9 | Epoch 71/100 Finsh | Now_lr 0.0005/0.0005 | Train Loss 0.3391 | Valid Loss 0.3704 | Train Acc 86.7708 | Valid Acc 83.8542
2026-07-13 08:44:42 | TestSub: S9 | Epoch 72/100 Finsh | Now_lr 0.0005/0.0005 | Train Loss 0.3271 | Valid Loss 0.3613 | Train Acc 87.2396 | Valid Acc 85.9375
2026-07-13 08:44:42 | Validation loss decreased (0.363879 --> 0.361306) in epoch (72). Saving model ...
2026-07-13 08:44:43 | TestSub: S9 | Epoch 73/100 Finsh | Now_lr 0.0005/0.0005 | Train Loss 0.3348 | Valid Loss 0.3576 | Train Acc 85.6771 | Valid Acc 85.9375
2026-07-13 08:44:43 | Validation loss decreased (0.361306 --> 0.357606) in epoch (73). Saving model ...
2026-07-13 08:44:43 | TestSub: S9 | Epoch 74/100 Finsh | Now_lr 0.0005/0.0005 | Train Loss 0.3310 | Valid Loss 0.3572 | Train Acc 87.4479 | Valid Acc 85.4167
2026-07-13 08:44:43 | Validation loss decreased (0.357606 --> 0.357247) in epoch (74). Saving model ...
2026-07-13 08:44:44 | TestSub: S9 | Epoch 75/100 Finsh | Now_lr 0.0005/0.0005 | Train Loss 0.3280 | Valid Loss 0.3583 | Train Acc 86.6146 | Valid Acc 84.8958
2026-07-13 08:44:45 | TestSub: S9 | Epoch 76/100 Finsh | Now_lr 0.0005/0.0005 | Train Loss 0.3357 | Valid Loss 0.3552 | Train Acc 86.6667 | Valid Acc 83.8542
2026-07-13 08:44:45 | Validation loss decreased (0.357247 --> 0.355169) in epoch (76). Saving model ...
2026-07-13 08:44:45 | TestSub: S9 | Epoch 77/100 Finsh | Now_lr 0.0005/0.0005 | Train Loss 0.3364 | Valid Loss 0.3468 | Train Acc 86.9792 | Valid Acc 86.9792
2026-07-13 08:44:45 | Validation loss decreased (0.355169 --> 0.346828) in epoch (77). Saving model ...
2026-07-13 08:44:46 | TestSub: S9 | Epoch 78/100 Finsh | Now_lr 0.0005/0.0005 | Train Loss 0.3354 | Valid Loss 0.3480 | Train Acc 86.3542 | Valid Acc 86.4583
2026-07-13 08:44:46 | TestSub: S9 | Epoch 79/100 Finsh | Now_lr 0.0005/0.0005 | Train Loss 0.3318 | Valid Loss 0.3516 | Train Acc 86.8229 | Valid Acc 86.9792
2026-07-13 08:44:47 | TestSub: S9 | Epoch 80/100 Finsh | Now_lr 0.0005/0.0005 | Train Loss 0.3340 | Valid Loss 0.3450 | Train Acc 85.6771 | Valid Acc 88.0208
2026-07-13 08:44:47 | Validation loss decreased (0.346828 --> 0.345026) in epoch (80). Saving model ...
2026-07-13 08:44:48 | TestSub: S9 | Epoch 81/100 Finsh | Now_lr 0.0005/0.0005 | Train Loss 0.3256 | Valid Loss 0.3388 | Train Acc 87.1875 | Valid Acc 88.0208
2026-07-13 08:44:48 | Validation loss decreased (0.345026 --> 0.338842) in epoch (81). Saving model ...
2026-07-13 08:44:48 | TestSub: S9 | Epoch 82/100 Finsh | Now_lr 0.0005/0.0005 | Train Loss 0.3280 | Valid Loss 0.3495 | Train Acc 86.8750 | Valid Acc 88.5417
2026-07-13 08:44:49 | TestSub: S9 | Epoch 83/100 Finsh | Now_lr 0.0005/0.0005 | Train Loss 0.3227 | Valid Loss 0.3431 | Train Acc 87.1354 | Valid Acc 88.0208
2026-07-13 08:44:49 | TestSub: S9 | Epoch 84/100 Finsh | Now_lr 0.0005/0.0005 | Train Loss 0.3333 | Valid Loss 0.3464 | Train Acc 86.1458 | Valid Acc 86.4583
2026-07-13 08:44:50 | TestSub: S9 | Epoch 85/100 Finsh | Now_lr 0.0005/0.0005 | Train Loss 0.3172 | Valid Loss 0.3413 | Train Acc 87.6042 | Valid Acc 86.4583
2026-07-13 08:44:51 | TestSub: S9 | Epoch 86/100 Finsh | Now_lr 0.0005/0.0005 | Train Loss 0.3235 | Valid Loss 0.3427 | Train Acc 87.0312 | Valid Acc 86.4583
2026-07-13 08:44:51 | TestSub: S9 | Epoch 87/100 Finsh | Now_lr 0.0005/0.0005 | Train Loss 0.3263 | Valid Loss 0.3331 | Train Acc 87.2396 | Valid Acc 87.5000
2026-07-13 08:44:51 | Validation loss decreased (0.338842 --> 0.333050) in epoch (87). Saving model ...
2026-07-13 08:44:52 | TestSub: S9 | Epoch 88/100 Finsh | Now_lr 0.0005/0.0005 | Train Loss 0.3189 | Valid Loss 0.3335 | Train Acc 86.8750 | Valid Acc 88.5417
2026-07-13 08:44:52 | TestSub: S9 | Epoch 89/100 Finsh | Now_lr 0.0005/0.0005 | Train Loss 0.3221 | Valid Loss 0.3346 | Train Acc 88.1250 | Valid Acc 88.0208
2026-07-13 08:44:53 | TestSub: S9 | Epoch 90/100 Finsh | Now_lr 0.0005/0.0005 | Train Loss 0.3184 | Valid Loss 0.3408 | Train Acc 86.9792 | Valid Acc 86.4583
2026-07-13 08:44:53 | TestSub: S9 | Epoch 91/100 Finsh | Now_lr 0.0005/0.0005 | Train Loss 0.3259 | Valid Loss 0.3319 | Train Acc 86.8229 | Valid Acc 88.0208
2026-07-13 08:44:53 | Validation loss decreased (0.333050 --> 0.331938) in epoch (91). Saving model ...
2026-07-13 08:44:54 | TestSub: S9 | Epoch 92/100 Finsh | Now_lr 0.0005/0.0005 | Train Loss 0.3290 | Valid Loss 0.3350 | Train Acc 85.7812 | Valid Acc 88.5417
2026-07-13 08:44:55 | TestSub: S9 | Epoch 93/100 Finsh | Now_lr 0.0005/0.0005 | Train Loss 0.3160 | Valid Loss 0.3401 | Train Acc 87.2917 | Valid Acc 85.9375
2026-07-13 08:44:55 | TestSub: S9 | Epoch 94/100 Finsh | Now_lr 0.0005/0.0005 | Train Loss 0.3183 | Valid Loss 0.3263 | Train Acc 86.9271 | Valid Acc 87.5000
2026-07-13 08:44:55 | Validation loss decreased (0.331938 --> 0.326251) in epoch (94). Saving model ...
2026-07-13 08:44:56 | TestSub: S9 | Epoch 95/100 Finsh | Now_lr 0.0005/0.0005 | Train Loss 0.3071 | Valid Loss 0.3268 | Train Acc 87.9167 | Valid Acc 88.0208
2026-07-13 08:44:57 | TestSub: S9 | Epoch 96/100 Finsh | Now_lr 0.0005/0.0005 | Train Loss 0.3205 | Valid Loss 0.3267 | Train Acc 87.0833 | Valid Acc 89.0625
2026-07-13 08:44:57 | TestSub: S9 | Epoch 97/100 Finsh | Now_lr 0.0005/0.0005 | Train Loss 0.2964 | Valid Loss 0.3272 | Train Acc 89.3229 | Valid Acc 89.0625
2026-07-13 08:44:58 | TestSub: S9 | Epoch 98/100 Finsh | Now_lr 0.0005/0.0005 | Train Loss 0.3129 | Valid Loss 0.3200 | Train Acc 87.5521 | Valid Acc 88.0208
2026-07-13 08:44:58 | Validation loss decreased (0.326251 --> 0.320019) in epoch (98). Saving model ...
2026-07-13 08:44:58 | TestSub: S9 | Epoch 99/100 Finsh | Now_lr 0.0005/0.0005 | Train Loss 0.3048 | Valid Loss 0.3277 | Train Acc 88.7500 | Valid Acc 88.0208
2026-07-13 08:44:59 | TestSub: S9 | Epoch 100/100 Finsh | Now_lr 0.0005/0.0005 | Train Loss 0.3160 | Valid Loss 0.3257 | Train Acc 87.0312 | Valid Acc 86.9792
2026-07-13 08:44:59 | --------------------------------------------------
2026-07-13 08:44:59 | Test_Subject :S9 | Best epoch:98 | Test Loss:0.4183 | Savemodel Acc 83.5938
2026-07-13 08:44:59 | --------------------------------------------------
2026-07-13 08:44:59 | Best epoch: 98 | Test acc: 83.5938
