2026-07-15 12:14:57 | Logging started: ./writer/Subject_independent_AAD/DTU/1.0s/result//Train1.0s_sub14.log
2026-07-15 12:15:39 | TestSub: S14 | Epoch  1/100 Finsh | Now_lr 0.0005/0.0005 | Train Loss 0.6770 | Valid Loss 0.6968 | Train Acc 56.9066 | Valid Acc 51.9231
2026-07-15 12:15:53 | TestSub: S14 | Epoch  2/100 Finsh | Now_lr 0.0005/0.0005 | Train Loss 0.6550 | Valid Loss 0.7044 | Train Acc 60.8384 | Valid Acc 52.4038
2026-07-15 12:16:06 | TestSub: S14 | Epoch  3/100 Finsh | Now_lr 0.0005/0.0005 | Train Loss 0.6423 | Valid Loss 0.7196 | Train Acc 62.4480 | Valid Acc 49.3819
2026-07-15 12:16:20 | TestSub: S14 | Epoch  4/100 Finsh | Now_lr 0.0005/0.0005 | Train Loss 0.6337 | Valid Loss 0.7336 | Train Acc 63.6651 | Valid Acc 51.7514
2026-07-15 12:16:34 | TestSub: S14 | Epoch  5/100 Finsh | Now_lr 0.0005/0.0005 | Train Loss 0.6234 | Valid Loss 0.7407 | Train Acc 64.6681 | Valid Acc 48.7981
2026-07-15 12:16:47 | TestSub: S14 | Epoch  6/100 Finsh | Now_lr 0.0005/0.0005 | Train Loss 0.6160 | Valid Loss 0.7410 | Train Acc 65.3808 | Valid Acc 48.4547
2026-07-15 12:17:01 | TestSub: S14 | Epoch  7/100 Finsh | Now_lr 0.0005/0.0005 | Train Loss 0.6088 | Valid Loss 0.7529 | Train Acc 66.1075 | Valid Acc 49.0385
2026-07-15 12:17:15 | TestSub: S14 | Epoch  8/100 Finsh | Now_lr 0.0005/0.0005 | Train Loss 0.6027 | Valid Loss 0.7496 | Train Acc 66.4838 | Valid Acc 50.1717
2026-07-15 12:17:29 | TestSub: S14 | Epoch  9/100 Finsh | Now_lr 0.0005/0.0005 | Train Loss 0.5962 | Valid Loss 0.7577 | Train Acc 67.1425 | Valid Acc 50.9615
2026-07-15 12:17:42 | TestSub: S14 | Epoch 10/100 Finsh | Now_lr 0.0005/0.0005 | Train Loss 0.5951 | Valid Loss 0.7650 | Train Acc 67.2125 | Valid Acc 50.5151
2026-07-15 12:17:56 | TestSub: S14 | Epoch 11/100 Finsh | Now_lr 0.0005/0.0005 | Train Loss 0.5895 | Valid Loss 0.7598 | Train Acc 67.7070 | Valid Acc 50.7555
2026-07-15 12:18:10 | TestSub: S14 | Epoch 12/100 Finsh | Now_lr 0.0005/0.0005 | Train Loss 0.5848 | Valid Loss 0.7851 | Train Acc 68.1134 | Valid Acc 50.2404
2026-07-15 12:18:23 | TestSub: S14 | Epoch 13/100 Finsh | Now_lr 0.0005/0.0005 | Train Loss 0.5828 | Valid Loss 0.7842 | Train Acc 68.1054 | Valid Acc 50.3777
2026-07-15 12:18:37 | TestSub: S14 | Epoch 14/100 Finsh | Now_lr 0.0005/0.0005 | Train Loss 0.5813 | Valid Loss 0.8100 | Train Acc 68.4457 | Valid Acc 48.4547
2026-07-15 12:18:51 | TestSub: S14 | Epoch 15/100 Finsh | Now_lr 0.0005/0.0005 | Train Loss 0.5786 | Valid Loss 0.8085 | Train Acc 68.7200 | Valid Acc 49.4162
2026-07-15 12:19:05 | TestSub: S14 | Epoch 16/100 Finsh | Now_lr 0.0005/0.0005 | Train Loss 0.5779 | Valid Loss 0.8098 | Train Acc 68.7420 | Valid Acc 49.8283
2026-07-15 12:19:18 | TestSub: S14 | Epoch 17/100 Finsh | Now_lr 0.0005/0.0005 | Train Loss 0.5780 | Valid Loss 0.7915 | Train Acc 68.6859 | Valid Acc 49.6909
2026-07-15 12:19:32 | TestSub: S14 | Epoch 18/100 Finsh | Now_lr 0.0005/0.0005 | Train Loss 0.5737 | Valid Loss 0.7972 | Train Acc 69.1644 | Valid Acc 49.8970
2026-07-15 12:19:46 | TestSub: S14 | Epoch 19/100 Finsh | Now_lr 0.0005/0.0005 | Train Loss 0.5753 | Valid Loss 0.7963 | Train Acc 69.0062 | Valid Acc 49.3819
2026-07-15 12:19:59 | TestSub: S14 | Epoch 20/100 Finsh | Now_lr 0.0005/0.0005 | Train Loss 0.5739 | Valid Loss 0.8122 | Train Acc 69.1884 | Valid Acc 50.8585
2026-07-15 12:20:13 | TestSub: S14 | Epoch 21/100 Finsh | Now_lr 0.0005/0.0005 | Train Loss 0.5715 | Valid Loss 0.8315 | Train Acc 69.0042 | Valid Acc 49.2788
2026-07-15 12:20:27 | TestSub: S14 | Epoch 22/100 Finsh | Now_lr 0.0005/0.0005 | Train Loss 0.5711 | Valid Loss 0.7918 | Train Acc 69.3386 | Valid Acc 49.7253
2026-07-15 12:20:40 | TestSub: S14 | Epoch 23/100 Finsh | Now_lr 0.0005/0.0005 | Train Loss 0.5702 | Valid Loss 0.8057 | Train Acc 69.3566 | Valid Acc 50.7555
2026-07-15 12:20:41 | --------------------------------------------------
2026-07-15 12:20:41 | Test_Subject :S14 | Best epoch:2 | Test Loss:0.7044 | Savemodel Acc 52.4038
2026-07-15 12:20:41 | --------------------------------------------------
2026-07-15 12:20:41 | Best epoch: 2 | Test acc: 52.4038
