2026-07-16 00:20:20 | Logging started: ./writer/Subject_independent_AAD/AVEDav/10.0s/result//Train10.0s_sub1.log
2026-07-16 00:20:37 | TestSub: S1 | Epoch  1/100 Finsh | Now_lr 0.0005/0.0005 | Train Loss 0.7042 | Valid Loss 0.6909 | Train Acc 49.3269 | Valid Acc 52.9018
2026-07-16 00:20:41 | TestSub: S1 | Epoch  2/100 Finsh | Now_lr 0.0005/0.0005 | Train Loss 0.6918 | Valid Loss 0.6921 | Train Acc 52.8606 | Valid Acc 51.3393
2026-07-16 00:20:45 | TestSub: S1 | Epoch  3/100 Finsh | Now_lr 0.0005/0.0005 | Train Loss 0.6846 | Valid Loss 0.6884 | Train Acc 55.2885 | Valid Acc 55.1339
2026-07-16 00:20:49 | TestSub: S1 | Epoch  4/100 Finsh | Now_lr 0.0005/0.0005 | Train Loss 0.6797 | Valid Loss 0.6857 | Train Acc 56.7067 | Valid Acc 54.4643
2026-07-16 00:20:53 | TestSub: S1 | Epoch  5/100 Finsh | Now_lr 0.0005/0.0005 | Train Loss 0.6739 | Valid Loss 0.6879 | Train Acc 59.0144 | Valid Acc 56.2500
2026-07-16 00:20:57 | TestSub: S1 | Epoch  6/100 Finsh | Now_lr 0.0005/0.0005 | Train Loss 0.6680 | Valid Loss 0.6890 | Train Acc 60.3606 | Valid Acc 54.6875
2026-07-16 00:21:02 | TestSub: S1 | Epoch  7/100 Finsh | Now_lr 0.0005/0.0005 | Train Loss 0.6632 | Valid Loss 0.6849 | Train Acc 59.8077 | Valid Acc 56.4732
2026-07-16 00:21:06 | TestSub: S1 | Epoch  8/100 Finsh | Now_lr 0.0005/0.0005 | Train Loss 0.6577 | Valid Loss 0.6847 | Train Acc 60.0481 | Valid Acc 53.5714
2026-07-16 00:21:10 | TestSub: S1 | Epoch  9/100 Finsh | Now_lr 0.0005/0.0005 | Train Loss 0.6559 | Valid Loss 0.6805 | Train Acc 60.7692 | Valid Acc 60.2679
2026-07-16 00:21:14 | TestSub: S1 | Epoch 10/100 Finsh | Now_lr 0.0005/0.0005 | Train Loss 0.6486 | Valid Loss 0.6786 | Train Acc 62.2356 | Valid Acc 57.8125
2026-07-16 00:21:18 | TestSub: S1 | Epoch 11/100 Finsh | Now_lr 0.0005/0.0005 | Train Loss 0.6456 | Valid Loss 0.6772 | Train Acc 62.2115 | Valid Acc 58.7054
2026-07-16 00:21:22 | TestSub: S1 | Epoch 12/100 Finsh | Now_lr 0.0005/0.0005 | Train Loss 0.6409 | Valid Loss 0.6733 | Train Acc 63.4375 | Valid Acc 57.5893
2026-07-16 00:21:26 | TestSub: S1 | Epoch 13/100 Finsh | Now_lr 0.0005/0.0005 | Train Loss 0.6336 | Valid Loss 0.6713 | Train Acc 64.3029 | Valid Acc 60.4911
2026-07-16 00:21:31 | TestSub: S1 | Epoch 14/100 Finsh | Now_lr 0.0005/0.0005 | Train Loss 0.6296 | Valid Loss 0.6752 | Train Acc 65.2644 | Valid Acc 57.8125
2026-07-16 00:21:35 | TestSub: S1 | Epoch 15/100 Finsh | Now_lr 0.0005/0.0005 | Train Loss 0.6293 | Valid Loss 0.6713 | Train Acc 65.5288 | Valid Acc 59.3750
2026-07-16 00:21:39 | TestSub: S1 | Epoch 16/100 Finsh | Now_lr 0.0005/0.0005 | Train Loss 0.6325 | Valid Loss 0.6659 | Train Acc 64.1587 | Valid Acc 62.5000
2026-07-16 00:21:43 | TestSub: S1 | Epoch 17/100 Finsh | Now_lr 0.0005/0.0005 | Train Loss 0.6230 | Valid Loss 0.6716 | Train Acc 64.2788 | Valid Acc 57.3661
2026-07-16 00:21:47 | TestSub: S1 | Epoch 18/100 Finsh | Now_lr 0.0005/0.0005 | Train Loss 0.6215 | Valid Loss 0.6718 | Train Acc 65.1442 | Valid Acc 58.4821
2026-07-16 00:21:52 | TestSub: S1 | Epoch 19/100 Finsh | Now_lr 0.0005/0.0005 | Train Loss 0.6176 | Valid Loss 0.6676 | Train Acc 65.8173 | Valid Acc 59.5982
2026-07-16 00:21:56 | TestSub: S1 | Epoch 20/100 Finsh | Now_lr 0.0005/0.0005 | Train Loss 0.6121 | Valid Loss 0.6686 | Train Acc 66.9471 | Valid Acc 59.5982
2026-07-16 00:22:00 | TestSub: S1 | Epoch 21/100 Finsh | Now_lr 0.0005/0.0005 | Train Loss 0.6083 | Valid Loss 0.6630 | Train Acc 66.9471 | Valid Acc 60.9375
2026-07-16 00:22:04 | TestSub: S1 | Epoch 22/100 Finsh | Now_lr 0.0005/0.0005 | Train Loss 0.6118 | Valid Loss 0.6624 | Train Acc 66.6346 | Valid Acc 60.9375
2026-07-16 00:22:08 | TestSub: S1 | Epoch 23/100 Finsh | Now_lr 0.0005/0.0005 | Train Loss 0.6072 | Valid Loss 0.6632 | Train Acc 66.7788 | Valid Acc 58.2589
2026-07-16 00:22:12 | TestSub: S1 | Epoch 24/100 Finsh | Now_lr 0.0005/0.0005 | Train Loss 0.6005 | Valid Loss 0.6652 | Train Acc 66.9952 | Valid Acc 58.2589
2026-07-16 00:22:17 | TestSub: S1 | Epoch 25/100 Finsh | Now_lr 0.0005/0.0005 | Train Loss 0.5986 | Valid Loss 0.6669 | Train Acc 67.5481 | Valid Acc 57.5893
2026-07-16 00:22:21 | TestSub: S1 | Epoch 26/100 Finsh | Now_lr 0.0005/0.0005 | Train Loss 0.5960 | Valid Loss 0.6706 | Train Acc 67.9808 | Valid Acc 59.1518
2026-07-16 00:22:25 | TestSub: S1 | Epoch 27/100 Finsh | Now_lr 0.0005/0.0005 | Train Loss 0.5922 | Valid Loss 0.6681 | Train Acc 68.2452 | Valid Acc 59.3750
2026-07-16 00:22:29 | TestSub: S1 | Epoch 28/100 Finsh | Now_lr 0.0005/0.0005 | Train Loss 0.5908 | Valid Loss 0.6675 | Train Acc 68.3173 | Valid Acc 60.0446
2026-07-16 00:22:33 | TestSub: S1 | Epoch 29/100 Finsh | Now_lr 0.0005/0.0005 | Train Loss 0.5830 | Valid Loss 0.6592 | Train Acc 69.2308 | Valid Acc 60.4911
2026-07-16 00:22:37 | TestSub: S1 | Epoch 30/100 Finsh | Now_lr 0.0005/0.0005 | Train Loss 0.5849 | Valid Loss 0.6595 | Train Acc 68.4135 | Valid Acc 60.2679
2026-07-16 00:22:42 | TestSub: S1 | Epoch 31/100 Finsh | Now_lr 0.0005/0.0005 | Train Loss 0.5874 | Valid Loss 0.6586 | Train Acc 67.7885 | Valid Acc 60.4911
2026-07-16 00:22:46 | TestSub: S1 | Epoch 32/100 Finsh | Now_lr 0.0005/0.0005 | Train Loss 0.5708 | Valid Loss 0.6553 | Train Acc 69.3029 | Valid Acc 63.8393
2026-07-16 00:22:50 | TestSub: S1 | Epoch 33/100 Finsh | Now_lr 0.0005/0.0005 | Train Loss 0.5760 | Valid Loss 0.6679 | Train Acc 68.9663 | Valid Acc 59.8214
2026-07-16 00:22:54 | TestSub: S1 | Epoch 34/100 Finsh | Now_lr 0.0005/0.0005 | Train Loss 0.5717 | Valid Loss 0.6716 | Train Acc 69.8317 | Valid Acc 58.2589
2026-07-16 00:22:58 | TestSub: S1 | Epoch 35/100 Finsh | Now_lr 0.0005/0.0005 | Train Loss 0.5695 | Valid Loss 0.6730 | Train Acc 70.0721 | Valid Acc 58.9286
2026-07-16 00:23:04 | TestSub: S1 | Epoch 36/100 Finsh | Now_lr 0.0005/0.0005 | Train Loss 0.5636 | Valid Loss 0.6735 | Train Acc 70.3846 | Valid Acc 58.4821
2026-07-16 00:23:09 | TestSub: S1 | Epoch 37/100 Finsh | Now_lr 0.0005/0.0005 | Train Loss 0.5689 | Valid Loss 0.6726 | Train Acc 69.2788 | Valid Acc 57.5893
2026-07-16 00:23:13 | TestSub: S1 | Epoch 38/100 Finsh | Now_lr 0.0005/0.0005 | Train Loss 0.5687 | Valid Loss 0.6668 | Train Acc 70.8413 | Valid Acc 59.3750
2026-07-16 00:23:17 | TestSub: S1 | Epoch 39/100 Finsh | Now_lr 0.0005/0.0005 | Train Loss 0.5680 | Valid Loss 0.6731 | Train Acc 69.7837 | Valid Acc 59.8214
2026-07-16 00:23:21 | TestSub: S1 | Epoch 40/100 Finsh | Now_lr 0.0005/0.0005 | Train Loss 0.5686 | Valid Loss 0.6692 | Train Acc 69.7837 | Valid Acc 60.4911
2026-07-16 00:23:25 | TestSub: S1 | Epoch 41/100 Finsh | Now_lr 0.0005/0.0005 | Train Loss 0.5563 | Valid Loss 0.6657 | Train Acc 71.0337 | Valid Acc 58.7054
2026-07-16 00:23:30 | TestSub: S1 | Epoch 42/100 Finsh | Now_lr 0.0005/0.0005 | Train Loss 0.5646 | Valid Loss 0.6757 | Train Acc 70.4808 | Valid Acc 57.5893
2026-07-16 00:23:34 | TestSub: S1 | Epoch 43/100 Finsh | Now_lr 0.0005/0.0005 | Train Loss 0.5687 | Valid Loss 0.6671 | Train Acc 69.4712 | Valid Acc 61.1607
2026-07-16 00:23:38 | TestSub: S1 | Epoch 44/100 Finsh | Now_lr 0.0005/0.0005 | Train Loss 0.5522 | Valid Loss 0.6986 | Train Acc 72.1154 | Valid Acc 57.5893
2026-07-16 00:23:42 | TestSub: S1 | Epoch 45/100 Finsh | Now_lr 0.0005/0.0005 | Train Loss 0.5480 | Valid Loss 0.6720 | Train Acc 71.7788 | Valid Acc 60.7143
2026-07-16 00:23:46 | TestSub: S1 | Epoch 46/100 Finsh | Now_lr 0.0005/0.0005 | Train Loss 0.5495 | Valid Loss 0.6715 | Train Acc 71.7788 | Valid Acc 59.5982
2026-07-16 00:23:53 | TestSub: S1 | Epoch 47/100 Finsh | Now_lr 0.0005/0.0005 | Train Loss 0.5551 | Valid Loss 0.6704 | Train Acc 70.9856 | Valid Acc 58.4821
2026-07-16 00:23:57 | TestSub: S1 | Epoch 48/100 Finsh | Now_lr 0.0005/0.0005 | Train Loss 0.5581 | Valid Loss 0.6743 | Train Acc 70.7452 | Valid Acc 60.9375
2026-07-16 00:24:02 | TestSub: S1 | Epoch 49/100 Finsh | Now_lr 0.0005/0.0005 | Train Loss 0.5474 | Valid Loss 0.6739 | Train Acc 71.1058 | Valid Acc 60.9375
2026-07-16 00:24:06 | TestSub: S1 | Epoch 50/100 Finsh | Now_lr 0.0005/0.0005 | Train Loss 0.5439 | Valid Loss 0.6780 | Train Acc 72.4279 | Valid Acc 58.9286
2026-07-16 00:24:12 | TestSub: S1 | Epoch 51/100 Finsh | Now_lr 0.0005/0.0005 | Train Loss 0.5523 | Valid Loss 0.6818 | Train Acc 71.0337 | Valid Acc 60.0446
2026-07-16 00:24:17 | TestSub: S1 | Epoch 52/100 Finsh | Now_lr 0.0005/0.0005 | Train Loss 0.5441 | Valid Loss 0.6801 | Train Acc 71.5625 | Valid Acc 58.9286
2026-07-16 00:24:21 | TestSub: S1 | Epoch 53/100 Finsh | Now_lr 0.0005/0.0005 | Train Loss 0.5506 | Valid Loss 0.6732 | Train Acc 71.2019 | Valid Acc 60.7143
2026-07-16 00:24:21 | --------------------------------------------------
2026-07-16 00:24:21 | Test_Subject :S1 | Best epoch:32 | Test Loss:0.6553 | Savemodel Acc 63.8393
2026-07-16 00:24:21 | --------------------------------------------------
2026-07-16 00:24:21 | Best epoch: 32 | Test acc: 63.8393
2026-07-16 00:48:11 | TorchDynamo compilation metrics:
Function, Runtimes (s)
