2026-07-13 08:41:39 | Logging started: ./writer/Subject_dependent_AAD/AVED/1.0s/result//Train1.0s_sub5.log
2026-07-13 08:41:42 | Sub_id: 5
2026-07-13 08:41:43 | TestSub: S5 | Epoch  1/100 Finsh | Now_lr 0.0005/0.0005 | Train Loss 0.6982 | Valid Loss 0.6971 | Train Acc 50.0256 | Valid Acc 46.8750
2026-07-13 08:41:43 | Validation loss decreased (inf --> 0.697121) in epoch (1). Saving model ...
2026-07-13 08:41:44 | TestSub: S5 | Epoch  2/100 Finsh | Now_lr 0.0005/0.0005 | Train Loss 0.6939 | Valid Loss 0.6957 | Train Acc 52.0492 | Valid Acc 48.0769
2026-07-13 08:41:44 | Validation loss decreased (0.697121 --> 0.695705) in epoch (2). Saving model ...
2026-07-13 08:41:45 | TestSub: S5 | Epoch  3/100 Finsh | Now_lr 0.0005/0.0005 | Train Loss 0.6913 | Valid Loss 0.6927 | Train Acc 52.6127 | Valid Acc 51.2019
2026-07-13 08:41:45 | Validation loss decreased (0.695705 --> 0.692668) in epoch (3). Saving model ...
2026-07-13 08:41:46 | TestSub: S5 | Epoch  4/100 Finsh | Now_lr 0.0005/0.0005 | Train Loss 0.6864 | Valid Loss 0.6901 | Train Acc 54.3033 | Valid Acc 52.1635
2026-07-13 08:41:46 | Validation loss decreased (0.692668 --> 0.690133) in epoch (4). Saving model ...
2026-07-13 08:41:47 | TestSub: S5 | Epoch  5/100 Finsh | Now_lr 0.0005/0.0005 | Train Loss 0.6828 | Valid Loss 0.6882 | Train Acc 56.6598 | Valid Acc 52.1635
2026-07-13 08:41:47 | Validation loss decreased (0.690133 --> 0.688178) in epoch (5). Saving model ...
2026-07-13 08:41:48 | TestSub: S5 | Epoch  6/100 Finsh | Now_lr 0.0005/0.0005 | Train Loss 0.6795 | Valid Loss 0.6792 | Train Acc 56.8135 | Valid Acc 59.8558
2026-07-13 08:41:48 | Validation loss decreased (0.688178 --> 0.679232) in epoch (6). Saving model ...
2026-07-13 08:41:49 | TestSub: S5 | Epoch  7/100 Finsh | Now_lr 0.0005/0.0005 | Train Loss 0.6717 | Valid Loss 0.6699 | Train Acc 59.4518 | Valid Acc 62.5000
2026-07-13 08:41:49 | Validation loss decreased (0.679232 --> 0.669940) in epoch (7). Saving model ...
2026-07-13 08:41:50 | TestSub: S5 | Epoch  8/100 Finsh | Now_lr 0.0005/0.0005 | Train Loss 0.6643 | Valid Loss 0.6673 | Train Acc 61.7828 | Valid Acc 59.3750
2026-07-13 08:41:50 | Validation loss decreased (0.669940 --> 0.667339) in epoch (8). Saving model ...
2026-07-13 08:41:51 | TestSub: S5 | Epoch  9/100 Finsh | Now_lr 0.0005/0.0005 | Train Loss 0.6548 | Valid Loss 0.6480 | Train Acc 63.2941 | Valid Acc 69.2308
2026-07-13 08:41:51 | Validation loss decreased (0.667339 --> 0.648019) in epoch (9). Saving model ...
2026-07-13 08:41:52 | TestSub: S5 | Epoch 10/100 Finsh | Now_lr 0.0005/0.0005 | Train Loss 0.6429 | Valid Loss 0.6357 | Train Acc 64.8566 | Valid Acc 69.7115
2026-07-13 08:41:52 | Validation loss decreased (0.648019 --> 0.635700) in epoch (10). Saving model ...
2026-07-13 08:41:53 | TestSub: S5 | Epoch 11/100 Finsh | Now_lr 0.0005/0.0005 | Train Loss 0.6311 | Valid Loss 0.6269 | Train Acc 66.6496 | Valid Acc 68.0288
2026-07-13 08:41:53 | Validation loss decreased (0.635700 --> 0.626897) in epoch (11). Saving model ...
2026-07-13 08:41:54 | TestSub: S5 | Epoch 12/100 Finsh | Now_lr 0.0005/0.0005 | Train Loss 0.6268 | Valid Loss 0.6101 | Train Acc 66.6752 | Valid Acc 72.8365
2026-07-13 08:41:54 | Validation loss decreased (0.626897 --> 0.610098) in epoch (12). Saving model ...
2026-07-13 08:41:55 | TestSub: S5 | Epoch 13/100 Finsh | Now_lr 0.0005/0.0005 | Train Loss 0.6155 | Valid Loss 0.6013 | Train Acc 68.0072 | Valid Acc 71.6346
2026-07-13 08:41:55 | Validation loss decreased (0.610098 --> 0.601324) in epoch (13). Saving model ...
2026-07-13 08:41:56 | TestSub: S5 | Epoch 14/100 Finsh | Now_lr 0.0005/0.0005 | Train Loss 0.6064 | Valid Loss 0.5928 | Train Acc 68.5963 | Valid Acc 74.0385
2026-07-13 08:41:56 | Validation loss decreased (0.601324 --> 0.592798) in epoch (14). Saving model ...
2026-07-13 08:41:57 | TestSub: S5 | Epoch 15/100 Finsh | Now_lr 0.0005/0.0005 | Train Loss 0.5979 | Valid Loss 0.5843 | Train Acc 69.1598 | Valid Acc 75.4808
2026-07-13 08:41:57 | Validation loss decreased (0.592798 --> 0.584336) in epoch (15). Saving model ...
2026-07-13 08:41:58 | TestSub: S5 | Epoch 16/100 Finsh | Now_lr 0.0005/0.0005 | Train Loss 0.5834 | Valid Loss 0.5739 | Train Acc 70.6711 | Valid Acc 75.7212
2026-07-13 08:41:58 | Validation loss decreased (0.584336 --> 0.573912) in epoch (16). Saving model ...
2026-07-13 08:41:59 | TestSub: S5 | Epoch 17/100 Finsh | Now_lr 0.0005/0.0005 | Train Loss 0.5755 | Valid Loss 0.5687 | Train Acc 71.0553 | Valid Acc 75.4808
2026-07-13 08:41:59 | Validation loss decreased (0.573912 --> 0.568661) in epoch (17). Saving model ...
2026-07-13 08:42:00 | TestSub: S5 | Epoch 18/100 Finsh | Now_lr 0.0005/0.0005 | Train Loss 0.5633 | Valid Loss 0.5528 | Train Acc 71.6957 | Valid Acc 79.8077
2026-07-13 08:42:00 | Validation loss decreased (0.568661 --> 0.552809) in epoch (18). Saving model ...
2026-07-13 08:42:01 | TestSub: S5 | Epoch 19/100 Finsh | Now_lr 0.0005/0.0005 | Train Loss 0.5636 | Valid Loss 0.5501 | Train Acc 72.2848 | Valid Acc 79.5673
2026-07-13 08:42:01 | Validation loss decreased (0.552809 --> 0.550073) in epoch (19). Saving model ...
2026-07-13 08:42:02 | TestSub: S5 | Epoch 20/100 Finsh | Now_lr 0.0005/0.0005 | Train Loss 0.5474 | Valid Loss 0.5368 | Train Acc 73.3094 | Valid Acc 80.2885
2026-07-13 08:42:02 | Validation loss decreased (0.550073 --> 0.536751) in epoch (20). Saving model ...
2026-07-13 08:42:03 | TestSub: S5 | Epoch 21/100 Finsh | Now_lr 0.0005/0.0005 | Train Loss 0.5493 | Valid Loss 0.5355 | Train Acc 73.1045 | Valid Acc 77.8846
2026-07-13 08:42:03 | Validation loss decreased (0.536751 --> 0.535486) in epoch (21). Saving model ...
2026-07-13 08:42:04 | TestSub: S5 | Epoch 22/100 Finsh | Now_lr 0.0005/0.0005 | Train Loss 0.5340 | Valid Loss 0.5283 | Train Acc 74.1035 | Valid Acc 79.3269
2026-07-13 08:42:04 | Validation loss decreased (0.535486 --> 0.528344) in epoch (22). Saving model ...
2026-07-13 08:42:05 | TestSub: S5 | Epoch 23/100 Finsh | Now_lr 0.0005/0.0005 | Train Loss 0.5339 | Valid Loss 0.5171 | Train Acc 74.3340 | Valid Acc 80.0481
2026-07-13 08:42:05 | Validation loss decreased (0.528344 --> 0.517104) in epoch (23). Saving model ...
2026-07-13 08:42:06 | TestSub: S5 | Epoch 24/100 Finsh | Now_lr 0.0005/0.0005 | Train Loss 0.5249 | Valid Loss 0.5243 | Train Acc 75.4098 | Valid Acc 77.6442
2026-07-13 08:42:07 | TestSub: S5 | Epoch 25/100 Finsh | Now_lr 0.0005/0.0005 | Train Loss 0.5263 | Valid Loss 0.5225 | Train Acc 75.3330 | Valid Acc 77.1635
2026-07-13 08:42:08 | TestSub: S5 | Epoch 26/100 Finsh | Now_lr 0.0005/0.0005 | Train Loss 0.5133 | Valid Loss 0.4988 | Train Acc 74.9488 | Valid Acc 81.0096
2026-07-13 08:42:08 | Validation loss decreased (0.517104 --> 0.498845) in epoch (26). Saving model ...
2026-07-13 08:42:09 | TestSub: S5 | Epoch 27/100 Finsh | Now_lr 0.0005/0.0005 | Train Loss 0.5208 | Valid Loss 0.4941 | Train Acc 75.2818 | Valid Acc 81.0096
2026-07-13 08:42:09 | Validation loss decreased (0.498845 --> 0.494074) in epoch (27). Saving model ...
2026-07-13 08:42:09 | TestSub: S5 | Epoch 28/100 Finsh | Now_lr 0.0005/0.0005 | Train Loss 0.5091 | Valid Loss 0.4832 | Train Acc 75.2818 | Valid Acc 82.4519
2026-07-13 08:42:09 | Validation loss decreased (0.494074 --> 0.483241) in epoch (28). Saving model ...
2026-07-13 08:42:10 | TestSub: S5 | Epoch 29/100 Finsh | Now_lr 0.0005/0.0005 | Train Loss 0.5056 | Valid Loss 0.5010 | Train Acc 76.2039 | Valid Acc 79.3269
2026-07-13 08:42:11 | TestSub: S5 | Epoch 30/100 Finsh | Now_lr 0.0005/0.0005 | Train Loss 0.5010 | Valid Loss 0.4725 | Train Acc 76.2551 | Valid Acc 83.4135
2026-07-13 08:42:11 | Validation loss decreased (0.483241 --> 0.472502) in epoch (30). Saving model ...
2026-07-13 08:42:12 | TestSub: S5 | Epoch 31/100 Finsh | Now_lr 0.0005/0.0005 | Train Loss 0.4974 | Valid Loss 0.4768 | Train Acc 77.0492 | Valid Acc 82.2115
2026-07-13 08:42:13 | TestSub: S5 | Epoch 32/100 Finsh | Now_lr 0.0005/0.0005 | Train Loss 0.4814 | Valid Loss 0.4835 | Train Acc 77.9969 | Valid Acc 78.8462
2026-07-13 08:42:14 | TestSub: S5 | Epoch 33/100 Finsh | Now_lr 0.0005/0.0005 | Train Loss 0.4828 | Valid Loss 0.4788 | Train Acc 77.4334 | Valid Acc 78.3654
2026-07-13 08:42:15 | TestSub: S5 | Epoch 34/100 Finsh | Now_lr 0.0005/0.0005 | Train Loss 0.4883 | Valid Loss 0.4643 | Train Acc 76.8955 | Valid Acc 82.2115
2026-07-13 08:42:15 | Validation loss decreased (0.472502 --> 0.464316) in epoch (34). Saving model ...
2026-07-13 08:42:16 | TestSub: S5 | Epoch 35/100 Finsh | Now_lr 0.0005/0.0005 | Train Loss 0.4761 | Valid Loss 0.4642 | Train Acc 77.8689 | Valid Acc 81.2500
2026-07-13 08:42:16 | Validation loss decreased (0.464316 --> 0.464163) in epoch (35). Saving model ...
2026-07-13 08:42:17 | TestSub: S5 | Epoch 36/100 Finsh | Now_lr 0.0005/0.0005 | Train Loss 0.4826 | Valid Loss 0.4622 | Train Acc 77.5615 | Valid Acc 81.9712
2026-07-13 08:42:17 | Validation loss decreased (0.464163 --> 0.462212) in epoch (36). Saving model ...
2026-07-13 08:42:18 | TestSub: S5 | Epoch 37/100 Finsh | Now_lr 0.0005/0.0005 | Train Loss 0.4739 | Valid Loss 0.4590 | Train Acc 77.8176 | Valid Acc 81.7308
2026-07-13 08:42:18 | Validation loss decreased (0.462212 --> 0.459002) in epoch (37). Saving model ...
2026-07-13 08:42:19 | TestSub: S5 | Epoch 38/100 Finsh | Now_lr 0.0005/0.0005 | Train Loss 0.4686 | Valid Loss 0.4548 | Train Acc 78.3299 | Valid Acc 82.6923
2026-07-13 08:42:19 | Validation loss decreased (0.459002 --> 0.454772) in epoch (38). Saving model ...
2026-07-13 08:42:19 | TestSub: S5 | Epoch 39/100 Finsh | Now_lr 0.0005/0.0005 | Train Loss 0.4625 | Valid Loss 0.4491 | Train Acc 78.5092 | Valid Acc 84.3750
2026-07-13 08:42:19 | Validation loss decreased (0.454772 --> 0.449081) in epoch (39). Saving model ...
2026-07-13 08:42:20 | TestSub: S5 | Epoch 40/100 Finsh | Now_lr 0.0005/0.0005 | Train Loss 0.4668 | Valid Loss 0.4450 | Train Acc 78.4580 | Valid Acc 82.9327
2026-07-13 08:42:20 | Validation loss decreased (0.449081 --> 0.444997) in epoch (40). Saving model ...
2026-07-13 08:42:21 | TestSub: S5 | Epoch 41/100 Finsh | Now_lr 0.0005/0.0005 | Train Loss 0.4721 | Valid Loss 0.4446 | Train Acc 76.9723 | Valid Acc 84.8558
2026-07-13 08:42:21 | Validation loss decreased (0.444997 --> 0.444551) in epoch (41). Saving model ...
2026-07-13 08:42:23 | TestSub: S5 | Epoch 42/100 Finsh | Now_lr 0.0005/0.0005 | Train Loss 0.4602 | Valid Loss 0.4397 | Train Acc 79.1496 | Valid Acc 83.4135
2026-07-13 08:42:23 | Validation loss decreased (0.444551 --> 0.439656) in epoch (42). Saving model ...
2026-07-13 08:42:24 | TestSub: S5 | Epoch 43/100 Finsh | Now_lr 0.0005/0.0005 | Train Loss 0.4551 | Valid Loss 0.4527 | Train Acc 79.2777 | Valid Acc 81.0096
2026-07-13 08:42:25 | TestSub: S5 | Epoch 44/100 Finsh | Now_lr 0.0005/0.0005 | Train Loss 0.4551 | Valid Loss 0.4619 | Train Acc 79.1240 | Valid Acc 80.7692
2026-07-13 08:42:26 | TestSub: S5 | Epoch 45/100 Finsh | Now_lr 0.0005/0.0005 | Train Loss 0.4532 | Valid Loss 0.4320 | Train Acc 79.0984 | Valid Acc 85.8173
2026-07-13 08:42:26 | Validation loss decreased (0.439656 --> 0.432006) in epoch (45). Saving model ...
2026-07-13 08:42:26 | TestSub: S5 | Epoch 46/100 Finsh | Now_lr 0.0005/0.0005 | Train Loss 0.4571 | Valid Loss 0.4356 | Train Acc 78.8678 | Valid Acc 83.4135
2026-07-13 08:42:27 | TestSub: S5 | Epoch 47/100 Finsh | Now_lr 0.0005/0.0005 | Train Loss 0.4496 | Valid Loss 0.4348 | Train Acc 79.4314 | Valid Acc 82.4519
2026-07-13 08:42:28 | TestSub: S5 | Epoch 48/100 Finsh | Now_lr 0.0005/0.0005 | Train Loss 0.4515 | Valid Loss 0.4517 | Train Acc 79.4057 | Valid Acc 80.0481
2026-07-13 08:42:29 | TestSub: S5 | Epoch 49/100 Finsh | Now_lr 0.0005/0.0005 | Train Loss 0.4403 | Valid Loss 0.4284 | Train Acc 80.4303 | Valid Acc 84.1346
2026-07-13 08:42:29 | Validation loss decreased (0.432006 --> 0.428390) in epoch (49). Saving model ...
2026-07-13 08:42:30 | TestSub: S5 | Epoch 50/100 Finsh | Now_lr 0.0005/0.0005 | Train Loss 0.4394 | Valid Loss 0.4326 | Train Acc 80.5072 | Valid Acc 81.9712
2026-07-13 08:42:31 | TestSub: S5 | Epoch 51/100 Finsh | Now_lr 0.0005/0.0005 | Train Loss 0.4501 | Valid Loss 0.4182 | Train Acc 78.4580 | Valid Acc 86.0577
2026-07-13 08:42:31 | Validation loss decreased (0.428390 --> 0.418224) in epoch (51). Saving model ...
2026-07-13 08:42:32 | TestSub: S5 | Epoch 52/100 Finsh | Now_lr 0.0005/0.0005 | Train Loss 0.4465 | Valid Loss 0.4196 | Train Acc 79.4057 | Valid Acc 84.6154
2026-07-13 08:42:33 | TestSub: S5 | Epoch 53/100 Finsh | Now_lr 0.0005/0.0005 | Train Loss 0.4473 | Valid Loss 0.4210 | Train Acc 79.3289 | Valid Acc 85.3365
2026-07-13 08:42:34 | TestSub: S5 | Epoch 54/100 Finsh | Now_lr 0.0005/0.0005 | Train Loss 0.4334 | Valid Loss 0.4171 | Train Acc 80.0461 | Valid Acc 87.0192
2026-07-13 08:42:34 | Validation loss decreased (0.418224 --> 0.417075) in epoch (54). Saving model ...
2026-07-13 08:42:35 | TestSub: S5 | Epoch 55/100 Finsh | Now_lr 0.0005/0.0005 | Train Loss 0.4409 | Valid Loss 0.4189 | Train Acc 80.4047 | Valid Acc 84.3750
2026-07-13 08:42:36 | TestSub: S5 | Epoch 56/100 Finsh | Now_lr 0.0005/0.0005 | Train Loss 0.4300 | Valid Loss 0.4109 | Train Acc 80.8658 | Valid Acc 85.5769
2026-07-13 08:42:36 | Validation loss decreased (0.417075 --> 0.410886) in epoch (56). Saving model ...
2026-07-13 08:42:37 | TestSub: S5 | Epoch 57/100 Finsh | Now_lr 0.0005/0.0005 | Train Loss 0.4337 | Valid Loss 0.4082 | Train Acc 80.8914 | Valid Acc 87.5000
2026-07-13 08:42:37 | Validation loss decreased (0.410886 --> 0.408157) in epoch (57). Saving model ...
2026-07-13 08:42:38 | TestSub: S5 | Epoch 58/100 Finsh | Now_lr 0.0005/0.0005 | Train Loss 0.4400 | Valid Loss 0.4178 | Train Acc 79.6875 | Valid Acc 85.5769
2026-07-13 08:42:39 | TestSub: S5 | Epoch 59/100 Finsh | Now_lr 0.0005/0.0005 | Train Loss 0.4363 | Valid Loss 0.4143 | Train Acc 80.1230 | Valid Acc 84.3750
2026-07-13 08:42:40 | TestSub: S5 | Epoch 60/100 Finsh | Now_lr 0.0005/0.0005 | Train Loss 0.4322 | Valid Loss 0.4116 | Train Acc 81.0451 | Valid Acc 86.0577
2026-07-13 08:42:40 | TestSub: S5 | Epoch 61/100 Finsh | Now_lr 0.0005/0.0005 | Train Loss 0.4265 | Valid Loss 0.4241 | Train Acc 80.7889 | Valid Acc 83.1731
2026-07-13 08:42:41 | TestSub: S5 | Epoch 62/100 Finsh | Now_lr 0.0005/0.0005 | Train Loss 0.4279 | Valid Loss 0.4012 | Train Acc 81.0195 | Valid Acc 86.2981
2026-07-13 08:42:41 | Validation loss decreased (0.408157 --> 0.401161) in epoch (62). Saving model ...
2026-07-13 08:42:42 | TestSub: S5 | Epoch 63/100 Finsh | Now_lr 0.0005/0.0005 | Train Loss 0.4319 | Valid Loss 0.4226 | Train Acc 80.1230 | Valid Acc 82.9327
2026-07-13 08:42:43 | TestSub: S5 | Epoch 64/100 Finsh | Now_lr 0.0005/0.0005 | Train Loss 0.4245 | Valid Loss 0.4078 | Train Acc 80.3535 | Valid Acc 84.6154
2026-07-13 08:42:44 | TestSub: S5 | Epoch 65/100 Finsh | Now_lr 0.0005/0.0005 | Train Loss 0.4162 | Valid Loss 0.4093 | Train Acc 81.9672 | Valid Acc 84.1346
2026-07-13 08:42:45 | TestSub: S5 | Epoch 66/100 Finsh | Now_lr 0.0005/0.0005 | Train Loss 0.4157 | Valid Loss 0.4080 | Train Acc 81.5574 | Valid Acc 85.0962
2026-07-13 08:42:46 | TestSub: S5 | Epoch 67/100 Finsh | Now_lr 0.0005/0.0005 | Train Loss 0.4238 | Valid Loss 0.4060 | Train Acc 80.5584 | Valid Acc 85.3365
2026-07-13 08:42:47 | TestSub: S5 | Epoch 68/100 Finsh | Now_lr 0.0005/0.0005 | Train Loss 0.4179 | Valid Loss 0.3976 | Train Acc 81.3525 | Valid Acc 87.2596
2026-07-13 08:42:47 | Validation loss decreased (0.401161 --> 0.397584) in epoch (68). Saving model ...
2026-07-13 08:42:48 | TestSub: S5 | Epoch 69/100 Finsh | Now_lr 0.0005/0.0005 | Train Loss 0.4059 | Valid Loss 0.4011 | Train Acc 81.9928 | Valid Acc 86.5385
2026-07-13 08:42:49 | TestSub: S5 | Epoch 70/100 Finsh | Now_lr 0.0005/0.0005 | Train Loss 0.4062 | Valid Loss 0.3974 | Train Acc 81.8648 | Valid Acc 86.7788
2026-07-13 08:42:49 | Validation loss decreased (0.397584 --> 0.397409) in epoch (70). Saving model ...
2026-07-13 08:42:49 | TestSub: S5 | Epoch 71/100 Finsh | Now_lr 0.0005/0.0005 | Train Loss 0.4182 | Valid Loss 0.4005 | Train Acc 81.1988 | Valid Acc 87.0192
2026-07-13 08:42:50 | TestSub: S5 | Epoch 72/100 Finsh | Now_lr 0.0005/0.0005 | Train Loss 0.4182 | Valid Loss 0.4035 | Train Acc 81.9160 | Valid Acc 84.1346
2026-07-13 08:42:51 | TestSub: S5 | Epoch 73/100 Finsh | Now_lr 0.0005/0.0005 | Train Loss 0.4100 | Valid Loss 0.3931 | Train Acc 81.5061 | Valid Acc 86.7788
2026-07-13 08:42:51 | Validation loss decreased (0.397409 --> 0.393129) in epoch (73). Saving model ...
2026-07-13 08:42:52 | TestSub: S5 | Epoch 74/100 Finsh | Now_lr 0.0005/0.0005 | Train Loss 0.4132 | Valid Loss 0.3982 | Train Acc 81.1219 | Valid Acc 86.2981
2026-07-13 08:42:53 | TestSub: S5 | Epoch 75/100 Finsh | Now_lr 0.0005/0.0005 | Train Loss 0.4222 | Valid Loss 0.3903 | Train Acc 80.6352 | Valid Acc 86.0577
2026-07-13 08:42:53 | Validation loss decreased (0.393129 --> 0.390332) in epoch (75). Saving model ...
2026-07-13 08:42:54 | TestSub: S5 | Epoch 76/100 Finsh | Now_lr 0.0005/0.0005 | Train Loss 0.4070 | Valid Loss 0.3893 | Train Acc 82.3770 | Valid Acc 86.5385
2026-07-13 08:42:54 | Validation loss decreased (0.390332 --> 0.389342) in epoch (76). Saving model ...
2026-07-13 08:42:55 | TestSub: S5 | Epoch 77/100 Finsh | Now_lr 0.0005/0.0005 | Train Loss 0.4087 | Valid Loss 0.3830 | Train Acc 82.0184 | Valid Acc 88.4615
2026-07-13 08:42:55 | Validation loss decreased (0.389342 --> 0.383029) in epoch (77). Saving model ...
2026-07-13 08:42:56 | TestSub: S5 | Epoch 78/100 Finsh | Now_lr 0.0005/0.0005 | Train Loss 0.4091 | Valid Loss 0.3862 | Train Acc 81.5574 | Valid Acc 86.0577
2026-07-13 08:42:57 | TestSub: S5 | Epoch 79/100 Finsh | Now_lr 0.0005/0.0005 | Train Loss 0.3981 | Valid Loss 0.3798 | Train Acc 82.4027 | Valid Acc 87.2596
2026-07-13 08:42:57 | Validation loss decreased (0.383029 --> 0.379826) in epoch (79). Saving model ...
2026-07-13 08:42:58 | TestSub: S5 | Epoch 80/100 Finsh | Now_lr 0.0005/0.0005 | Train Loss 0.4069 | Valid Loss 0.3860 | Train Acc 81.4293 | Valid Acc 87.0192
2026-07-13 08:42:59 | TestSub: S5 | Epoch 81/100 Finsh | Now_lr 0.0005/0.0005 | Train Loss 0.4028 | Valid Loss 0.3816 | Train Acc 81.6342 | Valid Acc 86.7788
2026-07-13 08:42:59 | TestSub: S5 | Epoch 82/100 Finsh | Now_lr 0.0005/0.0005 | Train Loss 0.4056 | Valid Loss 0.3828 | Train Acc 82.3002 | Valid Acc 87.7404
2026-07-13 08:43:00 | TestSub: S5 | Epoch 83/100 Finsh | Now_lr 0.0005/0.0005 | Train Loss 0.4079 | Valid Loss 0.3774 | Train Acc 81.8648 | Valid Acc 85.5769
2026-07-13 08:43:00 | Validation loss decreased (0.379826 --> 0.377404) in epoch (83). Saving model ...
2026-07-13 08:43:01 | TestSub: S5 | Epoch 84/100 Finsh | Now_lr 0.0005/0.0005 | Train Loss 0.4008 | Valid Loss 0.4021 | Train Acc 82.1209 | Valid Acc 84.1346
2026-07-13 08:43:02 | TestSub: S5 | Epoch 85/100 Finsh | Now_lr 0.0005/0.0005 | Train Loss 0.4009 | Valid Loss 0.3847 | Train Acc 81.5574 | Valid Acc 85.3365
2026-07-13 08:43:03 | TestSub: S5 | Epoch 86/100 Finsh | Now_lr 0.0005/0.0005 | Train Loss 0.3955 | Valid Loss 0.3965 | Train Acc 82.3258 | Valid Acc 84.3750
2026-07-13 08:43:04 | TestSub: S5 | Epoch 87/100 Finsh | Now_lr 0.0005/0.0005 | Train Loss 0.4013 | Valid Loss 0.3937 | Train Acc 82.1977 | Valid Acc 84.6154
2026-07-13 08:43:05 | TestSub: S5 | Epoch 88/100 Finsh | Now_lr 0.0005/0.0005 | Train Loss 0.4144 | Valid Loss 0.3839 | Train Acc 81.8648 | Valid Acc 86.5385
2026-07-13 08:43:06 | TestSub: S5 | Epoch 89/100 Finsh | Now_lr 0.0005/0.0005 | Train Loss 0.3994 | Valid Loss 0.3860 | Train Acc 81.5574 | Valid Acc 84.8558
2026-07-13 08:43:07 | TestSub: S5 | Epoch 90/100 Finsh | Now_lr 0.0005/0.0005 | Train Loss 0.4027 | Valid Loss 0.3881 | Train Acc 81.9160 | Valid Acc 86.5385
2026-07-13 08:43:07 | TestSub: S5 | Epoch 91/100 Finsh | Now_lr 0.0005/0.0005 | Train Loss 0.3949 | Valid Loss 0.3851 | Train Acc 82.3258 | Valid Acc 85.8173
2026-07-13 08:43:08 | TestSub: S5 | Epoch 92/100 Finsh | Now_lr 0.0005/0.0005 | Train Loss 0.3950 | Valid Loss 0.3803 | Train Acc 82.5820 | Valid Acc 87.9808
2026-07-13 08:43:09 | TestSub: S5 | Epoch 93/100 Finsh | Now_lr 0.0005/0.0005 | Train Loss 0.3977 | Valid Loss 0.3885 | Train Acc 81.5574 | Valid Acc 87.0192
2026-07-13 08:43:10 | TestSub: S5 | Epoch 94/100 Finsh | Now_lr 0.0005/0.0005 | Train Loss 0.3996 | Valid Loss 0.3887 | Train Acc 81.3525 | Valid Acc 85.0962
2026-07-13 08:43:11 | TestSub: S5 | Epoch 95/100 Finsh | Now_lr 0.0005/0.0005 | Train Loss 0.4038 | Valid Loss 0.3834 | Train Acc 81.9672 | Valid Acc 85.8173
2026-07-13 08:43:12 | TestSub: S5 | Epoch 96/100 Finsh | Now_lr 0.0005/0.0005 | Train Loss 0.3980 | Valid Loss 0.3930 | Train Acc 82.0953 | Valid Acc 84.6154
2026-07-13 08:43:13 | TestSub: S5 | Epoch 97/100 Finsh | Now_lr 0.0005/0.0005 | Train Loss 0.3928 | Valid Loss 0.3834 | Train Acc 82.7100 | Valid Acc 85.5769
2026-07-13 08:43:14 | TestSub: S5 | Epoch 98/100 Finsh | Now_lr 0.0005/0.0005 | Train Loss 0.4011 | Valid Loss 0.3747 | Train Acc 82.3770 | Valid Acc 89.4231
2026-07-13 08:43:14 | Validation loss decreased (0.377404 --> 0.374743) in epoch (98). Saving model ...
2026-07-13 08:43:15 | TestSub: S5 | Epoch 99/100 Finsh | Now_lr 0.0005/0.0005 | Train Loss 0.3941 | Valid Loss 0.3733 | Train Acc 82.5051 | Valid Acc 88.2212
2026-07-13 08:43:15 | Validation loss decreased (0.374743 --> 0.373345) in epoch (99). Saving model ...
2026-07-13 08:43:16 | TestSub: S5 | Epoch 100/100 Finsh | Now_lr 0.0005/0.0005 | Train Loss 0.4007 | Valid Loss 0.3757 | Train Acc 81.2756 | Valid Acc 86.7788
2026-07-13 08:43:16 | --------------------------------------------------
2026-07-13 08:43:16 | Test_Subject :S5 | Best epoch:99 | Test Loss:0.4427 | Savemodel Acc 81.0417
2026-07-13 08:43:16 | --------------------------------------------------
2026-07-13 08:43:16 | Best epoch: 99 | Test acc: 81.0417
