2026-07-15 07:09:42 | Logging started: ./writer/Subject_independent_AAD/KUL/1.0s/result//Train1.0s_sub8.log
2026-07-15 07:11:41 | TestSub: S8 | Epoch  1/100 Finsh | Now_lr 0.0005/0.0005 | Train Loss 0.5883 | Valid Loss 0.6362 | Train Acc 68.7074 | Valid Acc 64.2253
2026-07-15 07:12:19 | TestSub: S8 | Epoch  2/100 Finsh | Now_lr 0.0005/0.0005 | Train Loss 0.5391 | Valid Loss 0.6574 | Train Acc 72.5340 | Valid Acc 65.8637
2026-07-15 07:12:58 | TestSub: S8 | Epoch  3/100 Finsh | Now_lr 0.0005/0.0005 | Train Loss 0.5185 | Valid Loss 0.6713 | Train Acc 74.0051 | Valid Acc 64.9306
2026-07-15 07:13:36 | TestSub: S8 | Epoch  4/100 Finsh | Now_lr 0.0005/0.0005 | Train Loss 0.5037 | Valid Loss 0.7200 | Train Acc 74.9104 | Valid Acc 65.7769
2026-07-15 07:14:14 | TestSub: S8 | Epoch  5/100 Finsh | Now_lr 0.0005/0.0005 | Train Loss 0.4961 | Valid Loss 0.7034 | Train Acc 75.4097 | Valid Acc 66.3194
2026-07-15 07:14:57 | TestSub: S8 | Epoch  6/100 Finsh | Now_lr 0.0005/0.0005 | Train Loss 0.4871 | Valid Loss 0.7346 | Train Acc 75.9870 | Valid Acc 66.2869
2026-07-15 07:15:35 | TestSub: S8 | Epoch  7/100 Finsh | Now_lr 0.0005/0.0005 | Train Loss 0.4801 | Valid Loss 0.7744 | Train Acc 76.5643 | Valid Acc 65.9071
2026-07-15 07:16:13 | TestSub: S8 | Epoch  8/100 Finsh | Now_lr 0.0005/0.0005 | Train Loss 0.4724 | Valid Loss 0.7155 | Train Acc 77.0665 | Valid Acc 67.5347
2026-07-15 07:16:52 | TestSub: S8 | Epoch  9/100 Finsh | Now_lr 0.0005/0.0005 | Train Loss 0.4679 | Valid Loss 0.8054 | Train Acc 77.3649 | Valid Acc 66.5148
2026-07-15 07:17:30 | TestSub: S8 | Epoch 10/100 Finsh | Now_lr 0.0005/0.0005 | Train Loss 0.4626 | Valid Loss 0.7985 | Train Acc 77.7399 | Valid Acc 65.6901
2026-07-15 07:18:09 | TestSub: S8 | Epoch 11/100 Finsh | Now_lr 0.0005/0.0005 | Train Loss 0.4577 | Valid Loss 0.7553 | Train Acc 77.9971 | Valid Acc 66.3628
2026-07-15 07:18:47 | TestSub: S8 | Epoch 12/100 Finsh | Now_lr 0.0005/0.0005 | Train Loss 0.4506 | Valid Loss 0.7388 | Train Acc 78.3656 | Valid Acc 66.3303
2026-07-15 07:19:26 | TestSub: S8 | Epoch 13/100 Finsh | Now_lr 0.0005/0.0005 | Train Loss 0.4465 | Valid Loss 0.7320 | Train Acc 78.7074 | Valid Acc 66.1024
2026-07-15 07:20:04 | TestSub: S8 | Epoch 14/100 Finsh | Now_lr 0.0005/0.0005 | Train Loss 0.4435 | Valid Loss 0.6972 | Train Acc 78.7500 | Valid Acc 67.6432
2026-07-15 07:20:43 | TestSub: S8 | Epoch 15/100 Finsh | Now_lr 0.0005/0.0005 | Train Loss 0.4417 | Valid Loss 0.7679 | Train Acc 78.9566 | Valid Acc 63.8129
2026-07-15 07:21:21 | TestSub: S8 | Epoch 16/100 Finsh | Now_lr 0.0005/0.0005 | Train Loss 0.4380 | Valid Loss 0.7608 | Train Acc 79.1958 | Valid Acc 65.0174
2026-07-15 07:22:00 | TestSub: S8 | Epoch 17/100 Finsh | Now_lr 0.0005/0.0005 | Train Loss 0.4351 | Valid Loss 0.6641 | Train Acc 79.3584 | Valid Acc 66.2652
2026-07-15 07:22:39 | TestSub: S8 | Epoch 18/100 Finsh | Now_lr 0.0005/0.0005 | Train Loss 0.4330 | Valid Loss 0.7100 | Train Acc 79.3967 | Valid Acc 63.5525
2026-07-15 07:23:17 | TestSub: S8 | Epoch 19/100 Finsh | Now_lr 0.0005/0.0005 | Train Loss 0.4306 | Valid Loss 0.6866 | Train Acc 79.5159 | Valid Acc 65.4948
2026-07-15 07:23:55 | TestSub: S8 | Epoch 20/100 Finsh | Now_lr 0.0005/0.0005 | Train Loss 0.4292 | Valid Loss 0.6504 | Train Acc 79.7197 | Valid Acc 65.9180
2026-07-15 07:24:34 | TestSub: S8 | Epoch 21/100 Finsh | Now_lr 0.0005/0.0005 | Train Loss 0.4261 | Valid Loss 0.6593 | Train Acc 80.0405 | Valid Acc 65.9180
2026-07-15 07:25:12 | TestSub: S8 | Epoch 22/100 Finsh | Now_lr 0.0005/0.0005 | Train Loss 0.4245 | Valid Loss 0.7127 | Train Acc 80.0795 | Valid Acc 64.1168
2026-07-15 07:25:51 | TestSub: S8 | Epoch 23/100 Finsh | Now_lr 0.0005/0.0005 | Train Loss 0.4212 | Valid Loss 0.7049 | Train Acc 80.1980 | Valid Acc 64.1927
2026-07-15 07:26:29 | TestSub: S8 | Epoch 24/100 Finsh | Now_lr 0.0005/0.0005 | Train Loss 0.4162 | Valid Loss 0.6394 | Train Acc 80.5000 | Valid Acc 65.3971
2026-07-15 07:27:08 | TestSub: S8 | Epoch 25/100 Finsh | Now_lr 0.0005/0.0005 | Train Loss 0.4108 | Valid Loss 0.7242 | Train Acc 80.7565 | Valid Acc 64.5833
2026-07-15 07:27:46 | TestSub: S8 | Epoch 26/100 Finsh | Now_lr 0.0005/0.0005 | Train Loss 0.4048 | Valid Loss 0.7732 | Train Acc 81.0636 | Valid Acc 62.9774
2026-07-15 07:28:25 | TestSub: S8 | Epoch 27/100 Finsh | Now_lr 0.0005/0.0005 | Train Loss 0.3965 | Valid Loss 0.6777 | Train Acc 81.6893 | Valid Acc 64.4748
2026-07-15 07:29:03 | TestSub: S8 | Epoch 28/100 Finsh | Now_lr 0.0005/0.0005 | Train Loss 0.3876 | Valid Loss 0.6947 | Train Acc 82.2384 | Valid Acc 63.3789
2026-07-15 07:29:42 | TestSub: S8 | Epoch 29/100 Finsh | Now_lr 0.0005/0.0005 | Train Loss 0.3748 | Valid Loss 0.7099 | Train Acc 82.8569 | Valid Acc 62.5760
2026-07-15 07:30:20 | TestSub: S8 | Epoch 30/100 Finsh | Now_lr 0.0005/0.0005 | Train Loss 0.3636 | Valid Loss 0.7049 | Train Acc 83.4993 | Valid Acc 63.3789
2026-07-15 07:30:59 | TestSub: S8 | Epoch 31/100 Finsh | Now_lr 0.0005/0.0005 | Train Loss 0.3575 | Valid Loss 0.6808 | Train Acc 84.0340 | Valid Acc 63.5851
2026-07-15 07:31:37 | TestSub: S8 | Epoch 32/100 Finsh | Now_lr 0.0005/0.0005 | Train Loss 0.3495 | Valid Loss 0.6815 | Train Acc 84.3851 | Valid Acc 63.6936
2026-07-15 07:32:15 | TestSub: S8 | Epoch 33/100 Finsh | Now_lr 0.0005/0.0005 | Train Loss 0.3444 | Valid Loss 0.7796 | Train Acc 84.6893 | Valid Acc 61.4583
2026-07-15 07:32:54 | TestSub: S8 | Epoch 34/100 Finsh | Now_lr 0.0005/0.0005 | Train Loss 0.3393 | Valid Loss 0.7396 | Train Acc 84.8837 | Valid Acc 63.3898
2026-07-15 07:33:32 | TestSub: S8 | Epoch 35/100 Finsh | Now_lr 0.0005/0.0005 | Train Loss 0.3357 | Valid Loss 0.6780 | Train Acc 85.0571 | Valid Acc 64.4531
2026-07-15 07:33:33 | --------------------------------------------------
2026-07-15 07:33:33 | Test_Subject :S8 | Best epoch:14 | Test Loss:0.6972 | Savemodel Acc 67.6432
2026-07-15 07:33:33 | --------------------------------------------------
2026-07-15 07:33:33 | Best epoch: 14 | Test acc: 67.6432
