2026-07-15 11:48:27 | Logging started: ./writer/Subject_independent_AAD/DTU/3.0s/result//Train3.0s_sub14.log
2026-07-15 11:49:03 | TestSub: S14 | Epoch  1/100 Finsh | Now_lr 0.0005/0.0005 | Train Loss 0.6915 | Valid Loss 0.7107 | Train Acc 55.0078 | Valid Acc 50.4464
2026-07-15 11:49:12 | TestSub: S14 | Epoch  2/100 Finsh | Now_lr 0.0005/0.0005 | Train Loss 0.6555 | Valid Loss 0.7116 | Train Acc 60.2707 | Valid Acc 51.5625
2026-07-15 11:49:22 | TestSub: S14 | Epoch  3/100 Finsh | Now_lr 0.0005/0.0005 | Train Loss 0.6388 | Valid Loss 0.7253 | Train Acc 63.0688 | Valid Acc 53.9062
2026-07-15 11:49:32 | TestSub: S14 | Epoch  4/100 Finsh | Now_lr 0.0005/0.0005 | Train Loss 0.6241 | Valid Loss 0.7453 | Train Acc 64.1998 | Valid Acc 53.0134
2026-07-15 11:49:42 | TestSub: S14 | Epoch  5/100 Finsh | Now_lr 0.0005/0.0005 | Train Loss 0.6121 | Valid Loss 0.7470 | Train Acc 65.5531 | Valid Acc 51.2277
2026-07-15 11:49:51 | TestSub: S14 | Epoch  6/100 Finsh | Now_lr 0.0005/0.0005 | Train Loss 0.6048 | Valid Loss 0.7655 | Train Acc 66.3768 | Valid Acc 50.0000
2026-07-15 11:50:01 | TestSub: S14 | Epoch  7/100 Finsh | Now_lr 0.0005/0.0005 | Train Loss 0.5975 | Valid Loss 0.7673 | Train Acc 67.3509 | Valid Acc 51.8973
2026-07-15 11:50:11 | TestSub: S14 | Epoch  8/100 Finsh | Now_lr 0.0005/0.0005 | Train Loss 0.5915 | Valid Loss 0.7816 | Train Acc 67.7367 | Valid Acc 47.9911
2026-07-15 11:50:20 | TestSub: S14 | Epoch  9/100 Finsh | Now_lr 0.0005/0.0005 | Train Loss 0.5889 | Valid Loss 0.7632 | Train Acc 68.2270 | Valid Acc 49.7768
2026-07-15 11:50:30 | TestSub: S14 | Epoch 10/100 Finsh | Now_lr 0.0005/0.0005 | Train Loss 0.5779 | Valid Loss 0.7728 | Train Acc 68.7238 | Valid Acc 48.4375
2026-07-15 11:50:40 | TestSub: S14 | Epoch 11/100 Finsh | Now_lr 0.0005/0.0005 | Train Loss 0.5814 | Valid Loss 0.7927 | Train Acc 68.5800 | Valid Acc 55.6920
2026-07-15 11:50:49 | TestSub: S14 | Epoch 12/100 Finsh | Now_lr 0.0005/0.0005 | Train Loss 0.5724 | Valid Loss 0.7769 | Train Acc 69.0769 | Valid Acc 49.3304
2026-07-15 11:50:59 | TestSub: S14 | Epoch 13/100 Finsh | Now_lr 0.0005/0.0005 | Train Loss 0.5704 | Valid Loss 0.7987 | Train Acc 69.8353 | Valid Acc 49.8884
2026-07-15 11:51:09 | TestSub: S14 | Epoch 14/100 Finsh | Now_lr 0.0005/0.0005 | Train Loss 0.5654 | Valid Loss 0.7821 | Train Acc 69.6914 | Valid Acc 49.5536
2026-07-15 11:51:18 | TestSub: S14 | Epoch 15/100 Finsh | Now_lr 0.0005/0.0005 | Train Loss 0.5628 | Valid Loss 0.8451 | Train Acc 70.0837 | Valid Acc 46.6518
2026-07-15 11:51:28 | TestSub: S14 | Epoch 16/100 Finsh | Now_lr 0.0005/0.0005 | Train Loss 0.5566 | Valid Loss 0.8090 | Train Acc 70.3517 | Valid Acc 48.2143
2026-07-15 11:51:38 | TestSub: S14 | Epoch 17/100 Finsh | Now_lr 0.0005/0.0005 | Train Loss 0.5570 | Valid Loss 0.8157 | Train Acc 70.3583 | Valid Acc 49.2188
2026-07-15 11:51:47 | TestSub: S14 | Epoch 18/100 Finsh | Now_lr 0.0005/0.0005 | Train Loss 0.5559 | Valid Loss 0.7943 | Train Acc 70.7505 | Valid Acc 50.4464
2026-07-15 11:51:57 | TestSub: S14 | Epoch 19/100 Finsh | Now_lr 0.0005/0.0005 | Train Loss 0.5494 | Valid Loss 0.8098 | Train Acc 71.1755 | Valid Acc 49.5536
2026-07-15 11:52:07 | TestSub: S14 | Epoch 20/100 Finsh | Now_lr 0.0005/0.0005 | Train Loss 0.5482 | Valid Loss 0.7945 | Train Acc 71.1755 | Valid Acc 53.5714
2026-07-15 11:52:17 | TestSub: S14 | Epoch 21/100 Finsh | Now_lr 0.0005/0.0005 | Train Loss 0.5421 | Valid Loss 0.8255 | Train Acc 71.9404 | Valid Acc 51.3393
2026-07-15 11:52:26 | TestSub: S14 | Epoch 22/100 Finsh | Now_lr 0.0005/0.0005 | Train Loss 0.5438 | Valid Loss 0.8243 | Train Acc 71.6004 | Valid Acc 48.4375
2026-07-15 11:52:36 | TestSub: S14 | Epoch 23/100 Finsh | Now_lr 0.0005/0.0005 | Train Loss 0.5415 | Valid Loss 0.8310 | Train Acc 72.0319 | Valid Acc 50.7812
2026-07-15 11:52:46 | TestSub: S14 | Epoch 24/100 Finsh | Now_lr 0.0005/0.0005 | Train Loss 0.5340 | Valid Loss 0.8352 | Train Acc 71.8815 | Valid Acc 49.1071
2026-07-15 11:52:56 | TestSub: S14 | Epoch 25/100 Finsh | Now_lr 0.0005/0.0005 | Train Loss 0.5340 | Valid Loss 0.8292 | Train Acc 72.2999 | Valid Acc 49.8884
2026-07-15 11:53:05 | TestSub: S14 | Epoch 26/100 Finsh | Now_lr 0.0005/0.0005 | Train Loss 0.5341 | Valid Loss 0.8311 | Train Acc 72.1430 | Valid Acc 49.1071
2026-07-15 11:53:15 | TestSub: S14 | Epoch 27/100 Finsh | Now_lr 0.0005/0.0005 | Train Loss 0.5318 | Valid Loss 0.8563 | Train Acc 72.5811 | Valid Acc 49.6652
2026-07-15 11:53:25 | TestSub: S14 | Epoch 28/100 Finsh | Now_lr 0.0005/0.0005 | Train Loss 0.5236 | Valid Loss 0.8821 | Train Acc 73.3264 | Valid Acc 48.7723
2026-07-15 11:53:35 | TestSub: S14 | Epoch 29/100 Finsh | Now_lr 0.0005/0.0005 | Train Loss 0.5243 | Valid Loss 0.8526 | Train Acc 72.9537 | Valid Acc 48.5491
2026-07-15 11:53:44 | TestSub: S14 | Epoch 30/100 Finsh | Now_lr 0.0005/0.0005 | Train Loss 0.5255 | Valid Loss 0.8602 | Train Acc 73.0845 | Valid Acc 48.9955
2026-07-15 11:53:54 | TestSub: S14 | Epoch 31/100 Finsh | Now_lr 0.0005/0.0005 | Train Loss 0.5217 | Valid Loss 0.8484 | Train Acc 72.9472 | Valid Acc 50.7812
2026-07-15 11:54:04 | TestSub: S14 | Epoch 32/100 Finsh | Now_lr 0.0005/0.0005 | Train Loss 0.5238 | Valid Loss 0.8548 | Train Acc 73.1956 | Valid Acc 49.2188
2026-07-15 11:54:04 | --------------------------------------------------
2026-07-15 11:54:04 | Test_Subject :S14 | Best epoch:11 | Test Loss:0.7927 | Savemodel Acc 55.6920
2026-07-15 11:54:04 | --------------------------------------------------
2026-07-15 11:54:04 | Best epoch: 11 | Test acc: 55.6920
