2026-07-14 14:46:21 | Logging started: ./writer/Subject_dependent_AAD/AVEDao/10.0s/result//Train10.0s_sub10.log
2026-07-14 14:46:24 | Sub_id: 10
2026-07-14 14:46:26 | TestSub: S10 | Epoch  1/100 Finsh | Now_lr 0.0005/0.0005 | Train Loss 0.7089 | Valid Loss 0.7343 | Train Acc 50.8523 | Valid Acc 40.6250
2026-07-14 14:46:26 | Validation loss decreased (inf --> 0.734310) in epoch (1). Saving model ...
2026-07-14 14:46:26 | TestSub: S10 | Epoch  2/100 Finsh | Now_lr 0.0005/0.0005 | Train Loss 0.6749 | Valid Loss 0.7755 | Train Acc 55.9659 | Valid Acc 40.6250
2026-07-14 14:46:26 | TestSub: S10 | Epoch  3/100 Finsh | Now_lr 0.0005/0.0005 | Train Loss 0.6379 | Valid Loss 0.7423 | Train Acc 65.3409 | Valid Acc 40.6250
2026-07-14 14:46:27 | TestSub: S10 | Epoch  4/100 Finsh | Now_lr 0.0005/0.0005 | Train Loss 0.6320 | Valid Loss 0.7381 | Train Acc 65.9091 | Valid Acc 40.6250
2026-07-14 14:46:27 | TestSub: S10 | Epoch  5/100 Finsh | Now_lr 0.0005/0.0005 | Train Loss 0.6200 | Valid Loss 0.7396 | Train Acc 65.6250 | Valid Acc 40.6250
2026-07-14 14:46:28 | TestSub: S10 | Epoch  6/100 Finsh | Now_lr 0.0005/0.0005 | Train Loss 0.6076 | Valid Loss 0.7252 | Train Acc 71.8750 | Valid Acc 40.6250
2026-07-14 14:46:28 | Validation loss decreased (0.734310 --> 0.725169) in epoch (6). Saving model ...
2026-07-14 14:46:28 | TestSub: S10 | Epoch  7/100 Finsh | Now_lr 0.0005/0.0005 | Train Loss 0.5797 | Valid Loss 0.7407 | Train Acc 75.0000 | Valid Acc 40.6250
2026-07-14 14:46:28 | TestSub: S10 | Epoch  8/100 Finsh | Now_lr 0.0005/0.0005 | Train Loss 0.5733 | Valid Loss 0.7156 | Train Acc 78.6932 | Valid Acc 40.6250
2026-07-14 14:46:28 | Validation loss decreased (0.725169 --> 0.715569) in epoch (8). Saving model ...
2026-07-14 14:46:29 | TestSub: S10 | Epoch  9/100 Finsh | Now_lr 0.0005/0.0005 | Train Loss 0.5498 | Valid Loss 0.7131 | Train Acc 82.1023 | Valid Acc 50.0000
2026-07-14 14:46:29 | Validation loss decreased (0.715569 --> 0.713141) in epoch (9). Saving model ...
2026-07-14 14:46:29 | TestSub: S10 | Epoch 10/100 Finsh | Now_lr 0.0005/0.0005 | Train Loss 0.5487 | Valid Loss 0.7092 | Train Acc 80.3977 | Valid Acc 53.1250
2026-07-14 14:46:29 | Validation loss decreased (0.713141 --> 0.709240) in epoch (10). Saving model ...
2026-07-14 14:46:29 | TestSub: S10 | Epoch 11/100 Finsh | Now_lr 0.0005/0.0005 | Train Loss 0.5301 | Valid Loss 0.7109 | Train Acc 81.2500 | Valid Acc 46.8750
2026-07-14 14:46:30 | TestSub: S10 | Epoch 12/100 Finsh | Now_lr 0.0005/0.0005 | Train Loss 0.5173 | Valid Loss 0.7041 | Train Acc 83.8068 | Valid Acc 50.0000
2026-07-14 14:46:30 | Validation loss decreased (0.709240 --> 0.704140) in epoch (12). Saving model ...
2026-07-14 14:46:30 | TestSub: S10 | Epoch 13/100 Finsh | Now_lr 0.0005/0.0005 | Train Loss 0.5033 | Valid Loss 0.7067 | Train Acc 81.5341 | Valid Acc 46.8750
2026-07-14 14:46:31 | TestSub: S10 | Epoch 14/100 Finsh | Now_lr 0.0005/0.0005 | Train Loss 0.4861 | Valid Loss 0.6965 | Train Acc 86.3636 | Valid Acc 56.2500
2026-07-14 14:46:31 | Validation loss decreased (0.704140 --> 0.696475) in epoch (14). Saving model ...
2026-07-14 14:46:31 | TestSub: S10 | Epoch 15/100 Finsh | Now_lr 0.0005/0.0005 | Train Loss 0.4855 | Valid Loss 0.6962 | Train Acc 83.2386 | Valid Acc 50.0000
2026-07-14 14:46:31 | Validation loss decreased (0.696475 --> 0.696205) in epoch (15). Saving model ...
2026-07-14 14:46:31 | TestSub: S10 | Epoch 16/100 Finsh | Now_lr 0.0005/0.0005 | Train Loss 0.4853 | Valid Loss 0.6904 | Train Acc 82.6705 | Valid Acc 53.1250
2026-07-14 14:46:31 | Validation loss decreased (0.696205 --> 0.690397) in epoch (16). Saving model ...
2026-07-14 14:46:32 | TestSub: S10 | Epoch 17/100 Finsh | Now_lr 0.0005/0.0005 | Train Loss 0.4584 | Valid Loss 0.6828 | Train Acc 86.9318 | Valid Acc 43.7500
2026-07-14 14:46:32 | Validation loss decreased (0.690397 --> 0.682756) in epoch (17). Saving model ...
2026-07-14 14:46:32 | TestSub: S10 | Epoch 18/100 Finsh | Now_lr 0.0005/0.0005 | Train Loss 0.4377 | Valid Loss 0.6738 | Train Acc 88.0682 | Valid Acc 53.1250
2026-07-14 14:46:32 | Validation loss decreased (0.682756 --> 0.673786) in epoch (18). Saving model ...
2026-07-14 14:46:33 | TestSub: S10 | Epoch 19/100 Finsh | Now_lr 0.0005/0.0005 | Train Loss 0.4361 | Valid Loss 0.6652 | Train Acc 87.2159 | Valid Acc 56.2500
2026-07-14 14:46:33 | Validation loss decreased (0.673786 --> 0.665183) in epoch (19). Saving model ...
2026-07-14 14:46:34 | TestSub: S10 | Epoch 20/100 Finsh | Now_lr 0.0005/0.0005 | Train Loss 0.4353 | Valid Loss 0.6669 | Train Acc 87.5000 | Valid Acc 50.0000
2026-07-14 14:46:35 | TestSub: S10 | Epoch 21/100 Finsh | Now_lr 0.0005/0.0005 | Train Loss 0.4055 | Valid Loss 0.6566 | Train Acc 89.7727 | Valid Acc 59.3750
2026-07-14 14:46:35 | Validation loss decreased (0.665183 --> 0.656569) in epoch (21). Saving model ...
2026-07-14 14:46:36 | TestSub: S10 | Epoch 22/100 Finsh | Now_lr 0.0005/0.0005 | Train Loss 0.4018 | Valid Loss 0.6530 | Train Acc 89.4886 | Valid Acc 56.2500
2026-07-14 14:46:36 | Validation loss decreased (0.656569 --> 0.652962) in epoch (22). Saving model ...
2026-07-14 14:46:36 | TestSub: S10 | Epoch 23/100 Finsh | Now_lr 0.0005/0.0005 | Train Loss 0.3957 | Valid Loss 0.6485 | Train Acc 90.3409 | Valid Acc 46.8750
2026-07-14 14:46:36 | Validation loss decreased (0.652962 --> 0.648537) in epoch (23). Saving model ...
2026-07-14 14:46:36 | TestSub: S10 | Epoch 24/100 Finsh | Now_lr 0.0005/0.0005 | Train Loss 0.3824 | Valid Loss 0.6370 | Train Acc 91.7614 | Valid Acc 62.5000
2026-07-14 14:46:36 | Validation loss decreased (0.648537 --> 0.637048) in epoch (24). Saving model ...
2026-07-14 14:46:39 | TestSub: S10 | Epoch 25/100 Finsh | Now_lr 0.0005/0.0005 | Train Loss 0.3697 | Valid Loss 0.6325 | Train Acc 92.0455 | Valid Acc 59.3750
2026-07-14 14:46:39 | Validation loss decreased (0.637048 --> 0.632472) in epoch (25). Saving model ...
2026-07-14 14:46:39 | TestSub: S10 | Epoch 26/100 Finsh | Now_lr 0.0005/0.0005 | Train Loss 0.3727 | Valid Loss 0.6291 | Train Acc 90.6250 | Valid Acc 56.2500
2026-07-14 14:46:39 | Validation loss decreased (0.632472 --> 0.629069) in epoch (26). Saving model ...
2026-07-14 14:46:41 | TestSub: S10 | Epoch 27/100 Finsh | Now_lr 0.0005/0.0005 | Train Loss 0.3483 | Valid Loss 0.6228 | Train Acc 93.7500 | Valid Acc 62.5000
2026-07-14 14:46:41 | Validation loss decreased (0.629069 --> 0.622816) in epoch (27). Saving model ...
2026-07-14 14:46:41 | TestSub: S10 | Epoch 28/100 Finsh | Now_lr 0.0005/0.0005 | Train Loss 0.3384 | Valid Loss 0.6081 | Train Acc 94.6023 | Valid Acc 65.6250
2026-07-14 14:46:41 | Validation loss decreased (0.622816 --> 0.608121) in epoch (28). Saving model ...
2026-07-14 14:46:42 | TestSub: S10 | Epoch 29/100 Finsh | Now_lr 0.0005/0.0005 | Train Loss 0.3409 | Valid Loss 0.6016 | Train Acc 94.6023 | Valid Acc 71.8750
2026-07-14 14:46:42 | Validation loss decreased (0.608121 --> 0.601639) in epoch (29). Saving model ...
2026-07-14 14:46:42 | TestSub: S10 | Epoch 30/100 Finsh | Now_lr 0.0005/0.0005 | Train Loss 0.3287 | Valid Loss 0.5981 | Train Acc 92.8977 | Valid Acc 75.0000
2026-07-14 14:46:42 | Validation loss decreased (0.601639 --> 0.598113) in epoch (30). Saving model ...
2026-07-14 14:46:42 | TestSub: S10 | Epoch 31/100 Finsh | Now_lr 0.0005/0.0005 | Train Loss 0.3184 | Valid Loss 0.5955 | Train Acc 95.1705 | Valid Acc 78.1250
2026-07-14 14:46:42 | Validation loss decreased (0.598113 --> 0.595530) in epoch (31). Saving model ...
2026-07-14 14:46:43 | TestSub: S10 | Epoch 32/100 Finsh | Now_lr 0.0005/0.0005 | Train Loss 0.2942 | Valid Loss 0.5875 | Train Acc 97.4432 | Valid Acc 75.0000
2026-07-14 14:46:43 | Validation loss decreased (0.595530 --> 0.587478) in epoch (32). Saving model ...
2026-07-14 14:46:43 | TestSub: S10 | Epoch 33/100 Finsh | Now_lr 0.0005/0.0005 | Train Loss 0.2917 | Valid Loss 0.5820 | Train Acc 94.6023 | Valid Acc 75.0000
2026-07-14 14:46:43 | Validation loss decreased (0.587478 --> 0.581966) in epoch (33). Saving model ...
2026-07-14 14:46:44 | TestSub: S10 | Epoch 34/100 Finsh | Now_lr 0.0005/0.0005 | Train Loss 0.2845 | Valid Loss 0.5764 | Train Acc 96.0227 | Valid Acc 78.1250
2026-07-14 14:46:44 | Validation loss decreased (0.581966 --> 0.576404) in epoch (34). Saving model ...
2026-07-14 14:46:44 | TestSub: S10 | Epoch 35/100 Finsh | Now_lr 0.0005/0.0005 | Train Loss 0.2839 | Valid Loss 0.5640 | Train Acc 94.3182 | Valid Acc 78.1250
2026-07-14 14:46:44 | Validation loss decreased (0.576404 --> 0.563984) in epoch (35). Saving model ...
2026-07-14 14:46:44 | TestSub: S10 | Epoch 36/100 Finsh | Now_lr 0.0005/0.0005 | Train Loss 0.2755 | Valid Loss 0.5537 | Train Acc 95.7386 | Valid Acc 78.1250
2026-07-14 14:46:44 | Validation loss decreased (0.563984 --> 0.553651) in epoch (36). Saving model ...
2026-07-14 14:46:45 | TestSub: S10 | Epoch 37/100 Finsh | Now_lr 0.0005/0.0005 | Train Loss 0.2698 | Valid Loss 0.5465 | Train Acc 94.8864 | Valid Acc 78.1250
2026-07-14 14:46:45 | Validation loss decreased (0.553651 --> 0.546512) in epoch (37). Saving model ...
2026-07-14 14:46:46 | TestSub: S10 | Epoch 38/100 Finsh | Now_lr 0.0005/0.0005 | Train Loss 0.2658 | Valid Loss 0.5402 | Train Acc 95.1705 | Valid Acc 78.1250
2026-07-14 14:46:46 | Validation loss decreased (0.546512 --> 0.540199) in epoch (38). Saving model ...
2026-07-14 14:46:47 | TestSub: S10 | Epoch 39/100 Finsh | Now_lr 0.0005/0.0005 | Train Loss 0.2569 | Valid Loss 0.5394 | Train Acc 97.4432 | Valid Acc 81.2500
2026-07-14 14:46:47 | Validation loss decreased (0.540199 --> 0.539365) in epoch (39). Saving model ...
2026-07-14 14:46:47 | TestSub: S10 | Epoch 40/100 Finsh | Now_lr 0.0005/0.0005 | Train Loss 0.2510 | Valid Loss 0.5322 | Train Acc 96.3068 | Valid Acc 84.3750
2026-07-14 14:46:47 | Validation loss decreased (0.539365 --> 0.532152) in epoch (40). Saving model ...
2026-07-14 14:46:47 | TestSub: S10 | Epoch 41/100 Finsh | Now_lr 0.0005/0.0005 | Train Loss 0.2426 | Valid Loss 0.5330 | Train Acc 96.3068 | Valid Acc 78.1250
2026-07-14 14:46:48 | TestSub: S10 | Epoch 42/100 Finsh | Now_lr 0.0005/0.0005 | Train Loss 0.2451 | Valid Loss 0.5315 | Train Acc 96.3068 | Valid Acc 75.0000
2026-07-14 14:46:48 | Validation loss decreased (0.532152 --> 0.531485) in epoch (42). Saving model ...
2026-07-14 14:46:48 | TestSub: S10 | Epoch 43/100 Finsh | Now_lr 0.0005/0.0005 | Train Loss 0.2270 | Valid Loss 0.5413 | Train Acc 97.4432 | Valid Acc 71.8750
2026-07-14 14:46:49 | TestSub: S10 | Epoch 44/100 Finsh | Now_lr 0.0005/0.0005 | Train Loss 0.2312 | Valid Loss 0.5418 | Train Acc 98.2955 | Valid Acc 78.1250
2026-07-14 14:46:49 | TestSub: S10 | Epoch 45/100 Finsh | Now_lr 0.0005/0.0005 | Train Loss 0.2241 | Valid Loss 0.5434 | Train Acc 97.1591 | Valid Acc 81.2500
2026-07-14 14:46:50 | TestSub: S10 | Epoch 46/100 Finsh | Now_lr 0.0005/0.0005 | Train Loss 0.2234 | Valid Loss 0.5331 | Train Acc 96.5909 | Valid Acc 81.2500
2026-07-14 14:46:50 | TestSub: S10 | Epoch 47/100 Finsh | Now_lr 0.0005/0.0005 | Train Loss 0.2044 | Valid Loss 0.5327 | Train Acc 97.7273 | Valid Acc 75.0000
2026-07-14 14:46:51 | TestSub: S10 | Epoch 48/100 Finsh | Now_lr 0.0005/0.0005 | Train Loss 0.2036 | Valid Loss 0.5320 | Train Acc 97.7273 | Valid Acc 75.0000
2026-07-14 14:46:51 | TestSub: S10 | Epoch 49/100 Finsh | Now_lr 0.0005/0.0005 | Train Loss 0.1972 | Valid Loss 0.5198 | Train Acc 97.7273 | Valid Acc 75.0000
2026-07-14 14:46:51 | Validation loss decreased (0.531485 --> 0.519835) in epoch (49). Saving model ...
2026-07-14 14:46:51 | TestSub: S10 | Epoch 50/100 Finsh | Now_lr 0.0005/0.0005 | Train Loss 0.2027 | Valid Loss 0.5198 | Train Acc 97.1591 | Valid Acc 71.8750
2026-07-14 14:46:51 | Validation loss decreased (0.519835 --> 0.519779) in epoch (50). Saving model ...
2026-07-14 14:46:52 | TestSub: S10 | Epoch 51/100 Finsh | Now_lr 0.0005/0.0005 | Train Loss 0.1934 | Valid Loss 0.5164 | Train Acc 97.1591 | Valid Acc 75.0000
2026-07-14 14:46:52 | Validation loss decreased (0.519779 --> 0.516406) in epoch (51). Saving model ...
2026-07-14 14:46:52 | TestSub: S10 | Epoch 52/100 Finsh | Now_lr 0.0005/0.0005 | Train Loss 0.1834 | Valid Loss 0.5076 | Train Acc 98.8636 | Valid Acc 81.2500
2026-07-14 14:46:52 | Validation loss decreased (0.516406 --> 0.507628) in epoch (52). Saving model ...
2026-07-14 14:46:53 | TestSub: S10 | Epoch 53/100 Finsh | Now_lr 0.0005/0.0005 | Train Loss 0.1930 | Valid Loss 0.5012 | Train Acc 97.7273 | Valid Acc 81.2500
2026-07-14 14:46:53 | Validation loss decreased (0.507628 --> 0.501179) in epoch (53). Saving model ...
2026-07-14 14:46:53 | TestSub: S10 | Epoch 54/100 Finsh | Now_lr 0.0005/0.0005 | Train Loss 0.1814 | Valid Loss 0.4987 | Train Acc 97.4432 | Valid Acc 81.2500
2026-07-14 14:46:53 | Validation loss decreased (0.501179 --> 0.498694) in epoch (54). Saving model ...
2026-07-14 14:46:53 | TestSub: S10 | Epoch 55/100 Finsh | Now_lr 0.0005/0.0005 | Train Loss 0.1662 | Valid Loss 0.4950 | Train Acc 98.2955 | Valid Acc 81.2500
2026-07-14 14:46:53 | Validation loss decreased (0.498694 --> 0.494989) in epoch (55). Saving model ...
2026-07-14 14:46:54 | TestSub: S10 | Epoch 56/100 Finsh | Now_lr 0.0005/0.0005 | Train Loss 0.1892 | Valid Loss 0.4943 | Train Acc 97.1591 | Valid Acc 81.2500
2026-07-14 14:46:54 | Validation loss decreased (0.494989 --> 0.494323) in epoch (56). Saving model ...
2026-07-14 14:46:54 | TestSub: S10 | Epoch 57/100 Finsh | Now_lr 0.0005/0.0005 | Train Loss 0.1660 | Valid Loss 0.5002 | Train Acc 99.1477 | Valid Acc 81.2500
2026-07-14 14:46:54 | TestSub: S10 | Epoch 58/100 Finsh | Now_lr 0.0005/0.0005 | Train Loss 0.1751 | Valid Loss 0.5038 | Train Acc 97.7273 | Valid Acc 81.2500
2026-07-14 14:46:55 | TestSub: S10 | Epoch 59/100 Finsh | Now_lr 0.0005/0.0005 | Train Loss 0.1713 | Valid Loss 0.5027 | Train Acc 97.7273 | Valid Acc 75.0000
2026-07-14 14:46:55 | TestSub: S10 | Epoch 60/100 Finsh | Now_lr 0.0005/0.0005 | Train Loss 0.1505 | Valid Loss 0.4887 | Train Acc 99.4318 | Valid Acc 84.3750
2026-07-14 14:46:55 | Validation loss decreased (0.494323 --> 0.488662) in epoch (60). Saving model ...
2026-07-14 14:46:56 | TestSub: S10 | Epoch 61/100 Finsh | Now_lr 0.0005/0.0005 | Train Loss 0.1517 | Valid Loss 0.4765 | Train Acc 98.0114 | Valid Acc 84.3750
2026-07-14 14:46:56 | Validation loss decreased (0.488662 --> 0.476535) in epoch (61). Saving model ...
2026-07-14 14:46:56 | TestSub: S10 | Epoch 62/100 Finsh | Now_lr 0.0005/0.0005 | Train Loss 0.1573 | Valid Loss 0.4720 | Train Acc 99.1477 | Valid Acc 84.3750
2026-07-14 14:46:56 | Validation loss decreased (0.476535 --> 0.472001) in epoch (62). Saving model ...
2026-07-14 14:46:57 | TestSub: S10 | Epoch 63/100 Finsh | Now_lr 0.0005/0.0005 | Train Loss 0.1682 | Valid Loss 0.4850 | Train Acc 98.0114 | Valid Acc 78.1250
2026-07-14 14:46:57 | TestSub: S10 | Epoch 64/100 Finsh | Now_lr 0.0005/0.0005 | Train Loss 0.1461 | Valid Loss 0.4966 | Train Acc 98.5795 | Valid Acc 78.1250
2026-07-14 14:46:57 | TestSub: S10 | Epoch 65/100 Finsh | Now_lr 0.0005/0.0005 | Train Loss 0.1475 | Valid Loss 0.4866 | Train Acc 99.1477 | Valid Acc 81.2500
2026-07-14 14:46:58 | TestSub: S10 | Epoch 66/100 Finsh | Now_lr 0.0005/0.0005 | Train Loss 0.1487 | Valid Loss 0.4842 | Train Acc 98.8636 | Valid Acc 81.2500
2026-07-14 14:46:58 | TestSub: S10 | Epoch 67/100 Finsh | Now_lr 0.0005/0.0005 | Train Loss 0.1539 | Valid Loss 0.4875 | Train Acc 97.7273 | Valid Acc 75.0000
2026-07-14 14:46:58 | TestSub: S10 | Epoch 68/100 Finsh | Now_lr 0.0005/0.0005 | Train Loss 0.1460 | Valid Loss 0.4757 | Train Acc 98.0114 | Valid Acc 78.1250
2026-07-14 14:46:59 | TestSub: S10 | Epoch 69/100 Finsh | Now_lr 0.0005/0.0005 | Train Loss 0.1444 | Valid Loss 0.4785 | Train Acc 97.4432 | Valid Acc 78.1250
2026-07-14 14:46:59 | TestSub: S10 | Epoch 70/100 Finsh | Now_lr 0.0005/0.0005 | Train Loss 0.1423 | Valid Loss 0.4828 | Train Acc 98.2955 | Valid Acc 78.1250
2026-07-14 14:46:59 | TestSub: S10 | Epoch 71/100 Finsh | Now_lr 0.0005/0.0005 | Train Loss 0.1231 | Valid Loss 0.4819 | Train Acc 99.4318 | Valid Acc 78.1250
2026-07-14 14:47:00 | TestSub: S10 | Epoch 72/100 Finsh | Now_lr 0.0005/0.0005 | Train Loss 0.1387 | Valid Loss 0.4840 | Train Acc 97.1591 | Valid Acc 78.1250
2026-07-14 14:47:01 | TestSub: S10 | Epoch 73/100 Finsh | Now_lr 0.0005/0.0005 | Train Loss 0.1284 | Valid Loss 0.4695 | Train Acc 98.5795 | Valid Acc 78.1250
2026-07-14 14:47:01 | Validation loss decreased (0.472001 --> 0.469541) in epoch (73). Saving model ...
2026-07-14 14:47:01 | TestSub: S10 | Epoch 74/100 Finsh | Now_lr 0.0005/0.0005 | Train Loss 0.1240 | Valid Loss 0.4683 | Train Acc 98.8636 | Valid Acc 78.1250
2026-07-14 14:47:01 | Validation loss decreased (0.469541 --> 0.468305) in epoch (74). Saving model ...
2026-07-14 14:47:01 | TestSub: S10 | Epoch 75/100 Finsh | Now_lr 0.0005/0.0005 | Train Loss 0.1233 | Valid Loss 0.4631 | Train Acc 99.4318 | Valid Acc 81.2500
2026-07-14 14:47:01 | Validation loss decreased (0.468305 --> 0.463101) in epoch (75). Saving model ...
2026-07-14 14:47:02 | TestSub: S10 | Epoch 76/100 Finsh | Now_lr 0.0005/0.0005 | Train Loss 0.1371 | Valid Loss 0.4581 | Train Acc 98.5795 | Valid Acc 84.3750
2026-07-14 14:47:02 | Validation loss decreased (0.463101 --> 0.458066) in epoch (76). Saving model ...
2026-07-14 14:47:02 | TestSub: S10 | Epoch 77/100 Finsh | Now_lr 0.0005/0.0005 | Train Loss 0.1280 | Valid Loss 0.4571 | Train Acc 98.8636 | Valid Acc 81.2500
2026-07-14 14:47:02 | Validation loss decreased (0.458066 --> 0.457050) in epoch (77). Saving model ...
2026-07-14 14:47:02 | TestSub: S10 | Epoch 78/100 Finsh | Now_lr 0.0005/0.0005 | Train Loss 0.1259 | Valid Loss 0.4582 | Train Acc 98.8636 | Valid Acc 81.2500
2026-07-14 14:47:03 | TestSub: S10 | Epoch 79/100 Finsh | Now_lr 0.0005/0.0005 | Train Loss 0.1227 | Valid Loss 0.4594 | Train Acc 98.5795 | Valid Acc 81.2500
2026-07-14 14:47:03 | TestSub: S10 | Epoch 80/100 Finsh | Now_lr 0.0005/0.0005 | Train Loss 0.1133 | Valid Loss 0.4560 | Train Acc 98.2955 | Valid Acc 81.2500
2026-07-14 14:47:03 | Validation loss decreased (0.457050 --> 0.455988) in epoch (80). Saving model ...
2026-07-14 14:47:03 | TestSub: S10 | Epoch 81/100 Finsh | Now_lr 0.0005/0.0005 | Train Loss 0.1127 | Valid Loss 0.4628 | Train Acc 98.5795 | Valid Acc 81.2500
2026-07-14 14:47:04 | TestSub: S10 | Epoch 82/100 Finsh | Now_lr 0.0005/0.0005 | Train Loss 0.1070 | Valid Loss 0.4674 | Train Acc 99.1477 | Valid Acc 81.2500
2026-07-14 14:47:04 | TestSub: S10 | Epoch 83/100 Finsh | Now_lr 0.0005/0.0005 | Train Loss 0.1136 | Valid Loss 0.4605 | Train Acc 98.8636 | Valid Acc 81.2500
2026-07-14 14:47:04 | TestSub: S10 | Epoch 84/100 Finsh | Now_lr 0.0005/0.0005 | Train Loss 0.1130 | Valid Loss 0.4555 | Train Acc 98.2955 | Valid Acc 81.2500
2026-07-14 14:47:04 | Validation loss decreased (0.455988 --> 0.455547) in epoch (84). Saving model ...
2026-07-14 14:47:05 | TestSub: S10 | Epoch 85/100 Finsh | Now_lr 0.0005/0.0005 | Train Loss 0.1091 | Valid Loss 0.4679 | Train Acc 98.5795 | Valid Acc 81.2500
2026-07-14 14:47:05 | TestSub: S10 | Epoch 86/100 Finsh | Now_lr 0.0005/0.0005 | Train Loss 0.1049 | Valid Loss 0.4686 | Train Acc 99.7159 | Valid Acc 81.2500
2026-07-14 14:47:06 | TestSub: S10 | Epoch 87/100 Finsh | Now_lr 0.0005/0.0005 | Train Loss 0.1093 | Valid Loss 0.4845 | Train Acc 99.4318 | Valid Acc 81.2500
2026-07-14 14:47:06 | TestSub: S10 | Epoch 88/100 Finsh | Now_lr 0.0005/0.0005 | Train Loss 0.1230 | Valid Loss 0.4895 | Train Acc 97.1591 | Valid Acc 81.2500
2026-07-14 14:47:06 | TestSub: S10 | Epoch 89/100 Finsh | Now_lr 0.0005/0.0005 | Train Loss 0.0942 | Valid Loss 0.4935 | Train Acc 99.1477 | Valid Acc 78.1250
2026-07-14 14:47:07 | TestSub: S10 | Epoch 90/100 Finsh | Now_lr 0.0005/0.0005 | Train Loss 0.1072 | Valid Loss 0.4910 | Train Acc 98.5795 | Valid Acc 81.2500
2026-07-14 14:47:07 | TestSub: S10 | Epoch 91/100 Finsh | Now_lr 0.0005/0.0005 | Train Loss 0.0955 | Valid Loss 0.4871 | Train Acc 98.8636 | Valid Acc 78.1250
2026-07-14 14:47:07 | TestSub: S10 | Epoch 92/100 Finsh | Now_lr 0.0005/0.0005 | Train Loss 0.0979 | Valid Loss 0.4741 | Train Acc 98.8636 | Valid Acc 78.1250
2026-07-14 14:47:08 | TestSub: S10 | Epoch 93/100 Finsh | Now_lr 0.0005/0.0005 | Train Loss 0.1058 | Valid Loss 0.4678 | Train Acc 99.1477 | Valid Acc 78.1250
2026-07-14 14:47:08 | TestSub: S10 | Epoch 94/100 Finsh | Now_lr 0.0005/0.0005 | Train Loss 0.0966 | Valid Loss 0.4695 | Train Acc 99.1477 | Valid Acc 78.1250
2026-07-14 14:47:08 | TestSub: S10 | Epoch 95/100 Finsh | Now_lr 0.0005/0.0005 | Train Loss 0.1063 | Valid Loss 0.4829 | Train Acc 98.5795 | Valid Acc 78.1250
2026-07-14 14:47:09 | TestSub: S10 | Epoch 96/100 Finsh | Now_lr 0.0005/0.0005 | Train Loss 0.0993 | Valid Loss 0.4757 | Train Acc 99.7159 | Valid Acc 78.1250
2026-07-14 14:47:09 | TestSub: S10 | Epoch 97/100 Finsh | Now_lr 0.0005/0.0005 | Train Loss 0.1057 | Valid Loss 0.4824 | Train Acc 98.8636 | Valid Acc 78.1250
2026-07-14 14:47:10 | TestSub: S10 | Epoch 98/100 Finsh | Now_lr 0.0005/0.0005 | Train Loss 0.0865 | Valid Loss 0.4798 | Train Acc 99.7159 | Valid Acc 78.1250
2026-07-14 14:47:10 | TestSub: S10 | Epoch 99/100 Finsh | Now_lr 0.0005/0.0005 | Train Loss 0.1000 | Valid Loss 0.4818 | Train Acc 99.1477 | Valid Acc 78.1250
2026-07-14 14:47:10 | TestSub: S10 | Epoch 100/100 Finsh | Now_lr 0.0005/0.0005 | Train Loss 0.0919 | Valid Loss 0.4774 | Train Acc 99.1477 | Valid Acc 78.1250
2026-07-14 14:47:10 | --------------------------------------------------
2026-07-14 14:47:10 | Test_Subject :S10 | Best epoch:84 | Test Loss:1.0911 | Savemodel Acc 40.6250
2026-07-14 14:47:10 | --------------------------------------------------
2026-07-14 14:47:10 | Best epoch: 84 | Test acc: 40.6250
