2026-07-13 09:24:38 | Logging started: ./writer/Subject_dependent_AAD/AVEDao/10.0s/result//Train10.0s_sub8.log
2026-07-13 09:24:40 | Sub_id: 8
2026-07-13 09:24:42 | TestSub: S8 | Epoch  1/100 Finsh | Now_lr 0.0005/0.0005 | Train Loss 0.7034 | Valid Loss 0.7778 | Train Acc 48.8636 | Valid Acc 40.6250
2026-07-13 09:24:42 | Validation loss decreased (inf --> 0.777774) in epoch (1). Saving model ...
2026-07-13 09:24:42 | TestSub: S8 | Epoch  2/100 Finsh | Now_lr 0.0005/0.0005 | Train Loss 0.6821 | Valid Loss 0.7457 | Train Acc 58.2386 | Valid Acc 40.6250
2026-07-13 09:24:42 | Validation loss decreased (0.777774 --> 0.745721) in epoch (2). Saving model ...
2026-07-13 09:24:43 | TestSub: S8 | Epoch  3/100 Finsh | Now_lr 0.0005/0.0005 | Train Loss 0.6546 | Valid Loss 0.7804 | Train Acc 62.2159 | Valid Acc 40.6250
2026-07-13 09:24:43 | TestSub: S8 | Epoch  4/100 Finsh | Now_lr 0.0005/0.0005 | Train Loss 0.6268 | Valid Loss 0.8616 | Train Acc 64.4886 | Valid Acc 40.6250
2026-07-13 09:24:43 | TestSub: S8 | Epoch  5/100 Finsh | Now_lr 0.0005/0.0005 | Train Loss 0.6041 | Valid Loss 0.9556 | Train Acc 68.1818 | Valid Acc 40.6250
2026-07-13 09:24:44 | TestSub: S8 | Epoch  6/100 Finsh | Now_lr 0.0005/0.0005 | Train Loss 0.5883 | Valid Loss 0.9407 | Train Acc 70.4545 | Valid Acc 40.6250
2026-07-13 09:24:44 | TestSub: S8 | Epoch  7/100 Finsh | Now_lr 0.0005/0.0005 | Train Loss 0.5618 | Valid Loss 0.8114 | Train Acc 76.4205 | Valid Acc 40.6250
2026-07-13 09:24:44 | TestSub: S8 | Epoch  8/100 Finsh | Now_lr 0.0005/0.0005 | Train Loss 0.5511 | Valid Loss 0.7859 | Train Acc 74.4318 | Valid Acc 46.8750
2026-07-13 09:24:45 | TestSub: S8 | Epoch  9/100 Finsh | Now_lr 0.0005/0.0005 | Train Loss 0.5473 | Valid Loss 0.7434 | Train Acc 74.7159 | Valid Acc 40.6250
2026-07-13 09:24:45 | Validation loss decreased (0.745721 --> 0.743356) in epoch (9). Saving model ...
2026-07-13 09:24:45 | TestSub: S8 | Epoch 10/100 Finsh | Now_lr 0.0005/0.0005 | Train Loss 0.5298 | Valid Loss 0.7370 | Train Acc 77.5568 | Valid Acc 46.8750
2026-07-13 09:24:45 | Validation loss decreased (0.743356 --> 0.736974) in epoch (10). Saving model ...
2026-07-13 09:24:45 | TestSub: S8 | Epoch 11/100 Finsh | Now_lr 0.0005/0.0005 | Train Loss 0.5103 | Valid Loss 0.7407 | Train Acc 79.5455 | Valid Acc 50.0000
2026-07-13 09:24:46 | TestSub: S8 | Epoch 12/100 Finsh | Now_lr 0.0005/0.0005 | Train Loss 0.4958 | Valid Loss 0.7337 | Train Acc 82.1023 | Valid Acc 53.1250
2026-07-13 09:24:46 | Validation loss decreased (0.736974 --> 0.733726) in epoch (12). Saving model ...
2026-07-13 09:24:46 | TestSub: S8 | Epoch 13/100 Finsh | Now_lr 0.0005/0.0005 | Train Loss 0.4719 | Valid Loss 0.7392 | Train Acc 83.2386 | Valid Acc 53.1250
2026-07-13 09:24:47 | TestSub: S8 | Epoch 14/100 Finsh | Now_lr 0.0005/0.0005 | Train Loss 0.4736 | Valid Loss 0.7374 | Train Acc 82.3864 | Valid Acc 50.0000
2026-07-13 09:24:47 | TestSub: S8 | Epoch 15/100 Finsh | Now_lr 0.0005/0.0005 | Train Loss 0.4646 | Valid Loss 0.7305 | Train Acc 82.9545 | Valid Acc 50.0000
2026-07-13 09:24:47 | Validation loss decreased (0.733726 --> 0.730506) in epoch (15). Saving model ...
2026-07-13 09:24:47 | TestSub: S8 | Epoch 16/100 Finsh | Now_lr 0.0005/0.0005 | Train Loss 0.4580 | Valid Loss 0.7236 | Train Acc 84.3750 | Valid Acc 50.0000
2026-07-13 09:24:47 | Validation loss decreased (0.730506 --> 0.723619) in epoch (16). Saving model ...
2026-07-13 09:24:48 | TestSub: S8 | Epoch 17/100 Finsh | Now_lr 0.0005/0.0005 | Train Loss 0.4326 | Valid Loss 0.7414 | Train Acc 86.0795 | Valid Acc 53.1250
2026-07-13 09:24:48 | TestSub: S8 | Epoch 18/100 Finsh | Now_lr 0.0005/0.0005 | Train Loss 0.4330 | Valid Loss 0.7355 | Train Acc 86.0795 | Valid Acc 53.1250
2026-07-13 09:24:48 | TestSub: S8 | Epoch 19/100 Finsh | Now_lr 0.0005/0.0005 | Train Loss 0.4280 | Valid Loss 0.7341 | Train Acc 89.4886 | Valid Acc 50.0000
2026-07-13 09:24:49 | TestSub: S8 | Epoch 20/100 Finsh | Now_lr 0.0005/0.0005 | Train Loss 0.4087 | Valid Loss 0.7348 | Train Acc 88.9205 | Valid Acc 50.0000
2026-07-13 09:24:49 | TestSub: S8 | Epoch 21/100 Finsh | Now_lr 0.0005/0.0005 | Train Loss 0.4026 | Valid Loss 0.7335 | Train Acc 87.7841 | Valid Acc 50.0000
2026-07-13 09:24:49 | TestSub: S8 | Epoch 22/100 Finsh | Now_lr 0.0005/0.0005 | Train Loss 0.4008 | Valid Loss 0.7193 | Train Acc 86.6477 | Valid Acc 53.1250
2026-07-13 09:24:49 | Validation loss decreased (0.723619 --> 0.719318) in epoch (22). Saving model ...
2026-07-13 09:24:50 | TestSub: S8 | Epoch 23/100 Finsh | Now_lr 0.0005/0.0005 | Train Loss 0.3846 | Valid Loss 0.7154 | Train Acc 90.0568 | Valid Acc 56.2500
2026-07-13 09:24:50 | Validation loss decreased (0.719318 --> 0.715387) in epoch (23). Saving model ...
2026-07-13 09:24:50 | TestSub: S8 | Epoch 24/100 Finsh | Now_lr 0.0005/0.0005 | Train Loss 0.3730 | Valid Loss 0.7066 | Train Acc 91.4773 | Valid Acc 56.2500
2026-07-13 09:24:50 | Validation loss decreased (0.715387 --> 0.706621) in epoch (24). Saving model ...
2026-07-13 09:24:51 | TestSub: S8 | Epoch 25/100 Finsh | Now_lr 0.0005/0.0005 | Train Loss 0.3762 | Valid Loss 0.7151 | Train Acc 89.2045 | Valid Acc 56.2500
2026-07-13 09:24:51 | TestSub: S8 | Epoch 26/100 Finsh | Now_lr 0.0005/0.0005 | Train Loss 0.3535 | Valid Loss 0.7078 | Train Acc 91.7614 | Valid Acc 53.1250
2026-07-13 09:24:51 | TestSub: S8 | Epoch 27/100 Finsh | Now_lr 0.0005/0.0005 | Train Loss 0.3522 | Valid Loss 0.7061 | Train Acc 92.6136 | Valid Acc 53.1250
2026-07-13 09:24:51 | Validation loss decreased (0.706621 --> 0.706148) in epoch (27). Saving model ...
2026-07-13 09:24:52 | TestSub: S8 | Epoch 28/100 Finsh | Now_lr 0.0005/0.0005 | Train Loss 0.3412 | Valid Loss 0.7133 | Train Acc 91.4773 | Valid Acc 59.3750
2026-07-13 09:24:52 | TestSub: S8 | Epoch 29/100 Finsh | Now_lr 0.0005/0.0005 | Train Loss 0.3497 | Valid Loss 0.7027 | Train Acc 89.7727 | Valid Acc 56.2500
2026-07-13 09:24:52 | Validation loss decreased (0.706148 --> 0.702737) in epoch (29). Saving model ...
2026-07-13 09:24:52 | TestSub: S8 | Epoch 30/100 Finsh | Now_lr 0.0005/0.0005 | Train Loss 0.3488 | Valid Loss 0.6861 | Train Acc 92.8977 | Valid Acc 50.0000
2026-07-13 09:24:52 | Validation loss decreased (0.702737 --> 0.686076) in epoch (30). Saving model ...
2026-07-13 09:24:53 | TestSub: S8 | Epoch 31/100 Finsh | Now_lr 0.0005/0.0005 | Train Loss 0.3544 | Valid Loss 0.6822 | Train Acc 90.9091 | Valid Acc 53.1250
2026-07-13 09:24:53 | Validation loss decreased (0.686076 --> 0.682232) in epoch (31). Saving model ...
2026-07-13 09:24:53 | TestSub: S8 | Epoch 32/100 Finsh | Now_lr 0.0005/0.0005 | Train Loss 0.3383 | Valid Loss 0.6764 | Train Acc 92.8977 | Valid Acc 53.1250
2026-07-13 09:24:53 | Validation loss decreased (0.682232 --> 0.676386) in epoch (32). Saving model ...
2026-07-13 09:24:54 | TestSub: S8 | Epoch 33/100 Finsh | Now_lr 0.0005/0.0005 | Train Loss 0.3248 | Valid Loss 0.6761 | Train Acc 92.8977 | Valid Acc 59.3750
2026-07-13 09:24:54 | Validation loss decreased (0.676386 --> 0.676125) in epoch (33). Saving model ...
2026-07-13 09:24:54 | TestSub: S8 | Epoch 34/100 Finsh | Now_lr 0.0005/0.0005 | Train Loss 0.3311 | Valid Loss 0.6741 | Train Acc 92.8977 | Valid Acc 56.2500
2026-07-13 09:24:54 | Validation loss decreased (0.676125 --> 0.674132) in epoch (34). Saving model ...
2026-07-13 09:24:54 | TestSub: S8 | Epoch 35/100 Finsh | Now_lr 0.0005/0.0005 | Train Loss 0.3138 | Valid Loss 0.6642 | Train Acc 92.8977 | Valid Acc 56.2500
2026-07-13 09:24:54 | Validation loss decreased (0.674132 --> 0.664223) in epoch (35). Saving model ...
2026-07-13 09:24:55 | TestSub: S8 | Epoch 36/100 Finsh | Now_lr 0.0005/0.0005 | Train Loss 0.3038 | Valid Loss 0.6669 | Train Acc 95.7386 | Valid Acc 53.1250
2026-07-13 09:24:55 | TestSub: S8 | Epoch 37/100 Finsh | Now_lr 0.0005/0.0005 | Train Loss 0.3054 | Valid Loss 0.6631 | Train Acc 93.4659 | Valid Acc 56.2500
2026-07-13 09:24:55 | Validation loss decreased (0.664223 --> 0.663065) in epoch (37). Saving model ...
2026-07-13 09:24:56 | TestSub: S8 | Epoch 38/100 Finsh | Now_lr 0.0005/0.0005 | Train Loss 0.2804 | Valid Loss 0.6520 | Train Acc 97.1591 | Valid Acc 56.2500
2026-07-13 09:24:56 | Validation loss decreased (0.663065 --> 0.651975) in epoch (38). Saving model ...
2026-07-13 09:24:56 | TestSub: S8 | Epoch 39/100 Finsh | Now_lr 0.0005/0.0005 | Train Loss 0.2988 | Valid Loss 0.6550 | Train Acc 93.1818 | Valid Acc 59.3750
2026-07-13 09:24:56 | TestSub: S8 | Epoch 40/100 Finsh | Now_lr 0.0005/0.0005 | Train Loss 0.2663 | Valid Loss 0.6573 | Train Acc 96.0227 | Valid Acc 56.2500
2026-07-13 09:24:57 | TestSub: S8 | Epoch 41/100 Finsh | Now_lr 0.0005/0.0005 | Train Loss 0.2747 | Valid Loss 0.6529 | Train Acc 93.7500 | Valid Acc 59.3750
2026-07-13 09:24:57 | TestSub: S8 | Epoch 42/100 Finsh | Now_lr 0.0005/0.0005 | Train Loss 0.2877 | Valid Loss 0.6353 | Train Acc 94.8864 | Valid Acc 59.3750
2026-07-13 09:24:57 | Validation loss decreased (0.651975 --> 0.635276) in epoch (42). Saving model ...
2026-07-13 09:24:57 | TestSub: S8 | Epoch 43/100 Finsh | Now_lr 0.0005/0.0005 | Train Loss 0.2592 | Valid Loss 0.6435 | Train Acc 95.7386 | Valid Acc 65.6250
2026-07-13 09:24:58 | TestSub: S8 | Epoch 44/100 Finsh | Now_lr 0.0005/0.0005 | Train Loss 0.2478 | Valid Loss 0.6334 | Train Acc 96.5909 | Valid Acc 59.3750
2026-07-13 09:24:58 | Validation loss decreased (0.635276 --> 0.633352) in epoch (44). Saving model ...
2026-07-13 09:24:58 | TestSub: S8 | Epoch 45/100 Finsh | Now_lr 0.0005/0.0005 | Train Loss 0.2526 | Valid Loss 0.6275 | Train Acc 95.4545 | Valid Acc 59.3750
2026-07-13 09:24:58 | Validation loss decreased (0.633352 --> 0.627497) in epoch (45). Saving model ...
2026-07-13 09:24:59 | TestSub: S8 | Epoch 46/100 Finsh | Now_lr 0.0005/0.0005 | Train Loss 0.2462 | Valid Loss 0.6207 | Train Acc 96.8750 | Valid Acc 59.3750
2026-07-13 09:24:59 | Validation loss decreased (0.627497 --> 0.620692) in epoch (46). Saving model ...
2026-07-13 09:24:59 | TestSub: S8 | Epoch 47/100 Finsh | Now_lr 0.0005/0.0005 | Train Loss 0.2488 | Valid Loss 0.6229 | Train Acc 95.7386 | Valid Acc 59.3750
2026-07-13 09:25:00 | TestSub: S8 | Epoch 48/100 Finsh | Now_lr 0.0005/0.0005 | Train Loss 0.2473 | Valid Loss 0.6190 | Train Acc 96.3068 | Valid Acc 56.2500
2026-07-13 09:25:00 | Validation loss decreased (0.620692 --> 0.619001) in epoch (48). Saving model ...
2026-07-13 09:25:00 | TestSub: S8 | Epoch 49/100 Finsh | Now_lr 0.0005/0.0005 | Train Loss 0.2325 | Valid Loss 0.6135 | Train Acc 96.8750 | Valid Acc 62.5000
2026-07-13 09:25:00 | Validation loss decreased (0.619001 --> 0.613497) in epoch (49). Saving model ...
2026-07-13 09:25:00 | TestSub: S8 | Epoch 50/100 Finsh | Now_lr 0.0005/0.0005 | Train Loss 0.2390 | Valid Loss 0.6091 | Train Acc 96.3068 | Valid Acc 59.3750
2026-07-13 09:25:00 | Validation loss decreased (0.613497 --> 0.609054) in epoch (50). Saving model ...
2026-07-13 09:25:01 | TestSub: S8 | Epoch 51/100 Finsh | Now_lr 0.0005/0.0005 | Train Loss 0.2311 | Valid Loss 0.6061 | Train Acc 96.8750 | Valid Acc 65.6250
2026-07-13 09:25:01 | Validation loss decreased (0.609054 --> 0.606133) in epoch (51). Saving model ...
2026-07-13 09:25:01 | TestSub: S8 | Epoch 52/100 Finsh | Now_lr 0.0005/0.0005 | Train Loss 0.2287 | Valid Loss 0.6115 | Train Acc 96.3068 | Valid Acc 62.5000
2026-07-13 09:25:01 | TestSub: S8 | Epoch 53/100 Finsh | Now_lr 0.0005/0.0005 | Train Loss 0.2079 | Valid Loss 0.6264 | Train Acc 96.5909 | Valid Acc 65.6250
2026-07-13 09:25:02 | TestSub: S8 | Epoch 54/100 Finsh | Now_lr 0.0005/0.0005 | Train Loss 0.2098 | Valid Loss 0.6346 | Train Acc 97.4432 | Valid Acc 62.5000
2026-07-13 09:25:02 | TestSub: S8 | Epoch 55/100 Finsh | Now_lr 0.0005/0.0005 | Train Loss 0.2075 | Valid Loss 0.6346 | Train Acc 96.5909 | Valid Acc 65.6250
2026-07-13 09:25:03 | TestSub: S8 | Epoch 56/100 Finsh | Now_lr 0.0005/0.0005 | Train Loss 0.2237 | Valid Loss 0.6426 | Train Acc 96.0227 | Valid Acc 59.3750
2026-07-13 09:25:03 | TestSub: S8 | Epoch 57/100 Finsh | Now_lr 0.0005/0.0005 | Train Loss 0.2260 | Valid Loss 0.6303 | Train Acc 95.1705 | Valid Acc 65.6250
2026-07-13 09:25:03 | TestSub: S8 | Epoch 58/100 Finsh | Now_lr 0.0005/0.0005 | Train Loss 0.2029 | Valid Loss 0.6356 | Train Acc 96.8750 | Valid Acc 59.3750
2026-07-13 09:25:04 | TestSub: S8 | Epoch 59/100 Finsh | Now_lr 0.0005/0.0005 | Train Loss 0.1972 | Valid Loss 0.6202 | Train Acc 97.7273 | Valid Acc 62.5000
2026-07-13 09:25:04 | TestSub: S8 | Epoch 60/100 Finsh | Now_lr 0.0005/0.0005 | Train Loss 0.1998 | Valid Loss 0.6227 | Train Acc 97.7273 | Valid Acc 62.5000
2026-07-13 09:25:04 | TestSub: S8 | Epoch 61/100 Finsh | Now_lr 0.0005/0.0005 | Train Loss 0.1990 | Valid Loss 0.6246 | Train Acc 96.8750 | Valid Acc 62.5000
2026-07-13 09:25:05 | TestSub: S8 | Epoch 62/100 Finsh | Now_lr 0.0005/0.0005 | Train Loss 0.1897 | Valid Loss 0.6013 | Train Acc 98.0114 | Valid Acc 65.6250
2026-07-13 09:25:05 | Validation loss decreased (0.606133 --> 0.601337) in epoch (62). Saving model ...
2026-07-13 09:25:05 | TestSub: S8 | Epoch 63/100 Finsh | Now_lr 0.0005/0.0005 | Train Loss 0.1783 | Valid Loss 0.6303 | Train Acc 98.2955 | Valid Acc 65.6250
2026-07-13 09:25:05 | TestSub: S8 | Epoch 64/100 Finsh | Now_lr 0.0005/0.0005 | Train Loss 0.1970 | Valid Loss 0.6114 | Train Acc 96.3068 | Valid Acc 62.5000
2026-07-13 09:25:06 | TestSub: S8 | Epoch 65/100 Finsh | Now_lr 0.0005/0.0005 | Train Loss 0.1955 | Valid Loss 0.5975 | Train Acc 96.8750 | Valid Acc 62.5000
2026-07-13 09:25:06 | Validation loss decreased (0.601337 --> 0.597496) in epoch (65). Saving model ...
2026-07-13 09:25:06 | TestSub: S8 | Epoch 66/100 Finsh | Now_lr 0.0005/0.0005 | Train Loss 0.1803 | Valid Loss 0.5926 | Train Acc 96.5909 | Valid Acc 62.5000
2026-07-13 09:25:06 | Validation loss decreased (0.597496 --> 0.592618) in epoch (66). Saving model ...
2026-07-13 09:25:07 | TestSub: S8 | Epoch 67/100 Finsh | Now_lr 0.0005/0.0005 | Train Loss 0.1771 | Valid Loss 0.5883 | Train Acc 97.7273 | Valid Acc 65.6250
2026-07-13 09:25:07 | Validation loss decreased (0.592618 --> 0.588264) in epoch (67). Saving model ...
2026-07-13 09:25:07 | TestSub: S8 | Epoch 68/100 Finsh | Now_lr 0.0005/0.0005 | Train Loss 0.1757 | Valid Loss 0.6072 | Train Acc 97.4432 | Valid Acc 68.7500
2026-07-13 09:25:07 | TestSub: S8 | Epoch 69/100 Finsh | Now_lr 0.0005/0.0005 | Train Loss 0.1895 | Valid Loss 0.5867 | Train Acc 96.5909 | Valid Acc 62.5000
2026-07-13 09:25:07 | Validation loss decreased (0.588264 --> 0.586716) in epoch (69). Saving model ...
2026-07-13 09:25:08 | TestSub: S8 | Epoch 70/100 Finsh | Now_lr 0.0005/0.0005 | Train Loss 0.1831 | Valid Loss 0.5958 | Train Acc 96.8750 | Valid Acc 65.6250
2026-07-13 09:25:08 | TestSub: S8 | Epoch 71/100 Finsh | Now_lr 0.0005/0.0005 | Train Loss 0.1937 | Valid Loss 0.5906 | Train Acc 96.0227 | Valid Acc 68.7500
2026-07-13 09:25:08 | TestSub: S8 | Epoch 72/100 Finsh | Now_lr 0.0005/0.0005 | Train Loss 0.1725 | Valid Loss 0.5843 | Train Acc 97.7273 | Valid Acc 65.6250
2026-07-13 09:25:08 | Validation loss decreased (0.586716 --> 0.584342) in epoch (72). Saving model ...
2026-07-13 09:25:09 | TestSub: S8 | Epoch 73/100 Finsh | Now_lr 0.0005/0.0005 | Train Loss 0.1754 | Valid Loss 0.5907 | Train Acc 97.1591 | Valid Acc 59.3750
2026-07-13 09:25:09 | TestSub: S8 | Epoch 74/100 Finsh | Now_lr 0.0005/0.0005 | Train Loss 0.1627 | Valid Loss 0.5678 | Train Acc 97.4432 | Valid Acc 68.7500
2026-07-13 09:25:09 | Validation loss decreased (0.584342 --> 0.567805) in epoch (74). Saving model ...
2026-07-13 09:25:10 | TestSub: S8 | Epoch 75/100 Finsh | Now_lr 0.0005/0.0005 | Train Loss 0.1785 | Valid Loss 0.5770 | Train Acc 96.3068 | Valid Acc 65.6250
2026-07-13 09:25:10 | TestSub: S8 | Epoch 76/100 Finsh | Now_lr 0.0005/0.0005 | Train Loss 0.1641 | Valid Loss 0.5732 | Train Acc 97.4432 | Valid Acc 68.7500
2026-07-13 09:25:10 | TestSub: S8 | Epoch 77/100 Finsh | Now_lr 0.0005/0.0005 | Train Loss 0.1577 | Valid Loss 0.6143 | Train Acc 98.2955 | Valid Acc 62.5000
2026-07-13 09:25:11 | TestSub: S8 | Epoch 78/100 Finsh | Now_lr 0.0005/0.0005 | Train Loss 0.1494 | Valid Loss 0.5782 | Train Acc 98.8636 | Valid Acc 62.5000
2026-07-13 09:25:11 | TestSub: S8 | Epoch 79/100 Finsh | Now_lr 0.0005/0.0005 | Train Loss 0.1519 | Valid Loss 0.5916 | Train Acc 97.4432 | Valid Acc 65.6250
2026-07-13 09:25:11 | TestSub: S8 | Epoch 80/100 Finsh | Now_lr 0.0005/0.0005 | Train Loss 0.1446 | Valid Loss 0.5841 | Train Acc 98.0114 | Valid Acc 65.6250
2026-07-13 09:25:12 | TestSub: S8 | Epoch 81/100 Finsh | Now_lr 0.0005/0.0005 | Train Loss 0.1369 | Valid Loss 0.5557 | Train Acc 98.8636 | Valid Acc 62.5000
2026-07-13 09:25:12 | Validation loss decreased (0.567805 --> 0.555691) in epoch (81). Saving model ...
2026-07-13 09:25:12 | TestSub: S8 | Epoch 82/100 Finsh | Now_lr 0.0005/0.0005 | Train Loss 0.1444 | Valid Loss 0.5724 | Train Acc 97.1591 | Valid Acc 65.6250
2026-07-13 09:25:12 | TestSub: S8 | Epoch 83/100 Finsh | Now_lr 0.0005/0.0005 | Train Loss 0.1517 | Valid Loss 0.5426 | Train Acc 98.2955 | Valid Acc 65.6250
2026-07-13 09:25:12 | Validation loss decreased (0.555691 --> 0.542641) in epoch (83). Saving model ...
2026-07-13 09:25:13 | TestSub: S8 | Epoch 84/100 Finsh | Now_lr 0.0005/0.0005 | Train Loss 0.1484 | Valid Loss 0.5640 | Train Acc 97.7273 | Valid Acc 68.7500
2026-07-13 09:25:13 | TestSub: S8 | Epoch 85/100 Finsh | Now_lr 0.0005/0.0005 | Train Loss 0.1420 | Valid Loss 0.5587 | Train Acc 98.2955 | Valid Acc 68.7500
2026-07-13 09:25:13 | TestSub: S8 | Epoch 86/100 Finsh | Now_lr 0.0005/0.0005 | Train Loss 0.1338 | Valid Loss 0.5323 | Train Acc 98.5795 | Valid Acc 68.7500
2026-07-13 09:25:13 | Validation loss decreased (0.542641 --> 0.532289) in epoch (86). Saving model ...
2026-07-13 09:25:14 | TestSub: S8 | Epoch 87/100 Finsh | Now_lr 0.0005/0.0005 | Train Loss 0.1280 | Valid Loss 0.5572 | Train Acc 98.2955 | Valid Acc 68.7500
2026-07-13 09:25:14 | TestSub: S8 | Epoch 88/100 Finsh | Now_lr 0.0005/0.0005 | Train Loss 0.1503 | Valid Loss 0.5612 | Train Acc 97.4432 | Valid Acc 65.6250
2026-07-13 09:25:14 | TestSub: S8 | Epoch 89/100 Finsh | Now_lr 0.0005/0.0005 | Train Loss 0.1284 | Valid Loss 0.5564 | Train Acc 98.0114 | Valid Acc 65.6250
2026-07-13 09:25:15 | TestSub: S8 | Epoch 90/100 Finsh | Now_lr 0.0005/0.0005 | Train Loss 0.1314 | Valid Loss 0.5193 | Train Acc 98.0114 | Valid Acc 75.0000
2026-07-13 09:25:15 | Validation loss decreased (0.532289 --> 0.519284) in epoch (90). Saving model ...
2026-07-13 09:25:15 | TestSub: S8 | Epoch 91/100 Finsh | Now_lr 0.0005/0.0005 | Train Loss 0.1412 | Valid Loss 0.5261 | Train Acc 98.2955 | Valid Acc 71.8750
2026-07-13 09:25:16 | TestSub: S8 | Epoch 92/100 Finsh | Now_lr 0.0005/0.0005 | Train Loss 0.1398 | Valid Loss 0.5291 | Train Acc 97.4432 | Valid Acc 75.0000
2026-07-13 09:25:16 | TestSub: S8 | Epoch 93/100 Finsh | Now_lr 0.0005/0.0005 | Train Loss 0.1294 | Valid Loss 0.5039 | Train Acc 98.2955 | Valid Acc 75.0000
2026-07-13 09:25:16 | Validation loss decreased (0.519284 --> 0.503868) in epoch (93). Saving model ...
2026-07-13 09:25:16 | TestSub: S8 | Epoch 94/100 Finsh | Now_lr 0.0005/0.0005 | Train Loss 0.1324 | Valid Loss 0.5318 | Train Acc 97.7273 | Valid Acc 65.6250
2026-07-13 09:25:17 | TestSub: S8 | Epoch 95/100 Finsh | Now_lr 0.0005/0.0005 | Train Loss 0.1563 | Valid Loss 0.5148 | Train Acc 96.3068 | Valid Acc 75.0000
2026-07-13 09:25:17 | TestSub: S8 | Epoch 96/100 Finsh | Now_lr 0.0005/0.0005 | Train Loss 0.1161 | Valid Loss 0.5126 | Train Acc 98.8636 | Valid Acc 75.0000
2026-07-13 09:25:17 | TestSub: S8 | Epoch 97/100 Finsh | Now_lr 0.0005/0.0005 | Train Loss 0.1163 | Valid Loss 0.5071 | Train Acc 99.1477 | Valid Acc 78.1250
2026-07-13 09:25:18 | TestSub: S8 | Epoch 98/100 Finsh | Now_lr 0.0005/0.0005 | Train Loss 0.1152 | Valid Loss 0.5102 | Train Acc 99.4318 | Valid Acc 78.1250
2026-07-13 09:25:18 | TestSub: S8 | Epoch 99/100 Finsh | Now_lr 0.0005/0.0005 | Train Loss 0.1085 | Valid Loss 0.5269 | Train Acc 98.8636 | Valid Acc 68.7500
2026-07-13 09:25:18 | TestSub: S8 | Epoch 100/100 Finsh | Now_lr 0.0005/0.0005 | Train Loss 0.1305 | Valid Loss 0.5052 | Train Acc 97.4432 | Valid Acc 71.8750
2026-07-13 09:25:18 | --------------------------------------------------
2026-07-13 09:25:18 | Test_Subject :S8 | Best epoch:93 | Test Loss:0.7631 | Savemodel Acc 56.2500
2026-07-13 09:25:18 | --------------------------------------------------
2026-07-13 09:25:18 | Best epoch: 93 | Test acc: 56.2500
