2026-07-10 08:41:03 | Logging started: ./writer/Subject_dependent_AAD/DTU/1.0s/result//Train1.0s_sub9.log
2026-07-10 08:41:03 | Sub_id: 9
2026-07-10 08:41:05 | TestSub: S9 | Epoch  1/100 Finsh | Now_lr 0.0005/0.0005 | Train Loss 0.7114 | Valid Loss 0.6694 | Train Acc 52.1115 | Valid Acc 62.5000
2026-07-10 08:41:05 | Validation loss decreased (inf --> 0.669438) in epoch (1). Saving model ...
2026-07-10 08:41:06 | TestSub: S9 | Epoch  2/100 Finsh | Now_lr 0.0005/0.0005 | Train Loss 0.6866 | Valid Loss 0.6486 | Train Acc 55.2787 | Valid Acc 66.7969
2026-07-10 08:41:06 | Validation loss decreased (0.669438 --> 0.648630) in epoch (2). Saving model ...
2026-07-10 08:41:07 | TestSub: S9 | Epoch  3/100 Finsh | Now_lr 0.0005/0.0005 | Train Loss 0.6430 | Valid Loss 0.6142 | Train Acc 62.7956 | Valid Acc 69.9219
2026-07-10 08:41:07 | Validation loss decreased (0.648630 --> 0.614168) in epoch (3). Saving model ...
2026-07-10 08:41:07 | TestSub: S9 | Epoch  4/100 Finsh | Now_lr 0.0005/0.0005 | Train Loss 0.5915 | Valid Loss 0.5725 | Train Acc 70.1436 | Valid Acc 72.6562
2026-07-10 08:41:07 | Validation loss decreased (0.614168 --> 0.572478) in epoch (4). Saving model ...
2026-07-10 08:41:08 | TestSub: S9 | Epoch  5/100 Finsh | Now_lr 0.0005/0.0005 | Train Loss 0.5496 | Valid Loss 0.5540 | Train Acc 72.0861 | Valid Acc 71.4844
2026-07-10 08:41:08 | Validation loss decreased (0.572478 --> 0.554031) in epoch (5). Saving model ...
2026-07-10 08:41:09 | TestSub: S9 | Epoch  6/100 Finsh | Now_lr 0.0005/0.0005 | Train Loss 0.5148 | Valid Loss 0.5177 | Train Acc 73.7753 | Valid Acc 75.0000
2026-07-10 08:41:09 | Validation loss decreased (0.554031 --> 0.517694) in epoch (6). Saving model ...
2026-07-10 08:41:10 | TestSub: S9 | Epoch  7/100 Finsh | Now_lr 0.0005/0.0005 | Train Loss 0.4830 | Valid Loss 0.5091 | Train Acc 76.9426 | Valid Acc 75.3906
2026-07-10 08:41:10 | Validation loss decreased (0.517694 --> 0.509065) in epoch (7). Saving model ...
2026-07-10 08:41:10 | TestSub: S9 | Epoch  8/100 Finsh | Now_lr 0.0005/0.0005 | Train Loss 0.4729 | Valid Loss 0.4930 | Train Acc 77.7872 | Valid Acc 75.7812
2026-07-10 08:41:10 | Validation loss decreased (0.509065 --> 0.492983) in epoch (8). Saving model ...
2026-07-10 08:41:11 | TestSub: S9 | Epoch  9/100 Finsh | Now_lr 0.0005/0.0005 | Train Loss 0.4652 | Valid Loss 0.4742 | Train Acc 77.7872 | Valid Acc 77.7344
2026-07-10 08:41:11 | Validation loss decreased (0.492983 --> 0.474210) in epoch (9). Saving model ...
2026-07-10 08:41:12 | TestSub: S9 | Epoch 10/100 Finsh | Now_lr 0.0005/0.0005 | Train Loss 0.4481 | Valid Loss 0.4693 | Train Acc 79.0963 | Valid Acc 79.2969
2026-07-10 08:41:12 | Validation loss decreased (0.474210 --> 0.469262) in epoch (10). Saving model ...
2026-07-10 08:41:12 | TestSub: S9 | Epoch 11/100 Finsh | Now_lr 0.0005/0.0005 | Train Loss 0.4162 | Valid Loss 0.4632 | Train Acc 80.9966 | Valid Acc 78.1250
2026-07-10 08:41:12 | Validation loss decreased (0.469262 --> 0.463228) in epoch (11). Saving model ...
2026-07-10 08:41:13 | TestSub: S9 | Epoch 12/100 Finsh | Now_lr 0.0005/0.0005 | Train Loss 0.4167 | Valid Loss 0.4568 | Train Acc 81.6301 | Valid Acc 80.0781
2026-07-10 08:41:13 | Validation loss decreased (0.463228 --> 0.456806) in epoch (12). Saving model ...
2026-07-10 08:41:14 | TestSub: S9 | Epoch 13/100 Finsh | Now_lr 0.0005/0.0005 | Train Loss 0.4057 | Valid Loss 0.4397 | Train Acc 82.4747 | Valid Acc 80.0781
2026-07-10 08:41:14 | Validation loss decreased (0.456806 --> 0.439691) in epoch (13). Saving model ...
2026-07-10 08:41:15 | TestSub: S9 | Epoch 14/100 Finsh | Now_lr 0.0005/0.0005 | Train Loss 0.3882 | Valid Loss 0.4498 | Train Acc 83.3615 | Valid Acc 79.2969
2026-07-10 08:41:15 | TestSub: S9 | Epoch 15/100 Finsh | Now_lr 0.0005/0.0005 | Train Loss 0.3771 | Valid Loss 0.4204 | Train Acc 83.8682 | Valid Acc 80.8594
2026-07-10 08:41:15 | Validation loss decreased (0.439691 --> 0.420442) in epoch (15). Saving model ...
2026-07-10 08:41:16 | TestSub: S9 | Epoch 16/100 Finsh | Now_lr 0.0005/0.0005 | Train Loss 0.3687 | Valid Loss 0.4163 | Train Acc 83.8682 | Valid Acc 82.0312
2026-07-10 08:41:16 | Validation loss decreased (0.420442 --> 0.416315) in epoch (16). Saving model ...
2026-07-10 08:41:17 | TestSub: S9 | Epoch 17/100 Finsh | Now_lr 0.0005/0.0005 | Train Loss 0.3512 | Valid Loss 0.4240 | Train Acc 85.2196 | Valid Acc 81.6406
2026-07-10 08:41:17 | TestSub: S9 | Epoch 18/100 Finsh | Now_lr 0.0005/0.0005 | Train Loss 0.3413 | Valid Loss 0.4232 | Train Acc 86.1064 | Valid Acc 81.6406
2026-07-10 08:41:18 | TestSub: S9 | Epoch 19/100 Finsh | Now_lr 0.0005/0.0005 | Train Loss 0.3439 | Valid Loss 0.3961 | Train Acc 85.3463 | Valid Acc 84.3750
2026-07-10 08:41:18 | Validation loss decreased (0.416315 --> 0.396072) in epoch (19). Saving model ...
2026-07-10 08:41:19 | TestSub: S9 | Epoch 20/100 Finsh | Now_lr 0.0005/0.0005 | Train Loss 0.3440 | Valid Loss 0.3856 | Train Acc 85.2196 | Valid Acc 86.7188
2026-07-10 08:41:19 | Validation loss decreased (0.396072 --> 0.385561) in epoch (20). Saving model ...
2026-07-10 08:41:20 | TestSub: S9 | Epoch 21/100 Finsh | Now_lr 0.0005/0.0005 | Train Loss 0.3263 | Valid Loss 0.3841 | Train Acc 86.1486 | Valid Acc 85.1562
2026-07-10 08:41:20 | Validation loss decreased (0.385561 --> 0.384059) in epoch (21). Saving model ...
2026-07-10 08:41:20 | TestSub: S9 | Epoch 22/100 Finsh | Now_lr 0.0005/0.0005 | Train Loss 0.3191 | Valid Loss 0.3748 | Train Acc 86.7399 | Valid Acc 84.7656
2026-07-10 08:41:20 | Validation loss decreased (0.384059 --> 0.374831) in epoch (22). Saving model ...
2026-07-10 08:41:21 | TestSub: S9 | Epoch 23/100 Finsh | Now_lr 0.0005/0.0005 | Train Loss 0.3083 | Valid Loss 0.3759 | Train Acc 87.5845 | Valid Acc 84.7656
2026-07-10 08:41:22 | TestSub: S9 | Epoch 24/100 Finsh | Now_lr 0.0005/0.0005 | Train Loss 0.2966 | Valid Loss 0.3519 | Train Acc 87.8378 | Valid Acc 85.9375
2026-07-10 08:41:22 | Validation loss decreased (0.374831 --> 0.351945) in epoch (24). Saving model ...
2026-07-10 08:41:23 | TestSub: S9 | Epoch 25/100 Finsh | Now_lr 0.0005/0.0005 | Train Loss 0.3090 | Valid Loss 0.3598 | Train Acc 87.4155 | Valid Acc 85.9375
2026-07-10 08:41:24 | TestSub: S9 | Epoch 26/100 Finsh | Now_lr 0.0005/0.0005 | Train Loss 0.2796 | Valid Loss 0.3499 | Train Acc 88.7669 | Valid Acc 85.5469
2026-07-10 08:41:24 | Validation loss decreased (0.351945 --> 0.349922) in epoch (26). Saving model ...
2026-07-10 08:41:24 | TestSub: S9 | Epoch 27/100 Finsh | Now_lr 0.0005/0.0005 | Train Loss 0.2845 | Valid Loss 0.3458 | Train Acc 88.3868 | Valid Acc 86.7188
2026-07-10 08:41:24 | Validation loss decreased (0.349922 --> 0.345779) in epoch (27). Saving model ...
2026-07-10 08:41:25 | TestSub: S9 | Epoch 28/100 Finsh | Now_lr 0.0005/0.0005 | Train Loss 0.2789 | Valid Loss 0.3299 | Train Acc 88.3024 | Valid Acc 87.1094
2026-07-10 08:41:25 | Validation loss decreased (0.345779 --> 0.329857) in epoch (28). Saving model ...
2026-07-10 08:41:26 | TestSub: S9 | Epoch 29/100 Finsh | Now_lr 0.0005/0.0005 | Train Loss 0.2789 | Valid Loss 0.3443 | Train Acc 88.4713 | Valid Acc 86.7188
2026-07-10 08:41:26 | TestSub: S9 | Epoch 30/100 Finsh | Now_lr 0.0005/0.0005 | Train Loss 0.2659 | Valid Loss 0.3258 | Train Acc 89.8226 | Valid Acc 88.6719
2026-07-10 08:41:26 | Validation loss decreased (0.329857 --> 0.325757) in epoch (30). Saving model ...
2026-07-10 08:41:27 | TestSub: S9 | Epoch 31/100 Finsh | Now_lr 0.0005/0.0005 | Train Loss 0.2688 | Valid Loss 0.3272 | Train Acc 89.2736 | Valid Acc 88.2812
2026-07-10 08:41:28 | TestSub: S9 | Epoch 32/100 Finsh | Now_lr 0.0005/0.0005 | Train Loss 0.2726 | Valid Loss 0.3319 | Train Acc 88.5557 | Valid Acc 88.6719
2026-07-10 08:41:29 | TestSub: S9 | Epoch 33/100 Finsh | Now_lr 0.0005/0.0005 | Train Loss 0.2585 | Valid Loss 0.3293 | Train Acc 89.8226 | Valid Acc 87.1094
2026-07-10 08:41:29 | TestSub: S9 | Epoch 34/100 Finsh | Now_lr 0.0005/0.0005 | Train Loss 0.2547 | Valid Loss 0.3196 | Train Acc 89.9493 | Valid Acc 87.8906
2026-07-10 08:41:29 | Validation loss decreased (0.325757 --> 0.319597) in epoch (34). Saving model ...
2026-07-10 08:41:30 | TestSub: S9 | Epoch 35/100 Finsh | Now_lr 0.0005/0.0005 | Train Loss 0.2585 | Valid Loss 0.3147 | Train Acc 88.9780 | Valid Acc 88.2812
2026-07-10 08:41:30 | Validation loss decreased (0.319597 --> 0.314689) in epoch (35). Saving model ...
2026-07-10 08:41:31 | TestSub: S9 | Epoch 36/100 Finsh | Now_lr 0.0005/0.0005 | Train Loss 0.2440 | Valid Loss 0.3240 | Train Acc 90.4983 | Valid Acc 88.6719
2026-07-10 08:41:31 | TestSub: S9 | Epoch 37/100 Finsh | Now_lr 0.0005/0.0005 | Train Loss 0.2596 | Valid Loss 0.3065 | Train Acc 89.3159 | Valid Acc 88.2812
2026-07-10 08:41:31 | Validation loss decreased (0.314689 --> 0.306507) in epoch (37). Saving model ...
2026-07-10 08:41:32 | TestSub: S9 | Epoch 38/100 Finsh | Now_lr 0.0005/0.0005 | Train Loss 0.2448 | Valid Loss 0.3037 | Train Acc 89.8649 | Valid Acc 88.2812
2026-07-10 08:41:32 | Validation loss decreased (0.306507 --> 0.303690) in epoch (38). Saving model ...
2026-07-10 08:41:33 | TestSub: S9 | Epoch 39/100 Finsh | Now_lr 0.0005/0.0005 | Train Loss 0.2389 | Valid Loss 0.3213 | Train Acc 89.9071 | Valid Acc 87.8906
2026-07-10 08:41:34 | TestSub: S9 | Epoch 40/100 Finsh | Now_lr 0.0005/0.0005 | Train Loss 0.2418 | Valid Loss 0.3331 | Train Acc 90.0338 | Valid Acc 87.8906
2026-07-10 08:41:34 | TestSub: S9 | Epoch 41/100 Finsh | Now_lr 0.0005/0.0005 | Train Loss 0.2360 | Valid Loss 0.3012 | Train Acc 89.8649 | Valid Acc 89.4531
2026-07-10 08:41:34 | Validation loss decreased (0.303690 --> 0.301210) in epoch (41). Saving model ...
2026-07-10 08:41:35 | TestSub: S9 | Epoch 42/100 Finsh | Now_lr 0.0005/0.0005 | Train Loss 0.2430 | Valid Loss 0.3131 | Train Acc 89.9493 | Valid Acc 89.0625
2026-07-10 08:41:36 | TestSub: S9 | Epoch 43/100 Finsh | Now_lr 0.0005/0.0005 | Train Loss 0.2382 | Valid Loss 0.2937 | Train Acc 90.6672 | Valid Acc 89.8438
2026-07-10 08:41:36 | Validation loss decreased (0.301210 --> 0.293721) in epoch (43). Saving model ...
2026-07-10 08:41:37 | TestSub: S9 | Epoch 44/100 Finsh | Now_lr 0.0005/0.0005 | Train Loss 0.2288 | Valid Loss 0.2988 | Train Acc 90.7095 | Valid Acc 89.8438
2026-07-10 08:41:37 | TestSub: S9 | Epoch 45/100 Finsh | Now_lr 0.0005/0.0005 | Train Loss 0.2200 | Valid Loss 0.3215 | Train Acc 90.7517 | Valid Acc 87.1094
2026-07-10 08:41:38 | TestSub: S9 | Epoch 46/100 Finsh | Now_lr 0.0005/0.0005 | Train Loss 0.2439 | Valid Loss 0.2987 | Train Acc 89.4848 | Valid Acc 90.2344
2026-07-10 08:41:39 | TestSub: S9 | Epoch 47/100 Finsh | Now_lr 0.0005/0.0005 | Train Loss 0.2187 | Valid Loss 0.2783 | Train Acc 91.0473 | Valid Acc 91.4062
2026-07-10 08:41:39 | Validation loss decreased (0.293721 --> 0.278294) in epoch (47). Saving model ...
2026-07-10 08:41:39 | TestSub: S9 | Epoch 48/100 Finsh | Now_lr 0.0005/0.0005 | Train Loss 0.2193 | Valid Loss 0.2803 | Train Acc 91.8074 | Valid Acc 90.6250
2026-07-10 08:41:40 | TestSub: S9 | Epoch 49/100 Finsh | Now_lr 0.0005/0.0005 | Train Loss 0.2090 | Valid Loss 0.2898 | Train Acc 91.9764 | Valid Acc 89.4531
2026-07-10 08:41:41 | TestSub: S9 | Epoch 50/100 Finsh | Now_lr 0.0005/0.0005 | Train Loss 0.2128 | Valid Loss 0.2749 | Train Acc 91.3429 | Valid Acc 90.2344
2026-07-10 08:41:41 | Validation loss decreased (0.278294 --> 0.274885) in epoch (50). Saving model ...
2026-07-10 08:41:42 | TestSub: S9 | Epoch 51/100 Finsh | Now_lr 0.0005/0.0005 | Train Loss 0.2187 | Valid Loss 0.2931 | Train Acc 91.1318 | Valid Acc 87.8906
2026-07-10 08:41:42 | TestSub: S9 | Epoch 52/100 Finsh | Now_lr 0.0005/0.0005 | Train Loss 0.2085 | Valid Loss 0.2739 | Train Acc 91.7230 | Valid Acc 91.4062
2026-07-10 08:41:42 | Validation loss decreased (0.274885 --> 0.273881) in epoch (52). Saving model ...
2026-07-10 08:41:43 | TestSub: S9 | Epoch 53/100 Finsh | Now_lr 0.0005/0.0005 | Train Loss 0.2138 | Valid Loss 0.2968 | Train Acc 91.1740 | Valid Acc 90.2344
2026-07-10 08:41:44 | TestSub: S9 | Epoch 54/100 Finsh | Now_lr 0.0005/0.0005 | Train Loss 0.2079 | Valid Loss 0.2780 | Train Acc 91.4696 | Valid Acc 91.0156
2026-07-10 08:41:44 | TestSub: S9 | Epoch 55/100 Finsh | Now_lr 0.0005/0.0005 | Train Loss 0.2043 | Valid Loss 0.2924 | Train Acc 91.7652 | Valid Acc 89.8438
2026-07-10 08:41:45 | TestSub: S9 | Epoch 56/100 Finsh | Now_lr 0.0005/0.0005 | Train Loss 0.1987 | Valid Loss 0.2704 | Train Acc 92.4831 | Valid Acc 91.7969
2026-07-10 08:41:45 | Validation loss decreased (0.273881 --> 0.270410) in epoch (56). Saving model ...
2026-07-10 08:41:46 | TestSub: S9 | Epoch 57/100 Finsh | Now_lr 0.0005/0.0005 | Train Loss 0.1973 | Valid Loss 0.2772 | Train Acc 91.9764 | Valid Acc 90.6250
2026-07-10 08:41:47 | TestSub: S9 | Epoch 58/100 Finsh | Now_lr 0.0005/0.0005 | Train Loss 0.1945 | Valid Loss 0.2832 | Train Acc 92.5253 | Valid Acc 87.5000
2026-07-10 08:41:47 | TestSub: S9 | Epoch 59/100 Finsh | Now_lr 0.0005/0.0005 | Train Loss 0.2019 | Valid Loss 0.2719 | Train Acc 92.2720 | Valid Acc 89.4531
2026-07-10 08:41:48 | TestSub: S9 | Epoch 60/100 Finsh | Now_lr 0.0005/0.0005 | Train Loss 0.1918 | Valid Loss 0.2622 | Train Acc 92.7365 | Valid Acc 88.6719
2026-07-10 08:41:48 | Validation loss decreased (0.270410 --> 0.262199) in epoch (60). Saving model ...
2026-07-10 08:41:49 | TestSub: S9 | Epoch 61/100 Finsh | Now_lr 0.0005/0.0005 | Train Loss 0.2092 | Valid Loss 0.2547 | Train Acc 91.0473 | Valid Acc 90.6250
2026-07-10 08:41:49 | Validation loss decreased (0.262199 --> 0.254681) in epoch (61). Saving model ...
2026-07-10 08:41:49 | TestSub: S9 | Epoch 62/100 Finsh | Now_lr 0.0005/0.0005 | Train Loss 0.1939 | Valid Loss 0.2506 | Train Acc 92.2297 | Valid Acc 91.4062
2026-07-10 08:41:49 | Validation loss decreased (0.254681 --> 0.250630) in epoch (62). Saving model ...
2026-07-10 08:41:50 | TestSub: S9 | Epoch 63/100 Finsh | Now_lr 0.0005/0.0005 | Train Loss 0.1877 | Valid Loss 0.2479 | Train Acc 92.8209 | Valid Acc 91.0156
2026-07-10 08:41:50 | Validation loss decreased (0.250630 --> 0.247938) in epoch (63). Saving model ...
2026-07-10 08:41:51 | TestSub: S9 | Epoch 64/100 Finsh | Now_lr 0.0005/0.0005 | Train Loss 0.1996 | Valid Loss 0.2487 | Train Acc 92.0186 | Valid Acc 91.4062
2026-07-10 08:41:51 | TestSub: S9 | Epoch 65/100 Finsh | Now_lr 0.0005/0.0005 | Train Loss 0.1844 | Valid Loss 0.2462 | Train Acc 92.9476 | Valid Acc 91.4062
2026-07-10 08:41:51 | Validation loss decreased (0.247938 --> 0.246171) in epoch (65). Saving model ...
2026-07-10 08:41:52 | TestSub: S9 | Epoch 66/100 Finsh | Now_lr 0.0005/0.0005 | Train Loss 0.1783 | Valid Loss 0.2703 | Train Acc 93.0743 | Valid Acc 89.8438
2026-07-10 08:41:53 | TestSub: S9 | Epoch 67/100 Finsh | Now_lr 0.0005/0.0005 | Train Loss 0.1637 | Valid Loss 0.2516 | Train Acc 93.9611 | Valid Acc 91.0156
2026-07-10 08:41:54 | TestSub: S9 | Epoch 68/100 Finsh | Now_lr 0.0005/0.0005 | Train Loss 0.1722 | Valid Loss 0.2409 | Train Acc 93.4544 | Valid Acc 91.4062
2026-07-10 08:41:54 | Validation loss decreased (0.246171 --> 0.240893) in epoch (68). Saving model ...
2026-07-10 08:41:54 | TestSub: S9 | Epoch 69/100 Finsh | Now_lr 0.0005/0.0005 | Train Loss 0.1670 | Valid Loss 0.2451 | Train Acc 93.9189 | Valid Acc 91.4062
2026-07-10 08:41:55 | TestSub: S9 | Epoch 70/100 Finsh | Now_lr 0.0005/0.0005 | Train Loss 0.1765 | Valid Loss 0.2641 | Train Acc 93.2432 | Valid Acc 90.2344
2026-07-10 08:41:56 | TestSub: S9 | Epoch 71/100 Finsh | Now_lr 0.0005/0.0005 | Train Loss 0.1863 | Valid Loss 0.2182 | Train Acc 92.3564 | Valid Acc 92.9688
2026-07-10 08:41:56 | Validation loss decreased (0.240893 --> 0.218210) in epoch (71). Saving model ...
2026-07-10 08:41:56 | TestSub: S9 | Epoch 72/100 Finsh | Now_lr 0.0005/0.0005 | Train Loss 0.1754 | Valid Loss 0.2236 | Train Acc 93.2432 | Valid Acc 91.7969
2026-07-10 08:41:57 | TestSub: S9 | Epoch 73/100 Finsh | Now_lr 0.0005/0.0005 | Train Loss 0.1655 | Valid Loss 0.2269 | Train Acc 94.3834 | Valid Acc 92.1875
2026-07-10 08:41:58 | TestSub: S9 | Epoch 74/100 Finsh | Now_lr 0.0005/0.0005 | Train Loss 0.1710 | Valid Loss 0.2307 | Train Acc 93.4544 | Valid Acc 92.5781
2026-07-10 08:41:58 | TestSub: S9 | Epoch 75/100 Finsh | Now_lr 0.0005/0.0005 | Train Loss 0.1703 | Valid Loss 0.2231 | Train Acc 93.2432 | Valid Acc 93.3594
2026-07-10 08:41:59 | TestSub: S9 | Epoch 76/100 Finsh | Now_lr 0.0005/0.0005 | Train Loss 0.1798 | Valid Loss 0.2266 | Train Acc 92.9476 | Valid Acc 91.7969
2026-07-10 08:42:00 | TestSub: S9 | Epoch 77/100 Finsh | Now_lr 0.0005/0.0005 | Train Loss 0.1571 | Valid Loss 0.2201 | Train Acc 93.7500 | Valid Acc 92.9688
2026-07-10 08:42:00 | TestSub: S9 | Epoch 78/100 Finsh | Now_lr 0.0005/0.0005 | Train Loss 0.1797 | Valid Loss 0.2177 | Train Acc 92.9476 | Valid Acc 92.5781
2026-07-10 08:42:00 | Validation loss decreased (0.218210 --> 0.217709) in epoch (78). Saving model ...
2026-07-10 08:42:01 | TestSub: S9 | Epoch 79/100 Finsh | Now_lr 0.0005/0.0005 | Train Loss 0.1601 | Valid Loss 0.2229 | Train Acc 93.4122 | Valid Acc 92.5781
2026-07-10 08:42:02 | TestSub: S9 | Epoch 80/100 Finsh | Now_lr 0.0005/0.0005 | Train Loss 0.1545 | Valid Loss 0.2375 | Train Acc 94.3834 | Valid Acc 93.3594
2026-07-10 08:42:03 | TestSub: S9 | Epoch 81/100 Finsh | Now_lr 0.0005/0.0005 | Train Loss 0.1604 | Valid Loss 0.2152 | Train Acc 93.6655 | Valid Acc 93.3594
2026-07-10 08:42:03 | Validation loss decreased (0.217709 --> 0.215250) in epoch (81). Saving model ...
2026-07-10 08:42:03 | TestSub: S9 | Epoch 82/100 Finsh | Now_lr 0.0005/0.0005 | Train Loss 0.1718 | Valid Loss 0.2289 | Train Acc 93.6233 | Valid Acc 92.5781
2026-07-10 08:42:04 | TestSub: S9 | Epoch 83/100 Finsh | Now_lr 0.0005/0.0005 | Train Loss 0.1621 | Valid Loss 0.2269 | Train Acc 93.0321 | Valid Acc 92.1875
2026-07-10 08:42:05 | TestSub: S9 | Epoch 84/100 Finsh | Now_lr 0.0005/0.0005 | Train Loss 0.1523 | Valid Loss 0.2139 | Train Acc 94.6368 | Valid Acc 92.5781
2026-07-10 08:42:05 | Validation loss decreased (0.215250 --> 0.213944) in epoch (84). Saving model ...
2026-07-10 08:42:05 | TestSub: S9 | Epoch 85/100 Finsh | Now_lr 0.0005/0.0005 | Train Loss 0.1528 | Valid Loss 0.1988 | Train Acc 94.3834 | Valid Acc 92.5781
2026-07-10 08:42:05 | Validation loss decreased (0.213944 --> 0.198755) in epoch (85). Saving model ...
2026-07-10 08:42:06 | TestSub: S9 | Epoch 86/100 Finsh | Now_lr 0.0005/0.0005 | Train Loss 0.1632 | Valid Loss 0.2168 | Train Acc 94.0034 | Valid Acc 92.9688
2026-07-10 08:42:07 | TestSub: S9 | Epoch 87/100 Finsh | Now_lr 0.0005/0.0005 | Train Loss 0.1592 | Valid Loss 0.2174 | Train Acc 93.7078 | Valid Acc 92.9688
2026-07-10 08:42:07 | TestSub: S9 | Epoch 88/100 Finsh | Now_lr 0.0005/0.0005 | Train Loss 0.1640 | Valid Loss 0.2157 | Train Acc 94.0456 | Valid Acc 92.5781
2026-07-10 08:42:08 | TestSub: S9 | Epoch 89/100 Finsh | Now_lr 0.0005/0.0005 | Train Loss 0.1476 | Valid Loss 0.2086 | Train Acc 94.7635 | Valid Acc 93.3594
2026-07-10 08:42:09 | TestSub: S9 | Epoch 90/100 Finsh | Now_lr 0.0005/0.0005 | Train Loss 0.1556 | Valid Loss 0.1957 | Train Acc 94.1301 | Valid Acc 94.5312
2026-07-10 08:42:09 | Validation loss decreased (0.198755 --> 0.195707) in epoch (90). Saving model ...
2026-07-10 08:42:09 | TestSub: S9 | Epoch 91/100 Finsh | Now_lr 0.0005/0.0005 | Train Loss 0.1525 | Valid Loss 0.2045 | Train Acc 94.6368 | Valid Acc 93.3594
2026-07-10 08:42:10 | TestSub: S9 | Epoch 92/100 Finsh | Now_lr 0.0005/0.0005 | Train Loss 0.1584 | Valid Loss 0.2602 | Train Acc 93.7922 | Valid Acc 91.4062
2026-07-10 08:42:11 | TestSub: S9 | Epoch 93/100 Finsh | Now_lr 0.0005/0.0005 | Train Loss 0.1607 | Valid Loss 0.1945 | Train Acc 94.0456 | Valid Acc 92.9688
2026-07-10 08:42:11 | Validation loss decreased (0.195707 --> 0.194535) in epoch (93). Saving model ...
2026-07-10 08:42:12 | TestSub: S9 | Epoch 94/100 Finsh | Now_lr 0.0005/0.0005 | Train Loss 0.1309 | Valid Loss 0.1938 | Train Acc 95.1858 | Valid Acc 94.1406
2026-07-10 08:42:12 | Validation loss decreased (0.194535 --> 0.193848) in epoch (94). Saving model ...
2026-07-10 08:42:13 | TestSub: S9 | Epoch 95/100 Finsh | Now_lr 0.0005/0.0005 | Train Loss 0.1437 | Valid Loss 0.2184 | Train Acc 95.1014 | Valid Acc 93.3594
2026-07-10 08:42:13 | TestSub: S9 | Epoch 96/100 Finsh | Now_lr 0.0005/0.0005 | Train Loss 0.1367 | Valid Loss 0.2265 | Train Acc 95.0169 | Valid Acc 90.6250
2026-07-10 08:42:14 | TestSub: S9 | Epoch 97/100 Finsh | Now_lr 0.0005/0.0005 | Train Loss 0.1395 | Valid Loss 0.2041 | Train Acc 94.8057 | Valid Acc 93.3594
2026-07-10 08:42:15 | TestSub: S9 | Epoch 98/100 Finsh | Now_lr 0.0005/0.0005 | Train Loss 0.1436 | Valid Loss 0.1806 | Train Acc 94.2568 | Valid Acc 94.1406
2026-07-10 08:42:15 | Validation loss decreased (0.193848 --> 0.180570) in epoch (98). Saving model ...
2026-07-10 08:42:15 | TestSub: S9 | Epoch 99/100 Finsh | Now_lr 0.0005/0.0005 | Train Loss 0.1423 | Valid Loss 0.2029 | Train Acc 94.0456 | Valid Acc 92.5781
2026-07-10 08:42:16 | TestSub: S9 | Epoch 100/100 Finsh | Now_lr 0.0005/0.0005 | Train Loss 0.1650 | Valid Loss 0.2036 | Train Acc 93.3277 | Valid Acc 92.9688
2026-07-10 08:42:16 | --------------------------------------------------
2026-07-10 08:42:16 | Test_Subject :S9 | Best epoch:98 | Test Loss:0.3428 | Savemodel Acc 85.0694
2026-07-10 08:42:16 | --------------------------------------------------
2026-07-10 08:42:16 | Best epoch: 98 | Test acc: 85.0694
