2026-07-10 08:38:35 | Logging started: ./writer/Subject_dependent_AAD/DTU/1.0s/result//Train1.0s_sub7.log
2026-07-10 08:38:35 | Sub_id: 7
2026-07-10 08:38:37 | TestSub: S7 | Epoch  1/100 Finsh | Now_lr 0.0005/0.0005 | Train Loss 0.7115 | Valid Loss 0.6587 | Train Acc 51.6892 | Valid Acc 65.2344
2026-07-10 08:38:37 | Validation loss decreased (inf --> 0.658715) in epoch (1). Saving model ...
2026-07-10 08:38:38 | TestSub: S7 | Epoch  2/100 Finsh | Now_lr 0.0005/0.0005 | Train Loss 0.6357 | Valid Loss 0.5775 | Train Acc 64.9493 | Valid Acc 76.1719
2026-07-10 08:38:38 | Validation loss decreased (0.658715 --> 0.577463) in epoch (2). Saving model ...
2026-07-10 08:38:39 | TestSub: S7 | Epoch  3/100 Finsh | Now_lr 0.0005/0.0005 | Train Loss 0.5306 | Valid Loss 0.4778 | Train Acc 74.8733 | Valid Acc 82.0312
2026-07-10 08:38:39 | Validation loss decreased (0.577463 --> 0.477834) in epoch (3). Saving model ...
2026-07-10 08:38:40 | TestSub: S7 | Epoch  4/100 Finsh | Now_lr 0.0005/0.0005 | Train Loss 0.4488 | Valid Loss 0.4144 | Train Acc 79.4341 | Valid Acc 82.8125
2026-07-10 08:38:40 | Validation loss decreased (0.477834 --> 0.414356) in epoch (4). Saving model ...
2026-07-10 08:38:41 | TestSub: S7 | Epoch  5/100 Finsh | Now_lr 0.0005/0.0005 | Train Loss 0.4031 | Valid Loss 0.3760 | Train Acc 82.3902 | Valid Acc 84.7656
2026-07-10 08:38:41 | Validation loss decreased (0.414356 --> 0.375992) in epoch (5). Saving model ...
2026-07-10 08:38:42 | TestSub: S7 | Epoch  6/100 Finsh | Now_lr 0.0005/0.0005 | Train Loss 0.3669 | Valid Loss 0.3334 | Train Acc 84.9662 | Valid Acc 85.1562
2026-07-10 08:38:42 | Validation loss decreased (0.375992 --> 0.333405) in epoch (6). Saving model ...
2026-07-10 08:38:43 | TestSub: S7 | Epoch  7/100 Finsh | Now_lr 0.0005/0.0005 | Train Loss 0.3319 | Valid Loss 0.3166 | Train Acc 86.4020 | Valid Acc 87.5000
2026-07-10 08:38:43 | Validation loss decreased (0.333405 --> 0.316590) in epoch (7). Saving model ...
2026-07-10 08:38:44 | TestSub: S7 | Epoch  8/100 Finsh | Now_lr 0.0005/0.0005 | Train Loss 0.3171 | Valid Loss 0.2832 | Train Acc 86.9510 | Valid Acc 87.8906
2026-07-10 08:38:44 | Validation loss decreased (0.316590 --> 0.283231) in epoch (8). Saving model ...
2026-07-10 08:38:44 | TestSub: S7 | Epoch  9/100 Finsh | Now_lr 0.0005/0.0005 | Train Loss 0.2907 | Valid Loss 0.2750 | Train Acc 88.3868 | Valid Acc 89.0625
2026-07-10 08:38:44 | Validation loss decreased (0.283231 --> 0.275004) in epoch (9). Saving model ...
2026-07-10 08:38:45 | TestSub: S7 | Epoch 10/100 Finsh | Now_lr 0.0005/0.0005 | Train Loss 0.2687 | Valid Loss 0.2520 | Train Acc 89.9916 | Valid Acc 89.4531
2026-07-10 08:38:45 | Validation loss decreased (0.275004 --> 0.251993) in epoch (10). Saving model ...
2026-07-10 08:38:46 | TestSub: S7 | Epoch 11/100 Finsh | Now_lr 0.0005/0.0005 | Train Loss 0.2473 | Valid Loss 0.2625 | Train Acc 90.7939 | Valid Acc 89.0625
2026-07-10 08:38:47 | TestSub: S7 | Epoch 12/100 Finsh | Now_lr 0.0005/0.0005 | Train Loss 0.2392 | Valid Loss 0.2282 | Train Acc 90.4983 | Valid Acc 91.4062
2026-07-10 08:38:47 | Validation loss decreased (0.251993 --> 0.228182) in epoch (12). Saving model ...
2026-07-10 08:38:47 | TestSub: S7 | Epoch 13/100 Finsh | Now_lr 0.0005/0.0005 | Train Loss 0.2211 | Valid Loss 0.2301 | Train Acc 91.1318 | Valid Acc 91.4062
2026-07-10 08:38:48 | TestSub: S7 | Epoch 14/100 Finsh | Now_lr 0.0005/0.0005 | Train Loss 0.2245 | Valid Loss 0.2331 | Train Acc 91.4274 | Valid Acc 91.7969
2026-07-10 08:38:49 | TestSub: S7 | Epoch 15/100 Finsh | Now_lr 0.0005/0.0005 | Train Loss 0.2123 | Valid Loss 0.2080 | Train Acc 91.8074 | Valid Acc 91.4062
2026-07-10 08:38:49 | Validation loss decreased (0.228182 --> 0.207979) in epoch (15). Saving model ...
2026-07-10 08:38:50 | TestSub: S7 | Epoch 16/100 Finsh | Now_lr 0.0005/0.0005 | Train Loss 0.1949 | Valid Loss 0.2537 | Train Acc 92.5253 | Valid Acc 89.8438
2026-07-10 08:38:51 | TestSub: S7 | Epoch 17/100 Finsh | Now_lr 0.0005/0.0005 | Train Loss 0.2002 | Valid Loss 0.2011 | Train Acc 91.8497 | Valid Acc 91.4062
2026-07-10 08:38:51 | Validation loss decreased (0.207979 --> 0.201127) in epoch (17). Saving model ...
2026-07-10 08:38:51 | TestSub: S7 | Epoch 18/100 Finsh | Now_lr 0.0005/0.0005 | Train Loss 0.1859 | Valid Loss 0.1853 | Train Acc 93.2010 | Valid Acc 91.7969
2026-07-10 08:38:51 | Validation loss decreased (0.201127 --> 0.185266) in epoch (18). Saving model ...
2026-07-10 08:38:53 | TestSub: S7 | Epoch 19/100 Finsh | Now_lr 0.0005/0.0005 | Train Loss 0.1759 | Valid Loss 0.1772 | Train Acc 93.3699 | Valid Acc 93.7500
2026-07-10 08:38:53 | Validation loss decreased (0.185266 --> 0.177183) in epoch (19). Saving model ...
2026-07-10 08:38:54 | TestSub: S7 | Epoch 20/100 Finsh | Now_lr 0.0005/0.0005 | Train Loss 0.1851 | Valid Loss 0.1742 | Train Acc 93.2432 | Valid Acc 92.9688
2026-07-10 08:38:54 | Validation loss decreased (0.177183 --> 0.174222) in epoch (20). Saving model ...
2026-07-10 08:38:55 | TestSub: S7 | Epoch 21/100 Finsh | Now_lr 0.0005/0.0005 | Train Loss 0.1694 | Valid Loss 0.1770 | Train Acc 93.7500 | Valid Acc 94.5312
2026-07-10 08:38:56 | TestSub: S7 | Epoch 22/100 Finsh | Now_lr 0.0005/0.0005 | Train Loss 0.1597 | Valid Loss 0.1708 | Train Acc 94.2568 | Valid Acc 94.1406
2026-07-10 08:38:56 | Validation loss decreased (0.174222 --> 0.170793) in epoch (22). Saving model ...
2026-07-10 08:38:56 | TestSub: S7 | Epoch 23/100 Finsh | Now_lr 0.0005/0.0005 | Train Loss 0.1655 | Valid Loss 0.1676 | Train Acc 93.8345 | Valid Acc 93.7500
2026-07-10 08:38:56 | Validation loss decreased (0.170793 --> 0.167595) in epoch (23). Saving model ...
2026-07-10 08:38:57 | TestSub: S7 | Epoch 24/100 Finsh | Now_lr 0.0005/0.0005 | Train Loss 0.1758 | Valid Loss 0.1584 | Train Acc 93.2855 | Valid Acc 93.3594
2026-07-10 08:38:57 | Validation loss decreased (0.167595 --> 0.158366) in epoch (24). Saving model ...
2026-07-10 08:38:58 | TestSub: S7 | Epoch 25/100 Finsh | Now_lr 0.0005/0.0005 | Train Loss 0.1668 | Valid Loss 0.1462 | Train Acc 93.6655 | Valid Acc 93.3594
2026-07-10 08:38:58 | Validation loss decreased (0.158366 --> 0.146237) in epoch (25). Saving model ...
2026-07-10 08:38:59 | TestSub: S7 | Epoch 26/100 Finsh | Now_lr 0.0005/0.0005 | Train Loss 0.1532 | Valid Loss 0.1475 | Train Acc 94.2145 | Valid Acc 95.3125
2026-07-10 08:38:59 | TestSub: S7 | Epoch 27/100 Finsh | Now_lr 0.0005/0.0005 | Train Loss 0.1540 | Valid Loss 0.1462 | Train Acc 94.1723 | Valid Acc 94.9219
2026-07-10 08:39:00 | TestSub: S7 | Epoch 28/100 Finsh | Now_lr 0.0005/0.0005 | Train Loss 0.1482 | Valid Loss 0.1379 | Train Acc 94.6791 | Valid Acc 96.0938
2026-07-10 08:39:00 | Validation loss decreased (0.146237 --> 0.137911) in epoch (28). Saving model ...
2026-07-10 08:39:01 | TestSub: S7 | Epoch 29/100 Finsh | Now_lr 0.0005/0.0005 | Train Loss 0.1420 | Valid Loss 0.1543 | Train Acc 94.7213 | Valid Acc 93.3594
2026-07-10 08:39:01 | TestSub: S7 | Epoch 30/100 Finsh | Now_lr 0.0005/0.0005 | Train Loss 0.1345 | Valid Loss 0.1430 | Train Acc 95.1858 | Valid Acc 94.9219
2026-07-10 08:39:02 | TestSub: S7 | Epoch 31/100 Finsh | Now_lr 0.0005/0.0005 | Train Loss 0.1475 | Valid Loss 0.1528 | Train Acc 94.5946 | Valid Acc 94.1406
2026-07-10 08:39:03 | TestSub: S7 | Epoch 32/100 Finsh | Now_lr 0.0005/0.0005 | Train Loss 0.1388 | Valid Loss 0.1351 | Train Acc 94.6791 | Valid Acc 94.9219
2026-07-10 08:39:03 | Validation loss decreased (0.137911 --> 0.135108) in epoch (32). Saving model ...
2026-07-10 08:39:03 | TestSub: S7 | Epoch 33/100 Finsh | Now_lr 0.0005/0.0005 | Train Loss 0.1500 | Valid Loss 0.1377 | Train Acc 94.2568 | Valid Acc 95.7031
2026-07-10 08:39:04 | TestSub: S7 | Epoch 34/100 Finsh | Now_lr 0.0005/0.0005 | Train Loss 0.1417 | Valid Loss 0.1590 | Train Acc 94.5101 | Valid Acc 93.3594
2026-07-10 08:39:05 | TestSub: S7 | Epoch 35/100 Finsh | Now_lr 0.0005/0.0005 | Train Loss 0.1359 | Valid Loss 0.1266 | Train Acc 94.7635 | Valid Acc 95.3125
2026-07-10 08:39:05 | Validation loss decreased (0.135108 --> 0.126615) in epoch (35). Saving model ...
2026-07-10 08:39:06 | TestSub: S7 | Epoch 36/100 Finsh | Now_lr 0.0005/0.0005 | Train Loss 0.1215 | Valid Loss 0.1282 | Train Acc 95.8193 | Valid Acc 96.4844
2026-07-10 08:39:06 | TestSub: S7 | Epoch 37/100 Finsh | Now_lr 0.0005/0.0005 | Train Loss 0.1374 | Valid Loss 0.1302 | Train Acc 94.5101 | Valid Acc 94.9219
2026-07-10 08:39:07 | TestSub: S7 | Epoch 38/100 Finsh | Now_lr 0.0005/0.0005 | Train Loss 0.1284 | Valid Loss 0.1203 | Train Acc 94.8902 | Valid Acc 95.7031
2026-07-10 08:39:07 | Validation loss decreased (0.126615 --> 0.120314) in epoch (38). Saving model ...
2026-07-10 08:39:08 | TestSub: S7 | Epoch 39/100 Finsh | Now_lr 0.0005/0.0005 | Train Loss 0.1140 | Valid Loss 0.1279 | Train Acc 96.1149 | Valid Acc 94.5312
2026-07-10 08:39:08 | TestSub: S7 | Epoch 40/100 Finsh | Now_lr 0.0005/0.0005 | Train Loss 0.1196 | Valid Loss 0.1355 | Train Acc 95.8615 | Valid Acc 95.3125
2026-07-10 08:39:09 | TestSub: S7 | Epoch 41/100 Finsh | Now_lr 0.0005/0.0005 | Train Loss 0.1122 | Valid Loss 0.1347 | Train Acc 96.2416 | Valid Acc 94.9219
2026-07-10 08:39:10 | TestSub: S7 | Epoch 42/100 Finsh | Now_lr 0.0005/0.0005 | Train Loss 0.1097 | Valid Loss 0.1345 | Train Acc 96.5372 | Valid Acc 95.3125
2026-07-10 08:39:10 | TestSub: S7 | Epoch 43/100 Finsh | Now_lr 0.0005/0.0005 | Train Loss 0.1199 | Valid Loss 0.1190 | Train Acc 95.5236 | Valid Acc 94.5312
2026-07-10 08:39:10 | Validation loss decreased (0.120314 --> 0.119001) in epoch (43). Saving model ...
2026-07-10 08:39:11 | TestSub: S7 | Epoch 44/100 Finsh | Now_lr 0.0005/0.0005 | Train Loss 0.1116 | Valid Loss 0.1220 | Train Acc 95.8615 | Valid Acc 95.7031
2026-07-10 08:39:12 | TestSub: S7 | Epoch 45/100 Finsh | Now_lr 0.0005/0.0005 | Train Loss 0.1188 | Valid Loss 0.1212 | Train Acc 95.3970 | Valid Acc 95.3125
2026-07-10 08:39:12 | TestSub: S7 | Epoch 46/100 Finsh | Now_lr 0.0005/0.0005 | Train Loss 0.1115 | Valid Loss 0.1189 | Train Acc 95.9037 | Valid Acc 96.0938
2026-07-10 08:39:12 | Validation loss decreased (0.119001 --> 0.118888) in epoch (46). Saving model ...
2026-07-10 08:39:13 | TestSub: S7 | Epoch 47/100 Finsh | Now_lr 0.0005/0.0005 | Train Loss 0.1038 | Valid Loss 0.1335 | Train Acc 96.0726 | Valid Acc 94.9219
2026-07-10 08:39:14 | TestSub: S7 | Epoch 48/100 Finsh | Now_lr 0.0005/0.0005 | Train Loss 0.1203 | Valid Loss 0.1236 | Train Acc 95.3125 | Valid Acc 95.7031
2026-07-10 08:39:14 | TestSub: S7 | Epoch 49/100 Finsh | Now_lr 0.0005/0.0005 | Train Loss 0.1053 | Valid Loss 0.1189 | Train Acc 96.0726 | Valid Acc 96.8750
2026-07-10 08:39:15 | TestSub: S7 | Epoch 50/100 Finsh | Now_lr 0.0005/0.0005 | Train Loss 0.1046 | Valid Loss 0.1329 | Train Acc 96.2838 | Valid Acc 94.5312
2026-07-10 08:39:16 | TestSub: S7 | Epoch 51/100 Finsh | Now_lr 0.0005/0.0005 | Train Loss 0.1045 | Valid Loss 0.1616 | Train Acc 95.9459 | Valid Acc 93.7500
2026-07-10 08:39:16 | TestSub: S7 | Epoch 52/100 Finsh | Now_lr 0.0005/0.0005 | Train Loss 0.1091 | Valid Loss 0.1037 | Train Acc 96.1571 | Valid Acc 96.8750
2026-07-10 08:39:16 | Validation loss decreased (0.118888 --> 0.103701) in epoch (52). Saving model ...
2026-07-10 08:39:17 | TestSub: S7 | Epoch 53/100 Finsh | Now_lr 0.0005/0.0005 | Train Loss 0.1192 | Valid Loss 0.1156 | Train Acc 95.5236 | Valid Acc 96.0938
2026-07-10 08:39:18 | TestSub: S7 | Epoch 54/100 Finsh | Now_lr 0.0005/0.0005 | Train Loss 0.1063 | Valid Loss 0.1271 | Train Acc 95.6926 | Valid Acc 96.0938
2026-07-10 08:39:18 | TestSub: S7 | Epoch 55/100 Finsh | Now_lr 0.0005/0.0005 | Train Loss 0.0953 | Valid Loss 0.1432 | Train Acc 96.3260 | Valid Acc 94.5312
2026-07-10 08:39:19 | TestSub: S7 | Epoch 56/100 Finsh | Now_lr 0.0005/0.0005 | Train Loss 0.1098 | Valid Loss 0.1121 | Train Acc 96.1571 | Valid Acc 96.0938
2026-07-10 08:39:20 | TestSub: S7 | Epoch 57/100 Finsh | Now_lr 0.0005/0.0005 | Train Loss 0.0934 | Valid Loss 0.1261 | Train Acc 96.9172 | Valid Acc 96.0938
2026-07-10 08:39:20 | TestSub: S7 | Epoch 58/100 Finsh | Now_lr 0.0005/0.0005 | Train Loss 0.1038 | Valid Loss 0.1142 | Train Acc 95.9459 | Valid Acc 96.0938
2026-07-10 08:39:21 | TestSub: S7 | Epoch 59/100 Finsh | Now_lr 0.0005/0.0005 | Train Loss 0.0901 | Valid Loss 0.1102 | Train Acc 97.0439 | Valid Acc 95.3125
2026-07-10 08:39:22 | TestSub: S7 | Epoch 60/100 Finsh | Now_lr 0.0005/0.0005 | Train Loss 0.1017 | Valid Loss 0.1207 | Train Acc 96.0304 | Valid Acc 96.4844
2026-07-10 08:39:23 | TestSub: S7 | Epoch 61/100 Finsh | Now_lr 0.0005/0.0005 | Train Loss 0.1065 | Valid Loss 0.1013 | Train Acc 95.8615 | Valid Acc 95.7031
2026-07-10 08:39:23 | Validation loss decreased (0.103701 --> 0.101305) in epoch (61). Saving model ...
2026-07-10 08:39:23 | TestSub: S7 | Epoch 62/100 Finsh | Now_lr 0.0005/0.0005 | Train Loss 0.1026 | Valid Loss 0.1297 | Train Acc 96.3260 | Valid Acc 95.7031
2026-07-10 08:39:24 | TestSub: S7 | Epoch 63/100 Finsh | Now_lr 0.0005/0.0005 | Train Loss 0.0913 | Valid Loss 0.1234 | Train Acc 96.8750 | Valid Acc 96.0938
2026-07-10 08:39:25 | TestSub: S7 | Epoch 64/100 Finsh | Now_lr 0.0005/0.0005 | Train Loss 0.0955 | Valid Loss 0.0999 | Train Acc 96.4105 | Valid Acc 97.2656
2026-07-10 08:39:25 | Validation loss decreased (0.101305 --> 0.099879) in epoch (64). Saving model ...
2026-07-10 08:39:25 | TestSub: S7 | Epoch 65/100 Finsh | Now_lr 0.0005/0.0005 | Train Loss 0.0794 | Valid Loss 0.1125 | Train Acc 97.5929 | Valid Acc 96.4844
2026-07-10 08:39:26 | TestSub: S7 | Epoch 66/100 Finsh | Now_lr 0.0005/0.0005 | Train Loss 0.0971 | Valid Loss 0.1060 | Train Acc 96.7061 | Valid Acc 95.7031
2026-07-10 08:39:27 | TestSub: S7 | Epoch 67/100 Finsh | Now_lr 0.0005/0.0005 | Train Loss 0.1008 | Valid Loss 0.1059 | Train Acc 96.1571 | Valid Acc 96.8750
2026-07-10 08:39:27 | TestSub: S7 | Epoch 68/100 Finsh | Now_lr 0.0005/0.0005 | Train Loss 0.0823 | Valid Loss 0.1196 | Train Acc 97.0861 | Valid Acc 96.0938
2026-07-10 08:39:28 | TestSub: S7 | Epoch 69/100 Finsh | Now_lr 0.0005/0.0005 | Train Loss 0.0929 | Valid Loss 0.1184 | Train Acc 96.4949 | Valid Acc 95.7031
2026-07-10 08:39:29 | TestSub: S7 | Epoch 70/100 Finsh | Now_lr 0.0005/0.0005 | Train Loss 0.0914 | Valid Loss 0.1375 | Train Acc 96.7905 | Valid Acc 94.1406
2026-07-10 08:39:29 | TestSub: S7 | Epoch 71/100 Finsh | Now_lr 0.0005/0.0005 | Train Loss 0.0808 | Valid Loss 0.1274 | Train Acc 97.1706 | Valid Acc 95.7031
2026-07-10 08:39:30 | TestSub: S7 | Epoch 72/100 Finsh | Now_lr 0.0005/0.0005 | Train Loss 0.0904 | Valid Loss 0.1111 | Train Acc 96.3260 | Valid Acc 96.0938
2026-07-10 08:39:31 | TestSub: S7 | Epoch 73/100 Finsh | Now_lr 0.0005/0.0005 | Train Loss 0.0893 | Valid Loss 0.0890 | Train Acc 97.0017 | Valid Acc 96.0938
2026-07-10 08:39:31 | Validation loss decreased (0.099879 --> 0.089047) in epoch (73). Saving model ...
2026-07-10 08:39:32 | TestSub: S7 | Epoch 74/100 Finsh | Now_lr 0.0005/0.0005 | Train Loss 0.0802 | Valid Loss 0.1112 | Train Acc 97.3818 | Valid Acc 95.7031
2026-07-10 08:39:32 | TestSub: S7 | Epoch 75/100 Finsh | Now_lr 0.0005/0.0005 | Train Loss 0.0833 | Valid Loss 0.1037 | Train Acc 96.6216 | Valid Acc 95.7031
2026-07-10 08:39:33 | TestSub: S7 | Epoch 76/100 Finsh | Now_lr 0.0005/0.0005 | Train Loss 0.0868 | Valid Loss 0.0910 | Train Acc 96.8750 | Valid Acc 96.0938
2026-07-10 08:39:34 | TestSub: S7 | Epoch 77/100 Finsh | Now_lr 0.0005/0.0005 | Train Loss 0.0855 | Valid Loss 0.1042 | Train Acc 96.6639 | Valid Acc 96.0938
2026-07-10 08:39:34 | TestSub: S7 | Epoch 78/100 Finsh | Now_lr 0.0005/0.0005 | Train Loss 0.0816 | Valid Loss 0.1055 | Train Acc 97.4240 | Valid Acc 96.4844
2026-07-10 08:39:35 | TestSub: S7 | Epoch 79/100 Finsh | Now_lr 0.0005/0.0005 | Train Loss 0.0790 | Valid Loss 0.0888 | Train Acc 97.2551 | Valid Acc 96.8750
2026-07-10 08:39:35 | Validation loss decreased (0.089047 --> 0.088809) in epoch (79). Saving model ...
2026-07-10 08:39:36 | TestSub: S7 | Epoch 80/100 Finsh | Now_lr 0.0005/0.0005 | Train Loss 0.0951 | Valid Loss 0.1161 | Train Acc 96.6639 | Valid Acc 96.0938
2026-07-10 08:39:36 | TestSub: S7 | Epoch 81/100 Finsh | Now_lr 0.0005/0.0005 | Train Loss 0.0860 | Valid Loss 0.1022 | Train Acc 96.4949 | Valid Acc 96.4844
2026-07-10 08:39:37 | TestSub: S7 | Epoch 82/100 Finsh | Now_lr 0.0005/0.0005 | Train Loss 0.0856 | Valid Loss 0.0986 | Train Acc 97.0439 | Valid Acc 96.8750
2026-07-10 08:39:38 | TestSub: S7 | Epoch 83/100 Finsh | Now_lr 0.0005/0.0005 | Train Loss 0.0809 | Valid Loss 0.1096 | Train Acc 97.2551 | Valid Acc 94.9219
2026-07-10 08:39:38 | TestSub: S7 | Epoch 84/100 Finsh | Now_lr 0.0005/0.0005 | Train Loss 0.0787 | Valid Loss 0.0796 | Train Acc 97.4662 | Valid Acc 97.6562
2026-07-10 08:39:38 | Validation loss decreased (0.088809 --> 0.079630) in epoch (84). Saving model ...
2026-07-10 08:39:39 | TestSub: S7 | Epoch 85/100 Finsh | Now_lr 0.0005/0.0005 | Train Loss 0.0821 | Valid Loss 0.0823 | Train Acc 97.0861 | Valid Acc 96.8750
2026-07-10 08:39:40 | TestSub: S7 | Epoch 86/100 Finsh | Now_lr 0.0005/0.0005 | Train Loss 0.0799 | Valid Loss 0.1074 | Train Acc 96.9172 | Valid Acc 96.0938
2026-07-10 08:39:40 | TestSub: S7 | Epoch 87/100 Finsh | Now_lr 0.0005/0.0005 | Train Loss 0.0665 | Valid Loss 0.0884 | Train Acc 97.9730 | Valid Acc 97.2656
2026-07-10 08:39:41 | TestSub: S7 | Epoch 88/100 Finsh | Now_lr 0.0005/0.0005 | Train Loss 0.0823 | Valid Loss 0.0991 | Train Acc 96.9172 | Valid Acc 96.4844
2026-07-10 08:39:42 | TestSub: S7 | Epoch 89/100 Finsh | Now_lr 0.0005/0.0005 | Train Loss 0.0768 | Valid Loss 0.0941 | Train Acc 97.2973 | Valid Acc 96.0938
2026-07-10 08:39:42 | TestSub: S7 | Epoch 90/100 Finsh | Now_lr 0.0005/0.0005 | Train Loss 0.0792 | Valid Loss 0.1036 | Train Acc 96.8328 | Valid Acc 96.4844
2026-07-10 08:39:43 | TestSub: S7 | Epoch 91/100 Finsh | Now_lr 0.0005/0.0005 | Train Loss 0.0850 | Valid Loss 0.1033 | Train Acc 96.6216 | Valid Acc 96.0938
2026-07-10 08:39:44 | TestSub: S7 | Epoch 92/100 Finsh | Now_lr 0.0005/0.0005 | Train Loss 0.0786 | Valid Loss 0.1131 | Train Acc 96.9595 | Valid Acc 96.0938
2026-07-10 08:39:45 | TestSub: S7 | Epoch 93/100 Finsh | Now_lr 0.0005/0.0005 | Train Loss 0.0705 | Valid Loss 0.1139 | Train Acc 97.5084 | Valid Acc 95.3125
2026-07-10 08:39:45 | TestSub: S7 | Epoch 94/100 Finsh | Now_lr 0.0005/0.0005 | Train Loss 0.0805 | Valid Loss 0.0916 | Train Acc 96.8750 | Valid Acc 96.4844
2026-07-10 08:39:46 | TestSub: S7 | Epoch 95/100 Finsh | Now_lr 0.0005/0.0005 | Train Loss 0.0903 | Valid Loss 0.0842 | Train Acc 96.7061 | Valid Acc 96.8750
2026-07-10 08:39:47 | TestSub: S7 | Epoch 96/100 Finsh | Now_lr 0.0005/0.0005 | Train Loss 0.0667 | Valid Loss 0.0891 | Train Acc 97.7618 | Valid Acc 97.2656
2026-07-10 08:39:47 | TestSub: S7 | Epoch 97/100 Finsh | Now_lr 0.0005/0.0005 | Train Loss 0.0818 | Valid Loss 0.1069 | Train Acc 96.7483 | Valid Acc 96.0938
2026-07-10 08:39:48 | TestSub: S7 | Epoch 98/100 Finsh | Now_lr 0.0005/0.0005 | Train Loss 0.0788 | Valid Loss 0.0803 | Train Acc 96.8750 | Valid Acc 96.8750
2026-07-10 08:39:49 | TestSub: S7 | Epoch 99/100 Finsh | Now_lr 0.0005/0.0005 | Train Loss 0.0753 | Valid Loss 0.0892 | Train Acc 97.1284 | Valid Acc 96.8750
2026-07-10 08:39:49 | TestSub: S7 | Epoch 100/100 Finsh | Now_lr 0.0005/0.0005 | Train Loss 0.0687 | Valid Loss 0.0937 | Train Acc 97.7196 | Valid Acc 96.8750
2026-07-10 08:39:49 | --------------------------------------------------
2026-07-10 08:39:49 | Test_Subject :S7 | Best epoch:84 | Test Loss:0.2836 | Savemodel Acc 91.6667
2026-07-10 08:39:49 | --------------------------------------------------
2026-07-10 08:39:49 | Best epoch: 84 | Test acc: 91.6667
