2026-07-10 08:43:23 | Logging started: ./writer/Subject_dependent_AAD/DTU/1.0s/result//Train1.0s_sub11.log
2026-07-10 08:43:24 | Sub_id: 11
2026-07-10 08:43:26 | TestSub: S11 | Epoch  1/100 Finsh | Now_lr 0.0005/0.0005 | Train Loss 0.6726 | Valid Loss 0.6600 | Train Acc 61.4020 | Valid Acc 60.1562
2026-07-10 08:43:26 | Validation loss decreased (inf --> 0.660038) in epoch (1). Saving model ...
2026-07-10 08:43:27 | TestSub: S11 | Epoch  2/100 Finsh | Now_lr 0.0005/0.0005 | Train Loss 0.6424 | Valid Loss 0.6316 | Train Acc 64.1047 | Valid Acc 64.8438
2026-07-10 08:43:27 | Validation loss decreased (0.660038 --> 0.631609) in epoch (2). Saving model ...
2026-07-10 08:43:27 | TestSub: S11 | Epoch  3/100 Finsh | Now_lr 0.0005/0.0005 | Train Loss 0.6208 | Valid Loss 0.6040 | Train Acc 66.3851 | Valid Acc 66.0156
2026-07-10 08:43:27 | Validation loss decreased (0.631609 --> 0.604030) in epoch (3). Saving model ...
2026-07-10 08:43:28 | TestSub: S11 | Epoch  4/100 Finsh | Now_lr 0.0005/0.0005 | Train Loss 0.5864 | Valid Loss 0.5854 | Train Acc 69.8057 | Valid Acc 67.1875
2026-07-10 08:43:28 | Validation loss decreased (0.604030 --> 0.585373) in epoch (4). Saving model ...
2026-07-10 08:43:29 | TestSub: S11 | Epoch  5/100 Finsh | Now_lr 0.0005/0.0005 | Train Loss 0.5617 | Valid Loss 0.5690 | Train Acc 72.3818 | Valid Acc 70.7031
2026-07-10 08:43:29 | Validation loss decreased (0.585373 --> 0.569028) in epoch (5). Saving model ...
2026-07-10 08:43:30 | TestSub: S11 | Epoch  6/100 Finsh | Now_lr 0.0005/0.0005 | Train Loss 0.5278 | Valid Loss 0.5454 | Train Acc 74.9155 | Valid Acc 71.0938
2026-07-10 08:43:30 | Validation loss decreased (0.569028 --> 0.545441) in epoch (6). Saving model ...
2026-07-10 08:43:30 | TestSub: S11 | Epoch  7/100 Finsh | Now_lr 0.0005/0.0005 | Train Loss 0.5034 | Valid Loss 0.5329 | Train Acc 76.4358 | Valid Acc 71.4844
2026-07-10 08:43:30 | Validation loss decreased (0.545441 --> 0.532878) in epoch (7). Saving model ...
2026-07-10 08:43:31 | TestSub: S11 | Epoch  8/100 Finsh | Now_lr 0.0005/0.0005 | Train Loss 0.4752 | Valid Loss 0.5191 | Train Acc 78.1672 | Valid Acc 71.0938
2026-07-10 08:43:31 | Validation loss decreased (0.532878 --> 0.519103) in epoch (8). Saving model ...
2026-07-10 08:43:32 | TestSub: S11 | Epoch  9/100 Finsh | Now_lr 0.0005/0.0005 | Train Loss 0.4594 | Valid Loss 0.4963 | Train Acc 80.0676 | Valid Acc 76.5625
2026-07-10 08:43:32 | Validation loss decreased (0.519103 --> 0.496308) in epoch (9). Saving model ...
2026-07-10 08:43:32 | TestSub: S11 | Epoch 10/100 Finsh | Now_lr 0.0005/0.0005 | Train Loss 0.4409 | Valid Loss 0.4960 | Train Acc 80.9544 | Valid Acc 75.0000
2026-07-10 08:43:32 | Validation loss decreased (0.496308 --> 0.495990) in epoch (10). Saving model ...
2026-07-10 08:43:33 | TestSub: S11 | Epoch 11/100 Finsh | Now_lr 0.0005/0.0005 | Train Loss 0.4258 | Valid Loss 0.4751 | Train Acc 81.6301 | Valid Acc 76.9531
2026-07-10 08:43:33 | Validation loss decreased (0.495990 --> 0.475055) in epoch (11). Saving model ...
2026-07-10 08:43:34 | TestSub: S11 | Epoch 12/100 Finsh | Now_lr 0.0005/0.0005 | Train Loss 0.4037 | Valid Loss 0.4598 | Train Acc 82.6858 | Valid Acc 79.2969
2026-07-10 08:43:34 | Validation loss decreased (0.475055 --> 0.459808) in epoch (12). Saving model ...
2026-07-10 08:43:35 | TestSub: S11 | Epoch 13/100 Finsh | Now_lr 0.0005/0.0005 | Train Loss 0.3845 | Valid Loss 0.4483 | Train Acc 83.8260 | Valid Acc 80.8594
2026-07-10 08:43:35 | Validation loss decreased (0.459808 --> 0.448302) in epoch (13). Saving model ...
2026-07-10 08:43:36 | TestSub: S11 | Epoch 14/100 Finsh | Now_lr 0.0005/0.0005 | Train Loss 0.3738 | Valid Loss 0.4328 | Train Acc 84.8818 | Valid Acc 81.6406
2026-07-10 08:43:36 | Validation loss decreased (0.448302 --> 0.432790) in epoch (14). Saving model ...
2026-07-10 08:43:36 | TestSub: S11 | Epoch 15/100 Finsh | Now_lr 0.0005/0.0005 | Train Loss 0.3610 | Valid Loss 0.4246 | Train Acc 84.6706 | Valid Acc 80.0781
2026-07-10 08:43:36 | Validation loss decreased (0.432790 --> 0.424587) in epoch (15). Saving model ...
2026-07-10 08:43:37 | TestSub: S11 | Epoch 16/100 Finsh | Now_lr 0.0005/0.0005 | Train Loss 0.3502 | Valid Loss 0.4195 | Train Acc 85.4730 | Valid Acc 80.8594
2026-07-10 08:43:37 | Validation loss decreased (0.424587 --> 0.419541) in epoch (16). Saving model ...
2026-07-10 08:43:38 | TestSub: S11 | Epoch 17/100 Finsh | Now_lr 0.0005/0.0005 | Train Loss 0.3554 | Valid Loss 0.4202 | Train Acc 84.8395 | Valid Acc 80.8594
2026-07-10 08:43:39 | TestSub: S11 | Epoch 18/100 Finsh | Now_lr 0.0005/0.0005 | Train Loss 0.3277 | Valid Loss 0.4094 | Train Acc 86.7821 | Valid Acc 82.8125
2026-07-10 08:43:39 | Validation loss decreased (0.419541 --> 0.409395) in epoch (18). Saving model ...
2026-07-10 08:43:39 | TestSub: S11 | Epoch 19/100 Finsh | Now_lr 0.0005/0.0005 | Train Loss 0.3307 | Valid Loss 0.3944 | Train Acc 85.6419 | Valid Acc 81.6406
2026-07-10 08:43:39 | Validation loss decreased (0.409395 --> 0.394388) in epoch (19). Saving model ...
2026-07-10 08:43:40 | TestSub: S11 | Epoch 20/100 Finsh | Now_lr 0.0005/0.0005 | Train Loss 0.3195 | Valid Loss 0.3881 | Train Acc 86.7821 | Valid Acc 82.8125
2026-07-10 08:43:40 | Validation loss decreased (0.394388 --> 0.388110) in epoch (20). Saving model ...
2026-07-10 08:43:41 | TestSub: S11 | Epoch 21/100 Finsh | Now_lr 0.0005/0.0005 | Train Loss 0.3070 | Valid Loss 0.3769 | Train Acc 87.4155 | Valid Acc 83.5938
2026-07-10 08:43:41 | Validation loss decreased (0.388110 --> 0.376917) in epoch (21). Saving model ...
2026-07-10 08:43:42 | TestSub: S11 | Epoch 22/100 Finsh | Now_lr 0.0005/0.0005 | Train Loss 0.3051 | Valid Loss 0.3833 | Train Acc 87.8801 | Valid Acc 83.5938
2026-07-10 08:43:42 | TestSub: S11 | Epoch 23/100 Finsh | Now_lr 0.0005/0.0005 | Train Loss 0.2997 | Valid Loss 0.3673 | Train Acc 88.1334 | Valid Acc 83.9844
2026-07-10 08:43:42 | Validation loss decreased (0.376917 --> 0.367343) in epoch (23). Saving model ...
2026-07-10 08:43:43 | TestSub: S11 | Epoch 24/100 Finsh | Now_lr 0.0005/0.0005 | Train Loss 0.2976 | Valid Loss 0.3660 | Train Acc 87.7956 | Valid Acc 84.3750
2026-07-10 08:43:43 | Validation loss decreased (0.367343 --> 0.366044) in epoch (24). Saving model ...
2026-07-10 08:43:44 | TestSub: S11 | Epoch 25/100 Finsh | Now_lr 0.0005/0.0005 | Train Loss 0.2820 | Valid Loss 0.3691 | Train Acc 89.4426 | Valid Acc 83.5938
2026-07-10 08:43:46 | TestSub: S11 | Epoch 26/100 Finsh | Now_lr 0.0005/0.0005 | Train Loss 0.2669 | Valid Loss 0.3645 | Train Acc 90.0338 | Valid Acc 83.9844
2026-07-10 08:43:46 | Validation loss decreased (0.366044 --> 0.364456) in epoch (26). Saving model ...
2026-07-10 08:43:46 | TestSub: S11 | Epoch 27/100 Finsh | Now_lr 0.0005/0.0005 | Train Loss 0.2836 | Valid Loss 0.3756 | Train Acc 88.0912 | Valid Acc 83.2031
2026-07-10 08:43:47 | TestSub: S11 | Epoch 28/100 Finsh | Now_lr 0.0005/0.0005 | Train Loss 0.2569 | Valid Loss 0.3604 | Train Acc 90.4561 | Valid Acc 84.3750
2026-07-10 08:43:47 | Validation loss decreased (0.364456 --> 0.360378) in epoch (28). Saving model ...
2026-07-10 08:43:48 | TestSub: S11 | Epoch 29/100 Finsh | Now_lr 0.0005/0.0005 | Train Loss 0.2626 | Valid Loss 0.3440 | Train Acc 89.3581 | Valid Acc 84.3750
2026-07-10 08:43:48 | Validation loss decreased (0.360378 --> 0.344040) in epoch (29). Saving model ...
2026-07-10 08:43:49 | TestSub: S11 | Epoch 30/100 Finsh | Now_lr 0.0005/0.0005 | Train Loss 0.2649 | Valid Loss 0.3452 | Train Acc 88.9780 | Valid Acc 85.1562
2026-07-10 08:43:49 | TestSub: S11 | Epoch 31/100 Finsh | Now_lr 0.0005/0.0005 | Train Loss 0.2554 | Valid Loss 0.3533 | Train Acc 90.1605 | Valid Acc 85.1562
2026-07-10 08:43:50 | TestSub: S11 | Epoch 32/100 Finsh | Now_lr 0.0005/0.0005 | Train Loss 0.2590 | Valid Loss 0.3595 | Train Acc 89.9493 | Valid Acc 86.3281
2026-07-10 08:43:51 | TestSub: S11 | Epoch 33/100 Finsh | Now_lr 0.0005/0.0005 | Train Loss 0.2445 | Valid Loss 0.3252 | Train Acc 90.7095 | Valid Acc 87.1094
2026-07-10 08:43:51 | Validation loss decreased (0.344040 --> 0.325223) in epoch (33). Saving model ...
2026-07-10 08:43:51 | TestSub: S11 | Epoch 34/100 Finsh | Now_lr 0.0005/0.0005 | Train Loss 0.2518 | Valid Loss 0.3470 | Train Acc 90.5828 | Valid Acc 86.7188
2026-07-10 08:43:52 | TestSub: S11 | Epoch 35/100 Finsh | Now_lr 0.0005/0.0005 | Train Loss 0.2504 | Valid Loss 0.3546 | Train Acc 90.3294 | Valid Acc 85.1562
2026-07-10 08:43:53 | TestSub: S11 | Epoch 36/100 Finsh | Now_lr 0.0005/0.0005 | Train Loss 0.2294 | Valid Loss 0.3313 | Train Acc 91.1318 | Valid Acc 85.9375
2026-07-10 08:43:53 | TestSub: S11 | Epoch 37/100 Finsh | Now_lr 0.0005/0.0005 | Train Loss 0.2417 | Valid Loss 0.3358 | Train Acc 90.5828 | Valid Acc 87.5000
2026-07-10 08:43:54 | TestSub: S11 | Epoch 38/100 Finsh | Now_lr 0.0005/0.0005 | Train Loss 0.2306 | Valid Loss 0.3451 | Train Acc 91.4274 | Valid Acc 86.7188
2026-07-10 08:43:55 | TestSub: S11 | Epoch 39/100 Finsh | Now_lr 0.0005/0.0005 | Train Loss 0.2341 | Valid Loss 0.3295 | Train Acc 90.5828 | Valid Acc 85.9375
2026-07-10 08:43:55 | TestSub: S11 | Epoch 40/100 Finsh | Now_lr 0.0005/0.0005 | Train Loss 0.2260 | Valid Loss 0.3431 | Train Acc 91.4274 | Valid Acc 84.7656
2026-07-10 08:43:56 | TestSub: S11 | Epoch 41/100 Finsh | Now_lr 0.0005/0.0005 | Train Loss 0.2212 | Valid Loss 0.3382 | Train Acc 91.2162 | Valid Acc 86.3281
2026-07-10 08:43:57 | TestSub: S11 | Epoch 42/100 Finsh | Now_lr 0.0005/0.0005 | Train Loss 0.2194 | Valid Loss 0.3251 | Train Acc 91.0473 | Valid Acc 87.1094
2026-07-10 08:43:57 | Validation loss decreased (0.325223 --> 0.325144) in epoch (42). Saving model ...
2026-07-10 08:43:58 | TestSub: S11 | Epoch 43/100 Finsh | Now_lr 0.0005/0.0005 | Train Loss 0.2274 | Valid Loss 0.3228 | Train Acc 91.3851 | Valid Acc 85.5469
2026-07-10 08:43:58 | Validation loss decreased (0.325144 --> 0.322832) in epoch (43). Saving model ...
2026-07-10 08:43:58 | TestSub: S11 | Epoch 44/100 Finsh | Now_lr 0.0005/0.0005 | Train Loss 0.2232 | Valid Loss 0.3024 | Train Acc 90.7517 | Valid Acc 87.8906
2026-07-10 08:43:59 | Validation loss decreased (0.322832 --> 0.302405) in epoch (44). Saving model ...
2026-07-10 08:44:00 | TestSub: S11 | Epoch 45/100 Finsh | Now_lr 0.0005/0.0005 | Train Loss 0.2105 | Valid Loss 0.3164 | Train Acc 92.0608 | Valid Acc 85.9375
2026-07-10 08:44:01 | TestSub: S11 | Epoch 46/100 Finsh | Now_lr 0.0005/0.0005 | Train Loss 0.2291 | Valid Loss 0.3534 | Train Acc 91.2584 | Valid Acc 87.1094
2026-07-10 08:44:01 | TestSub: S11 | Epoch 47/100 Finsh | Now_lr 0.0005/0.0005 | Train Loss 0.1919 | Valid Loss 0.3112 | Train Acc 92.6098 | Valid Acc 86.7188
2026-07-10 08:44:02 | TestSub: S11 | Epoch 48/100 Finsh | Now_lr 0.0005/0.0005 | Train Loss 0.2084 | Valid Loss 0.3279 | Train Acc 92.4409 | Valid Acc 86.3281
2026-07-10 08:44:03 | TestSub: S11 | Epoch 49/100 Finsh | Now_lr 0.0005/0.0005 | Train Loss 0.2204 | Valid Loss 0.3223 | Train Acc 91.2162 | Valid Acc 87.1094
2026-07-10 08:44:03 | TestSub: S11 | Epoch 50/100 Finsh | Now_lr 0.0005/0.0005 | Train Loss 0.2035 | Valid Loss 0.2995 | Train Acc 92.2720 | Valid Acc 87.1094
2026-07-10 08:44:03 | Validation loss decreased (0.302405 --> 0.299494) in epoch (50). Saving model ...
2026-07-10 08:44:04 | TestSub: S11 | Epoch 51/100 Finsh | Now_lr 0.0005/0.0005 | Train Loss 0.2147 | Valid Loss 0.2930 | Train Acc 91.9341 | Valid Acc 87.1094
2026-07-10 08:44:04 | Validation loss decreased (0.299494 --> 0.292965) in epoch (51). Saving model ...
2026-07-10 08:44:05 | TestSub: S11 | Epoch 52/100 Finsh | Now_lr 0.0005/0.0005 | Train Loss 0.2070 | Valid Loss 0.3134 | Train Acc 92.4409 | Valid Acc 86.7188
2026-07-10 08:44:06 | TestSub: S11 | Epoch 53/100 Finsh | Now_lr 0.0005/0.0005 | Train Loss 0.1968 | Valid Loss 0.3045 | Train Acc 91.6807 | Valid Acc 87.5000
2026-07-10 08:44:06 | TestSub: S11 | Epoch 54/100 Finsh | Now_lr 0.0005/0.0005 | Train Loss 0.2230 | Valid Loss 0.3247 | Train Acc 90.7517 | Valid Acc 86.7188
2026-07-10 08:44:07 | TestSub: S11 | Epoch 55/100 Finsh | Now_lr 0.0005/0.0005 | Train Loss 0.2032 | Valid Loss 0.3276 | Train Acc 92.2297 | Valid Acc 88.6719
2026-07-10 08:44:08 | TestSub: S11 | Epoch 56/100 Finsh | Now_lr 0.0005/0.0005 | Train Loss 0.2037 | Valid Loss 0.3298 | Train Acc 92.0186 | Valid Acc 86.7188
2026-07-10 08:44:08 | TestSub: S11 | Epoch 57/100 Finsh | Now_lr 0.0005/0.0005 | Train Loss 0.1985 | Valid Loss 0.3084 | Train Acc 92.3142 | Valid Acc 87.8906
2026-07-10 08:44:09 | TestSub: S11 | Epoch 58/100 Finsh | Now_lr 0.0005/0.0005 | Train Loss 0.1923 | Valid Loss 0.3092 | Train Acc 93.2432 | Valid Acc 88.2812
2026-07-10 08:44:10 | TestSub: S11 | Epoch 59/100 Finsh | Now_lr 0.0005/0.0005 | Train Loss 0.2010 | Valid Loss 0.2950 | Train Acc 92.2297 | Valid Acc 88.2812
2026-07-10 08:44:10 | TestSub: S11 | Epoch 60/100 Finsh | Now_lr 0.0005/0.0005 | Train Loss 0.2015 | Valid Loss 0.2954 | Train Acc 92.1875 | Valid Acc 88.6719
2026-07-10 08:44:11 | TestSub: S11 | Epoch 61/100 Finsh | Now_lr 0.0005/0.0005 | Train Loss 0.1842 | Valid Loss 0.2850 | Train Acc 92.9899 | Valid Acc 86.7188
2026-07-10 08:44:11 | Validation loss decreased (0.292965 --> 0.285045) in epoch (61). Saving model ...
2026-07-10 08:44:12 | TestSub: S11 | Epoch 62/100 Finsh | Now_lr 0.0005/0.0005 | Train Loss 0.1892 | Valid Loss 0.3414 | Train Acc 92.9899 | Valid Acc 85.5469
2026-07-10 08:44:12 | TestSub: S11 | Epoch 63/100 Finsh | Now_lr 0.0005/0.0005 | Train Loss 0.1934 | Valid Loss 0.2925 | Train Acc 93.2432 | Valid Acc 88.6719
2026-07-10 08:44:13 | TestSub: S11 | Epoch 64/100 Finsh | Now_lr 0.0005/0.0005 | Train Loss 0.1865 | Valid Loss 0.3065 | Train Acc 92.9899 | Valid Acc 89.0625
2026-07-10 08:44:14 | TestSub: S11 | Epoch 65/100 Finsh | Now_lr 0.0005/0.0005 | Train Loss 0.1852 | Valid Loss 0.2929 | Train Acc 92.9899 | Valid Acc 87.8906
2026-07-10 08:44:14 | TestSub: S11 | Epoch 66/100 Finsh | Now_lr 0.0005/0.0005 | Train Loss 0.1877 | Valid Loss 0.3179 | Train Acc 92.9054 | Valid Acc 86.3281
2026-07-10 08:44:15 | TestSub: S11 | Epoch 67/100 Finsh | Now_lr 0.0005/0.0005 | Train Loss 0.1866 | Valid Loss 0.2855 | Train Acc 93.0321 | Valid Acc 87.8906
2026-07-10 08:44:16 | TestSub: S11 | Epoch 68/100 Finsh | Now_lr 0.0005/0.0005 | Train Loss 0.1665 | Valid Loss 0.2905 | Train Acc 93.7500 | Valid Acc 87.8906
2026-07-10 08:44:16 | TestSub: S11 | Epoch 69/100 Finsh | Now_lr 0.0005/0.0005 | Train Loss 0.1830 | Valid Loss 0.2899 | Train Acc 93.4544 | Valid Acc 88.2812
2026-07-10 08:44:17 | TestSub: S11 | Epoch 70/100 Finsh | Now_lr 0.0005/0.0005 | Train Loss 0.1821 | Valid Loss 0.3222 | Train Acc 92.4409 | Valid Acc 87.5000
2026-07-10 08:44:18 | TestSub: S11 | Epoch 71/100 Finsh | Now_lr 0.0005/0.0005 | Train Loss 0.1775 | Valid Loss 0.3058 | Train Acc 93.7500 | Valid Acc 87.1094
2026-07-10 08:44:18 | TestSub: S11 | Epoch 72/100 Finsh | Now_lr 0.0005/0.0005 | Train Loss 0.1733 | Valid Loss 0.3021 | Train Acc 93.9189 | Valid Acc 86.3281
2026-07-10 08:44:19 | TestSub: S11 | Epoch 73/100 Finsh | Now_lr 0.0005/0.0005 | Train Loss 0.1605 | Valid Loss 0.3084 | Train Acc 94.2568 | Valid Acc 87.1094
2026-07-10 08:44:20 | TestSub: S11 | Epoch 74/100 Finsh | Now_lr 0.0005/0.0005 | Train Loss 0.1954 | Valid Loss 0.2773 | Train Acc 92.0186 | Valid Acc 87.5000
2026-07-10 08:44:20 | Validation loss decreased (0.285045 --> 0.277314) in epoch (74). Saving model ...
2026-07-10 08:44:21 | TestSub: S11 | Epoch 75/100 Finsh | Now_lr 0.0005/0.0005 | Train Loss 0.1778 | Valid Loss 0.2809 | Train Acc 93.3277 | Valid Acc 89.0625
2026-07-10 08:44:21 | TestSub: S11 | Epoch 76/100 Finsh | Now_lr 0.0005/0.0005 | Train Loss 0.1702 | Valid Loss 0.2941 | Train Acc 93.8345 | Valid Acc 88.2812
2026-07-10 08:44:22 | TestSub: S11 | Epoch 77/100 Finsh | Now_lr 0.0005/0.0005 | Train Loss 0.1693 | Valid Loss 0.2926 | Train Acc 94.0878 | Valid Acc 87.8906
2026-07-10 08:44:23 | TestSub: S11 | Epoch 78/100 Finsh | Now_lr 0.0005/0.0005 | Train Loss 0.1719 | Valid Loss 0.2843 | Train Acc 93.6655 | Valid Acc 86.7188
2026-07-10 08:44:23 | TestSub: S11 | Epoch 79/100 Finsh | Now_lr 0.0005/0.0005 | Train Loss 0.1596 | Valid Loss 0.2782 | Train Acc 94.1723 | Valid Acc 88.6719
2026-07-10 08:44:24 | TestSub: S11 | Epoch 80/100 Finsh | Now_lr 0.0005/0.0005 | Train Loss 0.1572 | Valid Loss 0.2765 | Train Acc 94.5946 | Valid Acc 88.6719
2026-07-10 08:44:24 | Validation loss decreased (0.277314 --> 0.276493) in epoch (80). Saving model ...
2026-07-10 08:44:25 | TestSub: S11 | Epoch 81/100 Finsh | Now_lr 0.0005/0.0005 | Train Loss 0.1630 | Valid Loss 0.2874 | Train Acc 94.1723 | Valid Acc 87.8906
2026-07-10 08:44:25 | TestSub: S11 | Epoch 82/100 Finsh | Now_lr 0.0005/0.0005 | Train Loss 0.1662 | Valid Loss 0.2774 | Train Acc 94.0878 | Valid Acc 88.6719
2026-07-10 08:44:26 | TestSub: S11 | Epoch 83/100 Finsh | Now_lr 0.0005/0.0005 | Train Loss 0.1507 | Valid Loss 0.2763 | Train Acc 94.4257 | Valid Acc 88.6719
2026-07-10 08:44:26 | Validation loss decreased (0.276493 --> 0.276296) in epoch (83). Saving model ...
2026-07-10 08:44:27 | TestSub: S11 | Epoch 84/100 Finsh | Now_lr 0.0005/0.0005 | Train Loss 0.1569 | Valid Loss 0.2828 | Train Acc 94.0456 | Valid Acc 87.8906
2026-07-10 08:44:27 | TestSub: S11 | Epoch 85/100 Finsh | Now_lr 0.0005/0.0005 | Train Loss 0.1437 | Valid Loss 0.3536 | Train Acc 95.0591 | Valid Acc 86.3281
2026-07-10 08:44:28 | TestSub: S11 | Epoch 86/100 Finsh | Now_lr 0.0005/0.0005 | Train Loss 0.1590 | Valid Loss 0.3044 | Train Acc 94.3834 | Valid Acc 87.8906
2026-07-10 08:44:29 | TestSub: S11 | Epoch 87/100 Finsh | Now_lr 0.0005/0.0005 | Train Loss 0.1605 | Valid Loss 0.2869 | Train Acc 94.1301 | Valid Acc 87.8906
2026-07-10 08:44:29 | TestSub: S11 | Epoch 88/100 Finsh | Now_lr 0.0005/0.0005 | Train Loss 0.1563 | Valid Loss 0.2678 | Train Acc 94.2568 | Valid Acc 89.4531
2026-07-10 08:44:30 | Validation loss decreased (0.276296 --> 0.267810) in epoch (88). Saving model ...
2026-07-10 08:44:30 | TestSub: S11 | Epoch 89/100 Finsh | Now_lr 0.0005/0.0005 | Train Loss 0.1610 | Valid Loss 0.2620 | Train Acc 94.1301 | Valid Acc 89.0625
2026-07-10 08:44:30 | Validation loss decreased (0.267810 --> 0.261997) in epoch (89). Saving model ...
2026-07-10 08:44:31 | TestSub: S11 | Epoch 90/100 Finsh | Now_lr 0.0005/0.0005 | Train Loss 0.1647 | Valid Loss 0.2810 | Train Acc 93.7078 | Valid Acc 87.8906
2026-07-10 08:44:32 | TestSub: S11 | Epoch 91/100 Finsh | Now_lr 0.0005/0.0005 | Train Loss 0.1534 | Valid Loss 0.2735 | Train Acc 94.7213 | Valid Acc 88.2812
2026-07-10 08:44:32 | TestSub: S11 | Epoch 92/100 Finsh | Now_lr 0.0005/0.0005 | Train Loss 0.1421 | Valid Loss 0.2740 | Train Acc 95.0169 | Valid Acc 87.8906
2026-07-10 08:44:33 | TestSub: S11 | Epoch 93/100 Finsh | Now_lr 0.0005/0.0005 | Train Loss 0.1561 | Valid Loss 0.2793 | Train Acc 94.2145 | Valid Acc 89.0625
2026-07-10 08:44:34 | TestSub: S11 | Epoch 94/100 Finsh | Now_lr 0.0005/0.0005 | Train Loss 0.1507 | Valid Loss 0.3322 | Train Acc 94.6791 | Valid Acc 87.5000
2026-07-10 08:44:34 | TestSub: S11 | Epoch 95/100 Finsh | Now_lr 0.0005/0.0005 | Train Loss 0.1471 | Valid Loss 0.2471 | Train Acc 94.6791 | Valid Acc 90.6250
2026-07-10 08:44:34 | Validation loss decreased (0.261997 --> 0.247111) in epoch (95). Saving model ...
2026-07-10 08:44:35 | TestSub: S11 | Epoch 96/100 Finsh | Now_lr 0.0005/0.0005 | Train Loss 0.1443 | Valid Loss 0.2587 | Train Acc 94.8057 | Valid Acc 88.6719
2026-07-10 08:44:36 | TestSub: S11 | Epoch 97/100 Finsh | Now_lr 0.0005/0.0005 | Train Loss 0.1341 | Valid Loss 0.2559 | Train Acc 95.1014 | Valid Acc 89.4531
2026-07-10 08:44:36 | TestSub: S11 | Epoch 98/100 Finsh | Now_lr 0.0005/0.0005 | Train Loss 0.1647 | Valid Loss 0.2540 | Train Acc 93.7078 | Valid Acc 90.6250
2026-07-10 08:44:37 | TestSub: S11 | Epoch 99/100 Finsh | Now_lr 0.0005/0.0005 | Train Loss 0.1498 | Valid Loss 0.2713 | Train Acc 95.0169 | Valid Acc 88.2812
2026-07-10 08:44:38 | TestSub: S11 | Epoch 100/100 Finsh | Now_lr 0.0005/0.0005 | Train Loss 0.1353 | Valid Loss 0.2795 | Train Acc 95.2280 | Valid Acc 88.6719
2026-07-10 08:44:38 | --------------------------------------------------
2026-07-10 08:44:38 | Test_Subject :S11 | Best epoch:95 | Test Loss:0.4298 | Savemodel Acc 80.9028
2026-07-10 08:44:38 | --------------------------------------------------
2026-07-10 08:44:38 | Best epoch: 95 | Test acc: 80.9028
