2026-07-10 08:45:52 | Logging started: ./writer/Subject_dependent_AAD/DTU/1.0s/result//Train1.0s_sub13.log
2026-07-10 08:45:52 | Sub_id: 13
2026-07-10 08:45:54 | TestSub: S13 | Epoch  1/100 Finsh | Now_lr 0.0005/0.0005 | Train Loss 0.6956 | Valid Loss 0.6797 | Train Acc 52.0270 | Valid Acc 58.2031
2026-07-10 08:45:54 | Validation loss decreased (inf --> 0.679655) in epoch (1). Saving model ...
2026-07-10 08:45:55 | TestSub: S13 | Epoch  2/100 Finsh | Now_lr 0.0005/0.0005 | Train Loss 0.6725 | Valid Loss 0.6482 | Train Acc 58.7838 | Valid Acc 64.8438
2026-07-10 08:45:55 | Validation loss decreased (0.679655 --> 0.648187) in epoch (2). Saving model ...
2026-07-10 08:45:56 | TestSub: S13 | Epoch  3/100 Finsh | Now_lr 0.0005/0.0005 | Train Loss 0.6194 | Valid Loss 0.5830 | Train Acc 67.2720 | Valid Acc 69.5312
2026-07-10 08:45:56 | Validation loss decreased (0.648187 --> 0.582962) in epoch (3). Saving model ...
2026-07-10 08:45:57 | TestSub: S13 | Epoch  4/100 Finsh | Now_lr 0.0005/0.0005 | Train Loss 0.5706 | Valid Loss 0.5421 | Train Acc 70.5659 | Valid Acc 71.4844
2026-07-10 08:45:57 | Validation loss decreased (0.582962 --> 0.542053) in epoch (4). Saving model ...
2026-07-10 08:45:57 | TestSub: S13 | Epoch  5/100 Finsh | Now_lr 0.0005/0.0005 | Train Loss 0.5340 | Valid Loss 0.5069 | Train Acc 73.0574 | Valid Acc 75.7812
2026-07-10 08:45:57 | Validation loss decreased (0.542053 --> 0.506867) in epoch (5). Saving model ...
2026-07-10 08:45:58 | TestSub: S13 | Epoch  6/100 Finsh | Now_lr 0.0005/0.0005 | Train Loss 0.5194 | Valid Loss 0.4977 | Train Acc 73.6909 | Valid Acc 76.5625
2026-07-10 08:45:58 | Validation loss decreased (0.506867 --> 0.497738) in epoch (6). Saving model ...
2026-07-10 08:45:59 | TestSub: S13 | Epoch  7/100 Finsh | Now_lr 0.0005/0.0005 | Train Loss 0.4958 | Valid Loss 0.4928 | Train Acc 74.7466 | Valid Acc 74.6094
2026-07-10 08:45:59 | Validation loss decreased (0.497738 --> 0.492801) in epoch (7). Saving model ...
2026-07-10 08:45:59 | TestSub: S13 | Epoch  8/100 Finsh | Now_lr 0.0005/0.0005 | Train Loss 0.4856 | Valid Loss 0.4689 | Train Acc 75.7179 | Valid Acc 80.8594
2026-07-10 08:45:59 | Validation loss decreased (0.492801 --> 0.468949) in epoch (8). Saving model ...
2026-07-10 08:46:00 | TestSub: S13 | Epoch  9/100 Finsh | Now_lr 0.0005/0.0005 | Train Loss 0.4626 | Valid Loss 0.4643 | Train Acc 77.2804 | Valid Acc 79.2969
2026-07-10 08:46:00 | Validation loss decreased (0.468949 --> 0.464302) in epoch (9). Saving model ...
2026-07-10 08:46:01 | TestSub: S13 | Epoch 10/100 Finsh | Now_lr 0.0005/0.0005 | Train Loss 0.4512 | Valid Loss 0.4361 | Train Acc 77.8716 | Valid Acc 80.0781
2026-07-10 08:46:01 | Validation loss decreased (0.464302 --> 0.436100) in epoch (10). Saving model ...
2026-07-10 08:46:02 | TestSub: S13 | Epoch 11/100 Finsh | Now_lr 0.0005/0.0005 | Train Loss 0.4399 | Valid Loss 0.4372 | Train Acc 78.9274 | Valid Acc 80.4688
2026-07-10 08:46:02 | TestSub: S13 | Epoch 12/100 Finsh | Now_lr 0.0005/0.0005 | Train Loss 0.4205 | Valid Loss 0.4190 | Train Acc 81.1655 | Valid Acc 80.8594
2026-07-10 08:46:02 | Validation loss decreased (0.436100 --> 0.419017) in epoch (12). Saving model ...
2026-07-10 08:46:03 | TestSub: S13 | Epoch 13/100 Finsh | Now_lr 0.0005/0.0005 | Train Loss 0.4109 | Valid Loss 0.3960 | Train Acc 81.2078 | Valid Acc 83.2031
2026-07-10 08:46:03 | Validation loss decreased (0.419017 --> 0.396030) in epoch (13). Saving model ...
2026-07-10 08:46:04 | TestSub: S13 | Epoch 14/100 Finsh | Now_lr 0.0005/0.0005 | Train Loss 0.3958 | Valid Loss 0.3810 | Train Acc 82.3902 | Valid Acc 82.8125
2026-07-10 08:46:04 | Validation loss decreased (0.396030 --> 0.380997) in epoch (14). Saving model ...
2026-07-10 08:46:05 | TestSub: S13 | Epoch 15/100 Finsh | Now_lr 0.0005/0.0005 | Train Loss 0.3870 | Valid Loss 0.3755 | Train Acc 82.3057 | Valid Acc 83.5938
2026-07-10 08:46:05 | Validation loss decreased (0.380997 --> 0.375517) in epoch (15). Saving model ...
2026-07-10 08:46:05 | TestSub: S13 | Epoch 16/100 Finsh | Now_lr 0.0005/0.0005 | Train Loss 0.3642 | Valid Loss 0.3723 | Train Acc 83.7416 | Valid Acc 83.5938
2026-07-10 08:46:05 | Validation loss decreased (0.375517 --> 0.372273) in epoch (16). Saving model ...
2026-07-10 08:46:06 | TestSub: S13 | Epoch 17/100 Finsh | Now_lr 0.0005/0.0005 | Train Loss 0.3613 | Valid Loss 0.3555 | Train Acc 83.9527 | Valid Acc 83.5938
2026-07-10 08:46:06 | Validation loss decreased (0.372273 --> 0.355530) in epoch (17). Saving model ...
2026-07-10 08:46:07 | TestSub: S13 | Epoch 18/100 Finsh | Now_lr 0.0005/0.0005 | Train Loss 0.3434 | Valid Loss 0.3892 | Train Acc 84.5439 | Valid Acc 82.0312
2026-07-10 08:46:08 | TestSub: S13 | Epoch 19/100 Finsh | Now_lr 0.0005/0.0005 | Train Loss 0.3326 | Valid Loss 0.3169 | Train Acc 86.2331 | Valid Acc 88.6719
2026-07-10 08:46:08 | Validation loss decreased (0.355530 --> 0.316934) in epoch (19). Saving model ...
2026-07-10 08:46:08 | TestSub: S13 | Epoch 20/100 Finsh | Now_lr 0.0005/0.0005 | Train Loss 0.3201 | Valid Loss 0.3171 | Train Acc 86.4443 | Valid Acc 87.8906
2026-07-10 08:46:09 | TestSub: S13 | Epoch 21/100 Finsh | Now_lr 0.0005/0.0005 | Train Loss 0.3290 | Valid Loss 0.2986 | Train Acc 86.2753 | Valid Acc 89.0625
2026-07-10 08:46:09 | Validation loss decreased (0.316934 --> 0.298577) in epoch (21). Saving model ...
2026-07-10 08:46:10 | TestSub: S13 | Epoch 22/100 Finsh | Now_lr 0.0005/0.0005 | Train Loss 0.2965 | Valid Loss 0.3130 | Train Acc 87.5000 | Valid Acc 86.7188
2026-07-10 08:46:10 | TestSub: S13 | Epoch 23/100 Finsh | Now_lr 0.0005/0.0005 | Train Loss 0.2978 | Valid Loss 0.3280 | Train Acc 87.3311 | Valid Acc 87.1094
2026-07-10 08:46:11 | TestSub: S13 | Epoch 24/100 Finsh | Now_lr 0.0005/0.0005 | Train Loss 0.2852 | Valid Loss 0.3241 | Train Acc 88.4713 | Valid Acc 86.7188
2026-07-10 08:46:12 | TestSub: S13 | Epoch 25/100 Finsh | Now_lr 0.0005/0.0005 | Train Loss 0.3014 | Valid Loss 0.3050 | Train Acc 86.8666 | Valid Acc 89.4531
2026-07-10 08:46:13 | TestSub: S13 | Epoch 26/100 Finsh | Now_lr 0.0005/0.0005 | Train Loss 0.2757 | Valid Loss 0.2920 | Train Acc 88.9780 | Valid Acc 89.8438
2026-07-10 08:46:13 | Validation loss decreased (0.298577 --> 0.291969) in epoch (26). Saving model ...
2026-07-10 08:46:13 | TestSub: S13 | Epoch 27/100 Finsh | Now_lr 0.0005/0.0005 | Train Loss 0.2772 | Valid Loss 0.2769 | Train Acc 88.8514 | Valid Acc 89.4531
2026-07-10 08:46:13 | Validation loss decreased (0.291969 --> 0.276865) in epoch (27). Saving model ...
2026-07-10 08:46:14 | TestSub: S13 | Epoch 28/100 Finsh | Now_lr 0.0005/0.0005 | Train Loss 0.2661 | Valid Loss 0.2808 | Train Acc 88.9780 | Valid Acc 91.0156
2026-07-10 08:46:15 | TestSub: S13 | Epoch 29/100 Finsh | Now_lr 0.0005/0.0005 | Train Loss 0.2501 | Valid Loss 0.2679 | Train Acc 90.0760 | Valid Acc 91.4062
2026-07-10 08:46:15 | Validation loss decreased (0.276865 --> 0.267945) in epoch (29). Saving model ...
2026-07-10 08:46:15 | TestSub: S13 | Epoch 30/100 Finsh | Now_lr 0.0005/0.0005 | Train Loss 0.2524 | Valid Loss 0.2790 | Train Acc 89.3581 | Valid Acc 90.2344
2026-07-10 08:46:16 | TestSub: S13 | Epoch 31/100 Finsh | Now_lr 0.0005/0.0005 | Train Loss 0.2416 | Valid Loss 0.2712 | Train Acc 90.4139 | Valid Acc 92.1875
2026-07-10 08:46:17 | TestSub: S13 | Epoch 32/100 Finsh | Now_lr 0.0005/0.0005 | Train Loss 0.2482 | Valid Loss 0.2826 | Train Acc 90.3716 | Valid Acc 89.4531
2026-07-10 08:46:17 | TestSub: S13 | Epoch 33/100 Finsh | Now_lr 0.0005/0.0005 | Train Loss 0.2479 | Valid Loss 0.2565 | Train Acc 90.0760 | Valid Acc 89.8438
2026-07-10 08:46:17 | Validation loss decreased (0.267945 --> 0.256492) in epoch (33). Saving model ...
2026-07-10 08:46:18 | TestSub: S13 | Epoch 34/100 Finsh | Now_lr 0.0005/0.0005 | Train Loss 0.2427 | Valid Loss 0.2300 | Train Acc 89.5270 | Valid Acc 92.1875
2026-07-10 08:46:18 | Validation loss decreased (0.256492 --> 0.230031) in epoch (34). Saving model ...
2026-07-10 08:46:19 | TestSub: S13 | Epoch 35/100 Finsh | Now_lr 0.0005/0.0005 | Train Loss 0.2440 | Valid Loss 0.2438 | Train Acc 90.0338 | Valid Acc 91.7969
2026-07-10 08:46:20 | TestSub: S13 | Epoch 36/100 Finsh | Now_lr 0.0005/0.0005 | Train Loss 0.2416 | Valid Loss 0.2455 | Train Acc 90.4139 | Valid Acc 92.1875
2026-07-10 08:46:20 | TestSub: S13 | Epoch 37/100 Finsh | Now_lr 0.0005/0.0005 | Train Loss 0.2387 | Valid Loss 0.2439 | Train Acc 90.4561 | Valid Acc 92.9688
2026-07-10 08:46:21 | TestSub: S13 | Epoch 38/100 Finsh | Now_lr 0.0005/0.0005 | Train Loss 0.2198 | Valid Loss 0.2376 | Train Acc 90.8784 | Valid Acc 93.3594
2026-07-10 08:46:22 | TestSub: S13 | Epoch 39/100 Finsh | Now_lr 0.0005/0.0005 | Train Loss 0.2245 | Valid Loss 0.2608 | Train Acc 90.5405 | Valid Acc 91.4062
2026-07-10 08:46:22 | TestSub: S13 | Epoch 40/100 Finsh | Now_lr 0.0005/0.0005 | Train Loss 0.2171 | Valid Loss 0.2302 | Train Acc 91.5541 | Valid Acc 91.0156
2026-07-10 08:46:23 | TestSub: S13 | Epoch 41/100 Finsh | Now_lr 0.0005/0.0005 | Train Loss 0.2165 | Valid Loss 0.2632 | Train Acc 91.1740 | Valid Acc 91.7969
2026-07-10 08:46:24 | TestSub: S13 | Epoch 42/100 Finsh | Now_lr 0.0005/0.0005 | Train Loss 0.2229 | Valid Loss 0.2228 | Train Acc 91.0895 | Valid Acc 92.1875
2026-07-10 08:46:24 | Validation loss decreased (0.230031 --> 0.222764) in epoch (42). Saving model ...
2026-07-10 08:46:24 | TestSub: S13 | Epoch 43/100 Finsh | Now_lr 0.0005/0.0005 | Train Loss 0.2046 | Valid Loss 0.2343 | Train Acc 92.0608 | Valid Acc 91.7969
2026-07-10 08:46:25 | TestSub: S13 | Epoch 44/100 Finsh | Now_lr 0.0005/0.0005 | Train Loss 0.2101 | Valid Loss 0.2341 | Train Acc 91.8074 | Valid Acc 92.5781
2026-07-10 08:46:26 | TestSub: S13 | Epoch 45/100 Finsh | Now_lr 0.0005/0.0005 | Train Loss 0.2208 | Valid Loss 0.2246 | Train Acc 90.9206 | Valid Acc 89.8438
2026-07-10 08:46:26 | TestSub: S13 | Epoch 46/100 Finsh | Now_lr 0.0005/0.0005 | Train Loss 0.1988 | Valid Loss 0.2367 | Train Acc 92.1030 | Valid Acc 91.4062
2026-07-10 08:46:27 | TestSub: S13 | Epoch 47/100 Finsh | Now_lr 0.0005/0.0005 | Train Loss 0.1968 | Valid Loss 0.2148 | Train Acc 92.4831 | Valid Acc 93.3594
2026-07-10 08:46:27 | Validation loss decreased (0.222764 --> 0.214767) in epoch (47). Saving model ...
2026-07-10 08:46:28 | TestSub: S13 | Epoch 48/100 Finsh | Now_lr 0.0005/0.0005 | Train Loss 0.1993 | Valid Loss 0.2056 | Train Acc 92.0608 | Valid Acc 94.5312
2026-07-10 08:46:28 | Validation loss decreased (0.214767 --> 0.205605) in epoch (48). Saving model ...
2026-07-10 08:46:29 | TestSub: S13 | Epoch 49/100 Finsh | Now_lr 0.0005/0.0005 | Train Loss 0.2023 | Valid Loss 0.2281 | Train Acc 92.1030 | Valid Acc 92.5781
2026-07-10 08:46:30 | TestSub: S13 | Epoch 50/100 Finsh | Now_lr 0.0005/0.0005 | Train Loss 0.2049 | Valid Loss 0.2315 | Train Acc 91.7652 | Valid Acc 92.5781
2026-07-10 08:46:30 | TestSub: S13 | Epoch 51/100 Finsh | Now_lr 0.0005/0.0005 | Train Loss 0.1863 | Valid Loss 0.2158 | Train Acc 92.7787 | Valid Acc 92.5781
2026-07-10 08:46:31 | TestSub: S13 | Epoch 52/100 Finsh | Now_lr 0.0005/0.0005 | Train Loss 0.2061 | Valid Loss 0.2058 | Train Acc 91.7230 | Valid Acc 93.3594
2026-07-10 08:46:32 | TestSub: S13 | Epoch 53/100 Finsh | Now_lr 0.0005/0.0005 | Train Loss 0.1933 | Valid Loss 0.2297 | Train Acc 92.4831 | Valid Acc 93.7500
2026-07-10 08:46:32 | TestSub: S13 | Epoch 54/100 Finsh | Now_lr 0.0005/0.0005 | Train Loss 0.2061 | Valid Loss 0.2144 | Train Acc 91.1740 | Valid Acc 91.7969
2026-07-10 08:46:33 | TestSub: S13 | Epoch 55/100 Finsh | Now_lr 0.0005/0.0005 | Train Loss 0.1813 | Valid Loss 0.2349 | Train Acc 93.1166 | Valid Acc 92.1875
2026-07-10 08:46:34 | TestSub: S13 | Epoch 56/100 Finsh | Now_lr 0.0005/0.0005 | Train Loss 0.1857 | Valid Loss 0.2293 | Train Acc 92.9899 | Valid Acc 92.1875
2026-07-10 08:46:34 | TestSub: S13 | Epoch 57/100 Finsh | Now_lr 0.0005/0.0005 | Train Loss 0.1839 | Valid Loss 0.2240 | Train Acc 92.4831 | Valid Acc 92.5781
2026-07-10 08:46:35 | TestSub: S13 | Epoch 58/100 Finsh | Now_lr 0.0005/0.0005 | Train Loss 0.2084 | Valid Loss 0.2157 | Train Acc 91.6807 | Valid Acc 92.5781
2026-07-10 08:46:36 | TestSub: S13 | Epoch 59/100 Finsh | Now_lr 0.0005/0.0005 | Train Loss 0.1808 | Valid Loss 0.2085 | Train Acc 93.0743 | Valid Acc 93.3594
2026-07-10 08:46:36 | TestSub: S13 | Epoch 60/100 Finsh | Now_lr 0.0005/0.0005 | Train Loss 0.1853 | Valid Loss 0.2061 | Train Acc 92.2720 | Valid Acc 93.3594
2026-07-10 08:46:37 | TestSub: S13 | Epoch 61/100 Finsh | Now_lr 0.0005/0.0005 | Train Loss 0.1913 | Valid Loss 0.2018 | Train Acc 92.3986 | Valid Acc 92.9688
2026-07-10 08:46:37 | Validation loss decreased (0.205605 --> 0.201830) in epoch (61). Saving model ...
2026-07-10 08:46:38 | TestSub: S13 | Epoch 62/100 Finsh | Now_lr 0.0005/0.0005 | Train Loss 0.1784 | Valid Loss 0.1997 | Train Acc 93.0321 | Valid Acc 92.9688
2026-07-10 08:46:38 | Validation loss decreased (0.201830 --> 0.199748) in epoch (62). Saving model ...
2026-07-10 08:46:38 | TestSub: S13 | Epoch 63/100 Finsh | Now_lr 0.0005/0.0005 | Train Loss 0.1745 | Valid Loss 0.1945 | Train Acc 93.3277 | Valid Acc 94.1406
2026-07-10 08:46:38 | Validation loss decreased (0.199748 --> 0.194526) in epoch (63). Saving model ...
2026-07-10 08:46:39 | TestSub: S13 | Epoch 64/100 Finsh | Now_lr 0.0005/0.0005 | Train Loss 0.1749 | Valid Loss 0.2064 | Train Acc 93.2010 | Valid Acc 94.1406
2026-07-10 08:46:40 | TestSub: S13 | Epoch 65/100 Finsh | Now_lr 0.0005/0.0005 | Train Loss 0.1829 | Valid Loss 0.1848 | Train Acc 93.0321 | Valid Acc 92.1875
2026-07-10 08:46:40 | Validation loss decreased (0.194526 --> 0.184799) in epoch (65). Saving model ...
2026-07-10 08:46:41 | TestSub: S13 | Epoch 66/100 Finsh | Now_lr 0.0005/0.0005 | Train Loss 0.1711 | Valid Loss 0.2229 | Train Acc 93.4544 | Valid Acc 88.2812
2026-07-10 08:46:41 | TestSub: S13 | Epoch 67/100 Finsh | Now_lr 0.0005/0.0005 | Train Loss 0.1720 | Valid Loss 0.2092 | Train Acc 93.1166 | Valid Acc 94.5312
2026-07-10 08:46:42 | TestSub: S13 | Epoch 68/100 Finsh | Now_lr 0.0005/0.0005 | Train Loss 0.1764 | Valid Loss 0.1935 | Train Acc 92.9476 | Valid Acc 92.1875
2026-07-10 08:46:43 | TestSub: S13 | Epoch 69/100 Finsh | Now_lr 0.0005/0.0005 | Train Loss 0.1724 | Valid Loss 0.1890 | Train Acc 92.9476 | Valid Acc 94.5312
2026-07-10 08:46:43 | TestSub: S13 | Epoch 70/100 Finsh | Now_lr 0.0005/0.0005 | Train Loss 0.1658 | Valid Loss 0.2249 | Train Acc 94.0034 | Valid Acc 93.3594
2026-07-10 08:46:44 | TestSub: S13 | Epoch 71/100 Finsh | Now_lr 0.0005/0.0005 | Train Loss 0.1741 | Valid Loss 0.1897 | Train Acc 93.2010 | Valid Acc 94.5312
2026-07-10 08:46:45 | TestSub: S13 | Epoch 72/100 Finsh | Now_lr 0.0005/0.0005 | Train Loss 0.1568 | Valid Loss 0.2083 | Train Acc 93.7500 | Valid Acc 91.7969
2026-07-10 08:46:45 | TestSub: S13 | Epoch 73/100 Finsh | Now_lr 0.0005/0.0005 | Train Loss 0.1655 | Valid Loss 0.2177 | Train Acc 93.7078 | Valid Acc 92.9688
2026-07-10 08:46:46 | TestSub: S13 | Epoch 74/100 Finsh | Now_lr 0.0005/0.0005 | Train Loss 0.1676 | Valid Loss 0.1911 | Train Acc 93.6233 | Valid Acc 94.5312
2026-07-10 08:46:47 | TestSub: S13 | Epoch 75/100 Finsh | Now_lr 0.0005/0.0005 | Train Loss 0.1669 | Valid Loss 0.2108 | Train Acc 93.8345 | Valid Acc 91.7969
2026-07-10 08:46:47 | TestSub: S13 | Epoch 76/100 Finsh | Now_lr 0.0005/0.0005 | Train Loss 0.1651 | Valid Loss 0.2143 | Train Acc 93.2855 | Valid Acc 94.1406
2026-07-10 08:46:48 | TestSub: S13 | Epoch 77/100 Finsh | Now_lr 0.0005/0.0005 | Train Loss 0.1598 | Valid Loss 0.2225 | Train Acc 93.8345 | Valid Acc 91.4062
2026-07-10 08:46:49 | TestSub: S13 | Epoch 78/100 Finsh | Now_lr 0.0005/0.0005 | Train Loss 0.1582 | Valid Loss 0.1894 | Train Acc 93.8345 | Valid Acc 93.3594
2026-07-10 08:46:49 | TestSub: S13 | Epoch 79/100 Finsh | Now_lr 0.0005/0.0005 | Train Loss 0.1531 | Valid Loss 0.2139 | Train Acc 93.5811 | Valid Acc 93.7500
2026-07-10 08:46:50 | TestSub: S13 | Epoch 80/100 Finsh | Now_lr 0.0005/0.0005 | Train Loss 0.1542 | Valid Loss 0.1892 | Train Acc 93.9189 | Valid Acc 93.7500
2026-07-10 08:46:51 | TestSub: S13 | Epoch 81/100 Finsh | Now_lr 0.0005/0.0005 | Train Loss 0.1470 | Valid Loss 0.1947 | Train Acc 94.1723 | Valid Acc 94.5312
2026-07-10 08:46:51 | TestSub: S13 | Epoch 82/100 Finsh | Now_lr 0.0005/0.0005 | Train Loss 0.1518 | Valid Loss 0.2214 | Train Acc 94.3412 | Valid Acc 92.9688
2026-07-10 08:46:52 | TestSub: S13 | Epoch 83/100 Finsh | Now_lr 0.0005/0.0005 | Train Loss 0.1609 | Valid Loss 0.2196 | Train Acc 93.7078 | Valid Acc 93.7500
2026-07-10 08:46:53 | TestSub: S13 | Epoch 84/100 Finsh | Now_lr 0.0005/0.0005 | Train Loss 0.1517 | Valid Loss 0.1997 | Train Acc 94.2990 | Valid Acc 92.9688
2026-07-10 08:46:53 | TestSub: S13 | Epoch 85/100 Finsh | Now_lr 0.0005/0.0005 | Train Loss 0.1564 | Valid Loss 0.2044 | Train Acc 93.4122 | Valid Acc 94.9219
2026-07-10 08:46:54 | TestSub: S13 | Epoch 86/100 Finsh | Now_lr 0.0005/0.0005 | Train Loss 0.1481 | Valid Loss 0.1963 | Train Acc 94.3412 | Valid Acc 94.5312
2026-07-10 08:46:54 | Early stopping at epoch 86!
2026-07-10 08:46:54 | --------------------------------------------------
2026-07-10 08:46:54 | Test_Subject :S13 | Best epoch:65 | Test Loss:0.5884 | Savemodel Acc 74.3056
2026-07-10 08:46:54 | --------------------------------------------------
2026-07-10 08:46:54 | Best epoch: 65 | Test acc: 74.3056
