2026-07-10 08:34:54 | Logging started: ./writer/Subject_dependent_AAD/DTU/1.0s/result//Train1.0s_sub4.log
2026-07-10 08:34:54 | Sub_id: 4
2026-07-10 08:34:57 | TestSub: S4 | Epoch  1/100 Finsh | Now_lr 0.0005/0.0005 | Train Loss 0.7031 | Valid Loss 0.6994 | Train Acc 51.9426 | Valid Acc 49.2188
2026-07-10 08:34:57 | Validation loss decreased (inf --> 0.699429) in epoch (1). Saving model ...
2026-07-10 08:34:57 | TestSub: S4 | Epoch  2/100 Finsh | Now_lr 0.0005/0.0005 | Train Loss 0.6635 | Valid Loss 0.6331 | Train Acc 61.0642 | Valid Acc 71.0938
2026-07-10 08:34:57 | Validation loss decreased (0.699429 --> 0.633132) in epoch (2). Saving model ...
2026-07-10 08:34:58 | TestSub: S4 | Epoch  3/100 Finsh | Now_lr 0.0005/0.0005 | Train Loss 0.6112 | Valid Loss 0.5641 | Train Acc 68.5389 | Valid Acc 75.0000
2026-07-10 08:34:58 | Validation loss decreased (0.633132 --> 0.564078) in epoch (3). Saving model ...
2026-07-10 08:34:59 | TestSub: S4 | Epoch  4/100 Finsh | Now_lr 0.0005/0.0005 | Train Loss 0.5552 | Valid Loss 0.5104 | Train Acc 73.2686 | Valid Acc 76.5625
2026-07-10 08:34:59 | Validation loss decreased (0.564078 --> 0.510439) in epoch (4). Saving model ...
2026-07-10 08:35:00 | TestSub: S4 | Epoch  5/100 Finsh | Now_lr 0.0005/0.0005 | Train Loss 0.5151 | Valid Loss 0.4724 | Train Acc 75.7179 | Valid Acc 81.2500
2026-07-10 08:35:00 | Validation loss decreased (0.510439 --> 0.472369) in epoch (5). Saving model ...
2026-07-10 08:35:00 | TestSub: S4 | Epoch  6/100 Finsh | Now_lr 0.0005/0.0005 | Train Loss 0.4747 | Valid Loss 0.4127 | Train Acc 77.6182 | Valid Acc 82.0312
2026-07-10 08:35:00 | Validation loss decreased (0.472369 --> 0.412730) in epoch (6). Saving model ...
2026-07-10 08:35:01 | TestSub: S4 | Epoch  7/100 Finsh | Now_lr 0.0005/0.0005 | Train Loss 0.4436 | Valid Loss 0.4082 | Train Acc 79.4764 | Valid Acc 85.9375
2026-07-10 08:35:01 | Validation loss decreased (0.412730 --> 0.408155) in epoch (7). Saving model ...
2026-07-10 08:35:02 | TestSub: S4 | Epoch  8/100 Finsh | Now_lr 0.0005/0.0005 | Train Loss 0.4256 | Valid Loss 0.3822 | Train Acc 80.7432 | Valid Acc 86.7188
2026-07-10 08:35:02 | Validation loss decreased (0.408155 --> 0.382210) in epoch (8). Saving model ...
2026-07-10 08:35:03 | TestSub: S4 | Epoch  9/100 Finsh | Now_lr 0.0005/0.0005 | Train Loss 0.4007 | Valid Loss 0.3488 | Train Acc 82.0946 | Valid Acc 88.2812
2026-07-10 08:35:03 | Validation loss decreased (0.382210 --> 0.348800) in epoch (9). Saving model ...
2026-07-10 08:35:04 | TestSub: S4 | Epoch 10/100 Finsh | Now_lr 0.0005/0.0005 | Train Loss 0.3834 | Valid Loss 0.3368 | Train Acc 82.8547 | Valid Acc 88.2812
2026-07-10 08:35:04 | Validation loss decreased (0.348800 --> 0.336844) in epoch (10). Saving model ...
2026-07-10 08:35:05 | TestSub: S4 | Epoch 11/100 Finsh | Now_lr 0.0005/0.0005 | Train Loss 0.3658 | Valid Loss 0.3574 | Train Acc 84.5439 | Valid Acc 87.5000
2026-07-10 08:35:05 | TestSub: S4 | Epoch 12/100 Finsh | Now_lr 0.0005/0.0005 | Train Loss 0.3582 | Valid Loss 0.3034 | Train Acc 83.9105 | Valid Acc 89.0625
2026-07-10 08:35:05 | Validation loss decreased (0.336844 --> 0.303448) in epoch (12). Saving model ...
2026-07-10 08:35:06 | TestSub: S4 | Epoch 13/100 Finsh | Now_lr 0.0005/0.0005 | Train Loss 0.3285 | Valid Loss 0.2795 | Train Acc 86.2331 | Valid Acc 91.4062
2026-07-10 08:35:06 | Validation loss decreased (0.303448 --> 0.279471) in epoch (13). Saving model ...
2026-07-10 08:35:07 | TestSub: S4 | Epoch 14/100 Finsh | Now_lr 0.0005/0.0005 | Train Loss 0.3158 | Valid Loss 0.2658 | Train Acc 86.7399 | Valid Acc 92.9688
2026-07-10 08:35:07 | Validation loss decreased (0.279471 --> 0.265799) in epoch (14). Saving model ...
2026-07-10 08:35:08 | TestSub: S4 | Epoch 15/100 Finsh | Now_lr 0.0005/0.0005 | Train Loss 0.3024 | Valid Loss 0.2665 | Train Acc 88.2601 | Valid Acc 89.8438
2026-07-10 08:35:08 | TestSub: S4 | Epoch 16/100 Finsh | Now_lr 0.0005/0.0005 | Train Loss 0.2888 | Valid Loss 0.2417 | Train Acc 87.7111 | Valid Acc 92.9688
2026-07-10 08:35:08 | Validation loss decreased (0.265799 --> 0.241656) in epoch (16). Saving model ...
2026-07-10 08:35:09 | TestSub: S4 | Epoch 17/100 Finsh | Now_lr 0.0005/0.0005 | Train Loss 0.2690 | Valid Loss 0.2182 | Train Acc 90.3716 | Valid Acc 94.1406
2026-07-10 08:35:09 | Validation loss decreased (0.241656 --> 0.218243) in epoch (17). Saving model ...
2026-07-10 08:35:10 | TestSub: S4 | Epoch 18/100 Finsh | Now_lr 0.0005/0.0005 | Train Loss 0.2558 | Valid Loss 0.2077 | Train Acc 89.6959 | Valid Acc 95.3125
2026-07-10 08:35:10 | Validation loss decreased (0.218243 --> 0.207682) in epoch (18). Saving model ...
2026-07-10 08:35:11 | TestSub: S4 | Epoch 19/100 Finsh | Now_lr 0.0005/0.0005 | Train Loss 0.2394 | Valid Loss 0.1887 | Train Acc 91.3851 | Valid Acc 94.9219
2026-07-10 08:35:11 | Validation loss decreased (0.207682 --> 0.188714) in epoch (19). Saving model ...
2026-07-10 08:35:11 | TestSub: S4 | Epoch 20/100 Finsh | Now_lr 0.0005/0.0005 | Train Loss 0.2246 | Valid Loss 0.1841 | Train Acc 91.3851 | Valid Acc 94.1406
2026-07-10 08:35:11 | Validation loss decreased (0.188714 --> 0.184149) in epoch (20). Saving model ...
2026-07-10 08:35:12 | TestSub: S4 | Epoch 21/100 Finsh | Now_lr 0.0005/0.0005 | Train Loss 0.2127 | Valid Loss 0.1644 | Train Acc 91.6807 | Valid Acc 95.3125
2026-07-10 08:35:12 | Validation loss decreased (0.184149 --> 0.164375) in epoch (21). Saving model ...
2026-07-10 08:35:13 | TestSub: S4 | Epoch 22/100 Finsh | Now_lr 0.0005/0.0005 | Train Loss 0.1963 | Valid Loss 0.1626 | Train Acc 93.3699 | Valid Acc 95.3125
2026-07-10 08:35:13 | Validation loss decreased (0.164375 --> 0.162638) in epoch (22). Saving model ...
2026-07-10 08:35:14 | TestSub: S4 | Epoch 23/100 Finsh | Now_lr 0.0005/0.0005 | Train Loss 0.1967 | Valid Loss 0.1556 | Train Acc 93.0321 | Valid Acc 95.7031
2026-07-10 08:35:14 | Validation loss decreased (0.162638 --> 0.155623) in epoch (23). Saving model ...
2026-07-10 08:35:15 | TestSub: S4 | Epoch 24/100 Finsh | Now_lr 0.0005/0.0005 | Train Loss 0.1970 | Valid Loss 0.1494 | Train Acc 92.8632 | Valid Acc 96.0938
2026-07-10 08:35:15 | Validation loss decreased (0.155623 --> 0.149354) in epoch (24). Saving model ...
2026-07-10 08:35:15 | TestSub: S4 | Epoch 25/100 Finsh | Now_lr 0.0005/0.0005 | Train Loss 0.1880 | Valid Loss 0.1465 | Train Acc 92.6943 | Valid Acc 95.7031
2026-07-10 08:35:15 | Validation loss decreased (0.149354 --> 0.146471) in epoch (25). Saving model ...
2026-07-10 08:35:16 | TestSub: S4 | Epoch 26/100 Finsh | Now_lr 0.0005/0.0005 | Train Loss 0.1748 | Valid Loss 0.1619 | Train Acc 93.5389 | Valid Acc 94.9219
2026-07-10 08:35:17 | TestSub: S4 | Epoch 27/100 Finsh | Now_lr 0.0005/0.0005 | Train Loss 0.1732 | Valid Loss 0.1287 | Train Acc 94.0456 | Valid Acc 96.0938
2026-07-10 08:35:17 | Validation loss decreased (0.146471 --> 0.128658) in epoch (27). Saving model ...
2026-07-10 08:35:18 | TestSub: S4 | Epoch 28/100 Finsh | Now_lr 0.0005/0.0005 | Train Loss 0.1620 | Valid Loss 0.1265 | Train Acc 94.2145 | Valid Acc 96.4844
2026-07-10 08:35:18 | Validation loss decreased (0.128658 --> 0.126523) in epoch (28). Saving model ...
2026-07-10 08:35:19 | TestSub: S4 | Epoch 29/100 Finsh | Now_lr 0.0005/0.0005 | Train Loss 0.1712 | Valid Loss 0.1269 | Train Acc 93.5389 | Valid Acc 95.7031
2026-07-10 08:35:19 | TestSub: S4 | Epoch 30/100 Finsh | Now_lr 0.0005/0.0005 | Train Loss 0.1489 | Valid Loss 0.1167 | Train Acc 94.9324 | Valid Acc 96.4844
2026-07-10 08:35:19 | Validation loss decreased (0.126523 --> 0.116690) in epoch (30). Saving model ...
2026-07-10 08:35:20 | TestSub: S4 | Epoch 31/100 Finsh | Now_lr 0.0005/0.0005 | Train Loss 0.1512 | Valid Loss 0.1114 | Train Acc 94.8480 | Valid Acc 97.2656
2026-07-10 08:35:20 | Validation loss decreased (0.116690 --> 0.111352) in epoch (31). Saving model ...
2026-07-10 08:35:21 | TestSub: S4 | Epoch 32/100 Finsh | Now_lr 0.0005/0.0005 | Train Loss 0.1405 | Valid Loss 0.1205 | Train Acc 95.1858 | Valid Acc 96.0938
2026-07-10 08:35:22 | TestSub: S4 | Epoch 33/100 Finsh | Now_lr 0.0005/0.0005 | Train Loss 0.1494 | Valid Loss 0.1108 | Train Acc 94.8480 | Valid Acc 97.2656
2026-07-10 08:35:22 | Validation loss decreased (0.111352 --> 0.110788) in epoch (33). Saving model ...
2026-07-10 08:35:22 | TestSub: S4 | Epoch 34/100 Finsh | Now_lr 0.0005/0.0005 | Train Loss 0.1517 | Valid Loss 0.1233 | Train Acc 94.3412 | Valid Acc 95.3125
2026-07-10 08:35:23 | TestSub: S4 | Epoch 35/100 Finsh | Now_lr 0.0005/0.0005 | Train Loss 0.1307 | Valid Loss 0.1026 | Train Acc 95.7770 | Valid Acc 97.6562
2026-07-10 08:35:23 | Validation loss decreased (0.110788 --> 0.102623) in epoch (35). Saving model ...
2026-07-10 08:35:24 | TestSub: S4 | Epoch 36/100 Finsh | Now_lr 0.0005/0.0005 | Train Loss 0.1422 | Valid Loss 0.1222 | Train Acc 95.3547 | Valid Acc 96.8750
2026-07-10 08:35:24 | TestSub: S4 | Epoch 37/100 Finsh | Now_lr 0.0005/0.0005 | Train Loss 0.1302 | Valid Loss 0.1034 | Train Acc 95.3970 | Valid Acc 96.4844
2026-07-10 08:35:25 | TestSub: S4 | Epoch 38/100 Finsh | Now_lr 0.0005/0.0005 | Train Loss 0.1266 | Valid Loss 0.1045 | Train Acc 95.8615 | Valid Acc 97.2656
2026-07-10 08:35:26 | TestSub: S4 | Epoch 39/100 Finsh | Now_lr 0.0005/0.0005 | Train Loss 0.1288 | Valid Loss 0.1081 | Train Acc 95.9459 | Valid Acc 96.4844
2026-07-10 08:35:26 | TestSub: S4 | Epoch 40/100 Finsh | Now_lr 0.0005/0.0005 | Train Loss 0.1247 | Valid Loss 0.1000 | Train Acc 95.7348 | Valid Acc 95.7031
2026-07-10 08:35:26 | Validation loss decreased (0.102623 --> 0.100019) in epoch (40). Saving model ...
2026-07-10 08:35:27 | TestSub: S4 | Epoch 41/100 Finsh | Now_lr 0.0005/0.0005 | Train Loss 0.1196 | Valid Loss 0.0999 | Train Acc 95.6503 | Valid Acc 95.7031
2026-07-10 08:35:27 | Validation loss decreased (0.100019 --> 0.099857) in epoch (41). Saving model ...
2026-07-10 08:35:28 | TestSub: S4 | Epoch 42/100 Finsh | Now_lr 0.0005/0.0005 | Train Loss 0.1185 | Valid Loss 0.0971 | Train Acc 95.9459 | Valid Acc 96.8750
2026-07-10 08:35:28 | Validation loss decreased (0.099857 --> 0.097129) in epoch (42). Saving model ...
2026-07-10 08:35:29 | TestSub: S4 | Epoch 43/100 Finsh | Now_lr 0.0005/0.0005 | Train Loss 0.1185 | Valid Loss 0.0892 | Train Acc 95.8615 | Valid Acc 97.2656
2026-07-10 08:35:29 | Validation loss decreased (0.097129 --> 0.089229) in epoch (43). Saving model ...
2026-07-10 08:35:29 | TestSub: S4 | Epoch 44/100 Finsh | Now_lr 0.0005/0.0005 | Train Loss 0.1126 | Valid Loss 0.0835 | Train Acc 96.1149 | Valid Acc 98.0469
2026-07-10 08:35:29 | Validation loss decreased (0.089229 --> 0.083474) in epoch (44). Saving model ...
2026-07-10 08:35:30 | TestSub: S4 | Epoch 45/100 Finsh | Now_lr 0.0005/0.0005 | Train Loss 0.1042 | Valid Loss 0.0836 | Train Acc 96.4527 | Valid Acc 96.8750
2026-07-10 08:35:31 | TestSub: S4 | Epoch 46/100 Finsh | Now_lr 0.0005/0.0005 | Train Loss 0.1156 | Valid Loss 0.0946 | Train Acc 95.9037 | Valid Acc 96.0938
2026-07-10 08:35:31 | TestSub: S4 | Epoch 47/100 Finsh | Now_lr 0.0005/0.0005 | Train Loss 0.1088 | Valid Loss 0.0870 | Train Acc 96.0304 | Valid Acc 96.4844
2026-07-10 08:35:32 | TestSub: S4 | Epoch 48/100 Finsh | Now_lr 0.0005/0.0005 | Train Loss 0.1153 | Valid Loss 0.1010 | Train Acc 95.5659 | Valid Acc 95.7031
2026-07-10 08:35:33 | TestSub: S4 | Epoch 49/100 Finsh | Now_lr 0.0005/0.0005 | Train Loss 0.1087 | Valid Loss 0.0957 | Train Acc 96.3682 | Valid Acc 96.8750
2026-07-10 08:35:33 | TestSub: S4 | Epoch 50/100 Finsh | Now_lr 0.0005/0.0005 | Train Loss 0.1079 | Valid Loss 0.0832 | Train Acc 96.6639 | Valid Acc 97.2656
2026-07-10 08:35:33 | Validation loss decreased (0.083474 --> 0.083174) in epoch (50). Saving model ...
2026-07-10 08:35:34 | TestSub: S4 | Epoch 51/100 Finsh | Now_lr 0.0005/0.0005 | Train Loss 0.1121 | Valid Loss 0.0967 | Train Acc 96.2838 | Valid Acc 96.8750
2026-07-10 08:35:35 | TestSub: S4 | Epoch 52/100 Finsh | Now_lr 0.0005/0.0005 | Train Loss 0.1121 | Valid Loss 0.0966 | Train Acc 96.2416 | Valid Acc 96.0938
2026-07-10 08:35:36 | TestSub: S4 | Epoch 53/100 Finsh | Now_lr 0.0005/0.0005 | Train Loss 0.1100 | Valid Loss 0.0999 | Train Acc 96.4527 | Valid Acc 96.4844
2026-07-10 08:35:36 | TestSub: S4 | Epoch 54/100 Finsh | Now_lr 0.0005/0.0005 | Train Loss 0.1123 | Valid Loss 0.1072 | Train Acc 95.6926 | Valid Acc 95.3125
2026-07-10 08:35:37 | TestSub: S4 | Epoch 55/100 Finsh | Now_lr 0.0005/0.0005 | Train Loss 0.1091 | Valid Loss 0.0808 | Train Acc 96.6639 | Valid Acc 96.4844
2026-07-10 08:35:37 | Validation loss decreased (0.083174 --> 0.080810) in epoch (55). Saving model ...
2026-07-10 08:35:38 | TestSub: S4 | Epoch 56/100 Finsh | Now_lr 0.0005/0.0005 | Train Loss 0.1095 | Valid Loss 0.0900 | Train Acc 95.7770 | Valid Acc 96.0938
2026-07-10 08:35:38 | TestSub: S4 | Epoch 57/100 Finsh | Now_lr 0.0005/0.0005 | Train Loss 0.0988 | Valid Loss 0.0920 | Train Acc 96.6216 | Valid Acc 96.8750
2026-07-10 08:35:39 | TestSub: S4 | Epoch 58/100 Finsh | Now_lr 0.0005/0.0005 | Train Loss 0.1055 | Valid Loss 0.0837 | Train Acc 95.9882 | Valid Acc 98.0469
2026-07-10 08:35:40 | TestSub: S4 | Epoch 59/100 Finsh | Now_lr 0.0005/0.0005 | Train Loss 0.0943 | Valid Loss 0.0939 | Train Acc 96.8328 | Valid Acc 96.4844
2026-07-10 08:35:40 | TestSub: S4 | Epoch 60/100 Finsh | Now_lr 0.0005/0.0005 | Train Loss 0.0924 | Valid Loss 0.0876 | Train Acc 96.7483 | Valid Acc 96.0938
2026-07-10 08:35:41 | TestSub: S4 | Epoch 61/100 Finsh | Now_lr 0.0005/0.0005 | Train Loss 0.1037 | Valid Loss 0.0803 | Train Acc 96.3260 | Valid Acc 97.6562
2026-07-10 08:35:41 | Validation loss decreased (0.080810 --> 0.080296) in epoch (61). Saving model ...
2026-07-10 08:35:42 | TestSub: S4 | Epoch 62/100 Finsh | Now_lr 0.0005/0.0005 | Train Loss 0.0874 | Valid Loss 0.0789 | Train Acc 97.0439 | Valid Acc 96.8750
2026-07-10 08:35:42 | Validation loss decreased (0.080296 --> 0.078870) in epoch (62). Saving model ...
2026-07-10 08:35:43 | TestSub: S4 | Epoch 63/100 Finsh | Now_lr 0.0005/0.0005 | Train Loss 0.0930 | Valid Loss 0.0791 | Train Acc 97.1706 | Valid Acc 96.8750
2026-07-10 08:35:44 | TestSub: S4 | Epoch 64/100 Finsh | Now_lr 0.0005/0.0005 | Train Loss 0.1038 | Valid Loss 0.0795 | Train Acc 95.9882 | Valid Acc 96.8750
2026-07-10 08:35:44 | TestSub: S4 | Epoch 65/100 Finsh | Now_lr 0.0005/0.0005 | Train Loss 0.0912 | Valid Loss 0.0917 | Train Acc 96.7483 | Valid Acc 97.2656
2026-07-10 08:35:45 | TestSub: S4 | Epoch 66/100 Finsh | Now_lr 0.0005/0.0005 | Train Loss 0.0896 | Valid Loss 0.0843 | Train Acc 96.8750 | Valid Acc 97.6562
2026-07-10 08:35:46 | TestSub: S4 | Epoch 67/100 Finsh | Now_lr 0.0005/0.0005 | Train Loss 0.1049 | Valid Loss 0.0785 | Train Acc 95.8615 | Valid Acc 96.8750
2026-07-10 08:35:46 | Validation loss decreased (0.078870 --> 0.078468) in epoch (67). Saving model ...
2026-07-10 08:35:46 | TestSub: S4 | Epoch 68/100 Finsh | Now_lr 0.0005/0.0005 | Train Loss 0.0904 | Valid Loss 0.0804 | Train Acc 96.5794 | Valid Acc 97.6562
2026-07-10 08:35:47 | TestSub: S4 | Epoch 69/100 Finsh | Now_lr 0.0005/0.0005 | Train Loss 0.0843 | Valid Loss 0.0756 | Train Acc 97.0861 | Valid Acc 98.0469
2026-07-10 08:35:47 | Validation loss decreased (0.078468 --> 0.075559) in epoch (69). Saving model ...
2026-07-10 08:35:48 | TestSub: S4 | Epoch 70/100 Finsh | Now_lr 0.0005/0.0005 | Train Loss 0.0901 | Valid Loss 0.0841 | Train Acc 97.2551 | Valid Acc 97.2656
2026-07-10 08:35:48 | TestSub: S4 | Epoch 71/100 Finsh | Now_lr 0.0005/0.0005 | Train Loss 0.1036 | Valid Loss 0.0811 | Train Acc 96.0304 | Valid Acc 96.8750
2026-07-10 08:35:49 | TestSub: S4 | Epoch 72/100 Finsh | Now_lr 0.0005/0.0005 | Train Loss 0.0766 | Valid Loss 0.0848 | Train Acc 97.8463 | Valid Acc 96.8750
2026-07-10 08:35:50 | TestSub: S4 | Epoch 73/100 Finsh | Now_lr 0.0005/0.0005 | Train Loss 0.0817 | Valid Loss 0.0864 | Train Acc 97.3818 | Valid Acc 97.2656
2026-07-10 08:35:50 | TestSub: S4 | Epoch 74/100 Finsh | Now_lr 0.0005/0.0005 | Train Loss 0.0871 | Valid Loss 0.0824 | Train Acc 97.1284 | Valid Acc 96.4844
2026-07-10 08:35:51 | TestSub: S4 | Epoch 75/100 Finsh | Now_lr 0.0005/0.0005 | Train Loss 0.0889 | Valid Loss 0.0775 | Train Acc 97.2551 | Valid Acc 96.8750
2026-07-10 08:35:52 | TestSub: S4 | Epoch 76/100 Finsh | Now_lr 0.0005/0.0005 | Train Loss 0.0854 | Valid Loss 0.0646 | Train Acc 97.0861 | Valid Acc 98.8281
2026-07-10 08:35:52 | Validation loss decreased (0.075559 --> 0.064613) in epoch (76). Saving model ...
2026-07-10 08:35:53 | TestSub: S4 | Epoch 77/100 Finsh | Now_lr 0.0005/0.0005 | Train Loss 0.0923 | Valid Loss 0.0731 | Train Acc 96.9595 | Valid Acc 98.0469
2026-07-10 08:35:53 | TestSub: S4 | Epoch 78/100 Finsh | Now_lr 0.0005/0.0005 | Train Loss 0.0884 | Valid Loss 0.0658 | Train Acc 96.8750 | Valid Acc 97.6562
2026-07-10 08:35:54 | TestSub: S4 | Epoch 79/100 Finsh | Now_lr 0.0005/0.0005 | Train Loss 0.0952 | Valid Loss 0.0804 | Train Acc 96.7061 | Valid Acc 96.8750
2026-07-10 08:35:55 | TestSub: S4 | Epoch 80/100 Finsh | Now_lr 0.0005/0.0005 | Train Loss 0.0948 | Valid Loss 0.0716 | Train Acc 96.5372 | Valid Acc 96.8750
2026-07-10 08:35:55 | TestSub: S4 | Epoch 81/100 Finsh | Now_lr 0.0005/0.0005 | Train Loss 0.0826 | Valid Loss 0.0708 | Train Acc 97.3395 | Valid Acc 96.8750
2026-07-10 08:35:56 | TestSub: S4 | Epoch 82/100 Finsh | Now_lr 0.0005/0.0005 | Train Loss 0.0825 | Valid Loss 0.1001 | Train Acc 97.2128 | Valid Acc 95.3125
2026-07-10 08:35:57 | TestSub: S4 | Epoch 83/100 Finsh | Now_lr 0.0005/0.0005 | Train Loss 0.0791 | Valid Loss 0.0691 | Train Acc 97.4240 | Valid Acc 98.4375
2026-07-10 08:35:57 | TestSub: S4 | Epoch 84/100 Finsh | Now_lr 0.0005/0.0005 | Train Loss 0.0905 | Valid Loss 0.0732 | Train Acc 96.5794 | Valid Acc 96.8750
2026-07-10 08:35:58 | TestSub: S4 | Epoch 85/100 Finsh | Now_lr 0.0005/0.0005 | Train Loss 0.0896 | Valid Loss 0.0733 | Train Acc 96.9172 | Valid Acc 96.4844
2026-07-10 08:35:59 | TestSub: S4 | Epoch 86/100 Finsh | Now_lr 0.0005/0.0005 | Train Loss 0.0757 | Valid Loss 0.0699 | Train Acc 97.2973 | Valid Acc 97.2656
2026-07-10 08:35:59 | TestSub: S4 | Epoch 87/100 Finsh | Now_lr 0.0005/0.0005 | Train Loss 0.0820 | Valid Loss 0.0755 | Train Acc 97.1706 | Valid Acc 97.6562
2026-07-10 08:36:00 | TestSub: S4 | Epoch 88/100 Finsh | Now_lr 0.0005/0.0005 | Train Loss 0.0756 | Valid Loss 0.0725 | Train Acc 97.4240 | Valid Acc 97.6562
2026-07-10 08:36:01 | TestSub: S4 | Epoch 89/100 Finsh | Now_lr 0.0005/0.0005 | Train Loss 0.0798 | Valid Loss 0.0748 | Train Acc 97.1706 | Valid Acc 97.6562
2026-07-10 08:36:01 | TestSub: S4 | Epoch 90/100 Finsh | Now_lr 0.0005/0.0005 | Train Loss 0.0744 | Valid Loss 0.0609 | Train Acc 97.4662 | Valid Acc 98.0469
2026-07-10 08:36:01 | Validation loss decreased (0.064613 --> 0.060925) in epoch (90). Saving model ...
2026-07-10 08:36:02 | TestSub: S4 | Epoch 91/100 Finsh | Now_lr 0.0005/0.0005 | Train Loss 0.0832 | Valid Loss 0.0618 | Train Acc 97.0439 | Valid Acc 99.2188
2026-07-10 08:36:03 | TestSub: S4 | Epoch 92/100 Finsh | Now_lr 0.0005/0.0005 | Train Loss 0.0801 | Valid Loss 0.0664 | Train Acc 97.3818 | Valid Acc 98.0469
2026-07-10 08:36:04 | TestSub: S4 | Epoch 93/100 Finsh | Now_lr 0.0005/0.0005 | Train Loss 0.0732 | Valid Loss 0.0578 | Train Acc 97.4662 | Valid Acc 98.8281
2026-07-10 08:36:04 | Validation loss decreased (0.060925 --> 0.057807) in epoch (93). Saving model ...
2026-07-10 08:36:05 | TestSub: S4 | Epoch 94/100 Finsh | Now_lr 0.0005/0.0005 | Train Loss 0.0754 | Valid Loss 0.0625 | Train Acc 98.0152 | Valid Acc 98.0469
2026-07-10 08:36:06 | TestSub: S4 | Epoch 95/100 Finsh | Now_lr 0.0005/0.0005 | Train Loss 0.0739 | Valid Loss 0.0597 | Train Acc 97.8041 | Valid Acc 98.4375
2026-07-10 08:36:07 | TestSub: S4 | Epoch 96/100 Finsh | Now_lr 0.0005/0.0005 | Train Loss 0.0773 | Valid Loss 0.0902 | Train Acc 97.4240 | Valid Acc 96.4844
2026-07-10 08:36:07 | TestSub: S4 | Epoch 97/100 Finsh | Now_lr 0.0005/0.0005 | Train Loss 0.0720 | Valid Loss 0.0771 | Train Acc 97.5084 | Valid Acc 97.6562
2026-07-10 08:36:08 | TestSub: S4 | Epoch 98/100 Finsh | Now_lr 0.0005/0.0005 | Train Loss 0.0605 | Valid Loss 0.0675 | Train Acc 98.3108 | Valid Acc 98.8281
2026-07-10 08:36:09 | TestSub: S4 | Epoch 99/100 Finsh | Now_lr 0.0005/0.0005 | Train Loss 0.0791 | Valid Loss 0.0751 | Train Acc 97.0439 | Valid Acc 98.0469
2026-07-10 08:36:10 | TestSub: S4 | Epoch 100/100 Finsh | Now_lr 0.0005/0.0005 | Train Loss 0.0795 | Valid Loss 0.0708 | Train Acc 97.0439 | Valid Acc 98.0469
2026-07-10 08:36:10 | --------------------------------------------------
2026-07-10 08:36:10 | Test_Subject :S4 | Best epoch:93 | Test Loss:0.2822 | Savemodel Acc 91.3194
2026-07-10 08:36:10 | --------------------------------------------------
2026-07-10 08:36:10 | Best epoch: 93 | Test acc: 91.3194
