2026-07-10 08:36:10 | Logging started: ./writer/Subject_dependent_AAD/DTU/1.0s/result//Train1.0s_sub5.log
2026-07-10 08:36:10 | Sub_id: 5
2026-07-10 08:36:13 | TestSub: S5 | Epoch  1/100 Finsh | Now_lr 0.0005/0.0005 | Train Loss 0.6986 | Valid Loss 0.6740 | Train Acc 53.0405 | Valid Acc 59.7656
2026-07-10 08:36:13 | Validation loss decreased (inf --> 0.674017) in epoch (1). Saving model ...
2026-07-10 08:36:13 | TestSub: S5 | Epoch  2/100 Finsh | Now_lr 0.0005/0.0005 | Train Loss 0.6506 | Valid Loss 0.6312 | Train Acc 62.3733 | Valid Acc 68.3594
2026-07-10 08:36:13 | Validation loss decreased (0.674017 --> 0.631213) in epoch (2). Saving model ...
2026-07-10 08:36:14 | TestSub: S5 | Epoch  3/100 Finsh | Now_lr 0.0005/0.0005 | Train Loss 0.5909 | Valid Loss 0.5773 | Train Acc 70.8193 | Valid Acc 70.7031
2026-07-10 08:36:14 | Validation loss decreased (0.631213 --> 0.577292) in epoch (3). Saving model ...
2026-07-10 08:36:15 | TestSub: S5 | Epoch  4/100 Finsh | Now_lr 0.0005/0.0005 | Train Loss 0.5459 | Valid Loss 0.5419 | Train Acc 73.6909 | Valid Acc 73.0469
2026-07-10 08:36:15 | Validation loss decreased (0.577292 --> 0.541904) in epoch (4). Saving model ...
2026-07-10 08:36:15 | TestSub: S5 | Epoch  5/100 Finsh | Now_lr 0.0005/0.0005 | Train Loss 0.5158 | Valid Loss 0.5176 | Train Acc 75.0845 | Valid Acc 75.0000
2026-07-10 08:36:15 | Validation loss decreased (0.541904 --> 0.517584) in epoch (5). Saving model ...
2026-07-10 08:36:16 | TestSub: S5 | Epoch  6/100 Finsh | Now_lr 0.0005/0.0005 | Train Loss 0.4893 | Valid Loss 0.5206 | Train Acc 76.6470 | Valid Acc 72.2656
2026-07-10 08:36:17 | TestSub: S5 | Epoch  7/100 Finsh | Now_lr 0.0005/0.0005 | Train Loss 0.4713 | Valid Loss 0.4773 | Train Acc 77.9983 | Valid Acc 79.2969
2026-07-10 08:36:17 | Validation loss decreased (0.517584 --> 0.477340) in epoch (7). Saving model ...
2026-07-10 08:36:18 | TestSub: S5 | Epoch  8/100 Finsh | Now_lr 0.0005/0.0005 | Train Loss 0.4357 | Valid Loss 0.4700 | Train Acc 80.5743 | Valid Acc 77.3438
2026-07-10 08:36:18 | Validation loss decreased (0.477340 --> 0.469974) in epoch (8). Saving model ...
2026-07-10 08:36:18 | TestSub: S5 | Epoch  9/100 Finsh | Now_lr 0.0005/0.0005 | Train Loss 0.4235 | Valid Loss 0.4395 | Train Acc 80.4899 | Valid Acc 79.2969
2026-07-10 08:36:18 | Validation loss decreased (0.469974 --> 0.439458) in epoch (9). Saving model ...
2026-07-10 08:36:19 | TestSub: S5 | Epoch 10/100 Finsh | Now_lr 0.0005/0.0005 | Train Loss 0.4062 | Valid Loss 0.4168 | Train Acc 81.8834 | Valid Acc 79.6875
2026-07-10 08:36:19 | Validation loss decreased (0.439458 --> 0.416846) in epoch (10). Saving model ...
2026-07-10 08:36:20 | TestSub: S5 | Epoch 11/100 Finsh | Now_lr 0.0005/0.0005 | Train Loss 0.4104 | Valid Loss 0.4224 | Train Acc 81.5456 | Valid Acc 80.4688
2026-07-10 08:36:21 | TestSub: S5 | Epoch 12/100 Finsh | Now_lr 0.0005/0.0005 | Train Loss 0.3768 | Valid Loss 0.4037 | Train Acc 83.6993 | Valid Acc 80.0781
2026-07-10 08:36:21 | Validation loss decreased (0.416846 --> 0.403750) in epoch (12). Saving model ...
2026-07-10 08:36:21 | TestSub: S5 | Epoch 13/100 Finsh | Now_lr 0.0005/0.0005 | Train Loss 0.3667 | Valid Loss 0.3958 | Train Acc 84.5017 | Valid Acc 82.0312
2026-07-10 08:36:21 | Validation loss decreased (0.403750 --> 0.395804) in epoch (13). Saving model ...
2026-07-10 08:36:22 | TestSub: S5 | Epoch 14/100 Finsh | Now_lr 0.0005/0.0005 | Train Loss 0.3534 | Valid Loss 0.3843 | Train Acc 84.4595 | Valid Acc 82.4219
2026-07-10 08:36:22 | Validation loss decreased (0.395804 --> 0.384263) in epoch (14). Saving model ...
2026-07-10 08:36:23 | TestSub: S5 | Epoch 15/100 Finsh | Now_lr 0.0005/0.0005 | Train Loss 0.3415 | Valid Loss 0.3746 | Train Acc 85.4730 | Valid Acc 82.4219
2026-07-10 08:36:23 | Validation loss decreased (0.384263 --> 0.374611) in epoch (15). Saving model ...
2026-07-10 08:36:24 | TestSub: S5 | Epoch 16/100 Finsh | Now_lr 0.0005/0.0005 | Train Loss 0.3333 | Valid Loss 0.3692 | Train Acc 85.6841 | Valid Acc 83.2031
2026-07-10 08:36:24 | Validation loss decreased (0.374611 --> 0.369208) in epoch (16). Saving model ...
2026-07-10 08:36:25 | TestSub: S5 | Epoch 17/100 Finsh | Now_lr 0.0005/0.0005 | Train Loss 0.3155 | Valid Loss 0.3539 | Train Acc 87.2466 | Valid Acc 83.9844
2026-07-10 08:36:25 | Validation loss decreased (0.369208 --> 0.353880) in epoch (17). Saving model ...
2026-07-10 08:36:25 | TestSub: S5 | Epoch 18/100 Finsh | Now_lr 0.0005/0.0005 | Train Loss 0.3108 | Valid Loss 0.3608 | Train Acc 87.3733 | Valid Acc 83.5938
2026-07-10 08:36:26 | TestSub: S5 | Epoch 19/100 Finsh | Now_lr 0.0005/0.0005 | Train Loss 0.3015 | Valid Loss 0.3394 | Train Acc 87.9223 | Valid Acc 85.1562
2026-07-10 08:36:26 | Validation loss decreased (0.353880 --> 0.339387) in epoch (19). Saving model ...
2026-07-10 08:36:27 | TestSub: S5 | Epoch 20/100 Finsh | Now_lr 0.0005/0.0005 | Train Loss 0.3001 | Valid Loss 0.3499 | Train Acc 87.1622 | Valid Acc 84.3750
2026-07-10 08:36:27 | TestSub: S5 | Epoch 21/100 Finsh | Now_lr 0.0005/0.0005 | Train Loss 0.2937 | Valid Loss 0.3458 | Train Acc 87.1199 | Valid Acc 84.3750
2026-07-10 08:36:28 | TestSub: S5 | Epoch 22/100 Finsh | Now_lr 0.0005/0.0005 | Train Loss 0.2963 | Valid Loss 0.3447 | Train Acc 87.2466 | Valid Acc 84.7656
2026-07-10 08:36:29 | TestSub: S5 | Epoch 23/100 Finsh | Now_lr 0.0005/0.0005 | Train Loss 0.2692 | Valid Loss 0.3371 | Train Acc 89.4003 | Valid Acc 83.9844
2026-07-10 08:36:29 | Validation loss decreased (0.339387 --> 0.337096) in epoch (23). Saving model ...
2026-07-10 08:36:29 | TestSub: S5 | Epoch 24/100 Finsh | Now_lr 0.0005/0.0005 | Train Loss 0.2627 | Valid Loss 0.3278 | Train Acc 89.1047 | Valid Acc 85.1562
2026-07-10 08:36:29 | Validation loss decreased (0.337096 --> 0.327825) in epoch (24). Saving model ...
2026-07-10 08:36:30 | TestSub: S5 | Epoch 25/100 Finsh | Now_lr 0.0005/0.0005 | Train Loss 0.2502 | Valid Loss 0.3201 | Train Acc 90.4139 | Valid Acc 85.5469
2026-07-10 08:36:30 | Validation loss decreased (0.327825 --> 0.320077) in epoch (25). Saving model ...
2026-07-10 08:36:31 | TestSub: S5 | Epoch 26/100 Finsh | Now_lr 0.0005/0.0005 | Train Loss 0.2530 | Valid Loss 0.3056 | Train Acc 89.5693 | Valid Acc 87.5000
2026-07-10 08:36:31 | Validation loss decreased (0.320077 --> 0.305595) in epoch (26). Saving model ...
2026-07-10 08:36:32 | TestSub: S5 | Epoch 27/100 Finsh | Now_lr 0.0005/0.0005 | Train Loss 0.2361 | Valid Loss 0.3403 | Train Acc 90.8784 | Valid Acc 83.2031
2026-07-10 08:36:32 | TestSub: S5 | Epoch 28/100 Finsh | Now_lr 0.0005/0.0005 | Train Loss 0.2401 | Valid Loss 0.3222 | Train Acc 91.3429 | Valid Acc 84.7656
2026-07-10 08:36:33 | TestSub: S5 | Epoch 29/100 Finsh | Now_lr 0.0005/0.0005 | Train Loss 0.2503 | Valid Loss 0.2858 | Train Acc 90.2027 | Valid Acc 88.6719
2026-07-10 08:36:33 | Validation loss decreased (0.305595 --> 0.285850) in epoch (29). Saving model ...
2026-07-10 08:36:34 | TestSub: S5 | Epoch 30/100 Finsh | Now_lr 0.0005/0.0005 | Train Loss 0.2369 | Valid Loss 0.2771 | Train Acc 89.9493 | Valid Acc 89.0625
2026-07-10 08:36:34 | Validation loss decreased (0.285850 --> 0.277083) in epoch (30). Saving model ...
2026-07-10 08:36:34 | TestSub: S5 | Epoch 31/100 Finsh | Now_lr 0.0005/0.0005 | Train Loss 0.2367 | Valid Loss 0.2839 | Train Acc 90.7939 | Valid Acc 87.8906
2026-07-10 08:36:35 | TestSub: S5 | Epoch 32/100 Finsh | Now_lr 0.0005/0.0005 | Train Loss 0.2134 | Valid Loss 0.2868 | Train Acc 92.0186 | Valid Acc 87.5000
2026-07-10 08:36:36 | TestSub: S5 | Epoch 33/100 Finsh | Now_lr 0.0005/0.0005 | Train Loss 0.2071 | Valid Loss 0.2812 | Train Acc 91.8919 | Valid Acc 88.2812
2026-07-10 08:36:36 | TestSub: S5 | Epoch 34/100 Finsh | Now_lr 0.0005/0.0005 | Train Loss 0.2144 | Valid Loss 0.2995 | Train Acc 91.5541 | Valid Acc 85.1562
2026-07-10 08:36:37 | TestSub: S5 | Epoch 35/100 Finsh | Now_lr 0.0005/0.0005 | Train Loss 0.2198 | Valid Loss 0.2921 | Train Acc 91.4274 | Valid Acc 86.3281
2026-07-10 08:36:38 | TestSub: S5 | Epoch 36/100 Finsh | Now_lr 0.0005/0.0005 | Train Loss 0.2140 | Valid Loss 0.2828 | Train Acc 91.5541 | Valid Acc 87.1094
2026-07-10 08:36:39 | TestSub: S5 | Epoch 37/100 Finsh | Now_lr 0.0005/0.0005 | Train Loss 0.1965 | Valid Loss 0.2623 | Train Acc 92.4831 | Valid Acc 87.5000
2026-07-10 08:36:39 | Validation loss decreased (0.277083 --> 0.262294) in epoch (37). Saving model ...
2026-07-10 08:36:39 | TestSub: S5 | Epoch 38/100 Finsh | Now_lr 0.0005/0.0005 | Train Loss 0.1953 | Valid Loss 0.2454 | Train Acc 92.3986 | Valid Acc 89.0625
2026-07-10 08:36:39 | Validation loss decreased (0.262294 --> 0.245443) in epoch (38). Saving model ...
2026-07-10 08:36:40 | TestSub: S5 | Epoch 39/100 Finsh | Now_lr 0.0005/0.0005 | Train Loss 0.1901 | Valid Loss 0.2569 | Train Acc 92.2720 | Valid Acc 87.8906
2026-07-10 08:36:41 | TestSub: S5 | Epoch 40/100 Finsh | Now_lr 0.0005/0.0005 | Train Loss 0.1834 | Valid Loss 0.2672 | Train Acc 92.5676 | Valid Acc 87.5000
2026-07-10 08:36:41 | TestSub: S5 | Epoch 41/100 Finsh | Now_lr 0.0005/0.0005 | Train Loss 0.2170 | Valid Loss 0.2282 | Train Acc 91.6385 | Valid Acc 90.2344
2026-07-10 08:36:41 | Validation loss decreased (0.245443 --> 0.228169) in epoch (41). Saving model ...
2026-07-10 08:36:42 | TestSub: S5 | Epoch 42/100 Finsh | Now_lr 0.0005/0.0005 | Train Loss 0.1894 | Valid Loss 0.2564 | Train Acc 92.8632 | Valid Acc 88.6719
2026-07-10 08:36:43 | TestSub: S5 | Epoch 43/100 Finsh | Now_lr 0.0005/0.0005 | Train Loss 0.1823 | Valid Loss 0.2597 | Train Acc 92.9476 | Valid Acc 88.6719
2026-07-10 08:36:44 | TestSub: S5 | Epoch 44/100 Finsh | Now_lr 0.0005/0.0005 | Train Loss 0.1816 | Valid Loss 0.2580 | Train Acc 92.6943 | Valid Acc 88.2812
2026-07-10 08:36:44 | TestSub: S5 | Epoch 45/100 Finsh | Now_lr 0.0005/0.0005 | Train Loss 0.1801 | Valid Loss 0.2813 | Train Acc 92.5253 | Valid Acc 89.0625
2026-07-10 08:36:45 | TestSub: S5 | Epoch 46/100 Finsh | Now_lr 0.0005/0.0005 | Train Loss 0.1834 | Valid Loss 0.2760 | Train Acc 92.8632 | Valid Acc 86.7188
2026-07-10 08:36:46 | TestSub: S5 | Epoch 47/100 Finsh | Now_lr 0.0005/0.0005 | Train Loss 0.1795 | Valid Loss 0.2331 | Train Acc 93.0321 | Valid Acc 89.8438
2026-07-10 08:36:46 | TestSub: S5 | Epoch 48/100 Finsh | Now_lr 0.0005/0.0005 | Train Loss 0.1723 | Valid Loss 0.2637 | Train Acc 93.2855 | Valid Acc 88.6719
2026-07-10 08:36:47 | TestSub: S5 | Epoch 49/100 Finsh | Now_lr 0.0005/0.0005 | Train Loss 0.1776 | Valid Loss 0.2589 | Train Acc 93.1588 | Valid Acc 88.6719
2026-07-10 08:36:48 | TestSub: S5 | Epoch 50/100 Finsh | Now_lr 0.0005/0.0005 | Train Loss 0.1848 | Valid Loss 0.2616 | Train Acc 92.4831 | Valid Acc 87.5000
2026-07-10 08:36:48 | TestSub: S5 | Epoch 51/100 Finsh | Now_lr 0.0005/0.0005 | Train Loss 0.1805 | Valid Loss 0.2276 | Train Acc 93.4966 | Valid Acc 90.6250
2026-07-10 08:36:48 | Validation loss decreased (0.228169 --> 0.227558) in epoch (51). Saving model ...
2026-07-10 08:36:49 | TestSub: S5 | Epoch 52/100 Finsh | Now_lr 0.0005/0.0005 | Train Loss 0.1700 | Valid Loss 0.2601 | Train Acc 93.2432 | Valid Acc 87.8906
2026-07-10 08:36:50 | TestSub: S5 | Epoch 53/100 Finsh | Now_lr 0.0005/0.0005 | Train Loss 0.1665 | Valid Loss 0.2189 | Train Acc 93.5811 | Valid Acc 91.4062
2026-07-10 08:36:50 | Validation loss decreased (0.227558 --> 0.218913) in epoch (53). Saving model ...
2026-07-10 08:36:50 | TestSub: S5 | Epoch 54/100 Finsh | Now_lr 0.0005/0.0005 | Train Loss 0.1547 | Valid Loss 0.2457 | Train Acc 94.2990 | Valid Acc 90.2344
2026-07-10 08:36:51 | TestSub: S5 | Epoch 55/100 Finsh | Now_lr 0.0005/0.0005 | Train Loss 0.1667 | Valid Loss 0.2223 | Train Acc 93.4544 | Valid Acc 91.7969
2026-07-10 08:36:52 | TestSub: S5 | Epoch 56/100 Finsh | Now_lr 0.0005/0.0005 | Train Loss 0.1608 | Valid Loss 0.2203 | Train Acc 93.4544 | Valid Acc 90.6250
2026-07-10 08:36:52 | TestSub: S5 | Epoch 57/100 Finsh | Now_lr 0.0005/0.0005 | Train Loss 0.1536 | Valid Loss 0.2307 | Train Acc 94.2145 | Valid Acc 91.0156
2026-07-10 08:36:53 | TestSub: S5 | Epoch 58/100 Finsh | Now_lr 0.0005/0.0005 | Train Loss 0.1573 | Valid Loss 0.2110 | Train Acc 94.2990 | Valid Acc 91.0156
2026-07-10 08:36:53 | Validation loss decreased (0.218913 --> 0.211002) in epoch (58). Saving model ...
2026-07-10 08:36:54 | TestSub: S5 | Epoch 59/100 Finsh | Now_lr 0.0005/0.0005 | Train Loss 0.1454 | Valid Loss 0.2552 | Train Acc 94.8057 | Valid Acc 86.7188
2026-07-10 08:36:54 | TestSub: S5 | Epoch 60/100 Finsh | Now_lr 0.0005/0.0005 | Train Loss 0.1498 | Valid Loss 0.2162 | Train Acc 94.0034 | Valid Acc 90.2344
2026-07-10 08:36:55 | TestSub: S5 | Epoch 61/100 Finsh | Now_lr 0.0005/0.0005 | Train Loss 0.1652 | Valid Loss 0.2484 | Train Acc 93.4966 | Valid Acc 89.8438
2026-07-10 08:36:56 | TestSub: S5 | Epoch 62/100 Finsh | Now_lr 0.0005/0.0005 | Train Loss 0.1382 | Valid Loss 0.1884 | Train Acc 94.8902 | Valid Acc 92.5781
2026-07-10 08:36:56 | Validation loss decreased (0.211002 --> 0.188387) in epoch (62). Saving model ...
2026-07-10 08:36:57 | TestSub: S5 | Epoch 63/100 Finsh | Now_lr 0.0005/0.0005 | Train Loss 0.1393 | Valid Loss 0.2239 | Train Acc 95.0591 | Valid Acc 90.6250
2026-07-10 08:36:57 | TestSub: S5 | Epoch 64/100 Finsh | Now_lr 0.0005/0.0005 | Train Loss 0.1282 | Valid Loss 0.2001 | Train Acc 95.4814 | Valid Acc 92.5781
2026-07-10 08:36:58 | TestSub: S5 | Epoch 65/100 Finsh | Now_lr 0.0005/0.0005 | Train Loss 0.1464 | Valid Loss 0.2481 | Train Acc 94.2145 | Valid Acc 88.2812
2026-07-10 08:36:59 | TestSub: S5 | Epoch 66/100 Finsh | Now_lr 0.0005/0.0005 | Train Loss 0.1600 | Valid Loss 0.2793 | Train Acc 93.6233 | Valid Acc 86.3281
2026-07-10 08:36:59 | TestSub: S5 | Epoch 67/100 Finsh | Now_lr 0.0005/0.0005 | Train Loss 0.1348 | Valid Loss 0.2438 | Train Acc 95.3125 | Valid Acc 87.8906
2026-07-10 08:37:00 | TestSub: S5 | Epoch 68/100 Finsh | Now_lr 0.0005/0.0005 | Train Loss 0.1405 | Valid Loss 0.2045 | Train Acc 94.5524 | Valid Acc 89.4531
2026-07-10 08:37:01 | TestSub: S5 | Epoch 69/100 Finsh | Now_lr 0.0005/0.0005 | Train Loss 0.1386 | Valid Loss 0.2203 | Train Acc 94.5101 | Valid Acc 90.2344
2026-07-10 08:37:01 | TestSub: S5 | Epoch 70/100 Finsh | Now_lr 0.0005/0.0005 | Train Loss 0.1337 | Valid Loss 0.1871 | Train Acc 94.7213 | Valid Acc 91.0156
2026-07-10 08:37:01 | Validation loss decreased (0.188387 --> 0.187108) in epoch (70). Saving model ...
2026-07-10 08:37:02 | TestSub: S5 | Epoch 71/100 Finsh | Now_lr 0.0005/0.0005 | Train Loss 0.1449 | Valid Loss 0.2047 | Train Acc 94.6791 | Valid Acc 90.2344
2026-07-10 08:37:03 | TestSub: S5 | Epoch 72/100 Finsh | Now_lr 0.0005/0.0005 | Train Loss 0.1281 | Valid Loss 0.2418 | Train Acc 95.4392 | Valid Acc 87.5000
2026-07-10 08:37:04 | TestSub: S5 | Epoch 73/100 Finsh | Now_lr 0.0005/0.0005 | Train Loss 0.1380 | Valid Loss 0.1915 | Train Acc 94.8057 | Valid Acc 92.9688
2026-07-10 08:37:04 | TestSub: S5 | Epoch 74/100 Finsh | Now_lr 0.0005/0.0005 | Train Loss 0.1288 | Valid Loss 0.2133 | Train Acc 95.1436 | Valid Acc 91.4062
2026-07-10 08:37:05 | TestSub: S5 | Epoch 75/100 Finsh | Now_lr 0.0005/0.0005 | Train Loss 0.1401 | Valid Loss 0.2309 | Train Acc 94.7635 | Valid Acc 89.8438
2026-07-10 08:37:06 | TestSub: S5 | Epoch 76/100 Finsh | Now_lr 0.0005/0.0005 | Train Loss 0.1319 | Valid Loss 0.2174 | Train Acc 95.2703 | Valid Acc 87.8906
2026-07-10 08:37:06 | TestSub: S5 | Epoch 77/100 Finsh | Now_lr 0.0005/0.0005 | Train Loss 0.1288 | Valid Loss 0.2197 | Train Acc 95.3125 | Valid Acc 90.2344
2026-07-10 08:37:07 | TestSub: S5 | Epoch 78/100 Finsh | Now_lr 0.0005/0.0005 | Train Loss 0.1346 | Valid Loss 0.2160 | Train Acc 94.6791 | Valid Acc 90.2344
2026-07-10 08:37:08 | TestSub: S5 | Epoch 79/100 Finsh | Now_lr 0.0005/0.0005 | Train Loss 0.1354 | Valid Loss 0.2398 | Train Acc 94.5946 | Valid Acc 89.8438
2026-07-10 08:37:08 | TestSub: S5 | Epoch 80/100 Finsh | Now_lr 0.0005/0.0005 | Train Loss 0.1327 | Valid Loss 0.2921 | Train Acc 95.2280 | Valid Acc 85.9375
2026-07-10 08:37:09 | TestSub: S5 | Epoch 81/100 Finsh | Now_lr 0.0005/0.0005 | Train Loss 0.1217 | Valid Loss 0.1848 | Train Acc 95.6926 | Valid Acc 90.6250
2026-07-10 08:37:09 | Validation loss decreased (0.187108 --> 0.184765) in epoch (81). Saving model ...
2026-07-10 08:37:10 | TestSub: S5 | Epoch 82/100 Finsh | Now_lr 0.0005/0.0005 | Train Loss 0.1236 | Valid Loss 0.1687 | Train Acc 95.3125 | Valid Acc 93.7500
2026-07-10 08:37:10 | Validation loss decreased (0.184765 --> 0.168671) in epoch (82). Saving model ...
2026-07-10 08:37:11 | TestSub: S5 | Epoch 83/100 Finsh | Now_lr 0.0005/0.0005 | Train Loss 0.1162 | Valid Loss 0.1926 | Train Acc 95.9037 | Valid Acc 91.0156
2026-07-10 08:37:11 | TestSub: S5 | Epoch 84/100 Finsh | Now_lr 0.0005/0.0005 | Train Loss 0.1287 | Valid Loss 0.1930 | Train Acc 95.1014 | Valid Acc 91.7969
2026-07-10 08:37:12 | TestSub: S5 | Epoch 85/100 Finsh | Now_lr 0.0005/0.0005 | Train Loss 0.1173 | Valid Loss 0.2137 | Train Acc 95.9037 | Valid Acc 90.6250
2026-07-10 08:37:13 | TestSub: S5 | Epoch 86/100 Finsh | Now_lr 0.0005/0.0005 | Train Loss 0.1226 | Valid Loss 0.2012 | Train Acc 95.3547 | Valid Acc 91.0156
2026-07-10 08:37:13 | TestSub: S5 | Epoch 87/100 Finsh | Now_lr 0.0005/0.0005 | Train Loss 0.1219 | Valid Loss 0.2248 | Train Acc 94.9747 | Valid Acc 89.8438
2026-07-10 08:37:14 | TestSub: S5 | Epoch 88/100 Finsh | Now_lr 0.0005/0.0005 | Train Loss 0.1234 | Valid Loss 0.2251 | Train Acc 95.6081 | Valid Acc 90.2344
2026-07-10 08:37:15 | TestSub: S5 | Epoch 89/100 Finsh | Now_lr 0.0005/0.0005 | Train Loss 0.1241 | Valid Loss 0.2431 | Train Acc 95.1858 | Valid Acc 90.2344
2026-07-10 08:37:15 | TestSub: S5 | Epoch 90/100 Finsh | Now_lr 0.0005/0.0005 | Train Loss 0.1279 | Valid Loss 0.1934 | Train Acc 95.0169 | Valid Acc 91.4062
2026-07-10 08:37:16 | TestSub: S5 | Epoch 91/100 Finsh | Now_lr 0.0005/0.0005 | Train Loss 0.1288 | Valid Loss 0.2512 | Train Acc 94.6368 | Valid Acc 88.2812
2026-07-10 08:37:17 | TestSub: S5 | Epoch 92/100 Finsh | Now_lr 0.0005/0.0005 | Train Loss 0.1330 | Valid Loss 0.2093 | Train Acc 94.8902 | Valid Acc 91.4062
2026-07-10 08:37:17 | TestSub: S5 | Epoch 93/100 Finsh | Now_lr 0.0005/0.0005 | Train Loss 0.1259 | Valid Loss 0.2165 | Train Acc 95.1436 | Valid Acc 88.2812
2026-07-10 08:37:18 | TestSub: S5 | Epoch 94/100 Finsh | Now_lr 0.0005/0.0005 | Train Loss 0.1118 | Valid Loss 0.1872 | Train Acc 95.8193 | Valid Acc 91.7969
2026-07-10 08:37:19 | TestSub: S5 | Epoch 95/100 Finsh | Now_lr 0.0005/0.0005 | Train Loss 0.1197 | Valid Loss 0.2151 | Train Acc 95.7348 | Valid Acc 89.8438
2026-07-10 08:37:19 | TestSub: S5 | Epoch 96/100 Finsh | Now_lr 0.0005/0.0005 | Train Loss 0.1262 | Valid Loss 0.1834 | Train Acc 95.1436 | Valid Acc 89.8438
2026-07-10 08:37:20 | TestSub: S5 | Epoch 97/100 Finsh | Now_lr 0.0005/0.0005 | Train Loss 0.1139 | Valid Loss 0.2055 | Train Acc 95.6503 | Valid Acc 89.4531
2026-07-10 08:37:21 | TestSub: S5 | Epoch 98/100 Finsh | Now_lr 0.0005/0.0005 | Train Loss 0.1091 | Valid Loss 0.2201 | Train Acc 95.9037 | Valid Acc 91.0156
2026-07-10 08:37:21 | TestSub: S5 | Epoch 99/100 Finsh | Now_lr 0.0005/0.0005 | Train Loss 0.1071 | Valid Loss 0.2108 | Train Acc 96.3260 | Valid Acc 89.4531
2026-07-10 08:37:22 | TestSub: S5 | Epoch 100/100 Finsh | Now_lr 0.0005/0.0005 | Train Loss 0.1238 | Valid Loss 0.1889 | Train Acc 95.2703 | Valid Acc 92.1875
2026-07-10 08:37:22 | --------------------------------------------------
2026-07-10 08:37:22 | Test_Subject :S5 | Best epoch:82 | Test Loss:0.3142 | Savemodel Acc 86.8056
2026-07-10 08:37:22 | --------------------------------------------------
2026-07-10 08:37:22 | Best epoch: 82 | Test acc: 86.8056
