2026-07-10 06:11:18 | Logging started: ./writer/Subject_dependent_AAD/KUL/10.0s/result//Train10.0s_sub6.log
2026-07-10 06:11:24 | Sub_id: 6
2026-07-10 06:11:27 | TestSub: S6 | Epoch  1/100 Finsh | Now_lr 0.0005/0.0005 | Train Loss 0.6959 | Valid Loss 0.7124 | Train Acc 61.1607 | Valid Acc 40.6250
2026-07-10 06:11:27 | Validation loss decreased (inf --> 0.712438) in epoch (1). Saving model ...
2026-07-10 06:11:28 | TestSub: S6 | Epoch  2/100 Finsh | Now_lr 0.0005/0.0005 | Train Loss 0.5629 | Valid Loss 0.7025 | Train Acc 72.5446 | Valid Acc 40.6250
2026-07-10 06:11:28 | Validation loss decreased (0.712438 --> 0.702517) in epoch (2). Saving model ...
2026-07-10 06:11:29 | TestSub: S6 | Epoch  3/100 Finsh | Now_lr 0.0005/0.0005 | Train Loss 0.5015 | Valid Loss 0.7438 | Train Acc 79.4643 | Valid Acc 40.6250
2026-07-10 06:11:30 | TestSub: S6 | Epoch  4/100 Finsh | Now_lr 0.0005/0.0005 | Train Loss 0.4046 | Valid Loss 0.7009 | Train Acc 84.3750 | Valid Acc 43.7500
2026-07-10 06:11:30 | Validation loss decreased (0.702517 --> 0.700861) in epoch (4). Saving model ...
2026-07-10 06:11:31 | TestSub: S6 | Epoch  5/100 Finsh | Now_lr 0.0005/0.0005 | Train Loss 0.3362 | Valid Loss 0.7492 | Train Acc 88.6161 | Valid Acc 40.6250
2026-07-10 06:11:32 | TestSub: S6 | Epoch  6/100 Finsh | Now_lr 0.0005/0.0005 | Train Loss 0.2653 | Valid Loss 0.6673 | Train Acc 92.6339 | Valid Acc 56.2500
2026-07-10 06:11:32 | Validation loss decreased (0.700861 --> 0.667286) in epoch (6). Saving model ...
2026-07-10 06:11:33 | TestSub: S6 | Epoch  7/100 Finsh | Now_lr 0.0005/0.0005 | Train Loss 0.2222 | Valid Loss 0.4943 | Train Acc 94.1964 | Valid Acc 68.7500
2026-07-10 06:11:33 | Validation loss decreased (0.667286 --> 0.494346) in epoch (7). Saving model ...
2026-07-10 06:11:34 | TestSub: S6 | Epoch  8/100 Finsh | Now_lr 0.0005/0.0005 | Train Loss 0.1960 | Valid Loss 0.3318 | Train Acc 94.4196 | Valid Acc 90.6250
2026-07-10 06:11:34 | Validation loss decreased (0.494346 --> 0.331767) in epoch (8). Saving model ...
2026-07-10 06:11:35 | TestSub: S6 | Epoch  9/100 Finsh | Now_lr 0.0005/0.0005 | Train Loss 0.1555 | Valid Loss 0.2272 | Train Acc 96.2054 | Valid Acc 96.8750
2026-07-10 06:11:35 | Validation loss decreased (0.331767 --> 0.227194) in epoch (9). Saving model ...
2026-07-10 06:11:36 | TestSub: S6 | Epoch 10/100 Finsh | Now_lr 0.0005/0.0005 | Train Loss 0.1471 | Valid Loss 0.2337 | Train Acc 95.5357 | Valid Acc 93.7500
2026-07-10 06:11:36 | TestSub: S6 | Epoch 11/100 Finsh | Now_lr 0.0005/0.0005 | Train Loss 0.1184 | Valid Loss 0.2032 | Train Acc 96.6518 | Valid Acc 96.8750
2026-07-10 06:11:36 | Validation loss decreased (0.227194 --> 0.203188) in epoch (11). Saving model ...
2026-07-10 06:11:37 | TestSub: S6 | Epoch 12/100 Finsh | Now_lr 0.0005/0.0005 | Train Loss 0.1140 | Valid Loss 0.1886 | Train Acc 97.0982 | Valid Acc 96.8750
2026-07-10 06:11:37 | Validation loss decreased (0.203188 --> 0.188579) in epoch (12). Saving model ...
2026-07-10 06:11:38 | TestSub: S6 | Epoch 13/100 Finsh | Now_lr 0.0005/0.0005 | Train Loss 0.1202 | Valid Loss 0.1877 | Train Acc 96.4286 | Valid Acc 96.8750
2026-07-10 06:11:38 | Validation loss decreased (0.188579 --> 0.187749) in epoch (13). Saving model ...
2026-07-10 06:11:39 | TestSub: S6 | Epoch 14/100 Finsh | Now_lr 0.0005/0.0005 | Train Loss 0.0811 | Valid Loss 0.1579 | Train Acc 98.6607 | Valid Acc 96.8750
2026-07-10 06:11:39 | Validation loss decreased (0.187749 --> 0.157924) in epoch (14). Saving model ...
2026-07-10 06:11:40 | TestSub: S6 | Epoch 15/100 Finsh | Now_lr 0.0005/0.0005 | Train Loss 0.0902 | Valid Loss 0.1707 | Train Acc 98.4375 | Valid Acc 96.8750
2026-07-10 06:11:41 | TestSub: S6 | Epoch 16/100 Finsh | Now_lr 0.0005/0.0005 | Train Loss 0.0762 | Valid Loss 0.1503 | Train Acc 99.1071 | Valid Acc 96.8750
2026-07-10 06:11:41 | Validation loss decreased (0.157924 --> 0.150303) in epoch (16). Saving model ...
2026-07-10 06:11:42 | TestSub: S6 | Epoch 17/100 Finsh | Now_lr 0.0005/0.0005 | Train Loss 0.0718 | Valid Loss 0.1234 | Train Acc 98.8839 | Valid Acc 96.8750
2026-07-10 06:11:42 | Validation loss decreased (0.150303 --> 0.123450) in epoch (17). Saving model ...
2026-07-10 06:11:43 | TestSub: S6 | Epoch 18/100 Finsh | Now_lr 0.0005/0.0005 | Train Loss 0.0606 | Valid Loss 0.1455 | Train Acc 99.3304 | Valid Acc 96.8750
2026-07-10 06:11:45 | TestSub: S6 | Epoch 19/100 Finsh | Now_lr 0.0005/0.0005 | Train Loss 0.0668 | Valid Loss 0.1101 | Train Acc 97.9911 | Valid Acc 96.8750
2026-07-10 06:11:45 | Validation loss decreased (0.123450 --> 0.110138) in epoch (19). Saving model ...
2026-07-10 06:11:46 | TestSub: S6 | Epoch 20/100 Finsh | Now_lr 0.0005/0.0005 | Train Loss 0.0707 | Valid Loss 0.1085 | Train Acc 97.3214 | Valid Acc 96.8750
2026-07-10 06:11:46 | Validation loss decreased (0.110138 --> 0.108547) in epoch (20). Saving model ...
2026-07-10 06:11:46 | TestSub: S6 | Epoch 21/100 Finsh | Now_lr 0.0005/0.0005 | Train Loss 0.0913 | Valid Loss 0.2649 | Train Acc 97.0982 | Valid Acc 84.3750
2026-07-10 06:11:47 | TestSub: S6 | Epoch 22/100 Finsh | Now_lr 0.0005/0.0005 | Train Loss 0.0808 | Valid Loss 0.1051 | Train Acc 97.5446 | Valid Acc 96.8750
2026-07-10 06:11:47 | Validation loss decreased (0.108547 --> 0.105064) in epoch (22). Saving model ...
2026-07-10 06:11:48 | TestSub: S6 | Epoch 23/100 Finsh | Now_lr 0.0005/0.0005 | Train Loss 0.0537 | Valid Loss 0.1734 | Train Acc 99.1071 | Valid Acc 93.7500
2026-07-10 06:11:49 | TestSub: S6 | Epoch 24/100 Finsh | Now_lr 0.0005/0.0005 | Train Loss 0.0460 | Valid Loss 0.1193 | Train Acc 99.1071 | Valid Acc 96.8750
2026-07-10 06:11:50 | TestSub: S6 | Epoch 25/100 Finsh | Now_lr 0.0005/0.0005 | Train Loss 0.0723 | Valid Loss 0.1499 | Train Acc 97.9911 | Valid Acc 93.7500
2026-07-10 06:11:51 | TestSub: S6 | Epoch 26/100 Finsh | Now_lr 0.0005/0.0005 | Train Loss 0.0484 | Valid Loss 0.0909 | Train Acc 99.1071 | Valid Acc 96.8750
2026-07-10 06:11:51 | Validation loss decreased (0.105064 --> 0.090910) in epoch (26). Saving model ...
2026-07-10 06:11:52 | TestSub: S6 | Epoch 27/100 Finsh | Now_lr 0.0005/0.0005 | Train Loss 0.0442 | Valid Loss 0.1087 | Train Acc 99.3304 | Valid Acc 93.7500
2026-07-10 06:11:53 | TestSub: S6 | Epoch 28/100 Finsh | Now_lr 0.0005/0.0005 | Train Loss 0.0500 | Valid Loss 0.0860 | Train Acc 98.6607 | Valid Acc 96.8750
2026-07-10 06:11:53 | Validation loss decreased (0.090910 --> 0.086049) in epoch (28). Saving model ...
2026-07-10 06:11:54 | TestSub: S6 | Epoch 29/100 Finsh | Now_lr 0.0005/0.0005 | Train Loss 0.0465 | Valid Loss 0.1221 | Train Acc 99.3304 | Valid Acc 96.8750
2026-07-10 06:11:55 | TestSub: S6 | Epoch 30/100 Finsh | Now_lr 0.0005/0.0005 | Train Loss 0.0439 | Valid Loss 0.1103 | Train Acc 99.5536 | Valid Acc 96.8750
2026-07-10 06:11:55 | TestSub: S6 | Epoch 31/100 Finsh | Now_lr 0.0005/0.0005 | Train Loss 0.0386 | Valid Loss 0.1126 | Train Acc 99.3304 | Valid Acc 93.7500
2026-07-10 06:11:56 | TestSub: S6 | Epoch 32/100 Finsh | Now_lr 0.0005/0.0005 | Train Loss 0.0334 | Valid Loss 0.1079 | Train Acc 99.7768 | Valid Acc 93.7500
2026-07-10 06:11:57 | TestSub: S6 | Epoch 33/100 Finsh | Now_lr 0.0005/0.0005 | Train Loss 0.0250 | Valid Loss 0.1130 | Train Acc 100.0000 | Valid Acc 93.7500
2026-07-10 06:11:58 | TestSub: S6 | Epoch 34/100 Finsh | Now_lr 0.0005/0.0005 | Train Loss 0.0362 | Valid Loss 0.1026 | Train Acc 99.3304 | Valid Acc 93.7500
2026-07-10 06:11:59 | TestSub: S6 | Epoch 35/100 Finsh | Now_lr 0.0005/0.0005 | Train Loss 0.0490 | Valid Loss 0.1164 | Train Acc 98.4375 | Valid Acc 96.8750
2026-07-10 06:12:00 | TestSub: S6 | Epoch 36/100 Finsh | Now_lr 0.0005/0.0005 | Train Loss 0.0373 | Valid Loss 0.1097 | Train Acc 99.3304 | Valid Acc 93.7500
2026-07-10 06:12:01 | TestSub: S6 | Epoch 37/100 Finsh | Now_lr 0.0005/0.0005 | Train Loss 0.0318 | Valid Loss 0.1021 | Train Acc 99.5536 | Valid Acc 93.7500
2026-07-10 06:12:02 | TestSub: S6 | Epoch 38/100 Finsh | Now_lr 0.0005/0.0005 | Train Loss 0.0439 | Valid Loss 0.1137 | Train Acc 98.6607 | Valid Acc 93.7500
2026-07-10 06:12:03 | TestSub: S6 | Epoch 39/100 Finsh | Now_lr 0.0005/0.0005 | Train Loss 0.0286 | Valid Loss 0.0998 | Train Acc 99.7768 | Valid Acc 93.7500
2026-07-10 06:12:03 | TestSub: S6 | Epoch 40/100 Finsh | Now_lr 0.0005/0.0005 | Train Loss 0.0314 | Valid Loss 0.1071 | Train Acc 99.5536 | Valid Acc 93.7500
2026-07-10 06:12:04 | TestSub: S6 | Epoch 41/100 Finsh | Now_lr 0.0005/0.0005 | Train Loss 0.0315 | Valid Loss 0.0822 | Train Acc 99.5536 | Valid Acc 96.8750
2026-07-10 06:12:04 | Validation loss decreased (0.086049 --> 0.082222) in epoch (41). Saving model ...
2026-07-10 06:12:05 | TestSub: S6 | Epoch 42/100 Finsh | Now_lr 0.0005/0.0005 | Train Loss 0.0189 | Valid Loss 0.1015 | Train Acc 100.0000 | Valid Acc 93.7500
2026-07-10 06:12:06 | TestSub: S6 | Epoch 43/100 Finsh | Now_lr 0.0005/0.0005 | Train Loss 0.0177 | Valid Loss 0.0881 | Train Acc 100.0000 | Valid Acc 93.7500
2026-07-10 06:12:07 | TestSub: S6 | Epoch 44/100 Finsh | Now_lr 0.0005/0.0005 | Train Loss 0.0215 | Valid Loss 0.1144 | Train Acc 100.0000 | Valid Acc 93.7500
2026-07-10 06:12:08 | TestSub: S6 | Epoch 45/100 Finsh | Now_lr 0.0005/0.0005 | Train Loss 0.0183 | Valid Loss 0.0918 | Train Acc 100.0000 | Valid Acc 93.7500
2026-07-10 06:12:09 | TestSub: S6 | Epoch 46/100 Finsh | Now_lr 0.0005/0.0005 | Train Loss 0.0276 | Valid Loss 0.1086 | Train Acc 99.3304 | Valid Acc 93.7500
2026-07-10 06:12:10 | TestSub: S6 | Epoch 47/100 Finsh | Now_lr 0.0005/0.0005 | Train Loss 0.0260 | Valid Loss 0.1020 | Train Acc 99.7768 | Valid Acc 93.7500
2026-07-10 06:12:11 | TestSub: S6 | Epoch 48/100 Finsh | Now_lr 0.0005/0.0005 | Train Loss 0.0227 | Valid Loss 0.0946 | Train Acc 99.5536 | Valid Acc 93.7500
2026-07-10 06:12:12 | TestSub: S6 | Epoch 49/100 Finsh | Now_lr 0.0005/0.0005 | Train Loss 0.0279 | Valid Loss 0.0648 | Train Acc 99.7768 | Valid Acc 100.0000
2026-07-10 06:12:12 | Validation loss decreased (0.082222 --> 0.064806) in epoch (49). Saving model ...
2026-07-10 06:12:13 | TestSub: S6 | Epoch 50/100 Finsh | Now_lr 0.0005/0.0005 | Train Loss 0.0300 | Valid Loss 0.1051 | Train Acc 99.1071 | Valid Acc 93.7500
2026-07-10 06:12:13 | TestSub: S6 | Epoch 51/100 Finsh | Now_lr 0.0005/0.0005 | Train Loss 0.0220 | Valid Loss 0.0905 | Train Acc 100.0000 | Valid Acc 93.7500
2026-07-10 06:12:15 | TestSub: S6 | Epoch 52/100 Finsh | Now_lr 0.0005/0.0005 | Train Loss 0.0163 | Valid Loss 0.1062 | Train Acc 100.0000 | Valid Acc 93.7500
2026-07-10 06:12:16 | TestSub: S6 | Epoch 53/100 Finsh | Now_lr 0.0005/0.0005 | Train Loss 0.0255 | Valid Loss 0.1128 | Train Acc 99.5536 | Valid Acc 93.7500
2026-07-10 06:12:17 | TestSub: S6 | Epoch 54/100 Finsh | Now_lr 0.0005/0.0005 | Train Loss 0.0198 | Valid Loss 0.0875 | Train Acc 100.0000 | Valid Acc 93.7500
2026-07-10 06:12:18 | TestSub: S6 | Epoch 55/100 Finsh | Now_lr 0.0005/0.0005 | Train Loss 0.0153 | Valid Loss 0.1036 | Train Acc 100.0000 | Valid Acc 93.7500
2026-07-10 06:12:19 | TestSub: S6 | Epoch 56/100 Finsh | Now_lr 0.0005/0.0005 | Train Loss 0.0312 | Valid Loss 0.0796 | Train Acc 99.1071 | Valid Acc 96.8750
2026-07-10 06:12:20 | TestSub: S6 | Epoch 57/100 Finsh | Now_lr 0.0005/0.0005 | Train Loss 0.0177 | Valid Loss 0.0836 | Train Acc 99.5536 | Valid Acc 96.8750
2026-07-10 06:12:21 | TestSub: S6 | Epoch 58/100 Finsh | Now_lr 0.0005/0.0005 | Train Loss 0.0099 | Valid Loss 0.0785 | Train Acc 100.0000 | Valid Acc 96.8750
2026-07-10 06:12:21 | TestSub: S6 | Epoch 59/100 Finsh | Now_lr 0.0005/0.0005 | Train Loss 0.0140 | Valid Loss 0.0756 | Train Acc 100.0000 | Valid Acc 96.8750
2026-07-10 06:12:22 | TestSub: S6 | Epoch 60/100 Finsh | Now_lr 0.0005/0.0005 | Train Loss 0.0135 | Valid Loss 0.0950 | Train Acc 100.0000 | Valid Acc 93.7500
2026-07-10 06:12:23 | TestSub: S6 | Epoch 61/100 Finsh | Now_lr 0.0005/0.0005 | Train Loss 0.0098 | Valid Loss 0.0835 | Train Acc 100.0000 | Valid Acc 93.7500
2026-07-10 06:12:24 | TestSub: S6 | Epoch 62/100 Finsh | Now_lr 0.0005/0.0005 | Train Loss 0.0139 | Valid Loss 0.0699 | Train Acc 100.0000 | Valid Acc 96.8750
2026-07-10 06:12:25 | TestSub: S6 | Epoch 63/100 Finsh | Now_lr 0.0005/0.0005 | Train Loss 0.0128 | Valid Loss 0.0679 | Train Acc 100.0000 | Valid Acc 96.8750
2026-07-10 06:12:26 | TestSub: S6 | Epoch 64/100 Finsh | Now_lr 0.0005/0.0005 | Train Loss 0.0116 | Valid Loss 0.0665 | Train Acc 100.0000 | Valid Acc 96.8750
2026-07-10 06:12:27 | TestSub: S6 | Epoch 65/100 Finsh | Now_lr 0.0005/0.0005 | Train Loss 0.0279 | Valid Loss 0.0618 | Train Acc 99.5536 | Valid Acc 96.8750
2026-07-10 06:12:27 | Validation loss decreased (0.064806 --> 0.061803) in epoch (65). Saving model ...
2026-07-10 06:12:28 | TestSub: S6 | Epoch 66/100 Finsh | Now_lr 0.0005/0.0005 | Train Loss 0.0113 | Valid Loss 0.0870 | Train Acc 100.0000 | Valid Acc 96.8750
2026-07-10 06:12:29 | TestSub: S6 | Epoch 67/100 Finsh | Now_lr 0.0005/0.0005 | Train Loss 0.0280 | Valid Loss 0.0793 | Train Acc 99.5536 | Valid Acc 96.8750
2026-07-10 06:12:30 | TestSub: S6 | Epoch 68/100 Finsh | Now_lr 0.0005/0.0005 | Train Loss 0.0173 | Valid Loss 0.0925 | Train Acc 100.0000 | Valid Acc 93.7500
2026-07-10 06:12:30 | TestSub: S6 | Epoch 69/100 Finsh | Now_lr 0.0005/0.0005 | Train Loss 0.0171 | Valid Loss 0.1011 | Train Acc 99.7768 | Valid Acc 96.8750
2026-07-10 06:12:31 | TestSub: S6 | Epoch 70/100 Finsh | Now_lr 0.0005/0.0005 | Train Loss 0.0127 | Valid Loss 0.1140 | Train Acc 99.7768 | Valid Acc 93.7500
2026-07-10 06:12:32 | TestSub: S6 | Epoch 71/100 Finsh | Now_lr 0.0005/0.0005 | Train Loss 0.0129 | Valid Loss 0.1008 | Train Acc 100.0000 | Valid Acc 93.7500
2026-07-10 06:12:33 | TestSub: S6 | Epoch 72/100 Finsh | Now_lr 0.0005/0.0005 | Train Loss 0.0096 | Valid Loss 0.1000 | Train Acc 100.0000 | Valid Acc 93.7500
2026-07-10 06:12:34 | TestSub: S6 | Epoch 73/100 Finsh | Now_lr 0.0005/0.0005 | Train Loss 0.0115 | Valid Loss 0.1112 | Train Acc 100.0000 | Valid Acc 93.7500
2026-07-10 06:12:35 | TestSub: S6 | Epoch 74/100 Finsh | Now_lr 0.0005/0.0005 | Train Loss 0.0078 | Valid Loss 0.0894 | Train Acc 100.0000 | Valid Acc 93.7500
2026-07-10 06:12:36 | TestSub: S6 | Epoch 75/100 Finsh | Now_lr 0.0005/0.0005 | Train Loss 0.0141 | Valid Loss 0.1090 | Train Acc 99.7768 | Valid Acc 93.7500
2026-07-10 06:12:37 | TestSub: S6 | Epoch 76/100 Finsh | Now_lr 0.0005/0.0005 | Train Loss 0.0092 | Valid Loss 0.0724 | Train Acc 100.0000 | Valid Acc 96.8750
2026-07-10 06:12:37 | TestSub: S6 | Epoch 77/100 Finsh | Now_lr 0.0005/0.0005 | Train Loss 0.0135 | Valid Loss 0.0771 | Train Acc 100.0000 | Valid Acc 96.8750
2026-07-10 06:12:38 | TestSub: S6 | Epoch 78/100 Finsh | Now_lr 0.0005/0.0005 | Train Loss 0.0138 | Valid Loss 0.0837 | Train Acc 100.0000 | Valid Acc 93.7500
2026-07-10 06:12:39 | TestSub: S6 | Epoch 79/100 Finsh | Now_lr 0.0005/0.0005 | Train Loss 0.0120 | Valid Loss 0.1119 | Train Acc 100.0000 | Valid Acc 93.7500
2026-07-10 06:12:40 | TestSub: S6 | Epoch 80/100 Finsh | Now_lr 0.0005/0.0005 | Train Loss 0.0090 | Valid Loss 0.0770 | Train Acc 100.0000 | Valid Acc 93.7500
2026-07-10 06:12:41 | TestSub: S6 | Epoch 81/100 Finsh | Now_lr 0.0005/0.0005 | Train Loss 0.0187 | Valid Loss 0.0799 | Train Acc 99.7768 | Valid Acc 96.8750
2026-07-10 06:12:42 | TestSub: S6 | Epoch 82/100 Finsh | Now_lr 0.0005/0.0005 | Train Loss 0.0082 | Valid Loss 0.0785 | Train Acc 100.0000 | Valid Acc 96.8750
2026-07-10 06:12:43 | TestSub: S6 | Epoch 83/100 Finsh | Now_lr 0.0005/0.0005 | Train Loss 0.0066 | Valid Loss 0.0677 | Train Acc 100.0000 | Valid Acc 96.8750
2026-07-10 06:12:44 | TestSub: S6 | Epoch 84/100 Finsh | Now_lr 0.0005/0.0005 | Train Loss 0.0104 | Valid Loss 0.0873 | Train Acc 100.0000 | Valid Acc 93.7500
2026-07-10 06:12:44 | TestSub: S6 | Epoch 85/100 Finsh | Now_lr 0.0005/0.0005 | Train Loss 0.0094 | Valid Loss 0.0742 | Train Acc 100.0000 | Valid Acc 96.8750
2026-07-10 06:12:45 | TestSub: S6 | Epoch 86/100 Finsh | Now_lr 0.0005/0.0005 | Train Loss 0.0077 | Valid Loss 0.0632 | Train Acc 100.0000 | Valid Acc 96.8750
2026-07-10 06:12:45 | Early stopping at epoch 86!
2026-07-10 06:12:45 | --------------------------------------------------
2026-07-10 06:12:45 | Test_Subject :S6 | Best epoch:65 | Test Loss:1.2993 | Savemodel Acc 78.1250
2026-07-10 06:12:45 | --------------------------------------------------
2026-07-10 06:12:45 | Best epoch: 65 | Test acc: 78.1250
