2026-07-10 06:08:36 | Logging started: ./writer/Subject_dependent_AAD/KUL/10.0s/result//Train10.0s_sub4.log
2026-07-10 06:08:42 | Sub_id: 4
2026-07-10 06:08:46 | TestSub: S4 | Epoch  1/100 Finsh | Now_lr 0.0005/0.0005 | Train Loss 0.6885 | Valid Loss 0.6778 | Train Acc 56.6964 | Valid Acc 59.3750
2026-07-10 06:08:46 | Validation loss decreased (inf --> 0.677764) in epoch (1). Saving model ...
2026-07-10 06:08:47 | TestSub: S4 | Epoch  2/100 Finsh | Now_lr 0.0005/0.0005 | Train Loss 0.5935 | Valid Loss 0.6763 | Train Acc 76.1161 | Valid Acc 59.3750
2026-07-10 06:08:47 | Validation loss decreased (0.677764 --> 0.676327) in epoch (2). Saving model ...
2026-07-10 06:08:48 | TestSub: S4 | Epoch  3/100 Finsh | Now_lr 0.0005/0.0005 | Train Loss 0.4832 | Valid Loss 0.6650 | Train Acc 85.7143 | Valid Acc 59.3750
2026-07-10 06:08:48 | Validation loss decreased (0.676327 --> 0.664952) in epoch (3). Saving model ...
2026-07-10 06:08:49 | TestSub: S4 | Epoch  4/100 Finsh | Now_lr 0.0005/0.0005 | Train Loss 0.3707 | Valid Loss 0.6224 | Train Acc 91.2946 | Valid Acc 62.5000
2026-07-10 06:08:49 | Validation loss decreased (0.664952 --> 0.622405) in epoch (4). Saving model ...
2026-07-10 06:08:49 | TestSub: S4 | Epoch  5/100 Finsh | Now_lr 0.0005/0.0005 | Train Loss 0.2765 | Valid Loss 0.5178 | Train Acc 92.4107 | Valid Acc 81.2500
2026-07-10 06:08:49 | Validation loss decreased (0.622405 --> 0.517789) in epoch (5). Saving model ...
2026-07-10 06:08:51 | TestSub: S4 | Epoch  6/100 Finsh | Now_lr 0.0005/0.0005 | Train Loss 0.2257 | Valid Loss 0.3571 | Train Acc 95.0893 | Valid Acc 87.5000
2026-07-10 06:08:51 | Validation loss decreased (0.517789 --> 0.357143) in epoch (6). Saving model ...
2026-07-10 06:08:52 | TestSub: S4 | Epoch  7/100 Finsh | Now_lr 0.0005/0.0005 | Train Loss 0.1812 | Valid Loss 0.2723 | Train Acc 96.4286 | Valid Acc 87.5000
2026-07-10 06:08:52 | Validation loss decreased (0.357143 --> 0.272293) in epoch (7). Saving model ...
2026-07-10 06:08:53 | TestSub: S4 | Epoch  8/100 Finsh | Now_lr 0.0005/0.0005 | Train Loss 0.1567 | Valid Loss 0.2059 | Train Acc 96.2054 | Valid Acc 96.8750
2026-07-10 06:08:53 | Validation loss decreased (0.272293 --> 0.205861) in epoch (8). Saving model ...
2026-07-10 06:08:53 | TestSub: S4 | Epoch  9/100 Finsh | Now_lr 0.0005/0.0005 | Train Loss 0.1366 | Valid Loss 0.1851 | Train Acc 97.0982 | Valid Acc 93.7500
2026-07-10 06:08:53 | Validation loss decreased (0.205861 --> 0.185116) in epoch (9). Saving model ...
2026-07-10 06:08:54 | TestSub: S4 | Epoch 10/100 Finsh | Now_lr 0.0005/0.0005 | Train Loss 0.1147 | Valid Loss 0.1702 | Train Acc 97.9911 | Valid Acc 93.7500
2026-07-10 06:08:54 | Validation loss decreased (0.185116 --> 0.170244) in epoch (10). Saving model ...
2026-07-10 06:08:55 | TestSub: S4 | Epoch 11/100 Finsh | Now_lr 0.0005/0.0005 | Train Loss 0.0846 | Valid Loss 0.1718 | Train Acc 99.5536 | Valid Acc 96.8750
2026-07-10 06:08:56 | TestSub: S4 | Epoch 12/100 Finsh | Now_lr 0.0005/0.0005 | Train Loss 0.0857 | Valid Loss 0.1624 | Train Acc 99.3304 | Valid Acc 93.7500
2026-07-10 06:08:56 | Validation loss decreased (0.170244 --> 0.162439) in epoch (12). Saving model ...
2026-07-10 06:08:57 | TestSub: S4 | Epoch 13/100 Finsh | Now_lr 0.0005/0.0005 | Train Loss 0.0791 | Valid Loss 0.1464 | Train Acc 98.4375 | Valid Acc 93.7500
2026-07-10 06:08:57 | Validation loss decreased (0.162439 --> 0.146432) in epoch (13). Saving model ...
2026-07-10 06:08:58 | TestSub: S4 | Epoch 14/100 Finsh | Now_lr 0.0005/0.0005 | Train Loss 0.0681 | Valid Loss 0.1462 | Train Acc 99.5536 | Valid Acc 93.7500
2026-07-10 06:08:58 | Validation loss decreased (0.146432 --> 0.146197) in epoch (14). Saving model ...
2026-07-10 06:08:59 | TestSub: S4 | Epoch 15/100 Finsh | Now_lr 0.0005/0.0005 | Train Loss 0.0607 | Valid Loss 0.1421 | Train Acc 99.5536 | Valid Acc 93.7500
2026-07-10 06:08:59 | Validation loss decreased (0.146197 --> 0.142090) in epoch (15). Saving model ...
2026-07-10 06:09:00 | TestSub: S4 | Epoch 16/100 Finsh | Now_lr 0.0005/0.0005 | Train Loss 0.0470 | Valid Loss 0.1301 | Train Acc 100.0000 | Valid Acc 93.7500
2026-07-10 06:09:00 | Validation loss decreased (0.142090 --> 0.130078) in epoch (16). Saving model ...
2026-07-10 06:09:01 | TestSub: S4 | Epoch 17/100 Finsh | Now_lr 0.0005/0.0005 | Train Loss 0.0531 | Valid Loss 0.1369 | Train Acc 99.3304 | Valid Acc 93.7500
2026-07-10 06:09:02 | TestSub: S4 | Epoch 18/100 Finsh | Now_lr 0.0005/0.0005 | Train Loss 0.0592 | Valid Loss 0.1265 | Train Acc 99.3304 | Valid Acc 93.7500
2026-07-10 06:09:02 | Validation loss decreased (0.130078 --> 0.126548) in epoch (18). Saving model ...
2026-07-10 06:09:03 | TestSub: S4 | Epoch 19/100 Finsh | Now_lr 0.0005/0.0005 | Train Loss 0.0670 | Valid Loss 0.1150 | Train Acc 97.5446 | Valid Acc 93.7500
2026-07-10 06:09:03 | Validation loss decreased (0.126548 --> 0.114988) in epoch (19). Saving model ...
2026-07-10 06:09:04 | TestSub: S4 | Epoch 20/100 Finsh | Now_lr 0.0005/0.0005 | Train Loss 0.0454 | Valid Loss 0.1314 | Train Acc 99.1071 | Valid Acc 93.7500
2026-07-10 06:09:04 | TestSub: S4 | Epoch 21/100 Finsh | Now_lr 0.0005/0.0005 | Train Loss 0.0474 | Valid Loss 0.1141 | Train Acc 99.3304 | Valid Acc 93.7500
2026-07-10 06:09:04 | Validation loss decreased (0.114988 --> 0.114080) in epoch (21). Saving model ...
2026-07-10 06:09:05 | TestSub: S4 | Epoch 22/100 Finsh | Now_lr 0.0005/0.0005 | Train Loss 0.0575 | Valid Loss 0.1377 | Train Acc 98.6607 | Valid Acc 93.7500
2026-07-10 06:09:06 | TestSub: S4 | Epoch 23/100 Finsh | Now_lr 0.0005/0.0005 | Train Loss 0.0483 | Valid Loss 0.1062 | Train Acc 98.8839 | Valid Acc 96.8750
2026-07-10 06:09:06 | Validation loss decreased (0.114080 --> 0.106220) in epoch (23). Saving model ...
2026-07-10 06:09:07 | TestSub: S4 | Epoch 24/100 Finsh | Now_lr 0.0005/0.0005 | Train Loss 0.0421 | Valid Loss 0.1064 | Train Acc 98.8839 | Valid Acc 96.8750
2026-07-10 06:09:08 | TestSub: S4 | Epoch 25/100 Finsh | Now_lr 0.0005/0.0005 | Train Loss 0.0432 | Valid Loss 0.1043 | Train Acc 99.3304 | Valid Acc 93.7500
2026-07-10 06:09:08 | Validation loss decreased (0.106220 --> 0.104295) in epoch (25). Saving model ...
2026-07-10 06:09:11 | TestSub: S4 | Epoch 26/100 Finsh | Now_lr 0.0005/0.0005 | Train Loss 0.0288 | Valid Loss 0.1040 | Train Acc 100.0000 | Valid Acc 93.7500
2026-07-10 06:09:11 | Validation loss decreased (0.104295 --> 0.103967) in epoch (26). Saving model ...
2026-07-10 06:09:12 | TestSub: S4 | Epoch 27/100 Finsh | Now_lr 0.0005/0.0005 | Train Loss 0.0561 | Valid Loss 0.1110 | Train Acc 99.1071 | Valid Acc 93.7500
2026-07-10 06:09:13 | TestSub: S4 | Epoch 28/100 Finsh | Now_lr 0.0005/0.0005 | Train Loss 0.0369 | Valid Loss 0.1336 | Train Acc 99.5536 | Valid Acc 93.7500
2026-07-10 06:09:14 | TestSub: S4 | Epoch 29/100 Finsh | Now_lr 0.0005/0.0005 | Train Loss 0.0353 | Valid Loss 0.1005 | Train Acc 99.1071 | Valid Acc 93.7500
2026-07-10 06:09:14 | Validation loss decreased (0.103967 --> 0.100450) in epoch (29). Saving model ...
2026-07-10 06:09:15 | TestSub: S4 | Epoch 30/100 Finsh | Now_lr 0.0005/0.0005 | Train Loss 0.0243 | Valid Loss 0.0974 | Train Acc 99.7768 | Valid Acc 96.8750
2026-07-10 06:09:15 | Validation loss decreased (0.100450 --> 0.097404) in epoch (30). Saving model ...
2026-07-10 06:09:15 | TestSub: S4 | Epoch 31/100 Finsh | Now_lr 0.0005/0.0005 | Train Loss 0.0226 | Valid Loss 0.1368 | Train Acc 99.7768 | Valid Acc 93.7500
2026-07-10 06:09:16 | TestSub: S4 | Epoch 32/100 Finsh | Now_lr 0.0005/0.0005 | Train Loss 0.0344 | Valid Loss 0.1036 | Train Acc 99.5536 | Valid Acc 96.8750
2026-07-10 06:09:17 | TestSub: S4 | Epoch 33/100 Finsh | Now_lr 0.0005/0.0005 | Train Loss 0.0285 | Valid Loss 0.0977 | Train Acc 99.3304 | Valid Acc 96.8750
2026-07-10 06:09:18 | TestSub: S4 | Epoch 34/100 Finsh | Now_lr 0.0005/0.0005 | Train Loss 0.0198 | Valid Loss 0.1561 | Train Acc 99.5536 | Valid Acc 93.7500
2026-07-10 06:09:19 | TestSub: S4 | Epoch 35/100 Finsh | Now_lr 0.0005/0.0005 | Train Loss 0.0227 | Valid Loss 0.0964 | Train Acc 99.3304 | Valid Acc 96.8750
2026-07-10 06:09:19 | Validation loss decreased (0.097404 --> 0.096391) in epoch (35). Saving model ...
2026-07-10 06:09:20 | TestSub: S4 | Epoch 36/100 Finsh | Now_lr 0.0005/0.0005 | Train Loss 0.0336 | Valid Loss 0.1171 | Train Acc 98.8839 | Valid Acc 93.7500
2026-07-10 06:09:21 | TestSub: S4 | Epoch 37/100 Finsh | Now_lr 0.0005/0.0005 | Train Loss 0.0128 | Valid Loss 0.0947 | Train Acc 100.0000 | Valid Acc 93.7500
2026-07-10 06:09:21 | Validation loss decreased (0.096391 --> 0.094749) in epoch (37). Saving model ...
2026-07-10 06:09:22 | TestSub: S4 | Epoch 38/100 Finsh | Now_lr 0.0005/0.0005 | Train Loss 0.0163 | Valid Loss 0.1113 | Train Acc 99.7768 | Valid Acc 93.7500
2026-07-10 06:09:23 | TestSub: S4 | Epoch 39/100 Finsh | Now_lr 0.0005/0.0005 | Train Loss 0.0236 | Valid Loss 0.0951 | Train Acc 99.7768 | Valid Acc 93.7500
2026-07-10 06:09:23 | TestSub: S4 | Epoch 40/100 Finsh | Now_lr 0.0005/0.0005 | Train Loss 0.0151 | Valid Loss 0.0996 | Train Acc 99.7768 | Valid Acc 90.6250
2026-07-10 06:09:24 | TestSub: S4 | Epoch 41/100 Finsh | Now_lr 0.0005/0.0005 | Train Loss 0.0180 | Valid Loss 0.0910 | Train Acc 99.7768 | Valid Acc 93.7500
2026-07-10 06:09:24 | Validation loss decreased (0.094749 --> 0.090983) in epoch (41). Saving model ...
2026-07-10 06:09:25 | TestSub: S4 | Epoch 42/100 Finsh | Now_lr 0.0005/0.0005 | Train Loss 0.0201 | Valid Loss 0.1133 | Train Acc 99.7768 | Valid Acc 93.7500
2026-07-10 06:09:26 | TestSub: S4 | Epoch 43/100 Finsh | Now_lr 0.0005/0.0005 | Train Loss 0.0163 | Valid Loss 0.0886 | Train Acc 99.5536 | Valid Acc 96.8750
2026-07-10 06:09:26 | Validation loss decreased (0.090983 --> 0.088569) in epoch (43). Saving model ...
2026-07-10 06:09:27 | TestSub: S4 | Epoch 44/100 Finsh | Now_lr 0.0005/0.0005 | Train Loss 0.0210 | Valid Loss 0.0913 | Train Acc 99.7768 | Valid Acc 96.8750
2026-07-10 06:09:28 | TestSub: S4 | Epoch 45/100 Finsh | Now_lr 0.0005/0.0005 | Train Loss 0.0205 | Valid Loss 0.0902 | Train Acc 99.7768 | Valid Acc 93.7500
2026-07-10 06:09:29 | TestSub: S4 | Epoch 46/100 Finsh | Now_lr 0.0005/0.0005 | Train Loss 0.0174 | Valid Loss 0.0946 | Train Acc 100.0000 | Valid Acc 93.7500
2026-07-10 06:09:30 | TestSub: S4 | Epoch 47/100 Finsh | Now_lr 0.0005/0.0005 | Train Loss 0.0118 | Valid Loss 0.0989 | Train Acc 100.0000 | Valid Acc 90.6250
2026-07-10 06:09:31 | TestSub: S4 | Epoch 48/100 Finsh | Now_lr 0.0005/0.0005 | Train Loss 0.0161 | Valid Loss 0.0917 | Train Acc 99.5536 | Valid Acc 93.7500
2026-07-10 06:09:32 | TestSub: S4 | Epoch 49/100 Finsh | Now_lr 0.0005/0.0005 | Train Loss 0.0110 | Valid Loss 0.0860 | Train Acc 100.0000 | Valid Acc 96.8750
2026-07-10 06:09:32 | Validation loss decreased (0.088569 --> 0.085975) in epoch (49). Saving model ...
2026-07-10 06:09:33 | TestSub: S4 | Epoch 50/100 Finsh | Now_lr 0.0005/0.0005 | Train Loss 0.0160 | Valid Loss 0.0929 | Train Acc 99.7768 | Valid Acc 96.8750
2026-07-10 06:09:33 | TestSub: S4 | Epoch 51/100 Finsh | Now_lr 0.0005/0.0005 | Train Loss 0.0156 | Valid Loss 0.1152 | Train Acc 99.7768 | Valid Acc 93.7500
2026-07-10 06:09:34 | TestSub: S4 | Epoch 52/100 Finsh | Now_lr 0.0005/0.0005 | Train Loss 0.0116 | Valid Loss 0.0820 | Train Acc 99.7768 | Valid Acc 96.8750
2026-07-10 06:09:34 | Validation loss decreased (0.085975 --> 0.082037) in epoch (52). Saving model ...
2026-07-10 06:09:35 | TestSub: S4 | Epoch 53/100 Finsh | Now_lr 0.0005/0.0005 | Train Loss 0.0161 | Valid Loss 0.0893 | Train Acc 99.7768 | Valid Acc 96.8750
2026-07-10 06:09:36 | TestSub: S4 | Epoch 54/100 Finsh | Now_lr 0.0005/0.0005 | Train Loss 0.0090 | Valid Loss 0.1110 | Train Acc 99.7768 | Valid Acc 93.7500
2026-07-10 06:09:37 | TestSub: S4 | Epoch 55/100 Finsh | Now_lr 0.0005/0.0005 | Train Loss 0.0178 | Valid Loss 0.1102 | Train Acc 99.3304 | Valid Acc 93.7500
2026-07-10 06:09:38 | TestSub: S4 | Epoch 56/100 Finsh | Now_lr 0.0005/0.0005 | Train Loss 0.0133 | Valid Loss 0.0820 | Train Acc 99.7768 | Valid Acc 96.8750
2026-07-10 06:09:38 | Validation loss decreased (0.082037 --> 0.081979) in epoch (56). Saving model ...
2026-07-10 06:09:39 | TestSub: S4 | Epoch 57/100 Finsh | Now_lr 0.0005/0.0005 | Train Loss 0.0145 | Valid Loss 0.0885 | Train Acc 99.7768 | Valid Acc 90.6250
2026-07-10 06:09:40 | TestSub: S4 | Epoch 58/100 Finsh | Now_lr 0.0005/0.0005 | Train Loss 0.0079 | Valid Loss 0.0886 | Train Acc 100.0000 | Valid Acc 96.8750
2026-07-10 06:09:41 | TestSub: S4 | Epoch 59/100 Finsh | Now_lr 0.0005/0.0005 | Train Loss 0.0280 | Valid Loss 0.1624 | Train Acc 99.1071 | Valid Acc 93.7500
2026-07-10 06:09:42 | TestSub: S4 | Epoch 60/100 Finsh | Now_lr 0.0005/0.0005 | Train Loss 0.0202 | Valid Loss 0.0853 | Train Acc 99.3304 | Valid Acc 96.8750
2026-07-10 06:09:42 | TestSub: S4 | Epoch 61/100 Finsh | Now_lr 0.0005/0.0005 | Train Loss 0.0095 | Valid Loss 0.1138 | Train Acc 100.0000 | Valid Acc 96.8750
2026-07-10 06:09:43 | TestSub: S4 | Epoch 62/100 Finsh | Now_lr 0.0005/0.0005 | Train Loss 0.0073 | Valid Loss 0.0909 | Train Acc 100.0000 | Valid Acc 96.8750
2026-07-10 06:09:44 | TestSub: S4 | Epoch 63/100 Finsh | Now_lr 0.0005/0.0005 | Train Loss 0.0142 | Valid Loss 0.1104 | Train Acc 99.7768 | Valid Acc 90.6250
2026-07-10 06:09:45 | TestSub: S4 | Epoch 64/100 Finsh | Now_lr 0.0005/0.0005 | Train Loss 0.0198 | Valid Loss 0.0953 | Train Acc 99.5536 | Valid Acc 96.8750
2026-07-10 06:09:46 | TestSub: S4 | Epoch 65/100 Finsh | Now_lr 0.0005/0.0005 | Train Loss 0.0093 | Valid Loss 0.1246 | Train Acc 100.0000 | Valid Acc 96.8750
2026-07-10 06:09:47 | TestSub: S4 | Epoch 66/100 Finsh | Now_lr 0.0005/0.0005 | Train Loss 0.0071 | Valid Loss 0.0945 | Train Acc 100.0000 | Valid Acc 96.8750
2026-07-10 06:09:48 | TestSub: S4 | Epoch 67/100 Finsh | Now_lr 0.0005/0.0005 | Train Loss 0.0122 | Valid Loss 0.1080 | Train Acc 100.0000 | Valid Acc 90.6250
2026-07-10 06:09:49 | TestSub: S4 | Epoch 68/100 Finsh | Now_lr 0.0005/0.0005 | Train Loss 0.0115 | Valid Loss 0.1003 | Train Acc 99.7768 | Valid Acc 96.8750
2026-07-10 06:09:49 | TestSub: S4 | Epoch 69/100 Finsh | Now_lr 0.0005/0.0005 | Train Loss 0.0117 | Valid Loss 0.0924 | Train Acc 99.7768 | Valid Acc 96.8750
2026-07-10 06:09:51 | TestSub: S4 | Epoch 70/100 Finsh | Now_lr 0.0005/0.0005 | Train Loss 0.0055 | Valid Loss 0.1635 | Train Acc 100.0000 | Valid Acc 93.7500
2026-07-10 06:09:52 | TestSub: S4 | Epoch 71/100 Finsh | Now_lr 0.0005/0.0005 | Train Loss 0.0093 | Valid Loss 0.1157 | Train Acc 100.0000 | Valid Acc 90.6250
2026-07-10 06:09:53 | TestSub: S4 | Epoch 72/100 Finsh | Now_lr 0.0005/0.0005 | Train Loss 0.0094 | Valid Loss 0.0895 | Train Acc 100.0000 | Valid Acc 96.8750
2026-07-10 06:09:54 | TestSub: S4 | Epoch 73/100 Finsh | Now_lr 0.0005/0.0005 | Train Loss 0.0058 | Valid Loss 0.0918 | Train Acc 100.0000 | Valid Acc 90.6250
2026-07-10 06:09:55 | TestSub: S4 | Epoch 74/100 Finsh | Now_lr 0.0005/0.0005 | Train Loss 0.0075 | Valid Loss 0.0906 | Train Acc 100.0000 | Valid Acc 96.8750
2026-07-10 06:09:56 | TestSub: S4 | Epoch 75/100 Finsh | Now_lr 0.0005/0.0005 | Train Loss 0.0073 | Valid Loss 0.1195 | Train Acc 100.0000 | Valid Acc 90.6250
2026-07-10 06:09:56 | TestSub: S4 | Epoch 76/100 Finsh | Now_lr 0.0005/0.0005 | Train Loss 0.0059 | Valid Loss 0.0981 | Train Acc 100.0000 | Valid Acc 90.6250
2026-07-10 06:09:57 | TestSub: S4 | Epoch 77/100 Finsh | Now_lr 0.0005/0.0005 | Train Loss 0.0047 | Valid Loss 0.0908 | Train Acc 100.0000 | Valid Acc 96.8750
2026-07-10 06:09:57 | Early stopping at epoch 77!
2026-07-10 06:09:57 | --------------------------------------------------
2026-07-10 06:09:57 | Test_Subject :S4 | Best epoch:56 | Test Loss:0.1031 | Savemodel Acc 96.8750
2026-07-10 06:09:57 | --------------------------------------------------
2026-07-10 06:09:57 | Best epoch: 56 | Test acc: 96.8750
