2026-07-10 06:19:13 | Logging started: ./writer/Subject_dependent_AAD/KUL/10.0s/result//Train10.0s_sub11.log
2026-07-10 06:19:19 | Sub_id: 11
2026-07-10 06:19:22 | TestSub: S11 | Epoch  1/100 Finsh | Now_lr 0.0005/0.0005 | Train Loss 0.6917 | Valid Loss 0.8475 | Train Acc 54.4643 | Valid Acc 40.6250
2026-07-10 06:19:22 | Validation loss decreased (inf --> 0.847490) in epoch (1). Saving model ...
2026-07-10 06:19:23 | TestSub: S11 | Epoch  2/100 Finsh | Now_lr 0.0005/0.0005 | Train Loss 0.5394 | Valid Loss 1.2131 | Train Acc 70.3125 | Valid Acc 40.6250
2026-07-10 06:19:24 | TestSub: S11 | Epoch  3/100 Finsh | Now_lr 0.0005/0.0005 | Train Loss 0.4382 | Valid Loss 1.4283 | Train Acc 80.3571 | Valid Acc 40.6250
2026-07-10 06:19:25 | TestSub: S11 | Epoch  4/100 Finsh | Now_lr 0.0005/0.0005 | Train Loss 0.3911 | Valid Loss 1.2198 | Train Acc 81.4732 | Valid Acc 40.6250
2026-07-10 06:19:26 | TestSub: S11 | Epoch  5/100 Finsh | Now_lr 0.0005/0.0005 | Train Loss 0.3174 | Valid Loss 0.8236 | Train Acc 88.3929 | Valid Acc 43.7500
2026-07-10 06:19:26 | Validation loss decreased (0.847490 --> 0.823584) in epoch (5). Saving model ...
2026-07-10 06:19:27 | TestSub: S11 | Epoch  6/100 Finsh | Now_lr 0.0005/0.0005 | Train Loss 0.2917 | Valid Loss 0.4591 | Train Acc 89.7321 | Valid Acc 78.1250
2026-07-10 06:19:27 | Validation loss decreased (0.823584 --> 0.459129) in epoch (6). Saving model ...
2026-07-10 06:19:28 | TestSub: S11 | Epoch  7/100 Finsh | Now_lr 0.0005/0.0005 | Train Loss 0.2408 | Valid Loss 0.3021 | Train Acc 93.0804 | Valid Acc 96.8750
2026-07-10 06:19:28 | Validation loss decreased (0.459129 --> 0.302084) in epoch (7). Saving model ...
2026-07-10 06:19:29 | TestSub: S11 | Epoch  8/100 Finsh | Now_lr 0.0005/0.0005 | Train Loss 0.2064 | Valid Loss 0.2371 | Train Acc 94.1964 | Valid Acc 93.7500
2026-07-10 06:19:29 | Validation loss decreased (0.302084 --> 0.237111) in epoch (8). Saving model ...
2026-07-10 06:19:30 | TestSub: S11 | Epoch  9/100 Finsh | Now_lr 0.0005/0.0005 | Train Loss 0.1805 | Valid Loss 0.2056 | Train Acc 93.7500 | Valid Acc 93.7500
2026-07-10 06:19:30 | Validation loss decreased (0.237111 --> 0.205601) in epoch (9). Saving model ...
2026-07-10 06:19:31 | TestSub: S11 | Epoch 10/100 Finsh | Now_lr 0.0005/0.0005 | Train Loss 0.1609 | Valid Loss 0.1880 | Train Acc 95.9821 | Valid Acc 96.8750
2026-07-10 06:19:31 | Validation loss decreased (0.205601 --> 0.188043) in epoch (10). Saving model ...
2026-07-10 06:19:32 | TestSub: S11 | Epoch 11/100 Finsh | Now_lr 0.0005/0.0005 | Train Loss 0.1228 | Valid Loss 0.1813 | Train Acc 97.9911 | Valid Acc 96.8750
2026-07-10 06:19:32 | Validation loss decreased (0.188043 --> 0.181314) in epoch (11). Saving model ...
2026-07-10 06:19:33 | TestSub: S11 | Epoch 12/100 Finsh | Now_lr 0.0005/0.0005 | Train Loss 0.1280 | Valid Loss 0.1645 | Train Acc 95.9821 | Valid Acc 93.7500
2026-07-10 06:19:33 | Validation loss decreased (0.181314 --> 0.164500) in epoch (12). Saving model ...
2026-07-10 06:19:34 | TestSub: S11 | Epoch 13/100 Finsh | Now_lr 0.0005/0.0005 | Train Loss 0.1006 | Valid Loss 0.1558 | Train Acc 97.5446 | Valid Acc 93.7500
2026-07-10 06:19:34 | Validation loss decreased (0.164500 --> 0.155815) in epoch (13). Saving model ...
2026-07-10 06:19:34 | TestSub: S11 | Epoch 14/100 Finsh | Now_lr 0.0005/0.0005 | Train Loss 0.0816 | Valid Loss 0.1427 | Train Acc 99.1071 | Valid Acc 93.7500
2026-07-10 06:19:34 | Validation loss decreased (0.155815 --> 0.142710) in epoch (14). Saving model ...
2026-07-10 06:19:35 | TestSub: S11 | Epoch 15/100 Finsh | Now_lr 0.0005/0.0005 | Train Loss 0.0902 | Valid Loss 0.1403 | Train Acc 98.6607 | Valid Acc 93.7500
2026-07-10 06:19:35 | Validation loss decreased (0.142710 --> 0.140342) in epoch (15). Saving model ...
2026-07-10 06:19:36 | TestSub: S11 | Epoch 16/100 Finsh | Now_lr 0.0005/0.0005 | Train Loss 0.0730 | Valid Loss 0.1285 | Train Acc 98.8839 | Valid Acc 93.7500
2026-07-10 06:19:36 | Validation loss decreased (0.140342 --> 0.128474) in epoch (16). Saving model ...
2026-07-10 06:19:37 | TestSub: S11 | Epoch 17/100 Finsh | Now_lr 0.0005/0.0005 | Train Loss 0.0642 | Valid Loss 0.1238 | Train Acc 98.8839 | Valid Acc 93.7500
2026-07-10 06:19:37 | Validation loss decreased (0.128474 --> 0.123805) in epoch (17). Saving model ...
2026-07-10 06:19:38 | TestSub: S11 | Epoch 18/100 Finsh | Now_lr 0.0005/0.0005 | Train Loss 0.0624 | Valid Loss 0.1192 | Train Acc 98.8839 | Valid Acc 96.8750
2026-07-10 06:19:38 | Validation loss decreased (0.123805 --> 0.119174) in epoch (18). Saving model ...
2026-07-10 06:19:39 | TestSub: S11 | Epoch 19/100 Finsh | Now_lr 0.0005/0.0005 | Train Loss 0.0561 | Valid Loss 0.1098 | Train Acc 99.3304 | Valid Acc 93.7500
2026-07-10 06:19:39 | Validation loss decreased (0.119174 --> 0.109832) in epoch (19). Saving model ...
2026-07-10 06:19:40 | TestSub: S11 | Epoch 20/100 Finsh | Now_lr 0.0005/0.0005 | Train Loss 0.0468 | Valid Loss 0.1200 | Train Acc 99.3304 | Valid Acc 96.8750
2026-07-10 06:19:41 | TestSub: S11 | Epoch 21/100 Finsh | Now_lr 0.0005/0.0005 | Train Loss 0.0528 | Valid Loss 0.1078 | Train Acc 99.5536 | Valid Acc 93.7500
2026-07-10 06:19:41 | Validation loss decreased (0.109832 --> 0.107791) in epoch (21). Saving model ...
2026-07-10 06:19:42 | TestSub: S11 | Epoch 22/100 Finsh | Now_lr 0.0005/0.0005 | Train Loss 0.0531 | Valid Loss 0.1054 | Train Acc 99.1071 | Valid Acc 96.8750
2026-07-10 06:19:42 | Validation loss decreased (0.107791 --> 0.105403) in epoch (22). Saving model ...
2026-07-10 06:19:43 | TestSub: S11 | Epoch 23/100 Finsh | Now_lr 0.0005/0.0005 | Train Loss 0.0354 | Valid Loss 0.1062 | Train Acc 100.0000 | Valid Acc 96.8750
2026-07-10 06:19:44 | TestSub: S11 | Epoch 24/100 Finsh | Now_lr 0.0005/0.0005 | Train Loss 0.0449 | Valid Loss 0.0890 | Train Acc 99.3304 | Valid Acc 96.8750
2026-07-10 06:19:44 | Validation loss decreased (0.105403 --> 0.088981) in epoch (24). Saving model ...
2026-07-10 06:19:45 | TestSub: S11 | Epoch 25/100 Finsh | Now_lr 0.0005/0.0005 | Train Loss 0.0471 | Valid Loss 0.0709 | Train Acc 99.5536 | Valid Acc 96.8750
2026-07-10 06:19:45 | Validation loss decreased (0.088981 --> 0.070879) in epoch (25). Saving model ...
2026-07-10 06:19:46 | TestSub: S11 | Epoch 26/100 Finsh | Now_lr 0.0005/0.0005 | Train Loss 0.0274 | Valid Loss 0.0752 | Train Acc 100.0000 | Valid Acc 96.8750
2026-07-10 06:19:47 | TestSub: S11 | Epoch 27/100 Finsh | Now_lr 0.0005/0.0005 | Train Loss 0.0297 | Valid Loss 0.0739 | Train Acc 99.5536 | Valid Acc 96.8750
2026-07-10 06:19:48 | TestSub: S11 | Epoch 28/100 Finsh | Now_lr 0.0005/0.0005 | Train Loss 0.0378 | Valid Loss 0.0674 | Train Acc 99.7768 | Valid Acc 100.0000
2026-07-10 06:19:48 | Validation loss decreased (0.070879 --> 0.067421) in epoch (28). Saving model ...
2026-07-10 06:19:48 | TestSub: S11 | Epoch 29/100 Finsh | Now_lr 0.0005/0.0005 | Train Loss 0.0249 | Valid Loss 0.0665 | Train Acc 100.0000 | Valid Acc 100.0000
2026-07-10 06:19:48 | Validation loss decreased (0.067421 --> 0.066453) in epoch (29). Saving model ...
2026-07-10 06:19:49 | TestSub: S11 | Epoch 30/100 Finsh | Now_lr 0.0005/0.0005 | Train Loss 0.0249 | Valid Loss 0.0639 | Train Acc 100.0000 | Valid Acc 96.8750
2026-07-10 06:19:49 | Validation loss decreased (0.066453 --> 0.063941) in epoch (30). Saving model ...
2026-07-10 06:19:50 | TestSub: S11 | Epoch 31/100 Finsh | Now_lr 0.0005/0.0005 | Train Loss 0.0227 | Valid Loss 0.0635 | Train Acc 99.7768 | Valid Acc 96.8750
2026-07-10 06:19:50 | Validation loss decreased (0.063941 --> 0.063466) in epoch (31). Saving model ...
2026-07-10 06:19:51 | TestSub: S11 | Epoch 32/100 Finsh | Now_lr 0.0005/0.0005 | Train Loss 0.0167 | Valid Loss 0.0629 | Train Acc 100.0000 | Valid Acc 100.0000
2026-07-10 06:19:51 | Validation loss decreased (0.063466 --> 0.062862) in epoch (32). Saving model ...
2026-07-10 06:19:52 | TestSub: S11 | Epoch 33/100 Finsh | Now_lr 0.0005/0.0005 | Train Loss 0.0291 | Valid Loss 0.0553 | Train Acc 100.0000 | Valid Acc 96.8750
2026-07-10 06:19:52 | Validation loss decreased (0.062862 --> 0.055261) in epoch (33). Saving model ...
2026-07-10 06:19:53 | TestSub: S11 | Epoch 34/100 Finsh | Now_lr 0.0005/0.0005 | Train Loss 0.0271 | Valid Loss 0.0508 | Train Acc 100.0000 | Valid Acc 100.0000
2026-07-10 06:19:53 | Validation loss decreased (0.055261 --> 0.050758) in epoch (34). Saving model ...
2026-07-10 06:19:54 | TestSub: S11 | Epoch 35/100 Finsh | Now_lr 0.0005/0.0005 | Train Loss 0.0197 | Valid Loss 0.0614 | Train Acc 100.0000 | Valid Acc 96.8750
2026-07-10 06:19:55 | TestSub: S11 | Epoch 36/100 Finsh | Now_lr 0.0005/0.0005 | Train Loss 0.0226 | Valid Loss 0.0459 | Train Acc 100.0000 | Valid Acc 100.0000
2026-07-10 06:19:55 | Validation loss decreased (0.050758 --> 0.045905) in epoch (36). Saving model ...
2026-07-10 06:19:56 | TestSub: S11 | Epoch 37/100 Finsh | Now_lr 0.0005/0.0005 | Train Loss 0.0208 | Valid Loss 0.0446 | Train Acc 99.7768 | Valid Acc 100.0000
2026-07-10 06:19:56 | Validation loss decreased (0.045905 --> 0.044617) in epoch (37). Saving model ...
2026-07-10 06:19:57 | TestSub: S11 | Epoch 38/100 Finsh | Now_lr 0.0005/0.0005 | Train Loss 0.0138 | Valid Loss 0.0391 | Train Acc 100.0000 | Valid Acc 100.0000
2026-07-10 06:19:57 | Validation loss decreased (0.044617 --> 0.039089) in epoch (38). Saving model ...
2026-07-10 06:19:58 | TestSub: S11 | Epoch 39/100 Finsh | Now_lr 0.0005/0.0005 | Train Loss 0.0175 | Valid Loss 0.0476 | Train Acc 99.7768 | Valid Acc 100.0000
2026-07-10 06:19:59 | TestSub: S11 | Epoch 40/100 Finsh | Now_lr 0.0005/0.0005 | Train Loss 0.0138 | Valid Loss 0.0402 | Train Acc 100.0000 | Valid Acc 100.0000
2026-07-10 06:20:00 | TestSub: S11 | Epoch 41/100 Finsh | Now_lr 0.0005/0.0005 | Train Loss 0.0149 | Valid Loss 0.0414 | Train Acc 100.0000 | Valid Acc 100.0000
2026-07-10 06:20:00 | TestSub: S11 | Epoch 42/100 Finsh | Now_lr 0.0005/0.0005 | Train Loss 0.0142 | Valid Loss 0.0421 | Train Acc 100.0000 | Valid Acc 100.0000
2026-07-10 06:20:01 | TestSub: S11 | Epoch 43/100 Finsh | Now_lr 0.0005/0.0005 | Train Loss 0.0118 | Valid Loss 0.0397 | Train Acc 100.0000 | Valid Acc 100.0000
2026-07-10 06:20:02 | TestSub: S11 | Epoch 44/100 Finsh | Now_lr 0.0005/0.0005 | Train Loss 0.0123 | Valid Loss 0.0476 | Train Acc 100.0000 | Valid Acc 96.8750
2026-07-10 06:20:03 | TestSub: S11 | Epoch 45/100 Finsh | Now_lr 0.0005/0.0005 | Train Loss 0.0104 | Valid Loss 0.0561 | Train Acc 100.0000 | Valid Acc 96.8750
2026-07-10 06:20:04 | TestSub: S11 | Epoch 46/100 Finsh | Now_lr 0.0005/0.0005 | Train Loss 0.0250 | Valid Loss 0.0688 | Train Acc 99.7768 | Valid Acc 96.8750
2026-07-10 06:20:05 | TestSub: S11 | Epoch 47/100 Finsh | Now_lr 0.0005/0.0005 | Train Loss 0.0206 | Valid Loss 0.0780 | Train Acc 99.3304 | Valid Acc 96.8750
2026-07-10 06:20:06 | TestSub: S11 | Epoch 48/100 Finsh | Now_lr 0.0005/0.0005 | Train Loss 0.0098 | Valid Loss 0.0460 | Train Acc 100.0000 | Valid Acc 100.0000
2026-07-10 06:20:07 | TestSub: S11 | Epoch 49/100 Finsh | Now_lr 0.0005/0.0005 | Train Loss 0.0201 | Valid Loss 0.0348 | Train Acc 99.7768 | Valid Acc 100.0000
2026-07-10 06:20:07 | Validation loss decreased (0.039089 --> 0.034762) in epoch (49). Saving model ...
2026-07-10 06:20:08 | TestSub: S11 | Epoch 50/100 Finsh | Now_lr 0.0005/0.0005 | Train Loss 0.0092 | Valid Loss 0.0323 | Train Acc 100.0000 | Valid Acc 100.0000
2026-07-10 06:20:08 | Validation loss decreased (0.034762 --> 0.032289) in epoch (50). Saving model ...
2026-07-10 06:20:08 | TestSub: S11 | Epoch 51/100 Finsh | Now_lr 0.0005/0.0005 | Train Loss 0.0131 | Valid Loss 0.0479 | Train Acc 100.0000 | Valid Acc 96.8750
2026-07-10 06:20:09 | TestSub: S11 | Epoch 52/100 Finsh | Now_lr 0.0005/0.0005 | Train Loss 0.0146 | Valid Loss 0.0378 | Train Acc 100.0000 | Valid Acc 100.0000
2026-07-10 06:20:10 | TestSub: S11 | Epoch 53/100 Finsh | Now_lr 0.0005/0.0005 | Train Loss 0.0147 | Valid Loss 0.0272 | Train Acc 100.0000 | Valid Acc 100.0000
2026-07-10 06:20:10 | Validation loss decreased (0.032289 --> 0.027206) in epoch (53). Saving model ...
2026-07-10 06:20:11 | TestSub: S11 | Epoch 54/100 Finsh | Now_lr 0.0005/0.0005 | Train Loss 0.0134 | Valid Loss 0.0355 | Train Acc 100.0000 | Valid Acc 100.0000
2026-07-10 06:20:12 | TestSub: S11 | Epoch 55/100 Finsh | Now_lr 0.0005/0.0005 | Train Loss 0.0095 | Valid Loss 0.0301 | Train Acc 100.0000 | Valid Acc 100.0000
2026-07-10 06:20:13 | TestSub: S11 | Epoch 56/100 Finsh | Now_lr 0.0005/0.0005 | Train Loss 0.0085 | Valid Loss 0.0378 | Train Acc 100.0000 | Valid Acc 100.0000
2026-07-10 06:20:14 | TestSub: S11 | Epoch 57/100 Finsh | Now_lr 0.0005/0.0005 | Train Loss 0.0244 | Valid Loss 0.0254 | Train Acc 99.1071 | Valid Acc 100.0000
2026-07-10 06:20:14 | Validation loss decreased (0.027206 --> 0.025445) in epoch (57). Saving model ...
2026-07-10 06:20:15 | TestSub: S11 | Epoch 58/100 Finsh | Now_lr 0.0005/0.0005 | Train Loss 0.0270 | Valid Loss 0.0316 | Train Acc 99.3304 | Valid Acc 100.0000
2026-07-10 06:20:18 | TestSub: S11 | Epoch 59/100 Finsh | Now_lr 0.0005/0.0005 | Train Loss 0.0171 | Valid Loss 0.0494 | Train Acc 99.7768 | Valid Acc 96.8750
2026-07-10 06:20:22 | TestSub: S11 | Epoch 60/100 Finsh | Now_lr 0.0005/0.0005 | Train Loss 0.0158 | Valid Loss 0.0525 | Train Acc 100.0000 | Valid Acc 96.8750
2026-07-10 06:20:23 | TestSub: S11 | Epoch 61/100 Finsh | Now_lr 0.0005/0.0005 | Train Loss 0.0073 | Valid Loss 0.0447 | Train Acc 100.0000 | Valid Acc 100.0000
2026-07-10 06:20:24 | TestSub: S11 | Epoch 62/100 Finsh | Now_lr 0.0005/0.0005 | Train Loss 0.0079 | Valid Loss 0.0296 | Train Acc 100.0000 | Valid Acc 100.0000
2026-07-10 06:20:25 | TestSub: S11 | Epoch 63/100 Finsh | Now_lr 0.0005/0.0005 | Train Loss 0.0054 | Valid Loss 0.0304 | Train Acc 100.0000 | Valid Acc 100.0000
2026-07-10 06:20:26 | TestSub: S11 | Epoch 64/100 Finsh | Now_lr 0.0005/0.0005 | Train Loss 0.0090 | Valid Loss 0.0439 | Train Acc 100.0000 | Valid Acc 96.8750
2026-07-10 06:20:27 | TestSub: S11 | Epoch 65/100 Finsh | Now_lr 0.0005/0.0005 | Train Loss 0.0087 | Valid Loss 0.0490 | Train Acc 99.7768 | Valid Acc 96.8750
2026-07-10 06:20:27 | TestSub: S11 | Epoch 66/100 Finsh | Now_lr 0.0005/0.0005 | Train Loss 0.0077 | Valid Loss 0.0495 | Train Acc 100.0000 | Valid Acc 96.8750
2026-07-10 06:20:28 | TestSub: S11 | Epoch 67/100 Finsh | Now_lr 0.0005/0.0005 | Train Loss 0.0072 | Valid Loss 0.0450 | Train Acc 100.0000 | Valid Acc 96.8750
2026-07-10 06:20:29 | TestSub: S11 | Epoch 68/100 Finsh | Now_lr 0.0005/0.0005 | Train Loss 0.0096 | Valid Loss 0.0327 | Train Acc 100.0000 | Valid Acc 100.0000
2026-07-10 06:20:30 | TestSub: S11 | Epoch 69/100 Finsh | Now_lr 0.0005/0.0005 | Train Loss 0.0102 | Valid Loss 0.0301 | Train Acc 100.0000 | Valid Acc 100.0000
2026-07-10 06:20:31 | TestSub: S11 | Epoch 70/100 Finsh | Now_lr 0.0005/0.0005 | Train Loss 0.0120 | Valid Loss 0.0323 | Train Acc 99.7768 | Valid Acc 100.0000
2026-07-10 06:20:32 | TestSub: S11 | Epoch 71/100 Finsh | Now_lr 0.0005/0.0005 | Train Loss 0.0044 | Valid Loss 0.0259 | Train Acc 100.0000 | Valid Acc 100.0000
2026-07-10 06:20:34 | TestSub: S11 | Epoch 72/100 Finsh | Now_lr 0.0005/0.0005 | Train Loss 0.0054 | Valid Loss 0.0265 | Train Acc 100.0000 | Valid Acc 100.0000
2026-07-10 06:20:35 | TestSub: S11 | Epoch 73/100 Finsh | Now_lr 0.0005/0.0005 | Train Loss 0.0065 | Valid Loss 0.0204 | Train Acc 100.0000 | Valid Acc 100.0000
2026-07-10 06:20:35 | Validation loss decreased (0.025445 --> 0.020384) in epoch (73). Saving model ...
2026-07-10 06:20:35 | TestSub: S11 | Epoch 74/100 Finsh | Now_lr 0.0005/0.0005 | Train Loss 0.0096 | Valid Loss 0.0219 | Train Acc 100.0000 | Valid Acc 100.0000
2026-07-10 06:20:36 | TestSub: S11 | Epoch 75/100 Finsh | Now_lr 0.0005/0.0005 | Train Loss 0.0066 | Valid Loss 0.0180 | Train Acc 100.0000 | Valid Acc 100.0000
2026-07-10 06:20:36 | Validation loss decreased (0.020384 --> 0.018018) in epoch (75). Saving model ...
2026-07-10 06:20:37 | TestSub: S11 | Epoch 76/100 Finsh | Now_lr 0.0005/0.0005 | Train Loss 0.0100 | Valid Loss 0.0534 | Train Acc 99.7768 | Valid Acc 96.8750
2026-07-10 06:20:38 | TestSub: S11 | Epoch 77/100 Finsh | Now_lr 0.0005/0.0005 | Train Loss 0.0054 | Valid Loss 0.0241 | Train Acc 100.0000 | Valid Acc 100.0000
2026-07-10 06:20:39 | TestSub: S11 | Epoch 78/100 Finsh | Now_lr 0.0005/0.0005 | Train Loss 0.0077 | Valid Loss 0.0220 | Train Acc 100.0000 | Valid Acc 100.0000
2026-07-10 06:20:40 | TestSub: S11 | Epoch 79/100 Finsh | Now_lr 0.0005/0.0005 | Train Loss 0.0114 | Valid Loss 0.0339 | Train Acc 99.7768 | Valid Acc 100.0000
2026-07-10 06:20:41 | TestSub: S11 | Epoch 80/100 Finsh | Now_lr 0.0005/0.0005 | Train Loss 0.0059 | Valid Loss 0.0325 | Train Acc 100.0000 | Valid Acc 100.0000
2026-07-10 06:20:42 | TestSub: S11 | Epoch 81/100 Finsh | Now_lr 0.0005/0.0005 | Train Loss 0.0060 | Valid Loss 0.0187 | Train Acc 100.0000 | Valid Acc 100.0000
2026-07-10 06:20:43 | TestSub: S11 | Epoch 82/100 Finsh | Now_lr 0.0005/0.0005 | Train Loss 0.0051 | Valid Loss 0.0236 | Train Acc 100.0000 | Valid Acc 100.0000
2026-07-10 06:20:43 | TestSub: S11 | Epoch 83/100 Finsh | Now_lr 0.0005/0.0005 | Train Loss 0.0033 | Valid Loss 0.0205 | Train Acc 100.0000 | Valid Acc 100.0000
2026-07-10 06:20:44 | TestSub: S11 | Epoch 84/100 Finsh | Now_lr 0.0005/0.0005 | Train Loss 0.0067 | Valid Loss 0.0235 | Train Acc 100.0000 | Valid Acc 100.0000
2026-07-10 06:20:45 | TestSub: S11 | Epoch 85/100 Finsh | Now_lr 0.0005/0.0005 | Train Loss 0.0030 | Valid Loss 0.0242 | Train Acc 100.0000 | Valid Acc 100.0000
2026-07-10 06:20:46 | TestSub: S11 | Epoch 86/100 Finsh | Now_lr 0.0005/0.0005 | Train Loss 0.0025 | Valid Loss 0.0225 | Train Acc 100.0000 | Valid Acc 100.0000
2026-07-10 06:20:47 | TestSub: S11 | Epoch 87/100 Finsh | Now_lr 0.0005/0.0005 | Train Loss 0.0045 | Valid Loss 0.0170 | Train Acc 100.0000 | Valid Acc 100.0000
2026-07-10 06:20:47 | Validation loss decreased (0.018018 --> 0.016956) in epoch (87). Saving model ...
2026-07-10 06:20:48 | TestSub: S11 | Epoch 88/100 Finsh | Now_lr 0.0005/0.0005 | Train Loss 0.0061 | Valid Loss 0.0131 | Train Acc 100.0000 | Valid Acc 100.0000
2026-07-10 06:20:48 | Validation loss decreased (0.016956 --> 0.013056) in epoch (88). Saving model ...
2026-07-10 06:20:49 | TestSub: S11 | Epoch 89/100 Finsh | Now_lr 0.0005/0.0005 | Train Loss 0.0050 | Valid Loss 0.0198 | Train Acc 100.0000 | Valid Acc 100.0000
2026-07-10 06:20:50 | TestSub: S11 | Epoch 90/100 Finsh | Now_lr 0.0005/0.0005 | Train Loss 0.0041 | Valid Loss 0.0199 | Train Acc 100.0000 | Valid Acc 100.0000
2026-07-10 06:20:50 | TestSub: S11 | Epoch 91/100 Finsh | Now_lr 0.0005/0.0005 | Train Loss 0.0058 | Valid Loss 0.0311 | Train Acc 100.0000 | Valid Acc 100.0000
2026-07-10 06:20:51 | TestSub: S11 | Epoch 92/100 Finsh | Now_lr 0.0005/0.0005 | Train Loss 0.0042 | Valid Loss 0.0201 | Train Acc 100.0000 | Valid Acc 100.0000
2026-07-10 06:20:52 | TestSub: S11 | Epoch 93/100 Finsh | Now_lr 0.0005/0.0005 | Train Loss 0.0034 | Valid Loss 0.0189 | Train Acc 100.0000 | Valid Acc 100.0000
2026-07-10 06:20:53 | TestSub: S11 | Epoch 94/100 Finsh | Now_lr 0.0005/0.0005 | Train Loss 0.0042 | Valid Loss 0.0283 | Train Acc 100.0000 | Valid Acc 100.0000
2026-07-10 06:20:54 | TestSub: S11 | Epoch 95/100 Finsh | Now_lr 0.0005/0.0005 | Train Loss 0.0027 | Valid Loss 0.0222 | Train Acc 100.0000 | Valid Acc 100.0000
2026-07-10 06:20:55 | TestSub: S11 | Epoch 96/100 Finsh | Now_lr 0.0005/0.0005 | Train Loss 0.0027 | Valid Loss 0.0173 | Train Acc 100.0000 | Valid Acc 100.0000
2026-07-10 06:20:56 | TestSub: S11 | Epoch 97/100 Finsh | Now_lr 0.0005/0.0005 | Train Loss 0.0065 | Valid Loss 0.0289 | Train Acc 100.0000 | Valid Acc 100.0000
2026-07-10 06:20:57 | TestSub: S11 | Epoch 98/100 Finsh | Now_lr 0.0005/0.0005 | Train Loss 0.0029 | Valid Loss 0.0254 | Train Acc 100.0000 | Valid Acc 100.0000
2026-07-10 06:20:57 | TestSub: S11 | Epoch 99/100 Finsh | Now_lr 0.0005/0.0005 | Train Loss 0.0037 | Valid Loss 0.0132 | Train Acc 100.0000 | Valid Acc 100.0000
2026-07-10 06:20:58 | TestSub: S11 | Epoch 100/100 Finsh | Now_lr 0.0005/0.0005 | Train Loss 0.0027 | Valid Loss 0.0323 | Train Acc 100.0000 | Valid Acc 100.0000
2026-07-10 06:20:58 | --------------------------------------------------
2026-07-10 06:20:58 | Test_Subject :S11 | Best epoch:88 | Test Loss:0.2114 | Savemodel Acc 95.3125
2026-07-10 06:20:58 | --------------------------------------------------
2026-07-10 06:20:58 | Best epoch: 88 | Test acc: 95.3125
