2026-07-10 06:03:28 | Logging started: ./writer/Subject_dependent_AAD/KUL/10.0s/result//Train10.0s_sub1.log
2026-07-10 06:03:34 | Sub_id: 1
2026-07-10 06:03:47 | TestSub: S1 | Epoch  1/100 Finsh | Now_lr 0.0005/0.0005 | Train Loss 0.6855 | Valid Loss 0.7353 | Train Acc 56.6964 | Valid Acc 40.6250
2026-07-10 06:03:47 | Validation loss decreased (inf --> 0.735307) in epoch (1). Saving model ...
2026-07-10 06:03:48 | TestSub: S1 | Epoch  2/100 Finsh | Now_lr 0.0005/0.0005 | Train Loss 0.5817 | Valid Loss 0.7314 | Train Acc 70.7589 | Valid Acc 40.6250
2026-07-10 06:03:48 | Validation loss decreased (0.735307 --> 0.731353) in epoch (2). Saving model ...
2026-07-10 06:03:49 | TestSub: S1 | Epoch  3/100 Finsh | Now_lr 0.0005/0.0005 | Train Loss 0.4827 | Valid Loss 0.7885 | Train Acc 83.4821 | Valid Acc 40.6250
2026-07-10 06:03:50 | TestSub: S1 | Epoch  4/100 Finsh | Now_lr 0.0005/0.0005 | Train Loss 0.3999 | Valid Loss 0.7075 | Train Acc 84.8214 | Valid Acc 43.7500
2026-07-10 06:03:50 | Validation loss decreased (0.731353 --> 0.707505) in epoch (4). Saving model ...
2026-07-10 06:03:51 | TestSub: S1 | Epoch  5/100 Finsh | Now_lr 0.0005/0.0005 | Train Loss 0.3321 | Valid Loss 0.7094 | Train Acc 87.2768 | Valid Acc 56.2500
2026-07-10 06:03:52 | TestSub: S1 | Epoch  6/100 Finsh | Now_lr 0.0005/0.0005 | Train Loss 0.2902 | Valid Loss 0.4305 | Train Acc 90.1786 | Valid Acc 81.2500
2026-07-10 06:03:52 | Validation loss decreased (0.707505 --> 0.430503) in epoch (6). Saving model ...
2026-07-10 06:03:53 | TestSub: S1 | Epoch  7/100 Finsh | Now_lr 0.0005/0.0005 | Train Loss 0.2223 | Valid Loss 0.3092 | Train Acc 92.6339 | Valid Acc 84.3750
2026-07-10 06:03:53 | Validation loss decreased (0.430503 --> 0.309190) in epoch (7). Saving model ...
2026-07-10 06:03:54 | TestSub: S1 | Epoch  8/100 Finsh | Now_lr 0.0005/0.0005 | Train Loss 0.1957 | Valid Loss 0.2884 | Train Acc 93.9732 | Valid Acc 87.5000
2026-07-10 06:03:54 | Validation loss decreased (0.309190 --> 0.288443) in epoch (8). Saving model ...
2026-07-10 06:03:55 | TestSub: S1 | Epoch  9/100 Finsh | Now_lr 0.0005/0.0005 | Train Loss 0.1794 | Valid Loss 0.2312 | Train Acc 95.0893 | Valid Acc 84.3750
2026-07-10 06:03:55 | Validation loss decreased (0.288443 --> 0.231247) in epoch (9). Saving model ...
2026-07-10 06:03:56 | TestSub: S1 | Epoch 10/100 Finsh | Now_lr 0.0005/0.0005 | Train Loss 0.1436 | Valid Loss 0.2243 | Train Acc 96.8750 | Valid Acc 84.3750
2026-07-10 06:03:56 | Validation loss decreased (0.231247 --> 0.224328) in epoch (10). Saving model ...
2026-07-10 06:03:57 | TestSub: S1 | Epoch 11/100 Finsh | Now_lr 0.0005/0.0005 | Train Loss 0.1605 | Valid Loss 0.1890 | Train Acc 93.0804 | Valid Acc 84.3750
2026-07-10 06:03:57 | Validation loss decreased (0.224328 --> 0.189031) in epoch (11). Saving model ...
2026-07-10 06:03:58 | TestSub: S1 | Epoch 12/100 Finsh | Now_lr 0.0005/0.0005 | Train Loss 0.1156 | Valid Loss 0.1659 | Train Acc 97.7679 | Valid Acc 87.5000
2026-07-10 06:03:58 | Validation loss decreased (0.189031 --> 0.165921) in epoch (12). Saving model ...
2026-07-10 06:03:59 | TestSub: S1 | Epoch 13/100 Finsh | Now_lr 0.0005/0.0005 | Train Loss 0.1010 | Valid Loss 0.1399 | Train Acc 97.7679 | Valid Acc 93.7500
2026-07-10 06:03:59 | Validation loss decreased (0.165921 --> 0.139923) in epoch (13). Saving model ...
2026-07-10 06:04:00 | TestSub: S1 | Epoch 14/100 Finsh | Now_lr 0.0005/0.0005 | Train Loss 0.0900 | Valid Loss 0.1331 | Train Acc 99.1071 | Valid Acc 93.7500
2026-07-10 06:04:00 | Validation loss decreased (0.139923 --> 0.133130) in epoch (14). Saving model ...
2026-07-10 06:04:01 | TestSub: S1 | Epoch 15/100 Finsh | Now_lr 0.0005/0.0005 | Train Loss 0.0858 | Valid Loss 0.1344 | Train Acc 98.8839 | Valid Acc 93.7500
2026-07-10 06:04:02 | TestSub: S1 | Epoch 16/100 Finsh | Now_lr 0.0005/0.0005 | Train Loss 0.0939 | Valid Loss 0.1195 | Train Acc 97.9911 | Valid Acc 96.8750
2026-07-10 06:04:02 | Validation loss decreased (0.133130 --> 0.119521) in epoch (16). Saving model ...
2026-07-10 06:04:03 | TestSub: S1 | Epoch 17/100 Finsh | Now_lr 0.0005/0.0005 | Train Loss 0.0706 | Valid Loss 0.1042 | Train Acc 98.8839 | Valid Acc 100.0000
2026-07-10 06:04:03 | Validation loss decreased (0.119521 --> 0.104216) in epoch (17). Saving model ...
2026-07-10 06:04:04 | TestSub: S1 | Epoch 18/100 Finsh | Now_lr 0.0005/0.0005 | Train Loss 0.0744 | Valid Loss 0.1152 | Train Acc 97.7679 | Valid Acc 96.8750
2026-07-10 06:04:05 | TestSub: S1 | Epoch 19/100 Finsh | Now_lr 0.0005/0.0005 | Train Loss 0.0880 | Valid Loss 0.0843 | Train Acc 97.7679 | Valid Acc 100.0000
2026-07-10 06:04:05 | Validation loss decreased (0.104216 --> 0.084327) in epoch (19). Saving model ...
2026-07-10 06:04:07 | TestSub: S1 | Epoch 20/100 Finsh | Now_lr 0.0005/0.0005 | Train Loss 0.0693 | Valid Loss 0.0919 | Train Acc 98.4375 | Valid Acc 96.8750
2026-07-10 06:04:08 | TestSub: S1 | Epoch 21/100 Finsh | Now_lr 0.0005/0.0005 | Train Loss 0.0484 | Valid Loss 0.0725 | Train Acc 99.5536 | Valid Acc 100.0000
2026-07-10 06:04:08 | Validation loss decreased (0.084327 --> 0.072498) in epoch (21). Saving model ...
2026-07-10 06:04:09 | TestSub: S1 | Epoch 22/100 Finsh | Now_lr 0.0005/0.0005 | Train Loss 0.0523 | Valid Loss 0.0794 | Train Acc 99.7768 | Valid Acc 96.8750
2026-07-10 06:04:09 | TestSub: S1 | Epoch 23/100 Finsh | Now_lr 0.0005/0.0005 | Train Loss 0.0559 | Valid Loss 0.0740 | Train Acc 99.3304 | Valid Acc 100.0000
2026-07-10 06:04:10 | TestSub: S1 | Epoch 24/100 Finsh | Now_lr 0.0005/0.0005 | Train Loss 0.0465 | Valid Loss 0.0571 | Train Acc 99.3304 | Valid Acc 100.0000
2026-07-10 06:04:10 | Validation loss decreased (0.072498 --> 0.057059) in epoch (24). Saving model ...
2026-07-10 06:04:12 | TestSub: S1 | Epoch 25/100 Finsh | Now_lr 0.0005/0.0005 | Train Loss 0.0493 | Valid Loss 0.0617 | Train Acc 99.5536 | Valid Acc 100.0000
2026-07-10 06:04:12 | TestSub: S1 | Epoch 26/100 Finsh | Now_lr 0.0005/0.0005 | Train Loss 0.0569 | Valid Loss 0.0566 | Train Acc 98.6607 | Valid Acc 100.0000
2026-07-10 06:04:12 | Validation loss decreased (0.057059 --> 0.056555) in epoch (26). Saving model ...
2026-07-10 06:04:13 | TestSub: S1 | Epoch 27/100 Finsh | Now_lr 0.0005/0.0005 | Train Loss 0.0587 | Valid Loss 0.0675 | Train Acc 99.1071 | Valid Acc 100.0000
2026-07-10 06:04:14 | TestSub: S1 | Epoch 28/100 Finsh | Now_lr 0.0005/0.0005 | Train Loss 0.0436 | Valid Loss 0.0549 | Train Acc 99.3304 | Valid Acc 100.0000
2026-07-10 06:04:14 | Validation loss decreased (0.056555 --> 0.054929) in epoch (28). Saving model ...
2026-07-10 06:04:16 | TestSub: S1 | Epoch 29/100 Finsh | Now_lr 0.0005/0.0005 | Train Loss 0.0408 | Valid Loss 0.0546 | Train Acc 99.1071 | Valid Acc 100.0000
2026-07-10 06:04:16 | Validation loss decreased (0.054929 --> 0.054597) in epoch (29). Saving model ...
2026-07-10 06:04:17 | TestSub: S1 | Epoch 30/100 Finsh | Now_lr 0.0005/0.0005 | Train Loss 0.0331 | Valid Loss 0.0488 | Train Acc 99.5536 | Valid Acc 100.0000
2026-07-10 06:04:17 | Validation loss decreased (0.054597 --> 0.048806) in epoch (30). Saving model ...
2026-07-10 06:04:17 | TestSub: S1 | Epoch 31/100 Finsh | Now_lr 0.0005/0.0005 | Train Loss 0.0301 | Valid Loss 0.0460 | Train Acc 99.5536 | Valid Acc 100.0000
2026-07-10 06:04:17 | Validation loss decreased (0.048806 --> 0.046046) in epoch (31). Saving model ...
2026-07-10 06:04:18 | TestSub: S1 | Epoch 32/100 Finsh | Now_lr 0.0005/0.0005 | Train Loss 0.0264 | Valid Loss 0.0483 | Train Acc 100.0000 | Valid Acc 100.0000
2026-07-10 06:04:19 | TestSub: S1 | Epoch 33/100 Finsh | Now_lr 0.0005/0.0005 | Train Loss 0.0274 | Valid Loss 0.0452 | Train Acc 100.0000 | Valid Acc 100.0000
2026-07-10 06:04:19 | Validation loss decreased (0.046046 --> 0.045236) in epoch (33). Saving model ...
2026-07-10 06:04:20 | TestSub: S1 | Epoch 34/100 Finsh | Now_lr 0.0005/0.0005 | Train Loss 0.0312 | Valid Loss 0.0506 | Train Acc 99.3304 | Valid Acc 100.0000
2026-07-10 06:04:21 | TestSub: S1 | Epoch 35/100 Finsh | Now_lr 0.0005/0.0005 | Train Loss 0.0315 | Valid Loss 0.0415 | Train Acc 99.3304 | Valid Acc 100.0000
2026-07-10 06:04:21 | Validation loss decreased (0.045236 --> 0.041540) in epoch (35). Saving model ...
2026-07-10 06:04:23 | TestSub: S1 | Epoch 36/100 Finsh | Now_lr 0.0005/0.0005 | Train Loss 0.0202 | Valid Loss 0.0439 | Train Acc 100.0000 | Valid Acc 100.0000
2026-07-10 06:04:24 | TestSub: S1 | Epoch 37/100 Finsh | Now_lr 0.0005/0.0005 | Train Loss 0.0275 | Valid Loss 0.0378 | Train Acc 99.5536 | Valid Acc 100.0000
2026-07-10 06:04:24 | Validation loss decreased (0.041540 --> 0.037777) in epoch (37). Saving model ...
2026-07-10 06:04:25 | TestSub: S1 | Epoch 38/100 Finsh | Now_lr 0.0005/0.0005 | Train Loss 0.0293 | Valid Loss 0.0341 | Train Acc 99.5536 | Valid Acc 100.0000
2026-07-10 06:04:25 | Validation loss decreased (0.037777 --> 0.034123) in epoch (38). Saving model ...
2026-07-10 06:04:26 | TestSub: S1 | Epoch 39/100 Finsh | Now_lr 0.0005/0.0005 | Train Loss 0.0200 | Valid Loss 0.0351 | Train Acc 99.7768 | Valid Acc 100.0000
2026-07-10 06:04:27 | TestSub: S1 | Epoch 40/100 Finsh | Now_lr 0.0005/0.0005 | Train Loss 0.0496 | Valid Loss 0.0333 | Train Acc 97.3214 | Valid Acc 100.0000
2026-07-10 06:04:27 | Validation loss decreased (0.034123 --> 0.033330) in epoch (40). Saving model ...
2026-07-10 06:04:28 | TestSub: S1 | Epoch 41/100 Finsh | Now_lr 0.0005/0.0005 | Train Loss 0.0230 | Valid Loss 0.0330 | Train Acc 100.0000 | Valid Acc 100.0000
2026-07-10 06:04:28 | Validation loss decreased (0.033330 --> 0.032951) in epoch (41). Saving model ...
2026-07-10 06:04:29 | TestSub: S1 | Epoch 42/100 Finsh | Now_lr 0.0005/0.0005 | Train Loss 0.0227 | Valid Loss 0.0346 | Train Acc 99.7768 | Valid Acc 100.0000
2026-07-10 06:04:30 | TestSub: S1 | Epoch 43/100 Finsh | Now_lr 0.0005/0.0005 | Train Loss 0.0276 | Valid Loss 0.0356 | Train Acc 99.7768 | Valid Acc 100.0000
2026-07-10 06:04:31 | TestSub: S1 | Epoch 44/100 Finsh | Now_lr 0.0005/0.0005 | Train Loss 0.0374 | Valid Loss 0.0445 | Train Acc 99.1071 | Valid Acc 100.0000
2026-07-10 06:04:32 | TestSub: S1 | Epoch 45/100 Finsh | Now_lr 0.0005/0.0005 | Train Loss 0.0300 | Valid Loss 0.0405 | Train Acc 99.5536 | Valid Acc 100.0000
2026-07-10 06:04:32 | TestSub: S1 | Epoch 46/100 Finsh | Now_lr 0.0005/0.0005 | Train Loss 0.0217 | Valid Loss 0.0332 | Train Acc 100.0000 | Valid Acc 100.0000
2026-07-10 06:04:33 | TestSub: S1 | Epoch 47/100 Finsh | Now_lr 0.0005/0.0005 | Train Loss 0.0133 | Valid Loss 0.0340 | Train Acc 100.0000 | Valid Acc 100.0000
2026-07-10 06:04:34 | TestSub: S1 | Epoch 48/100 Finsh | Now_lr 0.0005/0.0005 | Train Loss 0.0269 | Valid Loss 0.0278 | Train Acc 99.5536 | Valid Acc 100.0000
2026-07-10 06:04:34 | Validation loss decreased (0.032951 --> 0.027832) in epoch (48). Saving model ...
2026-07-10 06:04:35 | TestSub: S1 | Epoch 49/100 Finsh | Now_lr 0.0005/0.0005 | Train Loss 0.0351 | Valid Loss 0.0438 | Train Acc 98.6607 | Valid Acc 100.0000
2026-07-10 06:04:36 | TestSub: S1 | Epoch 50/100 Finsh | Now_lr 0.0005/0.0005 | Train Loss 0.0312 | Valid Loss 0.0272 | Train Acc 99.3304 | Valid Acc 100.0000
2026-07-10 06:04:36 | Validation loss decreased (0.027832 --> 0.027187) in epoch (50). Saving model ...
2026-07-10 06:04:37 | TestSub: S1 | Epoch 51/100 Finsh | Now_lr 0.0005/0.0005 | Train Loss 0.0190 | Valid Loss 0.0364 | Train Acc 100.0000 | Valid Acc 100.0000
2026-07-10 06:04:38 | TestSub: S1 | Epoch 52/100 Finsh | Now_lr 0.0005/0.0005 | Train Loss 0.0145 | Valid Loss 0.0387 | Train Acc 100.0000 | Valid Acc 100.0000
2026-07-10 06:04:39 | TestSub: S1 | Epoch 53/100 Finsh | Now_lr 0.0005/0.0005 | Train Loss 0.0159 | Valid Loss 0.0239 | Train Acc 100.0000 | Valid Acc 100.0000
2026-07-10 06:04:39 | Validation loss decreased (0.027187 --> 0.023941) in epoch (53). Saving model ...
2026-07-10 06:04:40 | TestSub: S1 | Epoch 54/100 Finsh | Now_lr 0.0005/0.0005 | Train Loss 0.0122 | Valid Loss 0.0298 | Train Acc 100.0000 | Valid Acc 100.0000
2026-07-10 06:04:41 | TestSub: S1 | Epoch 55/100 Finsh | Now_lr 0.0005/0.0005 | Train Loss 0.0242 | Valid Loss 0.0383 | Train Acc 99.7768 | Valid Acc 100.0000
2026-07-10 06:04:41 | TestSub: S1 | Epoch 56/100 Finsh | Now_lr 0.0005/0.0005 | Train Loss 0.0155 | Valid Loss 0.0263 | Train Acc 99.7768 | Valid Acc 100.0000
2026-07-10 06:04:42 | TestSub: S1 | Epoch 57/100 Finsh | Now_lr 0.0005/0.0005 | Train Loss 0.0102 | Valid Loss 0.0348 | Train Acc 100.0000 | Valid Acc 100.0000
2026-07-10 06:04:43 | TestSub: S1 | Epoch 58/100 Finsh | Now_lr 0.0005/0.0005 | Train Loss 0.0160 | Valid Loss 0.0296 | Train Acc 99.5536 | Valid Acc 100.0000
2026-07-10 06:04:44 | TestSub: S1 | Epoch 59/100 Finsh | Now_lr 0.0005/0.0005 | Train Loss 0.0219 | Valid Loss 0.0236 | Train Acc 99.7768 | Valid Acc 100.0000
2026-07-10 06:04:44 | Validation loss decreased (0.023941 --> 0.023597) in epoch (59). Saving model ...
2026-07-10 06:04:45 | TestSub: S1 | Epoch 60/100 Finsh | Now_lr 0.0005/0.0005 | Train Loss 0.0162 | Valid Loss 0.0254 | Train Acc 100.0000 | Valid Acc 100.0000
2026-07-10 06:04:46 | TestSub: S1 | Epoch 61/100 Finsh | Now_lr 0.0005/0.0005 | Train Loss 0.0102 | Valid Loss 0.0358 | Train Acc 100.0000 | Valid Acc 100.0000
2026-07-10 06:04:47 | TestSub: S1 | Epoch 62/100 Finsh | Now_lr 0.0005/0.0005 | Train Loss 0.0157 | Valid Loss 0.0226 | Train Acc 100.0000 | Valid Acc 100.0000
2026-07-10 06:04:47 | Validation loss decreased (0.023597 --> 0.022632) in epoch (62). Saving model ...
2026-07-10 06:04:48 | TestSub: S1 | Epoch 63/100 Finsh | Now_lr 0.0005/0.0005 | Train Loss 0.0105 | Valid Loss 0.0247 | Train Acc 100.0000 | Valid Acc 100.0000
2026-07-10 06:04:49 | TestSub: S1 | Epoch 64/100 Finsh | Now_lr 0.0005/0.0005 | Train Loss 0.0156 | Valid Loss 0.0164 | Train Acc 99.5536 | Valid Acc 100.0000
2026-07-10 06:04:49 | Validation loss decreased (0.022632 --> 0.016414) in epoch (64). Saving model ...
2026-07-10 06:04:50 | TestSub: S1 | Epoch 65/100 Finsh | Now_lr 0.0005/0.0005 | Train Loss 0.0129 | Valid Loss 0.0206 | Train Acc 99.7768 | Valid Acc 100.0000
2026-07-10 06:04:50 | TestSub: S1 | Epoch 66/100 Finsh | Now_lr 0.0005/0.0005 | Train Loss 0.0088 | Valid Loss 0.0239 | Train Acc 100.0000 | Valid Acc 100.0000
2026-07-10 06:04:51 | TestSub: S1 | Epoch 67/100 Finsh | Now_lr 0.0005/0.0005 | Train Loss 0.0114 | Valid Loss 0.0200 | Train Acc 100.0000 | Valid Acc 100.0000
2026-07-10 06:04:52 | TestSub: S1 | Epoch 68/100 Finsh | Now_lr 0.0005/0.0005 | Train Loss 0.0160 | Valid Loss 0.0260 | Train Acc 99.7768 | Valid Acc 100.0000
2026-07-10 06:04:53 | TestSub: S1 | Epoch 69/100 Finsh | Now_lr 0.0005/0.0005 | Train Loss 0.0106 | Valid Loss 0.0202 | Train Acc 100.0000 | Valid Acc 100.0000
2026-07-10 06:04:54 | TestSub: S1 | Epoch 70/100 Finsh | Now_lr 0.0005/0.0005 | Train Loss 0.0080 | Valid Loss 0.0180 | Train Acc 100.0000 | Valid Acc 100.0000
2026-07-10 06:04:55 | TestSub: S1 | Epoch 71/100 Finsh | Now_lr 0.0005/0.0005 | Train Loss 0.0091 | Valid Loss 0.0176 | Train Acc 100.0000 | Valid Acc 100.0000
2026-07-10 06:04:56 | TestSub: S1 | Epoch 72/100 Finsh | Now_lr 0.0005/0.0005 | Train Loss 0.0099 | Valid Loss 0.0252 | Train Acc 100.0000 | Valid Acc 100.0000
2026-07-10 06:04:57 | TestSub: S1 | Epoch 73/100 Finsh | Now_lr 0.0005/0.0005 | Train Loss 0.0074 | Valid Loss 0.0181 | Train Acc 100.0000 | Valid Acc 100.0000
2026-07-10 06:04:58 | TestSub: S1 | Epoch 74/100 Finsh | Now_lr 0.0005/0.0005 | Train Loss 0.0140 | Valid Loss 0.0166 | Train Acc 99.7768 | Valid Acc 100.0000
2026-07-10 06:04:58 | TestSub: S1 | Epoch 75/100 Finsh | Now_lr 0.0005/0.0005 | Train Loss 0.0206 | Valid Loss 0.0104 | Train Acc 99.1071 | Valid Acc 100.0000
2026-07-10 06:04:58 | Validation loss decreased (0.016414 --> 0.010419) in epoch (75). Saving model ...
2026-07-10 06:04:59 | TestSub: S1 | Epoch 76/100 Finsh | Now_lr 0.0005/0.0005 | Train Loss 0.0357 | Valid Loss 0.2040 | Train Acc 98.6607 | Valid Acc 93.7500
2026-07-10 06:05:00 | TestSub: S1 | Epoch 77/100 Finsh | Now_lr 0.0005/0.0005 | Train Loss 0.0381 | Valid Loss 0.0218 | Train Acc 98.8839 | Valid Acc 100.0000
2026-07-10 06:05:01 | TestSub: S1 | Epoch 78/100 Finsh | Now_lr 0.0005/0.0005 | Train Loss 0.0390 | Valid Loss 0.0701 | Train Acc 99.1071 | Valid Acc 96.8750
2026-07-10 06:05:02 | TestSub: S1 | Epoch 79/100 Finsh | Now_lr 0.0005/0.0005 | Train Loss 0.0132 | Valid Loss 0.0227 | Train Acc 100.0000 | Valid Acc 100.0000
2026-07-10 06:05:03 | TestSub: S1 | Epoch 80/100 Finsh | Now_lr 0.0005/0.0005 | Train Loss 0.0108 | Valid Loss 0.0209 | Train Acc 100.0000 | Valid Acc 100.0000
2026-07-10 06:05:04 | TestSub: S1 | Epoch 81/100 Finsh | Now_lr 0.0005/0.0005 | Train Loss 0.0183 | Valid Loss 0.0334 | Train Acc 100.0000 | Valid Acc 100.0000
2026-07-10 06:05:05 | TestSub: S1 | Epoch 82/100 Finsh | Now_lr 0.0005/0.0005 | Train Loss 0.0133 | Valid Loss 0.0170 | Train Acc 99.7768 | Valid Acc 100.0000
2026-07-10 06:05:06 | TestSub: S1 | Epoch 83/100 Finsh | Now_lr 0.0005/0.0005 | Train Loss 0.0133 | Valid Loss 0.0184 | Train Acc 100.0000 | Valid Acc 100.0000
2026-07-10 06:05:06 | TestSub: S1 | Epoch 84/100 Finsh | Now_lr 0.0005/0.0005 | Train Loss 0.0069 | Valid Loss 0.0185 | Train Acc 100.0000 | Valid Acc 100.0000
2026-07-10 06:05:07 | TestSub: S1 | Epoch 85/100 Finsh | Now_lr 0.0005/0.0005 | Train Loss 0.0079 | Valid Loss 0.0215 | Train Acc 100.0000 | Valid Acc 100.0000
2026-07-10 06:05:08 | TestSub: S1 | Epoch 86/100 Finsh | Now_lr 0.0005/0.0005 | Train Loss 0.0083 | Valid Loss 0.0227 | Train Acc 100.0000 | Valid Acc 100.0000
2026-07-10 06:05:09 | TestSub: S1 | Epoch 87/100 Finsh | Now_lr 0.0005/0.0005 | Train Loss 0.0084 | Valid Loss 0.0136 | Train Acc 100.0000 | Valid Acc 100.0000
2026-07-10 06:05:10 | TestSub: S1 | Epoch 88/100 Finsh | Now_lr 0.0005/0.0005 | Train Loss 0.0100 | Valid Loss 0.0162 | Train Acc 100.0000 | Valid Acc 100.0000
2026-07-10 06:05:11 | TestSub: S1 | Epoch 89/100 Finsh | Now_lr 0.0005/0.0005 | Train Loss 0.0042 | Valid Loss 0.0193 | Train Acc 100.0000 | Valid Acc 100.0000
2026-07-10 06:05:12 | TestSub: S1 | Epoch 90/100 Finsh | Now_lr 0.0005/0.0005 | Train Loss 0.0094 | Valid Loss 0.0239 | Train Acc 100.0000 | Valid Acc 100.0000
2026-07-10 06:05:13 | TestSub: S1 | Epoch 91/100 Finsh | Now_lr 0.0005/0.0005 | Train Loss 0.0043 | Valid Loss 0.0187 | Train Acc 100.0000 | Valid Acc 100.0000
2026-07-10 06:05:14 | TestSub: S1 | Epoch 92/100 Finsh | Now_lr 0.0005/0.0005 | Train Loss 0.0047 | Valid Loss 0.0174 | Train Acc 100.0000 | Valid Acc 100.0000
2026-07-10 06:05:14 | TestSub: S1 | Epoch 93/100 Finsh | Now_lr 0.0005/0.0005 | Train Loss 0.0057 | Valid Loss 0.0137 | Train Acc 100.0000 | Valid Acc 100.0000
2026-07-10 06:05:15 | TestSub: S1 | Epoch 94/100 Finsh | Now_lr 0.0005/0.0005 | Train Loss 0.0058 | Valid Loss 0.0173 | Train Acc 100.0000 | Valid Acc 100.0000
2026-07-10 06:05:16 | TestSub: S1 | Epoch 95/100 Finsh | Now_lr 0.0005/0.0005 | Train Loss 0.0050 | Valid Loss 0.0128 | Train Acc 100.0000 | Valid Acc 100.0000
2026-07-10 06:05:17 | TestSub: S1 | Epoch 96/100 Finsh | Now_lr 0.0005/0.0005 | Train Loss 0.0131 | Valid Loss 0.0113 | Train Acc 99.7768 | Valid Acc 100.0000
2026-07-10 06:05:17 | Early stopping at epoch 96!
2026-07-10 06:05:17 | --------------------------------------------------
2026-07-10 06:05:17 | Test_Subject :S1 | Best epoch:75 | Test Loss:0.0722 | Savemodel Acc 96.8750
2026-07-10 06:05:17 | --------------------------------------------------
2026-07-10 06:05:17 | Best epoch: 75 | Test acc: 96.8750
