2026-07-10 06:23:28 | Logging started: ./writer/Subject_dependent_AAD/KUL/10.0s/result//Train10.0s_sub14.log
2026-07-10 06:23:33 | Sub_id: 14
2026-07-10 06:23:37 | TestSub: S14 | Epoch  1/100 Finsh | Now_lr 0.0005/0.0005 | Train Loss 0.6800 | Valid Loss 0.8283 | Train Acc 54.2411 | Valid Acc 40.6250
2026-07-10 06:23:37 | Validation loss decreased (inf --> 0.828253) in epoch (1). Saving model ...
2026-07-10 06:23:38 | TestSub: S14 | Epoch  2/100 Finsh | Now_lr 0.0005/0.0005 | Train Loss 0.5625 | Valid Loss 1.1156 | Train Acc 71.4286 | Valid Acc 40.6250
2026-07-10 06:23:39 | TestSub: S14 | Epoch  3/100 Finsh | Now_lr 0.0005/0.0005 | Train Loss 0.4411 | Valid Loss 1.2553 | Train Acc 83.2589 | Valid Acc 40.6250
2026-07-10 06:23:40 | TestSub: S14 | Epoch  4/100 Finsh | Now_lr 0.0005/0.0005 | Train Loss 0.3497 | Valid Loss 1.0585 | Train Acc 88.6161 | Valid Acc 40.6250
2026-07-10 06:23:40 | TestSub: S14 | Epoch  5/100 Finsh | Now_lr 0.0005/0.0005 | Train Loss 0.2452 | Valid Loss 0.9084 | Train Acc 94.4196 | Valid Acc 40.6250
2026-07-10 06:23:41 | TestSub: S14 | Epoch  6/100 Finsh | Now_lr 0.0005/0.0005 | Train Loss 0.1740 | Valid Loss 0.4151 | Train Acc 96.4286 | Valid Acc 84.3750
2026-07-10 06:23:41 | Validation loss decreased (0.828253 --> 0.415125) in epoch (6). Saving model ...
2026-07-10 06:23:42 | TestSub: S14 | Epoch  7/100 Finsh | Now_lr 0.0005/0.0005 | Train Loss 0.1289 | Valid Loss 0.2490 | Train Acc 96.8750 | Valid Acc 90.6250
2026-07-10 06:23:42 | Validation loss decreased (0.415125 --> 0.248975) in epoch (7). Saving model ...
2026-07-10 06:23:43 | TestSub: S14 | Epoch  8/100 Finsh | Now_lr 0.0005/0.0005 | Train Loss 0.1023 | Valid Loss 0.1958 | Train Acc 98.4375 | Valid Acc 96.8750
2026-07-10 06:23:43 | Validation loss decreased (0.248975 --> 0.195833) in epoch (8). Saving model ...
2026-07-10 06:23:44 | TestSub: S14 | Epoch  9/100 Finsh | Now_lr 0.0005/0.0005 | Train Loss 0.0827 | Valid Loss 0.1482 | Train Acc 98.8839 | Valid Acc 96.8750
2026-07-10 06:23:44 | Validation loss decreased (0.195833 --> 0.148222) in epoch (9). Saving model ...
2026-07-10 06:23:45 | TestSub: S14 | Epoch 10/100 Finsh | Now_lr 0.0005/0.0005 | Train Loss 0.0865 | Valid Loss 0.1217 | Train Acc 98.8839 | Valid Acc 96.8750
2026-07-10 06:23:45 | Validation loss decreased (0.148222 --> 0.121653) in epoch (10). Saving model ...
2026-07-10 06:23:46 | TestSub: S14 | Epoch 11/100 Finsh | Now_lr 0.0005/0.0005 | Train Loss 0.0579 | Valid Loss 0.1019 | Train Acc 99.5536 | Valid Acc 96.8750
2026-07-10 06:23:46 | Validation loss decreased (0.121653 --> 0.101927) in epoch (11). Saving model ...
2026-07-10 06:23:47 | TestSub: S14 | Epoch 12/100 Finsh | Now_lr 0.0005/0.0005 | Train Loss 0.0587 | Valid Loss 0.0964 | Train Acc 98.8839 | Valid Acc 96.8750
2026-07-10 06:23:47 | Validation loss decreased (0.101927 --> 0.096350) in epoch (12). Saving model ...
2026-07-10 06:23:48 | TestSub: S14 | Epoch 13/100 Finsh | Now_lr 0.0005/0.0005 | Train Loss 0.0469 | Valid Loss 0.0871 | Train Acc 99.1071 | Valid Acc 96.8750
2026-07-10 06:23:48 | Validation loss decreased (0.096350 --> 0.087098) in epoch (13). Saving model ...
2026-07-10 06:23:49 | TestSub: S14 | Epoch 14/100 Finsh | Now_lr 0.0005/0.0005 | Train Loss 0.0454 | Valid Loss 0.0638 | Train Acc 99.3304 | Valid Acc 100.0000
2026-07-10 06:23:49 | Validation loss decreased (0.087098 --> 0.063832) in epoch (14). Saving model ...
2026-07-10 06:23:50 | TestSub: S14 | Epoch 15/100 Finsh | Now_lr 0.0005/0.0005 | Train Loss 0.0505 | Valid Loss 0.0735 | Train Acc 99.3304 | Valid Acc 96.8750
2026-07-10 06:23:51 | TestSub: S14 | Epoch 16/100 Finsh | Now_lr 0.0005/0.0005 | Train Loss 0.0319 | Valid Loss 0.0645 | Train Acc 99.7768 | Valid Acc 96.8750
2026-07-10 06:23:51 | TestSub: S14 | Epoch 17/100 Finsh | Now_lr 0.0005/0.0005 | Train Loss 0.0318 | Valid Loss 0.0485 | Train Acc 99.7768 | Valid Acc 100.0000
2026-07-10 06:23:51 | Validation loss decreased (0.063832 --> 0.048507) in epoch (17). Saving model ...
2026-07-10 06:23:52 | TestSub: S14 | Epoch 18/100 Finsh | Now_lr 0.0005/0.0005 | Train Loss 0.0288 | Valid Loss 0.0372 | Train Acc 100.0000 | Valid Acc 100.0000
2026-07-10 06:23:52 | Validation loss decreased (0.048507 --> 0.037168) in epoch (18). Saving model ...
2026-07-10 06:23:53 | TestSub: S14 | Epoch 19/100 Finsh | Now_lr 0.0005/0.0005 | Train Loss 0.0257 | Valid Loss 0.0448 | Train Acc 99.7768 | Valid Acc 100.0000
2026-07-10 06:23:54 | TestSub: S14 | Epoch 20/100 Finsh | Now_lr 0.0005/0.0005 | Train Loss 0.0220 | Valid Loss 0.0326 | Train Acc 100.0000 | Valid Acc 100.0000
2026-07-10 06:23:54 | Validation loss decreased (0.037168 --> 0.032551) in epoch (20). Saving model ...
2026-07-10 06:23:55 | TestSub: S14 | Epoch 21/100 Finsh | Now_lr 0.0005/0.0005 | Train Loss 0.0303 | Valid Loss 0.0370 | Train Acc 99.7768 | Valid Acc 100.0000
2026-07-10 06:23:56 | TestSub: S14 | Epoch 22/100 Finsh | Now_lr 0.0005/0.0005 | Train Loss 0.0203 | Valid Loss 0.0279 | Train Acc 100.0000 | Valid Acc 100.0000
2026-07-10 06:23:56 | Validation loss decreased (0.032551 --> 0.027875) in epoch (22). Saving model ...
2026-07-10 06:23:57 | TestSub: S14 | Epoch 23/100 Finsh | Now_lr 0.0005/0.0005 | Train Loss 0.0190 | Valid Loss 0.0363 | Train Acc 99.7768 | Valid Acc 100.0000
2026-07-10 06:23:58 | TestSub: S14 | Epoch 24/100 Finsh | Now_lr 0.0005/0.0005 | Train Loss 0.0197 | Valid Loss 0.0283 | Train Acc 100.0000 | Valid Acc 100.0000
2026-07-10 06:23:59 | TestSub: S14 | Epoch 25/100 Finsh | Now_lr 0.0005/0.0005 | Train Loss 0.0211 | Valid Loss 0.0243 | Train Acc 99.5536 | Valid Acc 100.0000
2026-07-10 06:23:59 | Validation loss decreased (0.027875 --> 0.024262) in epoch (25). Saving model ...
2026-07-10 06:24:00 | TestSub: S14 | Epoch 26/100 Finsh | Now_lr 0.0005/0.0005 | Train Loss 0.0244 | Valid Loss 0.0192 | Train Acc 99.3304 | Valid Acc 100.0000
2026-07-10 06:24:00 | Validation loss decreased (0.024262 --> 0.019190) in epoch (26). Saving model ...
2026-07-10 06:24:00 | TestSub: S14 | Epoch 27/100 Finsh | Now_lr 0.0005/0.0005 | Train Loss 0.0185 | Valid Loss 0.0231 | Train Acc 99.7768 | Valid Acc 100.0000
2026-07-10 06:24:01 | TestSub: S14 | Epoch 28/100 Finsh | Now_lr 0.0005/0.0005 | Train Loss 0.0268 | Valid Loss 0.0228 | Train Acc 99.7768 | Valid Acc 100.0000
2026-07-10 06:24:02 | TestSub: S14 | Epoch 29/100 Finsh | Now_lr 0.0005/0.0005 | Train Loss 0.0171 | Valid Loss 0.0196 | Train Acc 100.0000 | Valid Acc 100.0000
2026-07-10 06:24:03 | TestSub: S14 | Epoch 30/100 Finsh | Now_lr 0.0005/0.0005 | Train Loss 0.0124 | Valid Loss 0.0252 | Train Acc 100.0000 | Valid Acc 100.0000
2026-07-10 06:24:04 | TestSub: S14 | Epoch 31/100 Finsh | Now_lr 0.0005/0.0005 | Train Loss 0.0250 | Valid Loss 0.0147 | Train Acc 99.7768 | Valid Acc 100.0000
2026-07-10 06:24:04 | Validation loss decreased (0.019190 --> 0.014703) in epoch (31). Saving model ...
2026-07-10 06:24:05 | TestSub: S14 | Epoch 32/100 Finsh | Now_lr 0.0005/0.0005 | Train Loss 0.0093 | Valid Loss 0.0195 | Train Acc 100.0000 | Valid Acc 100.0000
2026-07-10 06:24:06 | TestSub: S14 | Epoch 33/100 Finsh | Now_lr 0.0005/0.0005 | Train Loss 0.0111 | Valid Loss 0.0177 | Train Acc 100.0000 | Valid Acc 100.0000
2026-07-10 06:24:07 | TestSub: S14 | Epoch 34/100 Finsh | Now_lr 0.0005/0.0005 | Train Loss 0.0094 | Valid Loss 0.0132 | Train Acc 99.7768 | Valid Acc 100.0000
2026-07-10 06:24:07 | Validation loss decreased (0.014703 --> 0.013173) in epoch (34). Saving model ...
2026-07-10 06:24:08 | TestSub: S14 | Epoch 35/100 Finsh | Now_lr 0.0005/0.0005 | Train Loss 0.0065 | Valid Loss 0.0128 | Train Acc 100.0000 | Valid Acc 100.0000
2026-07-10 06:24:08 | Validation loss decreased (0.013173 --> 0.012828) in epoch (35). Saving model ...
2026-07-10 06:24:09 | TestSub: S14 | Epoch 36/100 Finsh | Now_lr 0.0005/0.0005 | Train Loss 0.0122 | Valid Loss 0.0122 | Train Acc 100.0000 | Valid Acc 100.0000
2026-07-10 06:24:09 | Validation loss decreased (0.012828 --> 0.012204) in epoch (36). Saving model ...
2026-07-10 06:24:10 | TestSub: S14 | Epoch 37/100 Finsh | Now_lr 0.0005/0.0005 | Train Loss 0.0114 | Valid Loss 0.0139 | Train Acc 100.0000 | Valid Acc 100.0000
2026-07-10 06:24:10 | TestSub: S14 | Epoch 38/100 Finsh | Now_lr 0.0005/0.0005 | Train Loss 0.0161 | Valid Loss 0.0109 | Train Acc 100.0000 | Valid Acc 100.0000
2026-07-10 06:24:10 | Validation loss decreased (0.012204 --> 0.010866) in epoch (38). Saving model ...
2026-07-10 06:24:11 | TestSub: S14 | Epoch 39/100 Finsh | Now_lr 0.0005/0.0005 | Train Loss 0.0107 | Valid Loss 0.0117 | Train Acc 100.0000 | Valid Acc 100.0000
2026-07-10 06:24:12 | TestSub: S14 | Epoch 40/100 Finsh | Now_lr 0.0005/0.0005 | Train Loss 0.0059 | Valid Loss 0.0141 | Train Acc 100.0000 | Valid Acc 100.0000
2026-07-10 06:24:13 | TestSub: S14 | Epoch 41/100 Finsh | Now_lr 0.0005/0.0005 | Train Loss 0.0080 | Valid Loss 0.0114 | Train Acc 100.0000 | Valid Acc 100.0000
2026-07-10 06:24:14 | TestSub: S14 | Epoch 42/100 Finsh | Now_lr 0.0005/0.0005 | Train Loss 0.0100 | Valid Loss 0.0110 | Train Acc 100.0000 | Valid Acc 100.0000
2026-07-10 06:24:15 | TestSub: S14 | Epoch 43/100 Finsh | Now_lr 0.0005/0.0005 | Train Loss 0.0136 | Valid Loss 0.0098 | Train Acc 99.7768 | Valid Acc 100.0000
2026-07-10 06:24:15 | Validation loss decreased (0.010866 --> 0.009824) in epoch (43). Saving model ...
2026-07-10 06:24:16 | TestSub: S14 | Epoch 44/100 Finsh | Now_lr 0.0005/0.0005 | Train Loss 0.0074 | Valid Loss 0.0093 | Train Acc 100.0000 | Valid Acc 100.0000
2026-07-10 06:24:16 | Validation loss decreased (0.009824 --> 0.009272) in epoch (44). Saving model ...
2026-07-10 06:24:17 | TestSub: S14 | Epoch 45/100 Finsh | Now_lr 0.0005/0.0005 | Train Loss 0.0068 | Valid Loss 0.0111 | Train Acc 100.0000 | Valid Acc 100.0000
2026-07-10 06:24:18 | TestSub: S14 | Epoch 46/100 Finsh | Now_lr 0.0005/0.0005 | Train Loss 0.0054 | Valid Loss 0.0117 | Train Acc 100.0000 | Valid Acc 100.0000
2026-07-10 06:24:19 | TestSub: S14 | Epoch 47/100 Finsh | Now_lr 0.0005/0.0005 | Train Loss 0.0112 | Valid Loss 0.0098 | Train Acc 100.0000 | Valid Acc 100.0000
2026-07-10 06:24:20 | TestSub: S14 | Epoch 48/100 Finsh | Now_lr 0.0005/0.0005 | Train Loss 0.0060 | Valid Loss 0.0091 | Train Acc 100.0000 | Valid Acc 100.0000
2026-07-10 06:24:20 | Validation loss decreased (0.009272 --> 0.009074) in epoch (48). Saving model ...
2026-07-10 06:24:21 | TestSub: S14 | Epoch 49/100 Finsh | Now_lr 0.0005/0.0005 | Train Loss 0.0096 | Valid Loss 0.0071 | Train Acc 99.5536 | Valid Acc 100.0000
2026-07-10 06:24:21 | Validation loss decreased (0.009074 --> 0.007145) in epoch (49). Saving model ...
2026-07-10 06:24:22 | TestSub: S14 | Epoch 50/100 Finsh | Now_lr 0.0005/0.0005 | Train Loss 0.0150 | Valid Loss 0.0078 | Train Acc 99.3304 | Valid Acc 100.0000
2026-07-10 06:24:23 | TestSub: S14 | Epoch 51/100 Finsh | Now_lr 0.0005/0.0005 | Train Loss 0.0089 | Valid Loss 0.0104 | Train Acc 100.0000 | Valid Acc 100.0000
2026-07-10 06:24:23 | TestSub: S14 | Epoch 52/100 Finsh | Now_lr 0.0005/0.0005 | Train Loss 0.0049 | Valid Loss 0.0112 | Train Acc 100.0000 | Valid Acc 100.0000
2026-07-10 06:24:24 | TestSub: S14 | Epoch 53/100 Finsh | Now_lr 0.0005/0.0005 | Train Loss 0.0052 | Valid Loss 0.0091 | Train Acc 100.0000 | Valid Acc 100.0000
2026-07-10 06:24:25 | TestSub: S14 | Epoch 54/100 Finsh | Now_lr 0.0005/0.0005 | Train Loss 0.0066 | Valid Loss 0.0085 | Train Acc 100.0000 | Valid Acc 100.0000
2026-07-10 06:24:26 | TestSub: S14 | Epoch 55/100 Finsh | Now_lr 0.0005/0.0005 | Train Loss 0.0066 | Valid Loss 0.0083 | Train Acc 100.0000 | Valid Acc 100.0000
2026-07-10 06:24:27 | TestSub: S14 | Epoch 56/100 Finsh | Now_lr 0.0005/0.0005 | Train Loss 0.0053 | Valid Loss 0.0126 | Train Acc 100.0000 | Valid Acc 100.0000
2026-07-10 06:24:28 | TestSub: S14 | Epoch 57/100 Finsh | Now_lr 0.0005/0.0005 | Train Loss 0.0139 | Valid Loss 0.0078 | Train Acc 99.5536 | Valid Acc 100.0000
2026-07-10 06:24:29 | TestSub: S14 | Epoch 58/100 Finsh | Now_lr 0.0005/0.0005 | Train Loss 0.0072 | Valid Loss 0.0115 | Train Acc 99.7768 | Valid Acc 100.0000
2026-07-10 06:24:30 | TestSub: S14 | Epoch 59/100 Finsh | Now_lr 0.0005/0.0005 | Train Loss 0.0050 | Valid Loss 0.0206 | Train Acc 100.0000 | Valid Acc 100.0000
2026-07-10 06:24:31 | TestSub: S14 | Epoch 60/100 Finsh | Now_lr 0.0005/0.0005 | Train Loss 0.0056 | Valid Loss 0.0097 | Train Acc 100.0000 | Valid Acc 100.0000
2026-07-10 06:24:32 | TestSub: S14 | Epoch 61/100 Finsh | Now_lr 0.0005/0.0005 | Train Loss 0.0043 | Valid Loss 0.0074 | Train Acc 100.0000 | Valid Acc 100.0000
2026-07-10 06:24:33 | TestSub: S14 | Epoch 62/100 Finsh | Now_lr 0.0005/0.0005 | Train Loss 0.0160 | Valid Loss 0.0093 | Train Acc 99.3304 | Valid Acc 100.0000
2026-07-10 06:24:33 | TestSub: S14 | Epoch 63/100 Finsh | Now_lr 0.0005/0.0005 | Train Loss 0.0081 | Valid Loss 0.0327 | Train Acc 100.0000 | Valid Acc 100.0000
2026-07-10 06:24:34 | TestSub: S14 | Epoch 64/100 Finsh | Now_lr 0.0005/0.0005 | Train Loss 0.0074 | Valid Loss 0.0077 | Train Acc 100.0000 | Valid Acc 100.0000
2026-07-10 06:24:35 | TestSub: S14 | Epoch 65/100 Finsh | Now_lr 0.0005/0.0005 | Train Loss 0.0056 | Valid Loss 0.0082 | Train Acc 100.0000 | Valid Acc 100.0000
2026-07-10 06:24:36 | TestSub: S14 | Epoch 66/100 Finsh | Now_lr 0.0005/0.0005 | Train Loss 0.0059 | Valid Loss 0.0090 | Train Acc 100.0000 | Valid Acc 100.0000
2026-07-10 06:24:37 | TestSub: S14 | Epoch 67/100 Finsh | Now_lr 0.0005/0.0005 | Train Loss 0.0025 | Valid Loss 0.0084 | Train Acc 100.0000 | Valid Acc 100.0000
2026-07-10 06:24:38 | TestSub: S14 | Epoch 68/100 Finsh | Now_lr 0.0005/0.0005 | Train Loss 0.0029 | Valid Loss 0.0085 | Train Acc 100.0000 | Valid Acc 100.0000
2026-07-10 06:24:39 | TestSub: S14 | Epoch 69/100 Finsh | Now_lr 0.0005/0.0005 | Train Loss 0.0033 | Valid Loss 0.0076 | Train Acc 100.0000 | Valid Acc 100.0000
2026-07-10 06:24:40 | TestSub: S14 | Epoch 70/100 Finsh | Now_lr 0.0005/0.0005 | Train Loss 0.0037 | Valid Loss 0.0058 | Train Acc 100.0000 | Valid Acc 100.0000
2026-07-10 06:24:40 | Validation loss decreased (0.007145 --> 0.005850) in epoch (70). Saving model ...
2026-07-10 06:24:41 | TestSub: S14 | Epoch 71/100 Finsh | Now_lr 0.0005/0.0005 | Train Loss 0.0020 | Valid Loss 0.0064 | Train Acc 100.0000 | Valid Acc 100.0000
2026-07-10 06:24:42 | TestSub: S14 | Epoch 72/100 Finsh | Now_lr 0.0005/0.0005 | Train Loss 0.0077 | Valid Loss 0.0063 | Train Acc 100.0000 | Valid Acc 100.0000
2026-07-10 06:24:43 | TestSub: S14 | Epoch 73/100 Finsh | Now_lr 0.0005/0.0005 | Train Loss 0.0071 | Valid Loss 0.0066 | Train Acc 100.0000 | Valid Acc 100.0000
2026-07-10 06:24:44 | TestSub: S14 | Epoch 74/100 Finsh | Now_lr 0.0005/0.0005 | Train Loss 0.0115 | Valid Loss 0.0066 | Train Acc 99.7768 | Valid Acc 100.0000
2026-07-10 06:24:44 | TestSub: S14 | Epoch 75/100 Finsh | Now_lr 0.0005/0.0005 | Train Loss 0.0043 | Valid Loss 0.0067 | Train Acc 100.0000 | Valid Acc 100.0000
2026-07-10 06:24:45 | TestSub: S14 | Epoch 76/100 Finsh | Now_lr 0.0005/0.0005 | Train Loss 0.0041 | Valid Loss 0.0073 | Train Acc 100.0000 | Valid Acc 100.0000
2026-07-10 06:24:46 | TestSub: S14 | Epoch 77/100 Finsh | Now_lr 0.0005/0.0005 | Train Loss 0.0050 | Valid Loss 0.0066 | Train Acc 99.7768 | Valid Acc 100.0000
2026-07-10 06:24:47 | TestSub: S14 | Epoch 78/100 Finsh | Now_lr 0.0005/0.0005 | Train Loss 0.0046 | Valid Loss 0.0056 | Train Acc 100.0000 | Valid Acc 100.0000
2026-07-10 06:24:47 | Validation loss decreased (0.005850 --> 0.005606) in epoch (78). Saving model ...
2026-07-10 06:24:48 | TestSub: S14 | Epoch 79/100 Finsh | Now_lr 0.0005/0.0005 | Train Loss 0.0040 | Valid Loss 0.0074 | Train Acc 100.0000 | Valid Acc 100.0000
2026-07-10 06:24:49 | TestSub: S14 | Epoch 80/100 Finsh | Now_lr 0.0005/0.0005 | Train Loss 0.0032 | Valid Loss 0.0073 | Train Acc 100.0000 | Valid Acc 100.0000
2026-07-10 06:24:50 | TestSub: S14 | Epoch 81/100 Finsh | Now_lr 0.0005/0.0005 | Train Loss 0.0022 | Valid Loss 0.0055 | Train Acc 100.0000 | Valid Acc 100.0000
2026-07-10 06:24:50 | Validation loss decreased (0.005606 --> 0.005457) in epoch (81). Saving model ...
2026-07-10 06:24:51 | TestSub: S14 | Epoch 82/100 Finsh | Now_lr 0.0005/0.0005 | Train Loss 0.0038 | Valid Loss 0.0059 | Train Acc 100.0000 | Valid Acc 100.0000
2026-07-10 06:24:52 | TestSub: S14 | Epoch 83/100 Finsh | Now_lr 0.0005/0.0005 | Train Loss 0.0033 | Valid Loss 0.0065 | Train Acc 100.0000 | Valid Acc 100.0000
2026-07-10 06:24:53 | TestSub: S14 | Epoch 84/100 Finsh | Now_lr 0.0005/0.0005 | Train Loss 0.0048 | Valid Loss 0.0057 | Train Acc 100.0000 | Valid Acc 100.0000
2026-07-10 06:24:53 | TestSub: S14 | Epoch 85/100 Finsh | Now_lr 0.0005/0.0005 | Train Loss 0.0022 | Valid Loss 0.0050 | Train Acc 100.0000 | Valid Acc 100.0000
2026-07-10 06:24:53 | Validation loss decreased (0.005457 --> 0.005011) in epoch (85). Saving model ...
2026-07-10 06:24:54 | TestSub: S14 | Epoch 86/100 Finsh | Now_lr 0.0005/0.0005 | Train Loss 0.0027 | Valid Loss 0.0050 | Train Acc 100.0000 | Valid Acc 100.0000
2026-07-10 06:24:55 | TestSub: S14 | Epoch 87/100 Finsh | Now_lr 0.0005/0.0005 | Train Loss 0.0029 | Valid Loss 0.0053 | Train Acc 100.0000 | Valid Acc 100.0000
2026-07-10 06:24:56 | TestSub: S14 | Epoch 88/100 Finsh | Now_lr 0.0005/0.0005 | Train Loss 0.0029 | Valid Loss 0.0049 | Train Acc 100.0000 | Valid Acc 100.0000
2026-07-10 06:24:56 | Validation loss decreased (0.005011 --> 0.004915) in epoch (88). Saving model ...
2026-07-10 06:24:57 | TestSub: S14 | Epoch 89/100 Finsh | Now_lr 0.0005/0.0005 | Train Loss 0.0027 | Valid Loss 0.0051 | Train Acc 100.0000 | Valid Acc 100.0000
2026-07-10 06:24:58 | TestSub: S14 | Epoch 90/100 Finsh | Now_lr 0.0005/0.0005 | Train Loss 0.0021 | Valid Loss 0.0054 | Train Acc 100.0000 | Valid Acc 100.0000
2026-07-10 06:24:59 | TestSub: S14 | Epoch 91/100 Finsh | Now_lr 0.0005/0.0005 | Train Loss 0.0015 | Valid Loss 0.0056 | Train Acc 100.0000 | Valid Acc 100.0000
2026-07-10 06:25:00 | TestSub: S14 | Epoch 92/100 Finsh | Now_lr 0.0005/0.0005 | Train Loss 0.0028 | Valid Loss 0.0055 | Train Acc 100.0000 | Valid Acc 100.0000
2026-07-10 06:25:01 | TestSub: S14 | Epoch 93/100 Finsh | Now_lr 0.0005/0.0005 | Train Loss 0.0033 | Valid Loss 0.0056 | Train Acc 100.0000 | Valid Acc 100.0000
2026-07-10 06:25:01 | TestSub: S14 | Epoch 94/100 Finsh | Now_lr 0.0005/0.0005 | Train Loss 0.0033 | Valid Loss 0.0050 | Train Acc 100.0000 | Valid Acc 100.0000
2026-07-10 06:25:02 | TestSub: S14 | Epoch 95/100 Finsh | Now_lr 0.0005/0.0005 | Train Loss 0.0025 | Valid Loss 0.0054 | Train Acc 100.0000 | Valid Acc 100.0000
2026-07-10 06:25:03 | TestSub: S14 | Epoch 96/100 Finsh | Now_lr 0.0005/0.0005 | Train Loss 0.0019 | Valid Loss 0.0063 | Train Acc 100.0000 | Valid Acc 100.0000
2026-07-10 06:25:04 | TestSub: S14 | Epoch 97/100 Finsh | Now_lr 0.0005/0.0005 | Train Loss 0.0015 | Valid Loss 0.0062 | Train Acc 100.0000 | Valid Acc 100.0000
2026-07-10 06:25:05 | TestSub: S14 | Epoch 98/100 Finsh | Now_lr 0.0005/0.0005 | Train Loss 0.0048 | Valid Loss 0.0053 | Train Acc 100.0000 | Valid Acc 100.0000
2026-07-10 06:25:06 | TestSub: S14 | Epoch 99/100 Finsh | Now_lr 0.0005/0.0005 | Train Loss 0.0017 | Valid Loss 0.0050 | Train Acc 100.0000 | Valid Acc 100.0000
2026-07-10 06:25:07 | TestSub: S14 | Epoch 100/100 Finsh | Now_lr 0.0005/0.0005 | Train Loss 0.0023 | Valid Loss 0.0061 | Train Acc 100.0000 | Valid Acc 100.0000
2026-07-10 06:25:07 | --------------------------------------------------
2026-07-10 06:25:07 | Test_Subject :S14 | Best epoch:88 | Test Loss:0.1113 | Savemodel Acc 92.1875
2026-07-10 06:25:07 | --------------------------------------------------
2026-07-10 06:25:07 | Best epoch: 88 | Test acc: 92.1875
