2026-07-10 06:12:45 | Logging started: ./writer/Subject_dependent_AAD/KUL/10.0s/result//Train10.0s_sub7.log
2026-07-10 06:12:51 | Sub_id: 7
2026-07-10 06:12:56 | TestSub: S7 | Epoch  1/100 Finsh | Now_lr 0.0005/0.0005 | Train Loss 0.6337 | Valid Loss 0.7326 | Train Acc 64.5089 | Valid Acc 59.3750
2026-07-10 06:12:56 | Validation loss decreased (inf --> 0.732646) in epoch (1). Saving model ...
2026-07-10 06:12:57 | TestSub: S7 | Epoch  2/100 Finsh | Now_lr 0.0005/0.0005 | Train Loss 0.4574 | Valid Loss 0.7291 | Train Acc 79.4643 | Valid Acc 59.3750
2026-07-10 06:12:57 | Validation loss decreased (0.732646 --> 0.729124) in epoch (2). Saving model ...
2026-07-10 06:12:58 | TestSub: S7 | Epoch  3/100 Finsh | Now_lr 0.0005/0.0005 | Train Loss 0.3512 | Valid Loss 0.6884 | Train Acc 84.8214 | Valid Acc 59.3750
2026-07-10 06:12:58 | Validation loss decreased (0.729124 --> 0.688401) in epoch (3). Saving model ...
2026-07-10 06:12:59 | TestSub: S7 | Epoch  4/100 Finsh | Now_lr 0.0005/0.0005 | Train Loss 0.2654 | Valid Loss 0.5959 | Train Acc 89.5089 | Valid Acc 62.5000
2026-07-10 06:12:59 | Validation loss decreased (0.688401 --> 0.595855) in epoch (4). Saving model ...
2026-07-10 06:13:00 | TestSub: S7 | Epoch  5/100 Finsh | Now_lr 0.0005/0.0005 | Train Loss 0.2086 | Valid Loss 0.4446 | Train Acc 92.8571 | Valid Acc 75.0000
2026-07-10 06:13:00 | Validation loss decreased (0.595855 --> 0.444624) in epoch (5). Saving model ...
2026-07-10 06:13:01 | TestSub: S7 | Epoch  6/100 Finsh | Now_lr 0.0005/0.0005 | Train Loss 0.1726 | Valid Loss 0.2822 | Train Acc 94.1964 | Valid Acc 93.7500
2026-07-10 06:13:01 | Validation loss decreased (0.444624 --> 0.282236) in epoch (6). Saving model ...
2026-07-10 06:13:02 | TestSub: S7 | Epoch  7/100 Finsh | Now_lr 0.0005/0.0005 | Train Loss 0.1197 | Valid Loss 0.2023 | Train Acc 96.6518 | Valid Acc 93.7500
2026-07-10 06:13:02 | Validation loss decreased (0.282236 --> 0.202318) in epoch (7). Saving model ...
2026-07-10 06:13:03 | TestSub: S7 | Epoch  8/100 Finsh | Now_lr 0.0005/0.0005 | Train Loss 0.1058 | Valid Loss 0.1378 | Train Acc 97.0982 | Valid Acc 96.8750
2026-07-10 06:13:03 | Validation loss decreased (0.202318 --> 0.137830) in epoch (8). Saving model ...
2026-07-10 06:13:04 | TestSub: S7 | Epoch  9/100 Finsh | Now_lr 0.0005/0.0005 | Train Loss 0.1034 | Valid Loss 0.1259 | Train Acc 96.4286 | Valid Acc 96.8750
2026-07-10 06:13:04 | Validation loss decreased (0.137830 --> 0.125905) in epoch (9). Saving model ...
2026-07-10 06:13:04 | TestSub: S7 | Epoch 10/100 Finsh | Now_lr 0.0005/0.0005 | Train Loss 0.0772 | Valid Loss 0.1072 | Train Acc 97.3214 | Valid Acc 100.0000
2026-07-10 06:13:04 | Validation loss decreased (0.125905 --> 0.107172) in epoch (10). Saving model ...
2026-07-10 06:13:05 | TestSub: S7 | Epoch 11/100 Finsh | Now_lr 0.0005/0.0005 | Train Loss 0.0632 | Valid Loss 0.1165 | Train Acc 98.6607 | Valid Acc 96.8750
2026-07-10 06:13:06 | TestSub: S7 | Epoch 12/100 Finsh | Now_lr 0.0005/0.0005 | Train Loss 0.0460 | Valid Loss 0.0972 | Train Acc 99.3304 | Valid Acc 100.0000
2026-07-10 06:13:06 | Validation loss decreased (0.107172 --> 0.097236) in epoch (12). Saving model ...
2026-07-10 06:13:07 | TestSub: S7 | Epoch 13/100 Finsh | Now_lr 0.0005/0.0005 | Train Loss 0.0441 | Valid Loss 0.1010 | Train Acc 99.1071 | Valid Acc 96.8750
2026-07-10 06:13:08 | TestSub: S7 | Epoch 14/100 Finsh | Now_lr 0.0005/0.0005 | Train Loss 0.0335 | Valid Loss 0.0735 | Train Acc 99.7768 | Valid Acc 100.0000
2026-07-10 06:13:08 | Validation loss decreased (0.097236 --> 0.073481) in epoch (14). Saving model ...
2026-07-10 06:13:09 | TestSub: S7 | Epoch 15/100 Finsh | Now_lr 0.0005/0.0005 | Train Loss 0.0524 | Valid Loss 0.0927 | Train Acc 98.4375 | Valid Acc 96.8750
2026-07-10 06:13:10 | TestSub: S7 | Epoch 16/100 Finsh | Now_lr 0.0005/0.0005 | Train Loss 0.0409 | Valid Loss 0.0940 | Train Acc 99.3304 | Valid Acc 96.8750
2026-07-10 06:13:11 | TestSub: S7 | Epoch 17/100 Finsh | Now_lr 0.0005/0.0005 | Train Loss 0.0275 | Valid Loss 0.1073 | Train Acc 99.7768 | Valid Acc 93.7500
2026-07-10 06:13:12 | TestSub: S7 | Epoch 18/100 Finsh | Now_lr 0.0005/0.0005 | Train Loss 0.0364 | Valid Loss 0.0666 | Train Acc 98.8839 | Valid Acc 100.0000
2026-07-10 06:13:12 | Validation loss decreased (0.073481 --> 0.066643) in epoch (18). Saving model ...
2026-07-10 06:13:12 | TestSub: S7 | Epoch 19/100 Finsh | Now_lr 0.0005/0.0005 | Train Loss 0.0296 | Valid Loss 0.0562 | Train Acc 99.3304 | Valid Acc 100.0000
2026-07-10 06:13:12 | Validation loss decreased (0.066643 --> 0.056248) in epoch (19). Saving model ...
2026-07-10 06:13:13 | TestSub: S7 | Epoch 20/100 Finsh | Now_lr 0.0005/0.0005 | Train Loss 0.0233 | Valid Loss 0.0708 | Train Acc 100.0000 | Valid Acc 96.8750
2026-07-10 06:13:14 | TestSub: S7 | Epoch 21/100 Finsh | Now_lr 0.0005/0.0005 | Train Loss 0.0184 | Valid Loss 0.0710 | Train Acc 99.7768 | Valid Acc 96.8750
2026-07-10 06:13:15 | TestSub: S7 | Epoch 22/100 Finsh | Now_lr 0.0005/0.0005 | Train Loss 0.0279 | Valid Loss 0.0745 | Train Acc 99.1071 | Valid Acc 96.8750
2026-07-10 06:13:16 | TestSub: S7 | Epoch 23/100 Finsh | Now_lr 0.0005/0.0005 | Train Loss 0.0241 | Valid Loss 0.0893 | Train Acc 99.3304 | Valid Acc 96.8750
2026-07-10 06:13:17 | TestSub: S7 | Epoch 24/100 Finsh | Now_lr 0.0005/0.0005 | Train Loss 0.0137 | Valid Loss 0.0984 | Train Acc 100.0000 | Valid Acc 96.8750
2026-07-10 06:13:18 | TestSub: S7 | Epoch 25/100 Finsh | Now_lr 0.0005/0.0005 | Train Loss 0.0212 | Valid Loss 0.0548 | Train Acc 99.5536 | Valid Acc 100.0000
2026-07-10 06:13:18 | Validation loss decreased (0.056248 --> 0.054791) in epoch (25). Saving model ...
2026-07-10 06:13:19 | TestSub: S7 | Epoch 26/100 Finsh | Now_lr 0.0005/0.0005 | Train Loss 0.0207 | Valid Loss 0.0901 | Train Acc 99.7768 | Valid Acc 96.8750
2026-07-10 06:13:19 | TestSub: S7 | Epoch 27/100 Finsh | Now_lr 0.0005/0.0005 | Train Loss 0.0162 | Valid Loss 0.0598 | Train Acc 100.0000 | Valid Acc 100.0000
2026-07-10 06:13:20 | TestSub: S7 | Epoch 28/100 Finsh | Now_lr 0.0005/0.0005 | Train Loss 0.0244 | Valid Loss 0.0879 | Train Acc 99.3304 | Valid Acc 93.7500
2026-07-10 06:13:21 | TestSub: S7 | Epoch 29/100 Finsh | Now_lr 0.0005/0.0005 | Train Loss 0.0148 | Valid Loss 0.0849 | Train Acc 99.5536 | Valid Acc 96.8750
2026-07-10 06:13:22 | TestSub: S7 | Epoch 30/100 Finsh | Now_lr 0.0005/0.0005 | Train Loss 0.0197 | Valid Loss 0.0623 | Train Acc 99.7768 | Valid Acc 96.8750
2026-07-10 06:13:23 | TestSub: S7 | Epoch 31/100 Finsh | Now_lr 0.0005/0.0005 | Train Loss 0.0149 | Valid Loss 0.0751 | Train Acc 99.7768 | Valid Acc 96.8750
2026-07-10 06:13:24 | TestSub: S7 | Epoch 32/100 Finsh | Now_lr 0.0005/0.0005 | Train Loss 0.0199 | Valid Loss 0.0677 | Train Acc 99.7768 | Valid Acc 96.8750
2026-07-10 06:13:25 | TestSub: S7 | Epoch 33/100 Finsh | Now_lr 0.0005/0.0005 | Train Loss 0.0140 | Valid Loss 0.0780 | Train Acc 100.0000 | Valid Acc 93.7500
2026-07-10 06:13:26 | TestSub: S7 | Epoch 34/100 Finsh | Now_lr 0.0005/0.0005 | Train Loss 0.0125 | Valid Loss 0.0725 | Train Acc 100.0000 | Valid Acc 96.8750
2026-07-10 06:13:26 | TestSub: S7 | Epoch 35/100 Finsh | Now_lr 0.0005/0.0005 | Train Loss 0.0118 | Valid Loss 0.0502 | Train Acc 100.0000 | Valid Acc 100.0000
2026-07-10 06:13:26 | Validation loss decreased (0.054791 --> 0.050205) in epoch (35). Saving model ...
2026-07-10 06:13:27 | TestSub: S7 | Epoch 36/100 Finsh | Now_lr 0.0005/0.0005 | Train Loss 0.0168 | Valid Loss 0.0784 | Train Acc 99.7768 | Valid Acc 96.8750
2026-07-10 06:13:28 | TestSub: S7 | Epoch 37/100 Finsh | Now_lr 0.0005/0.0005 | Train Loss 0.0123 | Valid Loss 0.0628 | Train Acc 99.5536 | Valid Acc 93.7500
2026-07-10 06:13:29 | TestSub: S7 | Epoch 38/100 Finsh | Now_lr 0.0005/0.0005 | Train Loss 0.0089 | Valid Loss 0.0685 | Train Acc 100.0000 | Valid Acc 96.8750
2026-07-10 06:13:30 | TestSub: S7 | Epoch 39/100 Finsh | Now_lr 0.0005/0.0005 | Train Loss 0.0077 | Valid Loss 0.0561 | Train Acc 100.0000 | Valid Acc 96.8750
2026-07-10 06:13:31 | TestSub: S7 | Epoch 40/100 Finsh | Now_lr 0.0005/0.0005 | Train Loss 0.0107 | Valid Loss 0.1009 | Train Acc 100.0000 | Valid Acc 96.8750
2026-07-10 06:13:32 | TestSub: S7 | Epoch 41/100 Finsh | Now_lr 0.0005/0.0005 | Train Loss 0.0085 | Valid Loss 0.0727 | Train Acc 100.0000 | Valid Acc 96.8750
2026-07-10 06:13:33 | TestSub: S7 | Epoch 42/100 Finsh | Now_lr 0.0005/0.0005 | Train Loss 0.0080 | Valid Loss 0.0641 | Train Acc 100.0000 | Valid Acc 96.8750
2026-07-10 06:13:34 | TestSub: S7 | Epoch 43/100 Finsh | Now_lr 0.0005/0.0005 | Train Loss 0.0048 | Valid Loss 0.0838 | Train Acc 100.0000 | Valid Acc 93.7500
2026-07-10 06:13:35 | TestSub: S7 | Epoch 44/100 Finsh | Now_lr 0.0005/0.0005 | Train Loss 0.0060 | Valid Loss 0.0500 | Train Acc 100.0000 | Valid Acc 96.8750
2026-07-10 06:13:35 | Validation loss decreased (0.050205 --> 0.050037) in epoch (44). Saving model ...
2026-07-10 06:13:36 | TestSub: S7 | Epoch 45/100 Finsh | Now_lr 0.0005/0.0005 | Train Loss 0.0114 | Valid Loss 0.0513 | Train Acc 99.5536 | Valid Acc 100.0000
2026-07-10 06:13:37 | TestSub: S7 | Epoch 46/100 Finsh | Now_lr 0.0005/0.0005 | Train Loss 0.0082 | Valid Loss 0.0842 | Train Acc 100.0000 | Valid Acc 93.7500
2026-07-10 06:13:37 | TestSub: S7 | Epoch 47/100 Finsh | Now_lr 0.0005/0.0005 | Train Loss 0.0041 | Valid Loss 0.0767 | Train Acc 100.0000 | Valid Acc 96.8750
2026-07-10 06:13:38 | TestSub: S7 | Epoch 48/100 Finsh | Now_lr 0.0005/0.0005 | Train Loss 0.0075 | Valid Loss 0.0576 | Train Acc 100.0000 | Valid Acc 96.8750
2026-07-10 06:13:39 | TestSub: S7 | Epoch 49/100 Finsh | Now_lr 0.0005/0.0005 | Train Loss 0.0061 | Valid Loss 0.0862 | Train Acc 100.0000 | Valid Acc 93.7500
2026-07-10 06:13:40 | TestSub: S7 | Epoch 50/100 Finsh | Now_lr 0.0005/0.0005 | Train Loss 0.0039 | Valid Loss 0.0946 | Train Acc 100.0000 | Valid Acc 96.8750
2026-07-10 06:13:41 | TestSub: S7 | Epoch 51/100 Finsh | Now_lr 0.0005/0.0005 | Train Loss 0.0046 | Valid Loss 0.0533 | Train Acc 100.0000 | Valid Acc 96.8750
2026-07-10 06:13:42 | TestSub: S7 | Epoch 52/100 Finsh | Now_lr 0.0005/0.0005 | Train Loss 0.0226 | Valid Loss 0.1136 | Train Acc 99.5536 | Valid Acc 96.8750
2026-07-10 06:13:43 | TestSub: S7 | Epoch 53/100 Finsh | Now_lr 0.0005/0.0005 | Train Loss 0.0189 | Valid Loss 0.0825 | Train Acc 99.1071 | Valid Acc 93.7500
2026-07-10 06:13:44 | TestSub: S7 | Epoch 54/100 Finsh | Now_lr 0.0005/0.0005 | Train Loss 0.0184 | Valid Loss 0.0563 | Train Acc 99.5536 | Valid Acc 96.8750
2026-07-10 06:13:44 | TestSub: S7 | Epoch 55/100 Finsh | Now_lr 0.0005/0.0005 | Train Loss 0.0089 | Valid Loss 0.0486 | Train Acc 99.7768 | Valid Acc 100.0000
2026-07-10 06:13:44 | Validation loss decreased (0.050037 --> 0.048552) in epoch (55). Saving model ...
2026-07-10 06:13:45 | TestSub: S7 | Epoch 56/100 Finsh | Now_lr 0.0005/0.0005 | Train Loss 0.0051 | Valid Loss 0.0445 | Train Acc 100.0000 | Valid Acc 100.0000
2026-07-10 06:13:45 | Validation loss decreased (0.048552 --> 0.044516) in epoch (56). Saving model ...
2026-07-10 06:13:46 | TestSub: S7 | Epoch 57/100 Finsh | Now_lr 0.0005/0.0005 | Train Loss 0.0043 | Valid Loss 0.0397 | Train Acc 100.0000 | Valid Acc 100.0000
2026-07-10 06:13:46 | Validation loss decreased (0.044516 --> 0.039726) in epoch (57). Saving model ...
2026-07-10 06:13:47 | TestSub: S7 | Epoch 58/100 Finsh | Now_lr 0.0005/0.0005 | Train Loss 0.0072 | Valid Loss 0.0638 | Train Acc 100.0000 | Valid Acc 96.8750
2026-07-10 06:13:48 | TestSub: S7 | Epoch 59/100 Finsh | Now_lr 0.0005/0.0005 | Train Loss 0.0045 | Valid Loss 0.0575 | Train Acc 100.0000 | Valid Acc 96.8750
2026-07-10 06:13:49 | TestSub: S7 | Epoch 60/100 Finsh | Now_lr 0.0005/0.0005 | Train Loss 0.0044 | Valid Loss 0.0436 | Train Acc 100.0000 | Valid Acc 100.0000
2026-07-10 06:13:50 | TestSub: S7 | Epoch 61/100 Finsh | Now_lr 0.0005/0.0005 | Train Loss 0.0115 | Valid Loss 0.0756 | Train Acc 99.3304 | Valid Acc 96.8750
2026-07-10 06:13:51 | TestSub: S7 | Epoch 62/100 Finsh | Now_lr 0.0005/0.0005 | Train Loss 0.0085 | Valid Loss 0.0494 | Train Acc 100.0000 | Valid Acc 100.0000
2026-07-10 06:13:52 | TestSub: S7 | Epoch 63/100 Finsh | Now_lr 0.0005/0.0005 | Train Loss 0.0184 | Valid Loss 0.0715 | Train Acc 98.8839 | Valid Acc 96.8750
2026-07-10 06:13:53 | TestSub: S7 | Epoch 64/100 Finsh | Now_lr 0.0005/0.0005 | Train Loss 0.0110 | Valid Loss 0.0885 | Train Acc 99.7768 | Valid Acc 93.7500
2026-07-10 06:13:54 | TestSub: S7 | Epoch 65/100 Finsh | Now_lr 0.0005/0.0005 | Train Loss 0.0029 | Valid Loss 0.0767 | Train Acc 100.0000 | Valid Acc 96.8750
2026-07-10 06:13:55 | TestSub: S7 | Epoch 66/100 Finsh | Now_lr 0.0005/0.0005 | Train Loss 0.0029 | Valid Loss 0.0580 | Train Acc 100.0000 | Valid Acc 96.8750
2026-07-10 06:13:55 | TestSub: S7 | Epoch 67/100 Finsh | Now_lr 0.0005/0.0005 | Train Loss 0.0045 | Valid Loss 0.0730 | Train Acc 100.0000 | Valid Acc 96.8750
2026-07-10 06:13:56 | TestSub: S7 | Epoch 68/100 Finsh | Now_lr 0.0005/0.0005 | Train Loss 0.0066 | Valid Loss 0.0608 | Train Acc 100.0000 | Valid Acc 96.8750
2026-07-10 06:13:57 | TestSub: S7 | Epoch 69/100 Finsh | Now_lr 0.0005/0.0005 | Train Loss 0.0054 | Valid Loss 0.1032 | Train Acc 100.0000 | Valid Acc 90.6250
2026-07-10 06:13:58 | TestSub: S7 | Epoch 70/100 Finsh | Now_lr 0.0005/0.0005 | Train Loss 0.0023 | Valid Loss 0.0902 | Train Acc 100.0000 | Valid Acc 93.7500
2026-07-10 06:13:59 | TestSub: S7 | Epoch 71/100 Finsh | Now_lr 0.0005/0.0005 | Train Loss 0.0021 | Valid Loss 0.0745 | Train Acc 100.0000 | Valid Acc 96.8750
2026-07-10 06:14:00 | TestSub: S7 | Epoch 72/100 Finsh | Now_lr 0.0005/0.0005 | Train Loss 0.0038 | Valid Loss 0.0672 | Train Acc 100.0000 | Valid Acc 96.8750
2026-07-10 06:14:02 | TestSub: S7 | Epoch 73/100 Finsh | Now_lr 0.0005/0.0005 | Train Loss 0.0073 | Valid Loss 0.0698 | Train Acc 99.7768 | Valid Acc 93.7500
2026-07-10 06:14:03 | TestSub: S7 | Epoch 74/100 Finsh | Now_lr 0.0005/0.0005 | Train Loss 0.0069 | Valid Loss 0.1056 | Train Acc 100.0000 | Valid Acc 93.7500
2026-07-10 06:14:04 | TestSub: S7 | Epoch 75/100 Finsh | Now_lr 0.0005/0.0005 | Train Loss 0.0066 | Valid Loss 0.0962 | Train Acc 100.0000 | Valid Acc 96.8750
2026-07-10 06:14:05 | TestSub: S7 | Epoch 76/100 Finsh | Now_lr 0.0005/0.0005 | Train Loss 0.0119 | Valid Loss 0.1060 | Train Acc 100.0000 | Valid Acc 93.7500
2026-07-10 06:14:05 | TestSub: S7 | Epoch 77/100 Finsh | Now_lr 0.0005/0.0005 | Train Loss 0.0052 | Valid Loss 0.0900 | Train Acc 100.0000 | Valid Acc 93.7500
2026-07-10 06:14:06 | TestSub: S7 | Epoch 78/100 Finsh | Now_lr 0.0005/0.0005 | Train Loss 0.0027 | Valid Loss 0.0712 | Train Acc 100.0000 | Valid Acc 96.8750
2026-07-10 06:14:06 | Early stopping at epoch 78!
2026-07-10 06:14:06 | --------------------------------------------------
2026-07-10 06:14:06 | Test_Subject :S7 | Best epoch:57 | Test Loss:0.0941 | Savemodel Acc 95.3125
2026-07-10 06:14:06 | --------------------------------------------------
2026-07-10 06:14:06 | Best epoch: 57 | Test acc: 95.3125
