2026-07-13 08:41:43 | Logging started: ./writer/Subject_dependent_AAD/AVED/3.0s/result//Train3.0s_sub9.log
2026-07-13 08:41:45 | Sub_id: 9
2026-07-13 08:41:47 | TestSub: S9 | Epoch  1/100 Finsh | Now_lr 0.0005/0.0005 | Train Loss 0.6997 | Valid Loss 0.6927 | Train Acc 47.4219 | Valid Acc 51.5625
2026-07-13 08:41:47 | Validation loss decreased (inf --> 0.692658) in epoch (1). Saving model ...
2026-07-13 08:41:47 | TestSub: S9 | Epoch  2/100 Finsh | Now_lr 0.0005/0.0005 | Train Loss 0.6931 | Valid Loss 0.6902 | Train Acc 51.5625 | Valid Acc 56.2500
2026-07-13 08:41:47 | Validation loss decreased (0.692658 --> 0.690180) in epoch (2). Saving model ...
2026-07-13 08:41:48 | TestSub: S9 | Epoch  3/100 Finsh | Now_lr 0.0005/0.0005 | Train Loss 0.6900 | Valid Loss 0.6883 | Train Acc 53.8281 | Valid Acc 52.3438
2026-07-13 08:41:48 | Validation loss decreased (0.690180 --> 0.688291) in epoch (3). Saving model ...
2026-07-13 08:41:48 | TestSub: S9 | Epoch  4/100 Finsh | Now_lr 0.0005/0.0005 | Train Loss 0.6836 | Valid Loss 0.6866 | Train Acc 54.3750 | Valid Acc 52.3438
2026-07-13 08:41:48 | Validation loss decreased (0.688291 --> 0.686562) in epoch (4). Saving model ...
2026-07-13 08:41:49 | TestSub: S9 | Epoch  5/100 Finsh | Now_lr 0.0005/0.0005 | Train Loss 0.6797 | Valid Loss 0.6850 | Train Acc 57.4219 | Valid Acc 56.2500
2026-07-13 08:41:49 | Validation loss decreased (0.686562 --> 0.684967) in epoch (5). Saving model ...
2026-07-13 08:41:49 | TestSub: S9 | Epoch  6/100 Finsh | Now_lr 0.0005/0.0005 | Train Loss 0.6761 | Valid Loss 0.6802 | Train Acc 58.5938 | Valid Acc 57.8125
2026-07-13 08:41:49 | Validation loss decreased (0.684967 --> 0.680201) in epoch (6). Saving model ...
2026-07-13 08:41:50 | TestSub: S9 | Epoch  7/100 Finsh | Now_lr 0.0005/0.0005 | Train Loss 0.6678 | Valid Loss 0.6790 | Train Acc 61.3281 | Valid Acc 62.5000
2026-07-13 08:41:50 | Validation loss decreased (0.680201 --> 0.678979) in epoch (7). Saving model ...
2026-07-13 08:41:50 | TestSub: S9 | Epoch  8/100 Finsh | Now_lr 0.0005/0.0005 | Train Loss 0.6663 | Valid Loss 0.6752 | Train Acc 61.7969 | Valid Acc 62.5000
2026-07-13 08:41:50 | Validation loss decreased (0.678979 --> 0.675213) in epoch (8). Saving model ...
2026-07-13 08:41:51 | TestSub: S9 | Epoch  9/100 Finsh | Now_lr 0.0005/0.0005 | Train Loss 0.6556 | Valid Loss 0.6726 | Train Acc 65.2344 | Valid Acc 66.4062
2026-07-13 08:41:51 | Validation loss decreased (0.675213 --> 0.672614) in epoch (9). Saving model ...
2026-07-13 08:41:51 | TestSub: S9 | Epoch 10/100 Finsh | Now_lr 0.0005/0.0005 | Train Loss 0.6495 | Valid Loss 0.6663 | Train Acc 67.5000 | Valid Acc 65.6250
2026-07-13 08:41:51 | Validation loss decreased (0.672614 --> 0.666322) in epoch (10). Saving model ...
2026-07-13 08:41:52 | TestSub: S9 | Epoch 11/100 Finsh | Now_lr 0.0005/0.0005 | Train Loss 0.6391 | Valid Loss 0.6601 | Train Acc 68.9062 | Valid Acc 67.9688
2026-07-13 08:41:52 | Validation loss decreased (0.666322 --> 0.660148) in epoch (11). Saving model ...
2026-07-13 08:41:52 | TestSub: S9 | Epoch 12/100 Finsh | Now_lr 0.0005/0.0005 | Train Loss 0.6317 | Valid Loss 0.6564 | Train Acc 68.3594 | Valid Acc 69.5312
2026-07-13 08:41:52 | Validation loss decreased (0.660148 --> 0.656438) in epoch (12). Saving model ...
2026-07-13 08:41:53 | TestSub: S9 | Epoch 13/100 Finsh | Now_lr 0.0005/0.0005 | Train Loss 0.6253 | Valid Loss 0.6529 | Train Acc 69.9219 | Valid Acc 67.1875
2026-07-13 08:41:53 | Validation loss decreased (0.656438 --> 0.652943) in epoch (13). Saving model ...
2026-07-13 08:41:54 | TestSub: S9 | Epoch 14/100 Finsh | Now_lr 0.0005/0.0005 | Train Loss 0.6218 | Valid Loss 0.6435 | Train Acc 70.2344 | Valid Acc 71.0938
2026-07-13 08:41:54 | Validation loss decreased (0.652943 --> 0.643550) in epoch (14). Saving model ...
2026-07-13 08:41:54 | TestSub: S9 | Epoch 15/100 Finsh | Now_lr 0.0005/0.0005 | Train Loss 0.6051 | Valid Loss 0.6385 | Train Acc 72.1094 | Valid Acc 70.3125
2026-07-13 08:41:54 | Validation loss decreased (0.643550 --> 0.638485) in epoch (15). Saving model ...
2026-07-13 08:41:54 | TestSub: S9 | Epoch 16/100 Finsh | Now_lr 0.0005/0.0005 | Train Loss 0.6053 | Valid Loss 0.6344 | Train Acc 72.6562 | Valid Acc 70.3125
2026-07-13 08:41:54 | Validation loss decreased (0.638485 --> 0.634417) in epoch (16). Saving model ...
2026-07-13 08:41:55 | TestSub: S9 | Epoch 17/100 Finsh | Now_lr 0.0005/0.0005 | Train Loss 0.5890 | Valid Loss 0.6312 | Train Acc 73.2812 | Valid Acc 70.3125
2026-07-13 08:41:55 | Validation loss decreased (0.634417 --> 0.631197) in epoch (17). Saving model ...
2026-07-13 08:41:55 | TestSub: S9 | Epoch 18/100 Finsh | Now_lr 0.0005/0.0005 | Train Loss 0.5814 | Valid Loss 0.6250 | Train Acc 75.7031 | Valid Acc 75.0000
2026-07-13 08:41:55 | Validation loss decreased (0.631197 --> 0.624989) in epoch (18). Saving model ...
2026-07-13 08:41:56 | TestSub: S9 | Epoch 19/100 Finsh | Now_lr 0.0005/0.0005 | Train Loss 0.5642 | Valid Loss 0.6199 | Train Acc 77.1875 | Valid Acc 74.2188
2026-07-13 08:41:56 | Validation loss decreased (0.624989 --> 0.619905) in epoch (19). Saving model ...
2026-07-13 08:41:56 | TestSub: S9 | Epoch 20/100 Finsh | Now_lr 0.0005/0.0005 | Train Loss 0.5587 | Valid Loss 0.6084 | Train Acc 76.0156 | Valid Acc 67.9688
2026-07-13 08:41:56 | Validation loss decreased (0.619905 --> 0.608373) in epoch (20). Saving model ...
2026-07-13 08:41:57 | TestSub: S9 | Epoch 21/100 Finsh | Now_lr 0.0005/0.0005 | Train Loss 0.5499 | Valid Loss 0.6075 | Train Acc 77.3438 | Valid Acc 71.8750
2026-07-13 08:41:57 | Validation loss decreased (0.608373 --> 0.607534) in epoch (21). Saving model ...
2026-07-13 08:41:58 | TestSub: S9 | Epoch 22/100 Finsh | Now_lr 0.0005/0.0005 | Train Loss 0.5397 | Valid Loss 0.6036 | Train Acc 78.0469 | Valid Acc 71.0938
2026-07-13 08:41:58 | Validation loss decreased (0.607534 --> 0.603612) in epoch (22). Saving model ...
2026-07-13 08:41:58 | TestSub: S9 | Epoch 23/100 Finsh | Now_lr 0.0005/0.0005 | Train Loss 0.5282 | Valid Loss 0.6023 | Train Acc 78.7500 | Valid Acc 71.8750
2026-07-13 08:41:58 | Validation loss decreased (0.603612 --> 0.602348) in epoch (23). Saving model ...
2026-07-13 08:41:59 | TestSub: S9 | Epoch 24/100 Finsh | Now_lr 0.0005/0.0005 | Train Loss 0.5298 | Valid Loss 0.5891 | Train Acc 77.7344 | Valid Acc 76.5625
2026-07-13 08:41:59 | Validation loss decreased (0.602348 --> 0.589088) in epoch (24). Saving model ...
2026-07-13 08:41:59 | TestSub: S9 | Epoch 25/100 Finsh | Now_lr 0.0005/0.0005 | Train Loss 0.5194 | Valid Loss 0.5789 | Train Acc 80.0000 | Valid Acc 76.5625
2026-07-13 08:41:59 | Validation loss decreased (0.589088 --> 0.578896) in epoch (25). Saving model ...
2026-07-13 08:42:00 | TestSub: S9 | Epoch 26/100 Finsh | Now_lr 0.0005/0.0005 | Train Loss 0.5087 | Valid Loss 0.5721 | Train Acc 81.7188 | Valid Acc 75.0000
2026-07-13 08:42:00 | Validation loss decreased (0.578896 --> 0.572089) in epoch (26). Saving model ...
2026-07-13 08:42:00 | TestSub: S9 | Epoch 27/100 Finsh | Now_lr 0.0005/0.0005 | Train Loss 0.4900 | Valid Loss 0.5626 | Train Acc 80.3125 | Valid Acc 79.6875
2026-07-13 08:42:00 | Validation loss decreased (0.572089 --> 0.562631) in epoch (27). Saving model ...
2026-07-13 08:42:00 | TestSub: S9 | Epoch 28/100 Finsh | Now_lr 0.0005/0.0005 | Train Loss 0.4852 | Valid Loss 0.5516 | Train Acc 80.3125 | Valid Acc 78.1250
2026-07-13 08:42:00 | Validation loss decreased (0.562631 --> 0.551629) in epoch (28). Saving model ...
2026-07-13 08:42:01 | TestSub: S9 | Epoch 29/100 Finsh | Now_lr 0.0005/0.0005 | Train Loss 0.4786 | Valid Loss 0.5440 | Train Acc 83.0469 | Valid Acc 78.9062
2026-07-13 08:42:01 | Validation loss decreased (0.551629 --> 0.544037) in epoch (29). Saving model ...
2026-07-13 08:42:01 | TestSub: S9 | Epoch 30/100 Finsh | Now_lr 0.0005/0.0005 | Train Loss 0.4779 | Valid Loss 0.5394 | Train Acc 82.3438 | Valid Acc 78.9062
2026-07-13 08:42:01 | Validation loss decreased (0.544037 --> 0.539443) in epoch (30). Saving model ...
2026-07-13 08:42:02 | TestSub: S9 | Epoch 31/100 Finsh | Now_lr 0.0005/0.0005 | Train Loss 0.4722 | Valid Loss 0.5366 | Train Acc 81.4062 | Valid Acc 78.9062
2026-07-13 08:42:02 | Validation loss decreased (0.539443 --> 0.536649) in epoch (31). Saving model ...
2026-07-13 08:42:02 | TestSub: S9 | Epoch 32/100 Finsh | Now_lr 0.0005/0.0005 | Train Loss 0.4599 | Valid Loss 0.5171 | Train Acc 83.0469 | Valid Acc 82.0312
2026-07-13 08:42:02 | Validation loss decreased (0.536649 --> 0.517091) in epoch (32). Saving model ...
2026-07-13 08:42:03 | TestSub: S9 | Epoch 33/100 Finsh | Now_lr 0.0005/0.0005 | Train Loss 0.4617 | Valid Loss 0.5109 | Train Acc 82.4219 | Valid Acc 83.5938
2026-07-13 08:42:03 | Validation loss decreased (0.517091 --> 0.510939) in epoch (33). Saving model ...
2026-07-13 08:42:04 | TestSub: S9 | Epoch 34/100 Finsh | Now_lr 0.0005/0.0005 | Train Loss 0.4393 | Valid Loss 0.5076 | Train Acc 83.7500 | Valid Acc 82.8125
2026-07-13 08:42:04 | Validation loss decreased (0.510939 --> 0.507636) in epoch (34). Saving model ...
2026-07-13 08:42:04 | TestSub: S9 | Epoch 35/100 Finsh | Now_lr 0.0005/0.0005 | Train Loss 0.4351 | Valid Loss 0.4954 | Train Acc 84.0625 | Valid Acc 82.0312
2026-07-13 08:42:04 | Validation loss decreased (0.507636 --> 0.495444) in epoch (35). Saving model ...
2026-07-13 08:42:05 | TestSub: S9 | Epoch 36/100 Finsh | Now_lr 0.0005/0.0005 | Train Loss 0.4148 | Valid Loss 0.4875 | Train Acc 85.7031 | Valid Acc 86.7188
2026-07-13 08:42:05 | Validation loss decreased (0.495444 --> 0.487523) in epoch (36). Saving model ...
2026-07-13 08:42:05 | TestSub: S9 | Epoch 37/100 Finsh | Now_lr 0.0005/0.0005 | Train Loss 0.4170 | Valid Loss 0.4853 | Train Acc 84.8438 | Valid Acc 83.5938
2026-07-13 08:42:05 | Validation loss decreased (0.487523 --> 0.485296) in epoch (37). Saving model ...
2026-07-13 08:42:06 | TestSub: S9 | Epoch 38/100 Finsh | Now_lr 0.0005/0.0005 | Train Loss 0.4032 | Valid Loss 0.4768 | Train Acc 85.8594 | Valid Acc 87.5000
2026-07-13 08:42:06 | Validation loss decreased (0.485296 --> 0.476839) in epoch (38). Saving model ...
2026-07-13 08:42:06 | TestSub: S9 | Epoch 39/100 Finsh | Now_lr 0.0005/0.0005 | Train Loss 0.4221 | Valid Loss 0.4693 | Train Acc 83.9062 | Valid Acc 84.3750
2026-07-13 08:42:06 | Validation loss decreased (0.476839 --> 0.469279) in epoch (39). Saving model ...
2026-07-13 08:42:06 | TestSub: S9 | Epoch 40/100 Finsh | Now_lr 0.0005/0.0005 | Train Loss 0.4009 | Valid Loss 0.4656 | Train Acc 85.4688 | Valid Acc 83.5938
2026-07-13 08:42:06 | Validation loss decreased (0.469279 --> 0.465622) in epoch (40). Saving model ...
2026-07-13 08:42:07 | TestSub: S9 | Epoch 41/100 Finsh | Now_lr 0.0005/0.0005 | Train Loss 0.3887 | Valid Loss 0.4716 | Train Acc 85.6250 | Valid Acc 85.1562
2026-07-13 08:42:07 | TestSub: S9 | Epoch 42/100 Finsh | Now_lr 0.0005/0.0005 | Train Loss 0.4034 | Valid Loss 0.4623 | Train Acc 84.1406 | Valid Acc 84.3750
2026-07-13 08:42:07 | Validation loss decreased (0.465622 --> 0.462294) in epoch (42). Saving model ...
2026-07-13 08:42:08 | TestSub: S9 | Epoch 43/100 Finsh | Now_lr 0.0005/0.0005 | Train Loss 0.3883 | Valid Loss 0.4570 | Train Acc 84.9219 | Valid Acc 82.8125
2026-07-13 08:42:08 | Validation loss decreased (0.462294 --> 0.457028) in epoch (43). Saving model ...
2026-07-13 08:42:08 | TestSub: S9 | Epoch 44/100 Finsh | Now_lr 0.0005/0.0005 | Train Loss 0.3864 | Valid Loss 0.4443 | Train Acc 86.1719 | Valid Acc 85.1562
2026-07-13 08:42:08 | Validation loss decreased (0.457028 --> 0.444299) in epoch (44). Saving model ...
2026-07-13 08:42:09 | TestSub: S9 | Epoch 45/100 Finsh | Now_lr 0.0005/0.0005 | Train Loss 0.3674 | Valid Loss 0.4321 | Train Acc 87.5781 | Valid Acc 83.5938
2026-07-13 08:42:09 | Validation loss decreased (0.444299 --> 0.432096) in epoch (45). Saving model ...
2026-07-13 08:42:09 | TestSub: S9 | Epoch 46/100 Finsh | Now_lr 0.0005/0.0005 | Train Loss 0.3655 | Valid Loss 0.4347 | Train Acc 86.4062 | Valid Acc 81.2500
2026-07-13 08:42:10 | TestSub: S9 | Epoch 47/100 Finsh | Now_lr 0.0005/0.0005 | Train Loss 0.3701 | Valid Loss 0.4299 | Train Acc 85.4688 | Valid Acc 85.9375
2026-07-13 08:42:10 | Validation loss decreased (0.432096 --> 0.429855) in epoch (47). Saving model ...
2026-07-13 08:42:10 | TestSub: S9 | Epoch 48/100 Finsh | Now_lr 0.0005/0.0005 | Train Loss 0.3597 | Valid Loss 0.4292 | Train Acc 86.1719 | Valid Acc 85.1562
2026-07-13 08:42:10 | Validation loss decreased (0.429855 --> 0.429189) in epoch (48). Saving model ...
2026-07-13 08:42:11 | TestSub: S9 | Epoch 49/100 Finsh | Now_lr 0.0005/0.0005 | Train Loss 0.3605 | Valid Loss 0.4101 | Train Acc 86.0156 | Valid Acc 85.1562
2026-07-13 08:42:11 | Validation loss decreased (0.429189 --> 0.410136) in epoch (49). Saving model ...
2026-07-13 08:42:11 | TestSub: S9 | Epoch 50/100 Finsh | Now_lr 0.0005/0.0005 | Train Loss 0.3444 | Valid Loss 0.4164 | Train Acc 88.2812 | Valid Acc 86.7188
2026-07-13 08:42:12 | TestSub: S9 | Epoch 51/100 Finsh | Now_lr 0.0005/0.0005 | Train Loss 0.3484 | Valid Loss 0.4148 | Train Acc 87.7344 | Valid Acc 85.9375
2026-07-13 08:42:12 | TestSub: S9 | Epoch 52/100 Finsh | Now_lr 0.0005/0.0005 | Train Loss 0.3433 | Valid Loss 0.4032 | Train Acc 87.6562 | Valid Acc 88.2812
2026-07-13 08:42:12 | Validation loss decreased (0.410136 --> 0.403187) in epoch (52). Saving model ...
2026-07-13 08:42:13 | TestSub: S9 | Epoch 53/100 Finsh | Now_lr 0.0005/0.0005 | Train Loss 0.3351 | Valid Loss 0.4002 | Train Acc 87.9688 | Valid Acc 89.0625
2026-07-13 08:42:13 | Validation loss decreased (0.403187 --> 0.400168) in epoch (53). Saving model ...
2026-07-13 08:42:13 | TestSub: S9 | Epoch 54/100 Finsh | Now_lr 0.0005/0.0005 | Train Loss 0.3387 | Valid Loss 0.4019 | Train Acc 87.5000 | Valid Acc 86.7188
2026-07-13 08:42:14 | TestSub: S9 | Epoch 55/100 Finsh | Now_lr 0.0005/0.0005 | Train Loss 0.3298 | Valid Loss 0.3920 | Train Acc 87.8125 | Valid Acc 89.0625
2026-07-13 08:42:14 | Validation loss decreased (0.400168 --> 0.391963) in epoch (55). Saving model ...
2026-07-13 08:42:14 | TestSub: S9 | Epoch 56/100 Finsh | Now_lr 0.0005/0.0005 | Train Loss 0.3295 | Valid Loss 0.4079 | Train Acc 88.5938 | Valid Acc 85.9375
2026-07-13 08:42:14 | TestSub: S9 | Epoch 57/100 Finsh | Now_lr 0.0005/0.0005 | Train Loss 0.3437 | Valid Loss 0.4013 | Train Acc 86.2500 | Valid Acc 85.9375
2026-07-13 08:42:15 | TestSub: S9 | Epoch 58/100 Finsh | Now_lr 0.0005/0.0005 | Train Loss 0.3324 | Valid Loss 0.3723 | Train Acc 87.8906 | Valid Acc 88.2812
2026-07-13 08:42:15 | Validation loss decreased (0.391963 --> 0.372325) in epoch (58). Saving model ...
2026-07-13 08:42:15 | TestSub: S9 | Epoch 59/100 Finsh | Now_lr 0.0005/0.0005 | Train Loss 0.3321 | Valid Loss 0.3629 | Train Acc 88.5156 | Valid Acc 88.2812
2026-07-13 08:42:15 | Validation loss decreased (0.372325 --> 0.362894) in epoch (59). Saving model ...
2026-07-13 08:42:16 | TestSub: S9 | Epoch 60/100 Finsh | Now_lr 0.0005/0.0005 | Train Loss 0.3230 | Valid Loss 0.3701 | Train Acc 88.1250 | Valid Acc 90.6250
2026-07-13 08:42:16 | TestSub: S9 | Epoch 61/100 Finsh | Now_lr 0.0005/0.0005 | Train Loss 0.3194 | Valid Loss 0.3653 | Train Acc 88.2812 | Valid Acc 88.2812
2026-07-13 08:42:17 | TestSub: S9 | Epoch 62/100 Finsh | Now_lr 0.0005/0.0005 | Train Loss 0.3171 | Valid Loss 0.3676 | Train Acc 87.9688 | Valid Acc 88.2812
2026-07-13 08:42:17 | TestSub: S9 | Epoch 63/100 Finsh | Now_lr 0.0005/0.0005 | Train Loss 0.3237 | Valid Loss 0.3686 | Train Acc 88.5156 | Valid Acc 86.7188
2026-07-13 08:42:18 | TestSub: S9 | Epoch 64/100 Finsh | Now_lr 0.0005/0.0005 | Train Loss 0.3145 | Valid Loss 0.3676 | Train Acc 87.6562 | Valid Acc 85.9375
2026-07-13 08:42:18 | TestSub: S9 | Epoch 65/100 Finsh | Now_lr 0.0005/0.0005 | Train Loss 0.3084 | Valid Loss 0.3556 | Train Acc 89.2969 | Valid Acc 88.2812
2026-07-13 08:42:18 | Validation loss decreased (0.362894 --> 0.355624) in epoch (65). Saving model ...
2026-07-13 08:42:19 | TestSub: S9 | Epoch 66/100 Finsh | Now_lr 0.0005/0.0005 | Train Loss 0.3010 | Valid Loss 0.3605 | Train Acc 89.5312 | Valid Acc 85.9375
2026-07-13 08:42:19 | TestSub: S9 | Epoch 67/100 Finsh | Now_lr 0.0005/0.0005 | Train Loss 0.3031 | Valid Loss 0.3486 | Train Acc 89.9219 | Valid Acc 89.8438
2026-07-13 08:42:19 | Validation loss decreased (0.355624 --> 0.348572) in epoch (67). Saving model ...
2026-07-13 08:42:19 | TestSub: S9 | Epoch 68/100 Finsh | Now_lr 0.0005/0.0005 | Train Loss 0.3118 | Valid Loss 0.3461 | Train Acc 88.4375 | Valid Acc 89.0625
2026-07-13 08:42:19 | Validation loss decreased (0.348572 --> 0.346062) in epoch (68). Saving model ...
2026-07-13 08:42:20 | TestSub: S9 | Epoch 69/100 Finsh | Now_lr 0.0005/0.0005 | Train Loss 0.2931 | Valid Loss 0.3414 | Train Acc 89.0625 | Valid Acc 91.4062
2026-07-13 08:42:20 | Validation loss decreased (0.346062 --> 0.341399) in epoch (69). Saving model ...
2026-07-13 08:42:20 | TestSub: S9 | Epoch 70/100 Finsh | Now_lr 0.0005/0.0005 | Train Loss 0.2974 | Valid Loss 0.3444 | Train Acc 89.4531 | Valid Acc 91.4062
2026-07-13 08:42:21 | TestSub: S9 | Epoch 71/100 Finsh | Now_lr 0.0005/0.0005 | Train Loss 0.2950 | Valid Loss 0.3474 | Train Acc 88.8281 | Valid Acc 89.8438
2026-07-13 08:42:21 | TestSub: S9 | Epoch 72/100 Finsh | Now_lr 0.0005/0.0005 | Train Loss 0.2978 | Valid Loss 0.3482 | Train Acc 88.5156 | Valid Acc 90.6250
2026-07-13 08:42:22 | TestSub: S9 | Epoch 73/100 Finsh | Now_lr 0.0005/0.0005 | Train Loss 0.2914 | Valid Loss 0.3318 | Train Acc 89.4531 | Valid Acc 89.8438
2026-07-13 08:42:22 | Validation loss decreased (0.341399 --> 0.331831) in epoch (73). Saving model ...
2026-07-13 08:42:22 | TestSub: S9 | Epoch 74/100 Finsh | Now_lr 0.0005/0.0005 | Train Loss 0.3004 | Valid Loss 0.3459 | Train Acc 89.6875 | Valid Acc 89.8438
2026-07-13 08:42:23 | TestSub: S9 | Epoch 75/100 Finsh | Now_lr 0.0005/0.0005 | Train Loss 0.2761 | Valid Loss 0.3316 | Train Acc 89.9219 | Valid Acc 89.8438
2026-07-13 08:42:23 | Validation loss decreased (0.331831 --> 0.331552) in epoch (75). Saving model ...
2026-07-13 08:42:23 | TestSub: S9 | Epoch 76/100 Finsh | Now_lr 0.0005/0.0005 | Train Loss 0.2944 | Valid Loss 0.3409 | Train Acc 89.6875 | Valid Acc 86.7188
2026-07-13 08:42:24 | TestSub: S9 | Epoch 77/100 Finsh | Now_lr 0.0005/0.0005 | Train Loss 0.2711 | Valid Loss 0.3326 | Train Acc 91.0156 | Valid Acc 89.8438
2026-07-13 08:42:24 | TestSub: S9 | Epoch 78/100 Finsh | Now_lr 0.0005/0.0005 | Train Loss 0.2711 | Valid Loss 0.3346 | Train Acc 91.0938 | Valid Acc 88.2812
2026-07-13 08:42:25 | TestSub: S9 | Epoch 79/100 Finsh | Now_lr 0.0005/0.0005 | Train Loss 0.2812 | Valid Loss 0.3314 | Train Acc 90.3125 | Valid Acc 90.6250
2026-07-13 08:42:25 | Validation loss decreased (0.331552 --> 0.331350) in epoch (79). Saving model ...
2026-07-13 08:42:25 | TestSub: S9 | Epoch 80/100 Finsh | Now_lr 0.0005/0.0005 | Train Loss 0.2925 | Valid Loss 0.3305 | Train Acc 89.6875 | Valid Acc 89.0625
2026-07-13 08:42:25 | Validation loss decreased (0.331350 --> 0.330539) in epoch (80). Saving model ...
2026-07-13 08:42:26 | TestSub: S9 | Epoch 81/100 Finsh | Now_lr 0.0005/0.0005 | Train Loss 0.2801 | Valid Loss 0.3272 | Train Acc 89.5312 | Valid Acc 90.6250
2026-07-13 08:42:26 | Validation loss decreased (0.330539 --> 0.327193) in epoch (81). Saving model ...
2026-07-13 08:42:26 | TestSub: S9 | Epoch 82/100 Finsh | Now_lr 0.0005/0.0005 | Train Loss 0.2808 | Valid Loss 0.3234 | Train Acc 89.6094 | Valid Acc 92.9688
2026-07-13 08:42:26 | Validation loss decreased (0.327193 --> 0.323432) in epoch (82). Saving model ...
2026-07-13 08:42:27 | TestSub: S9 | Epoch 83/100 Finsh | Now_lr 0.0005/0.0005 | Train Loss 0.2806 | Valid Loss 0.3212 | Train Acc 90.0000 | Valid Acc 91.4062
2026-07-13 08:42:27 | Validation loss decreased (0.323432 --> 0.321213) in epoch (83). Saving model ...
2026-07-13 08:42:27 | TestSub: S9 | Epoch 84/100 Finsh | Now_lr 0.0005/0.0005 | Train Loss 0.2649 | Valid Loss 0.3165 | Train Acc 91.5625 | Valid Acc 90.6250
2026-07-13 08:42:27 | Validation loss decreased (0.321213 --> 0.316472) in epoch (84). Saving model ...
2026-07-13 08:42:28 | TestSub: S9 | Epoch 85/100 Finsh | Now_lr 0.0005/0.0005 | Train Loss 0.2816 | Valid Loss 0.3143 | Train Acc 90.8594 | Valid Acc 87.5000
2026-07-13 08:42:28 | Validation loss decreased (0.316472 --> 0.314275) in epoch (85). Saving model ...
2026-07-13 08:42:28 | TestSub: S9 | Epoch 86/100 Finsh | Now_lr 0.0005/0.0005 | Train Loss 0.2734 | Valid Loss 0.3128 | Train Acc 90.0000 | Valid Acc 92.1875
2026-07-13 08:42:28 | Validation loss decreased (0.314275 --> 0.312825) in epoch (86). Saving model ...
2026-07-13 08:42:29 | TestSub: S9 | Epoch 87/100 Finsh | Now_lr 0.0005/0.0005 | Train Loss 0.2585 | Valid Loss 0.3143 | Train Acc 91.2500 | Valid Acc 92.9688
2026-07-13 08:42:29 | TestSub: S9 | Epoch 88/100 Finsh | Now_lr 0.0005/0.0005 | Train Loss 0.2764 | Valid Loss 0.3113 | Train Acc 90.2344 | Valid Acc 90.6250
2026-07-13 08:42:29 | Validation loss decreased (0.312825 --> 0.311254) in epoch (88). Saving model ...
2026-07-13 08:42:30 | TestSub: S9 | Epoch 89/100 Finsh | Now_lr 0.0005/0.0005 | Train Loss 0.2643 | Valid Loss 0.3089 | Train Acc 90.9375 | Valid Acc 89.0625
2026-07-13 08:42:30 | Validation loss decreased (0.311254 --> 0.308911) in epoch (89). Saving model ...
2026-07-13 08:42:30 | TestSub: S9 | Epoch 90/100 Finsh | Now_lr 0.0005/0.0005 | Train Loss 0.2627 | Valid Loss 0.3071 | Train Acc 90.2344 | Valid Acc 91.4062
2026-07-13 08:42:30 | Validation loss decreased (0.308911 --> 0.307125) in epoch (90). Saving model ...
2026-07-13 08:42:31 | TestSub: S9 | Epoch 91/100 Finsh | Now_lr 0.0005/0.0005 | Train Loss 0.2586 | Valid Loss 0.3047 | Train Acc 91.3281 | Valid Acc 92.1875
2026-07-13 08:42:31 | Validation loss decreased (0.307125 --> 0.304736) in epoch (91). Saving model ...
2026-07-13 08:42:31 | TestSub: S9 | Epoch 92/100 Finsh | Now_lr 0.0005/0.0005 | Train Loss 0.2539 | Valid Loss 0.2951 | Train Acc 91.3281 | Valid Acc 92.1875
2026-07-13 08:42:31 | Validation loss decreased (0.304736 --> 0.295113) in epoch (92). Saving model ...
2026-07-13 08:42:32 | TestSub: S9 | Epoch 93/100 Finsh | Now_lr 0.0005/0.0005 | Train Loss 0.2844 | Valid Loss 0.2969 | Train Acc 88.4375 | Valid Acc 89.8438
2026-07-13 08:42:32 | TestSub: S9 | Epoch 94/100 Finsh | Now_lr 0.0005/0.0005 | Train Loss 0.2600 | Valid Loss 0.2958 | Train Acc 91.1719 | Valid Acc 92.1875
2026-07-13 08:42:33 | TestSub: S9 | Epoch 95/100 Finsh | Now_lr 0.0005/0.0005 | Train Loss 0.2417 | Valid Loss 0.2930 | Train Acc 91.8750 | Valid Acc 90.6250
2026-07-13 08:42:33 | Validation loss decreased (0.295113 --> 0.292994) in epoch (95). Saving model ...
2026-07-13 08:42:33 | TestSub: S9 | Epoch 96/100 Finsh | Now_lr 0.0005/0.0005 | Train Loss 0.2431 | Valid Loss 0.3000 | Train Acc 90.9375 | Valid Acc 90.6250
2026-07-13 08:42:34 | TestSub: S9 | Epoch 97/100 Finsh | Now_lr 0.0005/0.0005 | Train Loss 0.2562 | Valid Loss 0.2873 | Train Acc 90.7812 | Valid Acc 90.6250
2026-07-13 08:42:34 | Validation loss decreased (0.292994 --> 0.287317) in epoch (97). Saving model ...
2026-07-13 08:42:34 | TestSub: S9 | Epoch 98/100 Finsh | Now_lr 0.0005/0.0005 | Train Loss 0.2511 | Valid Loss 0.2907 | Train Acc 91.4844 | Valid Acc 90.6250
2026-07-13 08:42:34 | TestSub: S9 | Epoch 99/100 Finsh | Now_lr 0.0005/0.0005 | Train Loss 0.2544 | Valid Loss 0.2910 | Train Acc 90.7031 | Valid Acc 89.0625
2026-07-13 08:42:35 | TestSub: S9 | Epoch 100/100 Finsh | Now_lr 0.0005/0.0005 | Train Loss 0.2436 | Valid Loss 0.2945 | Train Acc 91.9531 | Valid Acc 90.6250
2026-07-13 08:42:35 | --------------------------------------------------
2026-07-13 08:42:35 | Test_Subject :S9 | Best epoch:97 | Test Loss:0.3708 | Savemodel Acc 87.5000
2026-07-13 08:42:35 | --------------------------------------------------
2026-07-13 08:42:35 | Best epoch: 97 | Test acc: 87.5000
